2026-08-22 14:04:52 - INFO - Using device: cuda
2026-08-22 14:04:52 - INFO - Run started | Run: samu_unixcoder | Method: transfer_none | Phase: phase2 | Fold: 4 | Seed: 42 | Device: cuda
2026-08-22 14:04:52 - INFO - Loading Python training data: data/sven_python_folds_norm/fold4/train.jsonl
2026-08-22 14:04:52 - INFO - Loading Python validation data: data/sven_python_folds_norm/fold4/val.jsonl
2026-08-22 14:04:52 - INFO - Data split: python_train | Total: 456 | Labels: {0: 225, 1: 231} | CWEs: {'CWE-022': 42, 'CWE-078': 119, 'CWE-079': 53, 'CWE-089': 242} | Languages: {'python': 456} | Invalid CWE: 0
2026-08-22 14:04:52 - INFO - Data split: python_val | Total: 152 | Labels: {0: 72, 1: 80} | CWEs: {'CWE-022': 13, 'CWE-078': 44, 'CWE-079': 16, 'CWE-089': 79} | Languages: {'python': 152} | Invalid CWE: 0
2026-08-22 14:04:53 - INFO - Auxiliary head width taken from checkpoint: 4
2026-08-22 14:04:54 - INFO - Loaded source checkpoint: model/samu_unixcoder/transfer_none/seed_42/source/best.pt | Best epoch: 11 | Best Val Macro-F1: 0.691228
2026-08-22 14:04:54 - INFO - RecAdam schedule | Total steps: 870 | Steps/epoch: 29 | Anneal t0: 43 | Weights: {1: 0.10909682119561293, 29: 0.3318122278318339, 43: 0.5, 870: 1.0}
2026-08-22 14:04:54 - INFO - Environment: {"components": {"backbone": {"frozen": 0, "total": 125929728, "trainable": 125929728}, "vul_head": {"frozen": 0, "total": 1538, "trainable": 1538}}, "cuda": "12.8", "fold": 4, "frozen_parameters": 0, "gpu": "NVIDIA GeForce RTX 5070 Ti", "hyperparameters": {"anneal_fun": "sigmoid", "anneal_k": 0.05, "anneal_t0_ratio": 0.05, "anneal_w": 1.0, "aux_mode": "none", "batch_size": 16, "checkpoint_path": "model/samu_unixcoder/transfer_none/seed_42/fold4/best.pt", "cwe_vocab": "fixed4", "data_path": "data/train_ccpp_filtered.jsonl", "data_root": "data/sven_python_folds_norm", "epochs": 30, "eval_batch_size": 16, "fold": 4, "freeze_backbone_layers": 0, "freeze_prototypes_steps": 0, "lambda_cwe": 0.2, "latent_temperature": 0.1, "learning_rate": 2e-05, "lora_rank": 0, "lp_epochs": 0, "lp_learning_rate": 0.001, "max_eval_samples": null, "max_grad_norm": 1.0, "max_length": 512, "max_train_samples": null, "method_name": "transfer_none", "min_epochs": 3, "model_name": "microsoft/unixcoder-base", "num_cwes": 4, "num_latent": 8, "num_workers": 0, "output_dir": "results/samu_unixcoder/transfer_none", "patience": 5, "phase": "phase2", "phase2_optimizer": "recadam", "pooling": "cls", "pretrain_cof": 5000.0, "recadam_anchor": "source", "result_path": "results/samu_unixcoder/transfer_none/seed_42/fold4.json", "run_name": "samu_unixcoder", "sam_rho": 0.05, "seed": 42, "selection_metric": "macro_f1", "source_checkpoint": "model/samu_unixcoder/transfer_none/seed_42/source/best.pt", "source_interpolation": 1.0, "strict_determinism": false, "target_lang": "python", "test_path": null, "train_path": null, "truncation_strategy": "head_middle_tail", "val_path": null, "weight_decay": 0.01}, "mode": "phase2_train", "model_name": "microsoft/unixcoder-base", "seed": 42, "sklearn": "1.9.0", "torch": "2.11.0+cu128", "trainable_parameters": 125931266, "transformers": "4.57.1"}
2026-08-22 14:04:54 - INFO - SAM bat | rho=0.0500 (tuyet doi, chuan L2 toan cuc) | moi buoc 2 luot forward-backward, thoi gian huan luyen ~2x
2026-08-22 14:04:54 - INFO - Training started | Phase: phase2 | Epochs: 30
2026-08-22 14:04:55 - INFO - RecAdam first-step safety checks passed
2026-08-22 14:05:10 - INFO - Epoch 1/30 | Train loss: 0.788940 | Val loss: 0.682444 | LR: 2.00e-05 | Best epoch: 1 | Patience: 0 | Train: 14.26s | Validation: 0.79s | Epoch: 15.25s | Total: 15.25s
2026-08-22 14:05:10 - INFO - RecAdam target-task weight at epoch end: 0.331812
2026-08-22 14:05:10 - INFO - [Classification Report - split=train epoch=1 - threshold=0.50]
2026-08-22 14:05:10 - INFO -                 precision    recall  f1-score   support
2026-08-22 14:05:10 - INFO - 
2026-08-22 14:05:10 - INFO -       safe (0)     0.5490    0.3733    0.4444       225
2026-08-22 14:05:10 - INFO - vulnerable (1)     0.5347    0.7013    0.6067       231
2026-08-22 14:05:10 - INFO - 
2026-08-22 14:05:10 - INFO -       accuracy                         0.5395       456
2026-08-22 14:05:10 - INFO -      macro avg     0.5418    0.5373    0.5256       456
2026-08-22 14:05:10 - INFO -   weighted avg     0.5417    0.5395    0.5267       456
2026-08-22 14:05:10 - INFO - Confusion matrix - [[tn=84, fp=141], [fn=69, tp=162]]
2026-08-22 14:05:10 - INFO - probability_positive min=0.0003 mean=0.6009 std=0.2299 max=0.9892 predicted_0=153 predicted_1=303
2026-08-22 14:05:10 - INFO - [Classification Report - split=validation epoch=1 - threshold=0.50]
2026-08-22 14:05:10 - INFO -                 precision    recall  f1-score   support
2026-08-22 14:05:10 - INFO - 
2026-08-22 14:05:10 - INFO -       safe (0)     0.6491    0.5139    0.5736        72
2026-08-22 14:05:10 - INFO - vulnerable (1)     0.6316    0.7500    0.6857        80
2026-08-22 14:05:10 - INFO - 
2026-08-22 14:05:10 - INFO -       accuracy                         0.6382       152
2026-08-22 14:05:10 - INFO -      macro avg     0.6404    0.6319    0.6297       152
2026-08-22 14:05:10 - INFO -   weighted avg     0.6399    0.6382    0.6326       152
2026-08-22 14:05:10 - INFO - Confusion matrix - [[tn=37, fp=35], [fn=20, tp=60]]
2026-08-22 14:05:10 - INFO - probability_positive min=0.0006 mean=0.5565 std=0.2127 max=0.9404 predicted_0=57 predicted_1=95
2026-08-22 14:05:10 - INFO - New best model | Macro-F1: 0.629679 | Epoch: 1
2026-08-22 14:05:25 - INFO - Epoch 2/30 | Train loss: 0.676948 | Val loss: 0.617328 | LR: 2.00e-05 | Best epoch: 2 | Patience: 0 | Train: 14.02s | Validation: 0.79s | Epoch: 15.08s | Total: 30.34s
2026-08-22 14:05:25 - INFO - RecAdam target-task weight at epoch end: 0.679179
2026-08-22 14:05:25 - INFO - [Classification Report - split=train epoch=2 - threshold=0.50]
2026-08-22 14:05:25 - INFO -                 precision    recall  f1-score   support
2026-08-22 14:05:25 - INFO - 
2026-08-22 14:05:25 - INFO -       safe (0)     0.5948    0.6133    0.6039       225
2026-08-22 14:05:25 - INFO - vulnerable (1)     0.6116    0.5931    0.6022       231
2026-08-22 14:05:25 - INFO - 
2026-08-22 14:05:25 - INFO -       accuracy                         0.6031       456
2026-08-22 14:05:25 - INFO -      macro avg     0.6032    0.6032    0.6031       456
2026-08-22 14:05:25 - INFO -   weighted avg     0.6033    0.6031    0.6031       456
2026-08-22 14:05:25 - INFO - Confusion matrix - [[tn=138, fp=87], [fn=94, tp=137]]
2026-08-22 14:05:25 - INFO - probability_positive min=0.0012 mean=0.4959 std=0.1856 max=0.9486 predicted_0=232 predicted_1=224
2026-08-22 14:05:25 - INFO - [Classification Report - split=validation epoch=2 - threshold=0.50]
2026-08-22 14:05:25 - INFO -                 precision    recall  f1-score   support
2026-08-22 14:05:25 - INFO - 
2026-08-22 14:05:25 - INFO -       safe (0)     0.6909    0.5278    0.5984        72
2026-08-22 14:05:25 - INFO - vulnerable (1)     0.6495    0.7875    0.7119        80
2026-08-22 14:05:25 - INFO - 
2026-08-22 14:05:25 - INFO -       accuracy                         0.6645       152
2026-08-22 14:05:25 - INFO -      macro avg     0.6702    0.6576    0.6551       152
2026-08-22 14:05:25 - INFO -   weighted avg     0.6691    0.6645    0.6581       152
2026-08-22 14:05:25 - INFO - Confusion matrix - [[tn=38, fp=34], [fn=17, tp=63]]
2026-08-22 14:05:25 - INFO - probability_positive min=0.0046 mean=0.5360 std=0.1643 max=0.8672 predicted_0=55 predicted_1=97
2026-08-22 14:05:25 - INFO - New best model | Macro-F1: 0.655145 | Epoch: 2
2026-08-22 14:05:40 - INFO - Epoch 3/30 | Train loss: 0.643257 | Val loss: 0.556794 | LR: 2.00e-05 | Best epoch: 3 | Patience: 0 | Train: 14.02s | Validation: 0.79s | Epoch: 15.08s | Total: 45.43s
2026-08-22 14:05:40 - INFO - RecAdam target-task weight at epoch end: 0.900250
2026-08-22 14:05:40 - INFO - [Classification Report - split=train epoch=3 - threshold=0.50]
2026-08-22 14:05:40 - INFO -                 precision    recall  f1-score   support
2026-08-22 14:05:40 - INFO - 
2026-08-22 14:05:40 - INFO -       safe (0)     0.6073    0.6667    0.6356       225
2026-08-22 14:05:40 - INFO - vulnerable (1)     0.6411    0.5801    0.6091       231
2026-08-22 14:05:40 - INFO - 
2026-08-22 14:05:40 - INFO -       accuracy                         0.6228       456
2026-08-22 14:05:40 - INFO -      macro avg     0.6242    0.6234    0.6223       456
2026-08-22 14:05:40 - INFO -   weighted avg     0.6244    0.6228    0.6222       456
2026-08-22 14:05:40 - INFO - Confusion matrix - [[tn=150, fp=75], [fn=97, tp=134]]
2026-08-22 14:05:40 - INFO - probability_positive min=0.0091 mean=0.4836 std=0.1674 max=0.8992 predicted_0=247 predicted_1=209
2026-08-22 14:05:40 - INFO - [Classification Report - split=validation epoch=3 - threshold=0.50]
2026-08-22 14:05:40 - INFO -                 precision    recall  f1-score   support
2026-08-22 14:05:40 - INFO - 
2026-08-22 14:05:40 - INFO -       safe (0)     0.9024    0.5139    0.6549        72
2026-08-22 14:05:40 - INFO - vulnerable (1)     0.6847    0.9500    0.7958        80
2026-08-22 14:05:40 - INFO - 
2026-08-22 14:05:40 - INFO -       accuracy                         0.7434       152
2026-08-22 14:05:40 - INFO -      macro avg     0.7936    0.7319    0.7253       152
2026-08-22 14:05:40 - INFO -   weighted avg     0.7878    0.7434    0.7290       152
2026-08-22 14:05:40 - INFO - Confusion matrix - [[tn=37, fp=35], [fn=4, tp=76]]
2026-08-22 14:05:40 - INFO - probability_positive min=0.0338 mean=0.5838 std=0.1666 max=0.8559 predicted_0=41 predicted_1=111
2026-08-22 14:05:40 - INFO - New best model | Macro-F1: 0.725339 | Epoch: 3
2026-08-22 14:05:55 - INFO - Epoch 4/30 | Train loss: 0.480984 | Val loss: 0.407902 | LR: 2.00e-05 | Best epoch: 4 | Patience: 0 | Train: 14.02s | Validation: 0.79s | Epoch: 15.07s | Total: 60.51s
2026-08-22 14:05:55 - INFO - RecAdam target-task weight at epoch end: 0.974667
2026-08-22 14:05:55 - INFO - [Classification Report - split=train epoch=4 - threshold=0.50]
2026-08-22 14:05:55 - INFO -                 precision    recall  f1-score   support
2026-08-22 14:05:55 - INFO - 
2026-08-22 14:05:55 - INFO -       safe (0)     0.8220    0.6978    0.7548       225
2026-08-22 14:05:55 - INFO - vulnerable (1)     0.7434    0.8528    0.7944       231
2026-08-22 14:05:55 - INFO - 
2026-08-22 14:05:55 - INFO -       accuracy                         0.7763       456
2026-08-22 14:05:55 - INFO -      macro avg     0.7827    0.7753    0.7746       456
2026-08-22 14:05:55 - INFO -   weighted avg     0.7822    0.7763    0.7748       456
2026-08-22 14:05:55 - INFO - Confusion matrix - [[tn=157, fp=68], [fn=34, tp=197]]
2026-08-22 14:05:55 - INFO - probability_positive min=0.0009 mean=0.5036 std=0.2342 max=0.9741 predicted_0=191 predicted_1=265
2026-08-22 14:05:55 - INFO - [Classification Report - split=validation epoch=4 - threshold=0.50]
2026-08-22 14:05:55 - INFO -                 precision    recall  f1-score   support
2026-08-22 14:05:55 - INFO - 
2026-08-22 14:05:55 - INFO -       safe (0)     0.8983    0.7361    0.8092        72
2026-08-22 14:05:55 - INFO - vulnerable (1)     0.7957    0.9250    0.8555        80
2026-08-22 14:05:55 - INFO - 
2026-08-22 14:05:55 - INFO -       accuracy                         0.8355       152
2026-08-22 14:05:55 - INFO -      macro avg     0.8470    0.8306    0.8323       152
2026-08-22 14:05:55 - INFO -   weighted avg     0.8443    0.8355    0.8335       152
2026-08-22 14:05:55 - INFO - Confusion matrix - [[tn=53, fp=19], [fn=6, tp=74]]
2026-08-22 14:05:55 - INFO - probability_positive min=0.0002 mean=0.5510 std=0.3986 max=0.9865 predicted_0=59 predicted_1=93
2026-08-22 14:05:55 - INFO - New best model | Macro-F1: 0.832326 | Epoch: 4
2026-08-22 14:06:10 - INFO - Epoch 5/30 | Train loss: 0.290929 | Val loss: 0.422490 | LR: 2.00e-05 | Best epoch: 5 | Patience: 0 | Train: 14.02s | Validation: 0.79s | Epoch: 15.08s | Total: 75.60s
2026-08-22 14:06:10 - INFO - RecAdam target-task weight at epoch end: 0.993940
2026-08-22 14:06:10 - INFO - [Classification Report - split=train epoch=5 - threshold=0.50]
2026-08-22 14:06:10 - INFO -                 precision    recall  f1-score   support
2026-08-22 14:06:10 - INFO - 
2026-08-22 14:06:10 - INFO -       safe (0)     0.9500    0.8444    0.8941       225
2026-08-22 14:06:10 - INFO - vulnerable (1)     0.8633    0.9567    0.9076       231
2026-08-22 14:06:10 - INFO - 
2026-08-22 14:06:10 - INFO -       accuracy                         0.9013       456
2026-08-22 14:06:10 - INFO -      macro avg     0.9066    0.9006    0.9009       456
2026-08-22 14:06:10 - INFO -   weighted avg     0.9061    0.9013    0.9009       456
2026-08-22 14:06:10 - INFO - Confusion matrix - [[tn=190, fp=35], [fn=10, tp=221]]
2026-08-22 14:06:10 - INFO - probability_positive min=0.0000 mean=0.5105 std=0.4247 max=0.9988 predicted_0=200 predicted_1=256
2026-08-22 14:06:10 - INFO - [Classification Report - split=validation epoch=5 - threshold=0.50]
2026-08-22 14:06:10 - INFO -                 precision    recall  f1-score   support
2026-08-22 14:06:10 - INFO - 
2026-08-22 14:06:10 - INFO -       safe (0)     0.8472    0.8472    0.8472        72
2026-08-22 14:06:10 - INFO - vulnerable (1)     0.8625    0.8625    0.8625        80
2026-08-22 14:06:10 - INFO - 
2026-08-22 14:06:10 - INFO -       accuracy                         0.8553       152
2026-08-22 14:06:10 - INFO -      macro avg     0.8549    0.8549    0.8549       152
2026-08-22 14:06:10 - INFO -   weighted avg     0.8553    0.8553    0.8553       152
2026-08-22 14:06:10 - INFO - Confusion matrix - [[tn=61, fp=11], [fn=11, tp=69]]
2026-08-22 14:06:10 - INFO - probability_positive min=0.0007 mean=0.4664 std=0.4281 max=0.9989 predicted_0=72 predicted_1=80
2026-08-22 14:06:10 - INFO - New best model | Macro-F1: 0.854861 | Epoch: 5
2026-08-22 14:06:25 - INFO - Epoch 6/30 | Train loss: 0.200074 | Val loss: 0.468415 | LR: 2.00e-05 | Best epoch: 6 | Patience: 0 | Train: 14.01s | Validation: 0.79s | Epoch: 15.08s | Total: 90.69s
2026-08-22 14:06:25 - INFO - RecAdam target-task weight at epoch end: 0.998572
2026-08-22 14:06:25 - INFO - [Classification Report - split=train epoch=6 - threshold=0.50]
2026-08-22 14:06:25 - INFO -                 precision    recall  f1-score   support
2026-08-22 14:06:25 - INFO - 
2026-08-22 14:06:25 - INFO -       safe (0)     0.9612    0.8800    0.9188       225
2026-08-22 14:06:25 - INFO - vulnerable (1)     0.8920    0.9654    0.9272       231
2026-08-22 14:06:25 - INFO - 
2026-08-22 14:06:25 - INFO -       accuracy                         0.9232       456
2026-08-22 14:06:25 - INFO -      macro avg     0.9266    0.9227    0.9230       456
2026-08-22 14:06:25 - INFO -   weighted avg     0.9261    0.9232    0.9231       456
2026-08-22 14:06:25 - INFO - Confusion matrix - [[tn=198, fp=27], [fn=8, tp=223]]
2026-08-22 14:06:25 - INFO - probability_positive min=0.0002 mean=0.5148 std=0.4372 max=1.0000 predicted_0=206 predicted_1=250
2026-08-22 14:06:25 - INFO - [Classification Report - split=validation epoch=6 - threshold=0.50]
2026-08-22 14:06:25 - INFO -                 precision    recall  f1-score   support
2026-08-22 14:06:25 - INFO - 
2026-08-22 14:06:25 - INFO -       safe (0)     0.8421    0.8889    0.8649        72
2026-08-22 14:06:25 - INFO - vulnerable (1)     0.8947    0.8500    0.8718        80
2026-08-22 14:06:25 - INFO - 
2026-08-22 14:06:25 - INFO -       accuracy                         0.8684       152
2026-08-22 14:06:25 - INFO -      macro avg     0.8684    0.8694    0.8683       152
2026-08-22 14:06:25 - INFO -   weighted avg     0.8698    0.8684    0.8685       152
2026-08-22 14:06:25 - INFO - Confusion matrix - [[tn=64, fp=8], [fn=12, tp=68]]
2026-08-22 14:06:25 - INFO - probability_positive min=0.0004 mean=0.4836 std=0.4627 max=1.0000 predicted_0=76 predicted_1=76
2026-08-22 14:06:25 - INFO - New best model | Macro-F1: 0.868330 | Epoch: 6
2026-08-22 14:06:40 - INFO - Epoch 7/30 | Train loss: 0.141457 | Val loss: 0.403539 | LR: 2.00e-05 | Best epoch: 7 | Patience: 0 | Train: 14.01s | Validation: 0.79s | Epoch: 15.07s | Total: 105.77s
2026-08-22 14:06:40 - INFO - RecAdam target-task weight at epoch end: 0.999665
2026-08-22 14:06:40 - INFO - [Classification Report - split=train epoch=7 - threshold=0.50]
2026-08-22 14:06:40 - INFO -                 precision    recall  f1-score   support
2026-08-22 14:06:40 - INFO - 
2026-08-22 14:06:40 - INFO -       safe (0)     0.9507    0.9422    0.9464       225
2026-08-22 14:06:40 - INFO - vulnerable (1)     0.9442    0.9524    0.9483       231
2026-08-22 14:06:40 - INFO - 
2026-08-22 14:06:40 - INFO -       accuracy                         0.9474       456
2026-08-22 14:06:40 - INFO -      macro avg     0.9474    0.9473    0.9474       456
2026-08-22 14:06:40 - INFO -   weighted avg     0.9474    0.9474    0.9474       456
2026-08-22 14:06:40 - INFO - Confusion matrix - [[tn=212, fp=13], [fn=11, tp=220]]
2026-08-22 14:06:40 - INFO - probability_positive min=0.0002 mean=0.4946 std=0.4558 max=1.0000 predicted_0=223 predicted_1=233
2026-08-22 14:06:40 - INFO - [Classification Report - split=validation epoch=7 - threshold=0.50]
2026-08-22 14:06:40 - INFO -                 precision    recall  f1-score   support
2026-08-22 14:06:40 - INFO - 
2026-08-22 14:06:40 - INFO -       safe (0)     0.8630    0.8750    0.8690        72
2026-08-22 14:06:40 - INFO - vulnerable (1)     0.8861    0.8750    0.8805        80
2026-08-22 14:06:40 - INFO - 
2026-08-22 14:06:40 - INFO -       accuracy                         0.8750       152
2026-08-22 14:06:40 - INFO -      macro avg     0.8745    0.8750    0.8747       152
2026-08-22 14:06:40 - INFO -   weighted avg     0.8752    0.8750    0.8750       152
2026-08-22 14:06:40 - INFO - Confusion matrix - [[tn=63, fp=9], [fn=10, tp=70]]
2026-08-22 14:06:40 - INFO - probability_positive min=0.0002 mean=0.5121 std=0.4653 max=1.0000 predicted_0=73 predicted_1=79
2026-08-22 14:06:40 - INFO - New best model | Macro-F1: 0.874734 | Epoch: 7
2026-08-22 14:06:55 - INFO - Epoch 8/30 | Train loss: 0.104636 | Val loss: 0.664004 | LR: 2.00e-05 | Best epoch: 8 | Patience: 1 | Train: 14.02s | Validation: 0.79s | Epoch: 15.08s | Total: 120.86s
2026-08-22 14:06:55 - INFO - RecAdam target-task weight at epoch end: 0.999921
2026-08-22 14:06:55 - INFO - [Classification Report - split=train epoch=8 - threshold=0.50]
2026-08-22 14:06:55 - INFO -                 precision    recall  f1-score   support
2026-08-22 14:06:55 - INFO - 
2026-08-22 14:06:55 - INFO -       safe (0)     0.9906    0.9378    0.9635       225
2026-08-22 14:06:55 - INFO - vulnerable (1)     0.9424    0.9913    0.9662       231
2026-08-22 14:06:55 - INFO - 
2026-08-22 14:06:55 - INFO -       accuracy                         0.9649       456
2026-08-22 14:06:55 - INFO -      macro avg     0.9665    0.9646    0.9649       456
2026-08-22 14:06:55 - INFO -   weighted avg     0.9662    0.9649    0.9649       456
2026-08-22 14:06:55 - INFO - Confusion matrix - [[tn=211, fp=14], [fn=2, tp=229]]
2026-08-22 14:06:55 - INFO - probability_positive min=0.0000 mean=0.5175 std=0.4784 max=1.0000 predicted_0=213 predicted_1=243
2026-08-22 14:06:55 - INFO - [Classification Report - split=validation epoch=8 - threshold=0.50]
2026-08-22 14:06:55 - INFO -                 precision    recall  f1-score   support
2026-08-22 14:06:55 - INFO - 
2026-08-22 14:06:55 - INFO -       safe (0)     0.8630    0.8750    0.8690        72
2026-08-22 14:06:55 - INFO - vulnerable (1)     0.8861    0.8750    0.8805        80
2026-08-22 14:06:55 - INFO - 
2026-08-22 14:06:55 - INFO -       accuracy                         0.8750       152
2026-08-22 14:06:55 - INFO -      macro avg     0.8745    0.8750    0.8747       152
2026-08-22 14:06:55 - INFO -   weighted avg     0.8752    0.8750    0.8750       152
2026-08-22 14:06:55 - INFO - Confusion matrix - [[tn=63, fp=9], [fn=10, tp=70]]
2026-08-22 14:06:55 - INFO - probability_positive min=0.0000 mean=0.5167 std=0.4871 max=1.0000 predicted_0=73 predicted_1=79
2026-08-22 14:06:55 - INFO - Latest tied-best checkpoint saved | Macro-F1: 0.874734 | Epoch: 8
2026-08-22 14:07:10 - INFO - Epoch 9/30 | Train loss: 0.097615 | Val loss: 0.691476 | LR: 2.00e-05 | Best epoch: 9 | Patience: 0 | Train: 14.01s | Validation: 0.79s | Epoch: 15.08s | Total: 135.95s
2026-08-22 14:07:10 - INFO - RecAdam target-task weight at epoch end: 0.999982
2026-08-22 14:07:10 - INFO - [Classification Report - split=train epoch=9 - threshold=0.50]
2026-08-22 14:07:10 - INFO -                 precision    recall  f1-score   support
2026-08-22 14:07:10 - INFO - 
2026-08-22 14:07:10 - INFO -       safe (0)     0.9953    0.9422    0.9680       225
2026-08-22 14:07:10 - INFO - vulnerable (1)     0.9465    0.9957    0.9705       231
2026-08-22 14:07:10 - INFO - 
2026-08-22 14:07:10 - INFO -       accuracy                         0.9693       456
2026-08-22 14:07:10 - INFO -      macro avg     0.9709    0.9689    0.9693       456
2026-08-22 14:07:10 - INFO -   weighted avg     0.9706    0.9693    0.9693       456
2026-08-22 14:07:10 - INFO - Confusion matrix - [[tn=212, fp=13], [fn=1, tp=230]]
2026-08-22 14:07:10 - INFO - probability_positive min=0.0000 mean=0.5244 std=0.4856 max=1.0000 predicted_0=213 predicted_1=243
2026-08-22 14:07:10 - INFO - [Classification Report - split=validation epoch=9 - threshold=0.50]
2026-08-22 14:07:10 - INFO -                 precision    recall  f1-score   support
2026-08-22 14:07:10 - INFO - 
2026-08-22 14:07:10 - INFO -       safe (0)     0.8750    0.8750    0.8750        72
2026-08-22 14:07:10 - INFO - vulnerable (1)     0.8875    0.8875    0.8875        80
2026-08-22 14:07:10 - INFO - 
2026-08-22 14:07:10 - INFO -       accuracy                         0.8816       152
2026-08-22 14:07:10 - INFO -      macro avg     0.8812    0.8812    0.8812       152
2026-08-22 14:07:10 - INFO -   weighted avg     0.8816    0.8816    0.8816       152
2026-08-22 14:07:10 - INFO - Confusion matrix - [[tn=63, fp=9], [fn=9, tp=71]]
2026-08-22 14:07:10 - INFO - probability_positive min=0.0000 mean=0.5211 std=0.4883 max=1.0000 predicted_0=72 predicted_1=80
2026-08-22 14:07:10 - INFO - New best model | Macro-F1: 0.881250 | Epoch: 9
2026-08-22 14:07:25 - INFO - Epoch 10/30 | Train loss: 0.071918 | Val loss: 0.848500 | LR: 2.00e-05 | Best epoch: 9 | Patience: 1 | Train: 14.02s | Validation: 0.79s | Epoch: 14.81s | Total: 150.76s
2026-08-22 14:07:25 - INFO - RecAdam target-task weight at epoch end: 0.999996
2026-08-22 14:07:25 - INFO - [Classification Report - split=train epoch=10 - threshold=0.50]
2026-08-22 14:07:25 - INFO -                 precision    recall  f1-score   support
2026-08-22 14:07:25 - INFO - 
2026-08-22 14:07:25 - INFO -       safe (0)     0.9954    0.9556    0.9751       225
2026-08-22 14:07:25 - INFO - vulnerable (1)     0.9583    0.9957    0.9766       231
2026-08-22 14:07:25 - INFO - 
2026-08-22 14:07:25 - INFO -       accuracy                         0.9759       456
2026-08-22 14:07:25 - INFO -      macro avg     0.9769    0.9756    0.9759       456
2026-08-22 14:07:25 - INFO -   weighted avg     0.9766    0.9759    0.9759       456
2026-08-22 14:07:25 - INFO - Confusion matrix - [[tn=215, fp=10], [fn=1, tp=230]]
2026-08-22 14:07:25 - INFO - probability_positive min=0.0000 mean=0.5210 std=0.4912 max=1.0000 predicted_0=216 predicted_1=240
2026-08-22 14:07:25 - INFO - [Classification Report - split=validation epoch=10 - threshold=0.50]
2026-08-22 14:07:25 - INFO -                 precision    recall  f1-score   support
2026-08-22 14:07:25 - INFO - 
2026-08-22 14:07:25 - INFO -       safe (0)     0.8442    0.9028    0.8725        72
2026-08-22 14:07:25 - INFO - vulnerable (1)     0.9067    0.8500    0.8774        80
2026-08-22 14:07:25 - INFO - 
2026-08-22 14:07:25 - INFO -       accuracy                         0.8750       152
2026-08-22 14:07:25 - INFO -      macro avg     0.8754    0.8764    0.8750       152
2026-08-22 14:07:25 - INFO -   weighted avg     0.8771    0.8750    0.8751       152
2026-08-22 14:07:25 - INFO - Confusion matrix - [[tn=65, fp=7], [fn=12, tp=68]]
2026-08-22 14:07:25 - INFO - probability_positive min=0.0000 mean=0.4908 std=0.4879 max=1.0000 predicted_0=77 predicted_1=75
2026-08-22 14:07:40 - INFO - Epoch 11/30 | Train loss: 0.055231 | Val loss: 0.733688 | LR: 2.00e-05 | Best epoch: 9 | Patience: 2 | Train: 14.01s | Validation: 0.79s | Epoch: 14.80s | Total: 165.57s
2026-08-22 14:07:40 - INFO - RecAdam target-task weight at epoch end: 0.999999
2026-08-22 14:07:40 - INFO - [Classification Report - split=train epoch=11 - threshold=0.50]
2026-08-22 14:07:40 - INFO -                 precision    recall  f1-score   support
2026-08-22 14:07:40 - INFO - 
2026-08-22 14:07:40 - INFO -       safe (0)     0.9775    0.9644    0.9709       225
2026-08-22 14:07:40 - INFO - vulnerable (1)     0.9658    0.9784    0.9720       231
2026-08-22 14:07:40 - INFO - 
2026-08-22 14:07:40 - INFO -       accuracy                         0.9715       456
2026-08-22 14:07:40 - INFO -      macro avg     0.9716    0.9714    0.9715       456
2026-08-22 14:07:40 - INFO -   weighted avg     0.9716    0.9715    0.9715       456
2026-08-22 14:07:40 - INFO - Confusion matrix - [[tn=217, fp=8], [fn=5, tp=226]]
2026-08-22 14:07:40 - INFO - probability_positive min=0.0000 mean=0.5068 std=0.4884 max=1.0000 predicted_0=222 predicted_1=234
2026-08-22 14:07:40 - INFO - [Classification Report - split=validation epoch=11 - threshold=0.50]
2026-08-22 14:07:40 - INFO -                 precision    recall  f1-score   support
2026-08-22 14:07:40 - INFO - 
2026-08-22 14:07:40 - INFO -       safe (0)     0.8533    0.8889    0.8707        72
2026-08-22 14:07:40 - INFO - vulnerable (1)     0.8961    0.8625    0.8790        80
2026-08-22 14:07:40 - INFO - 
2026-08-22 14:07:40 - INFO -       accuracy                         0.8750       152
2026-08-22 14:07:40 - INFO -      macro avg     0.8747    0.8757    0.8749       152
2026-08-22 14:07:40 - INFO -   weighted avg     0.8758    0.8750    0.8751       152
2026-08-22 14:07:40 - INFO - Confusion matrix - [[tn=64, fp=8], [fn=11, tp=69]]
2026-08-22 14:07:40 - INFO - probability_positive min=0.0000 mean=0.4955 std=0.4844 max=1.0000 predicted_0=75 predicted_1=77
2026-08-22 14:07:55 - INFO - Epoch 12/30 | Train loss: 0.033197 | Val loss: 0.885650 | LR: 2.00e-05 | Best epoch: 9 | Patience: 3 | Train: 14.01s | Validation: 0.79s | Epoch: 14.81s | Total: 180.39s
2026-08-22 14:07:55 - INFO - RecAdam target-task weight at epoch end: 1.000000
2026-08-22 14:07:55 - INFO - [Classification Report - split=train epoch=12 - threshold=0.50]
2026-08-22 14:07:55 - INFO -                 precision    recall  f1-score   support
2026-08-22 14:07:55 - INFO - 
2026-08-22 14:07:55 - INFO -       safe (0)     0.9866    0.9822    0.9844       225
2026-08-22 14:07:55 - INFO - vulnerable (1)     0.9828    0.9870    0.9849       231
2026-08-22 14:07:55 - INFO - 
2026-08-22 14:07:55 - INFO -       accuracy                         0.9846       456
2026-08-22 14:07:55 - INFO -      macro avg     0.9847    0.9846    0.9846       456
2026-08-22 14:07:55 - INFO -   weighted avg     0.9847    0.9846    0.9846       456
2026-08-22 14:07:55 - INFO - Confusion matrix - [[tn=221, fp=4], [fn=3, tp=228]]
2026-08-22 14:07:55 - INFO - probability_positive min=0.0000 mean=0.5068 std=0.4927 max=1.0000 predicted_0=224 predicted_1=232
2026-08-22 14:07:55 - INFO - [Classification Report - split=validation epoch=12 - threshold=0.50]
2026-08-22 14:07:55 - INFO -                 precision    recall  f1-score   support
2026-08-22 14:07:55 - INFO - 
2026-08-22 14:07:55 - INFO -       safe (0)     0.8493    0.8611    0.8552        72
2026-08-22 14:07:55 - INFO - vulnerable (1)     0.8734    0.8625    0.8679        80
2026-08-22 14:07:55 - INFO - 
2026-08-22 14:07:55 - INFO -       accuracy                         0.8618       152
2026-08-22 14:07:55 - INFO -      macro avg     0.8614    0.8618    0.8615       152
2026-08-22 14:07:55 - INFO -   weighted avg     0.8620    0.8618    0.8619       152
2026-08-22 14:07:55 - INFO - Confusion matrix - [[tn=62, fp=10], [fn=11, tp=69]]
2026-08-22 14:07:55 - INFO - probability_positive min=0.0000 mean=0.5122 std=0.4910 max=1.0000 predicted_0=73 predicted_1=79
2026-08-22 14:08:10 - INFO - Epoch 13/30 | Train loss: 0.025262 | Val loss: 0.927206 | LR: 2.00e-05 | Best epoch: 9 | Patience: 4 | Train: 14.02s | Validation: 0.79s | Epoch: 14.81s | Total: 195.20s
2026-08-22 14:08:10 - INFO - RecAdam target-task weight at epoch end: 1.000000
2026-08-22 14:08:10 - INFO - [Classification Report - split=train epoch=13 - threshold=0.50]
2026-08-22 14:08:10 - INFO -                 precision    recall  f1-score   support
2026-08-22 14:08:10 - INFO - 
2026-08-22 14:08:10 - INFO -       safe (0)     0.9955    0.9911    0.9933       225
2026-08-22 14:08:10 - INFO - vulnerable (1)     0.9914    0.9957    0.9935       231
2026-08-22 14:08:10 - INFO - 
2026-08-22 14:08:10 - INFO -       accuracy                         0.9934       456
2026-08-22 14:08:10 - INFO -      macro avg     0.9935    0.9934    0.9934       456
2026-08-22 14:08:10 - INFO -   weighted avg     0.9934    0.9934    0.9934       456
2026-08-22 14:08:10 - INFO - Confusion matrix - [[tn=223, fp=2], [fn=1, tp=230]]
2026-08-22 14:08:10 - INFO - probability_positive min=0.0000 mean=0.5079 std=0.4963 max=1.0000 predicted_0=224 predicted_1=232
2026-08-22 14:08:10 - INFO - [Classification Report - split=validation epoch=13 - threshold=0.50]
2026-08-22 14:08:10 - INFO -                 precision    recall  f1-score   support
2026-08-22 14:08:10 - INFO - 
2026-08-22 14:08:10 - INFO -       safe (0)     0.8611    0.8611    0.8611        72
2026-08-22 14:08:10 - INFO - vulnerable (1)     0.8750    0.8750    0.8750        80
2026-08-22 14:08:10 - INFO - 
2026-08-22 14:08:10 - INFO -       accuracy                         0.8684       152
2026-08-22 14:08:10 - INFO -      macro avg     0.8681    0.8681    0.8681       152
2026-08-22 14:08:10 - INFO -   weighted avg     0.8684    0.8684    0.8684       152
2026-08-22 14:08:10 - INFO - Confusion matrix - [[tn=62, fp=10], [fn=10, tp=70]]
2026-08-22 14:08:10 - INFO - probability_positive min=0.0000 mean=0.5241 std=0.4936 max=1.0000 predicted_0=72 predicted_1=80
2026-08-22 14:08:24 - INFO - Epoch 14/30 | Train loss: 0.024571 | Val loss: 0.918526 | LR: 2.00e-05 | Best epoch: 9 | Patience: 5 | Train: 14.01s | Validation: 0.79s | Epoch: 14.80s | Total: 210.01s
2026-08-22 14:08:24 - INFO - RecAdam target-task weight at epoch end: 1.000000
2026-08-22 14:08:24 - INFO - [Classification Report - split=train epoch=14 - threshold=0.50]
2026-08-22 14:08:24 - INFO -                 precision    recall  f1-score   support
2026-08-22 14:08:24 - INFO - 
2026-08-22 14:08:24 - INFO -       safe (0)     0.9955    0.9911    0.9933       225
2026-08-22 14:08:24 - INFO - vulnerable (1)     0.9914    0.9957    0.9935       231
2026-08-22 14:08:24 - INFO - 
2026-08-22 14:08:24 - INFO -       accuracy                         0.9934       456
2026-08-22 14:08:24 - INFO -      macro avg     0.9935    0.9934    0.9934       456
2026-08-22 14:08:24 - INFO -   weighted avg     0.9934    0.9934    0.9934       456
2026-08-22 14:08:24 - INFO - Confusion matrix - [[tn=223, fp=2], [fn=1, tp=230]]
2026-08-22 14:08:24 - INFO - probability_positive min=0.0000 mean=0.5066 std=0.4972 max=1.0000 predicted_0=224 predicted_1=232
2026-08-22 14:08:24 - INFO - [Classification Report - split=validation epoch=14 - threshold=0.50]
2026-08-22 14:08:24 - INFO -                 precision    recall  f1-score   support
2026-08-22 14:08:24 - INFO - 
2026-08-22 14:08:24 - INFO -       safe (0)     0.8857    0.8611    0.8732        72
2026-08-22 14:08:24 - INFO - vulnerable (1)     0.8780    0.9000    0.8889        80
2026-08-22 14:08:24 - INFO - 
2026-08-22 14:08:24 - INFO -       accuracy                         0.8816       152
2026-08-22 14:08:24 - INFO -      macro avg     0.8819    0.8806    0.8811       152
2026-08-22 14:08:24 - INFO -   weighted avg     0.8817    0.8816    0.8815       152
2026-08-22 14:08:24 - INFO - Confusion matrix - [[tn=62, fp=10], [fn=8, tp=72]]
2026-08-22 14:08:24 - INFO - probability_positive min=0.0000 mean=0.5378 std=0.4911 max=1.0000 predicted_0=70 predicted_1=82
2026-08-22 14:08:24 - INFO - Early stopping | Epoch: 14 | Best epoch: 9
2026-08-22 14:08:24 - INFO - Best checkpoint saved | Path: model/samu_unixcoder/transfer_none/seed_42/fold4/best.pt | Epoch: 9 | Val macro_f1: 0.881250
2026-08-22 14:08:24 - INFO - Training finished | Elapsed: 210.02s
2026-08-22 14:08:24 - INFO - Run finished | Phase: phase2 | Fold: 4 | Seed: 42 | Elapsed: 212.55s
