2026-08-22 14:12:01 - INFO - Using device: cuda
2026-08-22 14:12:01 - INFO - Run started | Run: samu_unixcoder | Method: transfer_none | Phase: phase2 | Fold: 5 | Seed: 42 | Device: cuda
2026-08-22 14:12:01 - INFO - Loading Python training data: data/sven_python_folds_norm/fold5/train.jsonl
2026-08-22 14:12:01 - INFO - Loading Python validation data: data/sven_python_folds_norm/fold5/val.jsonl
2026-08-22 14:12:01 - INFO - Data split: python_train | Total: 456 | Labels: {0: 237, 1: 219} | CWEs: {'CWE-022': 34, 'CWE-078': 121, 'CWE-079': 52, 'CWE-089': 249} | Languages: {'python': 456} | Invalid CWE: 0
2026-08-22 14:12:01 - INFO - Data split: python_val | Total: 152 | Labels: {0: 71, 1: 81} | CWEs: {'CWE-022': 19, 'CWE-078': 39, 'CWE-079': 14, 'CWE-089': 80} | Languages: {'python': 152} | Invalid CWE: 0
2026-08-22 14:12:02 - INFO - Auxiliary head width taken from checkpoint: 4
2026-08-22 14:12:03 - INFO - Loaded source checkpoint: model/samu_unixcoder/transfer_none/seed_42/source/best.pt | Best epoch: 11 | Best Val Macro-F1: 0.691228
2026-08-22 14:12:03 - INFO - RecAdam schedule | Total steps: 870 | Steps/epoch: 29 | Anneal t0: 43 | Weights: {1: 0.10909682119561293, 29: 0.3318122278318339, 43: 0.5, 870: 1.0}
2026-08-22 14:12:03 - INFO - Environment: {"components": {"backbone": {"frozen": 0, "total": 125929728, "trainable": 125929728}, "vul_head": {"frozen": 0, "total": 1538, "trainable": 1538}}, "cuda": "12.8", "fold": 5, "frozen_parameters": 0, "gpu": "NVIDIA GeForce RTX 5070 Ti", "hyperparameters": {"anneal_fun": "sigmoid", "anneal_k": 0.05, "anneal_t0_ratio": 0.05, "anneal_w": 1.0, "aux_mode": "none", "batch_size": 16, "checkpoint_path": "model/samu_unixcoder/transfer_none/seed_42/fold5/best.pt", "cwe_vocab": "fixed4", "data_path": "data/train_ccpp_filtered.jsonl", "data_root": "data/sven_python_folds_norm", "epochs": 30, "eval_batch_size": 16, "fold": 5, "freeze_backbone_layers": 0, "freeze_prototypes_steps": 0, "lambda_cwe": 0.2, "latent_temperature": 0.1, "learning_rate": 2e-05, "lora_rank": 0, "lp_epochs": 0, "lp_learning_rate": 0.001, "max_eval_samples": null, "max_grad_norm": 1.0, "max_length": 512, "max_train_samples": null, "method_name": "transfer_none", "min_epochs": 3, "model_name": "microsoft/unixcoder-base", "num_cwes": 4, "num_latent": 8, "num_workers": 0, "output_dir": "results/samu_unixcoder/transfer_none", "patience": 5, "phase": "phase2", "phase2_optimizer": "recadam", "pooling": "cls", "pretrain_cof": 5000.0, "recadam_anchor": "source", "result_path": "results/samu_unixcoder/transfer_none/seed_42/fold5.json", "run_name": "samu_unixcoder", "sam_rho": 0.05, "seed": 42, "selection_metric": "macro_f1", "source_checkpoint": "model/samu_unixcoder/transfer_none/seed_42/source/best.pt", "source_interpolation": 1.0, "strict_determinism": false, "target_lang": "python", "test_path": null, "train_path": null, "truncation_strategy": "head_middle_tail", "val_path": null, "weight_decay": 0.01}, "mode": "phase2_train", "model_name": "microsoft/unixcoder-base", "seed": 42, "sklearn": "1.9.0", "torch": "2.11.0+cu128", "trainable_parameters": 125931266, "transformers": "4.57.1"}
2026-08-22 14:12:03 - INFO - SAM bat | rho=0.0500 (tuyet doi, chuan L2 toan cuc) | moi buoc 2 luot forward-backward, thoi gian huan luyen ~2x
2026-08-22 14:12:03 - INFO - Training started | Phase: phase2 | Epochs: 30
2026-08-22 14:12:04 - INFO - RecAdam first-step safety checks passed
2026-08-22 14:12:18 - INFO - Epoch 1/30 | Train loss: 0.762252 | Val loss: 0.730073 | LR: 2.00e-05 | Best epoch: 1 | Patience: 0 | Train: 14.24s | Validation: 0.80s | Epoch: 15.24s | Total: 15.24s
2026-08-22 14:12:18 - INFO - RecAdam target-task weight at epoch end: 0.331812
2026-08-22 14:12:18 - INFO - [Classification Report - split=train epoch=1 - threshold=0.50]
2026-08-22 14:12:18 - INFO -                 precision    recall  f1-score   support
2026-08-22 14:12:18 - INFO - 
2026-08-22 14:12:18 - INFO -       safe (0)     0.6467    0.4093    0.5013       237
2026-08-22 14:12:18 - INFO - vulnerable (1)     0.5425    0.7580    0.6324       219
2026-08-22 14:12:18 - INFO - 
2026-08-22 14:12:18 - INFO -       accuracy                         0.5768       456
2026-08-22 14:12:18 - INFO -      macro avg     0.5946    0.5836    0.5668       456
2026-08-22 14:12:18 - INFO -   weighted avg     0.5966    0.5768    0.5642       456
2026-08-22 14:12:18 - INFO - Confusion matrix - [[tn=97, fp=140], [fn=53, tp=166]]
2026-08-22 14:12:18 - INFO - probability_positive min=0.0010 mean=0.5959 std=0.2313 max=0.9911 predicted_0=150 predicted_1=306
2026-08-22 14:12:18 - INFO - [Classification Report - split=validation epoch=1 - threshold=0.50]
2026-08-22 14:12:18 - INFO -                 precision    recall  f1-score   support
2026-08-22 14:12:18 - INFO - 
2026-08-22 14:12:18 - INFO -       safe (0)     0.5660    0.4225    0.4839        71
2026-08-22 14:12:18 - INFO - vulnerable (1)     0.5859    0.7160    0.6444        81
2026-08-22 14:12:18 - INFO - 
2026-08-22 14:12:18 - INFO -       accuracy                         0.5789       152
2026-08-22 14:12:18 - INFO -      macro avg     0.5759    0.5693    0.5642       152
2026-08-22 14:12:18 - INFO -   weighted avg     0.5766    0.5789    0.5694       152
2026-08-22 14:12:18 - INFO - Confusion matrix - [[tn=30, fp=41], [fn=23, tp=58]]
2026-08-22 14:12:18 - INFO - probability_positive min=0.0003 mean=0.5828 std=0.2043 max=0.9657 predicted_0=53 predicted_1=99
2026-08-22 14:12:18 - INFO - New best model | Macro-F1: 0.564158 | Epoch: 1
2026-08-22 14:12:34 - INFO - Epoch 2/30 | Train loss: 0.655155 | Val loss: 0.655399 | LR: 2.00e-05 | Best epoch: 2 | Patience: 0 | Train: 14.02s | Validation: 0.79s | Epoch: 15.08s | Total: 30.33s
2026-08-22 14:12:34 - INFO - RecAdam target-task weight at epoch end: 0.679179
2026-08-22 14:12:34 - INFO - [Classification Report - split=train epoch=2 - threshold=0.50]
2026-08-22 14:12:34 - INFO -                 precision    recall  f1-score   support
2026-08-22 14:12:34 - INFO - 
2026-08-22 14:12:34 - INFO -       safe (0)     0.6200    0.6540    0.6366       237
2026-08-22 14:12:34 - INFO - vulnerable (1)     0.6019    0.5662    0.5835       219
2026-08-22 14:12:34 - INFO - 
2026-08-22 14:12:34 - INFO -       accuracy                         0.6118       456
2026-08-22 14:12:34 - INFO -      macro avg     0.6110    0.6101    0.6100       456
2026-08-22 14:12:34 - INFO -   weighted avg     0.6113    0.6118    0.6111       456
2026-08-22 14:12:34 - INFO - Confusion matrix - [[tn=155, fp=82], [fn=95, tp=124]]
2026-08-22 14:12:34 - INFO - probability_positive min=0.0023 mean=0.4871 std=0.1880 max=0.9195 predicted_0=250 predicted_1=206
2026-08-22 14:12:34 - INFO - [Classification Report - split=validation epoch=2 - threshold=0.50]
2026-08-22 14:12:34 - INFO -                 precision    recall  f1-score   support
2026-08-22 14:12:34 - INFO - 
2026-08-22 14:12:34 - INFO -       safe (0)     0.6129    0.5352    0.5714        71
2026-08-22 14:12:34 - INFO - vulnerable (1)     0.6333    0.7037    0.6667        81
2026-08-22 14:12:34 - INFO - 
2026-08-22 14:12:34 - INFO -       accuracy                         0.6250       152
2026-08-22 14:12:34 - INFO -      macro avg     0.6231    0.6195    0.6190       152
2026-08-22 14:12:34 - INFO -   weighted avg     0.6238    0.6250    0.6222       152
2026-08-22 14:12:34 - INFO - Confusion matrix - [[tn=38, fp=33], [fn=24, tp=57]]
2026-08-22 14:12:34 - INFO - probability_positive min=0.0013 mean=0.5431 std=0.1575 max=0.9222 predicted_0=62 predicted_1=90
2026-08-22 14:12:34 - INFO - New best model | Macro-F1: 0.619048 | Epoch: 2
2026-08-22 14:12:49 - INFO - Epoch 3/30 | Train loss: 0.592366 | Val loss: 0.545393 | LR: 2.00e-05 | Best epoch: 3 | Patience: 0 | Train: 14.02s | Validation: 0.80s | Epoch: 15.08s | Total: 45.42s
2026-08-22 14:12:49 - INFO - RecAdam target-task weight at epoch end: 0.900250
2026-08-22 14:12:49 - INFO - [Classification Report - split=train epoch=3 - threshold=0.50]
2026-08-22 14:12:49 - INFO -                 precision    recall  f1-score   support
2026-08-22 14:12:49 - INFO - 
2026-08-22 14:12:49 - INFO -       safe (0)     0.6853    0.7257    0.7049       237
2026-08-22 14:12:49 - INFO - vulnerable (1)     0.6829    0.6393    0.6604       219
2026-08-22 14:12:49 - INFO - 
2026-08-22 14:12:49 - INFO -       accuracy                         0.6842       456
2026-08-22 14:12:49 - INFO -      macro avg     0.6841    0.6825    0.6826       456
2026-08-22 14:12:49 - INFO -   weighted avg     0.6841    0.6842    0.6835       456
2026-08-22 14:12:49 - INFO - Confusion matrix - [[tn=172, fp=65], [fn=79, tp=140]]
2026-08-22 14:12:49 - INFO - probability_positive min=0.0053 mean=0.4742 std=0.1713 max=0.8655 predicted_0=251 predicted_1=205
2026-08-22 14:12:49 - INFO - [Classification Report - split=validation epoch=3 - threshold=0.50]
2026-08-22 14:12:49 - INFO -                 precision    recall  f1-score   support
2026-08-22 14:12:49 - INFO - 
2026-08-22 14:12:49 - INFO -       safe (0)     0.8261    0.5352    0.6496        71
2026-08-22 14:12:49 - INFO - vulnerable (1)     0.6887    0.9012    0.7807        81
2026-08-22 14:12:49 - INFO - 
2026-08-22 14:12:49 - INFO -       accuracy                         0.7303       152
2026-08-22 14:12:49 - INFO -      macro avg     0.7574    0.7182    0.7152       152
2026-08-22 14:12:49 - INFO -   weighted avg     0.7529    0.7303    0.7195       152
2026-08-22 14:12:49 - INFO - Confusion matrix - [[tn=38, fp=33], [fn=8, tp=73]]
2026-08-22 14:12:49 - INFO - probability_positive min=0.0012 mean=0.5655 std=0.2094 max=0.9184 predicted_0=46 predicted_1=106
2026-08-22 14:12:49 - INFO - New best model | Macro-F1: 0.715161 | Epoch: 3
2026-08-22 14:13:04 - INFO - Epoch 4/30 | Train loss: 0.376861 | Val loss: 0.392988 | LR: 2.00e-05 | Best epoch: 4 | Patience: 0 | Train: 14.02s | Validation: 0.79s | Epoch: 15.08s | Total: 60.51s
2026-08-22 14:13:04 - INFO - RecAdam target-task weight at epoch end: 0.974667
2026-08-22 14:13:04 - INFO - [Classification Report - split=train epoch=4 - threshold=0.50]
2026-08-22 14:13:04 - INFO -                 precision    recall  f1-score   support
2026-08-22 14:13:04 - INFO - 
2026-08-22 14:13:04 - INFO -       safe (0)     0.9409    0.7384    0.8274       237
2026-08-22 14:13:04 - INFO - vulnerable (1)     0.7704    0.9498    0.8507       219
2026-08-22 14:13:04 - INFO - 
2026-08-22 14:13:04 - INFO -       accuracy                         0.8399       456
2026-08-22 14:13:04 - INFO -      macro avg     0.8556    0.8441    0.8391       456
2026-08-22 14:13:04 - INFO -   weighted avg     0.8590    0.8399    0.8386       456
2026-08-22 14:13:04 - INFO - Confusion matrix - [[tn=175, fp=62], [fn=11, tp=208]]
2026-08-22 14:13:04 - INFO - probability_positive min=0.0002 mean=0.5049 std=0.3300 max=0.9956 predicted_0=186 predicted_1=270
2026-08-22 14:13:04 - INFO - [Classification Report - split=validation epoch=4 - threshold=0.50]
2026-08-22 14:13:04 - INFO -                 precision    recall  f1-score   support
2026-08-22 14:13:04 - INFO - 
2026-08-22 14:13:04 - INFO -       safe (0)     0.8983    0.7465    0.8154        71
2026-08-22 14:13:04 - INFO - vulnerable (1)     0.8065    0.9259    0.8621        81
2026-08-22 14:13:04 - INFO - 
2026-08-22 14:13:04 - INFO -       accuracy                         0.8421       152
2026-08-22 14:13:04 - INFO -      macro avg     0.8524    0.8362    0.8387       152
2026-08-22 14:13:04 - INFO -   weighted avg     0.8494    0.8421    0.8403       152
2026-08-22 14:13:04 - INFO - Confusion matrix - [[tn=53, fp=18], [fn=6, tp=75]]
2026-08-22 14:13:04 - INFO - probability_positive min=0.0000 mean=0.5426 std=0.4117 max=0.9955 predicted_0=59 predicted_1=93
2026-08-22 14:13:04 - INFO - New best model | Macro-F1: 0.838727 | Epoch: 4
2026-08-22 14:13:19 - INFO - Epoch 5/30 | Train loss: 0.241471 | Val loss: 0.376621 | LR: 2.00e-05 | Best epoch: 5 | Patience: 0 | Train: 14.02s | Validation: 0.79s | Epoch: 15.08s | Total: 75.61s
2026-08-22 14:13:19 - INFO - RecAdam target-task weight at epoch end: 0.993940
2026-08-22 14:13:19 - INFO - [Classification Report - split=train epoch=5 - threshold=0.50]
2026-08-22 14:13:19 - INFO -                 precision    recall  f1-score   support
2026-08-22 14:13:19 - INFO - 
2026-08-22 14:13:19 - INFO -       safe (0)     0.9488    0.8608    0.9027       237
2026-08-22 14:13:19 - INFO - vulnerable (1)     0.8631    0.9498    0.9043       219
2026-08-22 14:13:19 - INFO - 
2026-08-22 14:13:19 - INFO -       accuracy                         0.9035       456
2026-08-22 14:13:19 - INFO -      macro avg     0.9060    0.9053    0.9035       456
2026-08-22 14:13:19 - INFO -   weighted avg     0.9076    0.9035    0.9035       456
2026-08-22 14:13:19 - INFO - Confusion matrix - [[tn=204, fp=33], [fn=11, tp=208]]
2026-08-22 14:13:19 - INFO - probability_positive min=0.0000 mean=0.4643 std=0.4135 max=0.9999 predicted_0=215 predicted_1=241
2026-08-22 14:13:19 - INFO - [Classification Report - split=validation epoch=5 - threshold=0.50]
2026-08-22 14:13:19 - INFO -                 precision    recall  f1-score   support
2026-08-22 14:13:19 - INFO - 
2026-08-22 14:13:19 - INFO -       safe (0)     0.8696    0.8451    0.8571        71
2026-08-22 14:13:19 - INFO - vulnerable (1)     0.8675    0.8889    0.8780        81
2026-08-22 14:13:19 - INFO - 
2026-08-22 14:13:19 - INFO -       accuracy                         0.8684       152
2026-08-22 14:13:19 - INFO -      macro avg     0.8685    0.8670    0.8676       152
2026-08-22 14:13:19 - INFO -   weighted avg     0.8684    0.8684    0.8683       152
2026-08-22 14:13:19 - INFO - Confusion matrix - [[tn=60, fp=11], [fn=9, tp=72]]
2026-08-22 14:13:19 - INFO - probability_positive min=0.0001 mean=0.4786 std=0.4081 max=0.9998 predicted_0=69 predicted_1=83
2026-08-22 14:13:19 - INFO - New best model | Macro-F1: 0.867596 | Epoch: 5
2026-08-22 14:13:34 - INFO - Epoch 6/30 | Train loss: 0.166917 | Val loss: 0.346518 | LR: 2.00e-05 | Best epoch: 6 | Patience: 0 | Train: 14.02s | Validation: 0.79s | Epoch: 15.08s | Total: 90.70s
2026-08-22 14:13:34 - INFO - RecAdam target-task weight at epoch end: 0.998572
2026-08-22 14:13:34 - INFO - [Classification Report - split=train epoch=6 - threshold=0.50]
2026-08-22 14:13:34 - INFO -                 precision    recall  f1-score   support
2026-08-22 14:13:34 - INFO - 
2026-08-22 14:13:34 - INFO -       safe (0)     0.9643    0.9114    0.9371       237
2026-08-22 14:13:34 - INFO - vulnerable (1)     0.9095    0.9635    0.9357       219
2026-08-22 14:13:34 - INFO - 
2026-08-22 14:13:34 - INFO -       accuracy                         0.9364       456
2026-08-22 14:13:34 - INFO -      macro avg     0.9369    0.9374    0.9364       456
2026-08-22 14:13:34 - INFO -   weighted avg     0.9380    0.9364    0.9364       456
2026-08-22 14:13:34 - INFO - Confusion matrix - [[tn=216, fp=21], [fn=8, tp=211]]
2026-08-22 14:13:34 - INFO - probability_positive min=0.0000 mean=0.4727 std=0.4482 max=1.0000 predicted_0=224 predicted_1=232
2026-08-22 14:13:34 - INFO - [Classification Report - split=validation epoch=6 - threshold=0.50]
2026-08-22 14:13:34 - INFO -                 precision    recall  f1-score   support
2026-08-22 14:13:34 - INFO - 
2026-08-22 14:13:34 - INFO -       safe (0)     0.9219    0.8310    0.8741        71
2026-08-22 14:13:34 - INFO - vulnerable (1)     0.8636    0.9383    0.8994        81
2026-08-22 14:13:34 - INFO - 
2026-08-22 14:13:34 - INFO -       accuracy                         0.8882       152
2026-08-22 14:13:34 - INFO -      macro avg     0.8928    0.8846    0.8867       152
2026-08-22 14:13:34 - INFO -   weighted avg     0.8908    0.8882    0.8876       152
2026-08-22 14:13:34 - INFO - Confusion matrix - [[tn=59, fp=12], [fn=5, tp=76]]
2026-08-22 14:13:34 - INFO - probability_positive min=0.0003 mean=0.5471 std=0.4470 max=1.0000 predicted_0=64 predicted_1=88
2026-08-22 14:13:34 - INFO - New best model | Macro-F1: 0.886741 | Epoch: 6
2026-08-22 14:13:49 - INFO - Epoch 7/30 | Train loss: 0.105440 | Val loss: 0.462609 | LR: 2.00e-05 | Best epoch: 6 | Patience: 1 | Train: 14.02s | Validation: 0.79s | Epoch: 14.81s | Total: 105.52s
2026-08-22 14:13:49 - INFO - RecAdam target-task weight at epoch end: 0.999665
2026-08-22 14:13:49 - INFO - [Classification Report - split=train epoch=7 - threshold=0.50]
2026-08-22 14:13:49 - INFO -                 precision    recall  f1-score   support
2026-08-22 14:13:49 - INFO - 
2026-08-22 14:13:49 - INFO -       safe (0)     0.9822    0.9325    0.9567       237
2026-08-22 14:13:49 - INFO - vulnerable (1)     0.9307    0.9817    0.9556       219
2026-08-22 14:13:49 - INFO - 
2026-08-22 14:13:49 - INFO -       accuracy                         0.9561       456
2026-08-22 14:13:49 - INFO -      macro avg     0.9565    0.9571    0.9561       456
2026-08-22 14:13:49 - INFO -   weighted avg     0.9575    0.9561    0.9562       456
2026-08-22 14:13:49 - INFO - Confusion matrix - [[tn=221, fp=16], [fn=4, tp=215]]
2026-08-22 14:13:49 - INFO - probability_positive min=0.0000 mean=0.4894 std=0.4663 max=1.0000 predicted_0=225 predicted_1=231
2026-08-22 14:13:49 - INFO - [Classification Report - split=validation epoch=7 - threshold=0.50]
2026-08-22 14:13:49 - INFO -                 precision    recall  f1-score   support
2026-08-22 14:13:49 - INFO - 
2026-08-22 14:13:49 - INFO -       safe (0)     0.8194    0.8310    0.8252        71
2026-08-22 14:13:49 - INFO - vulnerable (1)     0.8500    0.8395    0.8447        81
2026-08-22 14:13:49 - INFO - 
2026-08-22 14:13:49 - INFO -       accuracy                         0.8355       152
2026-08-22 14:13:49 - INFO -      macro avg     0.8347    0.8352    0.8349       152
2026-08-22 14:13:49 - INFO -   weighted avg     0.8357    0.8355    0.8356       152
2026-08-22 14:13:49 - INFO - Confusion matrix - [[tn=59, fp=12], [fn=13, tp=68]]
2026-08-22 14:13:49 - INFO - probability_positive min=0.0000 mean=0.5052 std=0.4438 max=1.0000 predicted_0=72 predicted_1=80
2026-08-22 14:14:04 - INFO - Epoch 8/30 | Train loss: 0.085510 | Val loss: 0.582770 | LR: 2.00e-05 | Best epoch: 6 | Patience: 2 | Train: 14.02s | Validation: 0.79s | Epoch: 14.82s | Total: 120.34s
2026-08-22 14:14:04 - INFO - RecAdam target-task weight at epoch end: 0.999921
2026-08-22 14:14:04 - INFO - [Classification Report - split=train epoch=8 - threshold=0.50]
2026-08-22 14:14:04 - INFO -                 precision    recall  f1-score   support
2026-08-22 14:14:04 - INFO - 
2026-08-22 14:14:04 - INFO -       safe (0)     0.9956    0.9536    0.9741       237
2026-08-22 14:14:04 - INFO - vulnerable (1)     0.9520    0.9954    0.9732       219
2026-08-22 14:14:04 - INFO - 
2026-08-22 14:14:04 - INFO -       accuracy                         0.9737       456
2026-08-22 14:14:04 - INFO -      macro avg     0.9738    0.9745    0.9737       456
2026-08-22 14:14:04 - INFO -   weighted avg     0.9746    0.9737    0.9737       456
2026-08-22 14:14:04 - INFO - Confusion matrix - [[tn=226, fp=11], [fn=1, tp=218]]
2026-08-22 14:14:04 - INFO - probability_positive min=0.0000 mean=0.4798 std=0.4684 max=1.0000 predicted_0=227 predicted_1=229
2026-08-22 14:14:04 - INFO - [Classification Report - split=validation epoch=8 - threshold=0.50]
2026-08-22 14:14:04 - INFO -                 precision    recall  f1-score   support
2026-08-22 14:14:04 - INFO - 
2026-08-22 14:14:04 - INFO -       safe (0)     0.8493    0.8732    0.8611        71
2026-08-22 14:14:04 - INFO - vulnerable (1)     0.8861    0.8642    0.8750        81
2026-08-22 14:14:04 - INFO - 
2026-08-22 14:14:04 - INFO -       accuracy                         0.8684       152
2026-08-22 14:14:04 - INFO -      macro avg     0.8677    0.8687    0.8681       152
2026-08-22 14:14:04 - INFO -   weighted avg     0.8689    0.8684    0.8685       152
2026-08-22 14:14:04 - INFO - Confusion matrix - [[tn=62, fp=9], [fn=11, tp=70]]
2026-08-22 14:14:04 - INFO - probability_positive min=0.0000 mean=0.5021 std=0.4708 max=1.0000 predicted_0=73 predicted_1=79
2026-08-22 14:14:18 - INFO - Epoch 9/30 | Train loss: 0.053732 | Val loss: 0.704432 | LR: 2.00e-05 | Best epoch: 6 | Patience: 3 | Train: 14.02s | Validation: 0.79s | Epoch: 14.81s | Total: 135.16s
2026-08-22 14:14:18 - INFO - RecAdam target-task weight at epoch end: 0.999982
2026-08-22 14:14:18 - INFO - [Classification Report - split=train epoch=9 - threshold=0.50]
2026-08-22 14:14:18 - INFO -                 precision    recall  f1-score   support
2026-08-22 14:14:18 - INFO - 
2026-08-22 14:14:18 - INFO -       safe (0)     0.9957    0.9662    0.9807       237
2026-08-22 14:14:18 - INFO - vulnerable (1)     0.9646    0.9954    0.9798       219
2026-08-22 14:14:18 - INFO - 
2026-08-22 14:14:18 - INFO -       accuracy                         0.9803       456
2026-08-22 14:14:18 - INFO -      macro avg     0.9801    0.9808    0.9803       456
2026-08-22 14:14:18 - INFO -   weighted avg     0.9807    0.9803    0.9803       456
2026-08-22 14:14:18 - INFO - Confusion matrix - [[tn=229, fp=8], [fn=1, tp=218]]
2026-08-22 14:14:18 - INFO - probability_positive min=0.0000 mean=0.4825 std=0.4811 max=1.0000 predicted_0=230 predicted_1=226
2026-08-22 14:14:18 - INFO - [Classification Report - split=validation epoch=9 - threshold=0.50]
2026-08-22 14:14:18 - INFO -                 precision    recall  f1-score   support
2026-08-22 14:14:18 - INFO - 
2026-08-22 14:14:18 - INFO -       safe (0)     0.8378    0.8732    0.8552        71
2026-08-22 14:14:18 - INFO - vulnerable (1)     0.8846    0.8519    0.8679        81
2026-08-22 14:14:18 - INFO - 
2026-08-22 14:14:18 - INFO -       accuracy                         0.8618       152
2026-08-22 14:14:18 - INFO -      macro avg     0.8612    0.8625    0.8615       152
2026-08-22 14:14:18 - INFO -   weighted avg     0.8628    0.8618    0.8620       152
2026-08-22 14:14:18 - INFO - Confusion matrix - [[tn=62, fp=9], [fn=12, tp=69]]
2026-08-22 14:14:18 - INFO - probability_positive min=0.0000 mean=0.5007 std=0.4800 max=1.0000 predicted_0=74 predicted_1=78
2026-08-22 14:14:33 - INFO - Epoch 10/30 | Train loss: 0.042888 | Val loss: 0.921527 | LR: 2.00e-05 | Best epoch: 6 | Patience: 4 | Train: 14.02s | Validation: 0.80s | Epoch: 14.82s | Total: 149.99s
2026-08-22 14:14:33 - INFO - RecAdam target-task weight at epoch end: 0.999996
2026-08-22 14:14:33 - INFO - [Classification Report - split=train epoch=10 - threshold=0.50]
2026-08-22 14:14:33 - INFO -                 precision    recall  f1-score   support
2026-08-22 14:14:33 - INFO - 
2026-08-22 14:14:33 - INFO -       safe (0)     0.9831    0.9831    0.9831       237
2026-08-22 14:14:33 - INFO - vulnerable (1)     0.9817    0.9817    0.9817       219
2026-08-22 14:14:33 - INFO - 
2026-08-22 14:14:33 - INFO -       accuracy                         0.9825       456
2026-08-22 14:14:33 - INFO -      macro avg     0.9824    0.9824    0.9824       456
2026-08-22 14:14:33 - INFO -   weighted avg     0.9825    0.9825    0.9825       456
2026-08-22 14:14:33 - INFO - Confusion matrix - [[tn=233, fp=4], [fn=4, tp=215]]
2026-08-22 14:14:33 - INFO - probability_positive min=0.0000 mean=0.4786 std=0.4893 max=1.0000 predicted_0=237 predicted_1=219
2026-08-22 14:14:33 - INFO - [Classification Report - split=validation epoch=10 - threshold=0.50]
2026-08-22 14:14:33 - INFO -                 precision    recall  f1-score   support
2026-08-22 14:14:33 - INFO - 
2026-08-22 14:14:33 - INFO -       safe (0)     0.8451    0.8451    0.8451        71
2026-08-22 14:14:33 - INFO - vulnerable (1)     0.8642    0.8642    0.8642        81
2026-08-22 14:14:33 - INFO - 
2026-08-22 14:14:33 - INFO -       accuracy                         0.8553       152
2026-08-22 14:14:33 - INFO -      macro avg     0.8546    0.8546    0.8546       152
2026-08-22 14:14:33 - INFO -   weighted avg     0.8553    0.8553    0.8553       152
2026-08-22 14:14:33 - INFO - Confusion matrix - [[tn=60, fp=11], [fn=11, tp=70]]
2026-08-22 14:14:33 - INFO - probability_positive min=0.0000 mean=0.5285 std=0.4884 max=1.0000 predicted_0=71 predicted_1=81
2026-08-22 14:14:48 - INFO - Epoch 11/30 | Train loss: 0.033660 | Val loss: 1.027807 | LR: 2.00e-05 | Best epoch: 6 | Patience: 5 | Train: 14.02s | Validation: 0.80s | Epoch: 14.82s | Total: 164.81s
2026-08-22 14:14:48 - INFO - RecAdam target-task weight at epoch end: 0.999999
2026-08-22 14:14:48 - INFO - [Classification Report - split=train epoch=11 - threshold=0.50]
2026-08-22 14:14:48 - INFO -                 precision    recall  f1-score   support
2026-08-22 14:14:48 - INFO - 
2026-08-22 14:14:48 - INFO -       safe (0)     0.9957    0.9747    0.9851       237
2026-08-22 14:14:48 - INFO - vulnerable (1)     0.9732    0.9954    0.9842       219
2026-08-22 14:14:48 - INFO - 
2026-08-22 14:14:48 - INFO -       accuracy                         0.9846       456
2026-08-22 14:14:48 - INFO -      macro avg     0.9845    0.9851    0.9846       456
2026-08-22 14:14:48 - INFO -   weighted avg     0.9849    0.9846    0.9847       456
2026-08-22 14:14:48 - INFO - Confusion matrix - [[tn=231, fp=6], [fn=1, tp=218]]
2026-08-22 14:14:48 - INFO - probability_positive min=0.0000 mean=0.4856 std=0.4930 max=1.0000 predicted_0=232 predicted_1=224
2026-08-22 14:14:48 - INFO - [Classification Report - split=validation epoch=11 - threshold=0.50]
2026-08-22 14:14:48 - INFO -                 precision    recall  f1-score   support
2026-08-22 14:14:48 - INFO - 
2026-08-22 14:14:48 - INFO -       safe (0)     0.8356    0.8592    0.8472        71
2026-08-22 14:14:48 - INFO - vulnerable (1)     0.8734    0.8519    0.8625        81
2026-08-22 14:14:48 - INFO - 
2026-08-22 14:14:48 - INFO -       accuracy                         0.8553       152
2026-08-22 14:14:48 - INFO -      macro avg     0.8545    0.8555    0.8549       152
2026-08-22 14:14:48 - INFO -   weighted avg     0.8558    0.8553    0.8554       152
2026-08-22 14:14:48 - INFO - Confusion matrix - [[tn=61, fp=10], [fn=12, tp=69]]
2026-08-22 14:14:48 - INFO - probability_positive min=0.0000 mean=0.5074 std=0.4899 max=1.0000 predicted_0=73 predicted_1=79
2026-08-22 14:14:48 - INFO - Early stopping | Epoch: 11 | Best epoch: 6
2026-08-22 14:14:48 - INFO - Best checkpoint saved | Path: model/samu_unixcoder/transfer_none/seed_42/fold5/best.pt | Epoch: 6 | Val macro_f1: 0.886741
2026-08-22 14:14:48 - INFO - Training finished | Elapsed: 164.82s
2026-08-22 14:14:48 - INFO - Run finished | Phase: phase2 | Fold: 5 | Seed: 42 | Elapsed: 167.28s
