2026-08-22 13:33:49 - INFO - Using device: cuda
2026-08-22 13:33:49 - INFO - Run started | Run: sam_t5p | Method: transfer_none | Phase: phase2 | Fold: 5 | Seed: 42 | Device: cuda
2026-08-22 13:33:49 - INFO - Loading Python training data: data/sven_python_folds_norm/fold5/train.jsonl
2026-08-22 13:33:49 - INFO - Loading Python validation data: data/sven_python_folds_norm/fold5/val.jsonl
2026-08-22 13:33:49 - INFO - Data split: python_train | Total: 456 | Labels: {0: 237, 1: 219} | CWEs: {'CWE-022': 34, 'CWE-078': 121, 'CWE-079': 52, 'CWE-089': 249} | Languages: {'python': 456} | Invalid CWE: 0
2026-08-22 13:33:49 - INFO - Data split: python_val | Total: 152 | Labels: {0: 71, 1: 81} | CWEs: {'CWE-022': 19, 'CWE-078': 39, 'CWE-079': 14, 'CWE-089': 80} | Languages: {'python': 152} | Invalid CWE: 0
2026-08-22 13:33:50 - INFO - Auxiliary head width taken from checkpoint: 4
2026-08-22 13:33:52 - INFO - Loaded source checkpoint: model/sam_t5p/transfer_none/seed_42/source/best.pt | Best epoch: 10 | Best Val Macro-F1: 0.677074
2026-08-22 13:33:52 - INFO - RecAdam schedule | Total steps: 870 | Steps/epoch: 29 | Anneal t0: 43 | Weights: {1: 0.10909682119561293, 29: 0.3318122278318339, 43: 0.5, 870: 1.0}
2026-08-22 13:33:52 - INFO - Environment: {"components": {"backbone": {"frozen": 0, "total": 109607040, "trainable": 109607040}, "vul_head": {"frozen": 0, "total": 1538, "trainable": 1538}}, "cuda": "12.8", "fold": 5, "frozen_parameters": 0, "gpu": "NVIDIA GeForce RTX 5070 Ti", "hyperparameters": {"anneal_fun": "sigmoid", "anneal_k": 0.05, "anneal_t0_ratio": 0.05, "anneal_w": 1.0, "aux_mode": "none", "batch_size": 16, "checkpoint_path": "model/sam_t5p/transfer_none/seed_42/fold5/best.pt", "cwe_vocab": "fixed4", "data_path": "data/train_ccpp_filtered.jsonl", "data_root": "data/sven_python_folds_norm", "epochs": 30, "eval_batch_size": 16, "fold": 5, "freeze_backbone_layers": 0, "freeze_prototypes_steps": 0, "lambda_cwe": 0.2, "latent_temperature": 0.1, "learning_rate": 2e-05, "lora_rank": 0, "lp_epochs": 0, "lp_learning_rate": 0.001, "max_eval_samples": null, "max_grad_norm": 1.0, "max_length": 512, "max_train_samples": null, "method_name": "transfer_none", "min_epochs": 3, "model_name": "Salesforce/codet5p-220m", "num_cwes": 4, "num_latent": 8, "num_workers": 0, "output_dir": "results/sam_t5p/transfer_none", "patience": 5, "phase": "phase2", "phase2_optimizer": "recadam", "pooling": "mean", "pretrain_cof": 5000.0, "recadam_anchor": "source", "result_path": "results/sam_t5p/transfer_none/seed_42/fold5.json", "run_name": "sam_t5p", "sam_rho": 0.05, "seed": 42, "selection_metric": "macro_f1", "source_checkpoint": "model/sam_t5p/transfer_none/seed_42/source/best.pt", "source_interpolation": 1.0, "strict_determinism": false, "target_lang": "python", "test_path": null, "train_path": null, "truncation_strategy": "head_middle_tail", "val_path": null, "weight_decay": 0.01}, "mode": "phase2_train", "model_name": "Salesforce/codet5p-220m", "seed": 42, "sklearn": "1.9.0", "torch": "2.11.0+cu128", "trainable_parameters": 109608578, "transformers": "4.57.1"}
2026-08-22 13:33:52 - INFO - SAM bat | rho=0.0500 (tuyet doi, chuan L2 toan cuc) | moi buoc 2 luot forward-backward, thoi gian huan luyen ~2x
2026-08-22 13:33:52 - INFO - Training started | Phase: phase2 | Epochs: 30
2026-08-22 13:33:53 - INFO - RecAdam first-step safety checks passed
2026-08-22 13:34:10 - INFO - Epoch 1/30 | Train loss: 0.772224 | Val loss: 0.656633 | LR: 2.00e-05 | Best epoch: 1 | Patience: 0 | Train: 16.70s | Validation: 0.96s | Epoch: 17.84s | Total: 17.84s
2026-08-22 13:34:10 - INFO - RecAdam target-task weight at epoch end: 0.331812
2026-08-22 13:34:10 - INFO - [Classification Report - split=train epoch=1 - threshold=0.50]
2026-08-22 13:34:10 - INFO -                 precision    recall  f1-score   support
2026-08-22 13:34:10 - INFO - 
2026-08-22 13:34:10 - INFO -       safe (0)     0.7226    0.4177    0.5294       237
2026-08-22 13:34:10 - INFO - vulnerable (1)     0.5674    0.8265    0.6729       219
2026-08-22 13:34:10 - INFO - 
2026-08-22 13:34:10 - INFO -       accuracy                         0.6140       456
2026-08-22 13:34:10 - INFO -      macro avg     0.6450    0.6221    0.6011       456
2026-08-22 13:34:10 - INFO -   weighted avg     0.6481    0.6140    0.5983       456
2026-08-22 13:34:10 - INFO - Confusion matrix - [[tn=99, fp=138], [fn=38, tp=181]]
2026-08-22 13:34:10 - INFO - probability_positive min=0.0038 mean=0.6100 std=0.2645 max=0.9944 predicted_0=137 predicted_1=319
2026-08-22 13:34:10 - INFO - [Classification Report - split=validation epoch=1 - threshold=0.50]
2026-08-22 13:34:10 - INFO -                 precision    recall  f1-score   support
2026-08-22 13:34:10 - INFO - 
2026-08-22 13:34:10 - INFO -       safe (0)     0.6393    0.5493    0.5909        71
2026-08-22 13:34:10 - INFO - vulnerable (1)     0.6484    0.7284    0.6860        81
2026-08-22 13:34:10 - INFO - 
2026-08-22 13:34:10 - INFO -       accuracy                         0.6447       152
2026-08-22 13:34:10 - INFO -      macro avg     0.6438    0.6388    0.6385       152
2026-08-22 13:34:10 - INFO -   weighted avg     0.6441    0.6447    0.6416       152
2026-08-22 13:34:10 - INFO - Confusion matrix - [[tn=39, fp=32], [fn=22, tp=59]]
2026-08-22 13:34:10 - INFO - probability_positive min=0.0024 mean=0.5282 std=0.2342 max=0.9853 predicted_0=61 predicted_1=91
2026-08-22 13:34:10 - INFO - New best model | Macro-F1: 0.638478 | Epoch: 1
2026-08-22 13:34:28 - INFO - Epoch 2/30 | Train loss: 0.602443 | Val loss: 0.568907 | LR: 2.00e-05 | Best epoch: 2 | Patience: 0 | Train: 16.53s | Validation: 0.96s | Epoch: 17.73s | Total: 35.58s
2026-08-22 13:34:28 - INFO - RecAdam target-task weight at epoch end: 0.679179
2026-08-22 13:34:28 - INFO - [Classification Report - split=train epoch=2 - threshold=0.50]
2026-08-22 13:34:28 - INFO -                 precision    recall  f1-score   support
2026-08-22 13:34:28 - INFO - 
2026-08-22 13:34:28 - INFO -       safe (0)     0.6488    0.6624    0.6555       237
2026-08-22 13:34:28 - INFO - vulnerable (1)     0.6262    0.6119    0.6189       219
2026-08-22 13:34:28 - INFO - 
2026-08-22 13:34:28 - INFO -       accuracy                         0.6382       456
2026-08-22 13:34:28 - INFO -      macro avg     0.6375    0.6372    0.6372       456
2026-08-22 13:34:28 - INFO -   weighted avg     0.6379    0.6382    0.6380       456
2026-08-22 13:34:28 - INFO - Confusion matrix - [[tn=157, fp=80], [fn=85, tp=134]]
2026-08-22 13:34:28 - INFO - probability_positive min=0.0064 mean=0.4769 std=0.1967 max=0.9727 predicted_0=242 predicted_1=214
2026-08-22 13:34:28 - INFO - [Classification Report - split=validation epoch=2 - threshold=0.50]
2026-08-22 13:34:28 - INFO -                 precision    recall  f1-score   support
2026-08-22 13:34:28 - INFO - 
2026-08-22 13:34:28 - INFO -       safe (0)     0.7164    0.6761    0.6957        71
2026-08-22 13:34:28 - INFO - vulnerable (1)     0.7294    0.7654    0.7470        81
2026-08-22 13:34:28 - INFO - 
2026-08-22 13:34:28 - INFO -       accuracy                         0.7237       152
2026-08-22 13:34:28 - INFO -      macro avg     0.7229    0.7207    0.7213       152
2026-08-22 13:34:28 - INFO -   weighted avg     0.7233    0.7237    0.7230       152
2026-08-22 13:34:28 - INFO - Confusion matrix - [[tn=48, fp=23], [fn=19, tp=62]]
2026-08-22 13:34:28 - INFO - probability_positive min=0.0058 mean=0.5079 std=0.1942 max=0.9666 predicted_0=67 predicted_1=85
2026-08-22 13:34:28 - INFO - New best model | Macro-F1: 0.721320 | Epoch: 2
2026-08-22 13:34:45 - INFO - Epoch 3/30 | Train loss: 0.493519 | Val loss: 0.459288 | LR: 2.00e-05 | Best epoch: 3 | Patience: 0 | Train: 16.53s | Validation: 0.96s | Epoch: 17.71s | Total: 53.30s
2026-08-22 13:34:45 - INFO - RecAdam target-task weight at epoch end: 0.900250
2026-08-22 13:34:45 - INFO - [Classification Report - split=train epoch=3 - threshold=0.50]
2026-08-22 13:34:45 - INFO -                 precision    recall  f1-score   support
2026-08-22 13:34:45 - INFO - 
2026-08-22 13:34:45 - INFO -       safe (0)     0.7769    0.7932    0.7850       237
2026-08-22 13:34:45 - INFO - vulnerable (1)     0.7710    0.7534    0.7621       219
2026-08-22 13:34:45 - INFO - 
2026-08-22 13:34:45 - INFO -       accuracy                         0.7741       456
2026-08-22 13:34:45 - INFO -      macro avg     0.7739    0.7733    0.7735       456
2026-08-22 13:34:45 - INFO -   weighted avg     0.7741    0.7741    0.7740       456
2026-08-22 13:34:45 - INFO - Confusion matrix - [[tn=188, fp=49], [fn=54, tp=165]]
2026-08-22 13:34:45 - INFO - probability_positive min=0.0100 mean=0.4772 std=0.2421 max=0.9891 predicted_0=242 predicted_1=214
2026-08-22 13:34:45 - INFO - [Classification Report - split=validation epoch=3 - threshold=0.50]
2026-08-22 13:34:45 - INFO -                 precision    recall  f1-score   support
2026-08-22 13:34:45 - INFO - 
2026-08-22 13:34:45 - INFO -       safe (0)     0.8727    0.6761    0.7619        71
2026-08-22 13:34:45 - INFO - vulnerable (1)     0.7629    0.9136    0.8315        81
2026-08-22 13:34:45 - INFO - 
2026-08-22 13:34:45 - INFO -       accuracy                         0.8026       152
2026-08-22 13:34:45 - INFO -      macro avg     0.8178    0.7948    0.7967       152
2026-08-22 13:34:45 - INFO -   weighted avg     0.8142    0.8026    0.7990       152
2026-08-22 13:34:45 - INFO - Confusion matrix - [[tn=48, fp=23], [fn=7, tp=74]]
2026-08-22 13:34:45 - INFO - probability_positive min=0.0044 mean=0.5683 std=0.3377 max=0.9955 predicted_0=55 predicted_1=97
2026-08-22 13:34:45 - INFO - New best model | Macro-F1: 0.796683 | Epoch: 3
2026-08-22 13:35:03 - INFO - Epoch 4/30 | Train loss: 0.314398 | Val loss: 0.410550 | LR: 2.00e-05 | Best epoch: 4 | Patience: 0 | Train: 16.53s | Validation: 0.96s | Epoch: 17.72s | Total: 71.04s
2026-08-22 13:35:03 - INFO - RecAdam target-task weight at epoch end: 0.974667
2026-08-22 13:35:03 - INFO - [Classification Report - split=train epoch=4 - threshold=0.50]
2026-08-22 13:35:03 - INFO -                 precision    recall  f1-score   support
2026-08-22 13:35:03 - INFO - 
2026-08-22 13:35:03 - INFO -       safe (0)     0.9310    0.7975    0.8591       237
2026-08-22 13:35:03 - INFO - vulnerable (1)     0.8103    0.9361    0.8686       219
2026-08-22 13:35:03 - INFO - 
2026-08-22 13:35:03 - INFO -       accuracy                         0.8640       456
2026-08-22 13:35:03 - INFO -      macro avg     0.8707    0.8668    0.8639       456
2026-08-22 13:35:03 - INFO -   weighted avg     0.8730    0.8640    0.8637       456
2026-08-22 13:35:03 - INFO - Confusion matrix - [[tn=189, fp=48], [fn=14, tp=205]]
2026-08-22 13:35:03 - INFO - probability_positive min=0.0036 mean=0.4800 std=0.3507 max=0.9918 predicted_0=203 predicted_1=253
2026-08-22 13:35:03 - INFO - [Classification Report - split=validation epoch=4 - threshold=0.50]
2026-08-22 13:35:03 - INFO -                 precision    recall  f1-score   support
2026-08-22 13:35:03 - INFO - 
2026-08-22 13:35:03 - INFO -       safe (0)     0.9000    0.7606    0.8244        71
2026-08-22 13:35:03 - INFO - vulnerable (1)     0.8152    0.9259    0.8671        81
2026-08-22 13:35:03 - INFO - 
2026-08-22 13:35:03 - INFO -       accuracy                         0.8487       152
2026-08-22 13:35:03 - INFO -      macro avg     0.8576    0.8432    0.8457       152
2026-08-22 13:35:03 - INFO -   weighted avg     0.8548    0.8487    0.8471       152
2026-08-22 13:35:03 - INFO - Confusion matrix - [[tn=54, fp=17], [fn=6, tp=75]]
2026-08-22 13:35:03 - INFO - probability_positive min=0.0026 mean=0.5449 std=0.4015 max=0.9974 predicted_0=60 predicted_1=92
2026-08-22 13:35:03 - INFO - New best model | Macro-F1: 0.845740 | Epoch: 4
2026-08-22 13:35:21 - INFO - Epoch 5/30 | Train loss: 0.214422 | Val loss: 0.364597 | LR: 2.00e-05 | Best epoch: 4 | Patience: 1 | Train: 16.53s | Validation: 0.96s | Epoch: 17.49s | Total: 88.54s
2026-08-22 13:35:21 - INFO - RecAdam target-task weight at epoch end: 0.993940
2026-08-22 13:35:21 - INFO - [Classification Report - split=train epoch=5 - threshold=0.50]
2026-08-22 13:35:21 - INFO -                 precision    recall  f1-score   support
2026-08-22 13:35:21 - INFO - 
2026-08-22 13:35:21 - INFO -       safe (0)     0.9401    0.8608    0.8987       237
2026-08-22 13:35:21 - INFO - vulnerable (1)     0.8619    0.9406    0.8996       219
2026-08-22 13:35:21 - INFO - 
2026-08-22 13:35:21 - INFO -       accuracy                         0.8991       456
2026-08-22 13:35:21 - INFO -      macro avg     0.9010    0.9007    0.8991       456
2026-08-22 13:35:21 - INFO -   weighted avg     0.9026    0.8991    0.8991       456
2026-08-22 13:35:21 - INFO - Confusion matrix - [[tn=204, fp=33], [fn=13, tp=206]]
2026-08-22 13:35:21 - INFO - probability_positive min=0.0033 mean=0.4764 std=0.4146 max=0.9969 predicted_0=217 predicted_1=239
2026-08-22 13:35:21 - INFO - [Classification Report - split=validation epoch=5 - threshold=0.50]
2026-08-22 13:35:21 - INFO -                 precision    recall  f1-score   support
2026-08-22 13:35:21 - INFO - 
2026-08-22 13:35:21 - INFO -       safe (0)     0.8710    0.7606    0.8120        71
2026-08-22 13:35:21 - INFO - vulnerable (1)     0.8111    0.9012    0.8538        81
2026-08-22 13:35:21 - INFO - 
2026-08-22 13:35:21 - INFO -       accuracy                         0.8355       152
2026-08-22 13:35:21 - INFO -      macro avg     0.8410    0.8309    0.8329       152
2026-08-22 13:35:21 - INFO -   weighted avg     0.8391    0.8355    0.8343       152
2026-08-22 13:35:21 - INFO - Confusion matrix - [[tn=54, fp=17], [fn=8, tp=73]]
2026-08-22 13:35:21 - INFO - probability_positive min=0.0032 mean=0.5231 std=0.3967 max=0.9972 predicted_0=62 predicted_1=90
2026-08-22 13:35:38 - INFO - Epoch 6/30 | Train loss: 0.158424 | Val loss: 0.420108 | LR: 2.00e-05 | Best epoch: 4 | Patience: 2 | Train: 16.53s | Validation: 0.96s | Epoch: 17.49s | Total: 106.04s
2026-08-22 13:35:38 - INFO - RecAdam target-task weight at epoch end: 0.998572
2026-08-22 13:35:38 - INFO - [Classification Report - split=train epoch=6 - threshold=0.50]
2026-08-22 13:35:38 - INFO -                 precision    recall  f1-score   support
2026-08-22 13:35:38 - INFO - 
2026-08-22 13:35:38 - INFO -       safe (0)     0.9513    0.9072    0.9287       237
2026-08-22 13:35:38 - INFO - vulnerable (1)     0.9043    0.9498    0.9265       219
2026-08-22 13:35:38 - INFO - 
2026-08-22 13:35:38 - INFO -       accuracy                         0.9276       456
2026-08-22 13:35:38 - INFO -      macro avg     0.9278    0.9285    0.9276       456
2026-08-22 13:35:38 - INFO -   weighted avg     0.9288    0.9276    0.9277       456
2026-08-22 13:35:38 - INFO - Confusion matrix - [[tn=215, fp=22], [fn=11, tp=208]]
2026-08-22 13:35:38 - INFO - probability_positive min=0.0026 mean=0.4764 std=0.4345 max=0.9983 predicted_0=226 predicted_1=230
2026-08-22 13:35:38 - INFO - [Classification Report - split=validation epoch=6 - threshold=0.50]
2026-08-22 13:35:38 - INFO -                 precision    recall  f1-score   support
2026-08-22 13:35:38 - INFO - 
2026-08-22 13:35:38 - INFO -       safe (0)     0.8689    0.7465    0.8030        71
2026-08-22 13:35:38 - INFO - vulnerable (1)     0.8022    0.9012    0.8488        81
2026-08-22 13:35:38 - INFO - 
2026-08-22 13:35:38 - INFO -       accuracy                         0.8289       152
2026-08-22 13:35:38 - INFO -      macro avg     0.8355    0.8239    0.8259       152
2026-08-22 13:35:38 - INFO -   weighted avg     0.8333    0.8289    0.8274       152
2026-08-22 13:35:38 - INFO - Confusion matrix - [[tn=53, fp=18], [fn=8, tp=73]]
2026-08-22 13:35:38 - INFO - probability_positive min=0.0027 mean=0.5642 std=0.4287 max=0.9989 predicted_0=61 predicted_1=91
2026-08-22 13:35:56 - INFO - Epoch 7/30 | Train loss: 0.124054 | Val loss: 0.411906 | LR: 2.00e-05 | Best epoch: 7 | Patience: 0 | Train: 16.53s | Validation: 0.96s | Epoch: 17.71s | Total: 123.76s
2026-08-22 13:35:56 - INFO - RecAdam target-task weight at epoch end: 0.999665
2026-08-22 13:35:56 - INFO - [Classification Report - split=train epoch=7 - threshold=0.50]
2026-08-22 13:35:56 - INFO -                 precision    recall  f1-score   support
2026-08-22 13:35:56 - INFO - 
2026-08-22 13:35:56 - INFO -       safe (0)     0.9643    0.9114    0.9371       237
2026-08-22 13:35:56 - INFO - vulnerable (1)     0.9095    0.9635    0.9357       219
2026-08-22 13:35:56 - INFO - 
2026-08-22 13:35:56 - INFO -       accuracy                         0.9364       456
2026-08-22 13:35:56 - INFO -      macro avg     0.9369    0.9374    0.9364       456
2026-08-22 13:35:56 - INFO -   weighted avg     0.9380    0.9364    0.9364       456
2026-08-22 13:35:56 - INFO - Confusion matrix - [[tn=216, fp=21], [fn=8, tp=211]]
2026-08-22 13:35:56 - INFO - probability_positive min=0.0023 mean=0.4854 std=0.4537 max=0.9984 predicted_0=224 predicted_1=232
2026-08-22 13:35:56 - INFO - [Classification Report - split=validation epoch=7 - threshold=0.50]
2026-08-22 13:35:56 - INFO -                 precision    recall  f1-score   support
2026-08-22 13:35:56 - INFO - 
2026-08-22 13:35:56 - INFO -       safe (0)     0.8243    0.8592    0.8414        71
2026-08-22 13:35:56 - INFO - vulnerable (1)     0.8718    0.8395    0.8553        81
2026-08-22 13:35:56 - INFO - 
2026-08-22 13:35:56 - INFO -       accuracy                         0.8487       152
2026-08-22 13:35:56 - INFO -      macro avg     0.8481    0.8493    0.8484       152
2026-08-22 13:35:56 - INFO -   weighted avg     0.8496    0.8487    0.8488       152
2026-08-22 13:35:56 - INFO - Confusion matrix - [[tn=61, fp=10], [fn=13, tp=68]]
2026-08-22 13:35:56 - INFO - probability_positive min=0.0021 mean=0.4868 std=0.4324 max=0.9989 predicted_0=74 predicted_1=78
2026-08-22 13:35:56 - INFO - New best model | Macro-F1: 0.848363 | Epoch: 7
2026-08-22 13:36:14 - INFO - Epoch 8/30 | Train loss: 0.094543 | Val loss: 0.489559 | LR: 2.00e-05 | Best epoch: 8 | Patience: 0 | Train: 16.53s | Validation: 0.96s | Epoch: 17.72s | Total: 141.48s
2026-08-22 13:36:14 - INFO - RecAdam target-task weight at epoch end: 0.999921
2026-08-22 13:36:14 - INFO - [Classification Report - split=train epoch=8 - threshold=0.50]
2026-08-22 13:36:14 - INFO -                 precision    recall  f1-score   support
2026-08-22 13:36:14 - INFO - 
2026-08-22 13:36:14 - INFO -       safe (0)     0.9784    0.9578    0.9680       237
2026-08-22 13:36:14 - INFO - vulnerable (1)     0.9554    0.9772    0.9661       219
2026-08-22 13:36:14 - INFO - 
2026-08-22 13:36:14 - INFO -       accuracy                         0.9671       456
2026-08-22 13:36:14 - INFO -      macro avg     0.9669    0.9675    0.9671       456
2026-08-22 13:36:14 - INFO -   weighted avg     0.9674    0.9671    0.9671       456
2026-08-22 13:36:14 - INFO - Confusion matrix - [[tn=227, fp=10], [fn=5, tp=214]]
2026-08-22 13:36:14 - INFO - probability_positive min=0.0018 mean=0.4785 std=0.4620 max=0.9992 predicted_0=232 predicted_1=224
2026-08-22 13:36:14 - INFO - [Classification Report - split=validation epoch=8 - threshold=0.50]
2026-08-22 13:36:14 - INFO -                 precision    recall  f1-score   support
2026-08-22 13:36:14 - INFO - 
2026-08-22 13:36:14 - INFO -       safe (0)     0.8025    0.9155    0.8553        71
2026-08-22 13:36:14 - INFO - vulnerable (1)     0.9155    0.8025    0.8553        81
2026-08-22 13:36:14 - INFO - 
2026-08-22 13:36:14 - INFO -       accuracy                         0.8553       152
2026-08-22 13:36:14 - INFO -      macro avg     0.8590    0.8590    0.8553       152
2026-08-22 13:36:14 - INFO -   weighted avg     0.8627    0.8553    0.8553       152
2026-08-22 13:36:14 - INFO - Confusion matrix - [[tn=65, fp=6], [fn=16, tp=65]]
2026-08-22 13:36:14 - INFO - probability_positive min=0.0015 mean=0.4637 std=0.4646 max=0.9994 predicted_0=81 predicted_1=71
2026-08-22 13:36:14 - INFO - New best model | Macro-F1: 0.855263 | Epoch: 8
2026-08-22 13:36:31 - INFO - Epoch 9/30 | Train loss: 0.065684 | Val loss: 0.485558 | LR: 2.00e-05 | Best epoch: 9 | Patience: 0 | Train: 16.53s | Validation: 0.96s | Epoch: 17.71s | Total: 159.21s
2026-08-22 13:36:31 - INFO - RecAdam target-task weight at epoch end: 0.999982
2026-08-22 13:36:31 - INFO - [Classification Report - split=train epoch=9 - threshold=0.50]
2026-08-22 13:36:31 - INFO -                 precision    recall  f1-score   support
2026-08-22 13:36:31 - INFO - 
2026-08-22 13:36:31 - INFO -       safe (0)     0.9588    0.9831    0.9708       237
2026-08-22 13:36:31 - INFO - vulnerable (1)     0.9812    0.9543    0.9676       219
2026-08-22 13:36:31 - INFO - 
2026-08-22 13:36:31 - INFO -       accuracy                         0.9693       456
2026-08-22 13:36:31 - INFO -      macro avg     0.9700    0.9687    0.9692       456
2026-08-22 13:36:31 - INFO -   weighted avg     0.9696    0.9693    0.9693       456
2026-08-22 13:36:31 - INFO - Confusion matrix - [[tn=233, fp=4], [fn=10, tp=209]]
2026-08-22 13:36:31 - INFO - probability_positive min=0.0016 mean=0.4700 std=0.4755 max=0.9995 predicted_0=243 predicted_1=213
2026-08-22 13:36:31 - INFO - [Classification Report - split=validation epoch=9 - threshold=0.50]
2026-08-22 13:36:31 - INFO -                 precision    recall  f1-score   support
2026-08-22 13:36:31 - INFO - 
2026-08-22 13:36:31 - INFO -       safe (0)     0.8533    0.9014    0.8767        71
2026-08-22 13:36:31 - INFO - vulnerable (1)     0.9091    0.8642    0.8861        81
2026-08-22 13:36:31 - INFO - 
2026-08-22 13:36:31 - INFO -       accuracy                         0.8816       152
2026-08-22 13:36:31 - INFO -      macro avg     0.8812    0.8828    0.8814       152
2026-08-22 13:36:31 - INFO -   weighted avg     0.8830    0.8816    0.8817       152
2026-08-22 13:36:31 - INFO - Confusion matrix - [[tn=64, fp=7], [fn=11, tp=70]]
2026-08-22 13:36:31 - INFO - probability_positive min=0.0012 mean=0.5053 std=0.4658 max=0.9996 predicted_0=75 predicted_1=77
2026-08-22 13:36:31 - INFO - New best model | Macro-F1: 0.881394 | Epoch: 9
2026-08-22 13:36:49 - INFO - Epoch 10/30 | Train loss: 0.059263 | Val loss: 0.555816 | LR: 2.00e-05 | Best epoch: 9 | Patience: 1 | Train: 16.53s | Validation: 0.96s | Epoch: 17.49s | Total: 176.71s
2026-08-22 13:36:49 - INFO - RecAdam target-task weight at epoch end: 0.999996
2026-08-22 13:36:49 - INFO - [Classification Report - split=train epoch=10 - threshold=0.50]
2026-08-22 13:36:49 - INFO -                 precision    recall  f1-score   support
2026-08-22 13:36:49 - INFO - 
2026-08-22 13:36:49 - INFO -       safe (0)     0.9745    0.9662    0.9703       237
2026-08-22 13:36:49 - INFO - vulnerable (1)     0.9638    0.9726    0.9682       219
2026-08-22 13:36:49 - INFO - 
2026-08-22 13:36:49 - INFO -       accuracy                         0.9693       456
2026-08-22 13:36:49 - INFO -      macro avg     0.9691    0.9694    0.9693       456
2026-08-22 13:36:49 - INFO -   weighted avg     0.9693    0.9693    0.9693       456
2026-08-22 13:36:49 - INFO - Confusion matrix - [[tn=229, fp=8], [fn=6, tp=213]]
2026-08-22 13:36:49 - INFO - probability_positive min=0.0011 mean=0.4781 std=0.4793 max=0.9996 predicted_0=235 predicted_1=221
2026-08-22 13:36:49 - INFO - [Classification Report - split=validation epoch=10 - threshold=0.50]
2026-08-22 13:36:49 - INFO -                 precision    recall  f1-score   support
2026-08-22 13:36:49 - INFO - 
2026-08-22 13:36:49 - INFO -       safe (0)     0.8493    0.8732    0.8611        71
2026-08-22 13:36:49 - INFO - vulnerable (1)     0.8861    0.8642    0.8750        81
2026-08-22 13:36:49 - INFO - 
2026-08-22 13:36:49 - INFO -       accuracy                         0.8684       152
2026-08-22 13:36:49 - INFO -      macro avg     0.8677    0.8687    0.8681       152
2026-08-22 13:36:49 - INFO -   weighted avg     0.8689    0.8684    0.8685       152
2026-08-22 13:36:49 - INFO - Confusion matrix - [[tn=62, fp=9], [fn=11, tp=70]]
2026-08-22 13:36:49 - INFO - probability_positive min=0.0010 mean=0.5082 std=0.4741 max=0.9997 predicted_0=73 predicted_1=79
2026-08-22 13:37:06 - INFO - Epoch 11/30 | Train loss: 0.042177 | Val loss: 0.689417 | LR: 2.00e-05 | Best epoch: 9 | Patience: 2 | Train: 16.53s | Validation: 0.96s | Epoch: 17.49s | Total: 194.21s
2026-08-22 13:37:06 - INFO - RecAdam target-task weight at epoch end: 0.999999
2026-08-22 13:37:06 - INFO - [Classification Report - split=train epoch=11 - threshold=0.50]
2026-08-22 13:37:06 - INFO -                 precision    recall  f1-score   support
2026-08-22 13:37:06 - INFO - 
2026-08-22 13:37:06 - INFO -       safe (0)     0.9957    0.9705    0.9829       237
2026-08-22 13:37:06 - INFO - vulnerable (1)     0.9689    0.9954    0.9820       219
2026-08-22 13:37:06 - INFO - 
2026-08-22 13:37:06 - INFO -       accuracy                         0.9825       456
2026-08-22 13:37:06 - INFO -      macro avg     0.9823    0.9829    0.9824       456
2026-08-22 13:37:06 - INFO -   weighted avg     0.9828    0.9825    0.9825       456
2026-08-22 13:37:06 - INFO - Confusion matrix - [[tn=230, fp=7], [fn=1, tp=218]]
2026-08-22 13:37:06 - INFO - probability_positive min=0.0012 mean=0.4853 std=0.4835 max=0.9997 predicted_0=231 predicted_1=225
2026-08-22 13:37:06 - INFO - [Classification Report - split=validation epoch=11 - threshold=0.50]
2026-08-22 13:37:06 - INFO -                 precision    recall  f1-score   support
2026-08-22 13:37:06 - INFO - 
2026-08-22 13:37:06 - INFO -       safe (0)     0.8000    0.9014    0.8477        71
2026-08-22 13:37:06 - INFO - vulnerable (1)     0.9028    0.8025    0.8497        81
2026-08-22 13:37:06 - INFO - 
2026-08-22 13:37:06 - INFO -       accuracy                         0.8487       152
2026-08-22 13:37:06 - INFO -      macro avg     0.8514    0.8519    0.8487       152
2026-08-22 13:37:06 - INFO -   weighted avg     0.8548    0.8487    0.8487       152
2026-08-22 13:37:06 - INFO - Confusion matrix - [[tn=64, fp=7], [fn=16, tp=65]]
2026-08-22 13:37:06 - INFO - probability_positive min=0.0008 mean=0.4762 std=0.4828 max=0.9997 predicted_0=80 predicted_1=72
2026-08-22 13:37:24 - INFO - Epoch 12/30 | Train loss: 0.040411 | Val loss: 0.784600 | LR: 2.00e-05 | Best epoch: 9 | Patience: 3 | Train: 16.53s | Validation: 0.96s | Epoch: 17.49s | Total: 211.71s
2026-08-22 13:37:24 - INFO - RecAdam target-task weight at epoch end: 1.000000
2026-08-22 13:37:24 - INFO - [Classification Report - split=train epoch=12 - threshold=0.50]
2026-08-22 13:37:24 - INFO -                 precision    recall  f1-score   support
2026-08-22 13:37:24 - INFO - 
2026-08-22 13:37:24 - INFO -       safe (0)     0.9873    0.9873    0.9873       237
2026-08-22 13:37:24 - INFO - vulnerable (1)     0.9863    0.9863    0.9863       219
2026-08-22 13:37:24 - INFO - 
2026-08-22 13:37:24 - INFO -       accuracy                         0.9868       456
2026-08-22 13:37:24 - INFO -      macro avg     0.9868    0.9868    0.9868       456
2026-08-22 13:37:24 - INFO -   weighted avg     0.9868    0.9868    0.9868       456
2026-08-22 13:37:24 - INFO - Confusion matrix - [[tn=234, fp=3], [fn=3, tp=216]]
2026-08-22 13:37:24 - INFO - probability_positive min=0.0008 mean=0.4783 std=0.4893 max=0.9997 predicted_0=237 predicted_1=219
2026-08-22 13:37:24 - INFO - [Classification Report - split=validation epoch=12 - threshold=0.50]
2026-08-22 13:37:24 - INFO -                 precision    recall  f1-score   support
2026-08-22 13:37:24 - INFO - 
2026-08-22 13:37:24 - INFO -       safe (0)     0.8472    0.8592    0.8531        71
2026-08-22 13:37:24 - INFO - vulnerable (1)     0.8750    0.8642    0.8696        81
2026-08-22 13:37:24 - INFO - 
2026-08-22 13:37:24 - INFO -       accuracy                         0.8618       152
2026-08-22 13:37:24 - INFO -      macro avg     0.8611    0.8617    0.8614       152
2026-08-22 13:37:24 - INFO -   weighted avg     0.8620    0.8618    0.8619       152
2026-08-22 13:37:24 - INFO - Confusion matrix - [[tn=61, fp=10], [fn=11, tp=70]]
2026-08-22 13:37:24 - INFO - probability_positive min=0.0008 mean=0.5285 std=0.4908 max=0.9998 predicted_0=72 predicted_1=80
2026-08-22 13:37:41 - INFO - Epoch 13/30 | Train loss: 0.026225 | Val loss: 0.728934 | LR: 2.00e-05 | Best epoch: 9 | Patience: 4 | Train: 16.53s | Validation: 0.96s | Epoch: 17.49s | Total: 229.21s
2026-08-22 13:37:41 - INFO - RecAdam target-task weight at epoch end: 1.000000
2026-08-22 13:37:41 - INFO - [Classification Report - split=train epoch=13 - threshold=0.50]
2026-08-22 13:37:41 - INFO -                 precision    recall  f1-score   support
2026-08-22 13:37:41 - INFO - 
2026-08-22 13:37:41 - INFO -       safe (0)     0.9874    0.9916    0.9895       237
2026-08-22 13:37:41 - INFO - vulnerable (1)     0.9908    0.9863    0.9886       219
2026-08-22 13:37:41 - INFO - 
2026-08-22 13:37:41 - INFO -       accuracy                         0.9890       456
2026-08-22 13:37:41 - INFO -      macro avg     0.9891    0.9889    0.9890       456
2026-08-22 13:37:41 - INFO -   weighted avg     0.9890    0.9890    0.9890       456
2026-08-22 13:37:41 - INFO - Confusion matrix - [[tn=235, fp=2], [fn=3, tp=216]]
2026-08-22 13:37:41 - INFO - probability_positive min=0.0005 mean=0.4820 std=0.4898 max=0.9996 predicted_0=238 predicted_1=218
2026-08-22 13:37:41 - INFO - [Classification Report - split=validation epoch=13 - threshold=0.50]
2026-08-22 13:37:41 - INFO -                 precision    recall  f1-score   support
2026-08-22 13:37:41 - INFO - 
2026-08-22 13:37:41 - INFO -       safe (0)     0.8312    0.9014    0.8649        71
2026-08-22 13:37:41 - INFO - vulnerable (1)     0.9067    0.8395    0.8718        81
2026-08-22 13:37:41 - INFO - 
2026-08-22 13:37:41 - INFO -       accuracy                         0.8684       152
2026-08-22 13:37:41 - INFO -      macro avg     0.8689    0.8705    0.8683       152
2026-08-22 13:37:41 - INFO -   weighted avg     0.8714    0.8684    0.8686       152
2026-08-22 13:37:41 - INFO - Confusion matrix - [[tn=64, fp=7], [fn=13, tp=68]]
2026-08-22 13:37:41 - INFO - probability_positive min=0.0005 mean=0.4939 std=0.4862 max=0.9997 predicted_0=77 predicted_1=75
2026-08-22 13:37:59 - INFO - Epoch 14/30 | Train loss: 0.026789 | Val loss: 0.756607 | LR: 2.00e-05 | Best epoch: 9 | Patience: 5 | Train: 16.53s | Validation: 0.96s | Epoch: 17.49s | Total: 246.70s
2026-08-22 13:37:59 - INFO - RecAdam target-task weight at epoch end: 1.000000
2026-08-22 13:37:59 - INFO - [Classification Report - split=train epoch=14 - threshold=0.50]
2026-08-22 13:37:59 - INFO -                 precision    recall  f1-score   support
2026-08-22 13:37:59 - INFO - 
2026-08-22 13:37:59 - INFO -       safe (0)     0.9915    0.9873    0.9894       237
2026-08-22 13:37:59 - INFO - vulnerable (1)     0.9864    0.9909    0.9886       219
2026-08-22 13:37:59 - INFO - 
2026-08-22 13:37:59 - INFO -       accuracy                         0.9890       456
2026-08-22 13:37:59 - INFO -      macro avg     0.9889    0.9891    0.9890       456
2026-08-22 13:37:59 - INFO -   weighted avg     0.9890    0.9890    0.9890       456
2026-08-22 13:37:59 - INFO - Confusion matrix - [[tn=234, fp=3], [fn=2, tp=217]]
2026-08-22 13:37:59 - INFO - probability_positive min=0.0005 mean=0.4787 std=0.4919 max=0.9997 predicted_0=236 predicted_1=220
2026-08-22 13:37:59 - INFO - [Classification Report - split=validation epoch=14 - threshold=0.50]
2026-08-22 13:37:59 - INFO -                 precision    recall  f1-score   support
2026-08-22 13:37:59 - INFO - 
2026-08-22 13:37:59 - INFO -       safe (0)     0.8493    0.8732    0.8611        71
2026-08-22 13:37:59 - INFO - vulnerable (1)     0.8861    0.8642    0.8750        81
2026-08-22 13:37:59 - INFO - 
2026-08-22 13:37:59 - INFO -       accuracy                         0.8684       152
2026-08-22 13:37:59 - INFO -      macro avg     0.8677    0.8687    0.8681       152
2026-08-22 13:37:59 - INFO -   weighted avg     0.8689    0.8684    0.8685       152
2026-08-22 13:37:59 - INFO - Confusion matrix - [[tn=62, fp=9], [fn=11, tp=70]]
2026-08-22 13:37:59 - INFO - probability_positive min=0.0004 mean=0.5182 std=0.4894 max=0.9998 predicted_0=73 predicted_1=79
2026-08-22 13:37:59 - INFO - Early stopping | Epoch: 14 | Best epoch: 9
2026-08-22 13:37:59 - INFO - Best checkpoint saved | Path: model/sam_t5p/transfer_none/seed_42/fold5/best.pt | Epoch: 9 | Val macro_f1: 0.881394
2026-08-22 13:37:59 - INFO - Training finished | Elapsed: 246.71s
2026-08-22 13:37:59 - INFO - Run finished | Phase: phase2 | Fold: 5 | Seed: 42 | Elapsed: 249.37s
