2026-08-22 13:27:10 - INFO - Using device: cuda
2026-08-22 13:27:10 - INFO - Run started | Run: sam_t5p | Method: transfer_none | Phase: phase2 | Fold: 4 | Seed: 42 | Device: cuda
2026-08-22 13:27:10 - INFO - Loading Python training data: data/sven_python_folds_norm/fold4/train.jsonl
2026-08-22 13:27:10 - INFO - Loading Python validation data: data/sven_python_folds_norm/fold4/val.jsonl
2026-08-22 13:27:10 - INFO - Data split: python_train | Total: 456 | Labels: {0: 225, 1: 231} | CWEs: {'CWE-022': 42, 'CWE-078': 119, 'CWE-079': 53, 'CWE-089': 242} | Languages: {'python': 456} | Invalid CWE: 0
2026-08-22 13:27:10 - INFO - Data split: python_val | Total: 152 | Labels: {0: 72, 1: 80} | CWEs: {'CWE-022': 13, 'CWE-078': 44, 'CWE-079': 16, 'CWE-089': 79} | Languages: {'python': 152} | Invalid CWE: 0
2026-08-22 13:27:10 - INFO - Auxiliary head width taken from checkpoint: 4
2026-08-22 13:27:12 - INFO - Loaded source checkpoint: model/sam_t5p/transfer_none/seed_42/source/best.pt | Best epoch: 10 | Best Val Macro-F1: 0.677074
2026-08-22 13:27:12 - INFO - RecAdam schedule | Total steps: 870 | Steps/epoch: 29 | Anneal t0: 43 | Weights: {1: 0.10909682119561293, 29: 0.3318122278318339, 43: 0.5, 870: 1.0}
2026-08-22 13:27:12 - INFO - Environment: {"components": {"backbone": {"frozen": 0, "total": 109607040, "trainable": 109607040}, "vul_head": {"frozen": 0, "total": 1538, "trainable": 1538}}, "cuda": "12.8", "fold": 4, "frozen_parameters": 0, "gpu": "NVIDIA GeForce RTX 5070 Ti", "hyperparameters": {"anneal_fun": "sigmoid", "anneal_k": 0.05, "anneal_t0_ratio": 0.05, "anneal_w": 1.0, "aux_mode": "none", "batch_size": 16, "checkpoint_path": "model/sam_t5p/transfer_none/seed_42/fold4/best.pt", "cwe_vocab": "fixed4", "data_path": "data/train_ccpp_filtered.jsonl", "data_root": "data/sven_python_folds_norm", "epochs": 30, "eval_batch_size": 16, "fold": 4, "freeze_backbone_layers": 0, "freeze_prototypes_steps": 0, "lambda_cwe": 0.2, "latent_temperature": 0.1, "learning_rate": 2e-05, "lora_rank": 0, "lp_epochs": 0, "lp_learning_rate": 0.001, "max_eval_samples": null, "max_grad_norm": 1.0, "max_length": 512, "max_train_samples": null, "method_name": "transfer_none", "min_epochs": 3, "model_name": "Salesforce/codet5p-220m", "num_cwes": 4, "num_latent": 8, "num_workers": 0, "output_dir": "results/sam_t5p/transfer_none", "patience": 5, "phase": "phase2", "phase2_optimizer": "recadam", "pooling": "mean", "pretrain_cof": 5000.0, "recadam_anchor": "source", "result_path": "results/sam_t5p/transfer_none/seed_42/fold4.json", "run_name": "sam_t5p", "sam_rho": 0.05, "seed": 42, "selection_metric": "macro_f1", "source_checkpoint": "model/sam_t5p/transfer_none/seed_42/source/best.pt", "source_interpolation": 1.0, "strict_determinism": false, "target_lang": "python", "test_path": null, "train_path": null, "truncation_strategy": "head_middle_tail", "val_path": null, "weight_decay": 0.01}, "mode": "phase2_train", "model_name": "Salesforce/codet5p-220m", "seed": 42, "sklearn": "1.9.0", "torch": "2.11.0+cu128", "trainable_parameters": 109608578, "transformers": "4.57.1"}
2026-08-22 13:27:12 - INFO - SAM bat | rho=0.0500 (tuyet doi, chuan L2 toan cuc) | moi buoc 2 luot forward-backward, thoi gian huan luyen ~2x
2026-08-22 13:27:12 - INFO - Training started | Phase: phase2 | Epochs: 30
2026-08-22 13:27:13 - INFO - RecAdam first-step safety checks passed
2026-08-22 13:27:30 - INFO - Epoch 1/30 | Train loss: 0.804108 | Val loss: 0.659765 | LR: 2.00e-05 | Best epoch: 1 | Patience: 0 | Train: 16.70s | Validation: 0.96s | Epoch: 17.83s | Total: 17.83s
2026-08-22 13:27:30 - INFO - RecAdam target-task weight at epoch end: 0.331812
2026-08-22 13:27:30 - INFO - [Classification Report - split=train epoch=1 - threshold=0.50]
2026-08-22 13:27:30 - INFO -                 precision    recall  f1-score   support
2026-08-22 13:27:30 - INFO - 
2026-08-22 13:27:30 - INFO -       safe (0)     0.6414    0.4133    0.5027       225
2026-08-22 13:27:30 - INFO - vulnerable (1)     0.5756    0.7749    0.6605       231
2026-08-22 13:27:30 - INFO - 
2026-08-22 13:27:30 - INFO -       accuracy                         0.5965       456
2026-08-22 13:27:30 - INFO -      macro avg     0.6085    0.5941    0.5816       456
2026-08-22 13:27:30 - INFO -   weighted avg     0.6080    0.5965    0.5826       456
2026-08-22 13:27:30 - INFO - Confusion matrix - [[tn=93, fp=132], [fn=52, tp=179]]
2026-08-22 13:27:30 - INFO - probability_positive min=0.0033 mean=0.6185 std=0.2561 max=0.9947 predicted_0=145 predicted_1=311
2026-08-22 13:27:30 - INFO - [Classification Report - split=validation epoch=1 - threshold=0.50]
2026-08-22 13:27:30 - INFO -                 precision    recall  f1-score   support
2026-08-22 13:27:30 - INFO - 
2026-08-22 13:27:30 - INFO -       safe (0)     0.7455    0.5694    0.6457        72
2026-08-22 13:27:30 - INFO - vulnerable (1)     0.6804    0.8250    0.7458        80
2026-08-22 13:27:30 - INFO - 
2026-08-22 13:27:30 - INFO -       accuracy                         0.7039       152
2026-08-22 13:27:30 - INFO -      macro avg     0.7129    0.6972    0.6957       152
2026-08-22 13:27:30 - INFO -   weighted avg     0.7112    0.7039    0.6984       152
2026-08-22 13:27:30 - INFO - Confusion matrix - [[tn=41, fp=31], [fn=14, tp=66]]
2026-08-22 13:27:30 - INFO - probability_positive min=0.0030 mean=0.5464 std=0.2568 max=0.9893 predicted_0=55 predicted_1=97
2026-08-22 13:27:30 - INFO - New best model | Macro-F1: 0.695716 | Epoch: 1
2026-08-22 13:27:48 - INFO - Epoch 2/30 | Train loss: 0.619988 | Val loss: 0.554646 | LR: 2.00e-05 | Best epoch: 2 | Patience: 0 | Train: 16.53s | Validation: 0.96s | Epoch: 17.71s | Total: 35.54s
2026-08-22 13:27:48 - INFO - RecAdam target-task weight at epoch end: 0.679179
2026-08-22 13:27:48 - INFO - [Classification Report - split=train epoch=2 - threshold=0.50]
2026-08-22 13:27:48 - INFO -                 precision    recall  f1-score   support
2026-08-22 13:27:48 - INFO - 
2026-08-22 13:27:48 - INFO -       safe (0)     0.6372    0.6400    0.6386       225
2026-08-22 13:27:48 - INFO - vulnerable (1)     0.6478    0.6450    0.6464       231
2026-08-22 13:27:48 - INFO - 
2026-08-22 13:27:48 - INFO -       accuracy                         0.6425       456
2026-08-22 13:27:48 - INFO -      macro avg     0.6425    0.6425    0.6425       456
2026-08-22 13:27:48 - INFO -   weighted avg     0.6426    0.6425    0.6426       456
2026-08-22 13:27:48 - INFO - Confusion matrix - [[tn=144, fp=81], [fn=82, tp=149]]
2026-08-22 13:27:48 - INFO - probability_positive min=0.0042 mean=0.4935 std=0.1963 max=0.9751 predicted_0=226 predicted_1=230
2026-08-22 13:27:48 - INFO - [Classification Report - split=validation epoch=2 - threshold=0.50]
2026-08-22 13:27:48 - INFO -                 precision    recall  f1-score   support
2026-08-22 13:27:48 - INFO - 
2026-08-22 13:27:48 - INFO -       safe (0)     0.8000    0.7222    0.7591        72
2026-08-22 13:27:48 - INFO - vulnerable (1)     0.7701    0.8375    0.8024        80
2026-08-22 13:27:48 - INFO - 
2026-08-22 13:27:48 - INFO -       accuracy                         0.7829       152
2026-08-22 13:27:48 - INFO -      macro avg     0.7851    0.7799    0.7808       152
2026-08-22 13:27:48 - INFO -   weighted avg     0.7843    0.7829    0.7819       152
2026-08-22 13:27:48 - INFO - Confusion matrix - [[tn=52, fp=20], [fn=13, tp=67]]
2026-08-22 13:27:48 - INFO - probability_positive min=0.0075 mean=0.5013 std=0.2112 max=0.9696 predicted_0=65 predicted_1=87
2026-08-22 13:27:48 - INFO - New best model | Macro-F1: 0.780760 | Epoch: 2
2026-08-22 13:28:05 - INFO - Epoch 3/30 | Train loss: 0.542868 | Val loss: 0.472638 | LR: 2.00e-05 | Best epoch: 2 | Patience: 1 | Train: 16.53s | Validation: 0.96s | Epoch: 17.48s | Total: 53.04s
2026-08-22 13:28:05 - INFO - RecAdam target-task weight at epoch end: 0.900250
2026-08-22 13:28:05 - INFO - [Classification Report - split=train epoch=3 - threshold=0.50]
2026-08-22 13:28:05 - INFO -                 precision    recall  f1-score   support
2026-08-22 13:28:05 - INFO - 
2026-08-22 13:28:05 - INFO -       safe (0)     0.7311    0.6889    0.7094       225
2026-08-22 13:28:05 - INFO - vulnerable (1)     0.7131    0.7532    0.7326       231
2026-08-22 13:28:05 - INFO - 
2026-08-22 13:28:05 - INFO -       accuracy                         0.7215       456
2026-08-22 13:28:05 - INFO -      macro avg     0.7221    0.7211    0.7210       456
2026-08-22 13:28:05 - INFO -   weighted avg     0.7220    0.7215    0.7212       456
2026-08-22 13:28:05 - INFO - Confusion matrix - [[tn=155, fp=70], [fn=57, tp=174]]
2026-08-22 13:28:05 - INFO - probability_positive min=0.0083 mean=0.4798 std=0.2167 max=0.9713 predicted_0=212 predicted_1=244
2026-08-22 13:28:05 - INFO - [Classification Report - split=validation epoch=3 - threshold=0.50]
2026-08-22 13:28:05 - INFO -                 precision    recall  f1-score   support
2026-08-22 13:28:05 - INFO - 
2026-08-22 13:28:05 - INFO -       safe (0)     0.8400    0.5833    0.6885        72
2026-08-22 13:28:05 - INFO - vulnerable (1)     0.7059    0.9000    0.7912        80
2026-08-22 13:28:05 - INFO - 
2026-08-22 13:28:05 - INFO -       accuracy                         0.7500       152
2026-08-22 13:28:05 - INFO -      macro avg     0.7729    0.7417    0.7399       152
2026-08-22 13:28:05 - INFO -   weighted avg     0.7694    0.7500    0.7426       152
2026-08-22 13:28:05 - INFO - Confusion matrix - [[tn=42, fp=30], [fn=8, tp=72]]
2026-08-22 13:28:05 - INFO - probability_positive min=0.0117 mean=0.5530 std=0.2693 max=0.9738 predicted_0=50 predicted_1=102
2026-08-22 13:28:23 - INFO - Epoch 4/30 | Train loss: 0.395576 | Val loss: 0.414685 | LR: 2.00e-05 | Best epoch: 4 | Patience: 0 | Train: 16.53s | Validation: 0.96s | Epoch: 17.71s | Total: 70.76s
2026-08-22 13:28:23 - INFO - RecAdam target-task weight at epoch end: 0.974667
2026-08-22 13:28:23 - INFO - [Classification Report - split=train epoch=4 - threshold=0.50]
2026-08-22 13:28:23 - INFO -                 precision    recall  f1-score   support
2026-08-22 13:28:23 - INFO - 
2026-08-22 13:28:23 - INFO -       safe (0)     0.8978    0.7422    0.8127       225
2026-08-22 13:28:23 - INFO - vulnerable (1)     0.7852    0.9177    0.8463       231
2026-08-22 13:28:23 - INFO - 
2026-08-22 13:28:23 - INFO -       accuracy                         0.8311       456
2026-08-22 13:28:23 - INFO -      macro avg     0.8415    0.8300    0.8295       456
2026-08-22 13:28:23 - INFO -   weighted avg     0.8408    0.8311    0.8297       456
2026-08-22 13:28:23 - INFO - Confusion matrix - [[tn=167, fp=58], [fn=19, tp=212]]
2026-08-22 13:28:23 - INFO - probability_positive min=0.0053 mean=0.4953 std=0.3079 max=0.9854 predicted_0=186 predicted_1=270
2026-08-22 13:28:23 - INFO - [Classification Report - split=validation epoch=4 - threshold=0.50]
2026-08-22 13:28:23 - INFO -                 precision    recall  f1-score   support
2026-08-22 13:28:23 - INFO - 
2026-08-22 13:28:23 - INFO -       safe (0)     0.8644    0.7083    0.7786        72
2026-08-22 13:28:23 - INFO - vulnerable (1)     0.7742    0.9000    0.8324        80
2026-08-22 13:28:23 - INFO - 
2026-08-22 13:28:23 - INFO -       accuracy                         0.8092       152
2026-08-22 13:28:23 - INFO -      macro avg     0.8193    0.8042    0.8055       152
2026-08-22 13:28:23 - INFO -   weighted avg     0.8169    0.8092    0.8069       152
2026-08-22 13:28:23 - INFO - Confusion matrix - [[tn=51, fp=21], [fn=8, tp=72]]
2026-08-22 13:28:23 - INFO - probability_positive min=0.0040 mean=0.5636 std=0.4046 max=0.9964 predicted_0=59 predicted_1=93
2026-08-22 13:28:23 - INFO - New best model | Macro-F1: 0.805498 | Epoch: 4
2026-08-22 13:28:41 - INFO - Epoch 5/30 | Train loss: 0.250724 | Val loss: 0.429275 | LR: 2.00e-05 | Best epoch: 5 | Patience: 0 | Train: 16.53s | Validation: 0.96s | Epoch: 17.70s | Total: 88.47s
2026-08-22 13:28:41 - INFO - RecAdam target-task weight at epoch end: 0.993940
2026-08-22 13:28:41 - INFO - [Classification Report - split=train epoch=5 - threshold=0.50]
2026-08-22 13:28:41 - INFO -                 precision    recall  f1-score   support
2026-08-22 13:28:41 - INFO - 
2026-08-22 13:28:41 - INFO -       safe (0)     0.9317    0.8489    0.8884       225
2026-08-22 13:28:41 - INFO - vulnerable (1)     0.8645    0.9394    0.9004       231
2026-08-22 13:28:41 - INFO - 
2026-08-22 13:28:41 - INFO -       accuracy                         0.8947       456
2026-08-22 13:28:41 - INFO -      macro avg     0.8981    0.8941    0.8944       456
2026-08-22 13:28:41 - INFO -   weighted avg     0.8977    0.8947    0.8945       456
2026-08-22 13:28:41 - INFO - Confusion matrix - [[tn=191, fp=34], [fn=14, tp=217]]
2026-08-22 13:28:41 - INFO - probability_positive min=0.0040 mean=0.5108 std=0.3981 max=0.9962 predicted_0=205 predicted_1=251
2026-08-22 13:28:41 - INFO - [Classification Report - split=validation epoch=5 - threshold=0.50]
2026-08-22 13:28:41 - INFO -                 precision    recall  f1-score   support
2026-08-22 13:28:41 - INFO - 
2026-08-22 13:28:41 - INFO -       safe (0)     0.8312    0.8889    0.8591        72
2026-08-22 13:28:41 - INFO - vulnerable (1)     0.8933    0.8375    0.8645        80
2026-08-22 13:28:41 - INFO - 
2026-08-22 13:28:41 - INFO -       accuracy                         0.8618       152
2026-08-22 13:28:41 - INFO -      macro avg     0.8623    0.8632    0.8618       152
2026-08-22 13:28:41 - INFO -   weighted avg     0.8639    0.8618    0.8619       152
2026-08-22 13:28:41 - INFO - Confusion matrix - [[tn=64, fp=8], [fn=13, tp=67]]
2026-08-22 13:28:41 - INFO - probability_positive min=0.0030 mean=0.4655 std=0.4140 max=0.9973 predicted_0=77 predicted_1=75
2026-08-22 13:28:41 - INFO - New best model | Macro-F1: 0.861788 | Epoch: 5
2026-08-22 13:28:58 - INFO - Epoch 6/30 | Train loss: 0.193014 | Val loss: 0.440934 | LR: 2.00e-05 | Best epoch: 5 | Patience: 1 | Train: 16.53s | Validation: 0.96s | Epoch: 17.48s | Total: 105.96s
2026-08-22 13:28:58 - INFO - RecAdam target-task weight at epoch end: 0.998572
2026-08-22 13:28:58 - INFO - [Classification Report - split=train epoch=6 - threshold=0.50]
2026-08-22 13:28:58 - INFO -                 precision    recall  f1-score   support
2026-08-22 13:28:58 - INFO - 
2026-08-22 13:28:58 - INFO -       safe (0)     0.9426    0.8756    0.9078       225
2026-08-22 13:28:58 - INFO - vulnerable (1)     0.8866    0.9481    0.9163       231
2026-08-22 13:28:58 - INFO - 
2026-08-22 13:28:58 - INFO -       accuracy                         0.9123       456
2026-08-22 13:28:58 - INFO -      macro avg     0.9146    0.9118    0.9121       456
2026-08-22 13:28:58 - INFO -   weighted avg     0.9142    0.9123    0.9121       456
2026-08-22 13:28:58 - INFO - Confusion matrix - [[tn=197, fp=28], [fn=12, tp=219]]
2026-08-22 13:28:58 - INFO - probability_positive min=0.0031 mean=0.5095 std=0.4271 max=0.9979 predicted_0=209 predicted_1=247
2026-08-22 13:28:58 - INFO - [Classification Report - split=validation epoch=6 - threshold=0.50]
2026-08-22 13:28:58 - INFO -                 precision    recall  f1-score   support
2026-08-22 13:28:58 - INFO - 
2026-08-22 13:28:58 - INFO -       safe (0)     0.8571    0.8333    0.8451        72
2026-08-22 13:28:58 - INFO - vulnerable (1)     0.8537    0.8750    0.8642        80
2026-08-22 13:28:58 - INFO - 
2026-08-22 13:28:58 - INFO -       accuracy                         0.8553       152
2026-08-22 13:28:58 - INFO -      macro avg     0.8554    0.8542    0.8546       152
2026-08-22 13:28:58 - INFO -   weighted avg     0.8553    0.8553    0.8551       152
2026-08-22 13:28:58 - INFO - Confusion matrix - [[tn=60, fp=12], [fn=10, tp=70]]
2026-08-22 13:28:58 - INFO - probability_positive min=0.0021 mean=0.5212 std=0.4594 max=0.9988 predicted_0=70 predicted_1=82
2026-08-22 13:29:16 - INFO - Epoch 7/30 | Train loss: 0.116634 | Val loss: 0.470295 | LR: 2.00e-05 | Best epoch: 5 | Patience: 2 | Train: 16.53s | Validation: 0.96s | Epoch: 17.48s | Total: 123.45s
2026-08-22 13:29:16 - INFO - RecAdam target-task weight at epoch end: 0.999665
2026-08-22 13:29:16 - INFO - [Classification Report - split=train epoch=7 - threshold=0.50]
2026-08-22 13:29:16 - INFO -                 precision    recall  f1-score   support
2026-08-22 13:29:16 - INFO - 
2026-08-22 13:29:16 - INFO -       safe (0)     0.9811    0.9244    0.9519       225
2026-08-22 13:29:16 - INFO - vulnerable (1)     0.9303    0.9827    0.9558       231
2026-08-22 13:29:16 - INFO - 
2026-08-22 13:29:16 - INFO -       accuracy                         0.9539       456
2026-08-22 13:29:16 - INFO -      macro avg     0.9557    0.9536    0.9539       456
2026-08-22 13:29:16 - INFO -   weighted avg     0.9554    0.9539    0.9539       456
2026-08-22 13:29:16 - INFO - Confusion matrix - [[tn=208, fp=17], [fn=4, tp=227]]
2026-08-22 13:29:16 - INFO - probability_positive min=0.0020 mean=0.5101 std=0.4527 max=0.9984 predicted_0=212 predicted_1=244
2026-08-22 13:29:16 - INFO - [Classification Report - split=validation epoch=7 - threshold=0.50]
2026-08-22 13:29:16 - INFO -                 precision    recall  f1-score   support
2026-08-22 13:29:16 - INFO - 
2026-08-22 13:29:16 - INFO -       safe (0)     0.8507    0.7917    0.8201        72
2026-08-22 13:29:16 - INFO - vulnerable (1)     0.8235    0.8750    0.8485        80
2026-08-22 13:29:16 - INFO - 
2026-08-22 13:29:16 - INFO -       accuracy                         0.8355       152
2026-08-22 13:29:16 - INFO -      macro avg     0.8371    0.8333    0.8343       152
2026-08-22 13:29:16 - INFO -   weighted avg     0.8364    0.8355    0.8351       152
2026-08-22 13:29:16 - INFO - Confusion matrix - [[tn=57, fp=15], [fn=10, tp=70]]
2026-08-22 13:29:16 - INFO - probability_positive min=0.0015 mean=0.5346 std=0.4548 max=0.9990 predicted_0=67 predicted_1=85
2026-08-22 13:29:33 - INFO - Epoch 8/30 | Train loss: 0.087163 | Val loss: 0.517998 | LR: 2.00e-05 | Best epoch: 5 | Patience: 3 | Train: 16.53s | Validation: 0.96s | Epoch: 17.48s | Total: 140.94s
2026-08-22 13:29:33 - INFO - RecAdam target-task weight at epoch end: 0.999921
2026-08-22 13:29:33 - INFO - [Classification Report - split=train epoch=8 - threshold=0.50]
2026-08-22 13:29:33 - INFO -                 precision    recall  f1-score   support
2026-08-22 13:29:33 - INFO - 
2026-08-22 13:29:33 - INFO -       safe (0)     0.9953    0.9333    0.9633       225
2026-08-22 13:29:33 - INFO - vulnerable (1)     0.9388    0.9957    0.9664       231
2026-08-22 13:29:33 - INFO - 
2026-08-22 13:29:33 - INFO -       accuracy                         0.9649       456
2026-08-22 13:29:33 - INFO -      macro avg     0.9670    0.9645    0.9648       456
2026-08-22 13:29:33 - INFO -   weighted avg     0.9666    0.9649    0.9649       456
2026-08-22 13:29:33 - INFO - Confusion matrix - [[tn=210, fp=15], [fn=1, tp=230]]
2026-08-22 13:29:33 - INFO - probability_positive min=0.0012 mean=0.5155 std=0.4661 max=0.9990 predicted_0=211 predicted_1=245
2026-08-22 13:29:33 - INFO - [Classification Report - split=validation epoch=8 - threshold=0.50]
2026-08-22 13:29:33 - INFO -                 precision    recall  f1-score   support
2026-08-22 13:29:33 - INFO - 
2026-08-22 13:29:33 - INFO -       safe (0)     0.8289    0.8750    0.8514        72
2026-08-22 13:29:33 - INFO - vulnerable (1)     0.8816    0.8375    0.8590        80
2026-08-22 13:29:33 - INFO - 
2026-08-22 13:29:33 - INFO -       accuracy                         0.8553       152
2026-08-22 13:29:33 - INFO -      macro avg     0.8553    0.8562    0.8552       152
2026-08-22 13:29:33 - INFO -   weighted avg     0.8566    0.8553    0.8554       152
2026-08-22 13:29:33 - INFO - Confusion matrix - [[tn=63, fp=9], [fn=13, tp=67]]
2026-08-22 13:29:33 - INFO - probability_positive min=0.0010 mean=0.4947 std=0.4708 max=0.9993 predicted_0=76 predicted_1=76
2026-08-22 13:29:51 - INFO - Epoch 9/30 | Train loss: 0.075914 | Val loss: 0.678609 | LR: 2.00e-05 | Best epoch: 5 | Patience: 4 | Train: 16.53s | Validation: 0.96s | Epoch: 17.48s | Total: 158.43s
2026-08-22 13:29:51 - INFO - RecAdam target-task weight at epoch end: 0.999982
2026-08-22 13:29:51 - INFO - [Classification Report - split=train epoch=9 - threshold=0.50]
2026-08-22 13:29:51 - INFO -                 precision    recall  f1-score   support
2026-08-22 13:29:51 - INFO - 
2026-08-22 13:29:51 - INFO -       safe (0)     0.9861    0.9467    0.9660       225
2026-08-22 13:29:51 - INFO - vulnerable (1)     0.9500    0.9870    0.9682       231
2026-08-22 13:29:51 - INFO - 
2026-08-22 13:29:51 - INFO -       accuracy                         0.9671       456
2026-08-22 13:29:51 - INFO -      macro avg     0.9681    0.9668    0.9671       456
2026-08-22 13:29:51 - INFO -   weighted avg     0.9678    0.9671    0.9671       456
2026-08-22 13:29:51 - INFO - Confusion matrix - [[tn=213, fp=12], [fn=3, tp=228]]
2026-08-22 13:29:51 - INFO - probability_positive min=0.0014 mean=0.5044 std=0.4702 max=0.9994 predicted_0=216 predicted_1=240
2026-08-22 13:29:51 - INFO - [Classification Report - split=validation epoch=9 - threshold=0.50]
2026-08-22 13:29:51 - INFO -                 precision    recall  f1-score   support
2026-08-22 13:29:51 - INFO - 
2026-08-22 13:29:51 - INFO -       safe (0)     0.8333    0.8333    0.8333        72
2026-08-22 13:29:51 - INFO - vulnerable (1)     0.8500    0.8500    0.8500        80
2026-08-22 13:29:51 - INFO - 
2026-08-22 13:29:51 - INFO -       accuracy                         0.8421       152
2026-08-22 13:29:51 - INFO -      macro avg     0.8417    0.8417    0.8417       152
2026-08-22 13:29:51 - INFO -   weighted avg     0.8421    0.8421    0.8421       152
2026-08-22 13:29:51 - INFO - Confusion matrix - [[tn=60, fp=12], [fn=12, tp=68]]
2026-08-22 13:29:51 - INFO - probability_positive min=0.0010 mean=0.5194 std=0.4835 max=0.9996 predicted_0=72 predicted_1=80
2026-08-22 13:30:08 - INFO - Epoch 10/30 | Train loss: 0.065420 | Val loss: 0.626136 | LR: 2.00e-05 | Best epoch: 5 | Patience: 5 | Train: 16.53s | Validation: 0.96s | Epoch: 17.48s | Total: 175.92s
2026-08-22 13:30:08 - INFO - RecAdam target-task weight at epoch end: 0.999996
2026-08-22 13:30:08 - INFO - [Classification Report - split=train epoch=10 - threshold=0.50]
2026-08-22 13:30:08 - INFO -                 precision    recall  f1-score   support
2026-08-22 13:30:08 - INFO - 
2026-08-22 13:30:08 - INFO -       safe (0)     0.9690    0.9733    0.9712       225
2026-08-22 13:30:08 - INFO - vulnerable (1)     0.9739    0.9697    0.9718       231
2026-08-22 13:30:08 - INFO - 
2026-08-22 13:30:08 - INFO -       accuracy                         0.9715       456
2026-08-22 13:30:08 - INFO -      macro avg     0.9715    0.9715    0.9715       456
2026-08-22 13:30:08 - INFO -   weighted avg     0.9715    0.9715    0.9715       456
2026-08-22 13:30:08 - INFO - Confusion matrix - [[tn=219, fp=6], [fn=7, tp=224]]
2026-08-22 13:30:08 - INFO - probability_positive min=0.0009 mean=0.4959 std=0.4805 max=0.9994 predicted_0=226 predicted_1=230
2026-08-22 13:30:08 - INFO - [Classification Report - split=validation epoch=10 - threshold=0.50]
2026-08-22 13:30:08 - INFO -                 precision    recall  f1-score   support
2026-08-22 13:30:08 - INFO - 
2026-08-22 13:30:08 - INFO -       safe (0)     0.8378    0.8611    0.8493        72
2026-08-22 13:30:08 - INFO - vulnerable (1)     0.8718    0.8500    0.8608        80
2026-08-22 13:30:08 - INFO - 
2026-08-22 13:30:08 - INFO -       accuracy                         0.8553       152
2026-08-22 13:30:08 - INFO -      macro avg     0.8548    0.8556    0.8550       152
2026-08-22 13:30:08 - INFO -   weighted avg     0.8557    0.8553    0.8553       152
2026-08-22 13:30:08 - INFO - Confusion matrix - [[tn=62, fp=10], [fn=12, tp=68]]
2026-08-22 13:30:08 - INFO - probability_positive min=0.0007 mean=0.5190 std=0.4825 max=0.9996 predicted_0=74 predicted_1=78
2026-08-22 13:30:08 - INFO - Early stopping | Epoch: 10 | Best epoch: 5
2026-08-22 13:30:08 - INFO - Best checkpoint saved | Path: model/sam_t5p/transfer_none/seed_42/fold4/best.pt | Epoch: 5 | Val macro_f1: 0.861788
2026-08-22 13:30:08 - INFO - Training finished | Elapsed: 175.93s
2026-08-22 13:30:08 - INFO - Run finished | Phase: phase2 | Fold: 4 | Seed: 42 | Elapsed: 178.52s
