2026-08-22 13:19:54 - INFO - Using device: cuda
2026-08-22 13:19:54 - INFO - Run started | Run: sam_t5p | Method: transfer_none | Phase: phase2 | Fold: 3 | Seed: 42 | Device: cuda
2026-08-22 13:19:54 - INFO - Loading Python training data: data/sven_python_folds_norm/fold3/train.jsonl
2026-08-22 13:19:54 - INFO - Loading Python validation data: data/sven_python_folds_norm/fold3/val.jsonl
2026-08-22 13:19:54 - INFO - Data split: python_train | Total: 456 | Labels: {0: 217, 1: 239} | CWEs: {'CWE-022': 40, 'CWE-078': 125, 'CWE-079': 49, 'CWE-089': 242} | Languages: {'python': 456} | Invalid CWE: 0
2026-08-22 13:19:54 - INFO - Data split: python_val | Total: 152 | Labels: {0: 83, 1: 69} | CWEs: {'CWE-022': 11, 'CWE-078': 41, 'CWE-079': 13, 'CWE-089': 87} | Languages: {'python': 152} | Invalid CWE: 0
2026-08-22 13:19:55 - INFO - Auxiliary head width taken from checkpoint: 4
2026-08-22 13:19:57 - INFO - Loaded source checkpoint: model/sam_t5p/transfer_none/seed_42/source/best.pt | Best epoch: 10 | Best Val Macro-F1: 0.677074
2026-08-22 13:19:57 - INFO - RecAdam schedule | Total steps: 870 | Steps/epoch: 29 | Anneal t0: 43 | Weights: {1: 0.10909682119561293, 29: 0.3318122278318339, 43: 0.5, 870: 1.0}
2026-08-22 13:19:57 - INFO - Environment: {"components": {"backbone": {"frozen": 0, "total": 109607040, "trainable": 109607040}, "vul_head": {"frozen": 0, "total": 1538, "trainable": 1538}}, "cuda": "12.8", "fold": 3, "frozen_parameters": 0, "gpu": "NVIDIA GeForce RTX 5070 Ti", "hyperparameters": {"anneal_fun": "sigmoid", "anneal_k": 0.05, "anneal_t0_ratio": 0.05, "anneal_w": 1.0, "aux_mode": "none", "batch_size": 16, "checkpoint_path": "model/sam_t5p/transfer_none/seed_42/fold3/best.pt", "cwe_vocab": "fixed4", "data_path": "data/train_ccpp_filtered.jsonl", "data_root": "data/sven_python_folds_norm", "epochs": 30, "eval_batch_size": 16, "fold": 3, "freeze_backbone_layers": 0, "freeze_prototypes_steps": 0, "lambda_cwe": 0.2, "latent_temperature": 0.1, "learning_rate": 2e-05, "lora_rank": 0, "lp_epochs": 0, "lp_learning_rate": 0.001, "max_eval_samples": null, "max_grad_norm": 1.0, "max_length": 512, "max_train_samples": null, "method_name": "transfer_none", "min_epochs": 3, "model_name": "Salesforce/codet5p-220m", "num_cwes": 4, "num_latent": 8, "num_workers": 0, "output_dir": "results/sam_t5p/transfer_none", "patience": 5, "phase": "phase2", "phase2_optimizer": "recadam", "pooling": "mean", "pretrain_cof": 5000.0, "recadam_anchor": "source", "result_path": "results/sam_t5p/transfer_none/seed_42/fold3.json", "run_name": "sam_t5p", "sam_rho": 0.05, "seed": 42, "selection_metric": "macro_f1", "source_checkpoint": "model/sam_t5p/transfer_none/seed_42/source/best.pt", "source_interpolation": 1.0, "strict_determinism": false, "target_lang": "python", "test_path": null, "train_path": null, "truncation_strategy": "head_middle_tail", "val_path": null, "weight_decay": 0.01}, "mode": "phase2_train", "model_name": "Salesforce/codet5p-220m", "seed": 42, "sklearn": "1.9.0", "torch": "2.11.0+cu128", "trainable_parameters": 109608578, "transformers": "4.57.1"}
2026-08-22 13:19:57 - INFO - SAM bat | rho=0.0500 (tuyet doi, chuan L2 toan cuc) | moi buoc 2 luot forward-backward, thoi gian huan luyen ~2x
2026-08-22 13:19:57 - INFO - Training started | Phase: phase2 | Epochs: 30
2026-08-22 13:19:58 - INFO - RecAdam first-step safety checks passed
2026-08-22 13:20:15 - INFO - Epoch 1/30 | Train loss: 0.754386 | Val loss: 0.611300 | LR: 2.00e-05 | Best epoch: 1 | Patience: 0 | Train: 16.69s | Validation: 0.96s | Epoch: 17.81s | Total: 17.81s
2026-08-22 13:20:15 - INFO - RecAdam target-task weight at epoch end: 0.331812
2026-08-22 13:20:15 - INFO - [Classification Report - split=train epoch=1 - threshold=0.50]
2026-08-22 13:20:15 - INFO -                 precision    recall  f1-score   support
2026-08-22 13:20:15 - INFO - 
2026-08-22 13:20:15 - INFO -       safe (0)     0.7165    0.4194    0.5291       217
2026-08-22 13:20:15 - INFO - vulnerable (1)     0.6170    0.8494    0.7148       239
2026-08-22 13:20:15 - INFO - 
2026-08-22 13:20:15 - INFO -       accuracy                         0.6447       456
2026-08-22 13:20:15 - INFO -      macro avg     0.6668    0.6344    0.6219       456
2026-08-22 13:20:15 - INFO -   weighted avg     0.6644    0.6447    0.6264       456
2026-08-22 13:20:15 - INFO - Confusion matrix - [[tn=91, fp=126], [fn=36, tp=203]]
2026-08-22 13:20:15 - INFO - probability_positive min=0.0033 mean=0.6355 std=0.2497 max=0.9959 predicted_0=127 predicted_1=329
2026-08-22 13:20:15 - INFO - [Classification Report - split=validation epoch=1 - threshold=0.50]
2026-08-22 13:20:15 - INFO -                 precision    recall  f1-score   support
2026-08-22 13:20:15 - INFO - 
2026-08-22 13:20:15 - INFO -       safe (0)     0.7538    0.5904    0.6622        83
2026-08-22 13:20:15 - INFO - vulnerable (1)     0.6092    0.7681    0.6795        69
2026-08-22 13:20:15 - INFO - 
2026-08-22 13:20:15 - INFO -       accuracy                         0.6711       152
2026-08-22 13:20:15 - INFO -      macro avg     0.6815    0.6792    0.6708       152
2026-08-22 13:20:15 - INFO -   weighted avg     0.6882    0.6711    0.6700       152
2026-08-22 13:20:15 - INFO - Confusion matrix - [[tn=49, fp=34], [fn=16, tp=53]]
2026-08-22 13:20:15 - INFO - probability_positive min=0.0041 mean=0.5528 std=0.2641 max=0.9903 predicted_0=65 predicted_1=87
2026-08-22 13:20:15 - INFO - New best model | Macro-F1: 0.670825 | Epoch: 1
2026-08-22 13:20:33 - INFO - Epoch 2/30 | Train loss: 0.606351 | Val loss: 0.557352 | LR: 2.00e-05 | Best epoch: 2 | Patience: 0 | Train: 16.52s | Validation: 0.96s | Epoch: 17.70s | Total: 35.52s
2026-08-22 13:20:33 - INFO - RecAdam target-task weight at epoch end: 0.679179
2026-08-22 13:20:33 - INFO - [Classification Report - split=train epoch=2 - threshold=0.50]
2026-08-22 13:20:33 - INFO -                 precision    recall  f1-score   support
2026-08-22 13:20:33 - INFO - 
2026-08-22 13:20:33 - INFO -       safe (0)     0.6847    0.6406    0.6619       217
2026-08-22 13:20:33 - INFO - vulnerable (1)     0.6917    0.7322    0.7114       239
2026-08-22 13:20:33 - INFO - 
2026-08-22 13:20:33 - INFO -       accuracy                         0.6886       456
2026-08-22 13:20:33 - INFO -      macro avg     0.6882    0.6864    0.6866       456
2026-08-22 13:20:33 - INFO -   weighted avg     0.6884    0.6886    0.6878       456
2026-08-22 13:20:33 - INFO - Confusion matrix - [[tn=139, fp=78], [fn=64, tp=175]]
2026-08-22 13:20:33 - INFO - probability_positive min=0.0038 mean=0.5097 std=0.2020 max=0.9772 predicted_0=203 predicted_1=253
2026-08-22 13:20:33 - INFO - [Classification Report - split=validation epoch=2 - threshold=0.50]
2026-08-22 13:20:33 - INFO -                 precision    recall  f1-score   support
2026-08-22 13:20:33 - INFO - 
2026-08-22 13:20:33 - INFO -       safe (0)     0.8462    0.5301    0.6519        83
2026-08-22 13:20:33 - INFO - vulnerable (1)     0.6100    0.8841    0.7219        69
2026-08-22 13:20:33 - INFO - 
2026-08-22 13:20:33 - INFO -       accuracy                         0.6908       152
2026-08-22 13:20:33 - INFO -      macro avg     0.7281    0.7071    0.6869       152
2026-08-22 13:20:33 - INFO -   weighted avg     0.7390    0.6908    0.6836       152
2026-08-22 13:20:33 - INFO - Confusion matrix - [[tn=44, fp=39], [fn=8, tp=61]]
2026-08-22 13:20:33 - INFO - probability_positive min=0.0114 mean=0.5757 std=0.2397 max=0.9693 predicted_0=52 predicted_1=100
2026-08-22 13:20:33 - INFO - New best model | Macro-F1: 0.686873 | Epoch: 2
2026-08-22 13:20:50 - INFO - Epoch 3/30 | Train loss: 0.511306 | Val loss: 0.477666 | LR: 2.00e-05 | Best epoch: 3 | Patience: 0 | Train: 16.52s | Validation: 0.96s | Epoch: 17.71s | Total: 53.24s
2026-08-22 13:20:50 - INFO - RecAdam target-task weight at epoch end: 0.900250
2026-08-22 13:20:50 - INFO - [Classification Report - split=train epoch=3 - threshold=0.50]
2026-08-22 13:20:50 - INFO -                 precision    recall  f1-score   support
2026-08-22 13:20:50 - INFO - 
2026-08-22 13:20:50 - INFO -       safe (0)     0.8103    0.6498    0.7212       217
2026-08-22 13:20:50 - INFO - vulnerable (1)     0.7305    0.8619    0.7908       239
2026-08-22 13:20:50 - INFO - 
2026-08-22 13:20:50 - INFO -       accuracy                         0.7610       456
2026-08-22 13:20:50 - INFO -      macro avg     0.7704    0.7558    0.7560       456
2026-08-22 13:20:50 - INFO -   weighted avg     0.7685    0.7610    0.7577       456
2026-08-22 13:20:50 - INFO - Confusion matrix - [[tn=141, fp=76], [fn=33, tp=206]]
2026-08-22 13:20:50 - INFO - probability_positive min=0.0075 mean=0.5263 std=0.2374 max=0.9833 predicted_0=174 predicted_1=282
2026-08-22 13:20:50 - INFO - [Classification Report - split=validation epoch=3 - threshold=0.50]
2026-08-22 13:20:50 - INFO -                 precision    recall  f1-score   support
2026-08-22 13:20:50 - INFO - 
2026-08-22 13:20:50 - INFO -       safe (0)     0.9167    0.5301    0.6718        83
2026-08-22 13:20:50 - INFO - vulnerable (1)     0.6250    0.9420    0.7514        69
2026-08-22 13:20:50 - INFO - 
2026-08-22 13:20:50 - INFO -       accuracy                         0.7171       152
2026-08-22 13:20:50 - INFO -      macro avg     0.7708    0.7361    0.7116       152
2026-08-22 13:20:50 - INFO -   weighted avg     0.7843    0.7171    0.7079       152
2026-08-22 13:20:50 - INFO - Confusion matrix - [[tn=44, fp=39], [fn=4, tp=65]]
2026-08-22 13:20:50 - INFO - probability_positive min=0.0092 mean=0.5731 std=0.2948 max=0.9813 predicted_0=48 predicted_1=104
2026-08-22 13:20:50 - INFO - New best model | Macro-F1: 0.711600 | Epoch: 3
2026-08-22 13:21:08 - INFO - Epoch 4/30 | Train loss: 0.358513 | Val loss: 0.308279 | LR: 2.00e-05 | Best epoch: 4 | Patience: 0 | Train: 16.52s | Validation: 0.96s | Epoch: 17.70s | Total: 70.96s
2026-08-22 13:21:08 - INFO - RecAdam target-task weight at epoch end: 0.974667
2026-08-22 13:21:08 - INFO - [Classification Report - split=train epoch=4 - threshold=0.50]
2026-08-22 13:21:08 - INFO -                 precision    recall  f1-score   support
2026-08-22 13:21:08 - INFO - 
2026-08-22 13:21:08 - INFO -       safe (0)     0.9027    0.7696    0.8308       217
2026-08-22 13:21:08 - INFO - vulnerable (1)     0.8155    0.9247    0.8667       239
2026-08-22 13:21:08 - INFO - 
2026-08-22 13:21:08 - INFO -       accuracy                         0.8509       456
2026-08-22 13:21:08 - INFO -      macro avg     0.8591    0.8471    0.8488       456
2026-08-22 13:21:08 - INFO -   weighted avg     0.8570    0.8509    0.8496       456
2026-08-22 13:21:08 - INFO - Confusion matrix - [[tn=167, fp=50], [fn=18, tp=221]]
2026-08-22 13:21:08 - INFO - probability_positive min=0.0057 mean=0.5286 std=0.3344 max=0.9893 predicted_0=185 predicted_1=271
2026-08-22 13:21:08 - INFO - [Classification Report - split=validation epoch=4 - threshold=0.50]
2026-08-22 13:21:08 - INFO -                 precision    recall  f1-score   support
2026-08-22 13:21:08 - INFO - 
2026-08-22 13:21:08 - INFO -       safe (0)     0.9103    0.8554    0.8820        83
2026-08-22 13:21:08 - INFO - vulnerable (1)     0.8378    0.8986    0.8671        69
2026-08-22 13:21:08 - INFO - 
2026-08-22 13:21:08 - INFO -       accuracy                         0.8750       152
2026-08-22 13:21:08 - INFO -      macro avg     0.8740    0.8770    0.8746       152
2026-08-22 13:21:08 - INFO -   weighted avg     0.8774    0.8750    0.8752       152
2026-08-22 13:21:08 - INFO - Confusion matrix - [[tn=71, fp=12], [fn=7, tp=62]]
2026-08-22 13:21:08 - INFO - probability_positive min=0.0040 mean=0.4804 std=0.3928 max=0.9972 predicted_0=78 predicted_1=74
2026-08-22 13:21:08 - INFO - New best model | Macro-F1: 0.874560 | Epoch: 4
2026-08-22 13:21:26 - INFO - Epoch 5/30 | Train loss: 0.238903 | Val loss: 0.270673 | LR: 2.00e-05 | Best epoch: 5 | Patience: 0 | Train: 16.52s | Validation: 0.96s | Epoch: 17.71s | Total: 88.68s
2026-08-22 13:21:26 - INFO - RecAdam target-task weight at epoch end: 0.993940
2026-08-22 13:21:26 - INFO - [Classification Report - split=train epoch=5 - threshold=0.50]
2026-08-22 13:21:26 - INFO -                 precision    recall  f1-score   support
2026-08-22 13:21:26 - INFO - 
2026-08-22 13:21:26 - INFO -       safe (0)     0.9208    0.8571    0.8878       217
2026-08-22 13:21:26 - INFO - vulnerable (1)     0.8780    0.9331    0.9047       239
2026-08-22 13:21:26 - INFO - 
2026-08-22 13:21:26 - INFO -       accuracy                         0.8969       456
2026-08-22 13:21:26 - INFO -      macro avg     0.8994    0.8951    0.8962       456
2026-08-22 13:21:26 - INFO -   weighted avg     0.8983    0.8969    0.8967       456
2026-08-22 13:21:26 - INFO - Confusion matrix - [[tn=186, fp=31], [fn=16, tp=223]]
2026-08-22 13:21:26 - INFO - probability_positive min=0.0050 mean=0.5219 std=0.4042 max=0.9974 predicted_0=202 predicted_1=254
2026-08-22 13:21:26 - INFO - [Classification Report - split=validation epoch=5 - threshold=0.50]
2026-08-22 13:21:26 - INFO -                 precision    recall  f1-score   support
2026-08-22 13:21:26 - INFO - 
2026-08-22 13:21:26 - INFO -       safe (0)     0.9036    0.9036    0.9036        83
2026-08-22 13:21:26 - INFO - vulnerable (1)     0.8841    0.8841    0.8841        69
2026-08-22 13:21:26 - INFO - 
2026-08-22 13:21:26 - INFO -       accuracy                         0.8947       152
2026-08-22 13:21:26 - INFO -      macro avg     0.8938    0.8938    0.8938       152
2026-08-22 13:21:26 - INFO -   weighted avg     0.8947    0.8947    0.8947       152
2026-08-22 13:21:26 - INFO - Confusion matrix - [[tn=75, fp=8], [fn=8, tp=61]]
2026-08-22 13:21:26 - INFO - probability_positive min=0.0039 mean=0.4422 std=0.4240 max=0.9976 predicted_0=83 predicted_1=69
2026-08-22 13:21:26 - INFO - New best model | Macro-F1: 0.893836 | Epoch: 5
2026-08-22 13:21:43 - INFO - Epoch 6/30 | Train loss: 0.180274 | Val loss: 0.291298 | LR: 2.00e-05 | Best epoch: 5 | Patience: 1 | Train: 16.52s | Validation: 0.96s | Epoch: 17.48s | Total: 106.17s
2026-08-22 13:21:43 - INFO - RecAdam target-task weight at epoch end: 0.998572
2026-08-22 13:21:43 - INFO - [Classification Report - split=train epoch=6 - threshold=0.50]
2026-08-22 13:21:43 - INFO -                 precision    recall  f1-score   support
2026-08-22 13:21:43 - INFO - 
2026-08-22 13:21:43 - INFO -       safe (0)     0.9091    0.9217    0.9153       217
2026-08-22 13:21:43 - INFO - vulnerable (1)     0.9280    0.9163    0.9221       239
2026-08-22 13:21:43 - INFO - 
2026-08-22 13:21:43 - INFO -       accuracy                         0.9189       456
2026-08-22 13:21:43 - INFO -      macro avg     0.9185    0.9190    0.9187       456
2026-08-22 13:21:43 - INFO -   weighted avg     0.9190    0.9189    0.9189       456
2026-08-22 13:21:43 - INFO - Confusion matrix - [[tn=200, fp=17], [fn=20, tp=219]]
2026-08-22 13:21:43 - INFO - probability_positive min=0.0062 mean=0.5100 std=0.4238 max=0.9981 predicted_0=220 predicted_1=236
2026-08-22 13:21:43 - INFO - [Classification Report - split=validation epoch=6 - threshold=0.50]
2026-08-22 13:21:43 - INFO -                 precision    recall  f1-score   support
2026-08-22 13:21:43 - INFO - 
2026-08-22 13:21:43 - INFO -       safe (0)     0.9211    0.8434    0.8805        83
2026-08-22 13:21:43 - INFO - vulnerable (1)     0.8289    0.9130    0.8690        69
2026-08-22 13:21:43 - INFO - 
2026-08-22 13:21:43 - INFO -       accuracy                         0.8750       152
2026-08-22 13:21:43 - INFO -      macro avg     0.8750    0.8782    0.8747       152
2026-08-22 13:21:43 - INFO -   weighted avg     0.8792    0.8750    0.8753       152
2026-08-22 13:21:43 - INFO - Confusion matrix - [[tn=70, fp=13], [fn=6, tp=63]]
2026-08-22 13:21:43 - INFO - probability_positive min=0.0048 mean=0.4922 std=0.4444 max=0.9988 predicted_0=76 predicted_1=76
2026-08-22 13:22:01 - INFO - Epoch 7/30 | Train loss: 0.142475 | Val loss: 0.359204 | LR: 2.00e-05 | Best epoch: 7 | Patience: 0 | Train: 16.52s | Validation: 0.96s | Epoch: 17.70s | Total: 123.88s
2026-08-22 13:22:01 - INFO - RecAdam target-task weight at epoch end: 0.999665
2026-08-22 13:22:01 - INFO - [Classification Report - split=train epoch=7 - threshold=0.50]
2026-08-22 13:22:01 - INFO -                 precision    recall  f1-score   support
2026-08-22 13:22:01 - INFO - 
2026-08-22 13:22:01 - INFO -       safe (0)     0.9524    0.9217    0.9368       217
2026-08-22 13:22:01 - INFO - vulnerable (1)     0.9309    0.9582    0.9443       239
2026-08-22 13:22:01 - INFO - 
2026-08-22 13:22:01 - INFO -       accuracy                         0.9408       456
2026-08-22 13:22:01 - INFO -      macro avg     0.9416    0.9399    0.9405       456
2026-08-22 13:22:01 - INFO -   weighted avg     0.9411    0.9408    0.9407       456
2026-08-22 13:22:01 - INFO - Confusion matrix - [[tn=200, fp=17], [fn=10, tp=229]]
2026-08-22 13:22:01 - INFO - probability_positive min=0.0030 mean=0.5360 std=0.4451 max=0.9988 predicted_0=210 predicted_1=246
2026-08-22 13:22:01 - INFO - [Classification Report - split=validation epoch=7 - threshold=0.50]
2026-08-22 13:22:01 - INFO -                 precision    recall  f1-score   support
2026-08-22 13:22:01 - INFO - 
2026-08-22 13:22:01 - INFO -       safe (0)     0.9359    0.8795    0.9068        83
2026-08-22 13:22:01 - INFO - vulnerable (1)     0.8649    0.9275    0.8951        69
2026-08-22 13:22:01 - INFO - 
2026-08-22 13:22:01 - INFO -       accuracy                         0.9013       152
2026-08-22 13:22:01 - INFO -      macro avg     0.9004    0.9035    0.9010       152
2026-08-22 13:22:01 - INFO -   weighted avg     0.9037    0.9013    0.9015       152
2026-08-22 13:22:01 - INFO - Confusion matrix - [[tn=73, fp=10], [fn=5, tp=64]]
2026-08-22 13:22:01 - INFO - probability_positive min=0.0021 mean=0.4949 std=0.4714 max=0.9992 predicted_0=78 predicted_1=74
2026-08-22 13:22:01 - INFO - New best model | Macro-F1: 0.900969 | Epoch: 7
2026-08-22 13:22:18 - INFO - Epoch 8/30 | Train loss: 0.092052 | Val loss: 0.379455 | LR: 2.00e-05 | Best epoch: 7 | Patience: 1 | Train: 16.52s | Validation: 0.96s | Epoch: 17.48s | Total: 141.37s
2026-08-22 13:22:18 - INFO - RecAdam target-task weight at epoch end: 0.999921
2026-08-22 13:22:18 - INFO - [Classification Report - split=train epoch=8 - threshold=0.50]
2026-08-22 13:22:18 - INFO -                 precision    recall  f1-score   support
2026-08-22 13:22:18 - INFO - 
2026-08-22 13:22:18 - INFO -       safe (0)     0.9673    0.9539    0.9606       217
2026-08-22 13:22:18 - INFO - vulnerable (1)     0.9587    0.9707    0.9647       239
2026-08-22 13:22:18 - INFO - 
2026-08-22 13:22:18 - INFO -       accuracy                         0.9627       456
2026-08-22 13:22:18 - INFO -      macro avg     0.9630    0.9623    0.9626       456
2026-08-22 13:22:18 - INFO -   weighted avg     0.9628    0.9627    0.9627       456
2026-08-22 13:22:18 - INFO - Confusion matrix - [[tn=207, fp=10], [fn=7, tp=232]]
2026-08-22 13:22:18 - INFO - probability_positive min=0.0025 mean=0.5278 std=0.4645 max=0.9992 predicted_0=214 predicted_1=242
2026-08-22 13:22:18 - INFO - [Classification Report - split=validation epoch=8 - threshold=0.50]
2026-08-22 13:22:18 - INFO -                 precision    recall  f1-score   support
2026-08-22 13:22:18 - INFO - 
2026-08-22 13:22:18 - INFO -       safe (0)     0.9231    0.8675    0.8944        83
2026-08-22 13:22:18 - INFO - vulnerable (1)     0.8514    0.9130    0.8811        69
2026-08-22 13:22:18 - INFO - 
2026-08-22 13:22:18 - INFO -       accuracy                         0.8882       152
2026-08-22 13:22:18 - INFO -      macro avg     0.8872    0.8903    0.8878       152
2026-08-22 13:22:18 - INFO -   weighted avg     0.8905    0.8882    0.8884       152
2026-08-22 13:22:18 - INFO - Confusion matrix - [[tn=72, fp=11], [fn=6, tp=63]]
2026-08-22 13:22:18 - INFO - probability_positive min=0.0015 mean=0.4895 std=0.4685 max=0.9994 predicted_0=78 predicted_1=74
2026-08-22 13:22:36 - INFO - Epoch 9/30 | Train loss: 0.065800 | Val loss: 0.537009 | LR: 2.00e-05 | Best epoch: 7 | Patience: 2 | Train: 16.52s | Validation: 0.96s | Epoch: 17.48s | Total: 158.86s
2026-08-22 13:22:36 - INFO - RecAdam target-task weight at epoch end: 0.999982
2026-08-22 13:22:36 - INFO - [Classification Report - split=train epoch=9 - threshold=0.50]
2026-08-22 13:22:36 - INFO -                 precision    recall  f1-score   support
2026-08-22 13:22:36 - INFO - 
2026-08-22 13:22:36 - INFO -       safe (0)     0.9724    0.9724    0.9724       217
2026-08-22 13:22:36 - INFO - vulnerable (1)     0.9749    0.9749    0.9749       239
2026-08-22 13:22:36 - INFO - 
2026-08-22 13:22:36 - INFO -       accuracy                         0.9737       456
2026-08-22 13:22:36 - INFO -      macro avg     0.9736    0.9736    0.9736       456
2026-08-22 13:22:36 - INFO -   weighted avg     0.9737    0.9737    0.9737       456
2026-08-22 13:22:36 - INFO - Confusion matrix - [[tn=211, fp=6], [fn=6, tp=233]]
2026-08-22 13:22:36 - INFO - probability_positive min=0.0015 mean=0.5253 std=0.4698 max=0.9995 predicted_0=217 predicted_1=239
2026-08-22 13:22:36 - INFO - [Classification Report - split=validation epoch=9 - threshold=0.50]
2026-08-22 13:22:36 - INFO -                 precision    recall  f1-score   support
2026-08-22 13:22:36 - INFO - 
2026-08-22 13:22:36 - INFO -       safe (0)     0.9333    0.8434    0.8861        83
2026-08-22 13:22:36 - INFO - vulnerable (1)     0.8312    0.9275    0.8767        69
2026-08-22 13:22:36 - INFO - 
2026-08-22 13:22:36 - INFO -       accuracy                         0.8816       152
2026-08-22 13:22:36 - INFO -      macro avg     0.8823    0.8855    0.8814       152
2026-08-22 13:22:36 - INFO -   weighted avg     0.8870    0.8816    0.8818       152
2026-08-22 13:22:36 - INFO - Confusion matrix - [[tn=70, fp=13], [fn=5, tp=64]]
2026-08-22 13:22:36 - INFO - probability_positive min=0.0009 mean=0.5048 std=0.4807 max=0.9996 predicted_0=75 predicted_1=77
2026-08-22 13:22:53 - INFO - Epoch 10/30 | Train loss: 0.048229 | Val loss: 0.436344 | LR: 2.00e-05 | Best epoch: 7 | Patience: 3 | Train: 16.52s | Validation: 0.96s | Epoch: 17.49s | Total: 176.35s
2026-08-22 13:22:53 - INFO - RecAdam target-task weight at epoch end: 0.999996
2026-08-22 13:22:53 - INFO - [Classification Report - split=train epoch=10 - threshold=0.50]
2026-08-22 13:22:53 - INFO -                 precision    recall  f1-score   support
2026-08-22 13:22:53 - INFO - 
2026-08-22 13:22:53 - INFO -       safe (0)     0.9596    0.9862    0.9727       217
2026-08-22 13:22:53 - INFO - vulnerable (1)     0.9871    0.9623    0.9746       239
2026-08-22 13:22:53 - INFO - 
2026-08-22 13:22:53 - INFO -       accuracy                         0.9737       456
2026-08-22 13:22:53 - INFO -      macro avg     0.9734    0.9743    0.9737       456
2026-08-22 13:22:53 - INFO -   weighted avg     0.9740    0.9737    0.9737       456
2026-08-22 13:22:53 - INFO - Confusion matrix - [[tn=214, fp=3], [fn=9, tp=230]]
2026-08-22 13:22:53 - INFO - probability_positive min=0.0010 mean=0.5136 std=0.4826 max=0.9995 predicted_0=223 predicted_1=233
2026-08-22 13:22:53 - INFO - [Classification Report - split=validation epoch=10 - threshold=0.50]
2026-08-22 13:22:53 - INFO -                 precision    recall  f1-score   support
2026-08-22 13:22:53 - INFO - 
2026-08-22 13:22:53 - INFO -       safe (0)     0.9114    0.8675    0.8889        83
2026-08-22 13:22:53 - INFO - vulnerable (1)     0.8493    0.8986    0.8732        69
2026-08-22 13:22:53 - INFO - 
2026-08-22 13:22:53 - INFO -       accuracy                         0.8816       152
2026-08-22 13:22:53 - INFO -      macro avg     0.8804    0.8830    0.8811       152
2026-08-22 13:22:53 - INFO -   weighted avg     0.8832    0.8816    0.8818       152
2026-08-22 13:22:53 - INFO - Confusion matrix - [[tn=72, fp=11], [fn=7, tp=62]]
2026-08-22 13:22:53 - INFO - probability_positive min=0.0007 mean=0.4848 std=0.4782 max=0.9996 predicted_0=79 predicted_1=73
2026-08-22 13:23:11 - INFO - Epoch 11/30 | Train loss: 0.037150 | Val loss: 0.607949 | LR: 2.00e-05 | Best epoch: 7 | Patience: 4 | Train: 16.53s | Validation: 0.96s | Epoch: 17.49s | Total: 193.85s
2026-08-22 13:23:11 - INFO - RecAdam target-task weight at epoch end: 0.999999
2026-08-22 13:23:11 - INFO - [Classification Report - split=train epoch=11 - threshold=0.50]
2026-08-22 13:23:11 - INFO -                 precision    recall  f1-score   support
2026-08-22 13:23:11 - INFO - 
2026-08-22 13:23:11 - INFO -       safe (0)     0.9862    0.9862    0.9862       217
2026-08-22 13:23:11 - INFO - vulnerable (1)     0.9874    0.9874    0.9874       239
2026-08-22 13:23:11 - INFO - 
2026-08-22 13:23:11 - INFO -       accuracy                         0.9868       456
2026-08-22 13:23:11 - INFO -      macro avg     0.9868    0.9868    0.9868       456
2026-08-22 13:23:11 - INFO -   weighted avg     0.9868    0.9868    0.9868       456
2026-08-22 13:23:11 - INFO - Confusion matrix - [[tn=214, fp=3], [fn=3, tp=236]]
2026-08-22 13:23:11 - INFO - probability_positive min=0.0006 mean=0.5246 std=0.4877 max=0.9996 predicted_0=217 predicted_1=239
2026-08-22 13:23:11 - INFO - [Classification Report - split=validation epoch=11 - threshold=0.50]
2026-08-22 13:23:11 - INFO -                 precision    recall  f1-score   support
2026-08-22 13:23:11 - INFO - 
2026-08-22 13:23:11 - INFO -       safe (0)     0.9125    0.8795    0.8957        83
2026-08-22 13:23:11 - INFO - vulnerable (1)     0.8611    0.8986    0.8794        69
2026-08-22 13:23:11 - INFO - 
2026-08-22 13:23:11 - INFO -       accuracy                         0.8882       152
2026-08-22 13:23:11 - INFO -      macro avg     0.8868    0.8890    0.8876       152
2026-08-22 13:23:11 - INFO -   weighted avg     0.8892    0.8882    0.8883       152
2026-08-22 13:23:11 - INFO - Confusion matrix - [[tn=73, fp=10], [fn=7, tp=62]]
2026-08-22 13:23:11 - INFO - probability_positive min=0.0004 mean=0.4755 std=0.4941 max=0.9997 predicted_0=80 predicted_1=72
2026-08-22 13:23:28 - INFO - Epoch 12/30 | Train loss: 0.036983 | Val loss: 0.619575 | LR: 2.00e-05 | Best epoch: 7 | Patience: 5 | Train: 16.53s | Validation: 0.96s | Epoch: 17.49s | Total: 211.34s
2026-08-22 13:23:28 - INFO - RecAdam target-task weight at epoch end: 1.000000
2026-08-22 13:23:28 - INFO - [Classification Report - split=train epoch=12 - threshold=0.50]
2026-08-22 13:23:28 - INFO -                 precision    recall  f1-score   support
2026-08-22 13:23:28 - INFO - 
2026-08-22 13:23:28 - INFO -       safe (0)     0.9817    0.9862    0.9839       217
2026-08-22 13:23:28 - INFO - vulnerable (1)     0.9874    0.9833    0.9853       239
2026-08-22 13:23:28 - INFO - 
2026-08-22 13:23:28 - INFO -       accuracy                         0.9846       456
2026-08-22 13:23:28 - INFO -      macro avg     0.9845    0.9847    0.9846       456
2026-08-22 13:23:28 - INFO -   weighted avg     0.9847    0.9846    0.9847       456
2026-08-22 13:23:28 - INFO - Confusion matrix - [[tn=214, fp=3], [fn=4, tp=235]]
2026-08-22 13:23:28 - INFO - probability_positive min=0.0005 mean=0.5224 std=0.4915 max=0.9996 predicted_0=218 predicted_1=238
2026-08-22 13:23:28 - INFO - [Classification Report - split=validation epoch=12 - threshold=0.50]
2026-08-22 13:23:28 - INFO -                 precision    recall  f1-score   support
2026-08-22 13:23:28 - INFO - 
2026-08-22 13:23:28 - INFO -       safe (0)     0.9103    0.8554    0.8820        83
2026-08-22 13:23:28 - INFO - vulnerable (1)     0.8378    0.8986    0.8671        69
2026-08-22 13:23:28 - INFO - 
2026-08-22 13:23:28 - INFO -       accuracy                         0.8750       152
2026-08-22 13:23:28 - INFO -      macro avg     0.8740    0.8770    0.8746       152
2026-08-22 13:23:28 - INFO -   weighted avg     0.8774    0.8750    0.8752       152
2026-08-22 13:23:28 - INFO - Confusion matrix - [[tn=71, fp=12], [fn=7, tp=62]]
2026-08-22 13:23:28 - INFO - probability_positive min=0.0003 mean=0.4932 std=0.4852 max=0.9997 predicted_0=78 predicted_1=74
2026-08-22 13:23:28 - INFO - Early stopping | Epoch: 12 | Best epoch: 7
2026-08-22 13:23:28 - INFO - Best checkpoint saved | Path: model/sam_t5p/transfer_none/seed_42/fold3/best.pt | Epoch: 7 | Val macro_f1: 0.900969
2026-08-22 13:23:28 - INFO - Training finished | Elapsed: 211.35s
2026-08-22 13:23:28 - INFO - Run finished | Phase: phase2 | Fold: 3 | Seed: 42 | Elapsed: 214.03s
