2026-08-22 11:23:00 - INFO - Using device: cuda
2026-08-22 11:23:00 - INFO - Run started | Run: fam2_codebert | Method: transfer_cwe | Phase: phase2 | Fold: 3 | Seed: 42 | Device: cuda
2026-08-22 11:23:00 - INFO - Loading Python training data: data/sven_python_folds_norm/fold3/train.jsonl
2026-08-22 11:23:00 - INFO - Loading Python validation data: data/sven_python_folds_norm/fold3/val.jsonl
2026-08-22 11:23:00 - INFO - Data split: python_train | Total: 456 | Labels: {0: 217, 1: 239} | CWEs: {'CWE-022': 40, 'CWE-078': 125, 'CWE-079': 49, 'CWE-089': 242} | Languages: {'python': 456} | Invalid CWE: 0
2026-08-22 11:23:00 - INFO - Data split: python_val | Total: 152 | Labels: {0: 83, 1: 69} | CWEs: {'CWE-022': 11, 'CWE-078': 41, 'CWE-079': 13, 'CWE-089': 87} | Languages: {'python': 152} | Invalid CWE: 0
2026-08-22 11:23:01 - INFO - Auxiliary head width taken from checkpoint: 4
2026-08-22 11:23:04 - INFO - Loaded source checkpoint: model/fam2_codebert/transfer_cwe/seed_42/source/best.pt | Best epoch: 15 | Best Val Macro-F1: 0.651878
2026-08-22 11:23:04 - INFO - RecAdam schedule | Total steps: 870 | Steps/epoch: 29 | Anneal t0: 43 | Weights: {1: 0.10909682119561293, 29: 0.3318122278318339, 43: 0.5, 870: 1.0}
2026-08-22 11:23:04 - INFO - Environment: {"components": {"backbone": {"frozen": 0, "total": 124645632, "trainable": 124645632}, "cwe_head": {"frozen": 3076, "total": 3076, "trainable": 0}, "vul_head": {"frozen": 0, "total": 1538, "trainable": 1538}}, "cuda": "12.8", "fold": 3, "frozen_parameters": 3076, "gpu": "NVIDIA GeForce RTX 5060 Ti", "hyperparameters": {"anneal_fun": "sigmoid", "anneal_k": 0.05, "anneal_t0_ratio": 0.05, "anneal_w": 1.0, "aux_mode": "cwe", "batch_size": 16, "checkpoint_path": "model/fam2_codebert/transfer_cwe/seed_42/fold3/best.pt", "cwe_vocab": "fixed4", "data_path": "data/train_ccpp_filtered.jsonl", "data_root": "data/sven_python_folds_norm", "epochs": 30, "eval_batch_size": 16, "fold": 3, "freeze_backbone_layers": 0, "freeze_prototypes_steps": 0, "lambda_cwe": 0.2, "latent_temperature": 0.1, "learning_rate": 2e-05, "lora_rank": 0, "lp_epochs": 0, "lp_learning_rate": 0.001, "max_eval_samples": null, "max_grad_norm": 1.0, "max_length": 512, "max_train_samples": null, "method_name": "transfer_cwe", "min_epochs": 3, "model_name": "microsoft/codebert-base", "num_cwes": 4, "num_latent": 8, "num_workers": 0, "output_dir": "results/fam2_codebert/transfer_cwe", "patience": 5, "phase": "phase2", "phase2_optimizer": "recadam", "pooling": "cls", "pretrain_cof": 5000.0, "recadam_anchor": "source", "result_path": "results/fam2_codebert/transfer_cwe/seed_42/fold3.json", "run_name": "fam2_codebert", "sam_rho": 0.0, "seed": 42, "selection_metric": "macro_f1", "source_checkpoint": "model/fam2_codebert/transfer_cwe/seed_42/source/best.pt", "source_interpolation": 1.0, "strict_determinism": false, "target_lang": "python", "test_path": null, "train_path": null, "truncation_strategy": "head_middle_tail", "val_path": null, "weight_decay": 0.01}, "mode": "phase2_train", "model_name": "microsoft/codebert-base", "seed": 42, "sklearn": "1.9.0", "torch": "2.11.0+cu128", "trainable_parameters": 124647170, "transformers": "4.57.1"}
2026-08-22 11:23:04 - INFO - Training started | Phase: phase2 | Epochs: 30
2026-08-22 11:23:04 - INFO - RecAdam first-step safety checks passed
2026-08-22 11:23:20 - INFO - Epoch 1/30 | Train loss: 0.951781 | Val loss: 0.640851 | LR: 2.00e-05 | Best epoch: 1 | Patience: 0 | Train: 14.72s | Validation: 1.61s | Epoch: 16.73s | Total: 16.73s
2026-08-22 11:23:20 - INFO - RecAdam target-task weight at epoch end: 0.331812
2026-08-22 11:23:20 - INFO - [Classification Report - split=train epoch=1 - threshold=0.50]
2026-08-22 11:23:20 - INFO -                 precision    recall  f1-score   support
2026-08-22 11:23:20 - INFO - 
2026-08-22 11:23:20 - INFO -       safe (0)     0.6082    0.4793    0.5361       217
2026-08-22 11:23:20 - INFO - vulnerable (1)     0.6035    0.7197    0.6565       239
2026-08-22 11:23:20 - INFO - 
2026-08-22 11:23:20 - INFO -       accuracy                         0.6053       456
2026-08-22 11:23:20 - INFO -      macro avg     0.6058    0.5995    0.5963       456
2026-08-22 11:23:20 - INFO -   weighted avg     0.6057    0.6053    0.5992       456
2026-08-22 11:23:20 - INFO - Confusion matrix - [[tn=104, fp=113], [fn=67, tp=172]]
2026-08-22 11:23:20 - INFO - probability_positive min=0.0011 mean=0.6166 std=0.3205 max=0.9994 predicted_0=171 predicted_1=285
2026-08-22 11:23:20 - INFO - [Classification Report - split=validation epoch=1 - threshold=0.50]
2026-08-22 11:23:20 - INFO -                 precision    recall  f1-score   support
2026-08-22 11:23:20 - INFO - 
2026-08-22 11:23:20 - INFO -       safe (0)     0.7324    0.6265    0.6753        83
2026-08-22 11:23:20 - INFO - vulnerable (1)     0.6173    0.7246    0.6667        69
2026-08-22 11:23:20 - INFO - 
2026-08-22 11:23:20 - INFO -       accuracy                         0.6711       152
2026-08-22 11:23:20 - INFO -      macro avg     0.6748    0.6756    0.6710       152
2026-08-22 11:23:20 - INFO -   weighted avg     0.6801    0.6711    0.6714       152
2026-08-22 11:23:20 - INFO - Confusion matrix - [[tn=52, fp=31], [fn=19, tp=50]]
2026-08-22 11:23:20 - INFO - probability_positive min=0.0004 mean=0.5419 std=0.3347 max=0.9993 predicted_0=71 predicted_1=81
2026-08-22 11:23:20 - INFO - New best model | Macro-F1: 0.670996 | Epoch: 1
2026-08-22 11:23:37 - INFO - Epoch 2/30 | Train loss: 0.669424 | Val loss: 0.534765 | LR: 2.00e-05 | Best epoch: 2 | Patience: 0 | Train: 14.32s | Validation: 1.60s | Epoch: 16.66s | Total: 33.41s
2026-08-22 11:23:37 - INFO - RecAdam target-task weight at epoch end: 0.679179
2026-08-22 11:23:37 - INFO - [Classification Report - split=train epoch=2 - threshold=0.50]
2026-08-22 11:23:37 - INFO -                 precision    recall  f1-score   support
2026-08-22 11:23:37 - INFO - 
2026-08-22 11:23:37 - INFO -       safe (0)     0.6360    0.6682    0.6517       217
2026-08-22 11:23:37 - INFO - vulnerable (1)     0.6842    0.6527    0.6681       239
2026-08-22 11:23:37 - INFO - 
2026-08-22 11:23:37 - INFO -       accuracy                         0.6601       456
2026-08-22 11:23:37 - INFO -      macro avg     0.6601    0.6605    0.6599       456
2026-08-22 11:23:37 - INFO -   weighted avg     0.6613    0.6601    0.6603       456
2026-08-22 11:23:37 - INFO - Confusion matrix - [[tn=145, fp=72], [fn=83, tp=156]]
2026-08-22 11:23:37 - INFO - probability_positive min=0.0006 mean=0.5199 std=0.2774 max=0.9984 predicted_0=228 predicted_1=228
2026-08-22 11:23:37 - INFO - [Classification Report - split=validation epoch=2 - threshold=0.50]
2026-08-22 11:23:37 - INFO -                 precision    recall  f1-score   support
2026-08-22 11:23:37 - INFO - 
2026-08-22 11:23:37 - INFO -       safe (0)     0.7778    0.6747    0.7226        83
2026-08-22 11:23:37 - INFO - vulnerable (1)     0.6625    0.7681    0.7114        69
2026-08-22 11:23:37 - INFO - 
2026-08-22 11:23:37 - INFO -       accuracy                         0.7171       152
2026-08-22 11:23:37 - INFO -      macro avg     0.7201    0.7214    0.7170       152
2026-08-22 11:23:37 - INFO -   weighted avg     0.7254    0.7171    0.7175       152
2026-08-22 11:23:37 - INFO - Confusion matrix - [[tn=56, fp=27], [fn=16, tp=53]]
2026-08-22 11:23:37 - INFO - probability_positive min=0.0010 mean=0.5584 std=0.3061 max=0.9993 predicted_0=72 predicted_1=80
2026-08-22 11:23:37 - INFO - New best model | Macro-F1: 0.716995 | Epoch: 2
2026-08-22 11:23:54 - INFO - Epoch 3/30 | Train loss: 0.555439 | Val loss: 0.466195 | LR: 2.00e-05 | Best epoch: 3 | Patience: 0 | Train: 14.34s | Validation: 1.61s | Epoch: 16.71s | Total: 50.15s
2026-08-22 11:23:54 - INFO - RecAdam target-task weight at epoch end: 0.900250
2026-08-22 11:23:54 - INFO - [Classification Report - split=train epoch=3 - threshold=0.50]
2026-08-22 11:23:54 - INFO -                 precision    recall  f1-score   support
2026-08-22 11:23:54 - INFO - 
2026-08-22 11:23:54 - INFO -       safe (0)     0.6773    0.6866    0.6819       217
2026-08-22 11:23:54 - INFO - vulnerable (1)     0.7119    0.7029    0.7074       239
2026-08-22 11:23:54 - INFO - 
2026-08-22 11:23:54 - INFO -       accuracy                         0.6952       456
2026-08-22 11:23:54 - INFO -      macro avg     0.6946    0.6948    0.6946       456
2026-08-22 11:23:54 - INFO -   weighted avg     0.6954    0.6952    0.6953       456
2026-08-22 11:23:54 - INFO - Confusion matrix - [[tn=149, fp=68], [fn=71, tp=168]]
2026-08-22 11:23:54 - INFO - probability_positive min=0.0008 mean=0.5216 std=0.2723 max=0.9976 predicted_0=220 predicted_1=236
2026-08-22 11:23:54 - INFO - [Classification Report - split=validation epoch=3 - threshold=0.50]
2026-08-22 11:23:54 - INFO -                 precision    recall  f1-score   support
2026-08-22 11:23:54 - INFO - 
2026-08-22 11:23:54 - INFO -       safe (0)     0.8493    0.7470    0.7949        83
2026-08-22 11:23:54 - INFO - vulnerable (1)     0.7342    0.8406    0.7838        69
2026-08-22 11:23:54 - INFO - 
2026-08-22 11:23:54 - INFO -       accuracy                         0.7895       152
2026-08-22 11:23:54 - INFO -      macro avg     0.7917    0.7938    0.7893       152
2026-08-22 11:23:54 - INFO -   weighted avg     0.7970    0.7895    0.7898       152
2026-08-22 11:23:54 - INFO - Confusion matrix - [[tn=62, fp=21], [fn=11, tp=58]]
2026-08-22 11:23:54 - INFO - probability_positive min=0.0028 mean=0.5390 std=0.3552 max=0.9994 predicted_0=73 predicted_1=79
2026-08-22 11:23:54 - INFO - New best model | Macro-F1: 0.789328 | Epoch: 3
2026-08-22 11:24:10 - INFO - Epoch 4/30 | Train loss: 0.394442 | Val loss: 0.511526 | LR: 2.00e-05 | Best epoch: 4 | Patience: 0 | Train: 14.34s | Validation: 1.61s | Epoch: 16.70s | Total: 66.88s
2026-08-22 11:24:10 - INFO - RecAdam target-task weight at epoch end: 0.974667
2026-08-22 11:24:10 - INFO - [Classification Report - split=train epoch=4 - threshold=0.50]
2026-08-22 11:24:10 - INFO -                 precision    recall  f1-score   support
2026-08-22 11:24:10 - INFO - 
2026-08-22 11:24:10 - INFO -       safe (0)     0.8086    0.7788    0.7934       217
2026-08-22 11:24:10 - INFO - vulnerable (1)     0.8057    0.8326    0.8189       239
2026-08-22 11:24:10 - INFO - 
2026-08-22 11:24:10 - INFO -       accuracy                         0.8070       456
2026-08-22 11:24:10 - INFO -      macro avg     0.8071    0.8057    0.8062       456
2026-08-22 11:24:10 - INFO -   weighted avg     0.8071    0.8070    0.8068       456
2026-08-22 11:24:10 - INFO - Confusion matrix - [[tn=169, fp=48], [fn=40, tp=199]]
2026-08-22 11:24:10 - INFO - probability_positive min=0.0016 mean=0.5211 std=0.3490 max=0.9991 predicted_0=209 predicted_1=247
2026-08-22 11:24:10 - INFO - [Classification Report - split=validation epoch=4 - threshold=0.50]
2026-08-22 11:24:10 - INFO -                 precision    recall  f1-score   support
2026-08-22 11:24:10 - INFO - 
2026-08-22 11:24:10 - INFO -       safe (0)     0.8841    0.7349    0.8026        83
2026-08-22 11:24:10 - INFO - vulnerable (1)     0.7349    0.8841    0.8026        69
2026-08-22 11:24:10 - INFO - 
2026-08-22 11:24:10 - INFO -       accuracy                         0.8026       152
2026-08-22 11:24:10 - INFO -      macro avg     0.8095    0.8095    0.8026       152
2026-08-22 11:24:10 - INFO -   weighted avg     0.8164    0.8026    0.8026       152
2026-08-22 11:24:10 - INFO - Confusion matrix - [[tn=61, fp=22], [fn=8, tp=61]]
2026-08-22 11:24:10 - INFO - probability_positive min=0.0032 mean=0.5463 std=0.4096 max=0.9993 predicted_0=69 predicted_1=83
2026-08-22 11:24:10 - INFO - New best model | Macro-F1: 0.802632 | Epoch: 4
2026-08-22 11:24:26 - INFO - Epoch 5/30 | Train loss: 0.235146 | Val loss: 0.650016 | LR: 2.00e-05 | Best epoch: 4 | Patience: 1 | Train: 14.34s | Validation: 1.61s | Epoch: 15.94s | Total: 82.85s
2026-08-22 11:24:26 - INFO - RecAdam target-task weight at epoch end: 0.993940
2026-08-22 11:24:26 - INFO - [Classification Report - split=train epoch=5 - threshold=0.50]
2026-08-22 11:24:26 - INFO -                 precision    recall  f1-score   support
2026-08-22 11:24:26 - INFO - 
2026-08-22 11:24:26 - INFO -       safe (0)     0.9227    0.8802    0.9009       217
2026-08-22 11:24:26 - INFO - vulnerable (1)     0.8956    0.9331    0.9139       239
2026-08-22 11:24:26 - INFO - 
2026-08-22 11:24:26 - INFO -       accuracy                         0.9079       456
2026-08-22 11:24:26 - INFO -      macro avg     0.9091    0.9066    0.9074       456
2026-08-22 11:24:26 - INFO -   weighted avg     0.9085    0.9079    0.9078       456
2026-08-22 11:24:26 - INFO - Confusion matrix - [[tn=191, fp=26], [fn=16, tp=223]]
2026-08-22 11:24:26 - INFO - probability_positive min=0.0006 mean=0.5336 std=0.4231 max=0.9994 predicted_0=207 predicted_1=249
2026-08-22 11:24:26 - INFO - [Classification Report - split=validation epoch=5 - threshold=0.50]
2026-08-22 11:24:26 - INFO -                 precision    recall  f1-score   support
2026-08-22 11:24:26 - INFO - 
2026-08-22 11:24:26 - INFO -       safe (0)     0.8354    0.7952    0.8148        83
2026-08-22 11:24:26 - INFO - vulnerable (1)     0.7671    0.8116    0.7887        69
2026-08-22 11:24:26 - INFO - 
2026-08-22 11:24:26 - INFO -       accuracy                         0.8026       152
2026-08-22 11:24:26 - INFO -      macro avg     0.8013    0.8034    0.8018       152
2026-08-22 11:24:26 - INFO -   weighted avg     0.8044    0.8026    0.8030       152
2026-08-22 11:24:26 - INFO - Confusion matrix - [[tn=66, fp=17], [fn=13, tp=56]]
2026-08-22 11:24:26 - INFO - probability_positive min=0.0009 mean=0.4846 std=0.4618 max=0.9996 predicted_0=79 predicted_1=73
2026-08-22 11:24:42 - INFO - Epoch 6/30 | Train loss: 0.202362 | Val loss: 0.850259 | LR: 2.00e-05 | Best epoch: 4 | Patience: 2 | Train: 14.33s | Validation: 1.61s | Epoch: 15.94s | Total: 98.81s
2026-08-22 11:24:42 - INFO - RecAdam target-task weight at epoch end: 0.998572
2026-08-22 11:24:42 - INFO - [Classification Report - split=train epoch=6 - threshold=0.50]
2026-08-22 11:24:42 - INFO -                 precision    recall  f1-score   support
2026-08-22 11:24:42 - INFO - 
2026-08-22 11:24:42 - INFO -       safe (0)     0.9279    0.8894    0.9082       217
2026-08-22 11:24:42 - INFO - vulnerable (1)     0.9032    0.9372    0.9199       239
2026-08-22 11:24:42 - INFO - 
2026-08-22 11:24:42 - INFO -       accuracy                         0.9145       456
2026-08-22 11:24:42 - INFO -      macro avg     0.9156    0.9133    0.9141       456
2026-08-22 11:24:42 - INFO -   weighted avg     0.9150    0.9145    0.9144       456
2026-08-22 11:24:42 - INFO - Confusion matrix - [[tn=193, fp=24], [fn=15, tp=224]]
2026-08-22 11:24:42 - INFO - probability_positive min=0.0004 mean=0.5246 std=0.4515 max=0.9996 predicted_0=208 predicted_1=248
2026-08-22 11:24:42 - INFO - [Classification Report - split=validation epoch=6 - threshold=0.50]
2026-08-22 11:24:42 - INFO -                 precision    recall  f1-score   support
2026-08-22 11:24:42 - INFO - 
2026-08-22 11:24:42 - INFO -       safe (0)     0.8072    0.8072    0.8072        83
2026-08-22 11:24:42 - INFO - vulnerable (1)     0.7681    0.7681    0.7681        69
2026-08-22 11:24:42 - INFO - 
2026-08-22 11:24:42 - INFO -       accuracy                         0.7895       152
2026-08-22 11:24:42 - INFO -      macro avg     0.7877    0.7877    0.7877       152
2026-08-22 11:24:42 - INFO -   weighted avg     0.7895    0.7895    0.7895       152
2026-08-22 11:24:42 - INFO - Confusion matrix - [[tn=67, fp=16], [fn=16, tp=53]]
2026-08-22 11:24:42 - INFO - probability_positive min=0.0002 mean=0.4366 std=0.4590 max=0.9998 predicted_0=83 predicted_1=69
2026-08-22 11:24:59 - INFO - Epoch 7/30 | Train loss: 0.124403 | Val loss: 0.965928 | LR: 2.00e-05 | Best epoch: 7 | Patience: 0 | Train: 14.33s | Validation: 1.61s | Epoch: 16.71s | Total: 115.53s
2026-08-22 11:24:59 - INFO - RecAdam target-task weight at epoch end: 0.999665
2026-08-22 11:24:59 - INFO - [Classification Report - split=train epoch=7 - threshold=0.50]
2026-08-22 11:24:59 - INFO -                 precision    recall  f1-score   support
2026-08-22 11:24:59 - INFO - 
2026-08-22 11:24:59 - INFO -       safe (0)     0.9486    0.9355    0.9420       217
2026-08-22 11:24:59 - INFO - vulnerable (1)     0.9421    0.9540    0.9480       239
2026-08-22 11:24:59 - INFO - 
2026-08-22 11:24:59 - INFO -       accuracy                         0.9452       456
2026-08-22 11:24:59 - INFO -      macro avg     0.9454    0.9447    0.9450       456
2026-08-22 11:24:59 - INFO -   weighted avg     0.9452    0.9452    0.9452       456
2026-08-22 11:24:59 - INFO - Confusion matrix - [[tn=203, fp=14], [fn=11, tp=228]]
2026-08-22 11:24:59 - INFO - probability_positive min=0.0001 mean=0.5323 std=0.4611 max=0.9998 predicted_0=214 predicted_1=242
2026-08-22 11:24:59 - INFO - [Classification Report - split=validation epoch=7 - threshold=0.50]
2026-08-22 11:24:59 - INFO -                 precision    recall  f1-score   support
2026-08-22 11:24:59 - INFO - 
2026-08-22 11:24:59 - INFO -       safe (0)     0.8293    0.8193    0.8242        83
2026-08-22 11:24:59 - INFO - vulnerable (1)     0.7857    0.7971    0.7914        69
2026-08-22 11:24:59 - INFO - 
2026-08-22 11:24:59 - INFO -       accuracy                         0.8092       152
2026-08-22 11:24:59 - INFO -      macro avg     0.8075    0.8082    0.8078       152
2026-08-22 11:24:59 - INFO -   weighted avg     0.8095    0.8092    0.8093       152
2026-08-22 11:24:59 - INFO - Confusion matrix - [[tn=68, fp=15], [fn=14, tp=55]]
2026-08-22 11:24:59 - INFO - probability_positive min=0.0002 mean=0.4475 std=0.4768 max=0.9998 predicted_0=82 predicted_1=70
2026-08-22 11:24:59 - INFO - New best model | Macro-F1: 0.807805 | Epoch: 7
2026-08-22 11:25:16 - INFO - Epoch 8/30 | Train loss: 0.101692 | Val loss: 1.081802 | LR: 2.00e-05 | Best epoch: 8 | Patience: 0 | Train: 14.34s | Validation: 1.61s | Epoch: 16.71s | Total: 132.27s
2026-08-22 11:25:16 - INFO - RecAdam target-task weight at epoch end: 0.999921
2026-08-22 11:25:16 - INFO - [Classification Report - split=train epoch=8 - threshold=0.50]
2026-08-22 11:25:16 - INFO -                 precision    recall  f1-score   support
2026-08-22 11:25:16 - INFO - 
2026-08-22 11:25:16 - INFO -       safe (0)     0.9720    0.9585    0.9652       217
2026-08-22 11:25:16 - INFO - vulnerable (1)     0.9628    0.9749    0.9688       239
2026-08-22 11:25:16 - INFO - 
2026-08-22 11:25:16 - INFO -       accuracy                         0.9671       456
2026-08-22 11:25:16 - INFO -      macro avg     0.9674    0.9667    0.9670       456
2026-08-22 11:25:16 - INFO -   weighted avg     0.9672    0.9671    0.9671       456
2026-08-22 11:25:16 - INFO - Confusion matrix - [[tn=208, fp=9], [fn=6, tp=233]]
2026-08-22 11:25:16 - INFO - probability_positive min=0.0002 mean=0.5266 std=0.4828 max=0.9999 predicted_0=214 predicted_1=242
2026-08-22 11:25:16 - INFO - [Classification Report - split=validation epoch=8 - threshold=0.50]
2026-08-22 11:25:16 - INFO -                 precision    recall  f1-score   support
2026-08-22 11:25:16 - INFO - 
2026-08-22 11:25:16 - INFO -       safe (0)     0.8462    0.7952    0.8199        83
2026-08-22 11:25:16 - INFO - vulnerable (1)     0.7703    0.8261    0.7972        69
2026-08-22 11:25:16 - INFO - 
2026-08-22 11:25:16 - INFO -       accuracy                         0.8092       152
2026-08-22 11:25:16 - INFO -      macro avg     0.8082    0.8106    0.8085       152
2026-08-22 11:25:16 - INFO -   weighted avg     0.8117    0.8092    0.8096       152
2026-08-22 11:25:16 - INFO - Confusion matrix - [[tn=66, fp=17], [fn=12, tp=57]]
2026-08-22 11:25:16 - INFO - probability_positive min=0.0001 mean=0.4915 std=0.4905 max=0.9999 predicted_0=78 predicted_1=74
2026-08-22 11:25:16 - INFO - New best model | Macro-F1: 0.808539 | Epoch: 8
2026-08-22 11:25:33 - INFO - Epoch 9/30 | Train loss: 0.088805 | Val loss: 1.262610 | LR: 2.00e-05 | Best epoch: 9 | Patience: 0 | Train: 14.34s | Validation: 1.61s | Epoch: 16.71s | Total: 149.01s
2026-08-22 11:25:33 - INFO - RecAdam target-task weight at epoch end: 0.999982
2026-08-22 11:25:33 - INFO - [Classification Report - split=train epoch=9 - threshold=0.50]
2026-08-22 11:25:33 - INFO -                 precision    recall  f1-score   support
2026-08-22 11:25:33 - INFO - 
2026-08-22 11:25:33 - INFO -       safe (0)     0.9769    0.9724    0.9746       217
2026-08-22 11:25:33 - INFO - vulnerable (1)     0.9750    0.9791    0.9770       239
2026-08-22 11:25:33 - INFO - 
2026-08-22 11:25:33 - INFO -       accuracy                         0.9759       456
2026-08-22 11:25:33 - INFO -      macro avg     0.9759    0.9757    0.9758       456
2026-08-22 11:25:33 - INFO -   weighted avg     0.9759    0.9759    0.9759       456
2026-08-22 11:25:33 - INFO - Confusion matrix - [[tn=211, fp=6], [fn=5, tp=234]]
2026-08-22 11:25:33 - INFO - probability_positive min=0.0001 mean=0.5262 std=0.4892 max=0.9999 predicted_0=216 predicted_1=240
2026-08-22 11:25:33 - INFO - [Classification Report - split=validation epoch=9 - threshold=0.50]
2026-08-22 11:25:33 - INFO -                 precision    recall  f1-score   support
2026-08-22 11:25:33 - INFO - 
2026-08-22 11:25:33 - INFO -       safe (0)     0.8684    0.7952    0.8302        83
2026-08-22 11:25:33 - INFO - vulnerable (1)     0.7763    0.8551    0.8138        69
2026-08-22 11:25:33 - INFO - 
2026-08-22 11:25:33 - INFO -       accuracy                         0.8224       152
2026-08-22 11:25:33 - INFO -      macro avg     0.8224    0.8251    0.8220       152
2026-08-22 11:25:33 - INFO -   weighted avg     0.8266    0.8224    0.8227       152
2026-08-22 11:25:33 - INFO - Confusion matrix - [[tn=66, fp=17], [fn=10, tp=59]]
2026-08-22 11:25:33 - INFO - probability_positive min=0.0001 mean=0.5024 std=0.4913 max=1.0000 predicted_0=76 predicted_1=76
2026-08-22 11:25:33 - INFO - New best model | Macro-F1: 0.821991 | Epoch: 9
2026-08-22 11:25:49 - INFO - Epoch 10/30 | Train loss: 0.051461 | Val loss: 1.242479 | LR: 2.00e-05 | Best epoch: 9 | Patience: 1 | Train: 14.34s | Validation: 1.61s | Epoch: 15.95s | Total: 164.99s
2026-08-22 11:25:49 - INFO - RecAdam target-task weight at epoch end: 0.999996
2026-08-22 11:25:49 - INFO - [Classification Report - split=train epoch=10 - threshold=0.50]
2026-08-22 11:25:49 - INFO -                 precision    recall  f1-score   support
2026-08-22 11:25:49 - INFO - 
2026-08-22 11:25:49 - INFO -       safe (0)     0.9907    0.9770    0.9838       217
2026-08-22 11:25:49 - INFO - vulnerable (1)     0.9793    0.9916    0.9854       239
2026-08-22 11:25:49 - INFO - 
2026-08-22 11:25:49 - INFO -       accuracy                         0.9846       456
2026-08-22 11:25:49 - INFO -      macro avg     0.9850    0.9843    0.9846       456
2026-08-22 11:25:49 - INFO -   weighted avg     0.9847    0.9846    0.9846       456
2026-08-22 11:25:49 - INFO - Confusion matrix - [[tn=212, fp=5], [fn=2, tp=237]]
2026-08-22 11:25:49 - INFO - probability_positive min=0.0000 mean=0.5275 std=0.4902 max=1.0000 predicted_0=214 predicted_1=242
2026-08-22 11:25:49 - INFO - [Classification Report - split=validation epoch=10 - threshold=0.50]
2026-08-22 11:25:49 - INFO -                 precision    recall  f1-score   support
2026-08-22 11:25:49 - INFO - 
2026-08-22 11:25:49 - INFO -       safe (0)     0.8571    0.7952    0.8250        83
2026-08-22 11:25:49 - INFO - vulnerable (1)     0.7733    0.8406    0.8056        69
2026-08-22 11:25:49 - INFO - 
2026-08-22 11:25:49 - INFO -       accuracy                         0.8158       152
2026-08-22 11:25:49 - INFO -      macro avg     0.8152    0.8179    0.8153       152
2026-08-22 11:25:49 - INFO -   weighted avg     0.8191    0.8158    0.8162       152
2026-08-22 11:25:49 - INFO - Confusion matrix - [[tn=66, fp=17], [fn=11, tp=58]]
2026-08-22 11:25:49 - INFO - probability_positive min=0.0000 mean=0.4940 std=0.4913 max=1.0000 predicted_0=77 predicted_1=75
2026-08-22 11:26:04 - INFO - Epoch 11/30 | Train loss: 0.070080 | Val loss: 1.352025 | LR: 2.00e-05 | Best epoch: 9 | Patience: 2 | Train: 14.34s | Validation: 1.61s | Epoch: 15.94s | Total: 180.94s
2026-08-22 11:26:04 - INFO - RecAdam target-task weight at epoch end: 0.999999
2026-08-22 11:26:04 - INFO - [Classification Report - split=train epoch=11 - threshold=0.50]
2026-08-22 11:26:04 - INFO -                 precision    recall  f1-score   support
2026-08-22 11:26:04 - INFO - 
2026-08-22 11:26:04 - INFO -       safe (0)     0.9860    0.9770    0.9815       217
2026-08-22 11:26:04 - INFO - vulnerable (1)     0.9793    0.9874    0.9833       239
2026-08-22 11:26:04 - INFO - 
2026-08-22 11:26:04 - INFO -       accuracy                         0.9825       456
2026-08-22 11:26:04 - INFO -      macro avg     0.9826    0.9822    0.9824       456
2026-08-22 11:26:04 - INFO -   weighted avg     0.9825    0.9825    0.9825       456
2026-08-22 11:26:04 - INFO - Confusion matrix - [[tn=212, fp=5], [fn=3, tp=236]]
2026-08-22 11:26:04 - INFO - probability_positive min=0.0000 mean=0.5300 std=0.4939 max=1.0000 predicted_0=215 predicted_1=241
2026-08-22 11:26:04 - INFO - [Classification Report - split=validation epoch=11 - threshold=0.50]
2026-08-22 11:26:04 - INFO -                 precision    recall  f1-score   support
2026-08-22 11:26:04 - INFO - 
2026-08-22 11:26:04 - INFO -       safe (0)     0.8442    0.7831    0.8125        83
2026-08-22 11:26:04 - INFO - vulnerable (1)     0.7600    0.8261    0.7917        69
2026-08-22 11:26:04 - INFO - 
2026-08-22 11:26:04 - INFO -       accuracy                         0.8026       152
2026-08-22 11:26:04 - INFO -      macro avg     0.8021    0.8046    0.8021       152
2026-08-22 11:26:04 - INFO -   weighted avg     0.8060    0.8026    0.8030       152
2026-08-22 11:26:04 - INFO - Confusion matrix - [[tn=65, fp=18], [fn=12, tp=57]]
2026-08-22 11:26:04 - INFO - probability_positive min=0.0000 mean=0.4898 std=0.4897 max=1.0000 predicted_0=77 predicted_1=75
2026-08-22 11:26:21 - INFO - Epoch 12/30 | Train loss: 0.066507 | Val loss: 1.299951 | LR: 2.00e-05 | Best epoch: 12 | Patience: 3 | Train: 14.33s | Validation: 1.61s | Epoch: 16.70s | Total: 197.65s
2026-08-22 11:26:21 - INFO - RecAdam target-task weight at epoch end: 1.000000
2026-08-22 11:26:21 - INFO - [Classification Report - split=train epoch=12 - threshold=0.50]
2026-08-22 11:26:21 - INFO -                 precision    recall  f1-score   support
2026-08-22 11:26:21 - INFO - 
2026-08-22 11:26:21 - INFO -       safe (0)     0.9770    0.9770    0.9770       217
2026-08-22 11:26:21 - INFO - vulnerable (1)     0.9791    0.9791    0.9791       239
2026-08-22 11:26:21 - INFO - 
2026-08-22 11:26:21 - INFO -       accuracy                         0.9781       456
2026-08-22 11:26:21 - INFO -      macro avg     0.9780    0.9780    0.9780       456
2026-08-22 11:26:21 - INFO -   weighted avg     0.9781    0.9781    0.9781       456
2026-08-22 11:26:21 - INFO - Confusion matrix - [[tn=212, fp=5], [fn=5, tp=234]]
2026-08-22 11:26:21 - INFO - probability_positive min=0.0000 mean=0.5227 std=0.4934 max=1.0000 predicted_0=217 predicted_1=239
2026-08-22 11:26:21 - INFO - [Classification Report - split=validation epoch=12 - threshold=0.50]
2026-08-22 11:26:21 - INFO -                 precision    recall  f1-score   support
2026-08-22 11:26:21 - INFO - 
2026-08-22 11:26:21 - INFO -       safe (0)     0.8684    0.7952    0.8302        83
2026-08-22 11:26:21 - INFO - vulnerable (1)     0.7763    0.8551    0.8138        69
2026-08-22 11:26:21 - INFO - 
2026-08-22 11:26:21 - INFO -       accuracy                         0.8224       152
2026-08-22 11:26:21 - INFO -      macro avg     0.8224    0.8251    0.8220       152
2026-08-22 11:26:21 - INFO -   weighted avg     0.8266    0.8224    0.8227       152
2026-08-22 11:26:21 - INFO - Confusion matrix - [[tn=66, fp=17], [fn=10, tp=59]]
2026-08-22 11:26:21 - INFO - probability_positive min=0.0000 mean=0.5032 std=0.4916 max=1.0000 predicted_0=76 predicted_1=76
2026-08-22 11:26:21 - INFO - Latest tied-best checkpoint saved | Macro-F1: 0.821991 | Epoch: 12
2026-08-22 11:26:37 - INFO - Epoch 13/30 | Train loss: 0.090872 | Val loss: 1.329189 | LR: 2.00e-05 | Best epoch: 12 | Patience: 4 | Train: 14.34s | Validation: 1.61s | Epoch: 15.94s | Total: 213.63s
2026-08-22 11:26:37 - INFO - RecAdam target-task weight at epoch end: 1.000000
2026-08-22 11:26:37 - INFO - [Classification Report - split=train epoch=13 - threshold=0.50]
2026-08-22 11:26:37 - INFO -                 precision    recall  f1-score   support
2026-08-22 11:26:37 - INFO - 
2026-08-22 11:26:37 - INFO -       safe (0)     0.9769    0.9724    0.9746       217
2026-08-22 11:26:37 - INFO - vulnerable (1)     0.9750    0.9791    0.9770       239
2026-08-22 11:26:37 - INFO - 
2026-08-22 11:26:37 - INFO -       accuracy                         0.9759       456
2026-08-22 11:26:37 - INFO -      macro avg     0.9759    0.9757    0.9758       456
2026-08-22 11:26:37 - INFO -   weighted avg     0.9759    0.9759    0.9759       456
2026-08-22 11:26:37 - INFO - Confusion matrix - [[tn=211, fp=6], [fn=5, tp=234]]
2026-08-22 11:26:37 - INFO - probability_positive min=0.0000 mean=0.5266 std=0.4957 max=1.0000 predicted_0=216 predicted_1=240
2026-08-22 11:26:37 - INFO - [Classification Report - split=validation epoch=13 - threshold=0.50]
2026-08-22 11:26:37 - INFO -                 precision    recall  f1-score   support
2026-08-22 11:26:37 - INFO - 
2026-08-22 11:26:37 - INFO -       safe (0)     0.8395    0.8193    0.8293        83
2026-08-22 11:26:37 - INFO - vulnerable (1)     0.7887    0.8116    0.8000        69
2026-08-22 11:26:37 - INFO - 
2026-08-22 11:26:37 - INFO -       accuracy                         0.8158       152
2026-08-22 11:26:37 - INFO -      macro avg     0.8141    0.8154    0.8146       152
2026-08-22 11:26:37 - INFO -   weighted avg     0.8165    0.8158    0.8160       152
2026-08-22 11:26:37 - INFO - Confusion matrix - [[tn=68, fp=15], [fn=13, tp=56]]
2026-08-22 11:26:37 - INFO - probability_positive min=0.0000 mean=0.4691 std=0.4894 max=1.0000 predicted_0=81 predicted_1=71
2026-08-22 11:26:54 - INFO - Epoch 14/30 | Train loss: 0.036815 | Val loss: 1.341644 | LR: 2.00e-05 | Best epoch: 14 | Patience: 0 | Train: 14.33s | Validation: 1.61s | Epoch: 16.70s | Total: 230.34s
2026-08-22 11:26:54 - INFO - RecAdam target-task weight at epoch end: 1.000000
2026-08-22 11:26:54 - INFO - [Classification Report - split=train epoch=14 - threshold=0.50]
2026-08-22 11:26:54 - INFO -                 precision    recall  f1-score   support
2026-08-22 11:26:54 - INFO - 
2026-08-22 11:26:54 - INFO -       safe (0)     0.9819    1.0000    0.9909       217
2026-08-22 11:26:54 - INFO - vulnerable (1)     1.0000    0.9833    0.9916       239
2026-08-22 11:26:54 - INFO - 
2026-08-22 11:26:54 - INFO -       accuracy                         0.9912       456
2026-08-22 11:26:54 - INFO -      macro avg     0.9910    0.9916    0.9912       456
2026-08-22 11:26:54 - INFO -   weighted avg     0.9914    0.9912    0.9912       456
2026-08-22 11:26:54 - INFO - Confusion matrix - [[tn=217, fp=0], [fn=4, tp=235]]
2026-08-22 11:26:54 - INFO - probability_positive min=0.0000 mean=0.5187 std=0.4964 max=1.0000 predicted_0=221 predicted_1=235
2026-08-22 11:26:54 - INFO - [Classification Report - split=validation epoch=14 - threshold=0.50]
2026-08-22 11:26:54 - INFO -                 precision    recall  f1-score   support
2026-08-22 11:26:54 - INFO - 
2026-08-22 11:26:54 - INFO -       safe (0)     0.8608    0.8193    0.8395        83
2026-08-22 11:26:54 - INFO - vulnerable (1)     0.7945    0.8406    0.8169        69
2026-08-22 11:26:54 - INFO - 
2026-08-22 11:26:54 - INFO -       accuracy                         0.8289       152
2026-08-22 11:26:54 - INFO -      macro avg     0.8276    0.8299    0.8282       152
2026-08-22 11:26:54 - INFO -   weighted avg     0.8307    0.8289    0.8292       152
2026-08-22 11:26:54 - INFO - Confusion matrix - [[tn=68, fp=15], [fn=11, tp=58]]
2026-08-22 11:26:54 - INFO - probability_positive min=0.0000 mean=0.4861 std=0.4934 max=1.0000 predicted_0=79 predicted_1=73
2026-08-22 11:26:54 - INFO - New best model | Macro-F1: 0.828204 | Epoch: 14
2026-08-22 11:27:10 - INFO - Epoch 15/30 | Train loss: 0.064974 | Val loss: 1.357555 | LR: 2.00e-05 | Best epoch: 14 | Patience: 1 | Train: 14.34s | Validation: 1.61s | Epoch: 15.95s | Total: 246.32s
2026-08-22 11:27:10 - INFO - RecAdam target-task weight at epoch end: 1.000000
2026-08-22 11:27:10 - INFO - [Classification Report - split=train epoch=15 - threshold=0.50]
2026-08-22 11:27:10 - INFO -                 precision    recall  f1-score   support
2026-08-22 11:27:10 - INFO - 
2026-08-22 11:27:10 - INFO -       safe (0)     0.9861    0.9816    0.9838       217
2026-08-22 11:27:10 - INFO - vulnerable (1)     0.9833    0.9874    0.9854       239
2026-08-22 11:27:10 - INFO - 
2026-08-22 11:27:10 - INFO -       accuracy                         0.9846       456
2026-08-22 11:27:10 - INFO -      macro avg     0.9847    0.9845    0.9846       456
2026-08-22 11:27:10 - INFO -   weighted avg     0.9847    0.9846    0.9846       456
2026-08-22 11:27:10 - INFO - Confusion matrix - [[tn=213, fp=4], [fn=3, tp=236]]
2026-08-22 11:27:10 - INFO - probability_positive min=0.0000 mean=0.5266 std=0.4964 max=1.0000 predicted_0=216 predicted_1=240
2026-08-22 11:27:10 - INFO - [Classification Report - split=validation epoch=15 - threshold=0.50]
2026-08-22 11:27:10 - INFO -                 precision    recall  f1-score   support
2026-08-22 11:27:10 - INFO - 
2026-08-22 11:27:10 - INFO -       safe (0)     0.8395    0.8193    0.8293        83
2026-08-22 11:27:10 - INFO - vulnerable (1)     0.7887    0.8116    0.8000        69
2026-08-22 11:27:10 - INFO - 
2026-08-22 11:27:10 - INFO -       accuracy                         0.8158       152
2026-08-22 11:27:10 - INFO -      macro avg     0.8141    0.8154    0.8146       152
2026-08-22 11:27:10 - INFO -   weighted avg     0.8165    0.8158    0.8160       152
2026-08-22 11:27:10 - INFO - Confusion matrix - [[tn=68, fp=15], [fn=13, tp=56]]
2026-08-22 11:27:10 - INFO - probability_positive min=0.0000 mean=0.4673 std=0.4901 max=1.0000 predicted_0=81 predicted_1=71
2026-08-22 11:27:26 - INFO - Epoch 16/30 | Train loss: 0.014562 | Val loss: 1.459077 | LR: 2.00e-05 | Best epoch: 14 | Patience: 2 | Train: 14.33s | Validation: 1.61s | Epoch: 15.93s | Total: 262.26s
2026-08-22 11:27:26 - INFO - RecAdam target-task weight at epoch end: 1.000000
2026-08-22 11:27:26 - INFO - [Classification Report - split=train epoch=16 - threshold=0.50]
2026-08-22 11:27:26 - INFO -                 precision    recall  f1-score   support
2026-08-22 11:27:26 - INFO - 
2026-08-22 11:27:26 - INFO -       safe (0)     0.9954    0.9908    0.9931       217
2026-08-22 11:27:26 - INFO - vulnerable (1)     0.9917    0.9958    0.9937       239
2026-08-22 11:27:26 - INFO - 
2026-08-22 11:27:26 - INFO -       accuracy                         0.9934       456
2026-08-22 11:27:26 - INFO -      macro avg     0.9935    0.9933    0.9934       456
2026-08-22 11:27:26 - INFO -   weighted avg     0.9934    0.9934    0.9934       456
2026-08-22 11:27:26 - INFO - Confusion matrix - [[tn=215, fp=2], [fn=1, tp=238]]
2026-08-22 11:27:26 - INFO - probability_positive min=0.0000 mean=0.5237 std=0.4964 max=1.0000 predicted_0=216 predicted_1=240
2026-08-22 11:27:26 - INFO - [Classification Report - split=validation epoch=16 - threshold=0.50]
2026-08-22 11:27:26 - INFO -                 precision    recall  f1-score   support
2026-08-22 11:27:26 - INFO - 
2026-08-22 11:27:26 - INFO -       safe (0)     0.8481    0.8072    0.8272        83
2026-08-22 11:27:26 - INFO - vulnerable (1)     0.7808    0.8261    0.8028        69
2026-08-22 11:27:26 - INFO - 
2026-08-22 11:27:26 - INFO -       accuracy                         0.8158       152
2026-08-22 11:27:26 - INFO -      macro avg     0.8145    0.8167    0.8150       152
2026-08-22 11:27:26 - INFO -   weighted avg     0.8176    0.8158    0.8161       152
2026-08-22 11:27:26 - INFO - Confusion matrix - [[tn=67, fp=16], [fn=12, tp=57]]
2026-08-22 11:27:26 - INFO - probability_positive min=0.0000 mean=0.4727 std=0.4904 max=1.0000 predicted_0=79 predicted_1=73
2026-08-22 11:27:42 - INFO - Epoch 17/30 | Train loss: 0.024638 | Val loss: 1.457749 | LR: 2.00e-05 | Best epoch: 14 | Patience: 3 | Train: 14.33s | Validation: 1.61s | Epoch: 15.94s | Total: 278.22s
2026-08-22 11:27:42 - INFO - RecAdam target-task weight at epoch end: 1.000000
2026-08-22 11:27:42 - INFO - [Classification Report - split=train epoch=17 - threshold=0.50]
2026-08-22 11:27:42 - INFO -                 precision    recall  f1-score   support
2026-08-22 11:27:42 - INFO - 
2026-08-22 11:27:42 - INFO -       safe (0)     0.9954    0.9954    0.9954       217
2026-08-22 11:27:42 - INFO - vulnerable (1)     0.9958    0.9958    0.9958       239
2026-08-22 11:27:42 - INFO - 
2026-08-22 11:27:42 - INFO -       accuracy                         0.9956       456
2026-08-22 11:27:42 - INFO -      macro avg     0.9956    0.9956    0.9956       456
2026-08-22 11:27:42 - INFO -   weighted avg     0.9956    0.9956    0.9956       456
2026-08-22 11:27:42 - INFO - Confusion matrix - [[tn=216, fp=1], [fn=1, tp=238]]
2026-08-22 11:27:42 - INFO - probability_positive min=0.0000 mean=0.5251 std=0.4967 max=1.0000 predicted_0=217 predicted_1=239
2026-08-22 11:27:42 - INFO - [Classification Report - split=validation epoch=17 - threshold=0.50]
2026-08-22 11:27:42 - INFO -                 precision    recall  f1-score   support
2026-08-22 11:27:42 - INFO - 
2026-08-22 11:27:42 - INFO -       safe (0)     0.8590    0.8072    0.8323        83
2026-08-22 11:27:42 - INFO - vulnerable (1)     0.7838    0.8406    0.8112        69
2026-08-22 11:27:42 - INFO - 
2026-08-22 11:27:42 - INFO -       accuracy                         0.8224       152
2026-08-22 11:27:42 - INFO -      macro avg     0.8214    0.8239    0.8217       152
2026-08-22 11:27:42 - INFO -   weighted avg     0.8248    0.8224    0.8227       152
2026-08-22 11:27:42 - INFO - Confusion matrix - [[tn=67, fp=16], [fn=11, tp=58]]
2026-08-22 11:27:42 - INFO - probability_positive min=0.0000 mean=0.4828 std=0.4938 max=1.0000 predicted_0=78 predicted_1=74
2026-08-22 11:27:58 - INFO - Epoch 18/30 | Train loss: 0.037611 | Val loss: 1.361928 | LR: 2.00e-05 | Best epoch: 14 | Patience: 4 | Train: 14.33s | Validation: 1.61s | Epoch: 15.93s | Total: 294.17s
2026-08-22 11:27:58 - INFO - RecAdam target-task weight at epoch end: 1.000000
2026-08-22 11:27:58 - INFO - [Classification Report - split=train epoch=18 - threshold=0.50]
2026-08-22 11:27:58 - INFO -                 precision    recall  f1-score   support
2026-08-22 11:27:58 - INFO - 
2026-08-22 11:27:58 - INFO -       safe (0)     0.9953    0.9862    0.9907       217
2026-08-22 11:27:58 - INFO - vulnerable (1)     0.9876    0.9958    0.9917       239
2026-08-22 11:27:58 - INFO - 
2026-08-22 11:27:58 - INFO -       accuracy                         0.9912       456
2026-08-22 11:27:58 - INFO -      macro avg     0.9915    0.9910    0.9912       456
2026-08-22 11:27:58 - INFO -   weighted avg     0.9913    0.9912    0.9912       456
2026-08-22 11:27:58 - INFO - Confusion matrix - [[tn=214, fp=3], [fn=1, tp=238]]
2026-08-22 11:27:58 - INFO - probability_positive min=0.0000 mean=0.5282 std=0.4982 max=1.0000 predicted_0=215 predicted_1=241
2026-08-22 11:27:58 - INFO - [Classification Report - split=validation epoch=18 - threshold=0.50]
2026-08-22 11:27:58 - INFO -                 precision    recall  f1-score   support
2026-08-22 11:27:58 - INFO - 
2026-08-22 11:27:58 - INFO -       safe (0)     0.8590    0.8072    0.8323        83
2026-08-22 11:27:58 - INFO - vulnerable (1)     0.7838    0.8406    0.8112        69
2026-08-22 11:27:58 - INFO - 
2026-08-22 11:27:58 - INFO -       accuracy                         0.8224       152
2026-08-22 11:27:58 - INFO -      macro avg     0.8214    0.8239    0.8217       152
2026-08-22 11:27:58 - INFO -   weighted avg     0.8248    0.8224    0.8227       152
2026-08-22 11:27:58 - INFO - Confusion matrix - [[tn=67, fp=16], [fn=11, tp=58]]
2026-08-22 11:27:58 - INFO - probability_positive min=0.0000 mean=0.4795 std=0.4922 max=1.0000 predicted_0=78 predicted_1=74
2026-08-22 11:28:14 - INFO - Epoch 19/30 | Train loss: 0.016055 | Val loss: 1.427113 | LR: 2.00e-05 | Best epoch: 14 | Patience: 5 | Train: 14.33s | Validation: 1.61s | Epoch: 15.94s | Total: 310.12s
2026-08-22 11:28:14 - INFO - RecAdam target-task weight at epoch end: 1.000000
2026-08-22 11:28:14 - INFO - [Classification Report - split=train epoch=19 - threshold=0.50]
2026-08-22 11:28:14 - INFO -                 precision    recall  f1-score   support
2026-08-22 11:28:14 - INFO - 
2026-08-22 11:28:14 - INFO -       safe (0)     0.9954    0.9954    0.9954       217
2026-08-22 11:28:14 - INFO - vulnerable (1)     0.9958    0.9958    0.9958       239
2026-08-22 11:28:14 - INFO - 
2026-08-22 11:28:14 - INFO -       accuracy                         0.9956       456
2026-08-22 11:28:14 - INFO -      macro avg     0.9956    0.9956    0.9956       456
2026-08-22 11:28:14 - INFO -   weighted avg     0.9956    0.9956    0.9956       456
2026-08-22 11:28:14 - INFO - Confusion matrix - [[tn=216, fp=1], [fn=1, tp=238]]
2026-08-22 11:28:14 - INFO - probability_positive min=0.0000 mean=0.5239 std=0.4970 max=1.0000 predicted_0=217 predicted_1=239
2026-08-22 11:28:14 - INFO - [Classification Report - split=validation epoch=19 - threshold=0.50]
2026-08-22 11:28:14 - INFO -                 precision    recall  f1-score   support
2026-08-22 11:28:14 - INFO - 
2026-08-22 11:28:14 - INFO -       safe (0)     0.8590    0.8072    0.8323        83
2026-08-22 11:28:14 - INFO - vulnerable (1)     0.7838    0.8406    0.8112        69
2026-08-22 11:28:14 - INFO - 
2026-08-22 11:28:14 - INFO -       accuracy                         0.8224       152
2026-08-22 11:28:14 - INFO -      macro avg     0.8214    0.8239    0.8217       152
2026-08-22 11:28:14 - INFO -   weighted avg     0.8248    0.8224    0.8227       152
2026-08-22 11:28:14 - INFO - Confusion matrix - [[tn=67, fp=16], [fn=11, tp=58]]
2026-08-22 11:28:14 - INFO - probability_positive min=0.0000 mean=0.4851 std=0.4945 max=1.0000 predicted_0=78 predicted_1=74
2026-08-22 11:28:14 - INFO - Early stopping | Epoch: 19 | Best epoch: 14
2026-08-22 11:28:14 - INFO - Best checkpoint saved | Path: model/fam2_codebert/transfer_cwe/seed_42/fold3/best.pt | Epoch: 14 | Val macro_f1: 0.828204
2026-08-22 11:28:14 - INFO - Training finished | Elapsed: 310.13s
2026-08-22 11:28:14 - INFO - Run finished | Phase: phase2 | Fold: 3 | Seed: 42 | Elapsed: 313.62s
