2026-08-22 08:41:10 - INFO - Using device: cuda
2026-08-22 08:41:10 - INFO - Run started | Run: fam1_t5p | Method: transfer_cwe | Phase: phase2 | Fold: 2 | Seed: 7 | Device: cuda
2026-08-22 08:41:10 - INFO - Loading Python training data: data/sven_python_folds_norm/fold2/train.jsonl
2026-08-22 08:41:10 - INFO - Loading Python validation data: data/sven_python_folds_norm/fold2/val.jsonl
2026-08-22 08:41:10 - INFO - Data split: python_train | Total: 456 | Labels: {0: 226, 1: 230} | CWEs: {'CWE-022': 43, 'CWE-078': 124, 'CWE-079': 43, 'CWE-089': 246} | Languages: {'python': 456} | Invalid CWE: 0
2026-08-22 08:41:10 - INFO - Data split: python_val | Total: 152 | Labels: {0: 80, 1: 72} | CWEs: {'CWE-022': 15, 'CWE-078': 38, 'CWE-079': 20, 'CWE-089': 79} | Languages: {'python': 152} | Invalid CWE: 0
2026-08-22 08:41:11 - INFO - Auxiliary head width taken from checkpoint: 4
2026-08-22 08:41:12 - INFO - Loaded source checkpoint: model/fam1_t5p/transfer_cwe/seed_7/source/best.pt | Best epoch: 15 | Best Val Macro-F1: 0.665438
2026-08-22 08:41:12 - INFO - RecAdam schedule | Total steps: 870 | Steps/epoch: 29 | Anneal t0: 43 | Weights: {1: 0.10909682119561293, 29: 0.3318122278318339, 43: 0.5, 870: 1.0}
2026-08-22 08:41:12 - INFO - Environment: {"components": {"backbone": {"frozen": 0, "total": 109607040, "trainable": 109607040}, "cwe_head": {"frozen": 3076, "total": 3076, "trainable": 0}, "vul_head": {"frozen": 0, "total": 1538, "trainable": 1538}}, "cuda": "12.8", "fold": 2, "frozen_parameters": 3076, "gpu": "NVIDIA GeForce RTX 5070 Ti", "hyperparameters": {"anneal_fun": "sigmoid", "anneal_k": 0.05, "anneal_t0_ratio": 0.05, "anneal_w": 1.0, "aux_mode": "cwe", "batch_size": 16, "checkpoint_path": "model/fam1_t5p/transfer_cwe/seed_7/fold2/best.pt", "cwe_vocab": "fixed4", "data_path": "data/train_ccpp_filtered.jsonl", "data_root": "data/sven_python_folds_norm", "epochs": 30, "eval_batch_size": 16, "fold": 2, "freeze_backbone_layers": 0, "freeze_prototypes_steps": 0, "lambda_cwe": 0.2, "latent_temperature": 0.1, "learning_rate": 2e-05, "lora_rank": 0, "lp_epochs": 0, "lp_learning_rate": 0.001, "max_eval_samples": null, "max_grad_norm": 1.0, "max_length": 512, "max_train_samples": null, "method_name": "transfer_cwe", "min_epochs": 3, "model_name": "Salesforce/codet5p-220m", "num_cwes": 4, "num_latent": 8, "num_workers": 0, "output_dir": "results/fam1_t5p/transfer_cwe", "patience": 5, "phase": "phase2", "phase2_optimizer": "recadam", "pooling": "mean", "pretrain_cof": 5000.0, "recadam_anchor": "source", "result_path": "results/fam1_t5p/transfer_cwe/seed_7/fold2.json", "run_name": "fam1_t5p", "seed": 7, "selection_metric": "macro_f1", "source_checkpoint": "model/fam1_t5p/transfer_cwe/seed_7/source/best.pt", "source_interpolation": 1.0, "strict_determinism": false, "target_lang": "python", "test_path": null, "train_path": null, "truncation_strategy": "head_middle_tail", "val_path": null, "weight_decay": 0.01}, "mode": "phase2_train", "model_name": "Salesforce/codet5p-220m", "seed": 7, "sklearn": "1.9.0", "torch": "2.11.0+cu128", "trainable_parameters": 109608578, "transformers": "4.57.1"}
2026-08-22 08:41:12 - INFO - Training started | Phase: phase2 | Epochs: 30
2026-08-22 08:41:13 - INFO - RecAdam first-step safety checks passed
2026-08-22 08:41:22 - INFO - Epoch 1/30 | Train loss: 0.937508 | Val loss: 0.821922 | LR: 2.00e-05 | Best epoch: 1 | Patience: 0 | Train: 8.59s | Validation: 0.96s | Epoch: 9.71s | Total: 9.71s
2026-08-22 08:41:22 - INFO - RecAdam target-task weight at epoch end: 0.331812
2026-08-22 08:41:22 - INFO - [Classification Report - split=train epoch=1 - threshold=0.50]
2026-08-22 08:41:22 - INFO -                 precision    recall  f1-score   support
2026-08-22 08:41:22 - INFO - 
2026-08-22 08:41:22 - INFO -       safe (0)     0.6515    0.3805    0.4804       226
2026-08-22 08:41:22 - INFO - vulnerable (1)     0.5679    0.8000    0.6643       230
2026-08-22 08:41:22 - INFO - 
2026-08-22 08:41:22 - INFO -       accuracy                         0.5921       456
2026-08-22 08:41:22 - INFO -      macro avg     0.6097    0.5903    0.5724       456
2026-08-22 08:41:22 - INFO -   weighted avg     0.6093    0.5921    0.5732       456
2026-08-22 08:41:22 - INFO - Confusion matrix - [[tn=86, fp=140], [fn=46, tp=184]]
2026-08-22 08:41:22 - INFO - probability_positive min=0.0010 mean=0.6541 std=0.2963 max=0.9984 predicted_0=132 predicted_1=324
2026-08-22 08:41:22 - INFO - [Classification Report - split=validation epoch=1 - threshold=0.50]
2026-08-22 08:41:22 - INFO -                 precision    recall  f1-score   support
2026-08-22 08:41:22 - INFO - 
2026-08-22 08:41:22 - INFO -       safe (0)     0.5976    0.6125    0.6049        80
2026-08-22 08:41:22 - INFO - vulnerable (1)     0.5571    0.5417    0.5493        72
2026-08-22 08:41:22 - INFO - 
2026-08-22 08:41:22 - INFO -       accuracy                         0.5789       152
2026-08-22 08:41:22 - INFO -      macro avg     0.5774    0.5771    0.5771       152
2026-08-22 08:41:22 - INFO -   weighted avg     0.5784    0.5789    0.5786       152
2026-08-22 08:41:22 - INFO - Confusion matrix - [[tn=49, fp=31], [fn=33, tp=39]]
2026-08-22 08:41:22 - INFO - probability_positive min=0.0005 mean=0.4742 std=0.2979 max=0.9943 predicted_0=82 predicted_1=70
2026-08-22 08:41:22 - INFO - New best model | Macro-F1: 0.577117 | Epoch: 1
2026-08-22 08:41:31 - INFO - Epoch 2/30 | Train loss: 0.681071 | Val loss: 0.657036 | LR: 2.00e-05 | Best epoch: 2 | Patience: 0 | Train: 8.41s | Validation: 0.96s | Epoch: 9.59s | Total: 19.31s
2026-08-22 08:41:31 - INFO - RecAdam target-task weight at epoch end: 0.679179
2026-08-22 08:41:31 - INFO - [Classification Report - split=train epoch=2 - threshold=0.50]
2026-08-22 08:41:31 - INFO -                 precision    recall  f1-score   support
2026-08-22 08:41:31 - INFO - 
2026-08-22 08:41:31 - INFO -       safe (0)     0.6211    0.6239    0.6225       226
2026-08-22 08:41:31 - INFO - vulnerable (1)     0.6288    0.6261    0.6275       230
2026-08-22 08:41:31 - INFO - 
2026-08-22 08:41:31 - INFO -       accuracy                         0.6250       456
2026-08-22 08:41:31 - INFO -      macro avg     0.6250    0.6250    0.6250       456
2026-08-22 08:41:31 - INFO -   weighted avg     0.6250    0.6250    0.6250       456
2026-08-22 08:41:31 - INFO - Confusion matrix - [[tn=141, fp=85], [fn=86, tp=144]]
2026-08-22 08:41:31 - INFO - probability_positive min=0.0012 mean=0.4983 std=0.2453 max=0.9954 predicted_0=227 predicted_1=229
2026-08-22 08:41:31 - INFO - [Classification Report - split=validation epoch=2 - threshold=0.50]
2026-08-22 08:41:31 - INFO -                 precision    recall  f1-score   support
2026-08-22 08:41:31 - INFO - 
2026-08-22 08:41:31 - INFO -       safe (0)     0.6264    0.7125    0.6667        80
2026-08-22 08:41:31 - INFO - vulnerable (1)     0.6230    0.5278    0.5714        72
2026-08-22 08:41:31 - INFO - 
2026-08-22 08:41:31 - INFO -       accuracy                         0.6250       152
2026-08-22 08:41:31 - INFO -      macro avg     0.6247    0.6201    0.6190       152
2026-08-22 08:41:31 - INFO -   weighted avg     0.6248    0.6250    0.6216       152
2026-08-22 08:41:31 - INFO - Confusion matrix - [[tn=57, fp=23], [fn=34, tp=38]]
2026-08-22 08:41:31 - INFO - probability_positive min=0.0007 mean=0.4499 std=0.2475 max=0.9889 predicted_0=91 predicted_1=61
2026-08-22 08:41:31 - INFO - New best model | Macro-F1: 0.619048 | Epoch: 2
2026-08-22 08:41:41 - INFO - Epoch 3/30 | Train loss: 0.571463 | Val loss: 0.563267 | LR: 2.00e-05 | Best epoch: 3 | Patience: 0 | Train: 8.40s | Validation: 0.96s | Epoch: 9.58s | Total: 28.90s
2026-08-22 08:41:41 - INFO - RecAdam target-task weight at epoch end: 0.900250
2026-08-22 08:41:41 - INFO - [Classification Report - split=train epoch=3 - threshold=0.50]
2026-08-22 08:41:41 - INFO -                 precision    recall  f1-score   support
2026-08-22 08:41:41 - INFO - 
2026-08-22 08:41:41 - INFO -       safe (0)     0.7169    0.6947    0.7056       226
2026-08-22 08:41:41 - INFO - vulnerable (1)     0.7089    0.7304    0.7195       230
2026-08-22 08:41:41 - INFO - 
2026-08-22 08:41:41 - INFO -       accuracy                         0.7127       456
2026-08-22 08:41:41 - INFO -      macro avg     0.7129    0.7126    0.7126       456
2026-08-22 08:41:41 - INFO -   weighted avg     0.7128    0.7127    0.7126       456
2026-08-22 08:41:41 - INFO - Confusion matrix - [[tn=157, fp=69], [fn=62, tp=168]]
2026-08-22 08:41:41 - INFO - probability_positive min=0.0013 mean=0.5104 std=0.2545 max=0.9946 predicted_0=219 predicted_1=237
2026-08-22 08:41:41 - INFO - [Classification Report - split=validation epoch=3 - threshold=0.50]
2026-08-22 08:41:41 - INFO -                 precision    recall  f1-score   support
2026-08-22 08:41:41 - INFO - 
2026-08-22 08:41:41 - INFO -       safe (0)     0.6204    0.8375    0.7128        80
2026-08-22 08:41:41 - INFO - vulnerable (1)     0.7045    0.4306    0.5345        72
2026-08-22 08:41:41 - INFO - 
2026-08-22 08:41:41 - INFO -       accuracy                         0.6447       152
2026-08-22 08:41:41 - INFO -      macro avg     0.6625    0.6340    0.6236       152
2026-08-22 08:41:41 - INFO -   weighted avg     0.6602    0.6447    0.6283       152
2026-08-22 08:41:41 - INFO - Confusion matrix - [[tn=67, fp=13], [fn=41, tp=31]]
2026-08-22 08:41:41 - INFO - probability_positive min=0.0008 mean=0.3884 std=0.3040 max=0.9970 predicted_0=108 predicted_1=44
2026-08-22 08:41:41 - INFO - New best model | Macro-F1: 0.623624 | Epoch: 3
2026-08-22 08:41:51 - INFO - Epoch 4/30 | Train loss: 0.434796 | Val loss: 0.563136 | LR: 2.00e-05 | Best epoch: 4 | Patience: 0 | Train: 8.40s | Validation: 0.96s | Epoch: 9.58s | Total: 38.49s
2026-08-22 08:41:51 - INFO - RecAdam target-task weight at epoch end: 0.974667
2026-08-22 08:41:51 - INFO - [Classification Report - split=train epoch=4 - threshold=0.50]
2026-08-22 08:41:51 - INFO -                 precision    recall  f1-score   support
2026-08-22 08:41:51 - INFO - 
2026-08-22 08:41:51 - INFO -       safe (0)     0.8145    0.7965    0.8054       226
2026-08-22 08:41:51 - INFO - vulnerable (1)     0.8043    0.8217    0.8129       230
2026-08-22 08:41:51 - INFO - 
2026-08-22 08:41:51 - INFO -       accuracy                         0.8092       456
2026-08-22 08:41:51 - INFO -      macro avg     0.8094    0.8091    0.8091       456
2026-08-22 08:41:51 - INFO -   weighted avg     0.8093    0.8092    0.8092       456
2026-08-22 08:41:51 - INFO - Confusion matrix - [[tn=180, fp=46], [fn=41, tp=189]]
2026-08-22 08:41:51 - INFO - probability_positive min=0.0009 mean=0.5164 std=0.3505 max=0.9980 predicted_0=221 predicted_1=235
2026-08-22 08:41:51 - INFO - [Classification Report - split=validation epoch=4 - threshold=0.50]
2026-08-22 08:41:51 - INFO -                 precision    recall  f1-score   support
2026-08-22 08:41:51 - INFO - 
2026-08-22 08:41:51 - INFO -       safe (0)     0.7582    0.8625    0.8070        80
2026-08-22 08:41:51 - INFO - vulnerable (1)     0.8197    0.6944    0.7519        72
2026-08-22 08:41:51 - INFO - 
2026-08-22 08:41:51 - INFO -       accuracy                         0.7829       152
2026-08-22 08:41:51 - INFO -      macro avg     0.7890    0.7785    0.7794       152
2026-08-22 08:41:51 - INFO -   weighted avg     0.7873    0.7829    0.7809       152
2026-08-22 08:41:51 - INFO - Confusion matrix - [[tn=69, fp=11], [fn=22, tp=50]]
2026-08-22 08:41:51 - INFO - probability_positive min=0.0008 mean=0.3886 std=0.3804 max=0.9988 predicted_0=91 predicted_1=61
2026-08-22 08:41:51 - INFO - New best model | Macro-F1: 0.779449 | Epoch: 4
2026-08-22 08:42:00 - INFO - Epoch 5/30 | Train loss: 0.308932 | Val loss: 0.550166 | LR: 2.00e-05 | Best epoch: 4 | Patience: 1 | Train: 8.40s | Validation: 0.96s | Epoch: 9.36s | Total: 47.86s
2026-08-22 08:42:00 - INFO - RecAdam target-task weight at epoch end: 0.993940
2026-08-22 08:42:00 - INFO - [Classification Report - split=train epoch=5 - threshold=0.50]
2026-08-22 08:42:00 - INFO -                 precision    recall  f1-score   support
2026-08-22 08:42:00 - INFO - 
2026-08-22 08:42:00 - INFO -       safe (0)     0.8678    0.8717    0.8698       226
2026-08-22 08:42:00 - INFO - vulnerable (1)     0.8734    0.8696    0.8715       230
2026-08-22 08:42:00 - INFO - 
2026-08-22 08:42:00 - INFO -       accuracy                         0.8706       456
2026-08-22 08:42:00 - INFO -      macro avg     0.8706    0.8706    0.8706       456
2026-08-22 08:42:00 - INFO -   weighted avg     0.8706    0.8706    0.8706       456
2026-08-22 08:42:00 - INFO - Confusion matrix - [[tn=197, fp=29], [fn=30, tp=200]]
2026-08-22 08:42:00 - INFO - probability_positive min=0.0014 mean=0.4947 std=0.4096 max=0.9983 predicted_0=227 predicted_1=229
2026-08-22 08:42:00 - INFO - [Classification Report - split=validation epoch=5 - threshold=0.50]
2026-08-22 08:42:00 - INFO -                 precision    recall  f1-score   support
2026-08-22 08:42:00 - INFO - 
2026-08-22 08:42:00 - INFO -       safe (0)     0.7320    0.8875    0.8023        80
2026-08-22 08:42:00 - INFO - vulnerable (1)     0.8364    0.6389    0.7244        72
2026-08-22 08:42:00 - INFO - 
2026-08-22 08:42:00 - INFO -       accuracy                         0.7697       152
2026-08-22 08:42:00 - INFO -      macro avg     0.7842    0.7632    0.7633       152
2026-08-22 08:42:00 - INFO -   weighted avg     0.7814    0.7697    0.7654       152
2026-08-22 08:42:00 - INFO - Confusion matrix - [[tn=71, fp=9], [fn=26, tp=46]]
2026-08-22 08:42:00 - INFO - probability_positive min=0.0009 mean=0.3778 std=0.4182 max=0.9994 predicted_0=97 predicted_1=55
2026-08-22 08:42:09 - INFO - Epoch 6/30 | Train loss: 0.236252 | Val loss: 0.676134 | LR: 2.00e-05 | Best epoch: 4 | Patience: 2 | Train: 8.40s | Validation: 0.96s | Epoch: 9.36s | Total: 57.23s
2026-08-22 08:42:09 - INFO - RecAdam target-task weight at epoch end: 0.998572
2026-08-22 08:42:09 - INFO - [Classification Report - split=train epoch=6 - threshold=0.50]
2026-08-22 08:42:09 - INFO -                 precision    recall  f1-score   support
2026-08-22 08:42:09 - INFO - 
2026-08-22 08:42:09 - INFO -       safe (0)     0.9132    0.8850    0.8989       226
2026-08-22 08:42:09 - INFO - vulnerable (1)     0.8903    0.9174    0.9036       230
2026-08-22 08:42:09 - INFO - 
2026-08-22 08:42:09 - INFO -       accuracy                         0.9013       456
2026-08-22 08:42:09 - INFO -      macro avg     0.9018    0.9012    0.9013       456
2026-08-22 08:42:09 - INFO -   weighted avg     0.9017    0.9013    0.9013       456
2026-08-22 08:42:09 - INFO - Confusion matrix - [[tn=200, fp=26], [fn=19, tp=211]]
2026-08-22 08:42:09 - INFO - probability_positive min=0.0011 mean=0.5112 std=0.4289 max=0.9993 predicted_0=219 predicted_1=237
2026-08-22 08:42:09 - INFO - [Classification Report - split=validation epoch=6 - threshold=0.50]
2026-08-22 08:42:09 - INFO -                 precision    recall  f1-score   support
2026-08-22 08:42:09 - INFO - 
2026-08-22 08:42:09 - INFO -       safe (0)     0.7245    0.8875    0.7978        80
2026-08-22 08:42:09 - INFO - vulnerable (1)     0.8333    0.6250    0.7143        72
2026-08-22 08:42:09 - INFO - 
2026-08-22 08:42:09 - INFO -       accuracy                         0.7632       152
2026-08-22 08:42:09 - INFO -      macro avg     0.7789    0.7562    0.7560       152
2026-08-22 08:42:09 - INFO -   weighted avg     0.7760    0.7632    0.7582       152
2026-08-22 08:42:09 - INFO - Confusion matrix - [[tn=71, fp=9], [fn=27, tp=45]]
2026-08-22 08:42:09 - INFO - probability_positive min=0.0006 mean=0.3602 std=0.4312 max=0.9996 predicted_0=98 predicted_1=54
2026-08-22 08:42:19 - INFO - Epoch 7/30 | Train loss: 0.198126 | Val loss: 0.829824 | LR: 2.00e-05 | Best epoch: 4 | Patience: 3 | Train: 8.40s | Validation: 0.96s | Epoch: 9.36s | Total: 66.60s
2026-08-22 08:42:19 - INFO - RecAdam target-task weight at epoch end: 0.999665
2026-08-22 08:42:19 - INFO - [Classification Report - split=train epoch=7 - threshold=0.50]
2026-08-22 08:42:19 - INFO -                 precision    recall  f1-score   support
2026-08-22 08:42:19 - INFO - 
2026-08-22 08:42:19 - INFO -       safe (0)     0.9004    0.9204    0.9103       226
2026-08-22 08:42:19 - INFO - vulnerable (1)     0.9200    0.9000    0.9099       230
2026-08-22 08:42:19 - INFO - 
2026-08-22 08:42:19 - INFO -       accuracy                         0.9101       456
2026-08-22 08:42:19 - INFO -      macro avg     0.9102    0.9102    0.9101       456
2026-08-22 08:42:19 - INFO -   weighted avg     0.9103    0.9101    0.9101       456
2026-08-22 08:42:19 - INFO - Confusion matrix - [[tn=208, fp=18], [fn=23, tp=207]]
2026-08-22 08:42:19 - INFO - probability_positive min=0.0008 mean=0.4952 std=0.4574 max=0.9995 predicted_0=231 predicted_1=225
2026-08-22 08:42:19 - INFO - [Classification Report - split=validation epoch=7 - threshold=0.50]
2026-08-22 08:42:19 - INFO -                 precision    recall  f1-score   support
2026-08-22 08:42:19 - INFO - 
2026-08-22 08:42:19 - INFO -       safe (0)     0.7614    0.8375    0.7976        80
2026-08-22 08:42:19 - INFO - vulnerable (1)     0.7969    0.7083    0.7500        72
2026-08-22 08:42:19 - INFO - 
2026-08-22 08:42:19 - INFO -       accuracy                         0.7763       152
2026-08-22 08:42:19 - INFO -      macro avg     0.7791    0.7729    0.7738       152
2026-08-22 08:42:19 - INFO -   weighted avg     0.7782    0.7763    0.7751       152
2026-08-22 08:42:19 - INFO - Confusion matrix - [[tn=67, fp=13], [fn=21, tp=51]]
2026-08-22 08:42:19 - INFO - probability_positive min=0.0005 mean=0.4154 std=0.4610 max=0.9997 predicted_0=88 predicted_1=64
2026-08-22 08:42:28 - INFO - Epoch 8/30 | Train loss: 0.157097 | Val loss: 0.770375 | LR: 2.00e-05 | Best epoch: 8 | Patience: 0 | Train: 8.40s | Validation: 0.96s | Epoch: 9.58s | Total: 76.19s
2026-08-22 08:42:28 - INFO - RecAdam target-task weight at epoch end: 0.999921
2026-08-22 08:42:28 - INFO - [Classification Report - split=train epoch=8 - threshold=0.50]
2026-08-22 08:42:28 - INFO -                 precision    recall  f1-score   support
2026-08-22 08:42:28 - INFO - 
2026-08-22 08:42:28 - INFO -       safe (0)     0.9267    0.9513    0.9389       226
2026-08-22 08:42:28 - INFO - vulnerable (1)     0.9509    0.9261    0.9383       230
2026-08-22 08:42:28 - INFO - 
2026-08-22 08:42:28 - INFO -       accuracy                         0.9386       456
2026-08-22 08:42:28 - INFO -      macro avg     0.9388    0.9387    0.9386       456
2026-08-22 08:42:28 - INFO -   weighted avg     0.9389    0.9386    0.9386       456
2026-08-22 08:42:28 - INFO - Confusion matrix - [[tn=215, fp=11], [fn=17, tp=213]]
2026-08-22 08:42:28 - INFO - probability_positive min=0.0009 mean=0.4956 std=0.4685 max=0.9996 predicted_0=232 predicted_1=224
2026-08-22 08:42:28 - INFO - [Classification Report - split=validation epoch=8 - threshold=0.50]
2026-08-22 08:42:28 - INFO -                 precision    recall  f1-score   support
2026-08-22 08:42:28 - INFO - 
2026-08-22 08:42:28 - INFO -       safe (0)     0.7667    0.8625    0.8118        80
2026-08-22 08:42:28 - INFO - vulnerable (1)     0.8226    0.7083    0.7612        72
2026-08-22 08:42:28 - INFO - 
2026-08-22 08:42:28 - INFO -       accuracy                         0.7895       152
2026-08-22 08:42:28 - INFO -      macro avg     0.7946    0.7854    0.7865       152
2026-08-22 08:42:28 - INFO -   weighted avg     0.7932    0.7895    0.7878       152
2026-08-22 08:42:28 - INFO - Confusion matrix - [[tn=69, fp=11], [fn=21, tp=51]]
2026-08-22 08:42:28 - INFO - probability_positive min=0.0005 mean=0.4175 std=0.4595 max=0.9998 predicted_0=90 predicted_1=62
2026-08-22 08:42:28 - INFO - New best model | Macro-F1: 0.786479 | Epoch: 8
2026-08-22 08:42:38 - INFO - Epoch 9/30 | Train loss: 0.097626 | Val loss: 0.926930 | LR: 2.00e-05 | Best epoch: 9 | Patience: 0 | Train: 8.40s | Validation: 0.96s | Epoch: 9.59s | Total: 85.78s
2026-08-22 08:42:38 - INFO - RecAdam target-task weight at epoch end: 0.999982
2026-08-22 08:42:38 - INFO - [Classification Report - split=train epoch=9 - threshold=0.50]
2026-08-22 08:42:38 - INFO -                 precision    recall  f1-score   support
2026-08-22 08:42:38 - INFO - 
2026-08-22 08:42:38 - INFO -       safe (0)     0.9554    0.9469    0.9511       226
2026-08-22 08:42:38 - INFO - vulnerable (1)     0.9483    0.9565    0.9524       230
2026-08-22 08:42:38 - INFO - 
2026-08-22 08:42:38 - INFO -       accuracy                         0.9518       456
2026-08-22 08:42:38 - INFO -      macro avg     0.9518    0.9517    0.9517       456
2026-08-22 08:42:38 - INFO -   weighted avg     0.9518    0.9518    0.9518       456
2026-08-22 08:42:38 - INFO - Confusion matrix - [[tn=214, fp=12], [fn=10, tp=220]]
2026-08-22 08:42:38 - INFO - probability_positive min=0.0006 mean=0.5079 std=0.4762 max=0.9997 predicted_0=224 predicted_1=232
2026-08-22 08:42:38 - INFO - [Classification Report - split=validation epoch=9 - threshold=0.50]
2026-08-22 08:42:38 - INFO -                 precision    recall  f1-score   support
2026-08-22 08:42:38 - INFO - 
2026-08-22 08:42:38 - INFO -       safe (0)     0.7684    0.9125    0.8343        80
2026-08-22 08:42:38 - INFO - vulnerable (1)     0.8772    0.6944    0.7752        72
2026-08-22 08:42:38 - INFO - 
2026-08-22 08:42:38 - INFO -       accuracy                         0.8092       152
2026-08-22 08:42:38 - INFO -      macro avg     0.8228    0.8035    0.8047       152
2026-08-22 08:42:38 - INFO -   weighted avg     0.8199    0.8092    0.8063       152
2026-08-22 08:42:38 - INFO - Confusion matrix - [[tn=73, fp=7], [fn=22, tp=50]]
2026-08-22 08:42:38 - INFO - probability_positive min=0.0004 mean=0.3724 std=0.4636 max=0.9998 predicted_0=95 predicted_1=57
2026-08-22 08:42:38 - INFO - New best model | Macro-F1: 0.804740 | Epoch: 9
2026-08-22 08:42:47 - INFO - Epoch 10/30 | Train loss: 0.139032 | Val loss: 1.028502 | LR: 2.00e-05 | Best epoch: 9 | Patience: 1 | Train: 8.40s | Validation: 0.96s | Epoch: 9.36s | Total: 95.15s
2026-08-22 08:42:47 - INFO - RecAdam target-task weight at epoch end: 0.999996
2026-08-22 08:42:47 - INFO - [Classification Report - split=train epoch=10 - threshold=0.50]
2026-08-22 08:42:47 - INFO -                 precision    recall  f1-score   support
2026-08-22 08:42:47 - INFO - 
2026-08-22 08:42:47 - INFO -       safe (0)     0.9440    0.9690    0.9563       226
2026-08-22 08:42:47 - INFO - vulnerable (1)     0.9688    0.9435    0.9559       230
2026-08-22 08:42:47 - INFO - 
2026-08-22 08:42:47 - INFO -       accuracy                         0.9561       456
2026-08-22 08:42:47 - INFO -      macro avg     0.9564    0.9563    0.9561       456
2026-08-22 08:42:47 - INFO -   weighted avg     0.9565    0.9561    0.9561       456
2026-08-22 08:42:47 - INFO - Confusion matrix - [[tn=219, fp=7], [fn=13, tp=217]]
2026-08-22 08:42:47 - INFO - probability_positive min=0.0005 mean=0.4968 std=0.4867 max=0.9997 predicted_0=232 predicted_1=224
2026-08-22 08:42:47 - INFO - [Classification Report - split=validation epoch=10 - threshold=0.50]
2026-08-22 08:42:47 - INFO -                 precision    recall  f1-score   support
2026-08-22 08:42:47 - INFO - 
2026-08-22 08:42:47 - INFO -       safe (0)     0.8182    0.7875    0.8025        80
2026-08-22 08:42:47 - INFO - vulnerable (1)     0.7733    0.8056    0.7891        72
2026-08-22 08:42:47 - INFO - 
2026-08-22 08:42:47 - INFO -       accuracy                         0.7961       152
2026-08-22 08:42:47 - INFO -      macro avg     0.7958    0.7965    0.7958       152
2026-08-22 08:42:47 - INFO -   weighted avg     0.7969    0.7961    0.7962       152
2026-08-22 08:42:47 - INFO - Confusion matrix - [[tn=63, fp=17], [fn=14, tp=58]]
2026-08-22 08:42:47 - INFO - probability_positive min=0.0005 mean=0.5035 std=0.4818 max=0.9998 predicted_0=77 predicted_1=75
2026-08-22 08:42:57 - INFO - Epoch 11/30 | Train loss: 0.108715 | Val loss: 1.009826 | LR: 2.00e-05 | Best epoch: 9 | Patience: 2 | Train: 8.40s | Validation: 0.96s | Epoch: 9.36s | Total: 104.52s
2026-08-22 08:42:57 - INFO - RecAdam target-task weight at epoch end: 0.999999
2026-08-22 08:42:57 - INFO - [Classification Report - split=train epoch=11 - threshold=0.50]
2026-08-22 08:42:57 - INFO -                 precision    recall  f1-score   support
2026-08-22 08:42:57 - INFO - 
2026-08-22 08:42:57 - INFO -       safe (0)     0.9412    0.9912    0.9655       226
2026-08-22 08:42:57 - INFO - vulnerable (1)     0.9908    0.9391    0.9643       230
2026-08-22 08:42:57 - INFO - 
2026-08-22 08:42:57 - INFO -       accuracy                         0.9649       456
2026-08-22 08:42:57 - INFO -      macro avg     0.9660    0.9651    0.9649       456
2026-08-22 08:42:57 - INFO -   weighted avg     0.9662    0.9649    0.9649       456
2026-08-22 08:42:57 - INFO - Confusion matrix - [[tn=224, fp=2], [fn=14, tp=216]]
2026-08-22 08:42:57 - INFO - probability_positive min=0.0004 mean=0.4959 std=0.4819 max=0.9996 predicted_0=238 predicted_1=218
2026-08-22 08:42:57 - INFO - [Classification Report - split=validation epoch=11 - threshold=0.50]
2026-08-22 08:42:57 - INFO -                 precision    recall  f1-score   support
2026-08-22 08:42:57 - INFO - 
2026-08-22 08:42:57 - INFO -       safe (0)     0.7579    0.9000    0.8229        80
2026-08-22 08:42:57 - INFO - vulnerable (1)     0.8596    0.6806    0.7597        72
2026-08-22 08:42:57 - INFO - 
2026-08-22 08:42:57 - INFO -       accuracy                         0.7961       152
2026-08-22 08:42:57 - INFO -      macro avg     0.8088    0.7903    0.7913       152
2026-08-22 08:42:57 - INFO -   weighted avg     0.8061    0.7961    0.7929       152
2026-08-22 08:42:57 - INFO - Confusion matrix - [[tn=72, fp=8], [fn=23, tp=49]]
2026-08-22 08:42:57 - INFO - probability_positive min=0.0003 mean=0.3793 std=0.4701 max=0.9997 predicted_0=95 predicted_1=57
2026-08-22 08:43:06 - INFO - Epoch 12/30 | Train loss: 0.123388 | Val loss: 0.903303 | LR: 2.00e-05 | Best epoch: 9 | Patience: 3 | Train: 8.40s | Validation: 0.96s | Epoch: 9.36s | Total: 113.88s
2026-08-22 08:43:06 - INFO - RecAdam target-task weight at epoch end: 1.000000
2026-08-22 08:43:06 - INFO - [Classification Report - split=train epoch=12 - threshold=0.50]
2026-08-22 08:43:06 - INFO -                 precision    recall  f1-score   support
2026-08-22 08:43:06 - INFO - 
2026-08-22 08:43:06 - INFO -       safe (0)     0.9686    0.9558    0.9621       226
2026-08-22 08:43:06 - INFO - vulnerable (1)     0.9571    0.9696    0.9633       230
2026-08-22 08:43:06 - INFO - 
2026-08-22 08:43:06 - INFO -       accuracy                         0.9627       456
2026-08-22 08:43:06 - INFO -      macro avg     0.9628    0.9627    0.9627       456
2026-08-22 08:43:06 - INFO -   weighted avg     0.9628    0.9627    0.9627       456
2026-08-22 08:43:06 - INFO - Confusion matrix - [[tn=216, fp=10], [fn=7, tp=223]]
2026-08-22 08:43:06 - INFO - probability_positive min=0.0006 mean=0.5124 std=0.4870 max=0.9996 predicted_0=223 predicted_1=233
2026-08-22 08:43:06 - INFO - [Classification Report - split=validation epoch=12 - threshold=0.50]
2026-08-22 08:43:06 - INFO -                 precision    recall  f1-score   support
2026-08-22 08:43:06 - INFO - 
2026-08-22 08:43:06 - INFO -       safe (0)     0.7660    0.9000    0.8276        80
2026-08-22 08:43:06 - INFO - vulnerable (1)     0.8621    0.6944    0.7692        72
2026-08-22 08:43:06 - INFO - 
2026-08-22 08:43:06 - INFO -       accuracy                         0.8026       152
2026-08-22 08:43:06 - INFO -      macro avg     0.8140    0.7972    0.7984       152
2026-08-22 08:43:06 - INFO -   weighted avg     0.8115    0.8026    0.7999       152
2026-08-22 08:43:06 - INFO - Confusion matrix - [[tn=72, fp=8], [fn=22, tp=50]]
2026-08-22 08:43:06 - INFO - probability_positive min=0.0004 mean=0.3845 std=0.4699 max=0.9996 predicted_0=94 predicted_1=58
2026-08-22 08:43:16 - INFO - Epoch 13/30 | Train loss: 0.063207 | Val loss: 1.053954 | LR: 2.00e-05 | Best epoch: 13 | Patience: 0 | Train: 8.40s | Validation: 0.96s | Epoch: 9.58s | Total: 123.46s
2026-08-22 08:43:16 - INFO - RecAdam target-task weight at epoch end: 1.000000
2026-08-22 08:43:16 - INFO - [Classification Report - split=train epoch=13 - threshold=0.50]
2026-08-22 08:43:16 - INFO -                 precision    recall  f1-score   support
2026-08-22 08:43:16 - INFO - 
2026-08-22 08:43:16 - INFO -       safe (0)     0.9778    0.9735    0.9756       226
2026-08-22 08:43:16 - INFO - vulnerable (1)     0.9740    0.9783    0.9761       230
2026-08-22 08:43:16 - INFO - 
2026-08-22 08:43:16 - INFO -       accuracy                         0.9759       456
2026-08-22 08:43:16 - INFO -      macro avg     0.9759    0.9759    0.9759       456
2026-08-22 08:43:16 - INFO -   weighted avg     0.9759    0.9759    0.9759       456
2026-08-22 08:43:16 - INFO - Confusion matrix - [[tn=220, fp=6], [fn=5, tp=225]]
2026-08-22 08:43:16 - INFO - probability_positive min=0.0005 mean=0.5028 std=0.4894 max=0.9996 predicted_0=225 predicted_1=231
2026-08-22 08:43:16 - INFO - [Classification Report - split=validation epoch=13 - threshold=0.50]
2026-08-22 08:43:16 - INFO -                 precision    recall  f1-score   support
2026-08-22 08:43:16 - INFO - 
2026-08-22 08:43:16 - INFO -       safe (0)     0.7955    0.8750    0.8333        80
2026-08-22 08:43:16 - INFO - vulnerable (1)     0.8438    0.7500    0.7941        72
2026-08-22 08:43:16 - INFO - 
2026-08-22 08:43:16 - INFO -       accuracy                         0.8158       152
2026-08-22 08:43:16 - INFO -      macro avg     0.8196    0.8125    0.8137       152
2026-08-22 08:43:16 - INFO -   weighted avg     0.8183    0.8158    0.8148       152
2026-08-22 08:43:16 - INFO - Confusion matrix - [[tn=70, fp=10], [fn=18, tp=54]]
2026-08-22 08:43:16 - INFO - probability_positive min=0.0003 mean=0.4132 std=0.4800 max=0.9997 predicted_0=88 predicted_1=64
2026-08-22 08:43:16 - INFO - New best model | Macro-F1: 0.813725 | Epoch: 13
2026-08-22 08:43:25 - INFO - Epoch 14/30 | Train loss: 0.053031 | Val loss: 1.057407 | LR: 2.00e-05 | Best epoch: 13 | Patience: 1 | Train: 8.40s | Validation: 0.96s | Epoch: 9.36s | Total: 132.83s
2026-08-22 08:43:25 - INFO - RecAdam target-task weight at epoch end: 1.000000
2026-08-22 08:43:25 - INFO - [Classification Report - split=train epoch=14 - threshold=0.50]
2026-08-22 08:43:25 - INFO -                 precision    recall  f1-score   support
2026-08-22 08:43:25 - INFO - 
2026-08-22 08:43:25 - INFO -       safe (0)     0.9778    0.9735    0.9756       226
2026-08-22 08:43:25 - INFO - vulnerable (1)     0.9740    0.9783    0.9761       230
2026-08-22 08:43:25 - INFO - 
2026-08-22 08:43:25 - INFO -       accuracy                         0.9759       456
2026-08-22 08:43:25 - INFO -      macro avg     0.9759    0.9759    0.9759       456
2026-08-22 08:43:25 - INFO -   weighted avg     0.9759    0.9759    0.9759       456
2026-08-22 08:43:25 - INFO - Confusion matrix - [[tn=220, fp=6], [fn=5, tp=225]]
2026-08-22 08:43:25 - INFO - probability_positive min=0.0004 mean=0.5048 std=0.4895 max=0.9997 predicted_0=225 predicted_1=231
2026-08-22 08:43:25 - INFO - [Classification Report - split=validation epoch=14 - threshold=0.50]
2026-08-22 08:43:25 - INFO -                 precision    recall  f1-score   support
2026-08-22 08:43:25 - INFO - 
2026-08-22 08:43:25 - INFO -       safe (0)     0.7931    0.8625    0.8263        80
2026-08-22 08:43:25 - INFO - vulnerable (1)     0.8308    0.7500    0.7883        72
2026-08-22 08:43:25 - INFO - 
2026-08-22 08:43:25 - INFO -       accuracy                         0.8092       152
2026-08-22 08:43:25 - INFO -      macro avg     0.8119    0.8063    0.8073       152
2026-08-22 08:43:25 - INFO -   weighted avg     0.8109    0.8092    0.8083       152
2026-08-22 08:43:25 - INFO - Confusion matrix - [[tn=69, fp=11], [fn=18, tp=54]]
2026-08-22 08:43:25 - INFO - probability_positive min=0.0002 mean=0.4241 std=0.4802 max=0.9998 predicted_0=87 predicted_1=65
2026-08-22 08:43:34 - INFO - Epoch 15/30 | Train loss: 0.039080 | Val loss: 1.142764 | LR: 2.00e-05 | Best epoch: 13 | Patience: 2 | Train: 8.40s | Validation: 0.96s | Epoch: 9.36s | Total: 142.20s
2026-08-22 08:43:34 - INFO - RecAdam target-task weight at epoch end: 1.000000
2026-08-22 08:43:34 - INFO - [Classification Report - split=train epoch=15 - threshold=0.50]
2026-08-22 08:43:34 - INFO -                 precision    recall  f1-score   support
2026-08-22 08:43:34 - INFO - 
2026-08-22 08:43:34 - INFO -       safe (0)     0.9694    0.9823    0.9758       226
2026-08-22 08:43:34 - INFO - vulnerable (1)     0.9824    0.9696    0.9759       230
2026-08-22 08:43:34 - INFO - 
2026-08-22 08:43:34 - INFO -       accuracy                         0.9759       456
2026-08-22 08:43:34 - INFO -      macro avg     0.9759    0.9759    0.9759       456
2026-08-22 08:43:34 - INFO -   weighted avg     0.9760    0.9759    0.9759       456
2026-08-22 08:43:34 - INFO - Confusion matrix - [[tn=222, fp=4], [fn=7, tp=223]]
2026-08-22 08:43:34 - INFO - probability_positive min=0.0003 mean=0.4996 std=0.4919 max=0.9998 predicted_0=229 predicted_1=227
2026-08-22 08:43:34 - INFO - [Classification Report - split=validation epoch=15 - threshold=0.50]
2026-08-22 08:43:34 - INFO -                 precision    recall  f1-score   support
2026-08-22 08:43:34 - INFO - 
2026-08-22 08:43:34 - INFO -       safe (0)     0.7976    0.8375    0.8171        80
2026-08-22 08:43:34 - INFO - vulnerable (1)     0.8088    0.7639    0.7857        72
2026-08-22 08:43:34 - INFO - 
2026-08-22 08:43:34 - INFO -       accuracy                         0.8026       152
2026-08-22 08:43:34 - INFO -      macro avg     0.8032    0.8007    0.8014       152
2026-08-22 08:43:34 - INFO -   weighted avg     0.8029    0.8026    0.8022       152
2026-08-22 08:43:34 - INFO - Confusion matrix - [[tn=67, fp=13], [fn=17, tp=55]]
2026-08-22 08:43:34 - INFO - probability_positive min=0.0002 mean=0.4581 std=0.4864 max=0.9998 predicted_0=84 predicted_1=68
2026-08-22 08:43:44 - INFO - Epoch 16/30 | Train loss: 0.054545 | Val loss: 1.303682 | LR: 2.00e-05 | Best epoch: 13 | Patience: 3 | Train: 8.40s | Validation: 0.96s | Epoch: 9.36s | Total: 151.56s
2026-08-22 08:43:44 - INFO - RecAdam target-task weight at epoch end: 1.000000
2026-08-22 08:43:44 - INFO - [Classification Report - split=train epoch=16 - threshold=0.50]
2026-08-22 08:43:44 - INFO -                 precision    recall  f1-score   support
2026-08-22 08:43:44 - INFO - 
2026-08-22 08:43:44 - INFO -       safe (0)     0.9822    0.9779    0.9800       226
2026-08-22 08:43:44 - INFO - vulnerable (1)     0.9784    0.9826    0.9805       230
2026-08-22 08:43:44 - INFO - 
2026-08-22 08:43:44 - INFO -       accuracy                         0.9803       456
2026-08-22 08:43:44 - INFO -      macro avg     0.9803    0.9802    0.9803       456
2026-08-22 08:43:44 - INFO -   weighted avg     0.9803    0.9803    0.9803       456
2026-08-22 08:43:44 - INFO - Confusion matrix - [[tn=221, fp=5], [fn=4, tp=226]]
2026-08-22 08:43:44 - INFO - probability_positive min=0.0003 mean=0.5093 std=0.4895 max=0.9998 predicted_0=225 predicted_1=231
2026-08-22 08:43:44 - INFO - [Classification Report - split=validation epoch=16 - threshold=0.50]
2026-08-22 08:43:44 - INFO -                 precision    recall  f1-score   support
2026-08-22 08:43:44 - INFO - 
2026-08-22 08:43:44 - INFO -       safe (0)     0.7423    0.9000    0.8136        80
2026-08-22 08:43:44 - INFO - vulnerable (1)     0.8545    0.6528    0.7402        72
2026-08-22 08:43:44 - INFO - 
2026-08-22 08:43:44 - INFO -       accuracy                         0.7829       152
2026-08-22 08:43:44 - INFO -      macro avg     0.7984    0.7764    0.7769       152
2026-08-22 08:43:44 - INFO -   weighted avg     0.7955    0.7829    0.7788       152
2026-08-22 08:43:44 - INFO - Confusion matrix - [[tn=72, fp=8], [fn=25, tp=47]]
2026-08-22 08:43:44 - INFO - probability_positive min=0.0002 mean=0.3736 std=0.4688 max=0.9999 predicted_0=97 predicted_1=55
2026-08-22 08:43:53 - INFO - Epoch 17/30 | Train loss: 0.037132 | Val loss: 1.286520 | LR: 2.00e-05 | Best epoch: 13 | Patience: 4 | Train: 8.40s | Validation: 0.96s | Epoch: 9.36s | Total: 160.93s
2026-08-22 08:43:53 - INFO - RecAdam target-task weight at epoch end: 1.000000
2026-08-22 08:43:53 - INFO - [Classification Report - split=train epoch=17 - threshold=0.50]
2026-08-22 08:43:53 - INFO -                 precision    recall  f1-score   support
2026-08-22 08:43:53 - INFO - 
2026-08-22 08:43:53 - INFO -       safe (0)     0.9783    0.9956    0.9868       226
2026-08-22 08:43:53 - INFO - vulnerable (1)     0.9956    0.9783    0.9868       230
2026-08-22 08:43:53 - INFO - 
2026-08-22 08:43:53 - INFO -       accuracy                         0.9868       456
2026-08-22 08:43:53 - INFO -      macro avg     0.9869    0.9869    0.9868       456
2026-08-22 08:43:53 - INFO -   weighted avg     0.9870    0.9868    0.9868       456
2026-08-22 08:43:53 - INFO - Confusion matrix - [[tn=225, fp=1], [fn=5, tp=225]]
2026-08-22 08:43:53 - INFO - probability_positive min=0.0002 mean=0.5012 std=0.4920 max=0.9998 predicted_0=230 predicted_1=226
2026-08-22 08:43:53 - INFO - [Classification Report - split=validation epoch=17 - threshold=0.50]
2026-08-22 08:43:53 - INFO -                 precision    recall  f1-score   support
2026-08-22 08:43:53 - INFO - 
2026-08-22 08:43:53 - INFO -       safe (0)     0.7907    0.8500    0.8193        80
2026-08-22 08:43:53 - INFO - vulnerable (1)     0.8182    0.7500    0.7826        72
2026-08-22 08:43:53 - INFO - 
2026-08-22 08:43:53 - INFO -       accuracy                         0.8026       152
2026-08-22 08:43:53 - INFO -      macro avg     0.8044    0.8000    0.8009       152
2026-08-22 08:43:53 - INFO -   weighted avg     0.8037    0.8026    0.8019       152
2026-08-22 08:43:53 - INFO - Confusion matrix - [[tn=68, fp=12], [fn=18, tp=54]]
2026-08-22 08:43:53 - INFO - probability_positive min=0.0002 mean=0.4234 std=0.4841 max=0.9999 predicted_0=86 predicted_1=66
2026-08-22 08:44:02 - INFO - Epoch 18/30 | Train loss: 0.054292 | Val loss: 1.324169 | LR: 2.00e-05 | Best epoch: 13 | Patience: 5 | Train: 8.40s | Validation: 0.96s | Epoch: 9.36s | Total: 170.30s
2026-08-22 08:44:02 - INFO - RecAdam target-task weight at epoch end: 1.000000
2026-08-22 08:44:02 - INFO - [Classification Report - split=train epoch=18 - threshold=0.50]
2026-08-22 08:44:02 - INFO -                 precision    recall  f1-score   support
2026-08-22 08:44:02 - INFO - 
2026-08-22 08:44:02 - INFO -       safe (0)     0.9693    0.9779    0.9736       226
2026-08-22 08:44:02 - INFO - vulnerable (1)     0.9781    0.9696    0.9738       230
2026-08-22 08:44:02 - INFO - 
2026-08-22 08:44:02 - INFO -       accuracy                         0.9737       456
2026-08-22 08:44:02 - INFO -      macro avg     0.9737    0.9737    0.9737       456
2026-08-22 08:44:02 - INFO -   weighted avg     0.9737    0.9737    0.9737       456
2026-08-22 08:44:02 - INFO - Confusion matrix - [[tn=221, fp=5], [fn=7, tp=223]]
2026-08-22 08:44:02 - INFO - probability_positive min=0.0002 mean=0.5004 std=0.4938 max=0.9999 predicted_0=228 predicted_1=228
2026-08-22 08:44:02 - INFO - [Classification Report - split=validation epoch=18 - threshold=0.50]
2026-08-22 08:44:02 - INFO -                 precision    recall  f1-score   support
2026-08-22 08:44:02 - INFO - 
2026-08-22 08:44:02 - INFO -       safe (0)     0.7882    0.8375    0.8121        80
2026-08-22 08:44:02 - INFO - vulnerable (1)     0.8060    0.7500    0.7770        72
2026-08-22 08:44:02 - INFO - 
2026-08-22 08:44:02 - INFO -       accuracy                         0.7961       152
2026-08-22 08:44:02 - INFO -      macro avg     0.7971    0.7937    0.7945       152
2026-08-22 08:44:02 - INFO -   weighted avg     0.7966    0.7961    0.7955       152
2026-08-22 08:44:02 - INFO - Confusion matrix - [[tn=67, fp=13], [fn=18, tp=54]]
2026-08-22 08:44:02 - INFO - probability_positive min=0.0002 mean=0.4451 std=0.4911 max=0.9999 predicted_0=85 predicted_1=67
2026-08-22 08:44:02 - INFO - Early stopping | Epoch: 18 | Best epoch: 13
2026-08-22 08:44:02 - INFO - Best checkpoint saved | Path: model/fam1_t5p/transfer_cwe/seed_7/fold2/best.pt | Epoch: 13 | Val macro_f1: 0.813725
2026-08-22 08:44:02 - INFO - Training finished | Elapsed: 170.31s
2026-08-22 08:44:02 - INFO - Run finished | Phase: phase2 | Fold: 2 | Seed: 7 | Elapsed: 172.83s
