2026-08-22 07:29:24 - INFO - Using device: cuda
2026-08-22 07:29:24 - INFO - Run started | Run: fam1_t5p | Method: transfer_cwe | Phase: phase1 | Fold: 1 | Seed: 7 | Device: cuda
2026-08-22 07:29:24 - INFO - Loading Phase-1 source data: data/train_ccpp_js.jsonl
2026-08-22 07:29:24 - INFO - Detected Phase-1 languages: ['ccpp', 'js']
2026-08-22 07:29:24 - INFO - Auxiliary CWE vocabulary: fixed four-way {'CWE-022': 0, 'CWE-078': 1, 'CWE-079': 2, 'CWE-089': 3}
2026-08-22 07:29:24 - INFO - Source split | Language: ccpp | Conservative pairs: 73 | Singletons: 0 | Stratified: True | Ratio: 90/10 | Seed: 7
2026-08-22 07:29:24 - INFO - Source split | Language: js | Conservative pairs: 565 | Singletons: 8 | Stratified: True | Ratio: 90/10 | Seed: 8
2026-08-22 07:29:24 - INFO - Combined source split | Languages: ['ccpp', 'js'] | Train: 1152 | Validation: 132
2026-08-22 07:29:24 - WARNING - No upstream pair/repo/commit IDs: adjacent groups are protected, but distant near-duplicate families may still cross source train/validation
2026-08-22 07:29:24 - INFO - Data split: source_train | Total: 1152 | Labels: {0: 577, 1: 575} | CWEs: {'CWE-022': 118, 'CWE-078': 168, 'CWE-079': 744, 'CWE-089': 122} | Languages: {'ccpp': 130, 'js': 1022} | Invalid CWE: 0
2026-08-22 07:29:24 - INFO - Data split: source_val | Total: 132 | Labels: {0: 66, 1: 66} | CWEs: {'CWE-022': 14, 'CWE-078': 20, 'CWE-079': 86, 'CWE-089': 12} | Languages: {'ccpp': 16, 'js': 116} | Invalid CWE: 0
2026-08-22 07:29:26 - INFO - Environment: {"components": {"backbone": {"frozen": 0, "total": 109607040, "trainable": 109607040}, "cwe_head": {"frozen": 0, "total": 3076, "trainable": 3076}, "vul_head": {"frozen": 0, "total": 1538, "trainable": 1538}}, "cuda": "12.8", "fold": 1, "frozen_parameters": 0, "gpu": "NVIDIA GeForce RTX 5070 Ti", "hyperparameters": {"anneal_fun": "sigmoid", "anneal_k": 0.05, "anneal_t0_ratio": 0.05, "anneal_w": 1.0, "aux_mode": "cwe", "batch_size": 16, "checkpoint_path": "model/fam1_t5p/transfer_cwe/seed_7/source/best.pt", "cwe_vocab": "fixed4", "data_path": "data/train_ccpp_js.jsonl", "data_root": "data/sven_python_folds_norm", "epochs": 15, "eval_batch_size": 16, "fold": 1, "freeze_backbone_layers": 0, "freeze_prototypes_steps": 0, "lambda_cwe": 0.2, "latent_temperature": 0.1, "learning_rate": 2e-05, "lora_rank": 0, "lp_epochs": 0, "lp_learning_rate": 0.001, "max_eval_samples": null, "max_grad_norm": 1.0, "max_length": 512, "max_train_samples": null, "method_name": "transfer_cwe", "min_epochs": 3, "model_name": "Salesforce/codet5p-220m", "num_cwes": 4, "num_latent": 8, "num_workers": 0, "output_dir": "results/fam1_t5p/transfer_cwe", "patience": 5, "phase": "phase1", "phase2_optimizer": "recadam", "pooling": "mean", "pretrain_cof": 5000.0, "recadam_anchor": "source", "result_path": "results/fam1_t5p/transfer_cwe/seed_7/fold1.json", "run_name": "fam1_t5p", "seed": 7, "selection_metric": "macro_f1", "source_checkpoint": null, "source_interpolation": 1.0, "strict_determinism": false, "target_lang": "python", "test_path": null, "train_path": null, "truncation_strategy": "head_middle_tail", "val_path": null, "weight_decay": 0.01}, "mode": "phase1_train", "model_name": "Salesforce/codet5p-220m", "seed": 7, "sklearn": "1.9.0", "torch": "2.11.0+cu128", "trainable_parameters": 109611654, "transformers": "4.57.1"}
2026-08-22 07:29:26 - INFO - Training started | Phase: phase1 | Epochs: 15
2026-08-22 07:29:49 - INFO - Epoch 1/15 | Train loss: 0.913689 | Val loss: 0.870350 | LR: 2.00e-05 | Best epoch: 1 | Patience: 0 | Train: 22.06s | Validation: 0.86s | Epoch: 23.09s | Total: 23.09s
2026-08-22 07:29:49 - INFO - Phase-1 losses | Vulnerability: 0.703066 | CWE: 1.053117 | Total: 0.913689
2026-08-22 07:29:49 - INFO - Latent structure | Slots used: 3/8 | Largest slot: 0.975 | NMI vs CWE: 0.0021 | NMI vs binary: 0.0021
2026-08-22 07:29:49 - INFO - [Classification Report - split=train epoch=1 - threshold=0.50]
2026-08-22 07:29:49 - INFO -                 precision    recall  f1-score   support
2026-08-22 07:29:49 - INFO - 
2026-08-22 07:29:49 - INFO -       safe (0)     0.4845    0.5130    0.4983       577
2026-08-22 07:29:49 - INFO - vulnerable (1)     0.4806    0.4522    0.4659       575
2026-08-22 07:29:49 - INFO - 
2026-08-22 07:29:49 - INFO -       accuracy                         0.4826      1152
2026-08-22 07:29:49 - INFO -      macro avg     0.4825    0.4826    0.4821      1152
2026-08-22 07:29:49 - INFO -   weighted avg     0.4825    0.4826    0.4822      1152
2026-08-22 07:29:49 - INFO - Confusion matrix - [[tn=296, fp=281], [fn=315, tp=260]]
2026-08-22 07:29:49 - INFO - probability_positive min=0.3735 mean=0.4940 std=0.0479 max=0.6612 predicted_0=611 predicted_1=541
2026-08-22 07:29:49 - INFO - [Classification Report - split=validation epoch=1 - threshold=0.50]
2026-08-22 07:29:49 - INFO -                 precision    recall  f1-score   support
2026-08-22 07:29:49 - INFO - 
2026-08-22 07:29:49 - INFO -       safe (0)     0.5253    0.7879    0.6303        66
2026-08-22 07:29:49 - INFO - vulnerable (1)     0.5758    0.2879    0.3838        66
2026-08-22 07:29:49 - INFO - 
2026-08-22 07:29:49 - INFO -       accuracy                         0.5379       132
2026-08-22 07:29:49 - INFO -      macro avg     0.5505    0.5379    0.5071       132
2026-08-22 07:29:49 - INFO -   weighted avg     0.5505    0.5379    0.5071       132
2026-08-22 07:29:49 - INFO - Confusion matrix - [[tn=52, fp=14], [fn=47, tp=19]]
2026-08-22 07:29:49 - INFO - probability_positive min=0.4520 mean=0.4848 std=0.0179 max=0.5279 predicted_0=99 predicted_1=33
2026-08-22 07:29:49 - INFO - New best model | Macro-F1: 0.507071 | Epoch: 1
2026-08-22 07:30:12 - INFO - Epoch 2/15 | Train loss: 0.847389 | Val loss: 0.802973 | LR: 2.00e-05 | Best epoch: 1 | Patience: 0 | Train: 21.81s | Validation: 0.86s | Epoch: 22.67s | Total: 45.77s
2026-08-22 07:30:12 - INFO - Phase-1 losses | Vulnerability: 0.699058 | CWE: 0.741653 | Total: 0.847389
2026-08-22 07:30:12 - INFO - Latent structure | Slots used: 3/8 | Largest slot: 0.868 | NMI vs CWE: 0.1725 | NMI vs binary: 0.0030
2026-08-22 07:30:12 - INFO - [Classification Report - split=train epoch=2 - threshold=0.50]
2026-08-22 07:30:12 - INFO -                 precision    recall  f1-score   support
2026-08-22 07:30:12 - INFO - 
2026-08-22 07:30:12 - INFO -       safe (0)     0.5063    0.6274    0.5604       577
2026-08-22 07:30:12 - INFO - vulnerable (1)     0.5080    0.3861    0.4387       575
2026-08-22 07:30:12 - INFO - 
2026-08-22 07:30:12 - INFO -       accuracy                         0.5069      1152
2026-08-22 07:30:12 - INFO -      macro avg     0.5072    0.5067    0.4996      1152
2026-08-22 07:30:12 - INFO -   weighted avg     0.5071    0.5069    0.4997      1152
2026-08-22 07:30:12 - INFO - Confusion matrix - [[tn=362, fp=215], [fn=353, tp=222]]
2026-08-22 07:30:12 - INFO - probability_positive min=0.3642 mean=0.4912 std=0.0532 max=0.7019 predicted_0=715 predicted_1=437
2026-08-22 07:30:12 - INFO - [Classification Report - split=validation epoch=2 - threshold=0.50]
2026-08-22 07:30:12 - INFO -                 precision    recall  f1-score   support
2026-08-22 07:30:12 - INFO - 
2026-08-22 07:30:12 - INFO -       safe (0)     0.5000    0.1667    0.2500        66
2026-08-22 07:30:12 - INFO - vulnerable (1)     0.5000    0.8333    0.6250        66
2026-08-22 07:30:12 - INFO - 
2026-08-22 07:30:12 - INFO -       accuracy                         0.5000       132
2026-08-22 07:30:12 - INFO -      macro avg     0.5000    0.5000    0.4375       132
2026-08-22 07:30:12 - INFO -   weighted avg     0.5000    0.5000    0.4375       132
2026-08-22 07:30:12 - INFO - Confusion matrix - [[tn=11, fp=55], [fn=11, tp=55]]
2026-08-22 07:30:12 - INFO - probability_positive min=0.4590 mean=0.5618 std=0.0640 max=0.7115 predicted_0=22 predicted_1=110
2026-08-22 07:30:35 - INFO - Epoch 3/15 | Train loss: 0.780831 | Val loss: 0.763592 | LR: 2.00e-05 | Best epoch: 3 | Patience: 0 | Train: 21.80s | Validation: 0.86s | Epoch: 22.89s | Total: 68.66s
2026-08-22 07:30:35 - INFO - Phase-1 losses | Vulnerability: 0.694735 | CWE: 0.430480 | Total: 0.780831
2026-08-22 07:30:35 - INFO - Latent structure | Slots used: 4/8 | Largest slot: 0.719 | NMI vs CWE: 0.5651 | NMI vs binary: 0.0011
2026-08-22 07:30:35 - INFO - [Classification Report - split=train epoch=3 - threshold=0.50]
2026-08-22 07:30:35 - INFO -                 precision    recall  f1-score   support
2026-08-22 07:30:35 - INFO - 
2026-08-22 07:30:35 - INFO -       safe (0)     0.5209    0.6049    0.5597       577
2026-08-22 07:30:35 - INFO - vulnerable (1)     0.5270    0.4417    0.4806       575
2026-08-22 07:30:35 - INFO - 
2026-08-22 07:30:35 - INFO -       accuracy                         0.5234      1152
2026-08-22 07:30:35 - INFO -      macro avg     0.5239    0.5233    0.5202      1152
2026-08-22 07:30:35 - INFO -   weighted avg     0.5239    0.5234    0.5202      1152
2026-08-22 07:30:35 - INFO - Confusion matrix - [[tn=349, fp=228], [fn=321, tp=254]]
2026-08-22 07:30:35 - INFO - probability_positive min=0.2563 mean=0.4991 std=0.0767 max=0.7597 predicted_0=670 predicted_1=482
2026-08-22 07:30:35 - INFO - [Classification Report - split=validation epoch=3 - threshold=0.50]
2026-08-22 07:30:35 - INFO -                 precision    recall  f1-score   support
2026-08-22 07:30:35 - INFO - 
2026-08-22 07:30:35 - INFO -       safe (0)     0.5385    0.5303    0.5344        66
2026-08-22 07:30:35 - INFO - vulnerable (1)     0.5373    0.5455    0.5414        66
2026-08-22 07:30:35 - INFO - 
2026-08-22 07:30:35 - INFO -       accuracy                         0.5379       132
2026-08-22 07:30:35 - INFO -      macro avg     0.5379    0.5379    0.5379       132
2026-08-22 07:30:35 - INFO -   weighted avg     0.5379    0.5379    0.5379       132
2026-08-22 07:30:35 - INFO - Confusion matrix - [[tn=35, fp=31], [fn=30, tp=36]]
2026-08-22 07:30:35 - INFO - probability_positive min=0.2090 mean=0.5071 std=0.1217 max=0.6970 predicted_0=65 predicted_1=67
2026-08-22 07:30:35 - INFO - New best model | Macro-F1: 0.537852 | Epoch: 3
2026-08-22 07:30:58 - INFO - Epoch 4/15 | Train loss: 0.727318 | Val loss: 0.781976 | LR: 2.00e-05 | Best epoch: 3 | Patience: 1 | Train: 21.80s | Validation: 0.86s | Epoch: 22.66s | Total: 91.33s
2026-08-22 07:30:58 - INFO - Phase-1 losses | Vulnerability: 0.681277 | CWE: 0.230205 | Total: 0.727318
2026-08-22 07:30:58 - INFO - Latent structure | Slots used: 4/8 | Largest slot: 0.662 | NMI vs CWE: 0.7847 | NMI vs binary: 0.0002
2026-08-22 07:30:58 - INFO - [Classification Report - split=train epoch=4 - threshold=0.50]
2026-08-22 07:30:58 - INFO -                 precision    recall  f1-score   support
2026-08-22 07:30:58 - INFO - 
2026-08-22 07:30:58 - INFO -       safe (0)     0.5448    0.5373    0.5410       577
2026-08-22 07:30:58 - INFO - vulnerable (1)     0.5420    0.5496    0.5458       575
2026-08-22 07:30:58 - INFO - 
2026-08-22 07:30:58 - INFO -       accuracy                         0.5434      1152
2026-08-22 07:30:58 - INFO -      macro avg     0.5434    0.5434    0.5434      1152
2026-08-22 07:30:58 - INFO -   weighted avg     0.5434    0.5434    0.5434      1152
2026-08-22 07:30:58 - INFO - Confusion matrix - [[tn=310, fp=267], [fn=259, tp=316]]
2026-08-22 07:30:58 - INFO - probability_positive min=0.1672 mean=0.4929 std=0.1064 max=0.7766 predicted_0=569 predicted_1=583
2026-08-22 07:30:58 - INFO - [Classification Report - split=validation epoch=4 - threshold=0.50]
2026-08-22 07:30:58 - INFO -                 precision    recall  f1-score   support
2026-08-22 07:30:58 - INFO - 
2026-08-22 07:30:58 - INFO -       safe (0)     0.6176    0.3182    0.4200        66
2026-08-22 07:30:58 - INFO - vulnerable (1)     0.5408    0.8030    0.6463        66
2026-08-22 07:30:58 - INFO - 
2026-08-22 07:30:58 - INFO -       accuracy                         0.5606       132
2026-08-22 07:30:58 - INFO -      macro avg     0.5792    0.5606    0.5332       132
2026-08-22 07:30:58 - INFO -   weighted avg     0.5792    0.5606    0.5332       132
2026-08-22 07:30:58 - INFO - Confusion matrix - [[tn=21, fp=45], [fn=13, tp=53]]
2026-08-22 07:30:58 - INFO - probability_positive min=0.2033 mean=0.5478 std=0.1318 max=0.7711 predicted_0=34 predicted_1=98
2026-08-22 07:31:20 - INFO - Epoch 5/15 | Train loss: 0.687312 | Val loss: 0.741769 | LR: 2.00e-05 | Best epoch: 5 | Patience: 0 | Train: 21.80s | Validation: 0.86s | Epoch: 22.89s | Total: 114.22s
2026-08-22 07:31:20 - INFO - Phase-1 losses | Vulnerability: 0.662975 | CWE: 0.121681 | Total: 0.687312
2026-08-22 07:31:20 - INFO - Latent structure | Slots used: 4/8 | Largest slot: 0.654 | NMI vs CWE: 0.8784 | NMI vs binary: 0.0001
2026-08-22 07:31:20 - INFO - [Classification Report - split=train epoch=5 - threshold=0.50]
2026-08-22 07:31:20 - INFO -                 precision    recall  f1-score   support
2026-08-22 07:31:20 - INFO - 
2026-08-22 07:31:20 - INFO -       safe (0)     0.6062    0.5095    0.5537       577
2026-08-22 07:31:20 - INFO - vulnerable (1)     0.5757    0.6678    0.6184       575
2026-08-22 07:31:20 - INFO - 
2026-08-22 07:31:20 - INFO -       accuracy                         0.5885      1152
2026-08-22 07:31:20 - INFO -      macro avg     0.5909    0.5887    0.5860      1152
2026-08-22 07:31:20 - INFO -   weighted avg     0.5910    0.5885    0.5860      1152
2026-08-22 07:31:20 - INFO - Confusion matrix - [[tn=294, fp=283], [fn=191, tp=384]]
2026-08-22 07:31:20 - INFO - probability_positive min=0.0573 mean=0.5053 std=0.1465 max=0.8423 predicted_0=485 predicted_1=667
2026-08-22 07:31:20 - INFO - [Classification Report - split=validation epoch=5 - threshold=0.50]
2026-08-22 07:31:20 - INFO -                 precision    recall  f1-score   support
2026-08-22 07:31:20 - INFO - 
2026-08-22 07:31:20 - INFO -       safe (0)     0.5517    0.7273    0.6275        66
2026-08-22 07:31:20 - INFO - vulnerable (1)     0.6000    0.4091    0.4865        66
2026-08-22 07:31:20 - INFO - 
2026-08-22 07:31:20 - INFO -       accuracy                         0.5682       132
2026-08-22 07:31:20 - INFO -      macro avg     0.5759    0.5682    0.5570       132
2026-08-22 07:31:20 - INFO -   weighted avg     0.5759    0.5682    0.5570       132
2026-08-22 07:31:20 - INFO - Confusion matrix - [[tn=48, fp=18], [fn=39, tp=27]]
2026-08-22 07:31:20 - INFO - probability_positive min=0.0538 mean=0.4478 std=0.1424 max=0.7479 predicted_0=87 predicted_1=45
2026-08-22 07:31:20 - INFO - New best model | Macro-F1: 0.556969 | Epoch: 5
2026-08-22 07:31:43 - INFO - Epoch 6/15 | Train loss: 0.655074 | Val loss: 0.774558 | LR: 2.00e-05 | Best epoch: 6 | Patience: 0 | Train: 21.79s | Validation: 0.86s | Epoch: 22.88s | Total: 137.10s
2026-08-22 07:31:43 - INFO - Phase-1 losses | Vulnerability: 0.637740 | CWE: 0.086666 | Total: 0.655074
2026-08-22 07:31:43 - INFO - Latent structure | Slots used: 4/8 | Largest slot: 0.649 | NMI vs CWE: 0.9136 | NMI vs binary: 0.0002
2026-08-22 07:31:43 - INFO - [Classification Report - split=train epoch=6 - threshold=0.50]
2026-08-22 07:31:43 - INFO -                 precision    recall  f1-score   support
2026-08-22 07:31:43 - INFO - 
2026-08-22 07:31:43 - INFO -       safe (0)     0.6073    0.5494    0.5769       577
2026-08-22 07:31:43 - INFO - vulnerable (1)     0.5873    0.6435    0.6141       575
2026-08-22 07:31:43 - INFO - 
2026-08-22 07:31:43 - INFO -       accuracy                         0.5964      1152
2026-08-22 07:31:43 - INFO -      macro avg     0.5973    0.5964    0.5955      1152
2026-08-22 07:31:43 - INFO -   weighted avg     0.5973    0.5964    0.5955      1152
2026-08-22 07:31:43 - INFO - Confusion matrix - [[tn=317, fp=260], [fn=205, tp=370]]
2026-08-22 07:31:43 - INFO - probability_positive min=0.0380 mean=0.4969 std=0.1644 max=0.9059 predicted_0=522 predicted_1=630
2026-08-22 07:31:43 - INFO - [Classification Report - split=validation epoch=6 - threshold=0.50]
2026-08-22 07:31:43 - INFO -                 precision    recall  f1-score   support
2026-08-22 07:31:43 - INFO - 
2026-08-22 07:31:43 - INFO -       safe (0)     0.5652    0.5909    0.5778        66
2026-08-22 07:31:43 - INFO - vulnerable (1)     0.5714    0.5455    0.5581        66
2026-08-22 07:31:43 - INFO - 
2026-08-22 07:31:43 - INFO -       accuracy                         0.5682       132
2026-08-22 07:31:43 - INFO -      macro avg     0.5683    0.5682    0.5680       132
2026-08-22 07:31:43 - INFO -   weighted avg     0.5683    0.5682    0.5680       132
2026-08-22 07:31:43 - INFO - Confusion matrix - [[tn=39, fp=27], [fn=30, tp=36]]
2026-08-22 07:31:43 - INFO - probability_positive min=0.0201 mean=0.4729 std=0.2166 max=0.9270 predicted_0=69 predicted_1=63
2026-08-22 07:31:43 - INFO - New best model | Macro-F1: 0.567959 | Epoch: 6
2026-08-22 07:32:06 - INFO - Epoch 7/15 | Train loss: 0.629267 | Val loss: 0.761646 | LR: 2.00e-05 | Best epoch: 7 | Patience: 0 | Train: 21.80s | Validation: 0.86s | Epoch: 22.89s | Total: 160.00s
2026-08-22 07:32:06 - INFO - Phase-1 losses | Vulnerability: 0.618226 | CWE: 0.055204 | Total: 0.629267
2026-08-22 07:32:06 - INFO - Latent structure | Slots used: 4/8 | Largest slot: 0.648 | NMI vs CWE: 0.9608 | NMI vs binary: 0.0000
2026-08-22 07:32:06 - INFO - [Classification Report - split=train epoch=7 - threshold=0.50]
2026-08-22 07:32:06 - INFO -                 precision    recall  f1-score   support
2026-08-22 07:32:06 - INFO - 
2026-08-22 07:32:06 - INFO -       safe (0)     0.6214    0.5633    0.5909       577
2026-08-22 07:32:06 - INFO - vulnerable (1)     0.5994    0.6557    0.6262       575
2026-08-22 07:32:06 - INFO - 
2026-08-22 07:32:06 - INFO -       accuracy                         0.6094      1152
2026-08-22 07:32:06 - INFO -      macro avg     0.6104    0.6095    0.6086      1152
2026-08-22 07:32:06 - INFO -   weighted avg     0.6104    0.6094    0.6085      1152
2026-08-22 07:32:06 - INFO - Confusion matrix - [[tn=325, fp=252], [fn=198, tp=377]]
2026-08-22 07:32:06 - INFO - probability_positive min=0.0234 mean=0.4951 std=0.1876 max=0.9239 predicted_0=523 predicted_1=629
2026-08-22 07:32:06 - INFO - [Classification Report - split=validation epoch=7 - threshold=0.50]
2026-08-22 07:32:06 - INFO -                 precision    recall  f1-score   support
2026-08-22 07:32:06 - INFO - 
2026-08-22 07:32:06 - INFO -       safe (0)     0.5676    0.6364    0.6000        66
2026-08-22 07:32:06 - INFO - vulnerable (1)     0.5862    0.5152    0.5484        66
2026-08-22 07:32:06 - INFO - 
2026-08-22 07:32:06 - INFO -       accuracy                         0.5758       132
2026-08-22 07:32:06 - INFO -      macro avg     0.5769    0.5758    0.5742       132
2026-08-22 07:32:06 - INFO -   weighted avg     0.5769    0.5758    0.5742       132
2026-08-22 07:32:06 - INFO - Confusion matrix - [[tn=42, fp=24], [fn=32, tp=34]]
2026-08-22 07:32:06 - INFO - probability_positive min=0.0137 mean=0.4670 std=0.2287 max=0.9560 predicted_0=74 predicted_1=58
2026-08-22 07:32:06 - INFO - New best model | Macro-F1: 0.574194 | Epoch: 7
2026-08-22 07:32:29 - INFO - Epoch 8/15 | Train loss: 0.586087 | Val loss: 0.784346 | LR: 2.00e-05 | Best epoch: 8 | Patience: 0 | Train: 21.80s | Validation: 0.86s | Epoch: 22.89s | Total: 182.90s
2026-08-22 07:32:29 - INFO - Phase-1 losses | Vulnerability: 0.572723 | CWE: 0.066821 | Total: 0.586087
2026-08-22 07:32:29 - INFO - Latent structure | Slots used: 4/8 | Largest slot: 0.651 | NMI vs CWE: 0.9210 | NMI vs binary: 0.0002
2026-08-22 07:32:29 - INFO - [Classification Report - split=train epoch=8 - threshold=0.50]
2026-08-22 07:32:29 - INFO -                 precision    recall  f1-score   support
2026-08-22 07:32:29 - INFO - 
2026-08-22 07:32:29 - INFO -       safe (0)     0.6339    0.6153    0.6245       577
2026-08-22 07:32:29 - INFO - vulnerable (1)     0.6250    0.6435    0.6341       575
2026-08-22 07:32:29 - INFO - 
2026-08-22 07:32:29 - INFO -       accuracy                         0.6293      1152
2026-08-22 07:32:29 - INFO -      macro avg     0.6295    0.6294    0.6293      1152
2026-08-22 07:32:29 - INFO -   weighted avg     0.6295    0.6293    0.6293      1152
2026-08-22 07:32:29 - INFO - Confusion matrix - [[tn=355, fp=222], [fn=205, tp=370]]
2026-08-22 07:32:29 - INFO - probability_positive min=0.0093 mean=0.4979 std=0.2275 max=0.9838 predicted_0=560 predicted_1=592
2026-08-22 07:32:29 - INFO - [Classification Report - split=validation epoch=8 - threshold=0.50]
2026-08-22 07:32:29 - INFO -                 precision    recall  f1-score   support
2026-08-22 07:32:29 - INFO - 
2026-08-22 07:32:29 - INFO -       safe (0)     0.6061    0.6061    0.6061        66
2026-08-22 07:32:29 - INFO - vulnerable (1)     0.6061    0.6061    0.6061        66
2026-08-22 07:32:29 - INFO - 
2026-08-22 07:32:29 - INFO -       accuracy                         0.6061       132
2026-08-22 07:32:29 - INFO -      macro avg     0.6061    0.6061    0.6061       132
2026-08-22 07:32:29 - INFO -   weighted avg     0.6061    0.6061    0.6061       132
2026-08-22 07:32:29 - INFO - Confusion matrix - [[tn=40, fp=26], [fn=26, tp=40]]
2026-08-22 07:32:29 - INFO - probability_positive min=0.0083 mean=0.4839 std=0.2688 max=0.9900 predicted_0=66 predicted_1=66
2026-08-22 07:32:29 - INFO - New best model | Macro-F1: 0.606061 | Epoch: 8
2026-08-22 07:32:52 - INFO - Epoch 9/15 | Train loss: 0.567248 | Val loss: 0.882471 | LR: 2.00e-05 | Best epoch: 9 | Patience: 0 | Train: 21.82s | Validation: 0.86s | Epoch: 22.91s | Total: 205.81s
2026-08-22 07:32:52 - INFO - Phase-1 losses | Vulnerability: 0.555334 | CWE: 0.059570 | Total: 0.567248
2026-08-22 07:32:52 - INFO - Latent structure | Slots used: 4/8 | Largest slot: 0.648 | NMI vs CWE: 0.9452 | NMI vs binary: 0.0001
2026-08-22 07:32:52 - INFO - [Classification Report - split=train epoch=9 - threshold=0.50]
2026-08-22 07:32:52 - INFO -                 precision    recall  f1-score   support
2026-08-22 07:32:52 - INFO - 
2026-08-22 07:32:52 - INFO -       safe (0)     0.6566    0.6430    0.6497       577
2026-08-22 07:32:52 - INFO - vulnerable (1)     0.6491    0.6626    0.6558       575
2026-08-22 07:32:52 - INFO - 
2026-08-22 07:32:52 - INFO -       accuracy                         0.6528      1152
2026-08-22 07:32:52 - INFO -      macro avg     0.6529    0.6528    0.6528      1152
2026-08-22 07:32:52 - INFO -   weighted avg     0.6529    0.6528    0.6527      1152
2026-08-22 07:32:52 - INFO - Confusion matrix - [[tn=371, fp=206], [fn=194, tp=381]]
2026-08-22 07:32:52 - INFO - probability_positive min=0.0061 mean=0.4999 std=0.2608 max=0.9899 predicted_0=565 predicted_1=587
2026-08-22 07:32:52 - INFO - [Classification Report - split=validation epoch=9 - threshold=0.50]
2026-08-22 07:32:52 - INFO -                 precision    recall  f1-score   support
2026-08-22 07:32:52 - INFO - 
2026-08-22 07:32:52 - INFO -       safe (0)     0.6735    0.5000    0.5739        66
2026-08-22 07:32:52 - INFO - vulnerable (1)     0.6024    0.7576    0.6711        66
2026-08-22 07:32:52 - INFO - 
2026-08-22 07:32:52 - INFO -       accuracy                         0.6288       132
2026-08-22 07:32:52 - INFO -      macro avg     0.6379    0.6288    0.6225       132
2026-08-22 07:32:52 - INFO -   weighted avg     0.6379    0.6288    0.6225       132
2026-08-22 07:32:52 - INFO - Confusion matrix - [[tn=33, fp=33], [fn=16, tp=50]]
2026-08-22 07:32:52 - INFO - probability_positive min=0.0049 mean=0.5613 std=0.3112 max=0.9939 predicted_0=49 predicted_1=83
2026-08-22 07:32:52 - INFO - New best model | Macro-F1: 0.622527 | Epoch: 9
2026-08-22 07:33:15 - INFO - Epoch 10/15 | Train loss: 0.538468 | Val loss: 0.814250 | LR: 2.00e-05 | Best epoch: 10 | Patience: 0 | Train: 21.80s | Validation: 0.86s | Epoch: 22.89s | Total: 228.71s
2026-08-22 07:33:15 - INFO - Phase-1 losses | Vulnerability: 0.527694 | CWE: 0.053872 | Total: 0.538468
2026-08-22 07:33:15 - INFO - Latent structure | Slots used: 4/8 | Largest slot: 0.648 | NMI vs CWE: 0.9506 | NMI vs binary: 0.0000
2026-08-22 07:33:15 - INFO - [Classification Report - split=train epoch=10 - threshold=0.50]
2026-08-22 07:33:15 - INFO -                 precision    recall  f1-score   support
2026-08-22 07:33:15 - INFO - 
2026-08-22 07:33:15 - INFO -       safe (0)     0.6830    0.6759    0.6794       577
2026-08-22 07:33:15 - INFO - vulnerable (1)     0.6781    0.6852    0.6817       575
2026-08-22 07:33:15 - INFO - 
2026-08-22 07:33:15 - INFO -       accuracy                         0.6806      1152
2026-08-22 07:33:15 - INFO -      macro avg     0.6806    0.6806    0.6806      1152
2026-08-22 07:33:15 - INFO -   weighted avg     0.6806    0.6806    0.6805      1152
2026-08-22 07:33:15 - INFO - Confusion matrix - [[tn=390, fp=187], [fn=181, tp=394]]
2026-08-22 07:33:15 - INFO - probability_positive min=0.0042 mean=0.5064 std=0.2694 max=0.9950 predicted_0=571 predicted_1=581
2026-08-22 07:33:15 - INFO - [Classification Report - split=validation epoch=10 - threshold=0.50]
2026-08-22 07:33:15 - INFO -                 precision    recall  f1-score   support
2026-08-22 07:33:15 - INFO - 
2026-08-22 07:33:15 - INFO -       safe (0)     0.7111    0.4848    0.5766        66
2026-08-22 07:33:15 - INFO - vulnerable (1)     0.6092    0.8030    0.6928        66
2026-08-22 07:33:15 - INFO - 
2026-08-22 07:33:15 - INFO -       accuracy                         0.6439       132
2026-08-22 07:33:15 - INFO -      macro avg     0.6602    0.6439    0.6347       132
2026-08-22 07:33:15 - INFO -   weighted avg     0.6602    0.6439    0.6347       132
2026-08-22 07:33:15 - INFO - Confusion matrix - [[tn=32, fp=34], [fn=13, tp=53]]
2026-08-22 07:33:15 - INFO - probability_positive min=0.0065 mean=0.5961 std=0.3007 max=0.9972 predicted_0=45 predicted_1=87
2026-08-22 07:33:15 - INFO - New best model | Macro-F1: 0.634694 | Epoch: 10
2026-08-22 07:33:38 - INFO - Epoch 11/15 | Train loss: 0.497560 | Val loss: 1.031291 | LR: 2.00e-05 | Best epoch: 11 | Patience: 0 | Train: 21.86s | Validation: 0.91s | Epoch: 23.08s | Total: 251.80s
2026-08-22 07:33:38 - INFO - Phase-1 losses | Vulnerability: 0.485659 | CWE: 0.059507 | Total: 0.497560
2026-08-22 07:33:38 - INFO - Latent structure | Slots used: 4/8 | Largest slot: 0.648 | NMI vs CWE: 0.9499 | NMI vs binary: 0.0000
2026-08-22 07:33:38 - INFO - [Classification Report - split=train epoch=11 - threshold=0.50]
2026-08-22 07:33:38 - INFO -                 precision    recall  f1-score   support
2026-08-22 07:33:38 - INFO - 
2026-08-22 07:33:38 - INFO -       safe (0)     0.7068    0.7435    0.7247       577
2026-08-22 07:33:38 - INFO - vulnerable (1)     0.7284    0.6904    0.7089       575
2026-08-22 07:33:38 - INFO - 
2026-08-22 07:33:38 - INFO -       accuracy                         0.7170      1152
2026-08-22 07:33:38 - INFO -      macro avg     0.7176    0.7170    0.7168      1152
2026-08-22 07:33:38 - INFO -   weighted avg     0.7176    0.7170    0.7168      1152
2026-08-22 07:33:38 - INFO - Confusion matrix - [[tn=429, fp=148], [fn=178, tp=397]]
2026-08-22 07:33:38 - INFO - probability_positive min=0.0032 mean=0.4986 std=0.2972 max=0.9972 predicted_0=607 predicted_1=545
2026-08-22 07:33:38 - INFO - [Classification Report - split=validation epoch=11 - threshold=0.50]
2026-08-22 07:33:38 - INFO -                 precision    recall  f1-score   support
2026-08-22 07:33:38 - INFO - 
2026-08-22 07:33:38 - INFO -       safe (0)     0.6842    0.5909    0.6341        66
2026-08-22 07:33:38 - INFO - vulnerable (1)     0.6400    0.7273    0.6809        66
2026-08-22 07:33:38 - INFO - 
2026-08-22 07:33:38 - INFO -       accuracy                         0.6591       132
2026-08-22 07:33:38 - INFO -      macro avg     0.6621    0.6591    0.6575       132
2026-08-22 07:33:38 - INFO -   weighted avg     0.6621    0.6591    0.6575       132
2026-08-22 07:33:38 - INFO - Confusion matrix - [[tn=39, fp=27], [fn=18, tp=48]]
2026-08-22 07:33:38 - INFO - probability_positive min=0.0022 mean=0.5964 std=0.3570 max=0.9985 predicted_0=57 predicted_1=75
2026-08-22 07:33:38 - INFO - New best model | Macro-F1: 0.657499 | Epoch: 11
2026-08-22 07:34:01 - INFO - Epoch 12/15 | Train loss: 0.472438 | Val loss: 0.966474 | LR: 2.00e-05 | Best epoch: 11 | Patience: 1 | Train: 22.34s | Validation: 0.91s | Epoch: 23.25s | Total: 275.06s
2026-08-22 07:34:01 - INFO - Phase-1 losses | Vulnerability: 0.463385 | CWE: 0.045261 | Total: 0.472438
2026-08-22 07:34:01 - INFO - Latent structure | Slots used: 4/8 | Largest slot: 0.649 | NMI vs CWE: 0.9500 | NMI vs binary: 0.0001
2026-08-22 07:34:01 - INFO - [Classification Report - split=train epoch=12 - threshold=0.50]
2026-08-22 07:34:01 - INFO -                 precision    recall  f1-score   support
2026-08-22 07:34:01 - INFO - 
2026-08-22 07:34:01 - INFO -       safe (0)     0.7077    0.7470    0.7268       577
2026-08-22 07:34:01 - INFO - vulnerable (1)     0.7311    0.6904    0.7102       575
2026-08-22 07:34:01 - INFO - 
2026-08-22 07:34:01 - INFO -       accuracy                         0.7188      1152
2026-08-22 07:34:01 - INFO -      macro avg     0.7194    0.7187    0.7185      1152
2026-08-22 07:34:01 - INFO -   weighted avg     0.7194    0.7188    0.7185      1152
2026-08-22 07:34:01 - INFO - Confusion matrix - [[tn=431, fp=146], [fn=178, tp=397]]
2026-08-22 07:34:01 - INFO - probability_positive min=0.0021 mean=0.5103 std=0.3081 max=0.9984 predicted_0=609 predicted_1=543
2026-08-22 07:34:01 - INFO - [Classification Report - split=validation epoch=12 - threshold=0.50]
2026-08-22 07:34:01 - INFO -                 precision    recall  f1-score   support
2026-08-22 07:34:01 - INFO - 
2026-08-22 07:34:01 - INFO -       safe (0)     0.7568    0.4242    0.5437        66
2026-08-22 07:34:01 - INFO - vulnerable (1)     0.6000    0.8636    0.7081        66
2026-08-22 07:34:01 - INFO - 
2026-08-22 07:34:01 - INFO -       accuracy                         0.6439       132
2026-08-22 07:34:01 - INFO -      macro avg     0.6784    0.6439    0.6259       132
2026-08-22 07:34:01 - INFO -   weighted avg     0.6784    0.6439    0.6259       132
2026-08-22 07:34:01 - INFO - Confusion matrix - [[tn=28, fp=38], [fn=9, tp=57]]
2026-08-22 07:34:01 - INFO - probability_positive min=0.0025 mean=0.6217 std=0.3466 max=0.9983 predicted_0=37 predicted_1=95
2026-08-22 07:34:25 - INFO - Epoch 13/15 | Train loss: 0.452333 | Val loss: 0.971324 | LR: 2.00e-05 | Best epoch: 11 | Patience: 2 | Train: 22.33s | Validation: 0.91s | Epoch: 23.25s | Total: 298.31s
2026-08-22 07:34:25 - INFO - Phase-1 losses | Vulnerability: 0.444313 | CWE: 0.040098 | Total: 0.452333
2026-08-22 07:34:25 - INFO - Latent structure | Slots used: 4/8 | Largest slot: 0.645 | NMI vs CWE: 0.9783 | NMI vs binary: 0.0000
2026-08-22 07:34:25 - INFO - [Classification Report - split=train epoch=13 - threshold=0.50]
2026-08-22 07:34:25 - INFO -                 precision    recall  f1-score   support
2026-08-22 07:34:25 - INFO - 
2026-08-22 07:34:25 - INFO -       safe (0)     0.7029    0.7504    0.7259       577
2026-08-22 07:34:25 - INFO - vulnerable (1)     0.7313    0.6817    0.7057       575
2026-08-22 07:34:25 - INFO - 
2026-08-22 07:34:25 - INFO -       accuracy                         0.7161      1152
2026-08-22 07:34:25 - INFO -      macro avg     0.7171    0.7161    0.7158      1152
2026-08-22 07:34:25 - INFO -   weighted avg     0.7171    0.7161    0.7158      1152
2026-08-22 07:34:25 - INFO - Confusion matrix - [[tn=433, fp=144], [fn=183, tp=392]]
2026-08-22 07:34:25 - INFO - probability_positive min=0.0015 mean=0.4932 std=0.3283 max=0.9984 predicted_0=616 predicted_1=536
2026-08-22 07:34:25 - INFO - [Classification Report - split=validation epoch=13 - threshold=0.50]
2026-08-22 07:34:25 - INFO -                 precision    recall  f1-score   support
2026-08-22 07:34:25 - INFO - 
2026-08-22 07:34:25 - INFO -       safe (0)     0.6452    0.6061    0.6250        66
2026-08-22 07:34:25 - INFO - vulnerable (1)     0.6286    0.6667    0.6471        66
2026-08-22 07:34:25 - INFO - 
2026-08-22 07:34:25 - INFO -       accuracy                         0.6364       132
2026-08-22 07:34:25 - INFO -      macro avg     0.6369    0.6364    0.6360       132
2026-08-22 07:34:25 - INFO -   weighted avg     0.6369    0.6364    0.6360       132
2026-08-22 07:34:25 - INFO - Confusion matrix - [[tn=40, fp=26], [fn=22, tp=44]]
2026-08-22 07:34:25 - INFO - probability_positive min=0.0012 mean=0.5265 std=0.3576 max=0.9984 predicted_0=62 predicted_1=70
2026-08-22 07:34:48 - INFO - Epoch 14/15 | Train loss: 0.418838 | Val loss: 1.027091 | LR: 2.00e-05 | Best epoch: 11 | Patience: 3 | Train: 22.33s | Validation: 0.91s | Epoch: 23.25s | Total: 321.58s
2026-08-22 07:34:48 - INFO - Phase-1 losses | Vulnerability: 0.410725 | CWE: 0.040568 | Total: 0.418838
2026-08-22 07:34:48 - INFO - Latent structure | Slots used: 4/8 | Largest slot: 0.647 | NMI vs CWE: 0.9659 | NMI vs binary: 0.0000
2026-08-22 07:34:48 - INFO - [Classification Report - split=train epoch=14 - threshold=0.50]
2026-08-22 07:34:48 - INFO -                 precision    recall  f1-score   support
2026-08-22 07:34:48 - INFO - 
2026-08-22 07:34:48 - INFO -       safe (0)     0.7433    0.7227    0.7329       577
2026-08-22 07:34:48 - INFO - vulnerable (1)     0.7293    0.7496    0.7393       575
2026-08-22 07:34:48 - INFO - 
2026-08-22 07:34:48 - INFO -       accuracy                         0.7361      1152
2026-08-22 07:34:48 - INFO -      macro avg     0.7363    0.7361    0.7361      1152
2026-08-22 07:34:48 - INFO -   weighted avg     0.7363    0.7361    0.7361      1152
2026-08-22 07:34:48 - INFO - Confusion matrix - [[tn=417, fp=160], [fn=144, tp=431]]
2026-08-22 07:34:48 - INFO - probability_positive min=0.0015 mean=0.5011 std=0.3396 max=0.9989 predicted_0=561 predicted_1=591
2026-08-22 07:34:48 - INFO - [Classification Report - split=validation epoch=14 - threshold=0.50]
2026-08-22 07:34:48 - INFO -                 precision    recall  f1-score   support
2026-08-22 07:34:48 - INFO - 
2026-08-22 07:34:48 - INFO -       safe (0)     0.6923    0.5455    0.6102        66
2026-08-22 07:34:48 - INFO - vulnerable (1)     0.6250    0.7576    0.6849        66
2026-08-22 07:34:48 - INFO - 
2026-08-22 07:34:48 - INFO -       accuracy                         0.6515       132
2026-08-22 07:34:48 - INFO -      macro avg     0.6587    0.6515    0.6476       132
2026-08-22 07:34:48 - INFO -   weighted avg     0.6587    0.6515    0.6476       132
2026-08-22 07:34:48 - INFO - Confusion matrix - [[tn=36, fp=30], [fn=16, tp=50]]
2026-08-22 07:34:48 - INFO - probability_positive min=0.0012 mean=0.5844 std=0.3611 max=0.9993 predicted_0=52 predicted_1=80
2026-08-22 07:35:11 - INFO - Epoch 15/15 | Train loss: 0.395561 | Val loss: 1.013908 | LR: 2.00e-05 | Best epoch: 15 | Patience: 0 | Train: 22.34s | Validation: 0.91s | Epoch: 23.57s | Total: 345.16s
2026-08-22 07:35:11 - INFO - Phase-1 losses | Vulnerability: 0.388169 | CWE: 0.036961 | Total: 0.395561
2026-08-22 07:35:11 - INFO - Latent structure | Slots used: 4/8 | Largest slot: 0.645 | NMI vs CWE: 0.9742 | NMI vs binary: 0.0001
2026-08-22 07:35:11 - INFO - [Classification Report - split=train epoch=15 - threshold=0.50]
2026-08-22 07:35:11 - INFO -                 precision    recall  f1-score   support
2026-08-22 07:35:11 - INFO - 
2026-08-22 07:35:11 - INFO -       safe (0)     0.7517    0.7608    0.7562       577
2026-08-22 07:35:11 - INFO - vulnerable (1)     0.7570    0.7478    0.7524       575
2026-08-22 07:35:11 - INFO - 
2026-08-22 07:35:11 - INFO -       accuracy                         0.7543      1152
2026-08-22 07:35:11 - INFO -      macro avg     0.7544    0.7543    0.7543      1152
2026-08-22 07:35:11 - INFO -   weighted avg     0.7544    0.7543    0.7543      1152
2026-08-22 07:35:11 - INFO - Confusion matrix - [[tn=439, fp=138], [fn=145, tp=430]]
2026-08-22 07:35:11 - INFO - probability_positive min=0.0009 mean=0.5012 std=0.3483 max=0.9992 predicted_0=584 predicted_1=568
2026-08-22 07:35:11 - INFO - [Classification Report - split=validation epoch=15 - threshold=0.50]
2026-08-22 07:35:11 - INFO -                 precision    recall  f1-score   support
2026-08-22 07:35:11 - INFO - 
2026-08-22 07:35:11 - INFO -       safe (0)     0.6897    0.6061    0.6452        66
2026-08-22 07:35:11 - INFO - vulnerable (1)     0.6486    0.7273    0.6857        66
2026-08-22 07:35:11 - INFO - 
2026-08-22 07:35:11 - INFO -       accuracy                         0.6667       132
2026-08-22 07:35:11 - INFO -      macro avg     0.6692    0.6667    0.6654       132
2026-08-22 07:35:11 - INFO -   weighted avg     0.6692    0.6667    0.6654       132
2026-08-22 07:35:11 - INFO - Confusion matrix - [[tn=40, fp=26], [fn=18, tp=48]]
2026-08-22 07:35:11 - INFO - probability_positive min=0.0006 mean=0.5375 std=0.3773 max=0.9993 predicted_0=58 predicted_1=74
2026-08-22 07:35:11 - INFO - New best model | Macro-F1: 0.665438 | Epoch: 15
2026-08-22 07:35:11 - INFO - Best checkpoint saved | Path: model/fam1_t5p/transfer_cwe/seed_7/source/best.pt | Epoch: 15 | Val macro_f1: 0.665438
2026-08-22 07:35:11 - INFO - Training finished | Elapsed: 345.17s
2026-08-22 07:35:11 - INFO - Run finished | Phase: phase1 | Fold: 1 | Seed: 7 | Elapsed: 347.67s
