2026-08-22 08:19:28 - INFO - Using device: cuda
2026-08-22 08:19:28 - INFO - Run started | Run: fam1_codebert | Method: baseline | Phase: baseline_train | Fold: 5 | Seed: 42 | Device: cuda
2026-08-22 08:19:29 - INFO - Loading Python validation data: data/sven_python_folds_norm/fold5/val.jsonl
2026-08-22 08:19:29 - INFO - Loading Python training data: data/sven_python_folds_norm/fold5/train.jsonl
2026-08-22 08:19:29 - INFO - Data split: python_train | Total: 456 | Labels: {0: 237, 1: 219} | CWEs: {'CWE-022': 34, 'CWE-078': 121, 'CWE-079': 52, 'CWE-089': 249} | Languages: {'python': 456} | Invalid CWE: 0
2026-08-22 08:19:29 - INFO - Data split: python_val | Total: 152 | Labels: {0: 71, 1: 81} | CWEs: {'CWE-022': 19, 'CWE-078': 39, 'CWE-079': 14, 'CWE-089': 80} | Languages: {'python': 152} | Invalid CWE: 0
2026-08-22 08:19:31 - INFO - Environment: {"components": {"backbone": {"frozen": 0, "total": 124645632, "trainable": 124645632}, "vul_head": {"frozen": 0, "total": 1538, "trainable": 1538}}, "cuda": "12.8", "fold": 5, "frozen_parameters": 0, "gpu": "NVIDIA GeForce RTX 5060 Ti", "hyperparameters": {"batch_size": 16, "checkpoint_path": "model/fam1_codebert/baseline/seed_42/fold5/best.pt", "data_root": "data/sven_python_folds_norm", "epochs": 30, "eval_batch_size": 16, "fold": 5, "learning_rate": 2e-05, "max_eval_samples": null, "max_grad_norm": 1.0, "max_length": 512, "max_train_samples": null, "method_name": "baseline", "min_epochs": 3, "model_name": "microsoft/codebert-base", "num_workers": 0, "patience": 5, "phase": "train", "pooling": "cls", "result_path": "results/fam1_codebert/baseline/seed_42/fold5.json", "run_name": "fam1_codebert", "seed": 42, "target_lang": "python", "test_path": null, "train_path": null, "truncation_strategy": "head_middle_tail", "val_path": null, "weight_decay": 0.01}, "mode": "baseline_train", "model_name": "microsoft/codebert-base", "seed": 42, "sklearn": "1.9.0", "torch": "2.11.0+cu128", "trainable_parameters": 124647170, "transformers": "4.57.1"}
2026-08-22 08:19:31 - INFO - Training started | Phase: baseline | Epochs: 30
2026-08-22 08:19:48 - INFO - Epoch 1/30 | Train loss: 0.702306 | Val loss: 0.687012 | LR: 2.00e-05 | Best epoch: 1 | Patience: 0 | Train: 14.85s | Validation: 1.60s | Epoch: 16.86s | Total: 16.86s
2026-08-22 08:19:48 - INFO - [Classification Report - split=train epoch=1 - threshold=0.50]
2026-08-22 08:19:48 - INFO -                 precision    recall  f1-score   support
2026-08-22 08:19:48 - INFO - 
2026-08-22 08:19:48 - INFO -       safe (0)     0.5229    0.6751    0.5893       237
2026-08-22 08:19:48 - INFO - vulnerable (1)     0.4867    0.3333    0.3957       219
2026-08-22 08:19:48 - INFO - 
2026-08-22 08:19:48 - INFO -       accuracy                         0.5110       456
2026-08-22 08:19:48 - INFO -      macro avg     0.5048    0.5042    0.4925       456
2026-08-22 08:19:48 - INFO -   weighted avg     0.5055    0.5110    0.4963       456
2026-08-22 08:19:48 - INFO - Confusion matrix - [[tn=160, fp=77], [fn=146, tp=73]]
2026-08-22 08:19:48 - INFO - probability_positive min=0.2990 mean=0.4737 std=0.0706 max=0.6920 predicted_0=306 predicted_1=150
2026-08-22 08:19:48 - INFO - [Classification Report - split=validation epoch=1 - threshold=0.50]
2026-08-22 08:19:48 - INFO -                 precision    recall  f1-score   support
2026-08-22 08:19:48 - INFO - 
2026-08-22 08:19:48 - INFO -       safe (0)     1.0000    0.1690    0.2892        71
2026-08-22 08:19:48 - INFO - vulnerable (1)     0.5786    1.0000    0.7330        81
2026-08-22 08:19:48 - INFO - 
2026-08-22 08:19:48 - INFO -       accuracy                         0.6118       152
2026-08-22 08:19:48 - INFO -      macro avg     0.7893    0.5845    0.5111       152
2026-08-22 08:19:48 - INFO -   weighted avg     0.7754    0.6118    0.5257       152
2026-08-22 08:19:48 - INFO - Confusion matrix - [[tn=12, fp=59], [fn=0, tp=81]]
2026-08-22 08:19:48 - INFO - probability_positive min=0.4864 mean=0.5194 std=0.0129 max=0.5516 predicted_0=12 predicted_1=140
2026-08-22 08:19:48 - INFO - New best model | Macro-F1: 0.511094 | Epoch: 1
2026-08-22 08:20:05 - INFO - Epoch 2/30 | Train loss: 0.698946 | Val loss: 0.655866 | LR: 2.00e-05 | Best epoch: 2 | Patience: 0 | Train: 14.43s | Validation: 1.60s | Epoch: 16.75s | Total: 33.63s
2026-08-22 08:20:05 - INFO - [Classification Report - split=train epoch=2 - threshold=0.50]
2026-08-22 08:20:05 - INFO -                 precision    recall  f1-score   support
2026-08-22 08:20:05 - INFO - 
2026-08-22 08:20:05 - INFO -       safe (0)     0.5408    0.6709    0.5989       237
2026-08-22 08:20:05 - INFO - vulnerable (1)     0.5185    0.3836    0.4409       219
2026-08-22 08:20:05 - INFO - 
2026-08-22 08:20:05 - INFO -       accuracy                         0.5329       456
2026-08-22 08:20:05 - INFO -      macro avg     0.5297    0.5272    0.5199       456
2026-08-22 08:20:05 - INFO -   weighted avg     0.5301    0.5329    0.5230       456
2026-08-22 08:20:05 - INFO - Confusion matrix - [[tn=159, fp=78], [fn=135, tp=84]]
2026-08-22 08:20:05 - INFO - probability_positive min=0.2176 mean=0.4665 std=0.0887 max=0.7248 predicted_0=294 predicted_1=162
2026-08-22 08:20:05 - INFO - [Classification Report - split=validation epoch=2 - threshold=0.50]
2026-08-22 08:20:05 - INFO -                 precision    recall  f1-score   support
2026-08-22 08:20:05 - INFO - 
2026-08-22 08:20:05 - INFO -       safe (0)     0.5280    0.9296    0.6735        71
2026-08-22 08:20:05 - INFO - vulnerable (1)     0.8148    0.2716    0.4074        81
2026-08-22 08:20:05 - INFO - 
2026-08-22 08:20:05 - INFO -       accuracy                         0.5789       152
2026-08-22 08:20:05 - INFO -      macro avg     0.6714    0.6006    0.5404       152
2026-08-22 08:20:05 - INFO -   weighted avg     0.6808    0.5789    0.5317       152
2026-08-22 08:20:05 - INFO - Confusion matrix - [[tn=66, fp=5], [fn=59, tp=22]]
2026-08-22 08:20:05 - INFO - probability_positive min=0.2046 mean=0.4535 std=0.0710 max=0.5449 predicted_0=125 predicted_1=27
2026-08-22 08:20:05 - INFO - New best model | Macro-F1: 0.540438 | Epoch: 2
2026-08-22 08:20:22 - INFO - Epoch 3/30 | Train loss: 0.580813 | Val loss: 0.601799 | LR: 2.00e-05 | Best epoch: 3 | Patience: 0 | Train: 14.45s | Validation: 1.60s | Epoch: 16.78s | Total: 50.45s
2026-08-22 08:20:22 - INFO - [Classification Report - split=train epoch=3 - threshold=0.50]
2026-08-22 08:20:22 - INFO -                 precision    recall  f1-score   support
2026-08-22 08:20:22 - INFO - 
2026-08-22 08:20:22 - INFO -       safe (0)     0.7014    0.6540    0.6769       237
2026-08-22 08:20:22 - INFO - vulnerable (1)     0.6511    0.6986    0.6740       219
2026-08-22 08:20:22 - INFO - 
2026-08-22 08:20:22 - INFO -       accuracy                         0.6754       456
2026-08-22 08:20:22 - INFO -      macro avg     0.6762    0.6763    0.6754       456
2026-08-22 08:20:22 - INFO -   weighted avg     0.6772    0.6754    0.6755       456
2026-08-22 08:20:22 - INFO - Confusion matrix - [[tn=155, fp=82], [fn=66, tp=153]]
2026-08-22 08:20:22 - INFO - probability_positive min=0.0174 mean=0.4861 std=0.1902 max=0.8929 predicted_0=221 predicted_1=235
2026-08-22 08:20:22 - INFO - [Classification Report - split=validation epoch=3 - threshold=0.50]
2026-08-22 08:20:22 - INFO -                 precision    recall  f1-score   support
2026-08-22 08:20:22 - INFO - 
2026-08-22 08:20:22 - INFO -       safe (0)     0.7000    0.4930    0.5785        71
2026-08-22 08:20:22 - INFO - vulnerable (1)     0.6471    0.8148    0.7213        81
2026-08-22 08:20:22 - INFO - 
2026-08-22 08:20:22 - INFO -       accuracy                         0.6645       152
2026-08-22 08:20:22 - INFO -      macro avg     0.6735    0.6539    0.6499       152
2026-08-22 08:20:22 - INFO -   weighted avg     0.6718    0.6645    0.6546       152
2026-08-22 08:20:22 - INFO - Confusion matrix - [[tn=35, fp=36], [fn=15, tp=66]]
2026-08-22 08:20:22 - INFO - probability_positive min=0.0081 mean=0.4989 std=0.2641 max=0.8372 predicted_0=50 predicted_1=102
2026-08-22 08:20:22 - INFO - New best model | Macro-F1: 0.649912 | Epoch: 3
2026-08-22 08:20:39 - INFO - Epoch 4/30 | Train loss: 0.450370 | Val loss: 0.577011 | LR: 2.00e-05 | Best epoch: 4 | Patience: 0 | Train: 14.45s | Validation: 1.61s | Epoch: 16.80s | Total: 67.28s
2026-08-22 08:20:39 - INFO - [Classification Report - split=train epoch=4 - threshold=0.50]
2026-08-22 08:20:39 - INFO -                 precision    recall  f1-score   support
2026-08-22 08:20:39 - INFO - 
2026-08-22 08:20:39 - INFO -       safe (0)     0.8701    0.6498    0.7440       237
2026-08-22 08:20:39 - INFO - vulnerable (1)     0.7025    0.8950    0.7871       219
2026-08-22 08:20:39 - INFO - 
2026-08-22 08:20:39 - INFO -       accuracy                         0.7675       456
2026-08-22 08:20:39 - INFO -      macro avg     0.7863    0.7724    0.7656       456
2026-08-22 08:20:39 - INFO -   weighted avg     0.7896    0.7675    0.7647       456
2026-08-22 08:20:39 - INFO - Confusion matrix - [[tn=154, fp=83], [fn=23, tp=196]]
2026-08-22 08:20:39 - INFO - probability_positive min=0.0032 mean=0.5010 std=0.3074 max=0.9555 predicted_0=177 predicted_1=279
2026-08-22 08:20:39 - INFO - [Classification Report - split=validation epoch=4 - threshold=0.50]
2026-08-22 08:20:39 - INFO -                 precision    recall  f1-score   support
2026-08-22 08:20:39 - INFO - 
2026-08-22 08:20:39 - INFO -       safe (0)     0.7885    0.5775    0.6667        71
2026-08-22 08:20:39 - INFO - vulnerable (1)     0.7000    0.8642    0.7735        81
2026-08-22 08:20:39 - INFO - 
2026-08-22 08:20:39 - INFO -       accuracy                         0.7303       152
2026-08-22 08:20:39 - INFO -      macro avg     0.7442    0.7208    0.7201       152
2026-08-22 08:20:39 - INFO -   weighted avg     0.7413    0.7303    0.7236       152
2026-08-22 08:20:39 - INFO - Confusion matrix - [[tn=41, fp=30], [fn=11, tp=70]]
2026-08-22 08:20:39 - INFO - probability_positive min=0.0023 mean=0.5049 std=0.3216 max=0.9629 predicted_0=52 predicted_1=100
2026-08-22 08:20:39 - INFO - New best model | Macro-F1: 0.720074 | Epoch: 4
2026-08-22 08:20:55 - INFO - Epoch 5/30 | Train loss: 0.341307 | Val loss: 0.573789 | LR: 2.00e-05 | Best epoch: 5 | Patience: 0 | Train: 14.46s | Validation: 1.61s | Epoch: 16.82s | Total: 84.13s
2026-08-22 08:20:55 - INFO - [Classification Report - split=train epoch=5 - threshold=0.50]
2026-08-22 08:20:55 - INFO -                 precision    recall  f1-score   support
2026-08-22 08:20:55 - INFO - 
2026-08-22 08:20:55 - INFO -       safe (0)     0.8717    0.8312    0.8510       237
2026-08-22 08:20:55 - INFO - vulnerable (1)     0.8261    0.8676    0.8463       219
2026-08-22 08:20:55 - INFO - 
2026-08-22 08:20:55 - INFO -       accuracy                         0.8487       456
2026-08-22 08:20:55 - INFO -      macro avg     0.8489    0.8494    0.8486       456
2026-08-22 08:20:55 - INFO -   weighted avg     0.8498    0.8487    0.8487       456
2026-08-22 08:20:55 - INFO - Confusion matrix - [[tn=197, fp=40], [fn=29, tp=190]]
2026-08-22 08:20:55 - INFO - probability_positive min=0.0022 mean=0.4703 std=0.3615 max=0.9913 predicted_0=226 predicted_1=230
2026-08-22 08:20:55 - INFO - [Classification Report - split=validation epoch=5 - threshold=0.50]
2026-08-22 08:20:55 - INFO -                 precision    recall  f1-score   support
2026-08-22 08:20:55 - INFO - 
2026-08-22 08:20:55 - INFO -       safe (0)     0.8000    0.6761    0.7328        71
2026-08-22 08:20:55 - INFO - vulnerable (1)     0.7500    0.8519    0.7977        81
2026-08-22 08:20:55 - INFO - 
2026-08-22 08:20:55 - INFO -       accuracy                         0.7697       152
2026-08-22 08:20:55 - INFO -      macro avg     0.7750    0.7640    0.7653       152
2026-08-22 08:20:55 - INFO -   weighted avg     0.7734    0.7697    0.7674       152
2026-08-22 08:20:55 - INFO - Confusion matrix - [[tn=48, fp=23], [fn=12, tp=69]]
2026-08-22 08:20:55 - INFO - probability_positive min=0.0015 mean=0.5608 std=0.3928 max=0.9922 predicted_0=60 predicted_1=92
2026-08-22 08:20:55 - INFO - New best model | Macro-F1: 0.765256 | Epoch: 5
2026-08-22 08:21:11 - INFO - Epoch 6/30 | Train loss: 0.251327 | Val loss: 0.687756 | LR: 2.00e-05 | Best epoch: 5 | Patience: 1 | Train: 14.44s | Validation: 1.60s | Epoch: 16.05s | Total: 100.21s
2026-08-22 08:21:11 - INFO - [Classification Report - split=train epoch=6 - threshold=0.50]
2026-08-22 08:21:11 - INFO -                 precision    recall  f1-score   support
2026-08-22 08:21:11 - INFO - 
2026-08-22 08:21:11 - INFO -       safe (0)     0.9213    0.8397    0.8786       237
2026-08-22 08:21:11 - INFO - vulnerable (1)     0.8417    0.9224    0.8802       219
2026-08-22 08:21:11 - INFO - 
2026-08-22 08:21:11 - INFO -       accuracy                         0.8794       456
2026-08-22 08:21:11 - INFO -      macro avg     0.8815    0.8810    0.8794       456
2026-08-22 08:21:11 - INFO -   weighted avg     0.8831    0.8794    0.8793       456
2026-08-22 08:21:11 - INFO - Confusion matrix - [[tn=199, fp=38], [fn=17, tp=202]]
2026-08-22 08:21:11 - INFO - probability_positive min=0.0006 mean=0.4926 std=0.4203 max=0.9955 predicted_0=216 predicted_1=240
2026-08-22 08:21:11 - INFO - [Classification Report - split=validation epoch=6 - threshold=0.50]
2026-08-22 08:21:11 - INFO -                 precision    recall  f1-score   support
2026-08-22 08:21:11 - INFO - 
2026-08-22 08:21:11 - INFO -       safe (0)     0.7297    0.7606    0.7448        71
2026-08-22 08:21:11 - INFO - vulnerable (1)     0.7821    0.7531    0.7673        81
2026-08-22 08:21:11 - INFO - 
2026-08-22 08:21:11 - INFO -       accuracy                         0.7566       152
2026-08-22 08:21:11 - INFO -      macro avg     0.7559    0.7568    0.7561       152
2026-08-22 08:21:11 - INFO -   weighted avg     0.7576    0.7566    0.7568       152
2026-08-22 08:21:11 - INFO - Confusion matrix - [[tn=54, fp=17], [fn=20, tp=61]]
2026-08-22 08:21:11 - INFO - probability_positive min=0.0005 mean=0.5050 std=0.4305 max=0.9970 predicted_0=74 predicted_1=78
2026-08-22 08:21:27 - INFO - Epoch 7/30 | Train loss: 0.175475 | Val loss: 0.799990 | LR: 2.00e-05 | Best epoch: 5 | Patience: 2 | Train: 14.45s | Validation: 1.61s | Epoch: 16.06s | Total: 116.28s
2026-08-22 08:21:28 - INFO - [Classification Report - split=train epoch=7 - threshold=0.50]
2026-08-22 08:21:28 - INFO -                 precision    recall  f1-score   support
2026-08-22 08:21:28 - INFO - 
2026-08-22 08:21:28 - INFO -       safe (0)     0.9558    0.9114    0.9330       237
2026-08-22 08:21:28 - INFO - vulnerable (1)     0.9087    0.9543    0.9310       219
2026-08-22 08:21:28 - INFO - 
2026-08-22 08:21:28 - INFO -       accuracy                         0.9320       456
2026-08-22 08:21:28 - INFO -      macro avg     0.9322    0.9329    0.9320       456
2026-08-22 08:21:28 - INFO -   weighted avg     0.9332    0.9320    0.9320       456
2026-08-22 08:21:28 - INFO - Confusion matrix - [[tn=216, fp=21], [fn=10, tp=209]]
2026-08-22 08:21:28 - INFO - probability_positive min=0.0005 mean=0.4902 std=0.4500 max=0.9987 predicted_0=226 predicted_1=230
2026-08-22 08:21:28 - INFO - [Classification Report - split=validation epoch=7 - threshold=0.50]
2026-08-22 08:21:28 - INFO -                 precision    recall  f1-score   support
2026-08-22 08:21:28 - INFO - 
2026-08-22 08:21:28 - INFO -       safe (0)     0.7536    0.7324    0.7429        71
2026-08-22 08:21:28 - INFO - vulnerable (1)     0.7711    0.7901    0.7805        81
2026-08-22 08:21:28 - INFO - 
2026-08-22 08:21:28 - INFO -       accuracy                         0.7632       152
2026-08-22 08:21:28 - INFO -      macro avg     0.7624    0.7613    0.7617       152
2026-08-22 08:21:28 - INFO -   weighted avg     0.7629    0.7632    0.7629       152
2026-08-22 08:21:28 - INFO - Confusion matrix - [[tn=52, fp=19], [fn=17, tp=64]]
2026-08-22 08:21:28 - INFO - probability_positive min=0.0003 mean=0.5261 std=0.4501 max=0.9991 predicted_0=69 predicted_1=83
2026-08-22 08:21:44 - INFO - Epoch 8/30 | Train loss: 0.153290 | Val loss: 1.184854 | LR: 2.00e-05 | Best epoch: 5 | Patience: 3 | Train: 14.46s | Validation: 1.61s | Epoch: 16.07s | Total: 132.36s
2026-08-22 08:21:44 - INFO - [Classification Report - split=train epoch=8 - threshold=0.50]
2026-08-22 08:21:44 - INFO -                 precision    recall  f1-score   support
2026-08-22 08:21:44 - INFO - 
2026-08-22 08:21:44 - INFO -       safe (0)     0.9649    0.9283    0.9462       237
2026-08-22 08:21:44 - INFO - vulnerable (1)     0.9254    0.9635    0.9441       219
2026-08-22 08:21:44 - INFO - 
2026-08-22 08:21:44 - INFO -       accuracy                         0.9452       456
2026-08-22 08:21:44 - INFO -      macro avg     0.9452    0.9459    0.9452       456
2026-08-22 08:21:44 - INFO -   weighted avg     0.9460    0.9452    0.9452       456
2026-08-22 08:21:44 - INFO - Confusion matrix - [[tn=220, fp=17], [fn=8, tp=211]]
2026-08-22 08:21:44 - INFO - probability_positive min=0.0002 mean=0.4931 std=0.4700 max=0.9989 predicted_0=228 predicted_1=228
2026-08-22 08:21:44 - INFO - [Classification Report - split=validation epoch=8 - threshold=0.50]
2026-08-22 08:21:44 - INFO -                 precision    recall  f1-score   support
2026-08-22 08:21:44 - INFO - 
2026-08-22 08:21:44 - INFO -       safe (0)     0.6923    0.7606    0.7248        71
2026-08-22 08:21:44 - INFO - vulnerable (1)     0.7703    0.7037    0.7355        81
2026-08-22 08:21:44 - INFO - 
2026-08-22 08:21:44 - INFO -       accuracy                         0.7303       152
2026-08-22 08:21:44 - INFO -      macro avg     0.7313    0.7321    0.7302       152
2026-08-22 08:21:44 - INFO -   weighted avg     0.7339    0.7303    0.7305       152
2026-08-22 08:21:44 - INFO - Confusion matrix - [[tn=54, fp=17], [fn=24, tp=57]]
2026-08-22 08:21:44 - INFO - probability_positive min=0.0001 mean=0.4752 std=0.4722 max=0.9996 predicted_0=78 predicted_1=74
2026-08-22 08:22:00 - INFO - Epoch 9/30 | Train loss: 0.117432 | Val loss: 1.315008 | LR: 2.00e-05 | Best epoch: 5 | Patience: 4 | Train: 14.47s | Validation: 1.61s | Epoch: 16.08s | Total: 148.46s
2026-08-22 08:22:00 - INFO - [Classification Report - split=train epoch=9 - threshold=0.50]
2026-08-22 08:22:00 - INFO -                 precision    recall  f1-score   support
2026-08-22 08:22:00 - INFO - 
2026-08-22 08:22:00 - INFO -       safe (0)     0.9780    0.9367    0.9569       237
2026-08-22 08:22:00 - INFO - vulnerable (1)     0.9345    0.9772    0.9554       219
2026-08-22 08:22:00 - INFO - 
2026-08-22 08:22:00 - INFO -       accuracy                         0.9561       456
2026-08-22 08:22:00 - INFO -      macro avg     0.9562    0.9569    0.9561       456
2026-08-22 08:22:00 - INFO -   weighted avg     0.9571    0.9561    0.9562       456
2026-08-22 08:22:00 - INFO - Confusion matrix - [[tn=222, fp=15], [fn=5, tp=214]]
2026-08-22 08:22:00 - INFO - probability_positive min=0.0002 mean=0.4924 std=0.4793 max=0.9997 predicted_0=227 predicted_1=229
2026-08-22 08:22:00 - INFO - [Classification Report - split=validation epoch=9 - threshold=0.50]
2026-08-22 08:22:00 - INFO -                 precision    recall  f1-score   support
2026-08-22 08:22:00 - INFO - 
2026-08-22 08:22:00 - INFO -       safe (0)     0.7183    0.7183    0.7183        71
2026-08-22 08:22:00 - INFO - vulnerable (1)     0.7531    0.7531    0.7531        81
2026-08-22 08:22:00 - INFO - 
2026-08-22 08:22:00 - INFO -       accuracy                         0.7368       152
2026-08-22 08:22:00 - INFO -      macro avg     0.7357    0.7357    0.7357       152
2026-08-22 08:22:00 - INFO -   weighted avg     0.7368    0.7368    0.7368       152
2026-08-22 08:22:00 - INFO - Confusion matrix - [[tn=51, fp=20], [fn=20, tp=61]]
2026-08-22 08:22:00 - INFO - probability_positive min=0.0001 mean=0.5259 std=0.4813 max=0.9998 predicted_0=71 predicted_1=81
2026-08-22 08:22:17 - INFO - Epoch 10/30 | Train loss: 0.106999 | Val loss: 1.361000 | LR: 2.00e-05 | Best epoch: 10 | Patience: 0 | Train: 14.46s | Validation: 1.61s | Epoch: 16.84s | Total: 165.31s
2026-08-22 08:22:17 - INFO - [Classification Report - split=train epoch=10 - threshold=0.50]
2026-08-22 08:22:17 - INFO -                 precision    recall  f1-score   support
2026-08-22 08:22:17 - INFO - 
2026-08-22 08:22:17 - INFO -       safe (0)     0.9746    0.9705    0.9725       237
2026-08-22 08:22:17 - INFO - vulnerable (1)     0.9682    0.9726    0.9704       219
2026-08-22 08:22:17 - INFO - 
2026-08-22 08:22:17 - INFO -       accuracy                         0.9715       456
2026-08-22 08:22:17 - INFO -      macro avg     0.9714    0.9715    0.9715       456
2026-08-22 08:22:17 - INFO -   weighted avg     0.9715    0.9715    0.9715       456
2026-08-22 08:22:17 - INFO - Confusion matrix - [[tn=230, fp=7], [fn=6, tp=213]]
2026-08-22 08:22:17 - INFO - probability_positive min=0.0001 mean=0.4809 std=0.4861 max=0.9998 predicted_0=236 predicted_1=220
2026-08-22 08:22:17 - INFO - [Classification Report - split=validation epoch=10 - threshold=0.50]
2026-08-22 08:22:17 - INFO -                 precision    recall  f1-score   support
2026-08-22 08:22:17 - INFO - 
2026-08-22 08:22:17 - INFO -       safe (0)     0.7727    0.7183    0.7445        71
2026-08-22 08:22:17 - INFO - vulnerable (1)     0.7674    0.8148    0.7904        81
2026-08-22 08:22:17 - INFO - 
2026-08-22 08:22:17 - INFO -       accuracy                         0.7697       152
2026-08-22 08:22:17 - INFO -      macro avg     0.7701    0.7666    0.7675       152
2026-08-22 08:22:17 - INFO -   weighted avg     0.7699    0.7697    0.7690       152
2026-08-22 08:22:17 - INFO - Confusion matrix - [[tn=51, fp=20], [fn=15, tp=66]]
2026-08-22 08:22:17 - INFO - probability_positive min=0.0001 mean=0.5621 std=0.4788 max=0.9999 predicted_0=66 predicted_1=86
2026-08-22 08:22:17 - INFO - New best model | Macro-F1: 0.767472 | Epoch: 10
2026-08-22 08:22:33 - INFO - Epoch 11/30 | Train loss: 0.105770 | Val loss: 1.552605 | LR: 2.00e-05 | Best epoch: 10 | Patience: 1 | Train: 14.47s | Validation: 1.61s | Epoch: 16.08s | Total: 181.42s
2026-08-22 08:22:33 - INFO - [Classification Report - split=train epoch=11 - threshold=0.50]
2026-08-22 08:22:33 - INFO -                 precision    recall  f1-score   support
2026-08-22 08:22:33 - INFO - 
2026-08-22 08:22:33 - INFO -       safe (0)     0.9788    0.9747    0.9767       237
2026-08-22 08:22:33 - INFO - vulnerable (1)     0.9727    0.9772    0.9749       219
2026-08-22 08:22:33 - INFO - 
2026-08-22 08:22:33 - INFO -       accuracy                         0.9759       456
2026-08-22 08:22:33 - INFO -      macro avg     0.9758    0.9759    0.9758       456
2026-08-22 08:22:33 - INFO -   weighted avg     0.9759    0.9759    0.9759       456
2026-08-22 08:22:33 - INFO - Confusion matrix - [[tn=231, fp=6], [fn=5, tp=214]]
2026-08-22 08:22:33 - INFO - probability_positive min=0.0001 mean=0.4847 std=0.4909 max=0.9999 predicted_0=236 predicted_1=220
2026-08-22 08:22:33 - INFO - [Classification Report - split=validation epoch=11 - threshold=0.50]
2026-08-22 08:22:33 - INFO -                 precision    recall  f1-score   support
2026-08-22 08:22:33 - INFO - 
2026-08-22 08:22:33 - INFO -       safe (0)     0.7183    0.7183    0.7183        71
2026-08-22 08:22:33 - INFO - vulnerable (1)     0.7531    0.7531    0.7531        81
2026-08-22 08:22:33 - INFO - 
2026-08-22 08:22:33 - INFO -       accuracy                         0.7368       152
2026-08-22 08:22:33 - INFO -      macro avg     0.7357    0.7357    0.7357       152
2026-08-22 08:22:33 - INFO -   weighted avg     0.7368    0.7368    0.7368       152
2026-08-22 08:22:33 - INFO - Confusion matrix - [[tn=51, fp=20], [fn=20, tp=61]]
2026-08-22 08:22:33 - INFO - probability_positive min=0.0001 mean=0.5350 std=0.4888 max=0.9999 predicted_0=71 predicted_1=81
2026-08-22 08:22:49 - INFO - Epoch 12/30 | Train loss: 0.051920 | Val loss: 1.636088 | LR: 2.00e-05 | Best epoch: 10 | Patience: 2 | Train: 14.46s | Validation: 1.61s | Epoch: 16.07s | Total: 197.50s
2026-08-22 08:22:49 - INFO - [Classification Report - split=train epoch=12 - threshold=0.50]
2026-08-22 08:22:49 - INFO -                 precision    recall  f1-score   support
2026-08-22 08:22:49 - INFO - 
2026-08-22 08:22:49 - INFO -       safe (0)     0.9751    0.9916    0.9833       237
2026-08-22 08:22:49 - INFO - vulnerable (1)     0.9907    0.9726    0.9816       219
2026-08-22 08:22:49 - INFO - 
2026-08-22 08:22:49 - INFO -       accuracy                         0.9825       456
2026-08-22 08:22:49 - INFO -      macro avg     0.9829    0.9821    0.9824       456
2026-08-22 08:22:49 - INFO -   weighted avg     0.9826    0.9825    0.9824       456
2026-08-22 08:22:49 - INFO - Confusion matrix - [[tn=235, fp=2], [fn=6, tp=213]]
2026-08-22 08:22:49 - INFO - probability_positive min=0.0001 mean=0.4743 std=0.4936 max=0.9999 predicted_0=241 predicted_1=215
2026-08-22 08:22:49 - INFO - [Classification Report - split=validation epoch=12 - threshold=0.50]
2026-08-22 08:22:49 - INFO -                 precision    recall  f1-score   support
2026-08-22 08:22:49 - INFO - 
2026-08-22 08:22:49 - INFO -       safe (0)     0.7353    0.7042    0.7194        71
2026-08-22 08:22:49 - INFO - vulnerable (1)     0.7500    0.7778    0.7636        81
2026-08-22 08:22:49 - INFO - 
2026-08-22 08:22:49 - INFO -       accuracy                         0.7434       152
2026-08-22 08:22:49 - INFO -      macro avg     0.7426    0.7410    0.7415       152
2026-08-22 08:22:49 - INFO -   weighted avg     0.7431    0.7434    0.7430       152
2026-08-22 08:22:49 - INFO - Confusion matrix - [[tn=50, fp=21], [fn=18, tp=63]]
2026-08-22 08:22:49 - INFO - probability_positive min=0.0000 mean=0.5534 std=0.4873 max=0.9999 predicted_0=68 predicted_1=84
2026-08-22 08:23:05 - INFO - Epoch 13/30 | Train loss: 0.044257 | Val loss: 1.704960 | LR: 2.00e-05 | Best epoch: 10 | Patience: 3 | Train: 14.46s | Validation: 1.61s | Epoch: 16.07s | Total: 213.59s
2026-08-22 08:23:05 - INFO - [Classification Report - split=train epoch=13 - threshold=0.50]
2026-08-22 08:23:05 - INFO -                 precision    recall  f1-score   support
2026-08-22 08:23:05 - INFO - 
2026-08-22 08:23:05 - INFO -       safe (0)     0.9915    0.9873    0.9894       237
2026-08-22 08:23:05 - INFO - vulnerable (1)     0.9864    0.9909    0.9886       219
2026-08-22 08:23:05 - INFO - 
2026-08-22 08:23:05 - INFO -       accuracy                         0.9890       456
2026-08-22 08:23:05 - INFO -      macro avg     0.9889    0.9891    0.9890       456
2026-08-22 08:23:05 - INFO -   weighted avg     0.9890    0.9890    0.9890       456
2026-08-22 08:23:05 - INFO - Confusion matrix - [[tn=234, fp=3], [fn=2, tp=217]]
2026-08-22 08:23:05 - INFO - probability_positive min=0.0000 mean=0.4828 std=0.4951 max=0.9999 predicted_0=236 predicted_1=220
2026-08-22 08:23:05 - INFO - [Classification Report - split=validation epoch=13 - threshold=0.50]
2026-08-22 08:23:05 - INFO -                 precision    recall  f1-score   support
2026-08-22 08:23:05 - INFO - 
2026-08-22 08:23:05 - INFO -       safe (0)     0.7105    0.7606    0.7347        71
2026-08-22 08:23:05 - INFO - vulnerable (1)     0.7763    0.7284    0.7516        81
2026-08-22 08:23:05 - INFO - 
2026-08-22 08:23:05 - INFO -       accuracy                         0.7434       152
2026-08-22 08:23:05 - INFO -      macro avg     0.7434    0.7445    0.7431       152
2026-08-22 08:23:05 - INFO -   weighted avg     0.7456    0.7434    0.7437       152
2026-08-22 08:23:05 - INFO - Confusion matrix - [[tn=54, fp=17], [fn=22, tp=59]]
2026-08-22 08:23:05 - INFO - probability_positive min=0.0000 mean=0.5013 std=0.4918 max=0.9999 predicted_0=76 predicted_1=76
2026-08-22 08:23:21 - INFO - Epoch 14/30 | Train loss: 0.064872 | Val loss: 1.797534 | LR: 2.00e-05 | Best epoch: 10 | Patience: 4 | Train: 14.46s | Validation: 1.61s | Epoch: 16.07s | Total: 229.67s
2026-08-22 08:23:21 - INFO - [Classification Report - split=train epoch=14 - threshold=0.50]
2026-08-22 08:23:21 - INFO -                 precision    recall  f1-score   support
2026-08-22 08:23:21 - INFO - 
2026-08-22 08:23:21 - INFO -       safe (0)     0.9790    0.9831    0.9811       237
2026-08-22 08:23:21 - INFO - vulnerable (1)     0.9817    0.9772    0.9794       219
2026-08-22 08:23:21 - INFO - 
2026-08-22 08:23:21 - INFO -       accuracy                         0.9803       456
2026-08-22 08:23:21 - INFO -      macro avg     0.9803    0.9801    0.9802       456
2026-08-22 08:23:21 - INFO -   weighted avg     0.9803    0.9803    0.9803       456
2026-08-22 08:23:21 - INFO - Confusion matrix - [[tn=233, fp=4], [fn=5, tp=214]]
2026-08-22 08:23:21 - INFO - probability_positive min=0.0000 mean=0.4793 std=0.4934 max=0.9999 predicted_0=238 predicted_1=218
2026-08-22 08:23:21 - INFO - [Classification Report - split=validation epoch=14 - threshold=0.50]
2026-08-22 08:23:21 - INFO -                 precision    recall  f1-score   support
2026-08-22 08:23:21 - INFO - 
2026-08-22 08:23:21 - INFO -       safe (0)     0.7222    0.7324    0.7273        71
2026-08-22 08:23:21 - INFO - vulnerable (1)     0.7625    0.7531    0.7578        81
2026-08-22 08:23:21 - INFO - 
2026-08-22 08:23:21 - INFO -       accuracy                         0.7434       152
2026-08-22 08:23:21 - INFO -      macro avg     0.7424    0.7427    0.7425       152
2026-08-22 08:23:21 - INFO -   weighted avg     0.7437    0.7434    0.7435       152
2026-08-22 08:23:21 - INFO - Confusion matrix - [[tn=52, fp=19], [fn=20, tp=61]]
2026-08-22 08:23:21 - INFO - probability_positive min=0.0000 mean=0.5229 std=0.4942 max=1.0000 predicted_0=72 predicted_1=80
2026-08-22 08:23:37 - INFO - Epoch 15/30 | Train loss: 0.069155 | Val loss: 1.565697 | LR: 2.00e-05 | Best epoch: 10 | Patience: 5 | Train: 14.46s | Validation: 1.61s | Epoch: 16.07s | Total: 245.75s
2026-08-22 08:23:37 - INFO - [Classification Report - split=train epoch=15 - threshold=0.50]
2026-08-22 08:23:37 - INFO -                 precision    recall  f1-score   support
2026-08-22 08:23:37 - INFO - 
2026-08-22 08:23:37 - INFO -       safe (0)     0.9829    0.9705    0.9766       237
2026-08-22 08:23:37 - INFO - vulnerable (1)     0.9685    0.9817    0.9751       219
2026-08-22 08:23:37 - INFO - 
2026-08-22 08:23:37 - INFO -       accuracy                         0.9759       456
2026-08-22 08:23:37 - INFO -      macro avg     0.9757    0.9761    0.9759       456
2026-08-22 08:23:37 - INFO -   weighted avg     0.9760    0.9759    0.9759       456
2026-08-22 08:23:37 - INFO - Confusion matrix - [[tn=230, fp=7], [fn=4, tp=215]]
2026-08-22 08:23:37 - INFO - probability_positive min=0.0000 mean=0.4850 std=0.4945 max=0.9999 predicted_0=234 predicted_1=222
2026-08-22 08:23:37 - INFO - [Classification Report - split=validation epoch=15 - threshold=0.50]
2026-08-22 08:23:37 - INFO -                 precision    recall  f1-score   support
2026-08-22 08:23:37 - INFO - 
2026-08-22 08:23:37 - INFO -       safe (0)     0.7246    0.7042    0.7143        71
2026-08-22 08:23:37 - INFO - vulnerable (1)     0.7470    0.7654    0.7561        81
2026-08-22 08:23:37 - INFO - 
2026-08-22 08:23:37 - INFO -       accuracy                         0.7368       152
2026-08-22 08:23:37 - INFO -      macro avg     0.7358    0.7348    0.7352       152
2026-08-22 08:23:37 - INFO -   weighted avg     0.7365    0.7368    0.7366       152
2026-08-22 08:23:37 - INFO - Confusion matrix - [[tn=50, fp=21], [fn=19, tp=62]]
2026-08-22 08:23:37 - INFO - probability_positive min=0.0000 mean=0.5382 std=0.4836 max=1.0000 predicted_0=69 predicted_1=83
2026-08-22 08:23:37 - INFO - Early stopping | Epoch: 15 | Best epoch: 10
2026-08-22 08:23:37 - INFO - Best checkpoint saved | Path: model/fam1_codebert/baseline/seed_42/fold5/best.pt | Epoch: 10 | Val macro_f1: 0.767472
2026-08-22 08:23:37 - INFO - Training finished | Elapsed: 245.77s
2026-08-22 08:23:37 - INFO - Run finished | Phase: baseline_train | Fold: 5 | Seed: 42 | Elapsed: 248.83s
