2026-08-22 06:19:04 - INFO - Using device: cuda
2026-08-22 06:19:04 - INFO - Run started | Run: fam1_codebert | Method: baseline | Phase: baseline_train | Fold: 3 | Seed: 42 | Device: cuda
2026-08-22 06:19:05 - INFO - Loading Python validation data: data/sven_python_folds_norm/fold3/val.jsonl
2026-08-22 06:19:05 - INFO - Loading Python training data: data/sven_python_folds_norm/fold3/train.jsonl
2026-08-22 06:19:05 - INFO - Data split: python_train | Total: 456 | Labels: {0: 217, 1: 239} | CWEs: {'CWE-022': 40, 'CWE-078': 125, 'CWE-079': 49, 'CWE-089': 242} | Languages: {'python': 456} | Invalid CWE: 0
2026-08-22 06:19:05 - INFO - Data split: python_val | Total: 152 | Labels: {0: 83, 1: 69} | CWEs: {'CWE-022': 11, 'CWE-078': 41, 'CWE-079': 13, 'CWE-089': 87} | Languages: {'python': 152} | Invalid CWE: 0
2026-08-22 06:19:07 - INFO - Environment: {"components": {"backbone": {"frozen": 0, "total": 124645632, "trainable": 124645632}, "vul_head": {"frozen": 0, "total": 1538, "trainable": 1538}}, "cuda": "12.8", "fold": 3, "frozen_parameters": 0, "gpu": "NVIDIA GeForce RTX 5060 Ti", "hyperparameters": {"batch_size": 16, "checkpoint_path": "model/fam1_codebert/baseline/seed_42/fold3/best.pt", "data_root": "data/sven_python_folds_norm", "epochs": 30, "eval_batch_size": 16, "fold": 3, "learning_rate": 2e-05, "max_eval_samples": null, "max_grad_norm": 1.0, "max_length": 512, "max_train_samples": null, "method_name": "baseline", "min_epochs": 3, "model_name": "microsoft/codebert-base", "num_workers": 0, "patience": 5, "phase": "train", "pooling": "cls", "result_path": "results/fam1_codebert/baseline/seed_42/fold3.json", "run_name": "fam1_codebert", "seed": 42, "target_lang": "python", "test_path": null, "train_path": null, "truncation_strategy": "head_middle_tail", "val_path": null, "weight_decay": 0.01}, "mode": "baseline_train", "model_name": "microsoft/codebert-base", "seed": 42, "sklearn": "1.9.0", "torch": "2.11.0+cu128", "trainable_parameters": 124647170, "transformers": "4.57.1"}
2026-08-22 06:19:07 - INFO - Training started | Phase: baseline | Epochs: 30
2026-08-22 06:19:24 - INFO - Epoch 1/30 | Train loss: 0.703202 | Val loss: 0.681284 | LR: 2.00e-05 | Best epoch: 1 | Patience: 0 | Train: 14.82s | Validation: 1.60s | Epoch: 16.86s | Total: 16.86s
2026-08-22 06:19:24 - INFO - [Classification Report - split=train epoch=1 - threshold=0.50]
2026-08-22 06:19:24 - INFO -                 precision    recall  f1-score   support
2026-08-22 06:19:24 - INFO - 
2026-08-22 06:19:24 - INFO -       safe (0)     0.4813    0.4747    0.4780       217
2026-08-22 06:19:24 - INFO - vulnerable (1)     0.5289    0.5356    0.5322       239
2026-08-22 06:19:24 - INFO - 
2026-08-22 06:19:24 - INFO -       accuracy                         0.5066       456
2026-08-22 06:19:24 - INFO -      macro avg     0.5051    0.5051    0.5051       456
2026-08-22 06:19:24 - INFO -   weighted avg     0.5063    0.5066    0.5064       456
2026-08-22 06:19:24 - INFO - Confusion matrix - [[tn=103, fp=114], [fn=111, tp=128]]
2026-08-22 06:19:24 - INFO - probability_positive min=0.2742 mean=0.5126 std=0.0775 max=0.7366 predicted_0=214 predicted_1=242
2026-08-22 06:19:24 - INFO - [Classification Report - split=validation epoch=1 - threshold=0.50]
2026-08-22 06:19:24 - INFO -                 precision    recall  f1-score   support
2026-08-22 06:19:24 - INFO - 
2026-08-22 06:19:24 - INFO -       safe (0)     0.6250    0.9639    0.7583        83
2026-08-22 06:19:24 - INFO - vulnerable (1)     0.8750    0.3043    0.4516        69
2026-08-22 06:19:24 - INFO - 
2026-08-22 06:19:24 - INFO -       accuracy                         0.6645       152
2026-08-22 06:19:24 - INFO -      macro avg     0.7500    0.6341    0.6050       152
2026-08-22 06:19:24 - INFO -   weighted avg     0.7385    0.6645    0.6191       152
2026-08-22 06:19:24 - INFO - Confusion matrix - [[tn=80, fp=3], [fn=48, tp=21]]
2026-08-22 06:19:24 - INFO - probability_positive min=0.4615 mean=0.4866 std=0.0129 max=0.5157 predicted_0=128 predicted_1=24
2026-08-22 06:19:24 - INFO - New best model | Macro-F1: 0.604953 | Epoch: 1
2026-08-22 06:19:40 - INFO - Epoch 2/30 | Train loss: 0.693909 | Val loss: 0.672753 | LR: 2.00e-05 | Best epoch: 1 | Patience: 0 | Train: 14.40s | Validation: 1.61s | Epoch: 16.00s | Total: 32.88s
2026-08-22 06:19:40 - INFO - [Classification Report - split=train epoch=2 - threshold=0.50]
2026-08-22 06:19:40 - INFO -                 precision    recall  f1-score   support
2026-08-22 06:19:40 - INFO - 
2026-08-22 06:19:40 - INFO -       safe (0)     0.5174    0.6175    0.5630       217
2026-08-22 06:19:40 - INFO - vulnerable (1)     0.5787    0.4770    0.5229       239
2026-08-22 06:19:40 - INFO - 
2026-08-22 06:19:40 - INFO -       accuracy                         0.5439       456
2026-08-22 06:19:40 - INFO -      macro avg     0.5480    0.5472    0.5430       456
2026-08-22 06:19:40 - INFO -   weighted avg     0.5495    0.5439    0.5420       456
2026-08-22 06:19:40 - INFO - Confusion matrix - [[tn=134, fp=83], [fn=125, tp=114]]
2026-08-22 06:19:40 - INFO - probability_positive min=0.1504 mean=0.4890 std=0.0733 max=0.6860 predicted_0=259 predicted_1=197
2026-08-22 06:19:40 - INFO - [Classification Report - split=validation epoch=2 - threshold=0.50]
2026-08-22 06:19:40 - INFO -                 precision    recall  f1-score   support
2026-08-22 06:19:40 - INFO - 
2026-08-22 06:19:40 - INFO -       safe (0)     1.0000    0.2169    0.3564        83
2026-08-22 06:19:40 - INFO - vulnerable (1)     0.5149    1.0000    0.6798        69
2026-08-22 06:19:40 - INFO - 
2026-08-22 06:19:40 - INFO -       accuracy                         0.5724       152
2026-08-22 06:19:40 - INFO -      macro avg     0.7575    0.6084    0.5181       152
2026-08-22 06:19:40 - INFO -   weighted avg     0.7798    0.5724    0.5032       152
2026-08-22 06:19:40 - INFO - Confusion matrix - [[tn=18, fp=65], [fn=0, tp=69]]
2026-08-22 06:19:40 - INFO - probability_positive min=0.4393 mean=0.5628 std=0.0428 max=0.6371 predicted_0=18 predicted_1=134
2026-08-22 06:19:56 - INFO - Epoch 3/30 | Train loss: 0.608222 | Val loss: 0.487367 | LR: 2.00e-05 | Best epoch: 3 | Patience: 0 | Train: 14.39s | Validation: 1.61s | Epoch: 16.71s | Total: 49.60s
2026-08-22 06:19:57 - INFO - [Classification Report - split=train epoch=3 - threshold=0.50]
2026-08-22 06:19:57 - INFO -                 precision    recall  f1-score   support
2026-08-22 06:19:57 - INFO - 
2026-08-22 06:19:57 - INFO -       safe (0)     0.7397    0.4977    0.5950       217
2026-08-22 06:19:57 - INFO - vulnerable (1)     0.6484    0.8410    0.7322       239
2026-08-22 06:19:57 - INFO - 
2026-08-22 06:19:57 - INFO -       accuracy                         0.6776       456
2026-08-22 06:19:57 - INFO -      macro avg     0.6941    0.6694    0.6636       456
2026-08-22 06:19:57 - INFO -   weighted avg     0.6919    0.6776    0.6670       456
2026-08-22 06:19:57 - INFO - Confusion matrix - [[tn=108, fp=109], [fn=38, tp=201]]
2026-08-22 06:19:57 - INFO - probability_positive min=0.0577 mean=0.5407 std=0.1624 max=0.9071 predicted_0=146 predicted_1=310
2026-08-22 06:19:57 - INFO - [Classification Report - split=validation epoch=3 - threshold=0.50]
2026-08-22 06:19:57 - INFO -                 precision    recall  f1-score   support
2026-08-22 06:19:57 - INFO - 
2026-08-22 06:19:57 - INFO -       safe (0)     0.9149    0.5181    0.6615        83
2026-08-22 06:19:57 - INFO - vulnerable (1)     0.6190    0.9420    0.7471        69
2026-08-22 06:19:57 - INFO - 
2026-08-22 06:19:57 - INFO -       accuracy                         0.7105       152
2026-08-22 06:19:57 - INFO -      macro avg     0.7670    0.7301    0.7043       152
2026-08-22 06:19:57 - INFO -   weighted avg     0.7806    0.7105    0.7004       152
2026-08-22 06:19:57 - INFO - Confusion matrix - [[tn=43, fp=40], [fn=4, tp=65]]
2026-08-22 06:19:57 - INFO - probability_positive min=0.0392 mean=0.5634 std=0.3048 max=0.9282 predicted_0=47 predicted_1=105
2026-08-22 06:19:57 - INFO - New best model | Macro-F1: 0.704332 | Epoch: 3
2026-08-22 06:20:13 - INFO - Epoch 4/30 | Train loss: 0.437768 | Val loss: 0.397009 | LR: 2.00e-05 | Best epoch: 4 | Patience: 0 | Train: 14.41s | Validation: 1.61s | Epoch: 16.72s | Total: 66.35s
2026-08-22 06:20:13 - INFO - [Classification Report - split=train epoch=4 - threshold=0.50]
2026-08-22 06:20:13 - INFO -                 precision    recall  f1-score   support
2026-08-22 06:20:13 - INFO - 
2026-08-22 06:20:13 - INFO -       safe (0)     0.8173    0.7419    0.7778       217
2026-08-22 06:20:13 - INFO - vulnerable (1)     0.7838    0.8494    0.8153       239
2026-08-22 06:20:13 - INFO - 
2026-08-22 06:20:13 - INFO -       accuracy                         0.7982       456
2026-08-22 06:20:13 - INFO -      macro avg     0.8005    0.7957    0.7965       456
2026-08-22 06:20:13 - INFO -   weighted avg     0.7997    0.7982    0.7974       456
2026-08-22 06:20:13 - INFO - Confusion matrix - [[tn=161, fp=56], [fn=36, tp=203]]
2026-08-22 06:20:13 - INFO - probability_positive min=0.0123 mean=0.5158 std=0.3228 max=0.9752 predicted_0=197 predicted_1=259
2026-08-22 06:20:13 - INFO - [Classification Report - split=validation epoch=4 - threshold=0.50]
2026-08-22 06:20:13 - INFO -                 precision    recall  f1-score   support
2026-08-22 06:20:13 - INFO - 
2026-08-22 06:20:13 - INFO -       safe (0)     0.9242    0.7349    0.8188        83
2026-08-22 06:20:13 - INFO - vulnerable (1)     0.7442    0.9275    0.8258        69
2026-08-22 06:20:13 - INFO - 
2026-08-22 06:20:13 - INFO -       accuracy                         0.8224       152
2026-08-22 06:20:13 - INFO -      macro avg     0.8342    0.8312    0.8223       152
2026-08-22 06:20:13 - INFO -   weighted avg     0.8425    0.8224    0.8220       152
2026-08-22 06:20:13 - INFO - Confusion matrix - [[tn=61, fp=22], [fn=5, tp=64]]
2026-08-22 06:20:13 - INFO - probability_positive min=0.0073 mean=0.5253 std=0.3966 max=0.9824 predicted_0=66 predicted_1=86
2026-08-22 06:20:13 - INFO - New best model | Macro-F1: 0.822299 | Epoch: 4
2026-08-22 06:20:29 - INFO - Epoch 5/30 | Train loss: 0.292485 | Val loss: 0.447408 | LR: 2.00e-05 | Best epoch: 4 | Patience: 1 | Train: 14.42s | Validation: 1.61s | Epoch: 16.03s | Total: 82.40s
2026-08-22 06:20:29 - INFO - [Classification Report - split=train epoch=5 - threshold=0.50]
2026-08-22 06:20:29 - INFO -                 precision    recall  f1-score   support
2026-08-22 06:20:29 - INFO - 
2026-08-22 06:20:29 - INFO -       safe (0)     0.9040    0.8249    0.8627       217
2026-08-22 06:20:29 - INFO - vulnerable (1)     0.8527    0.9205    0.8853       239
2026-08-22 06:20:29 - INFO - 
2026-08-22 06:20:29 - INFO -       accuracy                         0.8750       456
2026-08-22 06:20:29 - INFO -      macro avg     0.8784    0.8727    0.8740       456
2026-08-22 06:20:29 - INFO -   weighted avg     0.8771    0.8750    0.8745       456
2026-08-22 06:20:29 - INFO - Confusion matrix - [[tn=179, fp=38], [fn=19, tp=220]]
2026-08-22 06:20:29 - INFO - probability_positive min=0.0048 mean=0.5238 std=0.3880 max=0.9924 predicted_0=198 predicted_1=258
2026-08-22 06:20:29 - INFO - [Classification Report - split=validation epoch=5 - threshold=0.50]
2026-08-22 06:20:29 - INFO -                 precision    recall  f1-score   support
2026-08-22 06:20:29 - INFO - 
2026-08-22 06:20:29 - INFO -       safe (0)     0.8049    0.7952    0.8000        83
2026-08-22 06:20:29 - INFO - vulnerable (1)     0.7571    0.7681    0.7626        69
2026-08-22 06:20:29 - INFO - 
2026-08-22 06:20:29 - INFO -       accuracy                         0.7829       152
2026-08-22 06:20:29 - INFO -      macro avg     0.7810    0.7816    0.7813       152
2026-08-22 06:20:29 - INFO -   weighted avg     0.7832    0.7829    0.7830       152
2026-08-22 06:20:29 - INFO - Confusion matrix - [[tn=66, fp=17], [fn=16, tp=53]]
2026-08-22 06:20:29 - INFO - probability_positive min=0.0027 mean=0.4606 std=0.4358 max=0.9964 predicted_0=82 predicted_1=70
2026-08-22 06:20:45 - INFO - Epoch 6/30 | Train loss: 0.235577 | Val loss: 0.604077 | LR: 2.00e-05 | Best epoch: 4 | Patience: 2 | Train: 14.41s | Validation: 1.61s | Epoch: 16.02s | Total: 98.44s
2026-08-22 06:20:45 - INFO - [Classification Report - split=train epoch=6 - threshold=0.50]
2026-08-22 06:20:45 - INFO -                 precision    recall  f1-score   support
2026-08-22 06:20:45 - INFO - 
2026-08-22 06:20:45 - INFO -       safe (0)     0.8889    0.8848    0.8868       217
2026-08-22 06:20:45 - INFO - vulnerable (1)     0.8958    0.8996    0.8977       239
2026-08-22 06:20:45 - INFO - 
2026-08-22 06:20:45 - INFO -       accuracy                         0.8925       456
2026-08-22 06:20:45 - INFO -      macro avg     0.8924    0.8922    0.8923       456
2026-08-22 06:20:45 - INFO -   weighted avg     0.8925    0.8925    0.8925       456
2026-08-22 06:20:45 - INFO - Confusion matrix - [[tn=192, fp=25], [fn=24, tp=215]]
2026-08-22 06:20:45 - INFO - probability_positive min=0.0018 mean=0.5207 std=0.4292 max=0.9991 predicted_0=216 predicted_1=240
2026-08-22 06:20:45 - INFO - [Classification Report - split=validation epoch=6 - threshold=0.50]
2026-08-22 06:20:45 - INFO -                 precision    recall  f1-score   support
2026-08-22 06:20:45 - INFO - 
2026-08-22 06:20:45 - INFO -       safe (0)     0.9062    0.6988    0.7891        83
2026-08-22 06:20:45 - INFO - vulnerable (1)     0.7159    0.9130    0.8025        69
2026-08-22 06:20:45 - INFO - 
2026-08-22 06:20:45 - INFO -       accuracy                         0.7961       152
2026-08-22 06:20:45 - INFO -      macro avg     0.8111    0.8059    0.7958       152
2026-08-22 06:20:45 - INFO -   weighted avg     0.8198    0.7961    0.7952       152
2026-08-22 06:20:45 - INFO - Confusion matrix - [[tn=58, fp=25], [fn=6, tp=63]]
2026-08-22 06:20:45 - INFO - probability_positive min=0.0024 mean=0.5707 std=0.4456 max=0.9990 predicted_0=64 predicted_1=88
2026-08-22 06:21:01 - INFO - Epoch 7/30 | Train loss: 0.174181 | Val loss: 0.747707 | LR: 2.00e-05 | Best epoch: 4 | Patience: 3 | Train: 14.41s | Validation: 1.61s | Epoch: 16.02s | Total: 114.47s
2026-08-22 06:21:01 - INFO - [Classification Report - split=train epoch=7 - threshold=0.50]
2026-08-22 06:21:01 - INFO -                 precision    recall  f1-score   support
2026-08-22 06:21:01 - INFO - 
2026-08-22 06:21:01 - INFO -       safe (0)     0.9559    0.8986    0.9264       217
2026-08-22 06:21:01 - INFO - vulnerable (1)     0.9127    0.9623    0.9369       239
2026-08-22 06:21:01 - INFO - 
2026-08-22 06:21:01 - INFO -       accuracy                         0.9320       456
2026-08-22 06:21:01 - INFO -      macro avg     0.9343    0.9305    0.9316       456
2026-08-22 06:21:01 - INFO -   weighted avg     0.9332    0.9320    0.9319       456
2026-08-22 06:21:01 - INFO - Confusion matrix - [[tn=195, fp=22], [fn=9, tp=230]]
2026-08-22 06:21:01 - INFO - probability_positive min=0.0007 mean=0.5370 std=0.4491 max=0.9994 predicted_0=204 predicted_1=252
2026-08-22 06:21:01 - INFO - [Classification Report - split=validation epoch=7 - threshold=0.50]
2026-08-22 06:21:01 - INFO -                 precision    recall  f1-score   support
2026-08-22 06:21:01 - INFO - 
2026-08-22 06:21:01 - INFO -       safe (0)     0.8354    0.7952    0.8148        83
2026-08-22 06:21:01 - INFO - vulnerable (1)     0.7671    0.8116    0.7887        69
2026-08-22 06:21:01 - INFO - 
2026-08-22 06:21:01 - INFO -       accuracy                         0.8026       152
2026-08-22 06:21:01 - INFO -      macro avg     0.8013    0.8034    0.8018       152
2026-08-22 06:21:01 - INFO -   weighted avg     0.8044    0.8026    0.8030       152
2026-08-22 06:21:01 - INFO - Confusion matrix - [[tn=66, fp=17], [fn=13, tp=56]]
2026-08-22 06:21:01 - INFO - probability_positive min=0.0007 mean=0.4968 std=0.4683 max=0.9995 predicted_0=79 predicted_1=73
2026-08-22 06:21:17 - INFO - Epoch 8/30 | Train loss: 0.176017 | Val loss: 0.833634 | LR: 2.00e-05 | Best epoch: 4 | Patience: 4 | Train: 14.41s | Validation: 1.61s | Epoch: 16.02s | Total: 130.51s
2026-08-22 06:21:17 - INFO - [Classification Report - split=train epoch=8 - threshold=0.50]
2026-08-22 06:21:17 - INFO -                 precision    recall  f1-score   support
2026-08-22 06:21:17 - INFO - 
2026-08-22 06:21:17 - INFO -       safe (0)     0.9517    0.9078    0.9292       217
2026-08-22 06:21:17 - INFO - vulnerable (1)     0.9197    0.9582    0.9385       239
2026-08-22 06:21:17 - INFO - 
2026-08-22 06:21:17 - INFO -       accuracy                         0.9342       456
2026-08-22 06:21:17 - INFO -      macro avg     0.9357    0.9330    0.9339       456
2026-08-22 06:21:17 - INFO -   weighted avg     0.9349    0.9342    0.9341       456
2026-08-22 06:21:17 - INFO - Confusion matrix - [[tn=197, fp=20], [fn=10, tp=229]]
2026-08-22 06:21:17 - INFO - probability_positive min=0.0011 mean=0.5392 std=0.4659 max=0.9997 predicted_0=207 predicted_1=249
2026-08-22 06:21:17 - INFO - [Classification Report - split=validation epoch=8 - threshold=0.50]
2026-08-22 06:21:17 - INFO -                 precision    recall  f1-score   support
2026-08-22 06:21:17 - INFO - 
2026-08-22 06:21:17 - INFO -       safe (0)     0.8171    0.8072    0.8121        83
2026-08-22 06:21:17 - INFO - vulnerable (1)     0.7714    0.7826    0.7770        69
2026-08-22 06:21:17 - INFO - 
2026-08-22 06:21:17 - INFO -       accuracy                         0.7961       152
2026-08-22 06:21:17 - INFO -      macro avg     0.7943    0.7949    0.7945       152
2026-08-22 06:21:17 - INFO -   weighted avg     0.7964    0.7961    0.7962       152
2026-08-22 06:21:17 - INFO - Confusion matrix - [[tn=67, fp=16], [fn=15, tp=54]]
2026-08-22 06:21:17 - INFO - probability_positive min=0.0004 mean=0.4672 std=0.4763 max=0.9997 predicted_0=82 predicted_1=70
2026-08-22 06:21:33 - INFO - Epoch 9/30 | Train loss: 0.144974 | Val loss: 0.910920 | LR: 2.00e-05 | Best epoch: 4 | Patience: 5 | Train: 14.42s | Validation: 1.61s | Epoch: 16.03s | Total: 146.55s
2026-08-22 06:21:33 - INFO - [Classification Report - split=train epoch=9 - threshold=0.50]
2026-08-22 06:21:33 - INFO -                 precision    recall  f1-score   support
2026-08-22 06:21:33 - INFO - 
2026-08-22 06:21:33 - INFO -       safe (0)     0.9401    0.9401    0.9401       217
2026-08-22 06:21:33 - INFO - vulnerable (1)     0.9456    0.9456    0.9456       239
2026-08-22 06:21:33 - INFO - 
2026-08-22 06:21:33 - INFO -       accuracy                         0.9430       456
2026-08-22 06:21:33 - INFO -      macro avg     0.9428    0.9428    0.9428       456
2026-08-22 06:21:33 - INFO -   weighted avg     0.9430    0.9430    0.9430       456
2026-08-22 06:21:33 - INFO - Confusion matrix - [[tn=204, fp=13], [fn=13, tp=226]]
2026-08-22 06:21:33 - INFO - probability_positive min=0.0004 mean=0.5241 std=0.4764 max=0.9997 predicted_0=217 predicted_1=239
2026-08-22 06:21:33 - INFO - [Classification Report - split=validation epoch=9 - threshold=0.50]
2026-08-22 06:21:33 - INFO -                 precision    recall  f1-score   support
2026-08-22 06:21:33 - INFO - 
2026-08-22 06:21:33 - INFO -       safe (0)     0.8421    0.7711    0.8050        83
2026-08-22 06:21:33 - INFO - vulnerable (1)     0.7500    0.8261    0.7862        69
2026-08-22 06:21:33 - INFO - 
2026-08-22 06:21:33 - INFO -       accuracy                         0.7961       152
2026-08-22 06:21:33 - INFO -      macro avg     0.7961    0.7986    0.7956       152
2026-08-22 06:21:33 - INFO -   weighted avg     0.8003    0.7961    0.7965       152
2026-08-22 06:21:33 - INFO - Confusion matrix - [[tn=64, fp=19], [fn=12, tp=57]]
2026-08-22 06:21:33 - INFO - probability_positive min=0.0002 mean=0.4952 std=0.4795 max=0.9998 predicted_0=76 predicted_1=76
2026-08-22 06:21:33 - INFO - Early stopping | Epoch: 9 | Best epoch: 4
2026-08-22 06:21:33 - INFO - Best checkpoint saved | Path: model/fam1_codebert/baseline/seed_42/fold3/best.pt | Epoch: 4 | Val macro_f1: 0.822299
2026-08-22 06:21:33 - INFO - Training finished | Elapsed: 146.57s
2026-08-22 06:21:33 - INFO - Run finished | Phase: baseline_train | Fold: 3 | Seed: 42 | Elapsed: 149.75s
