2026-08-22 06:21:57 - INFO - Using device: cuda
2026-08-22 06:21:57 - INFO - Run started | Run: fam2_unixcoder | Method: transfer_latent_bottleneck | Phase: phase2 | Fold: 1 | Seed: 42 | Device: cuda
2026-08-22 06:21:57 - INFO - Loading Python training data: data/sven_python_folds_norm/fold1/train.jsonl
2026-08-22 06:21:57 - INFO - Loading Python validation data: data/sven_python_folds_norm/fold1/val.jsonl
2026-08-22 06:21:57 - INFO - Data split: python_train | Total: 456 | Labels: {0: 235, 1: 221} | CWEs: {'CWE-022': 39, 'CWE-078': 123, 'CWE-079': 49, 'CWE-089': 245} | Languages: {'python': 456} | Invalid CWE: 0
2026-08-22 06:21:57 - INFO - Data split: python_val | Total: 152 | Labels: {0: 74, 1: 78} | CWEs: {'CWE-022': 8, 'CWE-078': 42, 'CWE-079': 19, 'CWE-089': 83} | Languages: {'python': 152} | Invalid CWE: 0
2026-08-22 06:21:57 - INFO - Auxiliary head width taken from checkpoint: 4
2026-08-22 06:21:59 - INFO - Loaded source checkpoint: model/fam2_unixcoder/transfer_latent_bottleneck/seed_42/source/best.pt | Best epoch: 15 | Best Val Macro-F1: 0.695294
2026-08-22 06:21:59 - INFO - RecAdam schedule | Total steps: 870 | Steps/epoch: 29 | Anneal t0: 43 | Weights: {1: 0.10909682119561293, 29: 0.3318122278318339, 43: 0.5, 870: 1.0}
2026-08-22 06:21:59 - INFO - Environment: {"components": {"backbone": {"frozen": 0, "total": 125929728, "trainable": 125929728}, "cwe_head": {"frozen": 36, "total": 36, "trainable": 0}, "latent_proj": {"frozen": 6152, "total": 6152, "trainable": 0}, "vul_head": {"frozen": 0, "total": 1538, "trainable": 1538}}, "cuda": "12.8", "fold": 1, "frozen_parameters": 6188, "gpu": "NVIDIA GeForce RTX 5070 Ti", "hyperparameters": {"anneal_fun": "sigmoid", "anneal_k": 0.05, "anneal_t0_ratio": 0.05, "anneal_w": 1.0, "aux_mode": "latent_bottleneck", "batch_size": 16, "checkpoint_path": "model/fam2_unixcoder/transfer_latent_bottleneck/seed_42/fold1/best.pt", "cwe_vocab": "fixed4", "data_path": "data/train_ccpp_filtered.jsonl", "data_root": "data/sven_python_folds_norm", "epochs": 30, "eval_batch_size": 16, "fold": 1, "freeze_backbone_layers": 0, "freeze_prototypes_steps": 0, "lambda_cwe": 0.2, "latent_temperature": 0.1, "learning_rate": 2e-05, "lora_rank": 0, "lp_epochs": 0, "lp_learning_rate": 0.001, "max_eval_samples": null, "max_grad_norm": 1.0, "max_length": 512, "max_train_samples": null, "method_name": "transfer_latent_bottleneck", "min_epochs": 3, "model_name": "microsoft/unixcoder-base", "num_cwes": 4, "num_latent": 8, "num_workers": 0, "output_dir": "results/fam2_unixcoder/transfer_latent_bottleneck", "patience": 5, "phase": "phase2", "phase2_optimizer": "recadam", "pooling": "cls", "pretrain_cof": 5000.0, "recadam_anchor": "source", "result_path": "results/fam2_unixcoder/transfer_latent_bottleneck/seed_42/fold1.json", "run_name": "fam2_unixcoder", "seed": 42, "selection_metric": "macro_f1", "source_checkpoint": "model/fam2_unixcoder/transfer_latent_bottleneck/seed_42/source/best.pt", "source_interpolation": 1.0, "strict_determinism": false, "target_lang": "python", "test_path": null, "train_path": null, "truncation_strategy": "head_middle_tail", "val_path": null, "weight_decay": 0.01}, "mode": "phase2_train", "model_name": "microsoft/unixcoder-base", "seed": 42, "sklearn": "1.9.0", "torch": "2.11.0+cu128", "trainable_parameters": 125931266, "transformers": "4.57.1"}
2026-08-22 06:21:59 - INFO - Training started | Phase: phase2 | Epochs: 30
2026-08-22 06:21:59 - INFO - RecAdam first-step safety checks passed
2026-08-22 06:22:07 - INFO - Epoch 1/30 | Train loss: 1.553690 | Val loss: 0.911704 | LR: 2.00e-05 | Best epoch: 1 | Patience: 0 | Train: 7.39s | Validation: 0.79s | Epoch: 8.38s | Total: 8.38s
2026-08-22 06:22:07 - INFO - RecAdam target-task weight at epoch end: 0.331812
2026-08-22 06:22:07 - INFO - [Classification Report - split=train epoch=1 - threshold=0.50]
2026-08-22 06:22:07 - INFO -                 precision    recall  f1-score   support
2026-08-22 06:22:07 - INFO - 
2026-08-22 06:22:07 - INFO -       safe (0)     0.6944    0.3191    0.4373       235
2026-08-22 06:22:07 - INFO - vulnerable (1)     0.5402    0.8507    0.6608       221
2026-08-22 06:22:07 - INFO - 
2026-08-22 06:22:07 - INFO -       accuracy                         0.5768       456
2026-08-22 06:22:07 - INFO -      macro avg     0.6173    0.5849    0.5491       456
2026-08-22 06:22:07 - INFO -   weighted avg     0.6197    0.5768    0.5456       456
2026-08-22 06:22:07 - INFO - Confusion matrix - [[tn=75, fp=160], [fn=33, tp=188]]
2026-08-22 06:22:07 - INFO - probability_positive min=0.0000 mean=0.7335 std=0.3346 max=1.0000 predicted_0=108 predicted_1=348
2026-08-22 06:22:07 - INFO - [Classification Report - split=validation epoch=1 - threshold=0.50]
2026-08-22 06:22:07 - INFO -                 precision    recall  f1-score   support
2026-08-22 06:22:07 - INFO - 
2026-08-22 06:22:07 - INFO -       safe (0)     0.6176    0.5676    0.5915        74
2026-08-22 06:22:07 - INFO - vulnerable (1)     0.6190    0.6667    0.6420        78
2026-08-22 06:22:07 - INFO - 
2026-08-22 06:22:07 - INFO -       accuracy                         0.6184       152
2026-08-22 06:22:07 - INFO -      macro avg     0.6183    0.6171    0.6168       152
2026-08-22 06:22:07 - INFO -   weighted avg     0.6184    0.6184    0.6174       152
2026-08-22 06:22:07 - INFO - Confusion matrix - [[tn=42, fp=32], [fn=26, tp=52]]
2026-08-22 06:22:07 - INFO - probability_positive min=0.0000 mean=0.5398 std=0.3484 max=0.9988 predicted_0=68 predicted_1=84
2026-08-22 06:22:07 - INFO - New best model | Macro-F1: 0.616762 | Epoch: 1
2026-08-22 06:22:15 - INFO - Epoch 2/30 | Train loss: 0.766098 | Val loss: 0.600441 | LR: 2.00e-05 | Best epoch: 2 | Patience: 0 | Train: 7.18s | Validation: 0.79s | Epoch: 8.23s | Total: 16.62s
2026-08-22 06:22:15 - INFO - RecAdam target-task weight at epoch end: 0.679179
2026-08-22 06:22:15 - INFO - [Classification Report - split=train epoch=2 - threshold=0.50]
2026-08-22 06:22:15 - INFO -                 precision    recall  f1-score   support
2026-08-22 06:22:15 - INFO - 
2026-08-22 06:22:15 - INFO -       safe (0)     0.6878    0.6468    0.6667       235
2026-08-22 06:22:15 - INFO - vulnerable (1)     0.6468    0.6878    0.6667       221
2026-08-22 06:22:15 - INFO - 
2026-08-22 06:22:15 - INFO -       accuracy                         0.6667       456
2026-08-22 06:22:15 - INFO -      macro avg     0.6673    0.6673    0.6667       456
2026-08-22 06:22:15 - INFO -   weighted avg     0.6679    0.6667    0.6667       456
2026-08-22 06:22:15 - INFO - Confusion matrix - [[tn=152, fp=83], [fn=69, tp=152]]
2026-08-22 06:22:15 - INFO - probability_positive min=0.0000 mean=0.4979 std=0.3232 max=0.9985 predicted_0=221 predicted_1=235
2026-08-22 06:22:15 - INFO - [Classification Report - split=validation epoch=2 - threshold=0.50]
2026-08-22 06:22:15 - INFO -                 precision    recall  f1-score   support
2026-08-22 06:22:15 - INFO - 
2026-08-22 06:22:15 - INFO -       safe (0)     0.7391    0.6892    0.7133        74
2026-08-22 06:22:15 - INFO - vulnerable (1)     0.7229    0.7692    0.7453        78
2026-08-22 06:22:15 - INFO - 
2026-08-22 06:22:15 - INFO -       accuracy                         0.7303       152
2026-08-22 06:22:15 - INFO -      macro avg     0.7310    0.7292    0.7293       152
2026-08-22 06:22:15 - INFO -   weighted avg     0.7308    0.7303    0.7297       152
2026-08-22 06:22:15 - INFO - Confusion matrix - [[tn=51, fp=23], [fn=18, tp=60]]
2026-08-22 06:22:15 - INFO - probability_positive min=0.0000 mean=0.5038 std=0.3021 max=0.9937 predicted_0=69 predicted_1=83
2026-08-22 06:22:15 - INFO - New best model | Macro-F1: 0.729314 | Epoch: 2
2026-08-22 06:22:24 - INFO - Epoch 3/30 | Train loss: 0.474200 | Val loss: 0.373136 | LR: 2.00e-05 | Best epoch: 3 | Patience: 0 | Train: 7.18s | Validation: 0.79s | Epoch: 8.24s | Total: 24.87s
2026-08-22 06:22:24 - INFO - RecAdam target-task weight at epoch end: 0.900250
2026-08-22 06:22:24 - INFO - [Classification Report - split=train epoch=3 - threshold=0.50]
2026-08-22 06:22:24 - INFO -                 precision    recall  f1-score   support
2026-08-22 06:22:24 - INFO - 
2026-08-22 06:22:24 - INFO -       safe (0)     0.7773    0.7574    0.7672       235
2026-08-22 06:22:24 - INFO - vulnerable (1)     0.7489    0.7692    0.7589       221
2026-08-22 06:22:24 - INFO - 
2026-08-22 06:22:24 - INFO -       accuracy                         0.7632       456
2026-08-22 06:22:24 - INFO -      macro avg     0.7631    0.7633    0.7631       456
2026-08-22 06:22:24 - INFO -   weighted avg     0.7635    0.7632    0.7632       456
2026-08-22 06:22:24 - INFO - Confusion matrix - [[tn=178, fp=57], [fn=51, tp=170]]
2026-08-22 06:22:24 - INFO - probability_positive min=0.0000 mean=0.4766 std=0.3265 max=0.9994 predicted_0=229 predicted_1=227
2026-08-22 06:22:24 - INFO - [Classification Report - split=validation epoch=3 - threshold=0.50]
2026-08-22 06:22:24 - INFO -                 precision    recall  f1-score   support
2026-08-22 06:22:24 - INFO - 
2026-08-22 06:22:24 - INFO -       safe (0)     0.9130    0.8514    0.8811        74
2026-08-22 06:22:24 - INFO - vulnerable (1)     0.8675    0.9231    0.8944        78
2026-08-22 06:22:24 - INFO - 
2026-08-22 06:22:24 - INFO -       accuracy                         0.8882       152
2026-08-22 06:22:24 - INFO -      macro avg     0.8903    0.8872    0.8878       152
2026-08-22 06:22:24 - INFO -   weighted avg     0.8897    0.8882    0.8879       152
2026-08-22 06:22:24 - INFO - Confusion matrix - [[tn=63, fp=11], [fn=6, tp=72]]
2026-08-22 06:22:24 - INFO - probability_positive min=0.0000 mean=0.4925 std=0.3775 max=0.9996 predicted_0=69 predicted_1=83
2026-08-22 06:22:24 - INFO - New best model | Macro-F1: 0.887764 | Epoch: 3
2026-08-22 06:22:32 - INFO - Epoch 4/30 | Train loss: 0.275260 | Val loss: 0.355734 | LR: 2.00e-05 | Best epoch: 4 | Patience: 0 | Train: 7.17s | Validation: 0.79s | Epoch: 8.23s | Total: 33.12s
2026-08-22 06:22:32 - INFO - RecAdam target-task weight at epoch end: 0.974667
2026-08-22 06:22:32 - INFO - [Classification Report - split=train epoch=4 - threshold=0.50]
2026-08-22 06:22:32 - INFO -                 precision    recall  f1-score   support
2026-08-22 06:22:32 - INFO - 
2026-08-22 06:22:32 - INFO -       safe (0)     0.9174    0.8511    0.8830       235
2026-08-22 06:22:32 - INFO - vulnerable (1)     0.8529    0.9186    0.8845       221
2026-08-22 06:22:32 - INFO - 
2026-08-22 06:22:32 - INFO -       accuracy                         0.8838       456
2026-08-22 06:22:32 - INFO -      macro avg     0.8852    0.8848    0.8838       456
2026-08-22 06:22:32 - INFO -   weighted avg     0.8862    0.8838    0.8837       456
2026-08-22 06:22:32 - INFO - Confusion matrix - [[tn=200, fp=35], [fn=18, tp=203]]
2026-08-22 06:22:32 - INFO - probability_positive min=0.0000 mean=0.4927 std=0.4085 max=1.0000 predicted_0=218 predicted_1=238
2026-08-22 06:22:32 - INFO - [Classification Report - split=validation epoch=4 - threshold=0.50]
2026-08-22 06:22:32 - INFO -                 precision    recall  f1-score   support
2026-08-22 06:22:32 - INFO - 
2026-08-22 06:22:32 - INFO -       safe (0)     0.8718    0.9189    0.8947        74
2026-08-22 06:22:32 - INFO - vulnerable (1)     0.9189    0.8718    0.8947        78
2026-08-22 06:22:32 - INFO - 
2026-08-22 06:22:32 - INFO -       accuracy                         0.8947       152
2026-08-22 06:22:32 - INFO -      macro avg     0.8954    0.8954    0.8947       152
2026-08-22 06:22:32 - INFO -   weighted avg     0.8960    0.8947    0.8947       152
2026-08-22 06:22:32 - INFO - Confusion matrix - [[tn=68, fp=6], [fn=10, tp=68]]
2026-08-22 06:22:32 - INFO - probability_positive min=0.0000 mean=0.4746 std=0.4564 max=1.0000 predicted_0=78 predicted_1=74
2026-08-22 06:22:32 - INFO - New best model | Macro-F1: 0.894737 | Epoch: 4
2026-08-22 06:22:40 - INFO - Epoch 5/30 | Train loss: 0.172781 | Val loss: 0.447215 | LR: 2.00e-05 | Best epoch: 4 | Patience: 1 | Train: 7.17s | Validation: 0.79s | Epoch: 7.96s | Total: 41.09s
2026-08-22 06:22:40 - INFO - RecAdam target-task weight at epoch end: 0.993940
2026-08-22 06:22:40 - INFO - [Classification Report - split=train epoch=5 - threshold=0.50]
2026-08-22 06:22:40 - INFO -                 precision    recall  f1-score   support
2026-08-22 06:22:40 - INFO - 
2026-08-22 06:22:40 - INFO -       safe (0)     0.9359    0.9319    0.9339       235
2026-08-22 06:22:40 - INFO - vulnerable (1)     0.9279    0.9321    0.9300       221
2026-08-22 06:22:40 - INFO - 
2026-08-22 06:22:40 - INFO -       accuracy                         0.9320       456
2026-08-22 06:22:40 - INFO -      macro avg     0.9319    0.9320    0.9320       456
2026-08-22 06:22:40 - INFO -   weighted avg     0.9320    0.9320    0.9320       456
2026-08-22 06:22:40 - INFO - Confusion matrix - [[tn=219, fp=16], [fn=15, tp=206]]
2026-08-22 06:22:40 - INFO - probability_positive min=0.0000 mean=0.4776 std=0.4592 max=1.0000 predicted_0=234 predicted_1=222
2026-08-22 06:22:40 - INFO - [Classification Report - split=validation epoch=5 - threshold=0.50]
2026-08-22 06:22:40 - INFO -                 precision    recall  f1-score   support
2026-08-22 06:22:40 - INFO - 
2026-08-22 06:22:40 - INFO -       safe (0)     0.8919    0.8919    0.8919        74
2026-08-22 06:22:40 - INFO - vulnerable (1)     0.8974    0.8974    0.8974        78
2026-08-22 06:22:40 - INFO - 
2026-08-22 06:22:40 - INFO -       accuracy                         0.8947       152
2026-08-22 06:22:40 - INFO -      macro avg     0.8947    0.8947    0.8947       152
2026-08-22 06:22:40 - INFO -   weighted avg     0.8947    0.8947    0.8947       152
2026-08-22 06:22:40 - INFO - Confusion matrix - [[tn=66, fp=8], [fn=8, tp=70]]
2026-08-22 06:22:40 - INFO - probability_positive min=0.0000 mean=0.5018 std=0.4758 max=1.0000 predicted_0=74 predicted_1=78
2026-08-22 06:22:48 - INFO - Epoch 6/30 | Train loss: 0.134078 | Val loss: 0.621446 | LR: 2.00e-05 | Best epoch: 4 | Patience: 2 | Train: 7.18s | Validation: 0.79s | Epoch: 7.97s | Total: 49.07s
2026-08-22 06:22:48 - INFO - RecAdam target-task weight at epoch end: 0.998572
2026-08-22 06:22:48 - INFO - [Classification Report - split=train epoch=6 - threshold=0.50]
2026-08-22 06:22:48 - INFO -                 precision    recall  f1-score   support
2026-08-22 06:22:48 - INFO - 
2026-08-22 06:22:48 - INFO -       safe (0)     0.9530    0.9489    0.9510       235
2026-08-22 06:22:48 - INFO - vulnerable (1)     0.9459    0.9502    0.9481       221
2026-08-22 06:22:48 - INFO - 
2026-08-22 06:22:48 - INFO -       accuracy                         0.9496       456
2026-08-22 06:22:48 - INFO -      macro avg     0.9495    0.9496    0.9495       456
2026-08-22 06:22:48 - INFO -   weighted avg     0.9496    0.9496    0.9496       456
2026-08-22 06:22:48 - INFO - Confusion matrix - [[tn=223, fp=12], [fn=11, tp=210]]
2026-08-22 06:22:48 - INFO - probability_positive min=0.0000 mean=0.4868 std=0.4762 max=1.0000 predicted_0=234 predicted_1=222
2026-08-22 06:22:48 - INFO - [Classification Report - split=validation epoch=6 - threshold=0.50]
2026-08-22 06:22:48 - INFO -                 precision    recall  f1-score   support
2026-08-22 06:22:48 - INFO - 
2026-08-22 06:22:48 - INFO -       safe (0)     0.8919    0.8919    0.8919        74
2026-08-22 06:22:48 - INFO - vulnerable (1)     0.8974    0.8974    0.8974        78
2026-08-22 06:22:48 - INFO - 
2026-08-22 06:22:48 - INFO -       accuracy                         0.8947       152
2026-08-22 06:22:48 - INFO -      macro avg     0.8947    0.8947    0.8947       152
2026-08-22 06:22:48 - INFO -   weighted avg     0.8947    0.8947    0.8947       152
2026-08-22 06:22:48 - INFO - Confusion matrix - [[tn=66, fp=8], [fn=8, tp=70]]
2026-08-22 06:22:48 - INFO - probability_positive min=0.0000 mean=0.5132 std=0.4927 max=1.0000 predicted_0=74 predicted_1=78
2026-08-22 06:22:56 - INFO - Epoch 7/30 | Train loss: 0.107594 | Val loss: 0.538811 | LR: 2.00e-05 | Best epoch: 4 | Patience: 3 | Train: 7.18s | Validation: 0.79s | Epoch: 7.97s | Total: 57.04s
2026-08-22 06:22:56 - INFO - RecAdam target-task weight at epoch end: 0.999665
2026-08-22 06:22:56 - INFO - [Classification Report - split=train epoch=7 - threshold=0.50]
2026-08-22 06:22:56 - INFO -                 precision    recall  f1-score   support
2026-08-22 06:22:56 - INFO - 
2026-08-22 06:22:56 - INFO -       safe (0)     0.9620    0.9702    0.9661       235
2026-08-22 06:22:56 - INFO - vulnerable (1)     0.9680    0.9593    0.9636       221
2026-08-22 06:22:56 - INFO - 
2026-08-22 06:22:56 - INFO -       accuracy                         0.9649       456
2026-08-22 06:22:56 - INFO -      macro avg     0.9650    0.9647    0.9649       456
2026-08-22 06:22:56 - INFO -   weighted avg     0.9649    0.9649    0.9649       456
2026-08-22 06:22:56 - INFO - Confusion matrix - [[tn=228, fp=7], [fn=9, tp=212]]
2026-08-22 06:22:56 - INFO - probability_positive min=0.0000 mean=0.4830 std=0.4857 max=1.0000 predicted_0=237 predicted_1=219
2026-08-22 06:22:56 - INFO - [Classification Report - split=validation epoch=7 - threshold=0.50]
2026-08-22 06:22:56 - INFO -                 precision    recall  f1-score   support
2026-08-22 06:22:56 - INFO - 
2026-08-22 06:22:56 - INFO -       safe (0)     0.8816    0.9054    0.8933        74
2026-08-22 06:22:56 - INFO - vulnerable (1)     0.9079    0.8846    0.8961        78
2026-08-22 06:22:56 - INFO - 
2026-08-22 06:22:56 - INFO -       accuracy                         0.8947       152
2026-08-22 06:22:56 - INFO -      macro avg     0.8947    0.8950    0.8947       152
2026-08-22 06:22:56 - INFO -   weighted avg     0.8951    0.8947    0.8948       152
2026-08-22 06:22:56 - INFO - Confusion matrix - [[tn=67, fp=7], [fn=9, tp=69]]
2026-08-22 06:22:56 - INFO - probability_positive min=0.0000 mean=0.5092 std=0.4855 max=1.0000 predicted_0=76 predicted_1=76
2026-08-22 06:23:04 - INFO - Epoch 8/30 | Train loss: 0.079215 | Val loss: 0.773585 | LR: 2.00e-05 | Best epoch: 8 | Patience: 0 | Train: 7.18s | Validation: 0.79s | Epoch: 8.23s | Total: 65.28s
2026-08-22 06:23:04 - INFO - RecAdam target-task weight at epoch end: 0.999921
2026-08-22 06:23:04 - INFO - [Classification Report - split=train epoch=8 - threshold=0.50]
2026-08-22 06:23:04 - INFO -                 precision    recall  f1-score   support
2026-08-22 06:23:04 - INFO - 
2026-08-22 06:23:04 - INFO -       safe (0)     0.9745    0.9745    0.9745       235
2026-08-22 06:23:04 - INFO - vulnerable (1)     0.9729    0.9729    0.9729       221
2026-08-22 06:23:04 - INFO - 
2026-08-22 06:23:04 - INFO -       accuracy                         0.9737       456
2026-08-22 06:23:04 - INFO -      macro avg     0.9737    0.9737    0.9737       456
2026-08-22 06:23:04 - INFO -   weighted avg     0.9737    0.9737    0.9737       456
2026-08-22 06:23:04 - INFO - Confusion matrix - [[tn=229, fp=6], [fn=6, tp=215]]
2026-08-22 06:23:04 - INFO - probability_positive min=0.0000 mean=0.4797 std=0.4899 max=1.0000 predicted_0=235 predicted_1=221
2026-08-22 06:23:04 - INFO - [Classification Report - split=validation epoch=8 - threshold=0.50]
2026-08-22 06:23:04 - INFO -                 precision    recall  f1-score   support
2026-08-22 06:23:04 - INFO - 
2026-08-22 06:23:04 - INFO -       safe (0)     0.8961    0.9324    0.9139        74
2026-08-22 06:23:04 - INFO - vulnerable (1)     0.9333    0.8974    0.9150        78
2026-08-22 06:23:04 - INFO - 
2026-08-22 06:23:04 - INFO -       accuracy                         0.9145       152
2026-08-22 06:23:04 - INFO -      macro avg     0.9147    0.9149    0.9145       152
2026-08-22 06:23:04 - INFO -   weighted avg     0.9152    0.9145    0.9145       152
2026-08-22 06:23:04 - INFO - Confusion matrix - [[tn=69, fp=5], [fn=8, tp=70]]
2026-08-22 06:23:04 - INFO - probability_positive min=0.0000 mean=0.4909 std=0.4931 max=1.0000 predicted_0=77 predicted_1=75
2026-08-22 06:23:04 - INFO - New best model | Macro-F1: 0.914470 | Epoch: 8
2026-08-22 06:23:12 - INFO - Epoch 9/30 | Train loss: 0.078645 | Val loss: 0.772702 | LR: 2.00e-05 | Best epoch: 9 | Patience: 1 | Train: 7.17s | Validation: 0.79s | Epoch: 8.23s | Total: 73.52s
2026-08-22 06:23:12 - INFO - RecAdam target-task weight at epoch end: 0.999982
2026-08-22 06:23:12 - INFO - [Classification Report - split=train epoch=9 - threshold=0.50]
2026-08-22 06:23:12 - INFO -                 precision    recall  f1-score   support
2026-08-22 06:23:12 - INFO - 
2026-08-22 06:23:12 - INFO -       safe (0)     0.9828    0.9745    0.9786       235
2026-08-22 06:23:12 - INFO - vulnerable (1)     0.9731    0.9819    0.9775       221
2026-08-22 06:23:12 - INFO - 
2026-08-22 06:23:12 - INFO -       accuracy                         0.9781       456
2026-08-22 06:23:12 - INFO -      macro avg     0.9780    0.9782    0.9781       456
2026-08-22 06:23:12 - INFO -   weighted avg     0.9781    0.9781    0.9781       456
2026-08-22 06:23:12 - INFO - Confusion matrix - [[tn=229, fp=6], [fn=4, tp=217]]
2026-08-22 06:23:12 - INFO - probability_positive min=0.0000 mean=0.4906 std=0.4938 max=1.0000 predicted_0=233 predicted_1=223
2026-08-22 06:23:12 - INFO - [Classification Report - split=validation epoch=9 - threshold=0.50]
2026-08-22 06:23:12 - INFO -                 precision    recall  f1-score   support
2026-08-22 06:23:12 - INFO - 
2026-08-22 06:23:12 - INFO -       safe (0)     0.8961    0.9324    0.9139        74
2026-08-22 06:23:12 - INFO - vulnerable (1)     0.9333    0.8974    0.9150        78
2026-08-22 06:23:12 - INFO - 
2026-08-22 06:23:12 - INFO -       accuracy                         0.9145       152
2026-08-22 06:23:12 - INFO -      macro avg     0.9147    0.9149    0.9145       152
2026-08-22 06:23:12 - INFO -   weighted avg     0.9152    0.9145    0.9145       152
2026-08-22 06:23:12 - INFO - Confusion matrix - [[tn=69, fp=5], [fn=8, tp=70]]
2026-08-22 06:23:12 - INFO - probability_positive min=0.0000 mean=0.4857 std=0.4919 max=1.0000 predicted_0=77 predicted_1=75
2026-08-22 06:23:12 - INFO - Latest tied-best checkpoint saved | Macro-F1: 0.914470 | Epoch: 9
2026-08-22 06:23:21 - INFO - Epoch 10/30 | Train loss: 0.030305 | Val loss: 0.823876 | LR: 2.00e-05 | Best epoch: 10 | Patience: 0 | Train: 7.17s | Validation: 0.79s | Epoch: 8.23s | Total: 81.77s
2026-08-22 06:23:21 - INFO - RecAdam target-task weight at epoch end: 0.999996
2026-08-22 06:23:21 - INFO - [Classification Report - split=train epoch=10 - threshold=0.50]
2026-08-22 06:23:21 - INFO -                 precision    recall  f1-score   support
2026-08-22 06:23:21 - INFO - 
2026-08-22 06:23:21 - INFO -       safe (0)     0.9915    0.9915    0.9915       235
2026-08-22 06:23:21 - INFO - vulnerable (1)     0.9910    0.9910    0.9910       221
2026-08-22 06:23:21 - INFO - 
2026-08-22 06:23:21 - INFO -       accuracy                         0.9912       456
2026-08-22 06:23:21 - INFO -      macro avg     0.9912    0.9912    0.9912       456
2026-08-22 06:23:21 - INFO -   weighted avg     0.9912    0.9912    0.9912       456
2026-08-22 06:23:21 - INFO - Confusion matrix - [[tn=233, fp=2], [fn=2, tp=219]]
2026-08-22 06:23:21 - INFO - probability_positive min=0.0000 mean=0.4851 std=0.4958 max=1.0000 predicted_0=235 predicted_1=221
2026-08-22 06:23:21 - INFO - [Classification Report - split=validation epoch=10 - threshold=0.50]
2026-08-22 06:23:21 - INFO -                 precision    recall  f1-score   support
2026-08-22 06:23:21 - INFO - 
2026-08-22 06:23:21 - INFO -       safe (0)     0.8974    0.9459    0.9211        74
2026-08-22 06:23:21 - INFO - vulnerable (1)     0.9459    0.8974    0.9211        78
2026-08-22 06:23:21 - INFO - 
2026-08-22 06:23:21 - INFO -       accuracy                         0.9211       152
2026-08-22 06:23:21 - INFO -      macro avg     0.9217    0.9217    0.9211       152
2026-08-22 06:23:21 - INFO -   weighted avg     0.9223    0.9211    0.9211       152
2026-08-22 06:23:21 - INFO - Confusion matrix - [[tn=70, fp=4], [fn=8, tp=70]]
2026-08-22 06:23:21 - INFO - probability_positive min=0.0000 mean=0.4843 std=0.4942 max=1.0000 predicted_0=78 predicted_1=74
2026-08-22 06:23:21 - INFO - New best model | Macro-F1: 0.921053 | Epoch: 10
2026-08-22 06:23:29 - INFO - Epoch 11/30 | Train loss: 0.021223 | Val loss: 0.891495 | LR: 2.00e-05 | Best epoch: 10 | Patience: 1 | Train: 7.17s | Validation: 0.79s | Epoch: 7.96s | Total: 89.74s
2026-08-22 06:23:29 - INFO - RecAdam target-task weight at epoch end: 0.999999
2026-08-22 06:23:29 - INFO - [Classification Report - split=train epoch=11 - threshold=0.50]
2026-08-22 06:23:29 - INFO -                 precision    recall  f1-score   support
2026-08-22 06:23:29 - INFO - 
2026-08-22 06:23:29 - INFO -       safe (0)     0.9957    0.9872    0.9915       235
2026-08-22 06:23:29 - INFO - vulnerable (1)     0.9865    0.9955    0.9910       221
2026-08-22 06:23:29 - INFO - 
2026-08-22 06:23:29 - INFO -       accuracy                         0.9912       456
2026-08-22 06:23:29 - INFO -      macro avg     0.9911    0.9914    0.9912       456
2026-08-22 06:23:29 - INFO -   weighted avg     0.9913    0.9912    0.9912       456
2026-08-22 06:23:29 - INFO - Confusion matrix - [[tn=232, fp=3], [fn=1, tp=220]]
2026-08-22 06:23:29 - INFO - probability_positive min=0.0000 mean=0.4888 std=0.4978 max=1.0000 predicted_0=233 predicted_1=223
2026-08-22 06:23:29 - INFO - [Classification Report - split=validation epoch=11 - threshold=0.50]
2026-08-22 06:23:29 - INFO -                 precision    recall  f1-score   support
2026-08-22 06:23:29 - INFO - 
2026-08-22 06:23:29 - INFO -       safe (0)     0.8750    0.9459    0.9091        74
2026-08-22 06:23:29 - INFO - vulnerable (1)     0.9444    0.8718    0.9067        78
2026-08-22 06:23:29 - INFO - 
2026-08-22 06:23:29 - INFO -       accuracy                         0.9079       152
2026-08-22 06:23:29 - INFO -      macro avg     0.9097    0.9089    0.9079       152
2026-08-22 06:23:29 - INFO -   weighted avg     0.9106    0.9079    0.9078       152
2026-08-22 06:23:29 - INFO - Confusion matrix - [[tn=70, fp=4], [fn=10, tp=68]]
2026-08-22 06:23:29 - INFO - probability_positive min=0.0000 mean=0.4760 std=0.4941 max=1.0000 predicted_0=80 predicted_1=72
2026-08-22 06:23:37 - INFO - Epoch 12/30 | Train loss: 0.015760 | Val loss: 0.923280 | LR: 2.00e-05 | Best epoch: 10 | Patience: 2 | Train: 7.18s | Validation: 0.79s | Epoch: 7.97s | Total: 97.72s
2026-08-22 06:23:37 - INFO - RecAdam target-task weight at epoch end: 1.000000
2026-08-22 06:23:37 - INFO - [Classification Report - split=train epoch=12 - threshold=0.50]
2026-08-22 06:23:37 - INFO -                 precision    recall  f1-score   support
2026-08-22 06:23:37 - INFO - 
2026-08-22 06:23:37 - INFO -       safe (0)     0.9957    0.9915    0.9936       235
2026-08-22 06:23:37 - INFO - vulnerable (1)     0.9910    0.9955    0.9932       221
2026-08-22 06:23:37 - INFO - 
2026-08-22 06:23:37 - INFO -       accuracy                         0.9934       456
2026-08-22 06:23:37 - INFO -      macro avg     0.9934    0.9935    0.9934       456
2026-08-22 06:23:37 - INFO -   weighted avg     0.9934    0.9934    0.9934       456
2026-08-22 06:23:37 - INFO - Confusion matrix - [[tn=233, fp=2], [fn=1, tp=220]]
2026-08-22 06:23:37 - INFO - probability_positive min=0.0000 mean=0.4859 std=0.4975 max=1.0000 predicted_0=234 predicted_1=222
2026-08-22 06:23:37 - INFO - [Classification Report - split=validation epoch=12 - threshold=0.50]
2026-08-22 06:23:37 - INFO -                 precision    recall  f1-score   support
2026-08-22 06:23:37 - INFO - 
2026-08-22 06:23:37 - INFO -       safe (0)     0.8750    0.9459    0.9091        74
2026-08-22 06:23:37 - INFO - vulnerable (1)     0.9444    0.8718    0.9067        78
2026-08-22 06:23:37 - INFO - 
2026-08-22 06:23:37 - INFO -       accuracy                         0.9079       152
2026-08-22 06:23:37 - INFO -      macro avg     0.9097    0.9089    0.9079       152
2026-08-22 06:23:37 - INFO -   weighted avg     0.9106    0.9079    0.9078       152
2026-08-22 06:23:37 - INFO - Confusion matrix - [[tn=70, fp=4], [fn=10, tp=68]]
2026-08-22 06:23:37 - INFO - probability_positive min=0.0000 mean=0.4766 std=0.4948 max=1.0000 predicted_0=80 predicted_1=72
2026-08-22 06:23:45 - INFO - Epoch 13/30 | Train loss: 0.008072 | Val loss: 1.000307 | LR: 2.00e-05 | Best epoch: 10 | Patience: 3 | Train: 7.18s | Validation: 0.79s | Epoch: 7.97s | Total: 105.69s
2026-08-22 06:23:45 - INFO - RecAdam target-task weight at epoch end: 1.000000
2026-08-22 06:23:45 - INFO - [Classification Report - split=train epoch=13 - threshold=0.50]
2026-08-22 06:23:45 - INFO -                 precision    recall  f1-score   support
2026-08-22 06:23:45 - INFO - 
2026-08-22 06:23:45 - INFO -       safe (0)     0.9957    0.9915    0.9936       235
2026-08-22 06:23:45 - INFO - vulnerable (1)     0.9910    0.9955    0.9932       221
2026-08-22 06:23:45 - INFO - 
2026-08-22 06:23:45 - INFO -       accuracy                         0.9934       456
2026-08-22 06:23:45 - INFO -      macro avg     0.9934    0.9935    0.9934       456
2026-08-22 06:23:45 - INFO -   weighted avg     0.9934    0.9934    0.9934       456
2026-08-22 06:23:45 - INFO - Confusion matrix - [[tn=233, fp=2], [fn=1, tp=220]]
2026-08-22 06:23:45 - INFO - probability_positive min=0.0000 mean=0.4840 std=0.4962 max=1.0000 predicted_0=234 predicted_1=222
2026-08-22 06:23:45 - INFO - [Classification Report - split=validation epoch=13 - threshold=0.50]
2026-08-22 06:23:45 - INFO -                 precision    recall  f1-score   support
2026-08-22 06:23:45 - INFO - 
2026-08-22 06:23:45 - INFO -       safe (0)     0.8947    0.9189    0.9067        74
2026-08-22 06:23:45 - INFO - vulnerable (1)     0.9211    0.8974    0.9091        78
2026-08-22 06:23:45 - INFO - 
2026-08-22 06:23:45 - INFO -       accuracy                         0.9079       152
2026-08-22 06:23:45 - INFO -      macro avg     0.9079    0.9082    0.9079       152
2026-08-22 06:23:45 - INFO -   weighted avg     0.9082    0.9079    0.9079       152
2026-08-22 06:23:45 - INFO - Confusion matrix - [[tn=68, fp=6], [fn=8, tp=70]]
2026-08-22 06:23:45 - INFO - probability_positive min=0.0000 mean=0.4965 std=0.4951 max=1.0000 predicted_0=76 predicted_1=76
2026-08-22 06:23:53 - INFO - Epoch 14/30 | Train loss: 0.017148 | Val loss: 1.098897 | LR: 2.00e-05 | Best epoch: 10 | Patience: 4 | Train: 7.17s | Validation: 0.79s | Epoch: 7.96s | Total: 113.66s
2026-08-22 06:23:53 - INFO - RecAdam target-task weight at epoch end: 1.000000
2026-08-22 06:23:53 - INFO - [Classification Report - split=train epoch=14 - threshold=0.50]
2026-08-22 06:23:53 - INFO -                 precision    recall  f1-score   support
2026-08-22 06:23:53 - INFO - 
2026-08-22 06:23:53 - INFO -       safe (0)     0.9957    0.9915    0.9936       235
2026-08-22 06:23:53 - INFO - vulnerable (1)     0.9910    0.9955    0.9932       221
2026-08-22 06:23:53 - INFO - 
2026-08-22 06:23:53 - INFO -       accuracy                         0.9934       456
2026-08-22 06:23:53 - INFO -      macro avg     0.9934    0.9935    0.9934       456
2026-08-22 06:23:53 - INFO -   weighted avg     0.9934    0.9934    0.9934       456
2026-08-22 06:23:53 - INFO - Confusion matrix - [[tn=233, fp=2], [fn=1, tp=220]]
2026-08-22 06:23:53 - INFO - probability_positive min=0.0000 mean=0.4845 std=0.4977 max=1.0000 predicted_0=234 predicted_1=222
2026-08-22 06:23:53 - INFO - [Classification Report - split=validation epoch=14 - threshold=0.50]
2026-08-22 06:23:53 - INFO -                 precision    recall  f1-score   support
2026-08-22 06:23:53 - INFO - 
2026-08-22 06:23:53 - INFO -       safe (0)     0.8846    0.9324    0.9079        74
2026-08-22 06:23:53 - INFO - vulnerable (1)     0.9324    0.8846    0.9079        78
2026-08-22 06:23:53 - INFO - 
2026-08-22 06:23:53 - INFO -       accuracy                         0.9079       152
2026-08-22 06:23:53 - INFO -      macro avg     0.9085    0.9085    0.9079       152
2026-08-22 06:23:53 - INFO -   weighted avg     0.9092    0.9079    0.9079       152
2026-08-22 06:23:53 - INFO - Confusion matrix - [[tn=69, fp=5], [fn=9, tp=69]]
2026-08-22 06:23:53 - INFO - probability_positive min=0.0000 mean=0.4854 std=0.4962 max=1.0000 predicted_0=78 predicted_1=74
2026-08-22 06:24:00 - INFO - Epoch 15/30 | Train loss: 0.003650 | Val loss: 1.113640 | LR: 2.00e-05 | Best epoch: 10 | Patience: 5 | Train: 7.18s | Validation: 0.79s | Epoch: 7.97s | Total: 121.64s
2026-08-22 06:24:00 - INFO - RecAdam target-task weight at epoch end: 1.000000
2026-08-22 06:24:00 - INFO - [Classification Report - split=train epoch=15 - threshold=0.50]
2026-08-22 06:24:00 - INFO -                 precision    recall  f1-score   support
2026-08-22 06:24:00 - INFO - 
2026-08-22 06:24:00 - INFO -       safe (0)     1.0000    0.9957    0.9979       235
2026-08-22 06:24:00 - INFO - vulnerable (1)     0.9955    1.0000    0.9977       221
2026-08-22 06:24:00 - INFO - 
2026-08-22 06:24:00 - INFO -       accuracy                         0.9978       456
2026-08-22 06:24:00 - INFO -      macro avg     0.9977    0.9979    0.9978       456
2026-08-22 06:24:00 - INFO -   weighted avg     0.9978    0.9978    0.9978       456
2026-08-22 06:24:00 - INFO - Confusion matrix - [[tn=234, fp=1], [fn=0, tp=221]]
2026-08-22 06:24:00 - INFO - probability_positive min=0.0000 mean=0.4863 std=0.4990 max=1.0000 predicted_0=234 predicted_1=222
2026-08-22 06:24:00 - INFO - [Classification Report - split=validation epoch=15 - threshold=0.50]
2026-08-22 06:24:00 - INFO -                 precision    recall  f1-score   support
2026-08-22 06:24:00 - INFO - 
2026-08-22 06:24:00 - INFO -       safe (0)     0.8846    0.9324    0.9079        74
2026-08-22 06:24:00 - INFO - vulnerable (1)     0.9324    0.8846    0.9079        78
2026-08-22 06:24:00 - INFO - 
2026-08-22 06:24:00 - INFO -       accuracy                         0.9079       152
2026-08-22 06:24:00 - INFO -      macro avg     0.9085    0.9085    0.9079       152
2026-08-22 06:24:00 - INFO -   weighted avg     0.9092    0.9079    0.9079       152
2026-08-22 06:24:00 - INFO - Confusion matrix - [[tn=69, fp=5], [fn=9, tp=69]]
2026-08-22 06:24:00 - INFO - probability_positive min=0.0000 mean=0.4825 std=0.4958 max=1.0000 predicted_0=78 predicted_1=74
2026-08-22 06:24:00 - INFO - Early stopping | Epoch: 15 | Best epoch: 10
2026-08-22 06:24:00 - INFO - Best checkpoint saved | Path: model/fam2_unixcoder/transfer_latent_bottleneck/seed_42/fold1/best.pt | Epoch: 10 | Val macro_f1: 0.921053
2026-08-22 06:24:00 - INFO - Training finished | Elapsed: 121.65s
2026-08-22 06:24:00 - INFO - Run finished | Phase: phase2 | Fold: 1 | Seed: 42 | Elapsed: 123.94s
