2026-08-22 06:09:21 - INFO - Using device: cuda
2026-08-22 06:09:21 - INFO - Run started | Run: fam1_codebert | Method: transfer_latent_proto | Phase: phase2 | Fold: 2 | Seed: 42 | Device: cuda
2026-08-22 06:09:21 - INFO - Loading Python training data: data/sven_python_folds_norm/fold2/train.jsonl
2026-08-22 06:09:21 - INFO - Loading Python validation data: data/sven_python_folds_norm/fold2/val.jsonl
2026-08-22 06:09:21 - INFO - Data split: python_train | Total: 456 | Labels: {0: 226, 1: 230} | CWEs: {'CWE-022': 43, 'CWE-078': 124, 'CWE-079': 43, 'CWE-089': 246} | Languages: {'python': 456} | Invalid CWE: 0
2026-08-22 06:09:21 - INFO - Data split: python_val | Total: 152 | Labels: {0: 80, 1: 72} | CWEs: {'CWE-022': 15, 'CWE-078': 38, 'CWE-079': 20, 'CWE-089': 79} | Languages: {'python': 152} | Invalid CWE: 0
2026-08-22 06:09:23 - INFO - Auxiliary head width taken from checkpoint: 4
2026-08-22 06:09:26 - INFO - Loaded source checkpoint: model/fam1_codebert/transfer_latent_proto/seed_42/source/best.pt | Best epoch: 3 | Best Val Macro-F1: 0.534647
2026-08-22 06:09:26 - INFO - RecAdam schedule | Total steps: 870 | Steps/epoch: 29 | Anneal t0: 43 | Weights: {1: 0.10909682119561293, 29: 0.3318122278318339, 43: 0.5, 870: 1.0}
2026-08-22 06:09:26 - INFO - Environment: {"components": {"backbone": {"frozen": 0, "total": 124645632, "trainable": 124645632}, "latent_proj": {"frozen": 596744, "total": 596744, "trainable": 0}, "vul_head": {"frozen": 0, "total": 1538, "trainable": 1538}}, "cuda": "12.8", "fold": 2, "frozen_parameters": 596744, "gpu": "NVIDIA GeForce RTX 5060 Ti", "hyperparameters": {"anneal_fun": "sigmoid", "anneal_k": 0.05, "anneal_t0_ratio": 0.05, "anneal_w": 1.0, "aux_mode": "latent_proto", "batch_size": 16, "checkpoint_path": "model/fam1_codebert/transfer_latent_proto/seed_42/fold2/best.pt", "cwe_vocab": "fixed4", "data_path": "data/train_ccpp_filtered.jsonl", "data_root": "data/sven_python_folds_norm", "epochs": 30, "eval_batch_size": 16, "fold": 2, "freeze_backbone_layers": 0, "freeze_prototypes_steps": 0, "lambda_cwe": 0.2, "latent_temperature": 0.1, "learning_rate": 2e-05, "lora_rank": 0, "lp_epochs": 0, "lp_learning_rate": 0.001, "max_eval_samples": null, "max_grad_norm": 1.0, "max_length": 512, "max_train_samples": null, "method_name": "transfer_latent_proto", "min_epochs": 3, "model_name": "microsoft/codebert-base", "num_cwes": 4, "num_latent": 8, "num_workers": 0, "output_dir": "results/fam1_codebert/transfer_latent_proto", "patience": 5, "phase": "phase2", "phase2_optimizer": "recadam", "pooling": "cls", "pretrain_cof": 5000.0, "recadam_anchor": "source", "result_path": "results/fam1_codebert/transfer_latent_proto/seed_42/fold2.json", "run_name": "fam1_codebert", "seed": 42, "selection_metric": "macro_f1", "source_checkpoint": "model/fam1_codebert/transfer_latent_proto/seed_42/source/best.pt", "source_interpolation": 1.0, "strict_determinism": false, "target_lang": "python", "test_path": null, "train_path": null, "truncation_strategy": "head_middle_tail", "val_path": null, "weight_decay": 0.01}, "mode": "phase2_train", "model_name": "microsoft/codebert-base", "seed": 42, "sklearn": "1.9.0", "torch": "2.11.0+cu128", "trainable_parameters": 124647170, "transformers": "4.57.1"}
2026-08-22 06:09:26 - INFO - Training started | Phase: phase2 | Epochs: 30
2026-08-22 06:09:27 - INFO - RecAdam first-step safety checks passed
2026-08-22 06:09:43 - INFO - Epoch 1/30 | Train loss: 0.697099 | Val loss: 0.694103 | LR: 2.00e-05 | Best epoch: 1 | Patience: 0 | Train: 14.74s | Validation: 1.60s | Epoch: 16.76s | Total: 16.76s
2026-08-22 06:09:43 - INFO - RecAdam target-task weight at epoch end: 0.331812
2026-08-22 06:09:43 - INFO - [Classification Report - split=train epoch=1 - threshold=0.50]
2026-08-22 06:09:43 - INFO -                 precision    recall  f1-score   support
2026-08-22 06:09:43 - INFO - 
2026-08-22 06:09:43 - INFO -       safe (0)     0.5354    0.4690    0.5000       226
2026-08-22 06:09:43 - INFO - vulnerable (1)     0.5349    0.6000    0.5656       230
2026-08-22 06:09:43 - INFO - 
2026-08-22 06:09:43 - INFO -       accuracy                         0.5351       456
2026-08-22 06:09:43 - INFO -      macro avg     0.5351    0.5345    0.5328       456
2026-08-22 06:09:43 - INFO -   weighted avg     0.5351    0.5351    0.5331       456
2026-08-22 06:09:43 - INFO - Confusion matrix - [[tn=106, fp=120], [fn=92, tp=138]]
2026-08-22 06:09:43 - INFO - probability_positive min=0.3440 mean=0.5100 std=0.0558 max=0.7538 predicted_0=198 predicted_1=258
2026-08-22 06:09:43 - INFO - [Classification Report - split=validation epoch=1 - threshold=0.50]
2026-08-22 06:09:43 - INFO -                 precision    recall  f1-score   support
2026-08-22 06:09:43 - INFO - 
2026-08-22 06:09:43 - INFO -       safe (0)     0.5345    0.3875    0.4493        80
2026-08-22 06:09:43 - INFO - vulnerable (1)     0.4787    0.6250    0.5422        72
2026-08-22 06:09:43 - INFO - 
2026-08-22 06:09:43 - INFO -       accuracy                         0.5000       152
2026-08-22 06:09:43 - INFO -      macro avg     0.5066    0.5062    0.4957       152
2026-08-22 06:09:43 - INFO -   weighted avg     0.5081    0.5000    0.4933       152
2026-08-22 06:09:43 - INFO - Confusion matrix - [[tn=31, fp=49], [fn=27, tp=45]]
2026-08-22 06:09:43 - INFO - probability_positive min=0.4691 mean=0.5068 std=0.0152 max=0.5323 predicted_0=58 predicted_1=94
2026-08-22 06:09:43 - INFO - New best model | Macro-F1: 0.495722 | Epoch: 1
2026-08-22 06:09:59 - INFO - Epoch 2/30 | Train loss: 0.696271 | Val loss: 0.694479 | LR: 2.00e-05 | Best epoch: 2 | Patience: 0 | Train: 14.34s | Validation: 1.61s | Epoch: 16.68s | Total: 33.46s
2026-08-22 06:09:59 - INFO - RecAdam target-task weight at epoch end: 0.679179
2026-08-22 06:09:59 - INFO - [Classification Report - split=train epoch=2 - threshold=0.50]
2026-08-22 06:09:59 - INFO -                 precision    recall  f1-score   support
2026-08-22 06:09:59 - INFO - 
2026-08-22 06:09:59 - INFO -       safe (0)     0.5182    0.6283    0.5680       226
2026-08-22 06:09:59 - INFO - vulnerable (1)     0.5385    0.4261    0.4757       230
2026-08-22 06:09:59 - INFO - 
2026-08-22 06:09:59 - INFO -       accuracy                         0.5263       456
2026-08-22 06:09:59 - INFO -      macro avg     0.5284    0.5272    0.5219       456
2026-08-22 06:09:59 - INFO -   weighted avg     0.5284    0.5263    0.5215       456
2026-08-22 06:09:59 - INFO - Confusion matrix - [[tn=142, fp=84], [fn=132, tp=98]]
2026-08-22 06:09:59 - INFO - probability_positive min=0.3167 mean=0.4881 std=0.0555 max=0.6728 predicted_0=274 predicted_1=182
2026-08-22 06:09:59 - INFO - [Classification Report - split=validation epoch=2 - threshold=0.50]
2026-08-22 06:09:59 - INFO -                 precision    recall  f1-score   support
2026-08-22 06:09:59 - INFO - 
2026-08-22 06:09:59 - INFO -       safe (0)     0.5385    0.4375    0.4828        80
2026-08-22 06:09:59 - INFO - vulnerable (1)     0.4828    0.5833    0.5283        72
2026-08-22 06:09:59 - INFO - 
2026-08-22 06:09:59 - INFO -       accuracy                         0.5066       152
2026-08-22 06:09:59 - INFO -      macro avg     0.5106    0.5104    0.5055       152
2026-08-22 06:09:59 - INFO -   weighted avg     0.5121    0.5066    0.5043       152
2026-08-22 06:09:59 - INFO - Confusion matrix - [[tn=35, fp=45], [fn=30, tp=42]]
2026-08-22 06:09:59 - INFO - probability_positive min=0.4589 mean=0.5056 std=0.0212 max=0.5440 predicted_0=65 predicted_1=87
2026-08-22 06:09:59 - INFO - New best model | Macro-F1: 0.505530 | Epoch: 2
2026-08-22 06:10:15 - INFO - Epoch 3/30 | Train loss: 0.692233 | Val loss: 0.683758 | LR: 2.00e-05 | Best epoch: 2 | Patience: 1 | Train: 14.34s | Validation: 1.60s | Epoch: 15.94s | Total: 49.43s
2026-08-22 06:10:15 - INFO - RecAdam target-task weight at epoch end: 0.900250
2026-08-22 06:10:15 - INFO - [Classification Report - split=train epoch=3 - threshold=0.50]
2026-08-22 06:10:15 - INFO -                 precision    recall  f1-score   support
2026-08-22 06:10:15 - INFO - 
2026-08-22 06:10:15 - INFO -       safe (0)     0.5355    0.5000    0.5172       226
2026-08-22 06:10:15 - INFO - vulnerable (1)     0.5388    0.5739    0.5558       230
2026-08-22 06:10:15 - INFO - 
2026-08-22 06:10:15 - INFO -       accuracy                         0.5373       456
2026-08-22 06:10:15 - INFO -      macro avg     0.5372    0.5370    0.5365       456
2026-08-22 06:10:15 - INFO -   weighted avg     0.5372    0.5373    0.5366       456
2026-08-22 06:10:15 - INFO - Confusion matrix - [[tn=113, fp=113], [fn=98, tp=132]]
2026-08-22 06:10:15 - INFO - probability_positive min=0.2967 mean=0.5074 std=0.0723 max=0.7806 predicted_0=211 predicted_1=245
2026-08-22 06:10:15 - INFO - [Classification Report - split=validation epoch=3 - threshold=0.50]
2026-08-22 06:10:15 - INFO -                 precision    recall  f1-score   support
2026-08-22 06:10:15 - INFO - 
2026-08-22 06:10:15 - INFO -       safe (0)     0.5528    0.8500    0.6700        80
2026-08-22 06:10:15 - INFO - vulnerable (1)     0.5862    0.2361    0.3366        72
2026-08-22 06:10:15 - INFO - 
2026-08-22 06:10:15 - INFO -       accuracy                         0.5592       152
2026-08-22 06:10:15 - INFO -      macro avg     0.5695    0.5431    0.5033       152
2026-08-22 06:10:15 - INFO -   weighted avg     0.5686    0.5592    0.5121       152
2026-08-22 06:10:15 - INFO - Confusion matrix - [[tn=68, fp=12], [fn=55, tp=17]]
2026-08-22 06:10:15 - INFO - probability_positive min=0.3408 mean=0.4498 std=0.0468 max=0.5464 predicted_0=123 predicted_1=29
2026-08-22 06:10:32 - INFO - Epoch 4/30 | Train loss: 0.653486 | Val loss: 0.668190 | LR: 2.00e-05 | Best epoch: 4 | Patience: 0 | Train: 14.33s | Validation: 1.60s | Epoch: 16.65s | Total: 66.09s
2026-08-22 06:10:32 - INFO - RecAdam target-task weight at epoch end: 0.974667
2026-08-22 06:10:32 - INFO - [Classification Report - split=train epoch=4 - threshold=0.50]
2026-08-22 06:10:32 - INFO -                 precision    recall  f1-score   support
2026-08-22 06:10:32 - INFO - 
2026-08-22 06:10:32 - INFO -       safe (0)     0.5809    0.6195    0.5996       226
2026-08-22 06:10:32 - INFO - vulnerable (1)     0.6000    0.5609    0.5798       230
2026-08-22 06:10:32 - INFO - 
2026-08-22 06:10:32 - INFO -       accuracy                         0.5899       456
2026-08-22 06:10:32 - INFO -      macro avg     0.5905    0.5902    0.5897       456
2026-08-22 06:10:32 - INFO -   weighted avg     0.5905    0.5899    0.5896       456
2026-08-22 06:10:32 - INFO - Confusion matrix - [[tn=140, fp=86], [fn=101, tp=129]]
2026-08-22 06:10:32 - INFO - probability_positive min=0.1316 mean=0.4979 std=0.1198 max=0.7926 predicted_0=241 predicted_1=215
2026-08-22 06:10:32 - INFO - [Classification Report - split=validation epoch=4 - threshold=0.50]
2026-08-22 06:10:32 - INFO -                 precision    recall  f1-score   support
2026-08-22 06:10:32 - INFO - 
2026-08-22 06:10:32 - INFO -       safe (0)     0.6833    0.5125    0.5857        80
2026-08-22 06:10:32 - INFO - vulnerable (1)     0.5761    0.7361    0.6463        72
2026-08-22 06:10:32 - INFO - 
2026-08-22 06:10:32 - INFO -       accuracy                         0.6184       152
2026-08-22 06:10:32 - INFO -      macro avg     0.6297    0.6243    0.6160       152
2026-08-22 06:10:32 - INFO -   weighted avg     0.6325    0.6184    0.6144       152
2026-08-22 06:10:32 - INFO - Confusion matrix - [[tn=41, fp=39], [fn=19, tp=53]]
2026-08-22 06:10:32 - INFO - probability_positive min=0.1091 mean=0.5354 std=0.2046 max=0.7941 predicted_0=60 predicted_1=92
2026-08-22 06:10:32 - INFO - New best model | Macro-F1: 0.616028 | Epoch: 4
2026-08-22 06:10:49 - INFO - Epoch 5/30 | Train loss: 0.562126 | Val loss: 0.690782 | LR: 2.00e-05 | Best epoch: 5 | Patience: 0 | Train: 14.35s | Validation: 1.61s | Epoch: 16.70s | Total: 82.82s
2026-08-22 06:10:49 - INFO - RecAdam target-task weight at epoch end: 0.993940
2026-08-22 06:10:49 - INFO - [Classification Report - split=train epoch=5 - threshold=0.50]
2026-08-22 06:10:49 - INFO -                 precision    recall  f1-score   support
2026-08-22 06:10:49 - INFO - 
2026-08-22 06:10:49 - INFO -       safe (0)     0.7078    0.6858    0.6966       226
2026-08-22 06:10:49 - INFO - vulnerable (1)     0.7004    0.7217    0.7109       230
2026-08-22 06:10:49 - INFO - 
2026-08-22 06:10:49 - INFO -       accuracy                         0.7039       456
2026-08-22 06:10:49 - INFO -      macro avg     0.7041    0.7038    0.7038       456
2026-08-22 06:10:49 - INFO -   weighted avg     0.7041    0.7039    0.7038       456
2026-08-22 06:10:49 - INFO - Confusion matrix - [[tn=155, fp=71], [fn=64, tp=166]]
2026-08-22 06:10:49 - INFO - probability_positive min=0.0372 mean=0.4971 std=0.2554 max=0.9488 predicted_0=219 predicted_1=237
2026-08-22 06:10:49 - INFO - [Classification Report - split=validation epoch=5 - threshold=0.50]
2026-08-22 06:10:49 - INFO -                 precision    recall  f1-score   support
2026-08-22 06:10:49 - INFO - 
2026-08-22 06:10:49 - INFO -       safe (0)     0.6374    0.7250    0.6784        80
2026-08-22 06:10:49 - INFO - vulnerable (1)     0.6393    0.5417    0.5865        72
2026-08-22 06:10:49 - INFO - 
2026-08-22 06:10:49 - INFO -       accuracy                         0.6382       152
2026-08-22 06:10:49 - INFO -      macro avg     0.6384    0.6333    0.6324       152
2026-08-22 06:10:49 - INFO -   weighted avg     0.6383    0.6382    0.6348       152
2026-08-22 06:10:49 - INFO - Confusion matrix - [[tn=58, fp=22], [fn=33, tp=39]]
2026-08-22 06:10:49 - INFO - probability_positive min=0.0255 mean=0.4189 std=0.2958 max=0.9166 predicted_0=91 predicted_1=61
2026-08-22 06:10:49 - INFO - New best model | Macro-F1: 0.632414 | Epoch: 5
2026-08-22 06:11:05 - INFO - Epoch 6/30 | Train loss: 0.439093 | Val loss: 0.662116 | LR: 2.00e-05 | Best epoch: 6 | Patience: 0 | Train: 14.35s | Validation: 1.61s | Epoch: 16.38s | Total: 99.23s
2026-08-22 06:11:05 - INFO - RecAdam target-task weight at epoch end: 0.998572
2026-08-22 06:11:05 - INFO - [Classification Report - split=train epoch=6 - threshold=0.50]
2026-08-22 06:11:05 - INFO -                 precision    recall  f1-score   support
2026-08-22 06:11:05 - INFO - 
2026-08-22 06:11:05 - INFO -       safe (0)     0.8000    0.7788    0.7892       226
2026-08-22 06:11:05 - INFO - vulnerable (1)     0.7881    0.8087    0.7983       230
2026-08-22 06:11:05 - INFO - 
2026-08-22 06:11:05 - INFO -       accuracy                         0.7939       456
2026-08-22 06:11:05 - INFO -      macro avg     0.7941    0.7937    0.7938       456
2026-08-22 06:11:05 - INFO -   weighted avg     0.7940    0.7939    0.7938       456
2026-08-22 06:11:05 - INFO - Confusion matrix - [[tn=176, fp=50], [fn=44, tp=186]]
2026-08-22 06:11:05 - INFO - probability_positive min=0.0190 mean=0.4921 std=0.3242 max=0.9725 predicted_0=220 predicted_1=236
2026-08-22 06:11:05 - INFO - [Classification Report - split=validation epoch=6 - threshold=0.50]
2026-08-22 06:11:05 - INFO -                 precision    recall  f1-score   support
2026-08-22 06:11:05 - INFO - 
2026-08-22 06:11:05 - INFO -       safe (0)     0.7606    0.6750    0.7152        80
2026-08-22 06:11:05 - INFO - vulnerable (1)     0.6790    0.7639    0.7190        72
2026-08-22 06:11:05 - INFO - 
2026-08-22 06:11:05 - INFO -       accuracy                         0.7171       152
2026-08-22 06:11:05 - INFO -      macro avg     0.7198    0.7194    0.7171       152
2026-08-22 06:11:05 - INFO -   weighted avg     0.7219    0.7171    0.7170       152
2026-08-22 06:11:05 - INFO - Confusion matrix - [[tn=54, fp=26], [fn=17, tp=55]]
2026-08-22 06:11:05 - INFO - probability_positive min=0.0140 mean=0.5065 std=0.3693 max=0.9688 predicted_0=71 predicted_1=81
2026-08-22 06:11:05 - INFO - New best model | Macro-F1: 0.717093 | Epoch: 6
2026-08-22 06:11:22 - INFO - Epoch 7/30 | Train loss: 0.346882 | Val loss: 0.744299 | LR: 2.00e-05 | Best epoch: 7 | Patience: 0 | Train: 14.34s | Validation: 1.61s | Epoch: 16.65s | Total: 115.90s
2026-08-22 06:11:22 - INFO - RecAdam target-task weight at epoch end: 0.999665
2026-08-22 06:11:22 - INFO - [Classification Report - split=train epoch=7 - threshold=0.50]
2026-08-22 06:11:22 - INFO -                 precision    recall  f1-score   support
2026-08-22 06:11:22 - INFO - 
2026-08-22 06:11:22 - INFO -       safe (0)     0.8853    0.8540    0.8694       226
2026-08-22 06:11:22 - INFO - vulnerable (1)     0.8613    0.8913    0.8761       230
2026-08-22 06:11:22 - INFO - 
2026-08-22 06:11:22 - INFO -       accuracy                         0.8728       456
2026-08-22 06:11:22 - INFO -      macro avg     0.8733    0.8726    0.8727       456
2026-08-22 06:11:22 - INFO -   weighted avg     0.8732    0.8728    0.8727       456
2026-08-22 06:11:22 - INFO - Confusion matrix - [[tn=193, fp=33], [fn=25, tp=205]]
2026-08-22 06:11:22 - INFO - probability_positive min=0.0070 mean=0.5076 std=0.3919 max=0.9858 predicted_0=218 predicted_1=238
2026-08-22 06:11:22 - INFO - [Classification Report - split=validation epoch=7 - threshold=0.50]
2026-08-22 06:11:22 - INFO -                 precision    recall  f1-score   support
2026-08-22 06:11:22 - INFO - 
2026-08-22 06:11:22 - INFO -       safe (0)     0.7439    0.7625    0.7531        80
2026-08-22 06:11:22 - INFO - vulnerable (1)     0.7286    0.7083    0.7183        72
2026-08-22 06:11:22 - INFO - 
2026-08-22 06:11:22 - INFO -       accuracy                         0.7368       152
2026-08-22 06:11:22 - INFO -      macro avg     0.7362    0.7354    0.7357       152
2026-08-22 06:11:22 - INFO -   weighted avg     0.7366    0.7368    0.7366       152
2026-08-22 06:11:22 - INFO - Confusion matrix - [[tn=61, fp=19], [fn=21, tp=51]]
2026-08-22 06:11:22 - INFO - probability_positive min=0.0059 mean=0.4700 std=0.4147 max=0.9822 predicted_0=82 predicted_1=70
2026-08-22 06:11:22 - INFO - New best model | Macro-F1: 0.735698 | Epoch: 7
2026-08-22 06:11:38 - INFO - Epoch 8/30 | Train loss: 0.262042 | Val loss: 0.753445 | LR: 2.00e-05 | Best epoch: 7 | Patience: 1 | Train: 14.36s | Validation: 1.61s | Epoch: 15.97s | Total: 131.90s
2026-08-22 06:11:38 - INFO - RecAdam target-task weight at epoch end: 0.999921
2026-08-22 06:11:38 - INFO - [Classification Report - split=train epoch=8 - threshold=0.50]
2026-08-22 06:11:38 - INFO -                 precision    recall  f1-score   support
2026-08-22 06:11:38 - INFO - 
2026-08-22 06:11:38 - INFO -       safe (0)     0.9054    0.8894    0.8973       226
2026-08-22 06:11:38 - INFO - vulnerable (1)     0.8932    0.9087    0.9009       230
2026-08-22 06:11:38 - INFO - 
2026-08-22 06:11:38 - INFO -       accuracy                         0.8991       456
2026-08-22 06:11:38 - INFO -      macro avg     0.8993    0.8990    0.8991       456
2026-08-22 06:11:38 - INFO -   weighted avg     0.8992    0.8991    0.8991       456
2026-08-22 06:11:38 - INFO - Confusion matrix - [[tn=201, fp=25], [fn=21, tp=209]]
2026-08-22 06:11:38 - INFO - probability_positive min=0.0029 mean=0.5066 std=0.4180 max=0.9910 predicted_0=222 predicted_1=234
2026-08-22 06:11:38 - INFO - [Classification Report - split=validation epoch=8 - threshold=0.50]
2026-08-22 06:11:38 - INFO -                 precision    recall  f1-score   support
2026-08-22 06:11:38 - INFO - 
2026-08-22 06:11:38 - INFO -       safe (0)     0.7159    0.7875    0.7500        80
2026-08-22 06:11:38 - INFO - vulnerable (1)     0.7344    0.6528    0.6912        72
2026-08-22 06:11:38 - INFO - 
2026-08-22 06:11:38 - INFO -       accuracy                         0.7237       152
2026-08-22 06:11:38 - INFO -      macro avg     0.7251    0.7201    0.7206       152
2026-08-22 06:11:38 - INFO -   weighted avg     0.7247    0.7237    0.7221       152
2026-08-22 06:11:38 - INFO - Confusion matrix - [[tn=63, fp=17], [fn=25, tp=47]]
2026-08-22 06:11:38 - INFO - probability_positive min=0.0030 mean=0.4364 std=0.4216 max=0.9916 predicted_0=88 predicted_1=64
2026-08-22 06:11:54 - INFO - Epoch 9/30 | Train loss: 0.198341 | Val loss: 1.008475 | LR: 2.00e-05 | Best epoch: 7 | Patience: 2 | Train: 14.36s | Validation: 1.61s | Epoch: 15.97s | Total: 147.88s
2026-08-22 06:11:54 - INFO - RecAdam target-task weight at epoch end: 0.999982
2026-08-22 06:11:54 - INFO - [Classification Report - split=train epoch=9 - threshold=0.50]
2026-08-22 06:11:54 - INFO -                 precision    recall  f1-score   support
2026-08-22 06:11:54 - INFO - 
2026-08-22 06:11:54 - INFO -       safe (0)     0.9355    0.8982    0.9165       226
2026-08-22 06:11:54 - INFO - vulnerable (1)     0.9038    0.9391    0.9211       230
2026-08-22 06:11:54 - INFO - 
2026-08-22 06:11:54 - INFO -       accuracy                         0.9189       456
2026-08-22 06:11:54 - INFO -      macro avg     0.9196    0.9187    0.9188       456
2026-08-22 06:11:54 - INFO -   weighted avg     0.9195    0.9189    0.9188       456
2026-08-22 06:11:54 - INFO - Confusion matrix - [[tn=203, fp=23], [fn=14, tp=216]]
2026-08-22 06:11:54 - INFO - probability_positive min=0.0021 mean=0.5139 std=0.4388 max=0.9969 predicted_0=217 predicted_1=239
2026-08-22 06:11:54 - INFO - [Classification Report - split=validation epoch=9 - threshold=0.50]
2026-08-22 06:11:54 - INFO -                 precision    recall  f1-score   support
2026-08-22 06:11:54 - INFO - 
2026-08-22 06:11:54 - INFO -       safe (0)     0.7241    0.7875    0.7545        80
2026-08-22 06:11:54 - INFO - vulnerable (1)     0.7385    0.6667    0.7007        72
2026-08-22 06:11:54 - INFO - 
2026-08-22 06:11:54 - INFO -       accuracy                         0.7303       152
2026-08-22 06:11:54 - INFO -      macro avg     0.7313    0.7271    0.7276       152
2026-08-22 06:11:54 - INFO -   weighted avg     0.7309    0.7303    0.7290       152
2026-08-22 06:11:54 - INFO - Confusion matrix - [[tn=63, fp=17], [fn=24, tp=48]]
2026-08-22 06:11:54 - INFO - probability_positive min=0.0016 mean=0.4145 std=0.4477 max=0.9975 predicted_0=87 predicted_1=65
2026-08-22 06:12:10 - INFO - Epoch 10/30 | Train loss: 0.250521 | Val loss: 0.840308 | LR: 2.00e-05 | Best epoch: 7 | Patience: 3 | Train: 14.35s | Validation: 1.60s | Epoch: 15.96s | Total: 163.85s
2026-08-22 06:12:10 - INFO - RecAdam target-task weight at epoch end: 0.999996
2026-08-22 06:12:10 - INFO - [Classification Report - split=train epoch=10 - threshold=0.50]
2026-08-22 06:12:10 - INFO -                 precision    recall  f1-score   support
2026-08-22 06:12:10 - INFO - 
2026-08-22 06:12:10 - INFO -       safe (0)     0.9022    0.8982    0.9002       226
2026-08-22 06:12:10 - INFO - vulnerable (1)     0.9004    0.9043    0.9024       230
2026-08-22 06:12:10 - INFO - 
2026-08-22 06:12:10 - INFO -       accuracy                         0.9013       456
2026-08-22 06:12:10 - INFO -      macro avg     0.9013    0.9013    0.9013       456
2026-08-22 06:12:10 - INFO -   weighted avg     0.9013    0.9013    0.9013       456
2026-08-22 06:12:10 - INFO - Confusion matrix - [[tn=203, fp=23], [fn=22, tp=208]]
2026-08-22 06:12:10 - INFO - probability_positive min=0.0012 mean=0.4984 std=0.4567 max=0.9979 predicted_0=225 predicted_1=231
2026-08-22 06:12:10 - INFO - [Classification Report - split=validation epoch=10 - threshold=0.50]
2026-08-22 06:12:10 - INFO -                 precision    recall  f1-score   support
2026-08-22 06:12:10 - INFO - 
2026-08-22 06:12:10 - INFO -       safe (0)     0.7128    0.8375    0.7701        80
2026-08-22 06:12:10 - INFO - vulnerable (1)     0.7759    0.6250    0.6923        72
2026-08-22 06:12:10 - INFO - 
2026-08-22 06:12:10 - INFO -       accuracy                         0.7368       152
2026-08-22 06:12:10 - INFO -      macro avg     0.7443    0.7312    0.7312       152
2026-08-22 06:12:10 - INFO -   weighted avg     0.7427    0.7368    0.7333       152
2026-08-22 06:12:10 - INFO - Confusion matrix - [[tn=67, fp=13], [fn=27, tp=45]]
2026-08-22 06:12:10 - INFO - probability_positive min=0.0022 mean=0.4004 std=0.4362 max=0.9953 predicted_0=94 predicted_1=58
2026-08-22 06:12:27 - INFO - Epoch 11/30 | Train loss: 0.168901 | Val loss: 1.020863 | LR: 2.00e-05 | Best epoch: 11 | Patience: 0 | Train: 14.37s | Validation: 1.61s | Epoch: 16.83s | Total: 180.69s
2026-08-22 06:12:27 - INFO - RecAdam target-task weight at epoch end: 0.999999
2026-08-22 06:12:27 - INFO - [Classification Report - split=train epoch=11 - threshold=0.50]
2026-08-22 06:12:27 - INFO -                 precision    recall  f1-score   support
2026-08-22 06:12:27 - INFO - 
2026-08-22 06:12:27 - INFO -       safe (0)     0.9502    0.9292    0.9396       226
2026-08-22 06:12:27 - INFO - vulnerable (1)     0.9319    0.9522    0.9419       230
2026-08-22 06:12:27 - INFO - 
2026-08-22 06:12:27 - INFO -       accuracy                         0.9408       456
2026-08-22 06:12:27 - INFO -      macro avg     0.9411    0.9407    0.9408       456
2026-08-22 06:12:27 - INFO -   weighted avg     0.9410    0.9408    0.9408       456
2026-08-22 06:12:27 - INFO - Confusion matrix - [[tn=210, fp=16], [fn=11, tp=219]]
2026-08-22 06:12:27 - INFO - probability_positive min=0.0014 mean=0.5072 std=0.4582 max=0.9993 predicted_0=221 predicted_1=235
2026-08-22 06:12:27 - INFO - [Classification Report - split=validation epoch=11 - threshold=0.50]
2026-08-22 06:12:27 - INFO -                 precision    recall  f1-score   support
2026-08-22 06:12:27 - INFO - 
2026-08-22 06:12:27 - INFO -       safe (0)     0.7711    0.8000    0.7853        80
2026-08-22 06:12:27 - INFO - vulnerable (1)     0.7681    0.7361    0.7518        72
2026-08-22 06:12:27 - INFO - 
2026-08-22 06:12:27 - INFO -       accuracy                         0.7697       152
2026-08-22 06:12:27 - INFO -      macro avg     0.7696    0.7681    0.7685       152
2026-08-22 06:12:27 - INFO -   weighted avg     0.7697    0.7697    0.7694       152
2026-08-22 06:12:27 - INFO - Confusion matrix - [[tn=64, fp=16], [fn=19, tp=53]]
2026-08-22 06:12:27 - INFO - probability_positive min=0.0012 mean=0.4541 std=0.4633 max=0.9993 predicted_0=83 predicted_1=69
2026-08-22 06:12:27 - INFO - New best model | Macro-F1: 0.768525 | Epoch: 11
2026-08-22 06:12:43 - INFO - Epoch 12/30 | Train loss: 0.157125 | Val loss: 1.193463 | LR: 2.00e-05 | Best epoch: 11 | Patience: 1 | Train: 14.35s | Validation: 1.61s | Epoch: 15.96s | Total: 196.68s
2026-08-22 06:12:43 - INFO - RecAdam target-task weight at epoch end: 1.000000
2026-08-22 06:12:43 - INFO - [Classification Report - split=train epoch=12 - threshold=0.50]
2026-08-22 06:12:43 - INFO -                 precision    recall  f1-score   support
2026-08-22 06:12:43 - INFO - 
2026-08-22 06:12:43 - INFO -       safe (0)     0.9462    0.9336    0.9399       226
2026-08-22 06:12:43 - INFO - vulnerable (1)     0.9356    0.9478    0.9417       230
2026-08-22 06:12:43 - INFO - 
2026-08-22 06:12:43 - INFO -       accuracy                         0.9408       456
2026-08-22 06:12:43 - INFO -      macro avg     0.9409    0.9407    0.9408       456
2026-08-22 06:12:43 - INFO -   weighted avg     0.9409    0.9408    0.9408       456
2026-08-22 06:12:43 - INFO - Confusion matrix - [[tn=211, fp=15], [fn=12, tp=218]]
2026-08-22 06:12:43 - INFO - probability_positive min=0.0009 mean=0.5101 std=0.4761 max=0.9993 predicted_0=223 predicted_1=233
2026-08-22 06:12:43 - INFO - [Classification Report - split=validation epoch=12 - threshold=0.50]
2026-08-22 06:12:43 - INFO -                 precision    recall  f1-score   support
2026-08-22 06:12:43 - INFO - 
2026-08-22 06:12:43 - INFO -       safe (0)     0.7010    0.8500    0.7684        80
2026-08-22 06:12:43 - INFO - vulnerable (1)     0.7818    0.5972    0.6772        72
2026-08-22 06:12:43 - INFO - 
2026-08-22 06:12:43 - INFO -       accuracy                         0.7303       152
2026-08-22 06:12:43 - INFO -      macro avg     0.7414    0.7236    0.7228       152
2026-08-22 06:12:43 - INFO -   weighted avg     0.7393    0.7303    0.7252       152
2026-08-22 06:12:43 - INFO - Confusion matrix - [[tn=68, fp=12], [fn=29, tp=43]]
2026-08-22 06:12:43 - INFO - probability_positive min=0.0005 mean=0.3692 std=0.4496 max=0.9992 predicted_0=97 predicted_1=55
2026-08-22 06:12:59 - INFO - Epoch 13/30 | Train loss: 0.157826 | Val loss: 1.555993 | LR: 2.00e-05 | Best epoch: 11 | Patience: 2 | Train: 14.35s | Validation: 1.61s | Epoch: 15.95s | Total: 212.65s
2026-08-22 06:12:59 - INFO - RecAdam target-task weight at epoch end: 1.000000
2026-08-22 06:12:59 - INFO - [Classification Report - split=train epoch=13 - threshold=0.50]
2026-08-22 06:12:59 - INFO -                 precision    recall  f1-score   support
2026-08-22 06:12:59 - INFO - 
2026-08-22 06:12:59 - INFO -       safe (0)     0.9430    0.9513    0.9471       226
2026-08-22 06:12:59 - INFO - vulnerable (1)     0.9518    0.9435    0.9476       230
2026-08-22 06:12:59 - INFO - 
2026-08-22 06:12:59 - INFO -       accuracy                         0.9474       456
2026-08-22 06:12:59 - INFO -      macro avg     0.9474    0.9474    0.9474       456
2026-08-22 06:12:59 - INFO -   weighted avg     0.9474    0.9474    0.9474       456
2026-08-22 06:12:59 - INFO - Confusion matrix - [[tn=215, fp=11], [fn=13, tp=217]]
2026-08-22 06:12:59 - INFO - probability_positive min=0.0004 mean=0.5075 std=0.4831 max=0.9997 predicted_0=228 predicted_1=228
2026-08-22 06:12:59 - INFO - [Classification Report - split=validation epoch=13 - threshold=0.50]
2026-08-22 06:12:59 - INFO -                 precision    recall  f1-score   support
2026-08-22 06:12:59 - INFO - 
2026-08-22 06:12:59 - INFO -       safe (0)     0.7303    0.8125    0.7692        80
2026-08-22 06:12:59 - INFO - vulnerable (1)     0.7619    0.6667    0.7111        72
2026-08-22 06:12:59 - INFO - 
2026-08-22 06:12:59 - INFO -       accuracy                         0.7434       152
2026-08-22 06:12:59 - INFO -      macro avg     0.7461    0.7396    0.7402       152
2026-08-22 06:12:59 - INFO -   weighted avg     0.7453    0.7434    0.7417       152
2026-08-22 06:12:59 - INFO - Confusion matrix - [[tn=65, fp=15], [fn=24, tp=48]]
2026-08-22 06:12:59 - INFO - probability_positive min=0.0003 mean=0.4092 std=0.4807 max=0.9996 predicted_0=89 predicted_1=63
2026-08-22 06:13:15 - INFO - Epoch 14/30 | Train loss: 0.148069 | Val loss: 1.246312 | LR: 2.00e-05 | Best epoch: 11 | Patience: 3 | Train: 14.35s | Validation: 1.61s | Epoch: 15.96s | Total: 228.63s
2026-08-22 06:13:15 - INFO - RecAdam target-task weight at epoch end: 1.000000
2026-08-22 06:13:15 - INFO - [Classification Report - split=train epoch=14 - threshold=0.50]
2026-08-22 06:13:15 - INFO -                 precision    recall  f1-score   support
2026-08-22 06:13:15 - INFO - 
2026-08-22 06:13:15 - INFO -       safe (0)     0.9509    0.9425    0.9467       226
2026-08-22 06:13:15 - INFO - vulnerable (1)     0.9440    0.9522    0.9481       230
2026-08-22 06:13:15 - INFO - 
2026-08-22 06:13:15 - INFO -       accuracy                         0.9474       456
2026-08-22 06:13:15 - INFO -      macro avg     0.9474    0.9473    0.9474       456
2026-08-22 06:13:15 - INFO -   weighted avg     0.9474    0.9474    0.9474       456
2026-08-22 06:13:15 - INFO - Confusion matrix - [[tn=213, fp=13], [fn=11, tp=219]]
2026-08-22 06:13:15 - INFO - probability_positive min=0.0003 mean=0.5069 std=0.4823 max=0.9996 predicted_0=224 predicted_1=232
2026-08-22 06:13:15 - INFO - [Classification Report - split=validation epoch=14 - threshold=0.50]
2026-08-22 06:13:15 - INFO -                 precision    recall  f1-score   support
2026-08-22 06:13:15 - INFO - 
2026-08-22 06:13:15 - INFO -       safe (0)     0.7625    0.7625    0.7625        80
2026-08-22 06:13:15 - INFO - vulnerable (1)     0.7361    0.7361    0.7361        72
2026-08-22 06:13:15 - INFO - 
2026-08-22 06:13:15 - INFO -       accuracy                         0.7500       152
2026-08-22 06:13:15 - INFO -      macro avg     0.7493    0.7493    0.7493       152
2026-08-22 06:13:15 - INFO -   weighted avg     0.7500    0.7500    0.7500       152
2026-08-22 06:13:15 - INFO - Confusion matrix - [[tn=61, fp=19], [fn=19, tp=53]]
2026-08-22 06:13:15 - INFO - probability_positive min=0.0004 mean=0.4779 std=0.4679 max=0.9997 predicted_0=80 predicted_1=72
2026-08-22 06:13:30 - INFO - Epoch 15/30 | Train loss: 0.094391 | Val loss: 1.503592 | LR: 2.00e-05 | Best epoch: 11 | Patience: 4 | Train: 14.35s | Validation: 1.61s | Epoch: 15.96s | Total: 244.60s
2026-08-22 06:13:30 - INFO - RecAdam target-task weight at epoch end: 1.000000
2026-08-22 06:13:30 - INFO - [Classification Report - split=train epoch=15 - threshold=0.50]
2026-08-22 06:13:30 - INFO -                 precision    recall  f1-score   support
2026-08-22 06:13:30 - INFO - 
2026-08-22 06:13:30 - INFO -       safe (0)     0.9776    0.9646    0.9710       226
2026-08-22 06:13:30 - INFO - vulnerable (1)     0.9657    0.9783    0.9719       230
2026-08-22 06:13:30 - INFO - 
2026-08-22 06:13:30 - INFO -       accuracy                         0.9715       456
2026-08-22 06:13:30 - INFO -      macro avg     0.9716    0.9714    0.9715       456
2026-08-22 06:13:30 - INFO -   weighted avg     0.9716    0.9715    0.9715       456
2026-08-22 06:13:30 - INFO - Confusion matrix - [[tn=218, fp=8], [fn=5, tp=225]]
2026-08-22 06:13:30 - INFO - probability_positive min=0.0003 mean=0.5095 std=0.4839 max=0.9997 predicted_0=223 predicted_1=233
2026-08-22 06:13:30 - INFO - [Classification Report - split=validation epoch=15 - threshold=0.50]
2026-08-22 06:13:30 - INFO -                 precision    recall  f1-score   support
2026-08-22 06:13:30 - INFO - 
2026-08-22 06:13:30 - INFO -       safe (0)     0.7407    0.7500    0.7453        80
2026-08-22 06:13:30 - INFO - vulnerable (1)     0.7183    0.7083    0.7133        72
2026-08-22 06:13:30 - INFO - 
2026-08-22 06:13:30 - INFO -       accuracy                         0.7303       152
2026-08-22 06:13:30 - INFO -      macro avg     0.7295    0.7292    0.7293       152
2026-08-22 06:13:30 - INFO -   weighted avg     0.7301    0.7303    0.7302       152
2026-08-22 06:13:30 - INFO - Confusion matrix - [[tn=60, fp=20], [fn=21, tp=51]]
2026-08-22 06:13:30 - INFO - probability_positive min=0.0002 mean=0.4680 std=0.4732 max=0.9997 predicted_0=81 predicted_1=71
2026-08-22 06:13:46 - INFO - Epoch 16/30 | Train loss: 0.195800 | Val loss: 1.724660 | LR: 2.00e-05 | Best epoch: 11 | Patience: 5 | Train: 14.35s | Validation: 1.61s | Epoch: 15.96s | Total: 260.57s
2026-08-22 06:13:46 - INFO - RecAdam target-task weight at epoch end: 1.000000
2026-08-22 06:13:46 - INFO - [Classification Report - split=train epoch=16 - threshold=0.50]
2026-08-22 06:13:46 - INFO -                 precision    recall  f1-score   support
2026-08-22 06:13:46 - INFO - 
2026-08-22 06:13:46 - INFO -       safe (0)     0.9345    0.9469    0.9407       226
2026-08-22 06:13:46 - INFO - vulnerable (1)     0.9471    0.9348    0.9409       230
2026-08-22 06:13:46 - INFO - 
2026-08-22 06:13:46 - INFO -       accuracy                         0.9408       456
2026-08-22 06:13:46 - INFO -      macro avg     0.9408    0.9408    0.9408       456
2026-08-22 06:13:46 - INFO -   weighted avg     0.9409    0.9408    0.9408       456
2026-08-22 06:13:46 - INFO - Confusion matrix - [[tn=214, fp=12], [fn=15, tp=215]]
2026-08-22 06:13:46 - INFO - probability_positive min=0.0002 mean=0.4964 std=0.4879 max=0.9997 predicted_0=229 predicted_1=227
2026-08-22 06:13:46 - INFO - [Classification Report - split=validation epoch=16 - threshold=0.50]
2026-08-22 06:13:46 - INFO -                 precision    recall  f1-score   support
2026-08-22 06:13:46 - INFO - 
2026-08-22 06:13:46 - INFO -       safe (0)     0.7681    0.6625    0.7114        80
2026-08-22 06:13:46 - INFO - vulnerable (1)     0.6747    0.7778    0.7226        72
2026-08-22 06:13:46 - INFO - 
2026-08-22 06:13:46 - INFO -       accuracy                         0.7171       152
2026-08-22 06:13:46 - INFO -      macro avg     0.7214    0.7201    0.7170       152
2026-08-22 06:13:46 - INFO -   weighted avg     0.7239    0.7171    0.7167       152
2026-08-22 06:13:46 - INFO - Confusion matrix - [[tn=53, fp=27], [fn=16, tp=56]]
2026-08-22 06:13:46 - INFO - probability_positive min=0.0002 mean=0.5497 std=0.4866 max=0.9997 predicted_0=69 predicted_1=83
2026-08-22 06:13:46 - INFO - Early stopping | Epoch: 16 | Best epoch: 11
2026-08-22 06:13:46 - INFO - Best checkpoint saved | Path: model/fam1_codebert/transfer_latent_proto/seed_42/fold2/best.pt | Epoch: 11 | Val macro_f1: 0.768525
2026-08-22 06:13:46 - INFO - Training finished | Elapsed: 260.59s
2026-08-22 06:13:46 - INFO - Run finished | Phase: phase2 | Fold: 2 | Seed: 42 | Elapsed: 265.34s
