2026-08-22 04:33:43 - INFO - Using device: cuda
2026-08-22 04:33:43 - INFO - Run started | Run: fam1_unixcoder | Method: transfer_latent_proto | Phase: phase2 | Fold: 2 | Seed: 42 | Device: cuda
2026-08-22 04:33:43 - INFO - Loading Python training data: data/sven_python_folds_norm/fold2/train.jsonl
2026-08-22 04:33:43 - INFO - Loading Python validation data: data/sven_python_folds_norm/fold2/val.jsonl
2026-08-22 04:33:43 - INFO - Data split: python_train | Total: 456 | Labels: {0: 226, 1: 230} | CWEs: {'CWE-022': 43, 'CWE-078': 124, 'CWE-079': 43, 'CWE-089': 246} | Languages: {'python': 456} | Invalid CWE: 0
2026-08-22 04:33:43 - INFO - Data split: python_val | Total: 152 | Labels: {0: 80, 1: 72} | CWEs: {'CWE-022': 15, 'CWE-078': 38, 'CWE-079': 20, 'CWE-089': 79} | Languages: {'python': 152} | Invalid CWE: 0
2026-08-22 04:33:44 - INFO - Auxiliary head width taken from checkpoint: 4
2026-08-22 04:33:46 - INFO - Loaded source checkpoint: model/fam1_unixcoder/transfer_latent_proto/seed_42/source/best.pt | Best epoch: 13 | Best Val Macro-F1: 0.677838
2026-08-22 04:33:46 - INFO - RecAdam schedule | Total steps: 870 | Steps/epoch: 29 | Anneal t0: 43 | Weights: {1: 0.10909682119561293, 29: 0.3318122278318339, 43: 0.5, 870: 1.0}
2026-08-22 04:33:46 - INFO - Environment: {"components": {"backbone": {"frozen": 0, "total": 125929728, "trainable": 125929728}, "latent_proj": {"frozen": 596744, "total": 596744, "trainable": 0}, "vul_head": {"frozen": 0, "total": 1538, "trainable": 1538}}, "cuda": "12.8", "fold": 2, "frozen_parameters": 596744, "gpu": "NVIDIA GeForce RTX 5070 Ti", "hyperparameters": {"anneal_fun": "sigmoid", "anneal_k": 0.05, "anneal_t0_ratio": 0.05, "anneal_w": 1.0, "aux_mode": "latent_proto", "batch_size": 16, "checkpoint_path": "model/fam1_unixcoder/transfer_latent_proto/seed_42/fold2/best.pt", "cwe_vocab": "fixed4", "data_path": "data/train_ccpp_filtered.jsonl", "data_root": "data/sven_python_folds_norm", "epochs": 30, "eval_batch_size": 16, "fold": 2, "freeze_backbone_layers": 0, "freeze_prototypes_steps": 0, "lambda_cwe": 0.2, "latent_temperature": 0.1, "learning_rate": 2e-05, "lora_rank": 0, "lp_epochs": 0, "lp_learning_rate": 0.001, "max_eval_samples": null, "max_grad_norm": 1.0, "max_length": 512, "max_train_samples": null, "method_name": "transfer_latent_proto", "min_epochs": 3, "model_name": "microsoft/unixcoder-base", "num_cwes": 4, "num_latent": 8, "num_workers": 0, "output_dir": "results/fam1_unixcoder/transfer_latent_proto", "patience": 5, "phase": "phase2", "phase2_optimizer": "recadam", "pooling": "cls", "pretrain_cof": 5000.0, "recadam_anchor": "source", "result_path": "results/fam1_unixcoder/transfer_latent_proto/seed_42/fold2.json", "run_name": "fam1_unixcoder", "seed": 42, "selection_metric": "macro_f1", "source_checkpoint": "model/fam1_unixcoder/transfer_latent_proto/seed_42/source/best.pt", "source_interpolation": 1.0, "strict_determinism": false, "target_lang": "python", "test_path": null, "train_path": null, "truncation_strategy": "head_middle_tail", "val_path": null, "weight_decay": 0.01}, "mode": "phase2_train", "model_name": "microsoft/unixcoder-base", "seed": 42, "sklearn": "1.9.0", "torch": "2.11.0+cu128", "trainable_parameters": 125931266, "transformers": "4.57.1"}
2026-08-22 04:33:46 - INFO - Training started | Phase: phase2 | Epochs: 30
2026-08-22 04:33:46 - INFO - RecAdam first-step safety checks passed
2026-08-22 04:33:54 - INFO - Epoch 1/30 | Train loss: 0.825428 | Val loss: 0.703487 | LR: 2.00e-05 | Best epoch: 1 | Patience: 0 | Train: 7.38s | Validation: 0.80s | Epoch: 8.39s | Total: 8.39s
2026-08-22 04:33:54 - INFO - RecAdam target-task weight at epoch end: 0.331812
2026-08-22 04:33:54 - INFO - [Classification Report - split=train epoch=1 - threshold=0.50]
2026-08-22 04:33:54 - INFO -                 precision    recall  f1-score   support
2026-08-22 04:33:54 - INFO - 
2026-08-22 04:33:54 - INFO -       safe (0)     0.5984    0.3230    0.4195       226
2026-08-22 04:33:54 - INFO - vulnerable (1)     0.5419    0.7870    0.6418       230
2026-08-22 04:33:54 - INFO - 
2026-08-22 04:33:54 - INFO -       accuracy                         0.5570       456
2026-08-22 04:33:54 - INFO -      macro avg     0.5701    0.5550    0.5307       456
2026-08-22 04:33:54 - INFO -   weighted avg     0.5699    0.5570    0.5317       456
2026-08-22 04:33:54 - INFO - Confusion matrix - [[tn=73, fp=153], [fn=49, tp=181]]
2026-08-22 04:33:54 - INFO - probability_positive min=0.0005 mean=0.6384 std=0.2401 max=0.9907 predicted_0=122 predicted_1=334
2026-08-22 04:33:54 - INFO - [Classification Report - split=validation epoch=1 - threshold=0.50]
2026-08-22 04:33:54 - INFO -                 precision    recall  f1-score   support
2026-08-22 04:33:54 - INFO - 
2026-08-22 04:33:54 - INFO -       safe (0)     0.5843    0.6500    0.6154        80
2026-08-22 04:33:54 - INFO - vulnerable (1)     0.5556    0.4861    0.5185        72
2026-08-22 04:33:54 - INFO - 
2026-08-22 04:33:54 - INFO -       accuracy                         0.5724       152
2026-08-22 04:33:54 - INFO -      macro avg     0.5699    0.5681    0.5670       152
2026-08-22 04:33:54 - INFO -   weighted avg     0.5707    0.5724    0.5695       152
2026-08-22 04:33:54 - INFO - Confusion matrix - [[tn=52, fp=28], [fn=37, tp=35]]
2026-08-22 04:33:54 - INFO - probability_positive min=0.0017 mean=0.4696 std=0.2388 max=0.9494 predicted_0=89 predicted_1=63
2026-08-22 04:33:54 - INFO - New best model | Macro-F1: 0.566952 | Epoch: 1
2026-08-22 04:34:03 - INFO - Epoch 2/30 | Train loss: 0.667350 | Val loss: 0.639643 | LR: 2.00e-05 | Best epoch: 2 | Patience: 0 | Train: 7.18s | Validation: 0.80s | Epoch: 8.25s | Total: 16.64s
2026-08-22 04:34:03 - INFO - RecAdam target-task weight at epoch end: 0.679179
2026-08-22 04:34:03 - INFO - [Classification Report - split=train epoch=2 - threshold=0.50]
2026-08-22 04:34:03 - INFO -                 precision    recall  f1-score   support
2026-08-22 04:34:03 - INFO - 
2026-08-22 04:34:03 - INFO -       safe (0)     0.6296    0.6770    0.6525       226
2026-08-22 04:34:03 - INFO - vulnerable (1)     0.6573    0.6087    0.6321       230
2026-08-22 04:34:03 - INFO - 
2026-08-22 04:34:03 - INFO -       accuracy                         0.6425       456
2026-08-22 04:34:03 - INFO -      macro avg     0.6435    0.6428    0.6423       456
2026-08-22 04:34:03 - INFO -   weighted avg     0.6436    0.6425    0.6422       456
2026-08-22 04:34:03 - INFO - Confusion matrix - [[tn=153, fp=73], [fn=90, tp=140]]
2026-08-22 04:34:03 - INFO - probability_positive min=0.0002 mean=0.4979 std=0.2170 max=0.9609 predicted_0=243 predicted_1=213
2026-08-22 04:34:03 - INFO - [Classification Report - split=validation epoch=2 - threshold=0.50]
2026-08-22 04:34:03 - INFO -                 precision    recall  f1-score   support
2026-08-22 04:34:03 - INFO - 
2026-08-22 04:34:03 - INFO -       safe (0)     0.6709    0.6625    0.6667        80
2026-08-22 04:34:03 - INFO - vulnerable (1)     0.6301    0.6389    0.6345        72
2026-08-22 04:34:03 - INFO - 
2026-08-22 04:34:03 - INFO -       accuracy                         0.6513       152
2026-08-22 04:34:03 - INFO -      macro avg     0.6505    0.6507    0.6506       152
2026-08-22 04:34:03 - INFO -   weighted avg     0.6516    0.6513    0.6514       152
2026-08-22 04:34:03 - INFO - Confusion matrix - [[tn=53, fp=27], [fn=26, tp=46]]
2026-08-22 04:34:03 - INFO - probability_positive min=0.0075 mean=0.4993 std=0.2209 max=0.9421 predicted_0=79 predicted_1=73
2026-08-22 04:34:03 - INFO - New best model | Macro-F1: 0.650575 | Epoch: 2
2026-08-22 04:34:11 - INFO - Epoch 3/30 | Train loss: 0.502425 | Val loss: 0.479557 | LR: 2.00e-05 | Best epoch: 3 | Patience: 0 | Train: 7.17s | Validation: 0.80s | Epoch: 8.24s | Total: 24.89s
2026-08-22 04:34:11 - INFO - RecAdam target-task weight at epoch end: 0.900250
2026-08-22 04:34:11 - INFO - [Classification Report - split=train epoch=3 - threshold=0.50]
2026-08-22 04:34:11 - INFO -                 precision    recall  f1-score   support
2026-08-22 04:34:11 - INFO - 
2026-08-22 04:34:11 - INFO -       safe (0)     0.7830    0.7345    0.7580       226
2026-08-22 04:34:11 - INFO - vulnerable (1)     0.7541    0.8000    0.7764       230
2026-08-22 04:34:11 - INFO - 
2026-08-22 04:34:11 - INFO -       accuracy                         0.7675       456
2026-08-22 04:34:11 - INFO -      macro avg     0.7686    0.7673    0.7672       456
2026-08-22 04:34:11 - INFO -   weighted avg     0.7684    0.7675    0.7673       456
2026-08-22 04:34:11 - INFO - Confusion matrix - [[tn=166, fp=60], [fn=46, tp=184]]
2026-08-22 04:34:11 - INFO - probability_positive min=0.0003 mean=0.5042 std=0.2639 max=0.9907 predicted_0=212 predicted_1=244
2026-08-22 04:34:11 - INFO - [Classification Report - split=validation epoch=3 - threshold=0.50]
2026-08-22 04:34:11 - INFO -                 precision    recall  f1-score   support
2026-08-22 04:34:11 - INFO - 
2026-08-22 04:34:11 - INFO -       safe (0)     0.7753    0.8625    0.8166        80
2026-08-22 04:34:11 - INFO - vulnerable (1)     0.8254    0.7222    0.7704        72
2026-08-22 04:34:11 - INFO - 
2026-08-22 04:34:11 - INFO -       accuracy                         0.7961       152
2026-08-22 04:34:11 - INFO -      macro avg     0.8003    0.7924    0.7935       152
2026-08-22 04:34:11 - INFO -   weighted avg     0.7990    0.7961    0.7947       152
2026-08-22 04:34:11 - INFO - Confusion matrix - [[tn=69, fp=11], [fn=20, tp=52]]
2026-08-22 04:34:11 - INFO - probability_positive min=0.0003 mean=0.4151 std=0.3295 max=0.9929 predicted_0=89 predicted_1=63
2026-08-22 04:34:11 - INFO - New best model | Macro-F1: 0.793469 | Epoch: 3
2026-08-22 04:34:19 - INFO - Epoch 4/30 | Train loss: 0.269389 | Val loss: 0.465606 | LR: 2.00e-05 | Best epoch: 4 | Patience: 0 | Train: 7.17s | Validation: 0.80s | Epoch: 8.24s | Total: 33.14s
2026-08-22 04:34:19 - INFO - RecAdam target-task weight at epoch end: 0.974667
2026-08-22 04:34:19 - INFO - [Classification Report - split=train epoch=4 - threshold=0.50]
2026-08-22 04:34:19 - INFO -                 precision    recall  f1-score   support
2026-08-22 04:34:19 - INFO - 
2026-08-22 04:34:19 - INFO -       safe (0)     0.9100    0.8496    0.8787       226
2026-08-22 04:34:19 - INFO - vulnerable (1)     0.8612    0.9174    0.8884       230
2026-08-22 04:34:19 - INFO - 
2026-08-22 04:34:19 - INFO -       accuracy                         0.8838       456
2026-08-22 04:34:19 - INFO -      macro avg     0.8856    0.8835    0.8836       456
2026-08-22 04:34:19 - INFO -   weighted avg     0.8854    0.8838    0.8836       456
2026-08-22 04:34:19 - INFO - Confusion matrix - [[tn=192, fp=34], [fn=19, tp=211]]
2026-08-22 04:34:19 - INFO - probability_positive min=0.0000 mean=0.5031 std=0.4055 max=1.0000 predicted_0=211 predicted_1=245
2026-08-22 04:34:19 - INFO - [Classification Report - split=validation epoch=4 - threshold=0.50]
2026-08-22 04:34:19 - INFO -                 precision    recall  f1-score   support
2026-08-22 04:34:19 - INFO - 
2026-08-22 04:34:19 - INFO -       safe (0)     0.7742    0.9000    0.8324        80
2026-08-22 04:34:19 - INFO - vulnerable (1)     0.8644    0.7083    0.7786        72
2026-08-22 04:34:19 - INFO - 
2026-08-22 04:34:19 - INFO -       accuracy                         0.8092       152
2026-08-22 04:34:19 - INFO -      macro avg     0.8193    0.8042    0.8055       152
2026-08-22 04:34:19 - INFO -   weighted avg     0.8169    0.8092    0.8069       152
2026-08-22 04:34:19 - INFO - Confusion matrix - [[tn=72, fp=8], [fn=21, tp=51]]
2026-08-22 04:34:19 - INFO - probability_positive min=0.0000 mean=0.4073 std=0.4166 max=1.0000 predicted_0=93 predicted_1=59
2026-08-22 04:34:19 - INFO - New best model | Macro-F1: 0.805498 | Epoch: 4
2026-08-22 04:34:27 - INFO - Epoch 5/30 | Train loss: 0.186425 | Val loss: 0.781566 | LR: 2.00e-05 | Best epoch: 5 | Patience: 0 | Train: 7.17s | Validation: 0.80s | Epoch: 8.24s | Total: 41.39s
2026-08-22 04:34:27 - INFO - RecAdam target-task weight at epoch end: 0.993940
2026-08-22 04:34:27 - INFO - [Classification Report - split=train epoch=5 - threshold=0.50]
2026-08-22 04:34:27 - INFO -                 precision    recall  f1-score   support
2026-08-22 04:34:27 - INFO - 
2026-08-22 04:34:27 - INFO -       safe (0)     0.9091    0.9292    0.9190       226
2026-08-22 04:34:27 - INFO - vulnerable (1)     0.9289    0.9087    0.9187       230
2026-08-22 04:34:27 - INFO - 
2026-08-22 04:34:27 - INFO -       accuracy                         0.9189       456
2026-08-22 04:34:27 - INFO -      macro avg     0.9190    0.9189    0.9189       456
2026-08-22 04:34:27 - INFO -   weighted avg     0.9191    0.9189    0.9189       456
2026-08-22 04:34:27 - INFO - Confusion matrix - [[tn=210, fp=16], [fn=21, tp=209]]
2026-08-22 04:34:27 - INFO - probability_positive min=0.0000 mean=0.4962 std=0.4499 max=1.0000 predicted_0=231 predicted_1=225
2026-08-22 04:34:27 - INFO - [Classification Report - split=validation epoch=5 - threshold=0.50]
2026-08-22 04:34:27 - INFO -                 precision    recall  f1-score   support
2026-08-22 04:34:27 - INFO - 
2026-08-22 04:34:27 - INFO -       safe (0)     0.7849    0.9125    0.8439        80
2026-08-22 04:34:27 - INFO - vulnerable (1)     0.8814    0.7222    0.7939        72
2026-08-22 04:34:27 - INFO - 
2026-08-22 04:34:27 - INFO -       accuracy                         0.8224       152
2026-08-22 04:34:27 - INFO -      macro avg     0.8332    0.8174    0.8189       152
2026-08-22 04:34:27 - INFO -   weighted avg     0.8306    0.8224    0.8202       152
2026-08-22 04:34:27 - INFO - Confusion matrix - [[tn=73, fp=7], [fn=20, tp=52]]
2026-08-22 04:34:27 - INFO - probability_positive min=0.0000 mean=0.3900 std=0.4584 max=1.0000 predicted_0=93 predicted_1=59
2026-08-22 04:34:27 - INFO - New best model | Macro-F1: 0.818912 | Epoch: 5
2026-08-22 04:34:35 - INFO - Epoch 6/30 | Train loss: 0.176212 | Val loss: 0.862175 | LR: 2.00e-05 | Best epoch: 5 | Patience: 1 | Train: 7.17s | Validation: 0.80s | Epoch: 7.97s | Total: 49.37s
2026-08-22 04:34:35 - INFO - RecAdam target-task weight at epoch end: 0.998572
2026-08-22 04:34:35 - INFO - [Classification Report - split=train epoch=6 - threshold=0.50]
2026-08-22 04:34:35 - INFO -                 precision    recall  f1-score   support
2026-08-22 04:34:35 - INFO - 
2026-08-22 04:34:35 - INFO -       safe (0)     0.9208    0.9779    0.9485       226
2026-08-22 04:34:35 - INFO - vulnerable (1)     0.9769    0.9174    0.9462       230
2026-08-22 04:34:35 - INFO - 
2026-08-22 04:34:35 - INFO -       accuracy                         0.9474       456
2026-08-22 04:34:35 - INFO -      macro avg     0.9488    0.9476    0.9473       456
2026-08-22 04:34:35 - INFO -   weighted avg     0.9491    0.9474    0.9473       456
2026-08-22 04:34:35 - INFO - Confusion matrix - [[tn=221, fp=5], [fn=19, tp=211]]
2026-08-22 04:34:35 - INFO - probability_positive min=0.0000 mean=0.4796 std=0.4796 max=1.0000 predicted_0=240 predicted_1=216
2026-08-22 04:34:35 - INFO - [Classification Report - split=validation epoch=6 - threshold=0.50]
2026-08-22 04:34:35 - INFO -                 precision    recall  f1-score   support
2026-08-22 04:34:35 - INFO - 
2026-08-22 04:34:35 - INFO -       safe (0)     0.7865    0.8750    0.8284        80
2026-08-22 04:34:35 - INFO - vulnerable (1)     0.8413    0.7361    0.7852        72
2026-08-22 04:34:35 - INFO - 
2026-08-22 04:34:35 - INFO -       accuracy                         0.8092       152
2026-08-22 04:34:35 - INFO -      macro avg     0.8139    0.8056    0.8068       152
2026-08-22 04:34:35 - INFO -   weighted avg     0.8125    0.8092    0.8079       152
2026-08-22 04:34:35 - INFO - Confusion matrix - [[tn=70, fp=10], [fn=19, tp=53]]
2026-08-22 04:34:35 - INFO - probability_positive min=0.0000 mean=0.4191 std=0.4717 max=1.0000 predicted_0=89 predicted_1=63
2026-08-22 04:34:44 - INFO - Epoch 7/30 | Train loss: 0.102640 | Val loss: 0.897749 | LR: 2.00e-05 | Best epoch: 7 | Patience: 0 | Train: 7.18s | Validation: 0.80s | Epoch: 8.25s | Total: 57.63s
2026-08-22 04:34:44 - INFO - RecAdam target-task weight at epoch end: 0.999665
2026-08-22 04:34:44 - INFO - [Classification Report - split=train epoch=7 - threshold=0.50]
2026-08-22 04:34:44 - INFO -                 precision    recall  f1-score   support
2026-08-22 04:34:44 - INFO - 
2026-08-22 04:34:44 - INFO -       safe (0)     0.9602    0.9602    0.9602       226
2026-08-22 04:34:44 - INFO - vulnerable (1)     0.9609    0.9609    0.9609       230
2026-08-22 04:34:44 - INFO - 
2026-08-22 04:34:44 - INFO -       accuracy                         0.9605       456
2026-08-22 04:34:44 - INFO -      macro avg     0.9605    0.9605    0.9605       456
2026-08-22 04:34:44 - INFO -   weighted avg     0.9605    0.9605    0.9605       456
2026-08-22 04:34:44 - INFO - Confusion matrix - [[tn=217, fp=9], [fn=9, tp=221]]
2026-08-22 04:34:44 - INFO - probability_positive min=0.0000 mean=0.5032 std=0.4866 max=1.0000 predicted_0=226 predicted_1=230
2026-08-22 04:34:44 - INFO - [Classification Report - split=validation epoch=7 - threshold=0.50]
2026-08-22 04:34:44 - INFO -                 precision    recall  f1-score   support
2026-08-22 04:34:44 - INFO - 
2026-08-22 04:34:44 - INFO -       safe (0)     0.7978    0.8875    0.8402        80
2026-08-22 04:34:44 - INFO - vulnerable (1)     0.8571    0.7500    0.8000        72
2026-08-22 04:34:44 - INFO - 
2026-08-22 04:34:44 - INFO -       accuracy                         0.8224       152
2026-08-22 04:34:44 - INFO -      macro avg     0.8274    0.8187    0.8201       152
2026-08-22 04:34:44 - INFO -   weighted avg     0.8259    0.8224    0.8212       152
2026-08-22 04:34:44 - INFO - Confusion matrix - [[tn=71, fp=9], [fn=18, tp=54]]
2026-08-22 04:34:44 - INFO - probability_positive min=0.0000 mean=0.4124 std=0.4716 max=1.0000 predicted_0=89 predicted_1=63
2026-08-22 04:34:44 - INFO - New best model | Macro-F1: 0.820118 | Epoch: 7
2026-08-22 04:34:52 - INFO - Epoch 8/30 | Train loss: 0.093444 | Val loss: 0.978605 | LR: 2.00e-05 | Best epoch: 8 | Patience: 0 | Train: 7.17s | Validation: 0.80s | Epoch: 8.26s | Total: 65.90s
2026-08-22 04:34:52 - INFO - RecAdam target-task weight at epoch end: 0.999921
2026-08-22 04:34:52 - INFO - [Classification Report - split=train epoch=8 - threshold=0.50]
2026-08-22 04:34:52 - INFO -                 precision    recall  f1-score   support
2026-08-22 04:34:52 - INFO - 
2026-08-22 04:34:52 - INFO -       safe (0)     0.9822    0.9779    0.9800       226
2026-08-22 04:34:52 - INFO - vulnerable (1)     0.9784    0.9826    0.9805       230
2026-08-22 04:34:52 - INFO - 
2026-08-22 04:34:52 - INFO -       accuracy                         0.9803       456
2026-08-22 04:34:52 - INFO -      macro avg     0.9803    0.9802    0.9803       456
2026-08-22 04:34:52 - INFO -   weighted avg     0.9803    0.9803    0.9803       456
2026-08-22 04:34:52 - INFO - Confusion matrix - [[tn=221, fp=5], [fn=4, tp=226]]
2026-08-22 04:34:52 - INFO - probability_positive min=0.0000 mean=0.5078 std=0.4931 max=1.0000 predicted_0=225 predicted_1=231
2026-08-22 04:34:52 - INFO - [Classification Report - split=validation epoch=8 - threshold=0.50]
2026-08-22 04:34:52 - INFO -                 precision    recall  f1-score   support
2026-08-22 04:34:52 - INFO - 
2026-08-22 04:34:52 - INFO -       safe (0)     0.8161    0.8875    0.8503        80
2026-08-22 04:34:52 - INFO - vulnerable (1)     0.8615    0.7778    0.8175        72
2026-08-22 04:34:52 - INFO - 
2026-08-22 04:34:52 - INFO -       accuracy                         0.8355       152
2026-08-22 04:34:52 - INFO -      macro avg     0.8388    0.8326    0.8339       152
2026-08-22 04:34:52 - INFO -   weighted avg     0.8376    0.8355    0.8348       152
2026-08-22 04:34:52 - INFO - Confusion matrix - [[tn=71, fp=9], [fn=16, tp=56]]
2026-08-22 04:34:52 - INFO - probability_positive min=0.0000 mean=0.4263 std=0.4792 max=1.0000 predicted_0=87 predicted_1=65
2026-08-22 04:34:52 - INFO - New best model | Macro-F1: 0.833909 | Epoch: 8
2026-08-22 04:35:00 - INFO - Epoch 9/30 | Train loss: 0.088880 | Val loss: 0.794859 | LR: 2.00e-05 | Best epoch: 9 | Patience: 0 | Train: 7.17s | Validation: 0.80s | Epoch: 8.24s | Total: 74.15s
2026-08-22 04:35:00 - INFO - RecAdam target-task weight at epoch end: 0.999982
2026-08-22 04:35:00 - INFO - [Classification Report - split=train epoch=9 - threshold=0.50]
2026-08-22 04:35:00 - INFO -                 precision    recall  f1-score   support
2026-08-22 04:35:00 - INFO - 
2026-08-22 04:35:00 - INFO -       safe (0)     0.9651    0.9779    0.9714       226
2026-08-22 04:35:00 - INFO - vulnerable (1)     0.9780    0.9652    0.9716       230
2026-08-22 04:35:00 - INFO - 
2026-08-22 04:35:00 - INFO -       accuracy                         0.9715       456
2026-08-22 04:35:00 - INFO -      macro avg     0.9715    0.9715    0.9715       456
2026-08-22 04:35:00 - INFO -   weighted avg     0.9716    0.9715    0.9715       456
2026-08-22 04:35:00 - INFO - Confusion matrix - [[tn=221, fp=5], [fn=8, tp=222]]
2026-08-22 04:35:00 - INFO - probability_positive min=0.0000 mean=0.4966 std=0.4908 max=1.0000 predicted_0=229 predicted_1=227
2026-08-22 04:35:00 - INFO - [Classification Report - split=validation epoch=9 - threshold=0.50]
2026-08-22 04:35:00 - INFO -                 precision    recall  f1-score   support
2026-08-22 04:35:00 - INFO - 
2026-08-22 04:35:00 - INFO -       safe (0)     0.8734    0.8625    0.8679        80
2026-08-22 04:35:00 - INFO - vulnerable (1)     0.8493    0.8611    0.8552        72
2026-08-22 04:35:00 - INFO - 
2026-08-22 04:35:00 - INFO -       accuracy                         0.8618       152
2026-08-22 04:35:00 - INFO -      macro avg     0.8614    0.8618    0.8615       152
2026-08-22 04:35:00 - INFO -   weighted avg     0.8620    0.8618    0.8619       152
2026-08-22 04:35:00 - INFO - Confusion matrix - [[tn=69, fp=11], [fn=10, tp=62]]
2026-08-22 04:35:00 - INFO - probability_positive min=0.0000 mean=0.4740 std=0.4814 max=1.0000 predicted_0=79 predicted_1=73
2026-08-22 04:35:00 - INFO - New best model | Macro-F1: 0.861548 | Epoch: 9
2026-08-22 04:35:08 - INFO - Epoch 10/30 | Train loss: 0.044898 | Val loss: 1.043546 | LR: 2.00e-05 | Best epoch: 9 | Patience: 1 | Train: 7.18s | Validation: 0.80s | Epoch: 7.97s | Total: 82.13s
2026-08-22 04:35:08 - INFO - RecAdam target-task weight at epoch end: 0.999996
2026-08-22 04:35:08 - INFO - [Classification Report - split=train epoch=10 - threshold=0.50]
2026-08-22 04:35:08 - INFO -                 precision    recall  f1-score   support
2026-08-22 04:35:08 - INFO - 
2026-08-22 04:35:08 - INFO -       safe (0)     0.9823    0.9823    0.9823       226
2026-08-22 04:35:08 - INFO - vulnerable (1)     0.9826    0.9826    0.9826       230
2026-08-22 04:35:08 - INFO - 
2026-08-22 04:35:08 - INFO -       accuracy                         0.9825       456
2026-08-22 04:35:08 - INFO -      macro avg     0.9825    0.9825    0.9825       456
2026-08-22 04:35:08 - INFO -   weighted avg     0.9825    0.9825    0.9825       456
2026-08-22 04:35:08 - INFO - Confusion matrix - [[tn=222, fp=4], [fn=4, tp=226]]
2026-08-22 04:35:08 - INFO - probability_positive min=0.0000 mean=0.5073 std=0.4946 max=1.0000 predicted_0=226 predicted_1=230
2026-08-22 04:35:08 - INFO - [Classification Report - split=validation epoch=10 - threshold=0.50]
2026-08-22 04:35:08 - INFO -                 precision    recall  f1-score   support
2026-08-22 04:35:08 - INFO - 
2026-08-22 04:35:08 - INFO -       safe (0)     0.7849    0.9125    0.8439        80
2026-08-22 04:35:08 - INFO - vulnerable (1)     0.8814    0.7222    0.7939        72
2026-08-22 04:35:08 - INFO - 
2026-08-22 04:35:08 - INFO -       accuracy                         0.8224       152
2026-08-22 04:35:08 - INFO -      macro avg     0.8332    0.8174    0.8189       152
2026-08-22 04:35:08 - INFO -   weighted avg     0.8306    0.8224    0.8202       152
2026-08-22 04:35:08 - INFO - Confusion matrix - [[tn=73, fp=7], [fn=20, tp=52]]
2026-08-22 04:35:08 - INFO - probability_positive min=0.0000 mean=0.3887 std=0.4664 max=1.0000 predicted_0=93 predicted_1=59
2026-08-22 04:35:16 - INFO - Epoch 11/30 | Train loss: 0.028520 | Val loss: 1.022368 | LR: 2.00e-05 | Best epoch: 11 | Patience: 0 | Train: 7.18s | Validation: 0.80s | Epoch: 8.25s | Total: 90.39s
2026-08-22 04:35:16 - INFO - RecAdam target-task weight at epoch end: 0.999999
2026-08-22 04:35:16 - INFO - [Classification Report - split=train epoch=11 - threshold=0.50]
2026-08-22 04:35:16 - INFO -                 precision    recall  f1-score   support
2026-08-22 04:35:16 - INFO - 
2026-08-22 04:35:16 - INFO -       safe (0)     0.9782    0.9912    0.9846       226
2026-08-22 04:35:16 - INFO - vulnerable (1)     0.9912    0.9783    0.9847       230
2026-08-22 04:35:16 - INFO - 
2026-08-22 04:35:16 - INFO -       accuracy                         0.9846       456
2026-08-22 04:35:16 - INFO -      macro avg     0.9847    0.9847    0.9846       456
2026-08-22 04:35:16 - INFO -   weighted avg     0.9847    0.9846    0.9846       456
2026-08-22 04:35:16 - INFO - Confusion matrix - [[tn=224, fp=2], [fn=5, tp=225]]
2026-08-22 04:35:16 - INFO - probability_positive min=0.0000 mean=0.4992 std=0.4951 max=1.0000 predicted_0=229 predicted_1=227
2026-08-22 04:35:16 - INFO - [Classification Report - split=validation epoch=11 - threshold=0.50]
2026-08-22 04:35:16 - INFO -                 precision    recall  f1-score   support
2026-08-22 04:35:16 - INFO - 
2026-08-22 04:35:16 - INFO -       safe (0)     0.8861    0.8750    0.8805        80
2026-08-22 04:35:16 - INFO - vulnerable (1)     0.8630    0.8750    0.8690        72
2026-08-22 04:35:16 - INFO - 
2026-08-22 04:35:16 - INFO -       accuracy                         0.8750       152
2026-08-22 04:35:16 - INFO -      macro avg     0.8745    0.8750    0.8747       152
2026-08-22 04:35:16 - INFO -   weighted avg     0.8752    0.8750    0.8750       152
2026-08-22 04:35:16 - INFO - Confusion matrix - [[tn=70, fp=10], [fn=9, tp=63]]
2026-08-22 04:35:16 - INFO - probability_positive min=0.0000 mean=0.4736 std=0.4865 max=1.0000 predicted_0=79 predicted_1=73
2026-08-22 04:35:16 - INFO - New best model | Macro-F1: 0.874734 | Epoch: 11
2026-08-22 04:35:24 - INFO - Epoch 12/30 | Train loss: 0.008088 | Val loss: 1.223036 | LR: 2.00e-05 | Best epoch: 11 | Patience: 1 | Train: 7.17s | Validation: 0.80s | Epoch: 7.97s | Total: 98.37s
2026-08-22 04:35:24 - INFO - RecAdam target-task weight at epoch end: 1.000000
2026-08-22 04:35:24 - INFO - [Classification Report - split=train epoch=12 - threshold=0.50]
2026-08-22 04:35:24 - INFO -                 precision    recall  f1-score   support
2026-08-22 04:35:24 - INFO - 
2026-08-22 04:35:24 - INFO -       safe (0)     1.0000    0.9956    0.9978       226
2026-08-22 04:35:24 - INFO - vulnerable (1)     0.9957    1.0000    0.9978       230
2026-08-22 04:35:24 - INFO - 
2026-08-22 04:35:24 - INFO -       accuracy                         0.9978       456
2026-08-22 04:35:24 - INFO -      macro avg     0.9978    0.9978    0.9978       456
2026-08-22 04:35:24 - INFO -   weighted avg     0.9978    0.9978    0.9978       456
2026-08-22 04:35:24 - INFO - Confusion matrix - [[tn=225, fp=1], [fn=0, tp=230]]
2026-08-22 04:35:24 - INFO - probability_positive min=0.0000 mean=0.5047 std=0.4970 max=1.0000 predicted_0=225 predicted_1=231
2026-08-22 04:35:24 - INFO - [Classification Report - split=validation epoch=12 - threshold=0.50]
2026-08-22 04:35:24 - INFO -                 precision    recall  f1-score   support
2026-08-22 04:35:24 - INFO - 
2026-08-22 04:35:24 - INFO -       safe (0)     0.7978    0.8875    0.8402        80
2026-08-22 04:35:24 - INFO - vulnerable (1)     0.8571    0.7500    0.8000        72
2026-08-22 04:35:24 - INFO - 
2026-08-22 04:35:24 - INFO -       accuracy                         0.8224       152
2026-08-22 04:35:24 - INFO -      macro avg     0.8274    0.8187    0.8201       152
2026-08-22 04:35:24 - INFO -   weighted avg     0.8259    0.8224    0.8212       152
2026-08-22 04:35:24 - INFO - Confusion matrix - [[tn=71, fp=9], [fn=18, tp=54]]
2026-08-22 04:35:24 - INFO - probability_positive min=0.0000 mean=0.4140 std=0.4803 max=1.0000 predicted_0=89 predicted_1=63
2026-08-22 04:35:32 - INFO - Epoch 13/30 | Train loss: 0.008098 | Val loss: 1.310030 | LR: 2.00e-05 | Best epoch: 11 | Patience: 2 | Train: 7.18s | Validation: 0.80s | Epoch: 7.97s | Total: 106.35s
2026-08-22 04:35:32 - INFO - RecAdam target-task weight at epoch end: 1.000000
2026-08-22 04:35:32 - INFO - [Classification Report - split=train epoch=13 - threshold=0.50]
2026-08-22 04:35:32 - INFO -                 precision    recall  f1-score   support
2026-08-22 04:35:32 - INFO - 
2026-08-22 04:35:32 - INFO -       safe (0)     0.9956    1.0000    0.9978       226
2026-08-22 04:35:32 - INFO - vulnerable (1)     1.0000    0.9957    0.9978       230
2026-08-22 04:35:32 - INFO - 
2026-08-22 04:35:32 - INFO -       accuracy                         0.9978       456
2026-08-22 04:35:32 - INFO -      macro avg     0.9978    0.9978    0.9978       456
2026-08-22 04:35:32 - INFO -   weighted avg     0.9978    0.9978    0.9978       456
2026-08-22 04:35:32 - INFO - Confusion matrix - [[tn=226, fp=0], [fn=1, tp=229]]
2026-08-22 04:35:32 - INFO - probability_positive min=0.0000 mean=0.5027 std=0.4985 max=1.0000 predicted_0=227 predicted_1=229
2026-08-22 04:35:32 - INFO - [Classification Report - split=validation epoch=13 - threshold=0.50]
2026-08-22 04:35:32 - INFO -                 precision    recall  f1-score   support
2026-08-22 04:35:32 - INFO - 
2026-08-22 04:35:32 - INFO -       safe (0)     0.8235    0.8750    0.8485        80
2026-08-22 04:35:32 - INFO - vulnerable (1)     0.8507    0.7917    0.8201        72
2026-08-22 04:35:32 - INFO - 
2026-08-22 04:35:32 - INFO -       accuracy                         0.8355       152
2026-08-22 04:35:32 - INFO -      macro avg     0.8371    0.8333    0.8343       152
2026-08-22 04:35:32 - INFO -   weighted avg     0.8364    0.8355    0.8351       152
2026-08-22 04:35:32 - INFO - Confusion matrix - [[tn=70, fp=10], [fn=15, tp=57]]
2026-08-22 04:35:32 - INFO - probability_positive min=0.0000 mean=0.4341 std=0.4845 max=1.0000 predicted_0=85 predicted_1=67
2026-08-22 04:35:40 - INFO - Epoch 14/30 | Train loss: 0.031122 | Val loss: 1.166420 | LR: 2.00e-05 | Best epoch: 14 | Patience: 0 | Train: 7.18s | Validation: 0.80s | Epoch: 8.24s | Total: 114.60s
2026-08-22 04:35:40 - INFO - RecAdam target-task weight at epoch end: 1.000000
2026-08-22 04:35:40 - INFO - [Classification Report - split=train epoch=14 - threshold=0.50]
2026-08-22 04:35:40 - INFO -                 precision    recall  f1-score   support
2026-08-22 04:35:40 - INFO - 
2026-08-22 04:35:40 - INFO -       safe (0)     0.9912    1.0000    0.9956       226
2026-08-22 04:35:40 - INFO - vulnerable (1)     1.0000    0.9913    0.9956       230
2026-08-22 04:35:40 - INFO - 
2026-08-22 04:35:40 - INFO -       accuracy                         0.9956       456
2026-08-22 04:35:40 - INFO -      macro avg     0.9956    0.9957    0.9956       456
2026-08-22 04:35:40 - INFO -   weighted avg     0.9957    0.9956    0.9956       456
2026-08-22 04:35:40 - INFO - Confusion matrix - [[tn=226, fp=0], [fn=2, tp=228]]
2026-08-22 04:35:40 - INFO - probability_positive min=0.0000 mean=0.5008 std=0.4989 max=1.0000 predicted_0=228 predicted_1=228
2026-08-22 04:35:40 - INFO - [Classification Report - split=validation epoch=14 - threshold=0.50]
2026-08-22 04:35:40 - INFO -                 precision    recall  f1-score   support
2026-08-22 04:35:40 - INFO - 
2026-08-22 04:35:40 - INFO -       safe (0)     0.8961    0.8625    0.8790        80
2026-08-22 04:35:40 - INFO - vulnerable (1)     0.8533    0.8889    0.8707        72
2026-08-22 04:35:40 - INFO - 
2026-08-22 04:35:40 - INFO -       accuracy                         0.8750       152
2026-08-22 04:35:40 - INFO -      macro avg     0.8747    0.8757    0.8749       152
2026-08-22 04:35:40 - INFO -   weighted avg     0.8758    0.8750    0.8751       152
2026-08-22 04:35:41 - INFO - Confusion matrix - [[tn=69, fp=11], [fn=8, tp=64]]
2026-08-22 04:35:41 - INFO - probability_positive min=0.0000 mean=0.4953 std=0.4943 max=1.0000 predicted_0=77 predicted_1=75
2026-08-22 04:35:41 - INFO - New best model | Macro-F1: 0.874865 | Epoch: 14
2026-08-22 04:35:48 - INFO - Epoch 15/30 | Train loss: 0.035501 | Val loss: 1.216124 | LR: 2.00e-05 | Best epoch: 14 | Patience: 1 | Train: 7.17s | Validation: 0.80s | Epoch: 7.97s | Total: 122.58s
2026-08-22 04:35:48 - INFO - RecAdam target-task weight at epoch end: 1.000000
2026-08-22 04:35:48 - INFO - [Classification Report - split=train epoch=15 - threshold=0.50]
2026-08-22 04:35:48 - INFO -                 precision    recall  f1-score   support
2026-08-22 04:35:48 - INFO - 
2026-08-22 04:35:48 - INFO -       safe (0)     0.9956    0.9956    0.9956       226
2026-08-22 04:35:48 - INFO - vulnerable (1)     0.9957    0.9957    0.9957       230
2026-08-22 04:35:48 - INFO - 
2026-08-22 04:35:48 - INFO -       accuracy                         0.9956       456
2026-08-22 04:35:48 - INFO -      macro avg     0.9956    0.9956    0.9956       456
2026-08-22 04:35:48 - INFO -   weighted avg     0.9956    0.9956    0.9956       456
2026-08-22 04:35:48 - INFO - Confusion matrix - [[tn=225, fp=1], [fn=1, tp=229]]
2026-08-22 04:35:48 - INFO - probability_positive min=0.0000 mean=0.5044 std=0.4983 max=1.0000 predicted_0=226 predicted_1=230
2026-08-22 04:35:48 - INFO - [Classification Report - split=validation epoch=15 - threshold=0.50]
2026-08-22 04:35:48 - INFO -                 precision    recall  f1-score   support
2026-08-22 04:35:48 - INFO - 
2026-08-22 04:35:48 - INFO -       safe (0)     0.8861    0.8750    0.8805        80
2026-08-22 04:35:48 - INFO - vulnerable (1)     0.8630    0.8750    0.8690        72
2026-08-22 04:35:48 - INFO - 
2026-08-22 04:35:48 - INFO -       accuracy                         0.8750       152
2026-08-22 04:35:48 - INFO -      macro avg     0.8745    0.8750    0.8747       152
2026-08-22 04:35:48 - INFO -   weighted avg     0.8752    0.8750    0.8750       152
2026-08-22 04:35:48 - INFO - Confusion matrix - [[tn=70, fp=10], [fn=9, tp=63]]
2026-08-22 04:35:48 - INFO - probability_positive min=0.0000 mean=0.4759 std=0.4932 max=1.0000 predicted_0=79 predicted_1=73
2026-08-22 04:35:56 - INFO - Epoch 16/30 | Train loss: 0.011563 | Val loss: 1.210437 | LR: 2.00e-05 | Best epoch: 14 | Patience: 2 | Train: 7.18s | Validation: 0.80s | Epoch: 7.97s | Total: 130.56s
2026-08-22 04:35:56 - INFO - RecAdam target-task weight at epoch end: 1.000000
2026-08-22 04:35:56 - INFO - [Classification Report - split=train epoch=16 - threshold=0.50]
2026-08-22 04:35:56 - INFO -                 precision    recall  f1-score   support
2026-08-22 04:35:56 - INFO - 
2026-08-22 04:35:56 - INFO -       safe (0)     1.0000    0.9956    0.9978       226
2026-08-22 04:35:56 - INFO - vulnerable (1)     0.9957    1.0000    0.9978       230
2026-08-22 04:35:56 - INFO - 
2026-08-22 04:35:56 - INFO -       accuracy                         0.9978       456
2026-08-22 04:35:56 - INFO -      macro avg     0.9978    0.9978    0.9978       456
2026-08-22 04:35:56 - INFO -   weighted avg     0.9978    0.9978    0.9978       456
2026-08-22 04:35:56 - INFO - Confusion matrix - [[tn=225, fp=1], [fn=0, tp=230]]
2026-08-22 04:35:56 - INFO - probability_positive min=0.0000 mean=0.5065 std=0.4994 max=1.0000 predicted_0=225 predicted_1=231
2026-08-22 04:35:56 - INFO - [Classification Report - split=validation epoch=16 - threshold=0.50]
2026-08-22 04:35:56 - INFO -                 precision    recall  f1-score   support
2026-08-22 04:35:56 - INFO - 
2026-08-22 04:35:56 - INFO -       safe (0)     0.8750    0.8750    0.8750        80
2026-08-22 04:35:56 - INFO - vulnerable (1)     0.8611    0.8611    0.8611        72
2026-08-22 04:35:56 - INFO - 
2026-08-22 04:35:56 - INFO -       accuracy                         0.8684       152
2026-08-22 04:35:56 - INFO -      macro avg     0.8681    0.8681    0.8681       152
2026-08-22 04:35:56 - INFO -   weighted avg     0.8684    0.8684    0.8684       152
2026-08-22 04:35:56 - INFO - Confusion matrix - [[tn=70, fp=10], [fn=10, tp=62]]
2026-08-22 04:35:56 - INFO - probability_positive min=0.0000 mean=0.4694 std=0.4912 max=1.0000 predicted_0=80 predicted_1=72
2026-08-22 04:36:05 - INFO - Epoch 17/30 | Train loss: 0.002892 | Val loss: 1.253558 | LR: 2.00e-05 | Best epoch: 17 | Patience: 0 | Train: 7.18s | Validation: 0.80s | Epoch: 8.25s | Total: 138.82s
2026-08-22 04:36:05 - INFO - RecAdam target-task weight at epoch end: 1.000000
2026-08-22 04:36:05 - INFO - [Classification Report - split=train epoch=17 - threshold=0.50]
2026-08-22 04:36:05 - INFO -                 precision    recall  f1-score   support
2026-08-22 04:36:05 - INFO - 
2026-08-22 04:36:05 - INFO -       safe (0)     0.9956    1.0000    0.9978       226
2026-08-22 04:36:05 - INFO - vulnerable (1)     1.0000    0.9957    0.9978       230
2026-08-22 04:36:05 - INFO - 
2026-08-22 04:36:05 - INFO -       accuracy                         0.9978       456
2026-08-22 04:36:05 - INFO -      macro avg     0.9978    0.9978    0.9978       456
2026-08-22 04:36:05 - INFO -   weighted avg     0.9978    0.9978    0.9978       456
2026-08-22 04:36:05 - INFO - Confusion matrix - [[tn=226, fp=0], [fn=1, tp=229]]
2026-08-22 04:36:05 - INFO - probability_positive min=0.0000 mean=0.5028 std=0.4995 max=1.0000 predicted_0=227 predicted_1=229
2026-08-22 04:36:05 - INFO - [Classification Report - split=validation epoch=17 - threshold=0.50]
2026-08-22 04:36:05 - INFO -                 precision    recall  f1-score   support
2026-08-22 04:36:05 - INFO - 
2026-08-22 04:36:05 - INFO -       safe (0)     0.8974    0.8750    0.8861        80
2026-08-22 04:36:05 - INFO - vulnerable (1)     0.8649    0.8889    0.8767        72
2026-08-22 04:36:05 - INFO - 
2026-08-22 04:36:05 - INFO -       accuracy                         0.8816       152
2026-08-22 04:36:05 - INFO -      macro avg     0.8812    0.8819    0.8814       152
2026-08-22 04:36:05 - INFO -   weighted avg     0.8820    0.8816    0.8816       152
2026-08-22 04:36:05 - INFO - Confusion matrix - [[tn=70, fp=10], [fn=8, tp=64]]
2026-08-22 04:36:05 - INFO - probability_positive min=0.0000 mean=0.4877 std=0.4957 max=1.0000 predicted_0=78 predicted_1=74
2026-08-22 04:36:05 - INFO - New best model | Macro-F1: 0.881394 | Epoch: 17
2026-08-22 04:36:13 - INFO - Epoch 18/30 | Train loss: 0.000532 | Val loss: 1.414933 | LR: 2.00e-05 | Best epoch: 17 | Patience: 1 | Train: 7.18s | Validation: 0.80s | Epoch: 7.98s | Total: 146.81s
2026-08-22 04:36:13 - INFO - RecAdam target-task weight at epoch end: 1.000000
2026-08-22 04:36:13 - INFO - [Classification Report - split=train epoch=18 - threshold=0.50]
2026-08-22 04:36:13 - INFO -                 precision    recall  f1-score   support
2026-08-22 04:36:13 - INFO - 
2026-08-22 04:36:13 - INFO -       safe (0)     1.0000    1.0000    1.0000       226
2026-08-22 04:36:13 - INFO - vulnerable (1)     1.0000    1.0000    1.0000       230
2026-08-22 04:36:13 - INFO - 
2026-08-22 04:36:13 - INFO -       accuracy                         1.0000       456
2026-08-22 04:36:13 - INFO -      macro avg     1.0000    1.0000    1.0000       456
2026-08-22 04:36:13 - INFO -   weighted avg     1.0000    1.0000    1.0000       456
2026-08-22 04:36:13 - INFO - Confusion matrix - [[tn=226, fp=0], [fn=0, tp=230]]
2026-08-22 04:36:13 - INFO - probability_positive min=0.0000 mean=0.5048 std=0.4995 max=1.0000 predicted_0=226 predicted_1=230
2026-08-22 04:36:13 - INFO - [Classification Report - split=validation epoch=18 - threshold=0.50]
2026-08-22 04:36:13 - INFO -                 precision    recall  f1-score   support
2026-08-22 04:36:13 - INFO - 
2026-08-22 04:36:13 - INFO -       safe (0)     0.8276    0.9000    0.8623        80
2026-08-22 04:36:13 - INFO - vulnerable (1)     0.8769    0.7917    0.8321        72
2026-08-22 04:36:13 - INFO - 
2026-08-22 04:36:13 - INFO -       accuracy                         0.8487       152
2026-08-22 04:36:13 - INFO -      macro avg     0.8523    0.8458    0.8472       152
2026-08-22 04:36:13 - INFO -   weighted avg     0.8510    0.8487    0.8480       152
2026-08-22 04:36:13 - INFO - Confusion matrix - [[tn=72, fp=8], [fn=15, tp=57]]
2026-08-22 04:36:13 - INFO - probability_positive min=0.0000 mean=0.4173 std=0.4808 max=1.0000 predicted_0=87 predicted_1=65
2026-08-22 04:36:21 - INFO - Epoch 19/30 | Train loss: 0.004335 | Val loss: 1.408710 | LR: 2.00e-05 | Best epoch: 17 | Patience: 2 | Train: 7.18s | Validation: 0.80s | Epoch: 7.97s | Total: 154.79s
2026-08-22 04:36:21 - INFO - RecAdam target-task weight at epoch end: 1.000000
2026-08-22 04:36:21 - INFO - [Classification Report - split=train epoch=19 - threshold=0.50]
2026-08-22 04:36:21 - INFO -                 precision    recall  f1-score   support
2026-08-22 04:36:21 - INFO - 
2026-08-22 04:36:21 - INFO -       safe (0)     0.9956    1.0000    0.9978       226
2026-08-22 04:36:21 - INFO - vulnerable (1)     1.0000    0.9957    0.9978       230
2026-08-22 04:36:21 - INFO - 
2026-08-22 04:36:21 - INFO -       accuracy                         0.9978       456
2026-08-22 04:36:21 - INFO -      macro avg     0.9978    0.9978    0.9978       456
2026-08-22 04:36:21 - INFO -   weighted avg     0.9978    0.9978    0.9978       456
2026-08-22 04:36:21 - INFO - Confusion matrix - [[tn=226, fp=0], [fn=1, tp=229]]
2026-08-22 04:36:21 - INFO - probability_positive min=0.0000 mean=0.5033 std=0.4989 max=1.0000 predicted_0=227 predicted_1=229
2026-08-22 04:36:21 - INFO - [Classification Report - split=validation epoch=19 - threshold=0.50]
2026-08-22 04:36:21 - INFO -                 precision    recall  f1-score   support
2026-08-22 04:36:21 - INFO - 
2026-08-22 04:36:21 - INFO -       safe (0)     0.8961    0.8625    0.8790        80
2026-08-22 04:36:21 - INFO - vulnerable (1)     0.8533    0.8889    0.8707        72
2026-08-22 04:36:21 - INFO - 
2026-08-22 04:36:21 - INFO -       accuracy                         0.8750       152
2026-08-22 04:36:21 - INFO -      macro avg     0.8747    0.8757    0.8749       152
2026-08-22 04:36:21 - INFO -   weighted avg     0.8758    0.8750    0.8751       152
2026-08-22 04:36:21 - INFO - Confusion matrix - [[tn=69, fp=11], [fn=8, tp=64]]
2026-08-22 04:36:21 - INFO - probability_positive min=0.0000 mean=0.4929 std=0.4980 max=1.0000 predicted_0=77 predicted_1=75
2026-08-22 04:36:29 - INFO - Epoch 20/30 | Train loss: 0.000027 | Val loss: 1.433937 | LR: 2.00e-05 | Best epoch: 17 | Patience: 3 | Train: 7.18s | Validation: 0.80s | Epoch: 7.97s | Total: 162.77s
2026-08-22 04:36:29 - INFO - RecAdam target-task weight at epoch end: 1.000000
2026-08-22 04:36:29 - INFO - [Classification Report - split=train epoch=20 - threshold=0.50]
2026-08-22 04:36:29 - INFO -                 precision    recall  f1-score   support
2026-08-22 04:36:29 - INFO - 
2026-08-22 04:36:29 - INFO -       safe (0)     1.0000    1.0000    1.0000       226
2026-08-22 04:36:29 - INFO - vulnerable (1)     1.0000    1.0000    1.0000       230
2026-08-22 04:36:29 - INFO - 
2026-08-22 04:36:29 - INFO -       accuracy                         1.0000       456
2026-08-22 04:36:29 - INFO -      macro avg     1.0000    1.0000    1.0000       456
2026-08-22 04:36:29 - INFO -   weighted avg     1.0000    1.0000    1.0000       456
2026-08-22 04:36:29 - INFO - Confusion matrix - [[tn=226, fp=0], [fn=0, tp=230]]
2026-08-22 04:36:29 - INFO - probability_positive min=0.0000 mean=0.5044 std=0.5000 max=1.0000 predicted_0=226 predicted_1=230
2026-08-22 04:36:29 - INFO - [Classification Report - split=validation epoch=20 - threshold=0.50]
2026-08-22 04:36:29 - INFO -                 precision    recall  f1-score   support
2026-08-22 04:36:29 - INFO - 
2026-08-22 04:36:29 - INFO -       safe (0)     0.8642    0.8750    0.8696        80
2026-08-22 04:36:29 - INFO - vulnerable (1)     0.8592    0.8472    0.8531        72
2026-08-22 04:36:29 - INFO - 
2026-08-22 04:36:29 - INFO -       accuracy                         0.8618       152
2026-08-22 04:36:29 - INFO -      macro avg     0.8617    0.8611    0.8614       152
2026-08-22 04:36:29 - INFO -   weighted avg     0.8618    0.8618    0.8618       152
2026-08-22 04:36:29 - INFO - Confusion matrix - [[tn=70, fp=10], [fn=11, tp=61]]
2026-08-22 04:36:29 - INFO - probability_positive min=0.0000 mean=0.4653 std=0.4942 max=1.0000 predicted_0=81 predicted_1=71
2026-08-22 04:36:37 - INFO - Epoch 21/30 | Train loss: 0.000007 | Val loss: 1.445901 | LR: 2.00e-05 | Best epoch: 17 | Patience: 4 | Train: 7.18s | Validation: 0.80s | Epoch: 7.98s | Total: 170.75s
2026-08-22 04:36:37 - INFO - RecAdam target-task weight at epoch end: 1.000000
2026-08-22 04:36:37 - INFO - [Classification Report - split=train epoch=21 - threshold=0.50]
2026-08-22 04:36:37 - INFO -                 precision    recall  f1-score   support
2026-08-22 04:36:37 - INFO - 
2026-08-22 04:36:37 - INFO -       safe (0)     1.0000    1.0000    1.0000       226
2026-08-22 04:36:37 - INFO - vulnerable (1)     1.0000    1.0000    1.0000       230
2026-08-22 04:36:37 - INFO - 
2026-08-22 04:36:37 - INFO -       accuracy                         1.0000       456
2026-08-22 04:36:37 - INFO -      macro avg     1.0000    1.0000    1.0000       456
2026-08-22 04:36:37 - INFO -   weighted avg     1.0000    1.0000    1.0000       456
2026-08-22 04:36:37 - INFO - Confusion matrix - [[tn=226, fp=0], [fn=0, tp=230]]
2026-08-22 04:36:37 - INFO - probability_positive min=0.0000 mean=0.5044 std=0.5000 max=1.0000 predicted_0=226 predicted_1=230
2026-08-22 04:36:37 - INFO - [Classification Report - split=validation epoch=21 - threshold=0.50]
2026-08-22 04:36:37 - INFO -                 precision    recall  f1-score   support
2026-08-22 04:36:37 - INFO - 
2026-08-22 04:36:37 - INFO -       safe (0)     0.8642    0.8750    0.8696        80
2026-08-22 04:36:37 - INFO - vulnerable (1)     0.8592    0.8472    0.8531        72
2026-08-22 04:36:37 - INFO - 
2026-08-22 04:36:37 - INFO -       accuracy                         0.8618       152
2026-08-22 04:36:37 - INFO -      macro avg     0.8617    0.8611    0.8614       152
2026-08-22 04:36:37 - INFO -   weighted avg     0.8618    0.8618    0.8618       152
2026-08-22 04:36:37 - INFO - Confusion matrix - [[tn=70, fp=10], [fn=11, tp=61]]
2026-08-22 04:36:37 - INFO - probability_positive min=0.0000 mean=0.4626 std=0.4937 max=1.0000 predicted_0=81 predicted_1=71
2026-08-22 04:36:45 - INFO - Epoch 22/30 | Train loss: 0.000007 | Val loss: 1.452909 | LR: 2.00e-05 | Best epoch: 17 | Patience: 5 | Train: 7.18s | Validation: 0.80s | Epoch: 7.98s | Total: 178.74s
2026-08-22 04:36:45 - INFO - RecAdam target-task weight at epoch end: 1.000000
2026-08-22 04:36:45 - INFO - [Classification Report - split=train epoch=22 - threshold=0.50]
2026-08-22 04:36:45 - INFO -                 precision    recall  f1-score   support
2026-08-22 04:36:45 - INFO - 
2026-08-22 04:36:45 - INFO -       safe (0)     1.0000    1.0000    1.0000       226
2026-08-22 04:36:45 - INFO - vulnerable (1)     1.0000    1.0000    1.0000       230
2026-08-22 04:36:45 - INFO - 
2026-08-22 04:36:45 - INFO -       accuracy                         1.0000       456
2026-08-22 04:36:45 - INFO -      macro avg     1.0000    1.0000    1.0000       456
2026-08-22 04:36:45 - INFO -   weighted avg     1.0000    1.0000    1.0000       456
2026-08-22 04:36:45 - INFO - Confusion matrix - [[tn=226, fp=0], [fn=0, tp=230]]
2026-08-22 04:36:45 - INFO - probability_positive min=0.0000 mean=0.5044 std=0.5000 max=1.0000 predicted_0=226 predicted_1=230
2026-08-22 04:36:45 - INFO - [Classification Report - split=validation epoch=22 - threshold=0.50]
2026-08-22 04:36:45 - INFO -                 precision    recall  f1-score   support
2026-08-22 04:36:45 - INFO - 
2026-08-22 04:36:45 - INFO -       safe (0)     0.8642    0.8750    0.8696        80
2026-08-22 04:36:45 - INFO - vulnerable (1)     0.8592    0.8472    0.8531        72
2026-08-22 04:36:45 - INFO - 
2026-08-22 04:36:45 - INFO -       accuracy                         0.8618       152
2026-08-22 04:36:45 - INFO -      macro avg     0.8617    0.8611    0.8614       152
2026-08-22 04:36:45 - INFO -   weighted avg     0.8618    0.8618    0.8618       152
2026-08-22 04:36:45 - INFO - Confusion matrix - [[tn=70, fp=10], [fn=11, tp=61]]
2026-08-22 04:36:45 - INFO - probability_positive min=0.0000 mean=0.4628 std=0.4937 max=1.0000 predicted_0=81 predicted_1=71
2026-08-22 04:36:45 - INFO - Early stopping | Epoch: 22 | Best epoch: 17
2026-08-22 04:36:45 - INFO - Best checkpoint saved | Path: model/fam1_unixcoder/transfer_latent_proto/seed_42/fold2/best.pt | Epoch: 17 | Val macro_f1: 0.881394
2026-08-22 04:36:45 - INFO - Training finished | Elapsed: 178.74s
2026-08-22 04:36:45 - INFO - Run finished | Phase: phase2 | Fold: 2 | Seed: 42 | Elapsed: 181.19s
