2026-08-22 09:08:02 - INFO - Using device: cuda
2026-08-22 09:08:02 - INFO - Run started | Run: fam1_unixcoder | Method: transfer_cwe | Phase: phase2 | Fold: 3 | Seed: 7 | Device: cuda
2026-08-22 09:08:02 - INFO - Loading Python training data: data/sven_python_folds_norm/fold3/train.jsonl
2026-08-22 09:08:02 - INFO - Loading Python validation data: data/sven_python_folds_norm/fold3/val.jsonl
2026-08-22 09:08:02 - INFO - Data split: python_train | Total: 456 | Labels: {0: 217, 1: 239} | CWEs: {'CWE-022': 40, 'CWE-078': 125, 'CWE-079': 49, 'CWE-089': 242} | Languages: {'python': 456} | Invalid CWE: 0
2026-08-22 09:08:02 - INFO - Data split: python_val | Total: 152 | Labels: {0: 83, 1: 69} | CWEs: {'CWE-022': 11, 'CWE-078': 41, 'CWE-079': 13, 'CWE-089': 87} | Languages: {'python': 152} | Invalid CWE: 0
2026-08-22 09:08:03 - INFO - Auxiliary head width taken from checkpoint: 4
2026-08-22 09:08:04 - INFO - Loaded source checkpoint: model/fam1_unixcoder/transfer_cwe/seed_7/source/best.pt | Best epoch: 14 | Best Val Macro-F1: 0.688948
2026-08-22 09:08:04 - INFO - RecAdam schedule | Total steps: 870 | Steps/epoch: 29 | Anneal t0: 43 | Weights: {1: 0.10909682119561293, 29: 0.3318122278318339, 43: 0.5, 870: 1.0}
2026-08-22 09:08:04 - INFO - Environment: {"components": {"backbone": {"frozen": 0, "total": 125929728, "trainable": 125929728}, "cwe_head": {"frozen": 3076, "total": 3076, "trainable": 0}, "vul_head": {"frozen": 0, "total": 1538, "trainable": 1538}}, "cuda": "12.8", "fold": 3, "frozen_parameters": 3076, "gpu": "NVIDIA GeForce RTX 5070 Ti", "hyperparameters": {"anneal_fun": "sigmoid", "anneal_k": 0.05, "anneal_t0_ratio": 0.05, "anneal_w": 1.0, "aux_mode": "cwe", "batch_size": 16, "checkpoint_path": "model/fam1_unixcoder/transfer_cwe/seed_7/fold3/best.pt", "cwe_vocab": "fixed4", "data_path": "data/train_ccpp_filtered.jsonl", "data_root": "data/sven_python_folds_norm", "epochs": 30, "eval_batch_size": 16, "fold": 3, "freeze_backbone_layers": 0, "freeze_prototypes_steps": 0, "lambda_cwe": 0.2, "latent_temperature": 0.1, "learning_rate": 2e-05, "lora_rank": 0, "lp_epochs": 0, "lp_learning_rate": 0.001, "max_eval_samples": null, "max_grad_norm": 1.0, "max_length": 512, "max_train_samples": null, "method_name": "transfer_cwe", "min_epochs": 3, "model_name": "microsoft/unixcoder-base", "num_cwes": 4, "num_latent": 8, "num_workers": 0, "output_dir": "results/fam1_unixcoder/transfer_cwe", "patience": 5, "phase": "phase2", "phase2_optimizer": "recadam", "pooling": "cls", "pretrain_cof": 5000.0, "recadam_anchor": "source", "result_path": "results/fam1_unixcoder/transfer_cwe/seed_7/fold3.json", "run_name": "fam1_unixcoder", "seed": 7, "selection_metric": "macro_f1", "source_checkpoint": "model/fam1_unixcoder/transfer_cwe/seed_7/source/best.pt", "source_interpolation": 1.0, "strict_determinism": false, "target_lang": "python", "test_path": null, "train_path": null, "truncation_strategy": "head_middle_tail", "val_path": null, "weight_decay": 0.01}, "mode": "phase2_train", "model_name": "microsoft/unixcoder-base", "seed": 7, "sklearn": "1.9.0", "torch": "2.11.0+cu128", "trainable_parameters": 125931266, "transformers": "4.57.1"}
2026-08-22 09:08:04 - INFO - Training started | Phase: phase2 | Epochs: 30
2026-08-22 09:08:04 - INFO - RecAdam first-step safety checks passed
2026-08-22 09:08:12 - INFO - Epoch 1/30 | Train loss: 0.953607 | Val loss: 0.622501 | LR: 2.00e-05 | Best epoch: 1 | Patience: 0 | Train: 7.37s | Validation: 0.80s | Epoch: 8.37s | Total: 8.37s
2026-08-22 09:08:12 - INFO - RecAdam target-task weight at epoch end: 0.331812
2026-08-22 09:08:12 - INFO - [Classification Report - split=train epoch=1 - threshold=0.50]
2026-08-22 09:08:12 - INFO -                 precision    recall  f1-score   support
2026-08-22 09:08:12 - INFO - 
2026-08-22 09:08:12 - INFO -       safe (0)     0.6641    0.3917    0.4928       217
2026-08-22 09:08:12 - INFO - vulnerable (1)     0.5976    0.8201    0.6914       239
2026-08-22 09:08:12 - INFO - 
2026-08-22 09:08:12 - INFO -       accuracy                         0.6162       456
2026-08-22 09:08:12 - INFO -      macro avg     0.6308    0.6059    0.5921       456
2026-08-22 09:08:12 - INFO -   weighted avg     0.6292    0.6162    0.5968       456
2026-08-22 09:08:12 - INFO - Confusion matrix - [[tn=85, fp=132], [fn=43, tp=196]]
2026-08-22 09:08:12 - INFO - probability_positive min=0.0000 mean=0.6278 std=0.3063 max=0.9999 predicted_0=128 predicted_1=328
2026-08-22 09:08:12 - INFO - [Classification Report - split=validation epoch=1 - threshold=0.50]
2026-08-22 09:08:12 - INFO -                 precision    recall  f1-score   support
2026-08-22 09:08:12 - INFO - 
2026-08-22 09:08:12 - INFO -       safe (0)     0.6986    0.6145    0.6538        83
2026-08-22 09:08:12 - INFO - vulnerable (1)     0.5949    0.6812    0.6351        69
2026-08-22 09:08:12 - INFO - 
2026-08-22 09:08:12 - INFO -       accuracy                         0.6447       152
2026-08-22 09:08:12 - INFO -      macro avg     0.6468    0.6478    0.6445       152
2026-08-22 09:08:12 - INFO -   weighted avg     0.6516    0.6447    0.6454       152
2026-08-22 09:08:12 - INFO - Confusion matrix - [[tn=51, fp=32], [fn=22, tp=47]]
2026-08-22 09:08:12 - INFO - probability_positive min=0.0000 mean=0.4913 std=0.2931 max=0.9811 predicted_0=73 predicted_1=79
2026-08-22 09:08:12 - INFO - New best model | Macro-F1: 0.644491 | Epoch: 1
2026-08-22 09:08:21 - INFO - Epoch 2/30 | Train loss: 0.724154 | Val loss: 0.555929 | LR: 2.00e-05 | Best epoch: 2 | Patience: 0 | Train: 7.17s | Validation: 0.80s | Epoch: 8.23s | Total: 16.61s
2026-08-22 09:08:21 - INFO - RecAdam target-task weight at epoch end: 0.679179
2026-08-22 09:08:21 - INFO - [Classification Report - split=train epoch=2 - threshold=0.50]
2026-08-22 09:08:21 - INFO -                 precision    recall  f1-score   support
2026-08-22 09:08:21 - INFO - 
2026-08-22 09:08:21 - INFO -       safe (0)     0.5935    0.5853    0.5893       217
2026-08-22 09:08:21 - INFO - vulnerable (1)     0.6281    0.6360    0.6320       239
2026-08-22 09:08:21 - INFO - 
2026-08-22 09:08:21 - INFO -       accuracy                         0.6118       456
2026-08-22 09:08:21 - INFO -      macro avg     0.6108    0.6106    0.6107       456
2026-08-22 09:08:21 - INFO -   weighted avg     0.6116    0.6118    0.6117       456
2026-08-22 09:08:21 - INFO - Confusion matrix - [[tn=127, fp=90], [fn=87, tp=152]]
2026-08-22 09:08:21 - INFO - probability_positive min=0.0000 mean=0.5027 std=0.2519 max=0.9883 predicted_0=214 predicted_1=242
2026-08-22 09:08:21 - INFO - [Classification Report - split=validation epoch=2 - threshold=0.50]
2026-08-22 09:08:21 - INFO -                 precision    recall  f1-score   support
2026-08-22 09:08:21 - INFO - 
2026-08-22 09:08:21 - INFO -       safe (0)     0.8070    0.5542    0.6571        83
2026-08-22 09:08:21 - INFO - vulnerable (1)     0.6105    0.8406    0.7073        69
2026-08-22 09:08:21 - INFO - 
2026-08-22 09:08:21 - INFO -       accuracy                         0.6842       152
2026-08-22 09:08:21 - INFO -      macro avg     0.7088    0.6974    0.6822       152
2026-08-22 09:08:21 - INFO -   weighted avg     0.7178    0.6842    0.6799       152
2026-08-22 09:08:21 - INFO - Confusion matrix - [[tn=46, fp=37], [fn=11, tp=58]]
2026-08-22 09:08:21 - INFO - probability_positive min=0.0000 mean=0.5201 std=0.2489 max=0.9281 predicted_0=57 predicted_1=95
2026-08-22 09:08:21 - INFO - New best model | Macro-F1: 0.682230 | Epoch: 2
2026-08-22 09:08:29 - INFO - Epoch 3/30 | Train loss: 0.596489 | Val loss: 0.441489 | LR: 2.00e-05 | Best epoch: 3 | Patience: 0 | Train: 7.16s | Validation: 0.80s | Epoch: 8.22s | Total: 24.84s
2026-08-22 09:08:29 - INFO - RecAdam target-task weight at epoch end: 0.900250
2026-08-22 09:08:29 - INFO - [Classification Report - split=train epoch=3 - threshold=0.50]
2026-08-22 09:08:29 - INFO -                 precision    recall  f1-score   support
2026-08-22 09:08:29 - INFO - 
2026-08-22 09:08:29 - INFO -       safe (0)     0.7228    0.6129    0.6633       217
2026-08-22 09:08:29 - INFO - vulnerable (1)     0.6912    0.7866    0.7358       239
2026-08-22 09:08:29 - INFO - 
2026-08-22 09:08:29 - INFO -       accuracy                         0.7039       456
2026-08-22 09:08:29 - INFO -      macro avg     0.7070    0.6998    0.6996       456
2026-08-22 09:08:29 - INFO -   weighted avg     0.7062    0.7039    0.7013       456
2026-08-22 09:08:29 - INFO - Confusion matrix - [[tn=133, fp=84], [fn=51, tp=188]]
2026-08-22 09:08:29 - INFO - probability_positive min=0.0000 mean=0.5325 std=0.2592 max=0.9927 predicted_0=184 predicted_1=272
2026-08-22 09:08:29 - INFO - [Classification Report - split=validation epoch=3 - threshold=0.50]
2026-08-22 09:08:29 - INFO -                 precision    recall  f1-score   support
2026-08-22 09:08:29 - INFO - 
2026-08-22 09:08:29 - INFO -       safe (0)     0.8400    0.7590    0.7975        83
2026-08-22 09:08:29 - INFO - vulnerable (1)     0.7403    0.8261    0.7808        69
2026-08-22 09:08:29 - INFO - 
2026-08-22 09:08:29 - INFO -       accuracy                         0.7895       152
2026-08-22 09:08:29 - INFO -      macro avg     0.7901    0.7926    0.7891       152
2026-08-22 09:08:29 - INFO -   weighted avg     0.7947    0.7895    0.7899       152
2026-08-22 09:08:29 - INFO - Confusion matrix - [[tn=63, fp=20], [fn=12, tp=57]]
2026-08-22 09:08:29 - INFO - probability_positive min=0.0000 mean=0.4538 std=0.3060 max=0.9293 predicted_0=75 predicted_1=77
2026-08-22 09:08:29 - INFO - New best model | Macro-F1: 0.789145 | Epoch: 3
2026-08-22 09:08:37 - INFO - Epoch 4/30 | Train loss: 0.323719 | Val loss: 0.350806 | LR: 2.00e-05 | Best epoch: 4 | Patience: 0 | Train: 7.17s | Validation: 0.80s | Epoch: 8.23s | Total: 33.09s
2026-08-22 09:08:37 - INFO - RecAdam target-task weight at epoch end: 0.974667
2026-08-22 09:08:37 - INFO - [Classification Report - split=train epoch=4 - threshold=0.50]
2026-08-22 09:08:37 - INFO -                 precision    recall  f1-score   support
2026-08-22 09:08:37 - INFO - 
2026-08-22 09:08:37 - INFO -       safe (0)     0.9055    0.8387    0.8708       217
2026-08-22 09:08:37 - INFO - vulnerable (1)     0.8627    0.9205    0.8907       239
2026-08-22 09:08:37 - INFO - 
2026-08-22 09:08:37 - INFO -       accuracy                         0.8816       456
2026-08-22 09:08:37 - INFO -      macro avg     0.8841    0.8796    0.8808       456
2026-08-22 09:08:37 - INFO -   weighted avg     0.8831    0.8816    0.8812       456
2026-08-22 09:08:37 - INFO - Confusion matrix - [[tn=182, fp=35], [fn=19, tp=220]]
2026-08-22 09:08:37 - INFO - probability_positive min=0.0000 mean=0.5243 std=0.3776 max=0.9999 predicted_0=201 predicted_1=255
2026-08-22 09:08:37 - INFO - [Classification Report - split=validation epoch=4 - threshold=0.50]
2026-08-22 09:08:37 - INFO -                 precision    recall  f1-score   support
2026-08-22 09:08:37 - INFO - 
2026-08-22 09:08:37 - INFO -       safe (0)     0.8987    0.8554    0.8765        83
2026-08-22 09:08:37 - INFO - vulnerable (1)     0.8356    0.8841    0.8592        69
2026-08-22 09:08:37 - INFO - 
2026-08-22 09:08:37 - INFO -       accuracy                         0.8684       152
2026-08-22 09:08:37 - INFO -      macro avg     0.8672    0.8697    0.8678       152
2026-08-22 09:08:37 - INFO -   weighted avg     0.8701    0.8684    0.8686       152
2026-08-22 09:08:37 - INFO - Confusion matrix - [[tn=71, fp=12], [fn=8, tp=61]]
2026-08-22 09:08:37 - INFO - probability_positive min=0.0000 mean=0.4677 std=0.4431 max=1.0000 predicted_0=79 predicted_1=73
2026-08-22 09:08:37 - INFO - New best model | Macro-F1: 0.867849 | Epoch: 4
2026-08-22 09:08:45 - INFO - Epoch 5/30 | Train loss: 0.181538 | Val loss: 0.544579 | LR: 2.00e-05 | Best epoch: 4 | Patience: 1 | Train: 7.16s | Validation: 0.80s | Epoch: 7.96s | Total: 41.06s
2026-08-22 09:08:45 - INFO - RecAdam target-task weight at epoch end: 0.993940
2026-08-22 09:08:45 - INFO - [Classification Report - split=train epoch=5 - threshold=0.50]
2026-08-22 09:08:45 - INFO -                 precision    recall  f1-score   support
2026-08-22 09:08:45 - INFO - 
2026-08-22 09:08:45 - INFO -       safe (0)     0.9309    0.9309    0.9309       217
2026-08-22 09:08:45 - INFO - vulnerable (1)     0.9372    0.9372    0.9372       239
2026-08-22 09:08:45 - INFO - 
2026-08-22 09:08:45 - INFO -       accuracy                         0.9342       456
2026-08-22 09:08:45 - INFO -      macro avg     0.9341    0.9341    0.9341       456
2026-08-22 09:08:45 - INFO -   weighted avg     0.9342    0.9342    0.9342       456
2026-08-22 09:08:45 - INFO - Confusion matrix - [[tn=202, fp=15], [fn=15, tp=224]]
2026-08-22 09:08:45 - INFO - probability_positive min=0.0000 mean=0.5124 std=0.4501 max=1.0000 predicted_0=217 predicted_1=239
2026-08-22 09:08:45 - INFO - [Classification Report - split=validation epoch=5 - threshold=0.50]
2026-08-22 09:08:45 - INFO -                 precision    recall  f1-score   support
2026-08-22 09:08:45 - INFO - 
2026-08-22 09:08:45 - INFO -       safe (0)     0.9079    0.8313    0.8679        83
2026-08-22 09:08:45 - INFO - vulnerable (1)     0.8158    0.8986    0.8552        69
2026-08-22 09:08:45 - INFO - 
2026-08-22 09:08:45 - INFO -       accuracy                         0.8618       152
2026-08-22 09:08:45 - INFO -      macro avg     0.8618    0.8649    0.8615       152
2026-08-22 09:08:45 - INFO -   weighted avg     0.8661    0.8618    0.8621       152
2026-08-22 09:08:45 - INFO - Confusion matrix - [[tn=69, fp=14], [fn=7, tp=62]]
2026-08-22 09:08:45 - INFO - probability_positive min=0.0000 mean=0.4979 std=0.4811 max=1.0000 predicted_0=76 predicted_1=76
2026-08-22 09:08:53 - INFO - Epoch 6/30 | Train loss: 0.150006 | Val loss: 0.664565 | LR: 2.00e-05 | Best epoch: 4 | Patience: 2 | Train: 7.17s | Validation: 0.80s | Epoch: 7.96s | Total: 49.03s
2026-08-22 09:08:53 - INFO - RecAdam target-task weight at epoch end: 0.998572
2026-08-22 09:08:53 - INFO - [Classification Report - split=train epoch=6 - threshold=0.50]
2026-08-22 09:08:53 - INFO -                 precision    recall  f1-score   support
2026-08-22 09:08:53 - INFO - 
2026-08-22 09:08:53 - INFO -       safe (0)     0.9713    0.9355    0.9531       217
2026-08-22 09:08:53 - INFO - vulnerable (1)     0.9433    0.9749    0.9588       239
2026-08-22 09:08:53 - INFO - 
2026-08-22 09:08:53 - INFO -       accuracy                         0.9561       456
2026-08-22 09:08:53 - INFO -      macro avg     0.9573    0.9552    0.9559       456
2026-08-22 09:08:53 - INFO -   weighted avg     0.9566    0.9561    0.9561       456
2026-08-22 09:08:53 - INFO - Confusion matrix - [[tn=203, fp=14], [fn=6, tp=233]]
2026-08-22 09:08:53 - INFO - probability_positive min=0.0000 mean=0.5364 std=0.4826 max=1.0000 predicted_0=209 predicted_1=247
2026-08-22 09:08:53 - INFO - [Classification Report - split=validation epoch=6 - threshold=0.50]
2026-08-22 09:08:53 - INFO -                 precision    recall  f1-score   support
2026-08-22 09:08:53 - INFO - 
2026-08-22 09:08:53 - INFO -       safe (0)     0.8659    0.8554    0.8606        83
2026-08-22 09:08:53 - INFO - vulnerable (1)     0.8286    0.8406    0.8345        69
2026-08-22 09:08:53 - INFO - 
2026-08-22 09:08:53 - INFO -       accuracy                         0.8487       152
2026-08-22 09:08:53 - INFO -      macro avg     0.8472    0.8480    0.8476       152
2026-08-22 09:08:53 - INFO -   weighted avg     0.8489    0.8487    0.8488       152
2026-08-22 09:08:53 - INFO - Confusion matrix - [[tn=71, fp=12], [fn=11, tp=58]]
2026-08-22 09:08:53 - INFO - probability_positive min=0.0000 mean=0.4425 std=0.4710 max=1.0000 predicted_0=82 predicted_1=70
2026-08-22 09:09:01 - INFO - Epoch 7/30 | Train loss: 0.142344 | Val loss: 0.844919 | LR: 2.00e-05 | Best epoch: 7 | Patience: 0 | Train: 7.16s | Validation: 0.80s | Epoch: 8.22s | Total: 57.25s
2026-08-22 09:09:01 - INFO - RecAdam target-task weight at epoch end: 0.999665
2026-08-22 09:09:01 - INFO - [Classification Report - split=train epoch=7 - threshold=0.50]
2026-08-22 09:09:01 - INFO -                 precision    recall  f1-score   support
2026-08-22 09:09:01 - INFO - 
2026-08-22 09:09:01 - INFO -       safe (0)     0.9543    0.9631    0.9587       217
2026-08-22 09:09:01 - INFO - vulnerable (1)     0.9662    0.9582    0.9622       239
2026-08-22 09:09:01 - INFO - 
2026-08-22 09:09:01 - INFO -       accuracy                         0.9605       456
2026-08-22 09:09:01 - INFO -      macro avg     0.9603    0.9606    0.9605       456
2026-08-22 09:09:01 - INFO -   weighted avg     0.9606    0.9605    0.9605       456
2026-08-22 09:09:01 - INFO - Confusion matrix - [[tn=209, fp=8], [fn=10, tp=229]]
2026-08-22 09:09:01 - INFO - probability_positive min=0.0000 mean=0.5186 std=0.4805 max=1.0000 predicted_0=219 predicted_1=237
2026-08-22 09:09:01 - INFO - [Classification Report - split=validation epoch=7 - threshold=0.50]
2026-08-22 09:09:01 - INFO -                 precision    recall  f1-score   support
2026-08-22 09:09:01 - INFO - 
2026-08-22 09:09:01 - INFO -       safe (0)     0.9200    0.8313    0.8734        83
2026-08-22 09:09:01 - INFO - vulnerable (1)     0.8182    0.9130    0.8630        69
2026-08-22 09:09:01 - INFO - 
2026-08-22 09:09:01 - INFO -       accuracy                         0.8684       152
2026-08-22 09:09:01 - INFO -      macro avg     0.8691    0.8722    0.8682       152
2026-08-22 09:09:01 - INFO -   weighted avg     0.8738    0.8684    0.8687       152
2026-08-22 09:09:01 - INFO - Confusion matrix - [[tn=69, fp=14], [fn=6, tp=63]]
2026-08-22 09:09:01 - INFO - probability_positive min=0.0000 mean=0.5045 std=0.4909 max=1.0000 predicted_0=75 predicted_1=77
2026-08-22 09:09:01 - INFO - New best model | Macro-F1: 0.868216 | Epoch: 7
2026-08-22 09:09:09 - INFO - Epoch 8/30 | Train loss: 0.114158 | Val loss: 1.095968 | LR: 2.00e-05 | Best epoch: 8 | Patience: 0 | Train: 7.17s | Validation: 0.80s | Epoch: 8.23s | Total: 65.50s
2026-08-22 09:09:09 - INFO - RecAdam target-task weight at epoch end: 0.999921
2026-08-22 09:09:09 - INFO - [Classification Report - split=train epoch=8 - threshold=0.50]
2026-08-22 09:09:09 - INFO -                 precision    recall  f1-score   support
2026-08-22 09:09:09 - INFO - 
2026-08-22 09:09:09 - INFO -       safe (0)     0.9671    0.9493    0.9581       217
2026-08-22 09:09:09 - INFO - vulnerable (1)     0.9547    0.9707    0.9627       239
2026-08-22 09:09:09 - INFO - 
2026-08-22 09:09:09 - INFO -       accuracy                         0.9605       456
2026-08-22 09:09:09 - INFO -      macro avg     0.9609    0.9600    0.9604       456
2026-08-22 09:09:09 - INFO -   weighted avg     0.9606    0.9605    0.9605       456
2026-08-22 09:09:09 - INFO - Confusion matrix - [[tn=206, fp=11], [fn=7, tp=232]]
2026-08-22 09:09:09 - INFO - probability_positive min=0.0000 mean=0.5297 std=0.4901 max=1.0000 predicted_0=213 predicted_1=243
2026-08-22 09:09:09 - INFO - [Classification Report - split=validation epoch=8 - threshold=0.50]
2026-08-22 09:09:09 - INFO -                 precision    recall  f1-score   support
2026-08-22 09:09:09 - INFO - 
2026-08-22 09:09:09 - INFO -       safe (0)     0.9444    0.8193    0.8774        83
2026-08-22 09:09:09 - INFO - vulnerable (1)     0.8125    0.9420    0.8725        69
2026-08-22 09:09:09 - INFO - 
2026-08-22 09:09:09 - INFO -       accuracy                         0.8750       152
2026-08-22 09:09:09 - INFO -      macro avg     0.8785    0.8807    0.8750       152
2026-08-22 09:09:09 - INFO -   weighted avg     0.8845    0.8750    0.8752       152
2026-08-22 09:09:09 - INFO - Confusion matrix - [[tn=68, fp=15], [fn=4, tp=65]]
2026-08-22 09:09:09 - INFO - probability_positive min=0.0000 mean=0.5237 std=0.4953 max=1.0000 predicted_0=72 predicted_1=80
2026-08-22 09:09:09 - INFO - New best model | Macro-F1: 0.874951 | Epoch: 8
2026-08-22 09:09:17 - INFO - Epoch 9/30 | Train loss: 0.103283 | Val loss: 0.801315 | LR: 2.00e-05 | Best epoch: 8 | Patience: 1 | Train: 7.16s | Validation: 0.80s | Epoch: 7.96s | Total: 73.47s
2026-08-22 09:09:17 - INFO - RecAdam target-task weight at epoch end: 0.999982
2026-08-22 09:09:17 - INFO - [Classification Report - split=train epoch=9 - threshold=0.50]
2026-08-22 09:09:17 - INFO -                 precision    recall  f1-score   support
2026-08-22 09:09:17 - INFO - 
2026-08-22 09:09:17 - INFO -       safe (0)     0.9810    0.9539    0.9673       217
2026-08-22 09:09:17 - INFO - vulnerable (1)     0.9592    0.9833    0.9711       239
2026-08-22 09:09:17 - INFO - 
2026-08-22 09:09:17 - INFO -       accuracy                         0.9693       456
2026-08-22 09:09:17 - INFO -      macro avg     0.9701    0.9686    0.9692       456
2026-08-22 09:09:17 - INFO -   weighted avg     0.9696    0.9693    0.9693       456
2026-08-22 09:09:17 - INFO - Confusion matrix - [[tn=207, fp=10], [fn=4, tp=235]]
2026-08-22 09:09:17 - INFO - probability_positive min=0.0000 mean=0.5319 std=0.4911 max=1.0000 predicted_0=211 predicted_1=245
2026-08-22 09:09:17 - INFO - [Classification Report - split=validation epoch=9 - threshold=0.50]
2026-08-22 09:09:17 - INFO -                 precision    recall  f1-score   support
2026-08-22 09:09:17 - INFO - 
2026-08-22 09:09:17 - INFO -       safe (0)     0.9189    0.8193    0.8662        83
2026-08-22 09:09:17 - INFO - vulnerable (1)     0.8077    0.9130    0.8571        69
2026-08-22 09:09:17 - INFO - 
2026-08-22 09:09:17 - INFO -       accuracy                         0.8618       152
2026-08-22 09:09:17 - INFO -      macro avg     0.8633    0.8662    0.8617       152
2026-08-22 09:09:17 - INFO -   weighted avg     0.8684    0.8618    0.8621       152
2026-08-22 09:09:17 - INFO - Confusion matrix - [[tn=68, fp=15], [fn=6, tp=63]]
2026-08-22 09:09:17 - INFO - probability_positive min=0.0000 mean=0.5065 std=0.4882 max=1.0000 predicted_0=74 predicted_1=78
2026-08-22 09:09:25 - INFO - Epoch 10/30 | Train loss: 0.054808 | Val loss: 0.965515 | LR: 2.00e-05 | Best epoch: 8 | Patience: 2 | Train: 7.16s | Validation: 0.80s | Epoch: 7.96s | Total: 81.44s
2026-08-22 09:09:25 - INFO - RecAdam target-task weight at epoch end: 0.999996
2026-08-22 09:09:25 - INFO - [Classification Report - split=train epoch=10 - threshold=0.50]
2026-08-22 09:09:25 - INFO -                 precision    recall  f1-score   support
2026-08-22 09:09:25 - INFO - 
2026-08-22 09:09:25 - INFO -       safe (0)     0.9860    0.9770    0.9815       217
2026-08-22 09:09:25 - INFO - vulnerable (1)     0.9793    0.9874    0.9833       239
2026-08-22 09:09:25 - INFO - 
2026-08-22 09:09:25 - INFO -       accuracy                         0.9825       456
2026-08-22 09:09:25 - INFO -      macro avg     0.9826    0.9822    0.9824       456
2026-08-22 09:09:25 - INFO -   weighted avg     0.9825    0.9825    0.9825       456
2026-08-22 09:09:25 - INFO - Confusion matrix - [[tn=212, fp=5], [fn=3, tp=236]]
2026-08-22 09:09:25 - INFO - probability_positive min=0.0000 mean=0.5264 std=0.4940 max=1.0000 predicted_0=215 predicted_1=241
2026-08-22 09:09:25 - INFO - [Classification Report - split=validation epoch=10 - threshold=0.50]
2026-08-22 09:09:25 - INFO -                 precision    recall  f1-score   support
2026-08-22 09:09:25 - INFO - 
2026-08-22 09:09:25 - INFO -       safe (0)     0.9200    0.8313    0.8734        83
2026-08-22 09:09:25 - INFO - vulnerable (1)     0.8182    0.9130    0.8630        69
2026-08-22 09:09:25 - INFO - 
2026-08-22 09:09:25 - INFO -       accuracy                         0.8684       152
2026-08-22 09:09:25 - INFO -      macro avg     0.8691    0.8722    0.8682       152
2026-08-22 09:09:25 - INFO -   weighted avg     0.8738    0.8684    0.8687       152
2026-08-22 09:09:25 - INFO - Confusion matrix - [[tn=69, fp=14], [fn=6, tp=63]]
2026-08-22 09:09:25 - INFO - probability_positive min=0.0000 mean=0.5042 std=0.4914 max=1.0000 predicted_0=75 predicted_1=77
2026-08-22 09:09:33 - INFO - Epoch 11/30 | Train loss: 0.024914 | Val loss: 1.204925 | LR: 2.00e-05 | Best epoch: 8 | Patience: 3 | Train: 7.16s | Validation: 0.80s | Epoch: 7.96s | Total: 89.40s
2026-08-22 09:09:33 - INFO - RecAdam target-task weight at epoch end: 0.999999
2026-08-22 09:09:33 - INFO - [Classification Report - split=train epoch=11 - threshold=0.50]
2026-08-22 09:09:33 - INFO -                 precision    recall  f1-score   support
2026-08-22 09:09:33 - INFO - 
2026-08-22 09:09:33 - INFO -       safe (0)     0.9908    0.9908    0.9908       217
2026-08-22 09:09:33 - INFO - vulnerable (1)     0.9916    0.9916    0.9916       239
2026-08-22 09:09:33 - INFO - 
2026-08-22 09:09:33 - INFO -       accuracy                         0.9912       456
2026-08-22 09:09:33 - INFO -      macro avg     0.9912    0.9912    0.9912       456
2026-08-22 09:09:33 - INFO -   weighted avg     0.9912    0.9912    0.9912       456
2026-08-22 09:09:33 - INFO - Confusion matrix - [[tn=215, fp=2], [fn=2, tp=237]]
2026-08-22 09:09:33 - INFO - probability_positive min=0.0000 mean=0.5230 std=0.4962 max=1.0000 predicted_0=217 predicted_1=239
2026-08-22 09:09:33 - INFO - [Classification Report - split=validation epoch=11 - threshold=0.50]
2026-08-22 09:09:33 - INFO -                 precision    recall  f1-score   support
2026-08-22 09:09:33 - INFO - 
2026-08-22 09:09:33 - INFO -       safe (0)     0.9315    0.8193    0.8718        83
2026-08-22 09:09:33 - INFO - vulnerable (1)     0.8101    0.9275    0.8649        69
2026-08-22 09:09:33 - INFO - 
2026-08-22 09:09:33 - INFO -       accuracy                         0.8684       152
2026-08-22 09:09:33 - INFO -      macro avg     0.8708    0.8734    0.8683       152
2026-08-22 09:09:33 - INFO -   weighted avg     0.8764    0.8684    0.8686       152
2026-08-22 09:09:33 - INFO - Confusion matrix - [[tn=68, fp=15], [fn=5, tp=64]]
2026-08-22 09:09:33 - INFO - probability_positive min=0.0000 mean=0.5161 std=0.4958 max=1.0000 predicted_0=73 predicted_1=79
2026-08-22 09:09:41 - INFO - Epoch 12/30 | Train loss: 0.050313 | Val loss: 1.017505 | LR: 2.00e-05 | Best epoch: 8 | Patience: 4 | Train: 7.16s | Validation: 0.80s | Epoch: 7.96s | Total: 97.36s
2026-08-22 09:09:41 - INFO - RecAdam target-task weight at epoch end: 1.000000
2026-08-22 09:09:41 - INFO - [Classification Report - split=train epoch=12 - threshold=0.50]
2026-08-22 09:09:41 - INFO -                 precision    recall  f1-score   support
2026-08-22 09:09:41 - INFO - 
2026-08-22 09:09:41 - INFO -       safe (0)     0.9907    0.9816    0.9861       217
2026-08-22 09:09:41 - INFO - vulnerable (1)     0.9834    0.9916    0.9875       239
2026-08-22 09:09:41 - INFO - 
2026-08-22 09:09:41 - INFO -       accuracy                         0.9868       456
2026-08-22 09:09:41 - INFO -      macro avg     0.9871    0.9866    0.9868       456
2026-08-22 09:09:41 - INFO -   weighted avg     0.9869    0.9868    0.9868       456
2026-08-22 09:09:41 - INFO - Confusion matrix - [[tn=213, fp=4], [fn=2, tp=237]]
2026-08-22 09:09:41 - INFO - probability_positive min=0.0000 mean=0.5246 std=0.4958 max=1.0000 predicted_0=215 predicted_1=241
2026-08-22 09:09:41 - INFO - [Classification Report - split=validation epoch=12 - threshold=0.50]
2026-08-22 09:09:41 - INFO -                 precision    recall  f1-score   support
2026-08-22 09:09:41 - INFO - 
2026-08-22 09:09:41 - INFO -       safe (0)     0.9315    0.8193    0.8718        83
2026-08-22 09:09:41 - INFO - vulnerable (1)     0.8101    0.9275    0.8649        69
2026-08-22 09:09:41 - INFO - 
2026-08-22 09:09:41 - INFO -       accuracy                         0.8684       152
2026-08-22 09:09:41 - INFO -      macro avg     0.8708    0.8734    0.8683       152
2026-08-22 09:09:41 - INFO -   weighted avg     0.8764    0.8684    0.8686       152
2026-08-22 09:09:41 - INFO - Confusion matrix - [[tn=68, fp=15], [fn=5, tp=64]]
2026-08-22 09:09:41 - INFO - probability_positive min=0.0000 mean=0.5107 std=0.4925 max=1.0000 predicted_0=73 predicted_1=79
2026-08-22 09:09:49 - INFO - Epoch 13/30 | Train loss: 0.019307 | Val loss: 1.107059 | LR: 2.00e-05 | Best epoch: 8 | Patience: 5 | Train: 7.16s | Validation: 0.80s | Epoch: 7.96s | Total: 105.33s
2026-08-22 09:09:49 - INFO - RecAdam target-task weight at epoch end: 1.000000
2026-08-22 09:09:49 - INFO - [Classification Report - split=train epoch=13 - threshold=0.50]
2026-08-22 09:09:49 - INFO -                 precision    recall  f1-score   support
2026-08-22 09:09:49 - INFO - 
2026-08-22 09:09:49 - INFO -       safe (0)     0.9954    0.9908    0.9931       217
2026-08-22 09:09:49 - INFO - vulnerable (1)     0.9917    0.9958    0.9937       239
2026-08-22 09:09:49 - INFO - 
2026-08-22 09:09:49 - INFO -       accuracy                         0.9934       456
2026-08-22 09:09:49 - INFO -      macro avg     0.9935    0.9933    0.9934       456
2026-08-22 09:09:49 - INFO -   weighted avg     0.9934    0.9934    0.9934       456
2026-08-22 09:09:49 - INFO - Confusion matrix - [[tn=215, fp=2], [fn=1, tp=238]]
2026-08-22 09:09:49 - INFO - probability_positive min=0.0000 mean=0.5265 std=0.4970 max=1.0000 predicted_0=216 predicted_1=240
2026-08-22 09:09:49 - INFO - [Classification Report - split=validation epoch=13 - threshold=0.50]
2026-08-22 09:09:49 - INFO -                 precision    recall  f1-score   support
2026-08-22 09:09:49 - INFO - 
2026-08-22 09:09:49 - INFO -       safe (0)     0.9189    0.8193    0.8662        83
2026-08-22 09:09:49 - INFO - vulnerable (1)     0.8077    0.9130    0.8571        69
2026-08-22 09:09:49 - INFO - 
2026-08-22 09:09:49 - INFO -       accuracy                         0.8618       152
2026-08-22 09:09:49 - INFO -      macro avg     0.8633    0.8662    0.8617       152
2026-08-22 09:09:49 - INFO -   weighted avg     0.8684    0.8618    0.8621       152
2026-08-22 09:09:49 - INFO - Confusion matrix - [[tn=68, fp=15], [fn=6, tp=63]]
2026-08-22 09:09:49 - INFO - probability_positive min=0.0000 mean=0.5065 std=0.4933 max=1.0000 predicted_0=74 predicted_1=78
2026-08-22 09:09:49 - INFO - Early stopping | Epoch: 13 | Best epoch: 8
2026-08-22 09:09:49 - INFO - Best checkpoint saved | Path: model/fam1_unixcoder/transfer_cwe/seed_7/fold3/best.pt | Epoch: 8 | Val macro_f1: 0.874951
2026-08-22 09:09:49 - INFO - Training finished | Elapsed: 105.34s
2026-08-22 09:09:49 - INFO - Run finished | Phase: phase2 | Fold: 3 | Seed: 7 | Elapsed: 107.55s
