2026-08-21 08:55:35 - INFO - Using device: cuda
2026-08-21 08:55:35 - INFO - Run started | Run: t5base_codet5 | Method: transfer_latent_bottleneck | Phase: phase2 | Fold: 1 | Seed: 42 | Device: cuda
2026-08-21 08:55:35 - INFO - Loading Python training data: data/sven_python_folds_norm/fold1/train.jsonl
2026-08-21 08:55:35 - INFO - Loading Python validation data: data/sven_python_folds_norm/fold1/val.jsonl
2026-08-21 08:55:35 - INFO - Data split: python_train | Total: 456 | Labels: {0: 235, 1: 221} | CWEs: {'CWE-022': 39, 'CWE-078': 123, 'CWE-079': 49, 'CWE-089': 245} | Languages: {'python': 456} | Invalid CWE: 0
2026-08-21 08:55:35 - INFO - Data split: python_val | Total: 152 | Labels: {0: 74, 1: 78} | CWEs: {'CWE-022': 8, 'CWE-078': 42, 'CWE-079': 19, 'CWE-089': 83} | Languages: {'python': 152} | Invalid CWE: 0
2026-08-21 08:55:35 - INFO - Auxiliary head width taken from checkpoint: 4
2026-08-21 08:55:37 - INFO - Loaded source checkpoint: model/t5base_codet5/transfer_latent_bottleneck/seed_42/source/best.pt | Best epoch: 8 | Best Val Macro-F1: 0.605970
2026-08-21 08:55:37 - INFO - RecAdam schedule | Total steps: 870 | Steps/epoch: 29 | Anneal t0: 43 | Weights: {1: 0.10909682119561293, 29: 0.3318122278318339, 43: 0.5, 870: 1.0}
2026-08-21 08:55:37 - INFO - Environment: {"components": {"backbone": {"frozen": 0, "total": 109607040, "trainable": 109607040}, "cwe_head": {"frozen": 36, "total": 36, "trainable": 0}, "latent_proj": {"frozen": 6152, "total": 6152, "trainable": 0}, "vul_head": {"frozen": 0, "total": 1538, "trainable": 1538}}, "cuda": "12.8", "fold": 1, "frozen_parameters": 6188, "gpu": "NVIDIA GeForce RTX 4070 Ti SUPER", "hyperparameters": {"anneal_fun": "sigmoid", "anneal_k": 0.05, "anneal_t0_ratio": 0.05, "anneal_w": 1.0, "aux_mode": "latent_bottleneck", "batch_size": 16, "checkpoint_path": "model/t5base_codet5/transfer_latent_bottleneck/seed_42/fold1/best.pt", "cwe_vocab": "fixed4", "data_path": "data/train_ccpp_filtered.jsonl", "data_root": "data/sven_python_folds_norm", "epochs": 30, "eval_batch_size": 16, "fold": 1, "freeze_backbone_layers": 0, "freeze_prototypes_steps": 0, "lambda_cwe": 0.2, "latent_temperature": 0.1, "learning_rate": 2e-05, "lora_rank": 0, "lp_epochs": 0, "lp_learning_rate": 0.001, "max_eval_samples": null, "max_grad_norm": 1.0, "max_length": 512, "max_train_samples": null, "method_name": "transfer_latent_bottleneck", "min_epochs": 3, "model_name": "Salesforce/codet5-base", "num_cwes": 4, "num_latent": 8, "num_workers": 0, "output_dir": "results/t5base_codet5/transfer_latent_bottleneck", "patience": 5, "phase": "phase2", "phase2_optimizer": "recadam", "pooling": "cls", "pretrain_cof": 5000.0, "result_path": "results/t5base_codet5/transfer_latent_bottleneck/seed_42/fold1.json", "run_name": "t5base_codet5", "seed": 42, "selection_metric": "macro_f1", "source_checkpoint": "model/t5base_codet5/transfer_latent_bottleneck/seed_42/source/best.pt", "source_interpolation": 1.0, "strict_determinism": false, "target_lang": "python", "test_path": null, "train_path": null, "truncation_strategy": "head_middle_tail", "val_path": null, "weight_decay": 0.01}, "mode": "phase2_train", "model_name": "Salesforce/codet5-base", "seed": 42, "sklearn": "1.7.2", "torch": "2.11.0+cu128", "trainable_parameters": 109608578, "transformers": "4.57.1"}
2026-08-21 08:55:37 - INFO - Training started | Phase: phase2 | Epochs: 30
2026-08-21 08:55:38 - INFO - RecAdam first-step safety checks passed
2026-08-21 08:55:49 - INFO - Epoch 1/30 | Train loss: 0.700909 | Val loss: 0.702304 | LR: 2.00e-05 | Best epoch: 1 | Patience: 0 | Train: 9.90s | Validation: 1.04s | Epoch: 11.22s | Total: 11.22s
2026-08-21 08:55:49 - INFO - RecAdam target-task weight at epoch end: 0.331812
2026-08-21 08:55:49 - INFO - [Classification Report - split=train epoch=1 - threshold=0.50]
2026-08-21 08:55:49 - INFO -                 precision    recall  f1-score   support
2026-08-21 08:55:49 - INFO - 
2026-08-21 08:55:49 - INFO -       safe (0)     0.6381    0.2851    0.3941       235
2026-08-21 08:55:49 - INFO - vulnerable (1)     0.5214    0.8281    0.6399       221
2026-08-21 08:55:49 - INFO - 
2026-08-21 08:55:49 - INFO -       accuracy                         0.5482       456
2026-08-21 08:55:49 - INFO -      macro avg     0.5797    0.5566    0.5170       456
2026-08-21 08:55:49 - INFO -   weighted avg     0.5815    0.5482    0.5132       456
2026-08-21 08:55:49 - INFO - Confusion matrix - [[tn=67, fp=168], [fn=38, tp=183]]
2026-08-21 08:55:49 - INFO - probability_positive min=0.1594 mean=0.5463 std=0.0852 max=0.8248 predicted_0=105 predicted_1=351
2026-08-21 08:55:49 - INFO - [Classification Report - split=validation epoch=1 - threshold=0.50]
2026-08-21 08:55:49 - INFO -                 precision    recall  f1-score   support
2026-08-21 08:55:49 - INFO - 
2026-08-21 08:55:49 - INFO -       safe (0)     0.5610    0.3108    0.4000        74
2026-08-21 08:55:49 - INFO - vulnerable (1)     0.5405    0.7692    0.6349        78
2026-08-21 08:55:49 - INFO - 
2026-08-21 08:55:49 - INFO -       accuracy                         0.5461       152
2026-08-21 08:55:49 - INFO -      macro avg     0.5508    0.5400    0.5175       152
2026-08-21 08:55:49 - INFO -   weighted avg     0.5505    0.5461    0.5206       152
2026-08-21 08:55:49 - INFO - Confusion matrix - [[tn=23, fp=51], [fn=18, tp=60]]
2026-08-21 08:55:49 - INFO - probability_positive min=0.2343 mean=0.5269 std=0.0636 max=0.7148 predicted_0=41 predicted_1=111
2026-08-21 08:55:49 - INFO - New best model | Macro-F1: 0.517460 | Epoch: 1
2026-08-21 08:55:59 - INFO - Epoch 2/30 | Train loss: 0.694737 | Val loss: 0.699526 | LR: 2.00e-05 | Best epoch: 1 | Patience: 0 | Train: 9.70s | Validation: 1.04s | Epoch: 10.74s | Total: 21.97s
2026-08-21 08:55:59 - INFO - RecAdam target-task weight at epoch end: 0.679179
2026-08-21 08:55:59 - INFO - [Classification Report - split=train epoch=2 - threshold=0.50]
2026-08-21 08:55:59 - INFO -                 precision    recall  f1-score   support
2026-08-21 08:55:59 - INFO - 
2026-08-21 08:55:59 - INFO -       safe (0)     0.5318    0.3915    0.4510       235
2026-08-21 08:55:59 - INFO - vulnerable (1)     0.4947    0.6335    0.5556       221
2026-08-21 08:55:59 - INFO - 
2026-08-21 08:55:59 - INFO -       accuracy                         0.5088       456
2026-08-21 08:55:59 - INFO -      macro avg     0.5132    0.5125    0.5033       456
2026-08-21 08:55:59 - INFO -   weighted avg     0.5138    0.5088    0.5017       456
2026-08-21 08:55:59 - INFO - Confusion matrix - [[tn=92, fp=143], [fn=81, tp=140]]
2026-08-21 08:55:59 - INFO - probability_positive min=0.1324 mean=0.5128 std=0.0716 max=0.7364 predicted_0=173 predicted_1=283
2026-08-21 08:55:59 - INFO - [Classification Report - split=validation epoch=2 - threshold=0.50]
2026-08-21 08:55:59 - INFO -                 precision    recall  f1-score   support
2026-08-21 08:55:59 - INFO - 
2026-08-21 08:55:59 - INFO -       safe (0)     0.5000    0.5000    0.5000        74
2026-08-21 08:55:59 - INFO - vulnerable (1)     0.5256    0.5256    0.5256        78
2026-08-21 08:55:59 - INFO - 
2026-08-21 08:55:59 - INFO -       accuracy                         0.5132       152
2026-08-21 08:55:59 - INFO -      macro avg     0.5128    0.5128    0.5128       152
2026-08-21 08:55:59 - INFO -   weighted avg     0.5132    0.5132    0.5132       152
2026-08-21 08:55:59 - INFO - Confusion matrix - [[tn=37, fp=37], [fn=37, tp=41]]
2026-08-21 08:55:59 - INFO - probability_positive min=0.1756 mean=0.5031 std=0.0639 max=0.6649 predicted_0=74 predicted_1=78
2026-08-21 08:56:11 - INFO - Epoch 3/30 | Train loss: 0.688089 | Val loss: 0.696910 | LR: 2.00e-05 | Best epoch: 3 | Patience: 0 | Train: 9.72s | Validation: 1.05s | Epoch: 11.22s | Total: 33.20s
2026-08-21 08:56:11 - INFO - RecAdam target-task weight at epoch end: 0.900250
2026-08-21 08:56:11 - INFO - [Classification Report - split=train epoch=3 - threshold=0.50]
2026-08-21 08:56:11 - INFO -                 precision    recall  f1-score   support
2026-08-21 08:56:11 - INFO - 
2026-08-21 08:56:11 - INFO -       safe (0)     0.5060    0.5404    0.5226       235
2026-08-21 08:56:11 - INFO - vulnerable (1)     0.4732    0.4389    0.4554       221
2026-08-21 08:56:11 - INFO - 
2026-08-21 08:56:11 - INFO -       accuracy                         0.4912       456
2026-08-21 08:56:11 - INFO -      macro avg     0.4896    0.4897    0.4890       456
2026-08-21 08:56:11 - INFO -   weighted avg     0.4901    0.4912    0.4900       456
2026-08-21 08:56:11 - INFO - Confusion matrix - [[tn=127, fp=108], [fn=124, tp=97]]
2026-08-21 08:56:11 - INFO - probability_positive min=0.1342 mean=0.4847 std=0.0747 max=0.6862 predicted_0=251 predicted_1=205
2026-08-21 08:56:11 - INFO - [Classification Report - split=validation epoch=3 - threshold=0.50]
2026-08-21 08:56:11 - INFO -                 precision    recall  f1-score   support
2026-08-21 08:56:11 - INFO - 
2026-08-21 08:56:11 - INFO -       safe (0)     0.5068    0.5000    0.5034        74
2026-08-21 08:56:11 - INFO - vulnerable (1)     0.5316    0.5385    0.5350        78
2026-08-21 08:56:11 - INFO - 
2026-08-21 08:56:11 - INFO -       accuracy                         0.5197       152
2026-08-21 08:56:11 - INFO -      macro avg     0.5192    0.5192    0.5192       152
2026-08-21 08:56:11 - INFO -   weighted avg     0.5196    0.5197    0.5196       152
2026-08-21 08:56:11 - INFO - Confusion matrix - [[tn=37, fp=37], [fn=36, tp=42]]
2026-08-21 08:56:11 - INFO - probability_positive min=0.1719 mean=0.5001 std=0.0494 max=0.6375 predicted_0=73 predicted_1=79
2026-08-21 08:56:11 - INFO - New best model | Macro-F1: 0.519217 | Epoch: 3
2026-08-21 08:56:21 - INFO - Epoch 4/30 | Train loss: 0.678178 | Val loss: 0.701488 | LR: 2.00e-05 | Best epoch: 3 | Patience: 1 | Train: 9.72s | Validation: 1.05s | Epoch: 10.76s | Total: 43.98s
2026-08-21 08:56:21 - INFO - RecAdam target-task weight at epoch end: 0.974667
2026-08-21 08:56:21 - INFO - [Classification Report - split=train epoch=4 - threshold=0.50]
2026-08-21 08:56:21 - INFO -                 precision    recall  f1-score   support
2026-08-21 08:56:21 - INFO - 
2026-08-21 08:56:21 - INFO -       safe (0)     0.5549    0.4085    0.4706       235
2026-08-21 08:56:21 - INFO - vulnerable (1)     0.5088    0.6516    0.5714       221
2026-08-21 08:56:21 - INFO - 
2026-08-21 08:56:21 - INFO -       accuracy                         0.5263       456
2026-08-21 08:56:21 - INFO -      macro avg     0.5319    0.5300    0.5210       456
2026-08-21 08:56:21 - INFO -   weighted avg     0.5326    0.5263    0.5195       456
2026-08-21 08:56:21 - INFO - Confusion matrix - [[tn=96, fp=139], [fn=77, tp=144]]
2026-08-21 08:56:21 - INFO - probability_positive min=0.1007 mean=0.4947 std=0.0599 max=0.6508 predicted_0=173 predicted_1=283
2026-08-21 08:56:21 - INFO - [Classification Report - split=validation epoch=4 - threshold=0.50]
2026-08-21 08:56:21 - INFO -                 precision    recall  f1-score   support
2026-08-21 08:56:21 - INFO - 
2026-08-21 08:56:21 - INFO -       safe (0)     0.5075    0.4595    0.4823        74
2026-08-21 08:56:21 - INFO - vulnerable (1)     0.5294    0.5769    0.5521        78
2026-08-21 08:56:21 - INFO - 
2026-08-21 08:56:21 - INFO -       accuracy                         0.5197       152
2026-08-21 08:56:21 - INFO -      macro avg     0.5184    0.5182    0.5172       152
2026-08-21 08:56:21 - INFO -   weighted avg     0.5187    0.5197    0.5181       152
2026-08-21 08:56:21 - INFO - Confusion matrix - [[tn=34, fp=40], [fn=33, tp=45]]
2026-08-21 08:56:21 - INFO - probability_positive min=0.1015 mean=0.4834 std=0.0503 max=0.6442 predicted_0=67 predicted_1=85
2026-08-21 08:56:32 - INFO - Epoch 5/30 | Train loss: 0.686421 | Val loss: 0.715643 | LR: 2.00e-05 | Best epoch: 3 | Patience: 2 | Train: 9.72s | Validation: 1.05s | Epoch: 10.76s | Total: 54.75s
2026-08-21 08:56:32 - INFO - RecAdam target-task weight at epoch end: 0.993940
2026-08-21 08:56:32 - INFO - [Classification Report - split=train epoch=5 - threshold=0.50]
2026-08-21 08:56:32 - INFO -                 precision    recall  f1-score   support
2026-08-21 08:56:32 - INFO - 
2026-08-21 08:56:32 - INFO -       safe (0)     0.5820    0.4681    0.5189       235
2026-08-21 08:56:32 - INFO - vulnerable (1)     0.5318    0.6425    0.5820       221
2026-08-21 08:56:32 - INFO - 
2026-08-21 08:56:32 - INFO -       accuracy                         0.5526       456
2026-08-21 08:56:32 - INFO -      macro avg     0.5569    0.5553    0.5504       456
2026-08-21 08:56:32 - INFO -   weighted avg     0.5577    0.5526    0.5494       456
2026-08-21 08:56:32 - INFO - Confusion matrix - [[tn=110, fp=125], [fn=79, tp=142]]
2026-08-21 08:56:32 - INFO - probability_positive min=0.0948 mean=0.4890 std=0.0727 max=0.7166 predicted_0=189 predicted_1=267
2026-08-21 08:56:32 - INFO - [Classification Report - split=validation epoch=5 - threshold=0.50]
2026-08-21 08:56:32 - INFO -                 precision    recall  f1-score   support
2026-08-21 08:56:32 - INFO - 
2026-08-21 08:56:32 - INFO -       safe (0)     0.4602    0.7027    0.5561        74
2026-08-21 08:56:32 - INFO - vulnerable (1)     0.4359    0.2179    0.2906        78
2026-08-21 08:56:32 - INFO - 
2026-08-21 08:56:32 - INFO -       accuracy                         0.4539       152
2026-08-21 08:56:32 - INFO -      macro avg     0.4480    0.4603    0.4234       152
2026-08-21 08:56:32 - INFO -   weighted avg     0.4477    0.4539    0.4199       152
2026-08-21 08:56:32 - INFO - Confusion matrix - [[tn=52, fp=22], [fn=61, tp=17]]
2026-08-21 08:56:32 - INFO - probability_positive min=0.0657 mean=0.4755 std=0.0771 max=0.7070 predicted_0=113 predicted_1=39
2026-08-21 08:56:43 - INFO - Epoch 6/30 | Train loss: 0.678627 | Val loss: 0.698503 | LR: 2.00e-05 | Best epoch: 3 | Patience: 3 | Train: 9.72s | Validation: 1.05s | Epoch: 10.77s | Total: 65.53s
2026-08-21 08:56:43 - INFO - RecAdam target-task weight at epoch end: 0.998572
2026-08-21 08:56:43 - INFO - [Classification Report - split=train epoch=6 - threshold=0.50]
2026-08-21 08:56:43 - INFO -                 precision    recall  f1-score   support
2026-08-21 08:56:43 - INFO - 
2026-08-21 08:56:43 - INFO -       safe (0)     0.5533    0.5745    0.5637       235
2026-08-21 08:56:43 - INFO - vulnerable (1)     0.5283    0.5068    0.5173       221
2026-08-21 08:56:43 - INFO - 
2026-08-21 08:56:43 - INFO -       accuracy                         0.5417       456
2026-08-21 08:56:43 - INFO -      macro avg     0.5408    0.5406    0.5405       456
2026-08-21 08:56:43 - INFO -   weighted avg     0.5412    0.5417    0.5412       456
2026-08-21 08:56:43 - INFO - Confusion matrix - [[tn=135, fp=100], [fn=109, tp=112]]
2026-08-21 08:56:43 - INFO - probability_positive min=0.0470 mean=0.4822 std=0.1013 max=0.8402 predicted_0=244 predicted_1=212
2026-08-21 08:56:43 - INFO - [Classification Report - split=validation epoch=6 - threshold=0.50]
2026-08-21 08:56:43 - INFO -                 precision    recall  f1-score   support
2026-08-21 08:56:43 - INFO - 
2026-08-21 08:56:43 - INFO -       safe (0)     0.4783    0.5946    0.5301        74
2026-08-21 08:56:43 - INFO - vulnerable (1)     0.5000    0.3846    0.4348        78
2026-08-21 08:56:43 - INFO - 
2026-08-21 08:56:43 - INFO -       accuracy                         0.4868       152
2026-08-21 08:56:43 - INFO -      macro avg     0.4891    0.4896    0.4825       152
2026-08-21 08:56:43 - INFO -   weighted avg     0.4894    0.4868    0.4812       152
2026-08-21 08:56:43 - INFO - Confusion matrix - [[tn=44, fp=30], [fn=48, tp=30]]
2026-08-21 08:56:43 - INFO - probability_positive min=0.0983 mean=0.4915 std=0.0716 max=0.6783 predicted_0=92 predicted_1=60
2026-08-21 08:56:54 - INFO - Epoch 7/30 | Train loss: 0.654729 | Val loss: 0.740749 | LR: 2.00e-05 | Best epoch: 7 | Patience: 0 | Train: 9.73s | Validation: 1.05s | Epoch: 11.16s | Total: 76.70s
2026-08-21 08:56:54 - INFO - RecAdam target-task weight at epoch end: 0.999665
2026-08-21 08:56:54 - INFO - [Classification Report - split=train epoch=7 - threshold=0.50]
2026-08-21 08:56:54 - INFO -                 precision    recall  f1-score   support
2026-08-21 08:56:54 - INFO - 
2026-08-21 08:56:54 - INFO -       safe (0)     0.6098    0.5319    0.5682       235
2026-08-21 08:56:54 - INFO - vulnerable (1)     0.5618    0.6380    0.5975       221
2026-08-21 08:56:54 - INFO - 
2026-08-21 08:56:54 - INFO -       accuracy                         0.5833       456
2026-08-21 08:56:54 - INFO -      macro avg     0.5858    0.5850    0.5828       456
2026-08-21 08:56:54 - INFO -   weighted avg     0.5865    0.5833    0.5824       456
2026-08-21 08:56:54 - INFO - Confusion matrix - [[tn=125, fp=110], [fn=80, tp=141]]
2026-08-21 08:56:54 - INFO - probability_positive min=0.0653 mean=0.5016 std=0.0929 max=0.7780 predicted_0=205 predicted_1=251
2026-08-21 08:56:54 - INFO - [Classification Report - split=validation epoch=7 - threshold=0.50]
2026-08-21 08:56:54 - INFO -                 precision    recall  f1-score   support
2026-08-21 08:56:54 - INFO - 
2026-08-21 08:56:54 - INFO -       safe (0)     0.5132    0.5270    0.5200        74
2026-08-21 08:56:54 - INFO - vulnerable (1)     0.5395    0.5256    0.5325        78
2026-08-21 08:56:54 - INFO - 
2026-08-21 08:56:54 - INFO -       accuracy                         0.5263       152
2026-08-21 08:56:54 - INFO -      macro avg     0.5263    0.5263    0.5262       152
2026-08-21 08:56:54 - INFO -   weighted avg     0.5267    0.5263    0.5264       152
2026-08-21 08:56:54 - INFO - Confusion matrix - [[tn=39, fp=35], [fn=37, tp=41]]
2026-08-21 08:56:54 - INFO - probability_positive min=0.0509 mean=0.4778 std=0.1505 max=0.7679 predicted_0=76 predicted_1=76
2026-08-21 08:56:54 - INFO - New best model | Macro-F1: 0.526234 | Epoch: 7
2026-08-21 08:57:05 - INFO - Epoch 8/30 | Train loss: 0.635642 | Val loss: 0.713429 | LR: 2.00e-05 | Best epoch: 8 | Patience: 0 | Train: 9.73s | Validation: 1.05s | Epoch: 11.23s | Total: 87.95s
2026-08-21 08:57:05 - INFO - RecAdam target-task weight at epoch end: 0.999921
2026-08-21 08:57:05 - INFO - [Classification Report - split=train epoch=8 - threshold=0.50]
2026-08-21 08:57:05 - INFO -                 precision    recall  f1-score   support
2026-08-21 08:57:05 - INFO - 
2026-08-21 08:57:05 - INFO -       safe (0)     0.6295    0.6000    0.6144       235
2026-08-21 08:57:05 - INFO - vulnerable (1)     0.5948    0.6244    0.6093       221
2026-08-21 08:57:05 - INFO - 
2026-08-21 08:57:05 - INFO -       accuracy                         0.6118       456
2026-08-21 08:57:05 - INFO -      macro avg     0.6121    0.6122    0.6118       456
2026-08-21 08:57:05 - INFO -   weighted avg     0.6127    0.6118    0.6119       456
2026-08-21 08:57:05 - INFO - Confusion matrix - [[tn=141, fp=94], [fn=83, tp=138]]
2026-08-21 08:57:05 - INFO - probability_positive min=0.0634 mean=0.4816 std=0.1461 max=0.8211 predicted_0=224 predicted_1=232
2026-08-21 08:57:05 - INFO - [Classification Report - split=validation epoch=8 - threshold=0.50]
2026-08-21 08:57:05 - INFO -                 precision    recall  f1-score   support
2026-08-21 08:57:05 - INFO - 
2026-08-21 08:57:05 - INFO -       safe (0)     0.6098    0.3378    0.4348        74
2026-08-21 08:57:05 - INFO - vulnerable (1)     0.5586    0.7949    0.6561        78
2026-08-21 08:57:05 - INFO - 
2026-08-21 08:57:05 - INFO -       accuracy                         0.5724       152
2026-08-21 08:57:05 - INFO -      macro avg     0.5842    0.5664    0.5454       152
2026-08-21 08:57:05 - INFO -   weighted avg     0.5835    0.5724    0.5483       152
2026-08-21 08:57:05 - INFO - Confusion matrix - [[tn=25, fp=49], [fn=16, tp=62]]
2026-08-21 08:57:05 - INFO - probability_positive min=0.0507 mean=0.5470 std=0.1418 max=0.8430 predicted_0=41 predicted_1=111
2026-08-21 08:57:05 - INFO - New best model | Macro-F1: 0.545434 | Epoch: 8
2026-08-21 08:57:17 - INFO - Epoch 9/30 | Train loss: 0.621872 | Val loss: 0.705834 | LR: 2.00e-05 | Best epoch: 9 | Patience: 0 | Train: 9.72s | Validation: 1.05s | Epoch: 11.23s | Total: 99.20s
2026-08-21 08:57:17 - INFO - RecAdam target-task weight at epoch end: 0.999982
2026-08-21 08:57:17 - INFO - [Classification Report - split=train epoch=9 - threshold=0.50]
2026-08-21 08:57:17 - INFO -                 precision    recall  f1-score   support
2026-08-21 08:57:17 - INFO - 
2026-08-21 08:57:17 - INFO -       safe (0)     0.6206    0.6681    0.6434       235
2026-08-21 08:57:17 - INFO - vulnerable (1)     0.6158    0.5656    0.5896       221
2026-08-21 08:57:17 - INFO - 
2026-08-21 08:57:17 - INFO -       accuracy                         0.6184       456
2026-08-21 08:57:17 - INFO -      macro avg     0.6182    0.6168    0.6165       456
2026-08-21 08:57:17 - INFO -   weighted avg     0.6182    0.6184    0.6174       456
2026-08-21 08:57:17 - INFO - Confusion matrix - [[tn=157, fp=78], [fn=96, tp=125]]
2026-08-21 08:57:17 - INFO - probability_positive min=0.0443 mean=0.4994 std=0.1497 max=0.8867 predicted_0=253 predicted_1=203
2026-08-21 08:57:17 - INFO - [Classification Report - split=validation epoch=9 - threshold=0.50]
2026-08-21 08:57:17 - INFO -                 precision    recall  f1-score   support
2026-08-21 08:57:17 - INFO - 
2026-08-21 08:57:17 - INFO -       safe (0)     0.6111    0.4459    0.5156        74
2026-08-21 08:57:17 - INFO - vulnerable (1)     0.5816    0.7308    0.6477        78
2026-08-21 08:57:17 - INFO - 
2026-08-21 08:57:17 - INFO -       accuracy                         0.5921       152
2026-08-21 08:57:17 - INFO -      macro avg     0.5964    0.5884    0.5817       152
2026-08-21 08:57:17 - INFO -   weighted avg     0.5960    0.5921    0.5834       152
2026-08-21 08:57:17 - INFO - Confusion matrix - [[tn=33, fp=41], [fn=21, tp=57]]
2026-08-21 08:57:17 - INFO - probability_positive min=0.0322 mean=0.5335 std=0.1724 max=0.8979 predicted_0=54 predicted_1=98
2026-08-21 08:57:17 - INFO - New best model | Macro-F1: 0.581676 | Epoch: 9
2026-08-21 08:57:27 - INFO - Epoch 10/30 | Train loss: 0.575829 | Val loss: 0.712731 | LR: 2.00e-05 | Best epoch: 9 | Patience: 1 | Train: 9.72s | Validation: 1.05s | Epoch: 10.77s | Total: 109.99s
2026-08-21 08:57:27 - INFO - RecAdam target-task weight at epoch end: 0.999996
2026-08-21 08:57:27 - INFO - [Classification Report - split=train epoch=10 - threshold=0.50]
2026-08-21 08:57:27 - INFO -                 precision    recall  f1-score   support
2026-08-21 08:57:27 - INFO - 
2026-08-21 08:57:27 - INFO -       safe (0)     0.7209    0.6596    0.6889       235
2026-08-21 08:57:27 - INFO - vulnerable (1)     0.6680    0.7285    0.6970       221
2026-08-21 08:57:27 - INFO - 
2026-08-21 08:57:27 - INFO -       accuracy                         0.6930       456
2026-08-21 08:57:27 - INFO -      macro avg     0.6945    0.6940    0.6929       456
2026-08-21 08:57:27 - INFO -   weighted avg     0.6953    0.6930    0.6928       456
2026-08-21 08:57:27 - INFO - Confusion matrix - [[tn=155, fp=80], [fn=60, tp=161]]
2026-08-21 08:57:27 - INFO - probability_positive min=0.0392 mean=0.5275 std=0.1935 max=0.9311 predicted_0=215 predicted_1=241
2026-08-21 08:57:27 - INFO - [Classification Report - split=validation epoch=10 - threshold=0.50]
2026-08-21 08:57:27 - INFO -                 precision    recall  f1-score   support
2026-08-21 08:57:27 - INFO - 
2026-08-21 08:57:27 - INFO -       safe (0)     0.5584    0.5811    0.5695        74
2026-08-21 08:57:27 - INFO - vulnerable (1)     0.5867    0.5641    0.5752        78
2026-08-21 08:57:27 - INFO - 
2026-08-21 08:57:27 - INFO -       accuracy                         0.5724       152
2026-08-21 08:57:27 - INFO -      macro avg     0.5726    0.5726    0.5723       152
2026-08-21 08:57:27 - INFO -   weighted avg     0.5729    0.5724    0.5724       152
2026-08-21 08:57:27 - INFO - Confusion matrix - [[tn=43, fp=31], [fn=34, tp=44]]
2026-08-21 08:57:27 - INFO - probability_positive min=0.0251 mean=0.4713 std=0.2349 max=0.9012 predicted_0=77 predicted_1=75
2026-08-21 08:57:39 - INFO - Epoch 11/30 | Train loss: 0.488772 | Val loss: 0.638359 | LR: 2.00e-05 | Best epoch: 11 | Patience: 0 | Train: 9.72s | Validation: 1.05s | Epoch: 11.23s | Total: 121.22s
2026-08-21 08:57:39 - INFO - RecAdam target-task weight at epoch end: 0.999999
2026-08-21 08:57:39 - INFO - [Classification Report - split=train epoch=11 - threshold=0.50]
2026-08-21 08:57:39 - INFO -                 precision    recall  f1-score   support
2026-08-21 08:57:39 - INFO - 
2026-08-21 08:57:39 - INFO -       safe (0)     0.7545    0.7064    0.7297       235
2026-08-21 08:57:39 - INFO - vulnerable (1)     0.7076    0.7557    0.7309       221
2026-08-21 08:57:39 - INFO - 
2026-08-21 08:57:39 - INFO -       accuracy                         0.7303       456
2026-08-21 08:57:39 - INFO -      macro avg     0.7311    0.7310    0.7303       456
2026-08-21 08:57:39 - INFO -   weighted avg     0.7318    0.7303    0.7302       456
2026-08-21 08:57:39 - INFO - Confusion matrix - [[tn=166, fp=69], [fn=54, tp=167]]
2026-08-21 08:57:39 - INFO - probability_positive min=0.0221 mean=0.4952 std=0.2551 max=0.9343 predicted_0=220 predicted_1=236
2026-08-21 08:57:39 - INFO - [Classification Report - split=validation epoch=11 - threshold=0.50]
2026-08-21 08:57:39 - INFO -                 precision    recall  f1-score   support
2026-08-21 08:57:39 - INFO - 
2026-08-21 08:57:39 - INFO -       safe (0)     0.6105    0.7838    0.6864        74
2026-08-21 08:57:39 - INFO - vulnerable (1)     0.7193    0.5256    0.6074        78
2026-08-21 08:57:39 - INFO - 
2026-08-21 08:57:39 - INFO -       accuracy                         0.6513       152
2026-08-21 08:57:39 - INFO -      macro avg     0.6649    0.6547    0.6469       152
2026-08-21 08:57:39 - INFO -   weighted avg     0.6663    0.6513    0.6459       152
2026-08-21 08:57:39 - INFO - Confusion matrix - [[tn=58, fp=16], [fn=37, tp=41]]
2026-08-21 08:57:39 - INFO - probability_positive min=0.0136 mean=0.4069 std=0.2616 max=0.9439 predicted_0=95 predicted_1=57
2026-08-21 08:57:39 - INFO - New best model | Macro-F1: 0.646899 | Epoch: 11
2026-08-21 08:57:50 - INFO - Epoch 12/30 | Train loss: 0.402333 | Val loss: 0.578638 | LR: 2.00e-05 | Best epoch: 12 | Patience: 0 | Train: 9.72s | Validation: 1.05s | Epoch: 11.23s | Total: 132.47s
2026-08-21 08:57:50 - INFO - RecAdam target-task weight at epoch end: 1.000000
2026-08-21 08:57:50 - INFO - [Classification Report - split=train epoch=12 - threshold=0.50]
2026-08-21 08:57:50 - INFO -                 precision    recall  f1-score   support
2026-08-21 08:57:50 - INFO - 
2026-08-21 08:57:50 - INFO -       safe (0)     0.8661    0.8255    0.8453       235
2026-08-21 08:57:50 - INFO - vulnerable (1)     0.8233    0.8643    0.8433       221
2026-08-21 08:57:50 - INFO - 
2026-08-21 08:57:50 - INFO -       accuracy                         0.8443       456
2026-08-21 08:57:50 - INFO -      macro avg     0.8447    0.8449    0.8443       456
2026-08-21 08:57:50 - INFO -   weighted avg     0.8453    0.8443    0.8443       456
2026-08-21 08:57:50 - INFO - Confusion matrix - [[tn=194, fp=41], [fn=30, tp=191]]
2026-08-21 08:57:50 - INFO - probability_positive min=0.0171 mean=0.4931 std=0.3137 max=0.9654 predicted_0=224 predicted_1=232
2026-08-21 08:57:50 - INFO - [Classification Report - split=validation epoch=12 - threshold=0.50]
2026-08-21 08:57:50 - INFO -                 precision    recall  f1-score   support
2026-08-21 08:57:50 - INFO - 
2026-08-21 08:57:50 - INFO -       safe (0)     0.7067    0.7162    0.7114        74
2026-08-21 08:57:50 - INFO - vulnerable (1)     0.7273    0.7179    0.7226        78
2026-08-21 08:57:50 - INFO - 
2026-08-21 08:57:50 - INFO -       accuracy                         0.7171       152
2026-08-21 08:57:50 - INFO -      macro avg     0.7170    0.7171    0.7170       152
2026-08-21 08:57:50 - INFO -   weighted avg     0.7172    0.7171    0.7171       152
2026-08-21 08:57:50 - INFO - Confusion matrix - [[tn=53, fp=21], [fn=22, tp=56]]
2026-08-21 08:57:50 - INFO - probability_positive min=0.0098 mean=0.4738 std=0.3556 max=0.9749 predicted_0=75 predicted_1=77
2026-08-21 08:57:50 - INFO - New best model | Macro-F1: 0.716995 | Epoch: 12
2026-08-21 08:58:01 - INFO - Epoch 13/30 | Train loss: 0.327686 | Val loss: 0.545966 | LR: 2.00e-05 | Best epoch: 13 | Patience: 0 | Train: 9.72s | Validation: 1.05s | Epoch: 11.20s | Total: 143.69s
2026-08-21 08:58:01 - INFO - RecAdam target-task weight at epoch end: 1.000000
2026-08-21 08:58:01 - INFO - [Classification Report - split=train epoch=13 - threshold=0.50]
2026-08-21 08:58:01 - INFO -                 precision    recall  f1-score   support
2026-08-21 08:58:01 - INFO - 
2026-08-21 08:58:01 - INFO -       safe (0)     0.8333    0.8723    0.8524       235
2026-08-21 08:58:01 - INFO - vulnerable (1)     0.8571    0.8145    0.8353       221
2026-08-21 08:58:01 - INFO - 
2026-08-21 08:58:01 - INFO -       accuracy                         0.8443       456
2026-08-21 08:58:01 - INFO -      macro avg     0.8452    0.8434    0.8438       456
2026-08-21 08:58:01 - INFO -   weighted avg     0.8449    0.8443    0.8441       456
2026-08-21 08:58:01 - INFO - Confusion matrix - [[tn=205, fp=30], [fn=41, tp=180]]
2026-08-21 08:58:01 - INFO - probability_positive min=0.0131 mean=0.4711 std=0.3538 max=0.9760 predicted_0=246 predicted_1=210
2026-08-21 08:58:01 - INFO - [Classification Report - split=validation epoch=13 - threshold=0.50]
2026-08-21 08:58:01 - INFO -                 precision    recall  f1-score   support
2026-08-21 08:58:01 - INFO - 
2026-08-21 08:58:01 - INFO -       safe (0)     0.7442    0.8649    0.8000        74
2026-08-21 08:58:01 - INFO - vulnerable (1)     0.8485    0.7179    0.7778        78
2026-08-21 08:58:01 - INFO - 
2026-08-21 08:58:01 - INFO -       accuracy                         0.7895       152
2026-08-21 08:58:01 - INFO -      macro avg     0.7963    0.7914    0.7889       152
2026-08-21 08:58:01 - INFO -   weighted avg     0.7977    0.7895    0.7886       152
2026-08-21 08:58:01 - INFO - Confusion matrix - [[tn=64, fp=10], [fn=22, tp=56]]
2026-08-21 08:58:01 - INFO - probability_positive min=0.0072 mean=0.4328 std=0.3862 max=0.9843 predicted_0=86 predicted_1=66
2026-08-21 08:58:01 - INFO - New best model | Macro-F1: 0.788889 | Epoch: 13
2026-08-21 08:58:12 - INFO - Epoch 14/30 | Train loss: 0.257111 | Val loss: 0.632526 | LR: 2.00e-05 | Best epoch: 13 | Patience: 1 | Train: 9.72s | Validation: 1.05s | Epoch: 10.77s | Total: 154.48s
2026-08-21 08:58:12 - INFO - RecAdam target-task weight at epoch end: 1.000000
2026-08-21 08:58:12 - INFO - [Classification Report - split=train epoch=14 - threshold=0.50]
2026-08-21 08:58:12 - INFO -                 precision    recall  f1-score   support
2026-08-21 08:58:12 - INFO - 
2026-08-21 08:58:12 - INFO -       safe (0)     0.8884    0.9149    0.9015       235
2026-08-21 08:58:12 - INFO - vulnerable (1)     0.9065    0.8778    0.8920       221
2026-08-21 08:58:12 - INFO - 
2026-08-21 08:58:12 - INFO -       accuracy                         0.8969       456
2026-08-21 08:58:12 - INFO -      macro avg     0.8975    0.8964    0.8967       456
2026-08-21 08:58:12 - INFO -   weighted avg     0.8972    0.8969    0.8969       456
2026-08-21 08:58:12 - INFO - Confusion matrix - [[tn=215, fp=20], [fn=27, tp=194]]
2026-08-21 08:58:12 - INFO - probability_positive min=0.0087 mean=0.4757 std=0.3890 max=0.9894 predicted_0=242 predicted_1=214
2026-08-21 08:58:12 - INFO - [Classification Report - split=validation epoch=14 - threshold=0.50]
2026-08-21 08:58:12 - INFO -                 precision    recall  f1-score   support
2026-08-21 08:58:12 - INFO - 
2026-08-21 08:58:12 - INFO -       safe (0)     0.7381    0.8378    0.7848        74
2026-08-21 08:58:12 - INFO - vulnerable (1)     0.8235    0.7179    0.7671        78
2026-08-21 08:58:12 - INFO - 
2026-08-21 08:58:12 - INFO -       accuracy                         0.7763       152
2026-08-21 08:58:12 - INFO -      macro avg     0.7808    0.7779    0.7760       152
2026-08-21 08:58:12 - INFO -   weighted avg     0.7819    0.7763    0.7757       152
2026-08-21 08:58:12 - INFO - Confusion matrix - [[tn=62, fp=12], [fn=22, tp=56]]
2026-08-21 08:58:12 - INFO - probability_positive min=0.0055 mean=0.4509 std=0.4291 max=0.9929 predicted_0=84 predicted_1=68
2026-08-21 08:58:23 - INFO - Epoch 15/30 | Train loss: 0.213924 | Val loss: 0.547742 | LR: 2.00e-05 | Best epoch: 15 | Patience: 0 | Train: 9.73s | Validation: 1.05s | Epoch: 11.18s | Total: 165.66s
2026-08-21 08:58:23 - INFO - RecAdam target-task weight at epoch end: 1.000000
2026-08-21 08:58:23 - INFO - [Classification Report - split=train epoch=15 - threshold=0.50]
2026-08-21 08:58:23 - INFO -                 precision    recall  f1-score   support
2026-08-21 08:58:23 - INFO - 
2026-08-21 08:58:23 - INFO -       safe (0)     0.9181    0.9064    0.9122       235
2026-08-21 08:58:23 - INFO - vulnerable (1)     0.9018    0.9140    0.9079       221
2026-08-21 08:58:23 - INFO - 
2026-08-21 08:58:23 - INFO -       accuracy                         0.9101       456
2026-08-21 08:58:23 - INFO -      macro avg     0.9099    0.9102    0.9100       456
2026-08-21 08:58:23 - INFO -   weighted avg     0.9102    0.9101    0.9101       456
2026-08-21 08:58:23 - INFO - Confusion matrix - [[tn=213, fp=22], [fn=19, tp=202]]
2026-08-21 08:58:23 - INFO - probability_positive min=0.0059 mean=0.4843 std=0.4217 max=0.9920 predicted_0=232 predicted_1=224
2026-08-21 08:58:23 - INFO - [Classification Report - split=validation epoch=15 - threshold=0.50]
2026-08-21 08:58:23 - INFO -                 precision    recall  f1-score   support
2026-08-21 08:58:23 - INFO - 
2026-08-21 08:58:23 - INFO -       safe (0)     0.7831    0.8784    0.8280        74
2026-08-21 08:58:23 - INFO - vulnerable (1)     0.8696    0.7692    0.8163        78
2026-08-21 08:58:23 - INFO - 
2026-08-21 08:58:23 - INFO -       accuracy                         0.8224       152
2026-08-21 08:58:23 - INFO -      macro avg     0.8263    0.8238    0.8222       152
2026-08-21 08:58:23 - INFO -   weighted avg     0.8275    0.8224    0.8220       152
2026-08-21 08:58:23 - INFO - Confusion matrix - [[tn=65, fp=9], [fn=18, tp=60]]
2026-08-21 08:58:23 - INFO - probability_positive min=0.0047 mean=0.4412 std=0.4306 max=0.9947 predicted_0=83 predicted_1=69
2026-08-21 08:58:23 - INFO - New best model | Macro-F1: 0.822176 | Epoch: 15
2026-08-21 08:58:34 - INFO - Epoch 16/30 | Train loss: 0.155593 | Val loss: 0.659938 | LR: 2.00e-05 | Best epoch: 15 | Patience: 1 | Train: 9.73s | Validation: 1.05s | Epoch: 10.77s | Total: 176.45s
2026-08-21 08:58:34 - INFO - RecAdam target-task weight at epoch end: 1.000000
2026-08-21 08:58:34 - INFO - [Classification Report - split=train epoch=16 - threshold=0.50]
2026-08-21 08:58:34 - INFO -                 precision    recall  f1-score   support
2026-08-21 08:58:34 - INFO - 
2026-08-21 08:58:34 - INFO -       safe (0)     0.9559    0.9234    0.9394       235
2026-08-21 08:58:34 - INFO - vulnerable (1)     0.9214    0.9548    0.9378       221
2026-08-21 08:58:34 - INFO - 
2026-08-21 08:58:34 - INFO -       accuracy                         0.9386       456
2026-08-21 08:58:34 - INFO -      macro avg     0.9387    0.9391    0.9386       456
2026-08-21 08:58:34 - INFO -   weighted avg     0.9392    0.9386    0.9386       456
2026-08-21 08:58:34 - INFO - Confusion matrix - [[tn=217, fp=18], [fn=10, tp=211]]
2026-08-21 08:58:34 - INFO - probability_positive min=0.0060 mean=0.4958 std=0.4335 max=0.9946 predicted_0=227 predicted_1=229
2026-08-21 08:58:34 - INFO - [Classification Report - split=validation epoch=16 - threshold=0.50]
2026-08-21 08:58:34 - INFO -                 precision    recall  f1-score   support
2026-08-21 08:58:34 - INFO - 
2026-08-21 08:58:34 - INFO -       safe (0)     0.7765    0.8919    0.8302        74
2026-08-21 08:58:34 - INFO - vulnerable (1)     0.8806    0.7564    0.8138        78
2026-08-21 08:58:34 - INFO - 
2026-08-21 08:58:34 - INFO -       accuracy                         0.8224       152
2026-08-21 08:58:34 - INFO -      macro avg     0.8285    0.8242    0.8220       152
2026-08-21 08:58:34 - INFO -   weighted avg     0.8299    0.8224    0.8218       152
2026-08-21 08:58:34 - INFO - Confusion matrix - [[tn=66, fp=8], [fn=19, tp=59]]
2026-08-21 08:58:34 - INFO - probability_positive min=0.0030 mean=0.4250 std=0.4545 max=0.9963 predicted_0=85 predicted_1=67
2026-08-21 08:58:45 - INFO - Epoch 17/30 | Train loss: 0.142322 | Val loss: 0.636866 | LR: 2.00e-05 | Best epoch: 17 | Patience: 0 | Train: 9.72s | Validation: 1.05s | Epoch: 11.21s | Total: 187.68s
2026-08-21 08:58:45 - INFO - RecAdam target-task weight at epoch end: 1.000000
2026-08-21 08:58:45 - INFO - [Classification Report - split=train epoch=17 - threshold=0.50]
2026-08-21 08:58:45 - INFO -                 precision    recall  f1-score   support
2026-08-21 08:58:45 - INFO - 
2026-08-21 08:58:45 - INFO -       safe (0)     0.9259    0.9574    0.9414       235
2026-08-21 08:58:45 - INFO - vulnerable (1)     0.9531    0.9186    0.9355       221
2026-08-21 08:58:45 - INFO - 
2026-08-21 08:58:45 - INFO -       accuracy                         0.9386       456
2026-08-21 08:58:45 - INFO -      macro avg     0.9395    0.9380    0.9385       456
2026-08-21 08:58:45 - INFO -   weighted avg     0.9391    0.9386    0.9385       456
2026-08-21 08:58:45 - INFO - Confusion matrix - [[tn=225, fp=10], [fn=18, tp=203]]
2026-08-21 08:58:45 - INFO - probability_positive min=0.0031 mean=0.4672 std=0.4563 max=0.9957 predicted_0=243 predicted_1=213
2026-08-21 08:58:45 - INFO - [Classification Report - split=validation epoch=17 - threshold=0.50]
2026-08-21 08:58:45 - INFO -                 precision    recall  f1-score   support
2026-08-21 08:58:45 - INFO - 
2026-08-21 08:58:45 - INFO -       safe (0)     0.8158    0.8378    0.8267        74
2026-08-21 08:58:45 - INFO - vulnerable (1)     0.8421    0.8205    0.8312        78
2026-08-21 08:58:45 - INFO - 
2026-08-21 08:58:45 - INFO -       accuracy                         0.8289       152
2026-08-21 08:58:45 - INFO -      macro avg     0.8289    0.8292    0.8289       152
2026-08-21 08:58:45 - INFO -   weighted avg     0.8293    0.8289    0.8290       152
2026-08-21 08:58:45 - INFO - Confusion matrix - [[tn=62, fp=12], [fn=14, tp=64]]
2026-08-21 08:58:45 - INFO - probability_positive min=0.0024 mean=0.4973 std=0.4679 max=0.9972 predicted_0=76 predicted_1=76
2026-08-21 08:58:45 - INFO - New best model | Macro-F1: 0.828918 | Epoch: 17
2026-08-21 08:58:56 - INFO - Epoch 18/30 | Train loss: 0.124856 | Val loss: 0.670404 | LR: 2.00e-05 | Best epoch: 18 | Patience: 0 | Train: 9.72s | Validation: 1.05s | Epoch: 11.22s | Total: 198.91s
2026-08-21 08:58:56 - INFO - RecAdam target-task weight at epoch end: 1.000000
2026-08-21 08:58:56 - INFO - [Classification Report - split=train epoch=18 - threshold=0.50]
2026-08-21 08:58:56 - INFO -                 precision    recall  f1-score   support
2026-08-21 08:58:56 - INFO - 
2026-08-21 08:58:56 - INFO -       safe (0)     0.9655    0.9532    0.9593       235
2026-08-21 08:58:56 - INFO - vulnerable (1)     0.9509    0.9638    0.9573       221
2026-08-21 08:58:56 - INFO - 
2026-08-21 08:58:56 - INFO -       accuracy                         0.9583       456
2026-08-21 08:58:56 - INFO -      macro avg     0.9582    0.9585    0.9583       456
2026-08-21 08:58:56 - INFO -   weighted avg     0.9584    0.9583    0.9583       456
2026-08-21 08:58:56 - INFO - Confusion matrix - [[tn=224, fp=11], [fn=8, tp=213]]
2026-08-21 08:58:56 - INFO - probability_positive min=0.0030 mean=0.4975 std=0.4692 max=0.9966 predicted_0=232 predicted_1=224
2026-08-21 08:58:56 - INFO - [Classification Report - split=validation epoch=18 - threshold=0.50]
2026-08-21 08:58:56 - INFO -                 precision    recall  f1-score   support
2026-08-21 08:58:56 - INFO - 
2026-08-21 08:58:56 - INFO -       safe (0)     0.8333    0.8784    0.8553        74
2026-08-21 08:58:56 - INFO - vulnerable (1)     0.8784    0.8333    0.8553        78
2026-08-21 08:58:56 - INFO - 
2026-08-21 08:58:56 - INFO -       accuracy                         0.8553       152
2026-08-21 08:58:56 - INFO -      macro avg     0.8559    0.8559    0.8553       152
2026-08-21 08:58:56 - INFO -   weighted avg     0.8564    0.8553    0.8553       152
2026-08-21 08:58:56 - INFO - Confusion matrix - [[tn=65, fp=9], [fn=13, tp=65]]
2026-08-21 08:58:56 - INFO - probability_positive min=0.0017 mean=0.4822 std=0.4815 max=0.9975 predicted_0=78 predicted_1=74
2026-08-21 08:58:56 - INFO - New best model | Macro-F1: 0.855263 | Epoch: 18
2026-08-21 08:59:07 - INFO - Epoch 19/30 | Train loss: 0.083251 | Val loss: 0.645593 | LR: 2.00e-05 | Best epoch: 18 | Patience: 1 | Train: 9.72s | Validation: 1.05s | Epoch: 10.77s | Total: 209.70s
2026-08-21 08:59:07 - INFO - RecAdam target-task weight at epoch end: 1.000000
2026-08-21 08:59:07 - INFO - [Classification Report - split=train epoch=19 - threshold=0.50]
2026-08-21 08:59:07 - INFO -                 precision    recall  f1-score   support
2026-08-21 08:59:07 - INFO - 
2026-08-21 08:59:07 - INFO -       safe (0)     0.9701    0.9660    0.9680       235
2026-08-21 08:59:07 - INFO - vulnerable (1)     0.9640    0.9683    0.9661       221
2026-08-21 08:59:07 - INFO - 
2026-08-21 08:59:07 - INFO -       accuracy                         0.9671       456
2026-08-21 08:59:07 - INFO -      macro avg     0.9670    0.9671    0.9671       456
2026-08-21 08:59:07 - INFO -   weighted avg     0.9671    0.9671    0.9671       456
2026-08-21 08:59:07 - INFO - Confusion matrix - [[tn=227, fp=8], [fn=7, tp=214]]
2026-08-21 08:59:07 - INFO - probability_positive min=0.0022 mean=0.4840 std=0.4772 max=0.9972 predicted_0=234 predicted_1=222
2026-08-21 08:59:07 - INFO - [Classification Report - split=validation epoch=19 - threshold=0.50]
2026-08-21 08:59:07 - INFO -                 precision    recall  f1-score   support
2026-08-21 08:59:07 - INFO - 
2026-08-21 08:59:07 - INFO -       safe (0)     0.8148    0.8919    0.8516        74
2026-08-21 08:59:07 - INFO - vulnerable (1)     0.8873    0.8077    0.8456        78
2026-08-21 08:59:07 - INFO - 
2026-08-21 08:59:07 - INFO -       accuracy                         0.8487       152
2026-08-21 08:59:07 - INFO -      macro avg     0.8511    0.8498    0.8486       152
2026-08-21 08:59:07 - INFO -   weighted avg     0.8520    0.8487    0.8485       152
2026-08-21 08:59:07 - INFO - Confusion matrix - [[tn=66, fp=8], [fn=15, tp=63]]
2026-08-21 08:59:07 - INFO - probability_positive min=0.0012 mean=0.4605 std=0.4769 max=0.9980 predicted_0=81 predicted_1=71
2026-08-21 08:59:18 - INFO - Epoch 20/30 | Train loss: 0.076865 | Val loss: 0.719047 | LR: 2.00e-05 | Best epoch: 18 | Patience: 2 | Train: 9.72s | Validation: 1.05s | Epoch: 10.77s | Total: 220.48s
2026-08-21 08:59:18 - INFO - RecAdam target-task weight at epoch end: 1.000000
2026-08-21 08:59:18 - INFO - [Classification Report - split=train epoch=20 - threshold=0.50]
2026-08-21 08:59:18 - INFO -                 precision    recall  f1-score   support
2026-08-21 08:59:18 - INFO - 
2026-08-21 08:59:18 - INFO -       safe (0)     0.9662    0.9745    0.9703       235
2026-08-21 08:59:18 - INFO - vulnerable (1)     0.9726    0.9638    0.9682       221
2026-08-21 08:59:18 - INFO - 
2026-08-21 08:59:18 - INFO -       accuracy                         0.9693       456
2026-08-21 08:59:18 - INFO -      macro avg     0.9694    0.9691    0.9693       456
2026-08-21 08:59:18 - INFO -   weighted avg     0.9693    0.9693    0.9693       456
2026-08-21 08:59:18 - INFO - Confusion matrix - [[tn=229, fp=6], [fn=8, tp=213]]
2026-08-21 08:59:18 - INFO - probability_positive min=0.0016 mean=0.4801 std=0.4803 max=0.9975 predicted_0=237 predicted_1=219
2026-08-21 08:59:18 - INFO - [Classification Report - split=validation epoch=20 - threshold=0.50]
2026-08-21 08:59:18 - INFO -                 precision    recall  f1-score   support
2026-08-21 08:59:18 - INFO - 
2026-08-21 08:59:18 - INFO -       safe (0)     0.8228    0.8784    0.8497        74
2026-08-21 08:59:18 - INFO - vulnerable (1)     0.8767    0.8205    0.8477        78
2026-08-21 08:59:18 - INFO - 
2026-08-21 08:59:18 - INFO -       accuracy                         0.8487       152
2026-08-21 08:59:18 - INFO -      macro avg     0.8497    0.8494    0.8487       152
2026-08-21 08:59:18 - INFO -   weighted avg     0.8505    0.8487    0.8487       152
2026-08-21 08:59:18 - INFO - Confusion matrix - [[tn=65, fp=9], [fn=14, tp=64]]
2026-08-21 08:59:18 - INFO - probability_positive min=0.0010 mean=0.4784 std=0.4863 max=0.9985 predicted_0=79 predicted_1=73
2026-08-21 08:59:29 - INFO - Epoch 21/30 | Train loss: 0.069829 | Val loss: 0.849096 | LR: 2.00e-05 | Best epoch: 18 | Patience: 3 | Train: 9.72s | Validation: 1.05s | Epoch: 10.77s | Total: 231.25s
2026-08-21 08:59:29 - INFO - RecAdam target-task weight at epoch end: 1.000000
2026-08-21 08:59:29 - INFO - [Classification Report - split=train epoch=21 - threshold=0.50]
2026-08-21 08:59:29 - INFO -                 precision    recall  f1-score   support
2026-08-21 08:59:29 - INFO - 
2026-08-21 08:59:29 - INFO -       safe (0)     0.9741    0.9617    0.9679       235
2026-08-21 08:59:29 - INFO - vulnerable (1)     0.9598    0.9729    0.9663       221
2026-08-21 08:59:29 - INFO - 
2026-08-21 08:59:29 - INFO -       accuracy                         0.9671       456
2026-08-21 08:59:29 - INFO -      macro avg     0.9670    0.9673    0.9671       456
2026-08-21 08:59:29 - INFO -   weighted avg     0.9672    0.9671    0.9671       456
2026-08-21 08:59:29 - INFO - Confusion matrix - [[tn=226, fp=9], [fn=6, tp=215]]
2026-08-21 08:59:29 - INFO - probability_positive min=0.0012 mean=0.4891 std=0.4842 max=0.9981 predicted_0=232 predicted_1=224
2026-08-21 08:59:29 - INFO - [Classification Report - split=validation epoch=21 - threshold=0.50]
2026-08-21 08:59:29 - INFO -                 precision    recall  f1-score   support
2026-08-21 08:59:29 - INFO - 
2026-08-21 08:59:29 - INFO -       safe (0)     0.7927    0.8784    0.8333        74
2026-08-21 08:59:29 - INFO - vulnerable (1)     0.8714    0.7821    0.8243        78
2026-08-21 08:59:29 - INFO - 
2026-08-21 08:59:29 - INFO -       accuracy                         0.8289       152
2026-08-21 08:59:29 - INFO -      macro avg     0.8321    0.8302    0.8288       152
2026-08-21 08:59:29 - INFO -   weighted avg     0.8331    0.8289    0.8287       152
2026-08-21 08:59:29 - INFO - Confusion matrix - [[tn=65, fp=9], [fn=17, tp=61]]
2026-08-21 08:59:29 - INFO - probability_positive min=0.0009 mean=0.4588 std=0.4867 max=0.9987 predicted_0=82 predicted_1=70
2026-08-21 08:59:39 - INFO - Epoch 22/30 | Train loss: 0.062791 | Val loss: 0.888559 | LR: 2.00e-05 | Best epoch: 18 | Patience: 4 | Train: 9.72s | Validation: 1.05s | Epoch: 10.77s | Total: 242.03s
2026-08-21 08:59:39 - INFO - RecAdam target-task weight at epoch end: 1.000000
2026-08-21 08:59:39 - INFO - [Classification Report - split=train epoch=22 - threshold=0.50]
2026-08-21 08:59:39 - INFO -                 precision    recall  f1-score   support
2026-08-21 08:59:39 - INFO - 
2026-08-21 08:59:39 - INFO -       safe (0)     0.9746    0.9787    0.9766       235
2026-08-21 08:59:39 - INFO - vulnerable (1)     0.9773    0.9729    0.9751       221
2026-08-21 08:59:39 - INFO - 
2026-08-21 08:59:39 - INFO -       accuracy                         0.9759       456
2026-08-21 08:59:39 - INFO -      macro avg     0.9759    0.9758    0.9759       456
2026-08-21 08:59:39 - INFO -   weighted avg     0.9759    0.9759    0.9759       456
2026-08-21 08:59:39 - INFO - Confusion matrix - [[tn=230, fp=5], [fn=6, tp=215]]
2026-08-21 08:59:39 - INFO - probability_positive min=0.0012 mean=0.4777 std=0.4864 max=0.9983 predicted_0=236 predicted_1=220
2026-08-21 08:59:39 - INFO - [Classification Report - split=validation epoch=22 - threshold=0.50]
2026-08-21 08:59:39 - INFO -                 precision    recall  f1-score   support
2026-08-21 08:59:39 - INFO - 
2026-08-21 08:59:39 - INFO -       safe (0)     0.8267    0.8378    0.8322        74
2026-08-21 08:59:39 - INFO - vulnerable (1)     0.8442    0.8333    0.8387        78
2026-08-21 08:59:39 - INFO - 
2026-08-21 08:59:39 - INFO -       accuracy                         0.8355       152
2026-08-21 08:59:39 - INFO -      macro avg     0.8354    0.8356    0.8355       152
2026-08-21 08:59:39 - INFO -   weighted avg     0.8356    0.8355    0.8355       152
2026-08-21 08:59:39 - INFO - Confusion matrix - [[tn=62, fp=12], [fn=13, tp=65]]
2026-08-21 08:59:39 - INFO - probability_positive min=0.0007 mean=0.5026 std=0.4936 max=0.9990 predicted_0=75 predicted_1=77
2026-08-21 08:59:51 - INFO - Epoch 23/30 | Train loss: 0.049657 | Val loss: 0.821624 | LR: 2.00e-05 | Best epoch: 23 | Patience: 0 | Train: 9.72s | Validation: 1.05s | Epoch: 11.20s | Total: 253.24s
2026-08-21 08:59:51 - INFO - RecAdam target-task weight at epoch end: 1.000000
2026-08-21 08:59:51 - INFO - [Classification Report - split=train epoch=23 - threshold=0.50]
2026-08-21 08:59:51 - INFO -                 precision    recall  f1-score   support
2026-08-21 08:59:51 - INFO - 
2026-08-21 08:59:51 - INFO -       safe (0)     0.9870    0.9702    0.9785       235
2026-08-21 08:59:51 - INFO - vulnerable (1)     0.9689    0.9864    0.9776       221
2026-08-21 08:59:51 - INFO - 
2026-08-21 08:59:51 - INFO -       accuracy                         0.9781       456
2026-08-21 08:59:51 - INFO -      macro avg     0.9780    0.9783    0.9781       456
2026-08-21 08:59:51 - INFO -   weighted avg     0.9782    0.9781    0.9781       456
2026-08-21 08:59:51 - INFO - Confusion matrix - [[tn=228, fp=7], [fn=3, tp=218]]
2026-08-21 08:59:51 - INFO - probability_positive min=0.0011 mean=0.4934 std=0.4893 max=0.9988 predicted_0=231 predicted_1=225
2026-08-21 08:59:51 - INFO - [Classification Report - split=validation epoch=23 - threshold=0.50]
2026-08-21 08:59:51 - INFO -                 precision    recall  f1-score   support
2026-08-21 08:59:51 - INFO - 
2026-08-21 08:59:51 - INFO -       safe (0)     0.8354    0.8919    0.8627        74
2026-08-21 08:59:51 - INFO - vulnerable (1)     0.8904    0.8333    0.8609        78
2026-08-21 08:59:51 - INFO - 
2026-08-21 08:59:51 - INFO -       accuracy                         0.8618       152
2026-08-21 08:59:51 - INFO -      macro avg     0.8629    0.8626    0.8618       152
2026-08-21 08:59:51 - INFO -   weighted avg     0.8637    0.8618    0.8618       152
2026-08-21 08:59:51 - INFO - Confusion matrix - [[tn=66, fp=8], [fn=13, tp=65]]
2026-08-21 08:59:51 - INFO - probability_positive min=0.0007 mean=0.4827 std=0.4916 max=0.9991 predicted_0=79 predicted_1=73
2026-08-21 08:59:51 - INFO - New best model | Macro-F1: 0.861836 | Epoch: 23
2026-08-21 09:00:01 - INFO - Epoch 24/30 | Train loss: 0.073385 | Val loss: 0.913046 | LR: 2.00e-05 | Best epoch: 23 | Patience: 1 | Train: 9.73s | Validation: 1.05s | Epoch: 10.78s | Total: 264.05s
2026-08-21 09:00:01 - INFO - RecAdam target-task weight at epoch end: 1.000000
2026-08-21 09:00:01 - INFO - [Classification Report - split=train epoch=24 - threshold=0.50]
2026-08-21 09:00:01 - INFO -                 precision    recall  f1-score   support
2026-08-21 09:00:01 - INFO - 
2026-08-21 09:00:01 - INFO -       safe (0)     0.9746    0.9787    0.9766       235
2026-08-21 09:00:01 - INFO - vulnerable (1)     0.9773    0.9729    0.9751       221
2026-08-21 09:00:01 - INFO - 
2026-08-21 09:00:01 - INFO -       accuracy                         0.9759       456
2026-08-21 09:00:01 - INFO -      macro avg     0.9759    0.9758    0.9759       456
2026-08-21 09:00:01 - INFO -   weighted avg     0.9759    0.9759    0.9759       456
2026-08-21 09:00:01 - INFO - Confusion matrix - [[tn=230, fp=5], [fn=6, tp=215]]
2026-08-21 09:00:01 - INFO - probability_positive min=0.0010 mean=0.4819 std=0.4881 max=0.9990 predicted_0=236 predicted_1=220
2026-08-21 09:00:01 - INFO - [Classification Report - split=validation epoch=24 - threshold=0.50]
2026-08-21 09:00:01 - INFO -                 precision    recall  f1-score   support
2026-08-21 09:00:01 - INFO - 
2026-08-21 09:00:01 - INFO -       safe (0)     0.8289    0.8514    0.8400        74
2026-08-21 09:00:01 - INFO - vulnerable (1)     0.8553    0.8333    0.8442        78
2026-08-21 09:00:01 - INFO - 
2026-08-21 09:00:01 - INFO -       accuracy                         0.8421       152
2026-08-21 09:00:01 - INFO -      macro avg     0.8421    0.8423    0.8421       152
2026-08-21 09:00:01 - INFO -   weighted avg     0.8425    0.8421    0.8421       152
2026-08-21 09:00:01 - INFO - Confusion matrix - [[tn=63, fp=11], [fn=13, tp=65]]
2026-08-21 09:00:01 - INFO - probability_positive min=0.0006 mean=0.5051 std=0.4944 max=0.9992 predicted_0=76 predicted_1=76
2026-08-21 09:00:12 - INFO - Epoch 25/30 | Train loss: 0.046892 | Val loss: 0.887600 | LR: 2.00e-05 | Best epoch: 23 | Patience: 2 | Train: 9.72s | Validation: 1.05s | Epoch: 10.77s | Total: 274.83s
2026-08-21 09:00:12 - INFO - RecAdam target-task weight at epoch end: 1.000000
2026-08-21 09:00:12 - INFO - [Classification Report - split=train epoch=25 - threshold=0.50]
2026-08-21 09:00:12 - INFO -                 precision    recall  f1-score   support
2026-08-21 09:00:12 - INFO - 
2026-08-21 09:00:12 - INFO -       safe (0)     0.9915    0.9915    0.9915       235
2026-08-21 09:00:12 - INFO - vulnerable (1)     0.9910    0.9910    0.9910       221
2026-08-21 09:00:12 - INFO - 
2026-08-21 09:00:12 - INFO -       accuracy                         0.9912       456
2026-08-21 09:00:12 - INFO -      macro avg     0.9912    0.9912    0.9912       456
2026-08-21 09:00:12 - INFO -   weighted avg     0.9912    0.9912    0.9912       456
2026-08-21 09:00:12 - INFO - Confusion matrix - [[tn=233, fp=2], [fn=2, tp=219]]
2026-08-21 09:00:12 - INFO - probability_positive min=0.0011 mean=0.4853 std=0.4894 max=0.9991 predicted_0=235 predicted_1=221
2026-08-21 09:00:12 - INFO - [Classification Report - split=validation epoch=25 - threshold=0.50]
2026-08-21 09:00:12 - INFO -                 precision    recall  f1-score   support
2026-08-21 09:00:12 - INFO - 
2026-08-21 09:00:12 - INFO -       safe (0)     0.8228    0.8784    0.8497        74
2026-08-21 09:00:12 - INFO - vulnerable (1)     0.8767    0.8205    0.8477        78
2026-08-21 09:00:12 - INFO - 
2026-08-21 09:00:12 - INFO -       accuracy                         0.8487       152
2026-08-21 09:00:12 - INFO -      macro avg     0.8497    0.8494    0.8487       152
2026-08-21 09:00:12 - INFO -   weighted avg     0.8505    0.8487    0.8487       152
2026-08-21 09:00:12 - INFO - Confusion matrix - [[tn=65, fp=9], [fn=14, tp=64]]
2026-08-21 09:00:12 - INFO - probability_positive min=0.0006 mean=0.4799 std=0.4929 max=0.9992 predicted_0=79 predicted_1=73
2026-08-21 09:00:23 - INFO - Epoch 26/30 | Train loss: 0.048245 | Val loss: 0.958698 | LR: 2.00e-05 | Best epoch: 23 | Patience: 3 | Train: 9.72s | Validation: 1.05s | Epoch: 10.77s | Total: 285.61s
2026-08-21 09:00:23 - INFO - RecAdam target-task weight at epoch end: 1.000000
2026-08-21 09:00:23 - INFO - [Classification Report - split=train epoch=26 - threshold=0.50]
2026-08-21 09:00:23 - INFO -                 precision    recall  f1-score   support
2026-08-21 09:00:23 - INFO - 
2026-08-21 09:00:23 - INFO -       safe (0)     0.9829    0.9787    0.9808       235
2026-08-21 09:00:23 - INFO - vulnerable (1)     0.9775    0.9819    0.9797       221
2026-08-21 09:00:23 - INFO - 
2026-08-21 09:00:23 - INFO -       accuracy                         0.9803       456
2026-08-21 09:00:23 - INFO -      macro avg     0.9802    0.9803    0.9802       456
2026-08-21 09:00:23 - INFO -   weighted avg     0.9803    0.9803    0.9803       456
2026-08-21 09:00:23 - INFO - Confusion matrix - [[tn=230, fp=5], [fn=4, tp=217]]
2026-08-21 09:00:23 - INFO - probability_positive min=0.0009 mean=0.4854 std=0.4927 max=0.9991 predicted_0=234 predicted_1=222
2026-08-21 09:00:23 - INFO - [Classification Report - split=validation epoch=26 - threshold=0.50]
2026-08-21 09:00:23 - INFO -                 precision    recall  f1-score   support
2026-08-21 09:00:23 - INFO - 
2026-08-21 09:00:23 - INFO -       safe (0)     0.8101    0.8649    0.8366        74
2026-08-21 09:00:23 - INFO - vulnerable (1)     0.8630    0.8077    0.8344        78
2026-08-21 09:00:23 - INFO - 
2026-08-21 09:00:23 - INFO -       accuracy                         0.8355       152
2026-08-21 09:00:23 - INFO -      macro avg     0.8366    0.8363    0.8355       152
2026-08-21 09:00:23 - INFO -   weighted avg     0.8373    0.8355    0.8355       152
2026-08-21 09:00:23 - INFO - Confusion matrix - [[tn=64, fp=10], [fn=15, tp=63]]
2026-08-21 09:00:23 - INFO - probability_positive min=0.0005 mean=0.4783 std=0.4911 max=0.9993 predicted_0=79 predicted_1=73
2026-08-21 09:00:34 - INFO - Epoch 27/30 | Train loss: 0.054498 | Val loss: 0.889711 | LR: 2.00e-05 | Best epoch: 23 | Patience: 4 | Train: 9.72s | Validation: 1.05s | Epoch: 10.77s | Total: 296.39s
2026-08-21 09:00:34 - INFO - RecAdam target-task weight at epoch end: 1.000000
2026-08-21 09:00:34 - INFO - [Classification Report - split=train epoch=27 - threshold=0.50]
2026-08-21 09:00:34 - INFO -                 precision    recall  f1-score   support
2026-08-21 09:00:34 - INFO - 
2026-08-21 09:00:34 - INFO -       safe (0)     0.9789    0.9872    0.9831       235
2026-08-21 09:00:34 - INFO - vulnerable (1)     0.9863    0.9774    0.9818       221
2026-08-21 09:00:34 - INFO - 
2026-08-21 09:00:34 - INFO -       accuracy                         0.9825       456
2026-08-21 09:00:34 - INFO -      macro avg     0.9826    0.9823    0.9824       456
2026-08-21 09:00:34 - INFO -   weighted avg     0.9825    0.9825    0.9825       456
2026-08-21 09:00:34 - INFO - Confusion matrix - [[tn=232, fp=3], [fn=5, tp=216]]
2026-08-21 09:00:34 - INFO - probability_positive min=0.0008 mean=0.4812 std=0.4901 max=0.9991 predicted_0=237 predicted_1=219
2026-08-21 09:00:34 - INFO - [Classification Report - split=validation epoch=27 - threshold=0.50]
2026-08-21 09:00:34 - INFO -                 precision    recall  f1-score   support
2026-08-21 09:00:34 - INFO - 
2026-08-21 09:00:34 - INFO -       safe (0)     0.8714    0.8243    0.8472        74
2026-08-21 09:00:34 - INFO - vulnerable (1)     0.8415    0.8846    0.8625        78
2026-08-21 09:00:34 - INFO - 
2026-08-21 09:00:34 - INFO -       accuracy                         0.8553       152
2026-08-21 09:00:34 - INFO -      macro avg     0.8564    0.8545    0.8549       152
2026-08-21 09:00:34 - INFO -   weighted avg     0.8561    0.8553    0.8551       152
2026-08-21 09:00:34 - INFO - Confusion matrix - [[tn=61, fp=13], [fn=9, tp=69]]
2026-08-21 09:00:34 - INFO - probability_positive min=0.0005 mean=0.5371 std=0.4901 max=0.9994 predicted_0=70 predicted_1=82
2026-08-21 09:00:45 - INFO - Epoch 28/30 | Train loss: 0.032918 | Val loss: 0.964648 | LR: 2.00e-05 | Best epoch: 23 | Patience: 5 | Train: 9.72s | Validation: 1.05s | Epoch: 10.77s | Total: 307.18s
2026-08-21 09:00:45 - INFO - RecAdam target-task weight at epoch end: 1.000000
2026-08-21 09:00:45 - INFO - [Classification Report - split=train epoch=28 - threshold=0.50]
2026-08-21 09:00:45 - INFO -                 precision    recall  f1-score   support
2026-08-21 09:00:45 - INFO - 
2026-08-21 09:00:45 - INFO -       safe (0)     0.9914    0.9830    0.9872       235
2026-08-21 09:00:45 - INFO - vulnerable (1)     0.9821    0.9910    0.9865       221
2026-08-21 09:00:45 - INFO - 
2026-08-21 09:00:45 - INFO -       accuracy                         0.9868       456
2026-08-21 09:00:45 - INFO -      macro avg     0.9867    0.9870    0.9868       456
2026-08-21 09:00:45 - INFO -   weighted avg     0.9869    0.9868    0.9868       456
2026-08-21 09:00:45 - INFO - Confusion matrix - [[tn=231, fp=4], [fn=2, tp=219]]
2026-08-21 09:00:45 - INFO - probability_positive min=0.0006 mean=0.4883 std=0.4915 max=0.9992 predicted_0=233 predicted_1=223
2026-08-21 09:00:45 - INFO - [Classification Report - split=validation epoch=28 - threshold=0.50]
2026-08-21 09:00:45 - INFO -                 precision    recall  f1-score   support
2026-08-21 09:00:45 - INFO - 
2026-08-21 09:00:45 - INFO -       safe (0)     0.8148    0.8919    0.8516        74
2026-08-21 09:00:45 - INFO - vulnerable (1)     0.8873    0.8077    0.8456        78
2026-08-21 09:00:45 - INFO - 
2026-08-21 09:00:45 - INFO -       accuracy                         0.8487       152
2026-08-21 09:00:45 - INFO -      macro avg     0.8511    0.8498    0.8486       152
2026-08-21 09:00:45 - INFO -   weighted avg     0.8520    0.8487    0.8485       152
2026-08-21 09:00:45 - INFO - Confusion matrix - [[tn=66, fp=8], [fn=15, tp=63]]
2026-08-21 09:00:45 - INFO - probability_positive min=0.0004 mean=0.4670 std=0.4926 max=0.9995 predicted_0=81 predicted_1=71
2026-08-21 09:00:45 - INFO - Early stopping | Epoch: 28 | Best epoch: 23
2026-08-21 09:00:45 - INFO - Best checkpoint saved | Path: model/t5base_codet5/transfer_latent_bottleneck/seed_42/fold1/best.pt | Epoch: 23 | Val macro_f1: 0.861836
2026-08-21 09:00:45 - INFO - Training finished | Elapsed: 307.19s
2026-08-21 09:00:45 - INFO - Run finished | Phase: phase2 | Fold: 1 | Seed: 42 | Elapsed: 310.02s
