2026-08-21 08:21:21 - INFO - Using device: cuda
2026-08-21 08:21:21 - INFO - Run started | Run: headroom_js_codebert | Method: transfer_none | Phase: phase1 | Fold: 1 | Seed: 42 | Device: cuda
2026-08-21 08:21:21 - INFO - Loading Phase-1 source data: data/ccpp_primevul_paired_common.jsonl
2026-08-21 08:21:21 - INFO - Detected Phase-1 languages: ['ccpp']
2026-08-21 08:21:21 - INFO - Auxiliary CWE vocabulary built from source | Classes: 73 | Sample: {'CWE-020': 0, 'CWE-022': 1, 'CWE-059': 2, 'CWE-061': 3, 'CWE-074': 4, 'CWE-077': 5}
2026-08-21 08:21:21 - INFO - Source split | Language: ccpp | Conservative pairs: 1484 | Singletons: 7 | Stratified: False | Ratio: 90/10 | Seed: 42
2026-08-21 08:21:21 - INFO - Combined source split | Languages: ['ccpp'] | Train: 2675 | Validation: 300
2026-08-21 08:21:21 - WARNING - No upstream pair/repo/commit IDs: adjacent groups are protected, but distant near-duplicate families may still cross source train/validation
2026-08-21 08:21:21 - INFO - Data split: source_train | Total: 2675 | Labels: {0: 1338, 1: 1337} | CWEs: {'CWE-022': 655, 'CWE-078': 70, 'CWE-079': 36, 'CWE-089': 12} | Languages: {'ccpp': 2675} | Invalid CWE: 0
2026-08-21 08:21:21 - INFO - Data split: source_val | Total: 300 | Labels: {0: 150, 1: 150} | CWEs: {'CWE-022': 90, 'CWE-078': 10} | Languages: {'ccpp': 300} | Invalid CWE: 0
2026-08-21 08:21:35 - INFO - Environment: {"components": {"backbone": {"frozen": 0, "total": 124645632, "trainable": 124645632}, "vul_head": {"frozen": 0, "total": 1538, "trainable": 1538}}, "cuda": "12.8", "fold": 1, "frozen_parameters": 0, "gpu": "NVIDIA GeForce RTX 4070 Ti SUPER", "hyperparameters": {"anneal_fun": "sigmoid", "anneal_k": 0.05, "anneal_t0_ratio": 0.05, "anneal_w": 1.0, "aux_mode": "none", "batch_size": 16, "checkpoint_path": "model/headroom_js_codebert/transfer_none/seed_42/source/best.pt", "cwe_vocab": "source", "data_path": "data/ccpp_primevul_paired_common.jsonl", "data_root": "data/js_twin", "epochs": 15, "eval_batch_size": 16, "fold": 1, "freeze_backbone_layers": 0, "freeze_prototypes_steps": 0, "lambda_cwe": 0.2, "latent_temperature": 0.1, "learning_rate": 2e-05, "lora_rank": 0, "lp_epochs": 0, "lp_learning_rate": 0.001, "max_eval_samples": null, "max_grad_norm": 1.0, "max_length": 512, "max_train_samples": null, "method_name": "transfer_none", "min_epochs": 3, "model_name": "microsoft/codebert-base", "num_cwes": 73, "num_latent": 8, "num_workers": 0, "output_dir": "results/headroom_js_codebert/transfer_none", "patience": 5, "phase": "phase1", "phase2_optimizer": "recadam", "pooling": "cls", "pretrain_cof": 5000.0, "result_path": "results/headroom_js_codebert/transfer_none/seed_42/fold1.json", "run_name": "headroom_js_codebert", "seed": 42, "selection_metric": "macro_f1", "source_checkpoint": null, "source_interpolation": 1.0, "strict_determinism": false, "target_lang": "js", "test_path": null, "train_path": null, "truncation_strategy": "head_middle_tail", "val_path": null, "weight_decay": 0.01}, "mode": "phase1_train", "model_name": "microsoft/codebert-base", "seed": 42, "sklearn": "1.7.2", "torch": "2.11.0+cu128", "trainable_parameters": 124647170, "transformers": "4.57.1"}
2026-08-21 08:21:35 - INFO - Training started | Phase: phase1 | Epochs: 15
2026-08-21 08:22:32 - INFO - Epoch 1/15 | Train loss: 0.706899 | Val loss: 0.695341 | LR: 2.00e-05 | Best epoch: 1 | Patience: 0 | Train: 53.66s | Validation: 2.25s | Epoch: 56.23s | Total: 56.23s
2026-08-21 08:22:32 - INFO - Phase-1 losses | Vulnerability: 0.706899 | CWE: 0.000000 | Total: 0.706899
2026-08-21 08:22:32 - INFO - [Classification Report - split=train epoch=1 - threshold=0.50]
2026-08-21 08:22:32 - INFO -                 precision    recall  f1-score   support
2026-08-21 08:22:32 - INFO - 
2026-08-21 08:22:32 - INFO -       safe (0)     0.4961    0.5695    0.5303      1338
2026-08-21 08:22:32 - INFO - vulnerable (1)     0.4943    0.4211    0.4548      1337
2026-08-21 08:22:32 - INFO - 
2026-08-21 08:22:32 - INFO -       accuracy                         0.4953      2675
2026-08-21 08:22:32 - INFO -      macro avg     0.4952    0.4953    0.4925      2675
2026-08-21 08:22:32 - INFO -   weighted avg     0.4952    0.4953    0.4925      2675
2026-08-21 08:22:32 - INFO - Confusion matrix - [[tn=762, fp=576], [fn=774, tp=563]]
2026-08-21 08:22:32 - INFO - probability_positive min=0.2957 mean=0.4932 std=0.0663 max=0.7680 predicted_0=1536 predicted_1=1139
2026-08-21 08:22:32 - INFO - [Classification Report - split=validation epoch=1 - threshold=0.50]
2026-08-21 08:22:32 - INFO -                 precision    recall  f1-score   support
2026-08-21 08:22:32 - INFO - 
2026-08-21 08:22:32 - INFO -       safe (0)     0.0000    0.0000    0.0000       150
2026-08-21 08:22:32 - INFO - vulnerable (1)     0.5000    1.0000    0.6667       150
2026-08-21 08:22:32 - INFO - 
2026-08-21 08:22:32 - INFO -       accuracy                         0.5000       300
2026-08-21 08:22:32 - INFO -      macro avg     0.2500    0.5000    0.3333       300
2026-08-21 08:22:32 - INFO -   weighted avg     0.2500    0.5000    0.3333       300
2026-08-21 08:22:32 - INFO - Confusion matrix - [[tn=0, fp=150], [fn=0, tp=150]]
2026-08-21 08:22:32 - INFO - probability_positive min=0.5304 mean=0.5333 std=0.0010 max=0.5368 predicted_0=0 predicted_1=300
2026-08-21 08:22:32 - INFO - New best model | Macro-F1: 0.333333 | Epoch: 1
2026-08-21 08:23:27 - INFO - Epoch 2/15 | Train loss: 0.701900 | Val loss: 0.693119 | LR: 2.00e-05 | Best epoch: 2 | Patience: 0 | Train: 53.19s | Validation: 2.24s | Epoch: 55.94s | Total: 112.18s
2026-08-21 08:23:27 - INFO - Phase-1 losses | Vulnerability: 0.701900 | CWE: 0.000000 | Total: 0.701900
2026-08-21 08:23:27 - INFO - [Classification Report - split=train epoch=2 - threshold=0.50]
2026-08-21 08:23:27 - INFO -                 precision    recall  f1-score   support
2026-08-21 08:23:27 - INFO - 
2026-08-21 08:23:27 - INFO -       safe (0)     0.4954    0.4873    0.4913      1338
2026-08-21 08:23:27 - INFO - vulnerable (1)     0.4952    0.5034    0.4993      1337
2026-08-21 08:23:27 - INFO - 
2026-08-21 08:23:27 - INFO -       accuracy                         0.4953      2675
2026-08-21 08:23:27 - INFO -      macro avg     0.4953    0.4953    0.4953      2675
2026-08-21 08:23:27 - INFO -   weighted avg     0.4953    0.4953    0.4953      2675
2026-08-21 08:23:27 - INFO - Confusion matrix - [[tn=652, fp=686], [fn=664, tp=673]]
2026-08-21 08:23:27 - INFO - probability_positive min=0.2313 mean=0.4994 std=0.0636 max=0.7566 predicted_0=1316 predicted_1=1359
2026-08-21 08:23:27 - INFO - [Classification Report - split=validation epoch=2 - threshold=0.50]
2026-08-21 08:23:27 - INFO -                 precision    recall  f1-score   support
2026-08-21 08:23:27 - INFO - 
2026-08-21 08:23:27 - INFO -       safe (0)     0.5000    0.0133    0.0260       150
2026-08-21 08:23:27 - INFO - vulnerable (1)     0.5000    0.9867    0.6637       150
2026-08-21 08:23:27 - INFO - 
2026-08-21 08:23:27 - INFO -       accuracy                         0.5000       300
2026-08-21 08:23:27 - INFO -      macro avg     0.5000    0.5000    0.3448       300
2026-08-21 08:23:27 - INFO -   weighted avg     0.5000    0.5000    0.3448       300
2026-08-21 08:23:27 - INFO - Confusion matrix - [[tn=2, fp=148], [fn=2, tp=148]]
2026-08-21 08:23:27 - INFO - probability_positive min=0.4995 mean=0.5022 std=0.0014 max=0.5064 predicted_0=4 predicted_1=296
2026-08-21 08:23:27 - INFO - New best model | Macro-F1: 0.344826 | Epoch: 2
2026-08-21 08:24:23 - INFO - Epoch 3/15 | Train loss: 0.696694 | Val loss: 0.693054 | LR: 2.00e-05 | Best epoch: 2 | Patience: 1 | Train: 53.25s | Validation: 2.25s | Epoch: 55.50s | Total: 167.70s
2026-08-21 08:24:23 - INFO - Phase-1 losses | Vulnerability: 0.696694 | CWE: 0.000000 | Total: 0.696694
2026-08-21 08:24:23 - INFO - [Classification Report - split=train epoch=3 - threshold=0.50]
2026-08-21 08:24:23 - INFO -                 precision    recall  f1-score   support
2026-08-21 08:24:23 - INFO - 
2026-08-21 08:24:23 - INFO -       safe (0)     0.4959    0.4978    0.4968      1338
2026-08-21 08:24:23 - INFO - vulnerable (1)     0.4955    0.4936    0.4946      1337
2026-08-21 08:24:23 - INFO - 
2026-08-21 08:24:23 - INFO -       accuracy                         0.4957      2675
2026-08-21 08:24:23 - INFO -      macro avg     0.4957    0.4957    0.4957      2675
2026-08-21 08:24:23 - INFO -   weighted avg     0.4957    0.4957    0.4957      2675
2026-08-21 08:24:23 - INFO - Confusion matrix - [[tn=666, fp=672], [fn=677, tp=660]]
2026-08-21 08:24:23 - INFO - probability_positive min=0.3780 mean=0.5042 std=0.0404 max=0.8279 predicted_0=1343 predicted_1=1332
2026-08-21 08:24:23 - INFO - [Classification Report - split=validation epoch=3 - threshold=0.50]
2026-08-21 08:24:23 - INFO -                 precision    recall  f1-score   support
2026-08-21 08:24:23 - INFO - 
2026-08-21 08:24:23 - INFO -       safe (0)     0.5000    1.0000    0.6667       150
2026-08-21 08:24:23 - INFO - vulnerable (1)     0.0000    0.0000    0.0000       150
2026-08-21 08:24:23 - INFO - 
2026-08-21 08:24:23 - INFO -       accuracy                         0.5000       300
2026-08-21 08:24:23 - INFO -      macro avg     0.2500    0.5000    0.3333       300
2026-08-21 08:24:23 - INFO -   weighted avg     0.2500    0.5000    0.3333       300
2026-08-21 08:24:23 - INFO - Confusion matrix - [[tn=150, fp=0], [fn=150, tp=0]]
2026-08-21 08:24:23 - INFO - probability_positive min=0.4879 mean=0.4934 std=0.0017 max=0.4984 predicted_0=300 predicted_1=0
2026-08-21 08:25:18 - INFO - Epoch 4/15 | Train loss: 0.701089 | Val loss: 0.704908 | LR: 2.00e-05 | Best epoch: 2 | Patience: 2 | Train: 53.23s | Validation: 2.24s | Epoch: 55.47s | Total: 223.18s
2026-08-21 08:25:18 - INFO - Phase-1 losses | Vulnerability: 0.701089 | CWE: 0.000000 | Total: 0.701089
2026-08-21 08:25:18 - INFO - [Classification Report - split=train epoch=4 - threshold=0.50]
2026-08-21 08:25:18 - INFO -                 precision    recall  f1-score   support
2026-08-21 08:25:18 - INFO - 
2026-08-21 08:25:18 - INFO -       safe (0)     0.4862    0.5673    0.5236      1338
2026-08-21 08:25:18 - INFO - vulnerable (1)     0.4803    0.4001    0.4366      1337
2026-08-21 08:25:18 - INFO - 
2026-08-21 08:25:18 - INFO -       accuracy                         0.4837      2675
2026-08-21 08:25:18 - INFO -      macro avg     0.4832    0.4837    0.4801      2675
2026-08-21 08:25:18 - INFO -   weighted avg     0.4832    0.4837    0.4801      2675
2026-08-21 08:25:18 - INFO - Confusion matrix - [[tn=759, fp=579], [fn=802, tp=535]]
2026-08-21 08:25:18 - INFO - probability_positive min=0.2428 mean=0.4940 std=0.0489 max=0.7134 predicted_0=1561 predicted_1=1114
2026-08-21 08:25:18 - INFO - [Classification Report - split=validation epoch=4 - threshold=0.50]
2026-08-21 08:25:18 - INFO -                 precision    recall  f1-score   support
2026-08-21 08:25:18 - INFO - 
2026-08-21 08:25:18 - INFO -       safe (0)     0.0000    0.0000    0.0000       150
2026-08-21 08:25:18 - INFO - vulnerable (1)     0.5000    1.0000    0.6667       150
2026-08-21 08:25:18 - INFO - 
2026-08-21 08:25:18 - INFO -       accuracy                         0.5000       300
2026-08-21 08:25:18 - INFO -      macro avg     0.2500    0.5000    0.3333       300
2026-08-21 08:25:18 - INFO -   weighted avg     0.2500    0.5000    0.3333       300
2026-08-21 08:25:18 - INFO - Confusion matrix - [[tn=0, fp=150], [fn=0, tp=150]]
2026-08-21 08:25:18 - INFO - probability_positive min=0.5658 mean=0.5767 std=0.0020 max=0.5817 predicted_0=0 predicted_1=300
2026-08-21 08:26:14 - INFO - Epoch 5/15 | Train loss: 0.698057 | Val loss: 0.694746 | LR: 2.00e-05 | Best epoch: 2 | Patience: 3 | Train: 53.27s | Validation: 2.25s | Epoch: 55.52s | Total: 278.72s
2026-08-21 08:26:14 - INFO - Phase-1 losses | Vulnerability: 0.698057 | CWE: 0.000000 | Total: 0.698057
2026-08-21 08:26:14 - INFO - [Classification Report - split=train epoch=5 - threshold=0.50]
2026-08-21 08:26:14 - INFO -                 precision    recall  f1-score   support
2026-08-21 08:26:14 - INFO - 
2026-08-21 08:26:14 - INFO -       safe (0)     0.4933    0.5224    0.5074      1338
2026-08-21 08:26:14 - INFO - vulnerable (1)     0.4921    0.4630    0.4771      1337
2026-08-21 08:26:14 - INFO - 
2026-08-21 08:26:14 - INFO -       accuracy                         0.4927      2675
2026-08-21 08:26:14 - INFO -      macro avg     0.4927    0.4927    0.4923      2675
2026-08-21 08:26:14 - INFO -   weighted avg     0.4927    0.4927    0.4923      2675
2026-08-21 08:26:14 - INFO - Confusion matrix - [[tn=699, fp=639], [fn=718, tp=619]]
2026-08-21 08:26:14 - INFO - probability_positive min=0.2692 mean=0.4991 std=0.0464 max=0.7853 predicted_0=1417 predicted_1=1258
2026-08-21 08:26:14 - INFO - [Classification Report - split=validation epoch=5 - threshold=0.50]
2026-08-21 08:26:14 - INFO -                 precision    recall  f1-score   support
2026-08-21 08:26:14 - INFO - 
2026-08-21 08:26:14 - INFO -       safe (0)     0.5000    1.0000    0.6667       150
2026-08-21 08:26:14 - INFO - vulnerable (1)     0.0000    0.0000    0.0000       150
2026-08-21 08:26:14 - INFO - 
2026-08-21 08:26:14 - INFO -       accuracy                         0.5000       300
2026-08-21 08:26:14 - INFO -      macro avg     0.2500    0.5000    0.3333       300
2026-08-21 08:26:14 - INFO -   weighted avg     0.2500    0.5000    0.3333       300
2026-08-21 08:26:14 - INFO - Confusion matrix - [[tn=150, fp=0], [fn=150, tp=0]]
2026-08-21 08:26:14 - INFO - probability_positive min=0.4620 mean=0.4699 std=0.0024 max=0.4771 predicted_0=300 predicted_1=0
2026-08-21 08:27:10 - INFO - Epoch 6/15 | Train loss: 0.700493 | Val loss: 0.693387 | LR: 2.00e-05 | Best epoch: 2 | Patience: 4 | Train: 53.29s | Validation: 2.24s | Epoch: 55.53s | Total: 334.26s
2026-08-21 08:27:10 - INFO - Phase-1 losses | Vulnerability: 0.700493 | CWE: 0.000000 | Total: 0.700493
2026-08-21 08:27:10 - INFO - [Classification Report - split=train epoch=6 - threshold=0.50]
2026-08-21 08:27:10 - INFO -                 precision    recall  f1-score   support
2026-08-21 08:27:10 - INFO - 
2026-08-21 08:27:10 - INFO -       safe (0)     0.5010    0.5830    0.5389      1338
2026-08-21 08:27:10 - INFO - vulnerable (1)     0.5009    0.4188    0.4562      1337
2026-08-21 08:27:10 - INFO - 
2026-08-21 08:27:10 - INFO -       accuracy                         0.5009      2675
2026-08-21 08:27:10 - INFO -      macro avg     0.5009    0.5009    0.4975      2675
2026-08-21 08:27:10 - INFO -   weighted avg     0.5009    0.5009    0.4976      2675
2026-08-21 08:27:10 - INFO - Confusion matrix - [[tn=780, fp=558], [fn=777, tp=560]]
2026-08-21 08:27:10 - INFO - probability_positive min=0.2664 mean=0.4891 std=0.0525 max=0.8197 predicted_0=1557 predicted_1=1118
2026-08-21 08:27:10 - INFO - [Classification Report - split=validation epoch=6 - threshold=0.50]
2026-08-21 08:27:10 - INFO -                 precision    recall  f1-score   support
2026-08-21 08:27:10 - INFO - 
2026-08-21 08:27:10 - INFO -       safe (0)     0.0000    0.0000    0.0000       150
2026-08-21 08:27:10 - INFO - vulnerable (1)     0.5000    1.0000    0.6667       150
2026-08-21 08:27:10 - INFO - 
2026-08-21 08:27:10 - INFO -       accuracy                         0.5000       300
2026-08-21 08:27:10 - INFO -      macro avg     0.2500    0.5000    0.3333       300
2026-08-21 08:27:10 - INFO -   weighted avg     0.2500    0.5000    0.3333       300
2026-08-21 08:27:10 - INFO - Confusion matrix - [[tn=0, fp=150], [fn=0, tp=150]]
2026-08-21 08:27:10 - INFO - probability_positive min=0.5111 mean=0.5140 std=0.0011 max=0.5175 predicted_0=0 predicted_1=300
2026-08-21 08:28:05 - INFO - Epoch 7/15 | Train loss: 0.695101 | Val loss: 0.694497 | LR: 2.00e-05 | Best epoch: 2 | Patience: 5 | Train: 53.24s | Validation: 2.24s | Epoch: 55.47s | Total: 389.75s
2026-08-21 08:28:05 - INFO - Phase-1 losses | Vulnerability: 0.695101 | CWE: 0.000000 | Total: 0.695101
2026-08-21 08:28:05 - INFO - [Classification Report - split=train epoch=7 - threshold=0.50]
2026-08-21 08:28:05 - INFO -                 precision    recall  f1-score   support
2026-08-21 08:28:05 - INFO - 
2026-08-21 08:28:05 - INFO -       safe (0)     0.4982    0.5179    0.5079      1338
2026-08-21 08:28:05 - INFO - vulnerable (1)     0.4977    0.4779    0.4876      1337
2026-08-21 08:28:05 - INFO - 
2026-08-21 08:28:05 - INFO -       accuracy                         0.4979      2675
2026-08-21 08:28:05 - INFO -      macro avg     0.4979    0.4979    0.4977      2675
2026-08-21 08:28:05 - INFO -   weighted avg     0.4979    0.4979    0.4977      2675
2026-08-21 08:28:05 - INFO - Confusion matrix - [[tn=693, fp=645], [fn=698, tp=639]]
2026-08-21 08:28:05 - INFO - probability_positive min=0.3626 mean=0.5012 std=0.0393 max=0.8736 predicted_0=1391 predicted_1=1284
2026-08-21 08:28:05 - INFO - [Classification Report - split=validation epoch=7 - threshold=0.50]
2026-08-21 08:28:05 - INFO -                 precision    recall  f1-score   support
2026-08-21 08:28:05 - INFO - 
2026-08-21 08:28:05 - INFO -       safe (0)     0.5000    1.0000    0.6667       150
2026-08-21 08:28:05 - INFO - vulnerable (1)     0.0000    0.0000    0.0000       150
2026-08-21 08:28:05 - INFO - 
2026-08-21 08:28:05 - INFO -       accuracy                         0.5000       300
2026-08-21 08:28:05 - INFO -      macro avg     0.2500    0.5000    0.3333       300
2026-08-21 08:28:05 - INFO -   weighted avg     0.2500    0.5000    0.3333       300
2026-08-21 08:28:05 - INFO - Confusion matrix - [[tn=150, fp=0], [fn=150, tp=0]]
2026-08-21 08:28:05 - INFO - probability_positive min=0.4727 mean=0.4737 std=0.0003 max=0.4747 predicted_0=300 predicted_1=0
2026-08-21 08:28:05 - INFO - Early stopping | Epoch: 7 | Best epoch: 2
2026-08-21 08:28:05 - INFO - Best checkpoint saved | Path: model/headroom_js_codebert/transfer_none/seed_42/source/best.pt | Epoch: 2 | Val macro_f1: 0.344826
2026-08-21 08:28:05 - INFO - Training finished | Elapsed: 389.76s
2026-08-21 08:28:05 - INFO - Run finished | Phase: phase1 | Fold: 1 | Seed: 42 | Elapsed: 403.72s
