2026-09-13 13:53:47 - INFO - Using device: cuda
2026-09-13 13:53:47 - INFO - Run started | Run: fus2_codebert | Method: transfer_latent_bottleneck_com_l0p05_adamw | Phase: phase2 | Fold: 4 | Seed: 42 | Device: cuda
2026-09-13 13:53:47 - INFO - Loading Python training data: data/sven_python_folds_norm/fold4/train.jsonl
2026-09-13 13:53:47 - INFO - Loading Python validation data: data/sven_python_folds_norm/fold4/val.jsonl
2026-09-13 13:53:47 - INFO - Data split: python_train | Total: 456 | Labels: {0: 225, 1: 231} | CWEs: {'CWE-022': 42, 'CWE-078': 119, 'CWE-079': 53, 'CWE-089': 242} | Languages: {'python': 456} | Invalid CWE: 0
2026-09-13 13:53:47 - INFO - Data split: python_val | Total: 152 | Labels: {0: 72, 1: 80} | CWEs: {'CWE-022': 13, 'CWE-078': 44, 'CWE-079': 16, 'CWE-089': 79} | Languages: {'python': 152} | Invalid CWE: 0
2026-09-13 13:53:47 - INFO - Auxiliary head width taken from checkpoint: 10
2026-09-13 13:53:49 - INFO - Loaded source checkpoint: model/n48/phase1/codebert__latent_bottleneck_com_l0p05/seed_42/best.pt | Best epoch: 12 | Best Val Macro-F1: 0.559766
2026-09-13 13:53:49 - INFO - lambda_cwe: CLI Pha 2 = 0.2 (khong dung o Pha 2) | Pha 1 that = 0.05 — ghi theo Pha 1
2026-09-13 13:53:49 - INFO - Phase 2 optimizer: AdamW (RecAdam anchoring disabled)
2026-09-13 13:53:49 - INFO - Environment: {"components": {"backbone": {"frozen": 0, "total": 124645632, "trainable": 124645632}, "cwe_head": {"frozen": 90, "total": 90, "trainable": 0}, "latent_proj": {"frozen": 6152, "total": 6152, "trainable": 0}, "vul_head": {"frozen": 0, "total": 1538, "trainable": 1538}}, "cuda": "12.8", "fold": 4, "frozen_parameters": 6242, "gpu": "NVIDIA GeForce RTX 5060 Ti", "hyperparameters": {"adamw_anneal_lr": false, "adapter_dim": 0, "adapter_lr": 0.0001, "anneal_fun": "sigmoid", "anneal_k": 0.05, "anneal_t0_ratio": 0.05, "anneal_t0_steps": 43, "anneal_w": 1.0, "asam_eta": 0.01, "aux_class_balanced": false, "aux_mode": "latent_bottleneck", "aux_weight_lr": 0.01, "aux_weight_mode": "fixed", "batch_size": 16, "checkpoint_path": "model/fus2_codebert/transfer_latent_bottleneck_com_l0p05_adamw/seed_42/fold4/best.pt", "cwe_vocab": "precomputed", "data_path": "data/train_ccpp_filtered.jsonl", "data_root": "data/sven_python_folds_norm", "epochs": 30, "eval_batch_size": 16, "feat_distill_beta": 0.0, "feat_distill_mode": "cos", "fisher_path": null, "fold": 4, "freeze_backbone_layers": 0, "freeze_prototypes_steps": 0, "fusion_src_random": false, "grad_checkpointing": false, "lambda_cwe": 0.05, "lambda_cwe_phase2_cli": 0.2, "latent_temperature": 0.1, "learning_rate": 2e-05, "lora_rank": 0, "lp_epochs": 0, "lp_learning_rate": 0.001, "max_eval_samples": null, "max_grad_norm": 1.0, "max_length": 512, "max_train_samples": null, "method_name": "transfer_latent_bottleneck_com_l0p05_adamw", "min_epochs": 3, "model_name": "microsoft/codebert-base", "num_cwes": 10, "num_latent": 8, "num_workers": 0, "output_dir": "results/fus2_codebert/transfer_latent_bottleneck_com_l0p05_adamw", "patience": 5, "phase": "phase2", "phase2_fusion": "off", "phase2_gate": "off", "phase2_gate_alpha": 0.3, "phase2_gate_init": 0.0, "phase2_gate_lr": 0.01, "phase2_gate_proj": "learned", "phase2_lambda_cwe": 0.0, "phase2_optimizer": "adamw", "phase2_reinit_head": false, "phase2_steps_per_epoch": 29, "phase2_total_steps": 870, "pooling": "cls", "pretrain_cof": 5000.0, "recadam_anchor": "source", "recadam_anchor_head": "source", "replay_batch_size": 0, "replay_cwe_vocab": "fixed4", "replay_data": null, "replay_epochs": 0, "replay_lambda_cwe": 0.0, "replay_mu": 0.0, "replay_stratify": false, "result_path": "results/fus2_codebert/transfer_latent_bottleneck_com_l0p05_adamw/seed_42/fold4.json", "run_name": "fus2_codebert", "sam_rho": 0.0, "sam_variant": "sam", "seed": 42, "selection_metric": "macro_f1", "source_best_epoch": 12, "source_best_val_macro_f1": 0.559766092299919, "source_checkpoint": "model/n48/phase1/codebert__latent_bottleneck_com_l0p05/seed_42/best.pt", "source_eval_data": null, "source_interp_grid": null, "source_interpolation": 1.0, "source_lambda_cwe": 0.05, "source_sam_rho": 0.0, "spd_lambda": 1.0, "spd_replace_wd": false, "strict_determinism": false, "target_lang": "python", "test_path": null, "train_path": null, "truncation_strategy": "head_middle_tail", "val_path": null, "weight_decay": 0.01}, "mode": "phase2_train", "model_name": "microsoft/codebert-base", "seed": 42, "sklearn": "1.7.2", "torch": "2.11.0+cu128", "trainable_parameters": 124647170, "transformers": "4.57.1"}
2026-09-13 13:53:49 - INFO - Training started | Phase: phase2 | Epochs: 30
2026-09-13 13:53:50 - INFO - RecAdam first-step safety checks passed
2026-09-13 13:54:06 - INFO - Epoch 1/30 | Train loss: 0.688233 | Val loss: 0.523572 | LR: 2.00e-05 | Best epoch: 1 | Patience: 0 | Train: 14.66s | Validation: 1.57s | Epoch: 16.69s | Total: 16.69s
2026-09-13 13:54:06 - INFO - [Classification Report - split=train epoch=1 - threshold=0.50]
2026-09-13 13:54:06 - INFO -                 precision    recall  f1-score   support
2026-09-13 13:54:06 - INFO - 
2026-09-13 13:54:06 - INFO -       safe (0)     0.6130    0.7111    0.6584       225
2026-09-13 13:54:06 - INFO - vulnerable (1)     0.6667    0.5628    0.6103       231
2026-09-13 13:54:06 - INFO - 
2026-09-13 13:54:06 - INFO -       accuracy                         0.6360       456
2026-09-13 13:54:06 - INFO -      macro avg     0.6398    0.6369    0.6344       456
2026-09-13 13:54:06 - INFO -   weighted avg     0.6402    0.6360    0.6341       456
2026-09-13 13:54:06 - INFO - Confusion matrix - [[tn=160, fp=65], [fn=101, tp=130]]
2026-09-13 13:54:06 - INFO - probability_positive min=0.0093 mean=0.4784 std=0.2260 max=0.9971 predicted_0=261 predicted_1=195
2026-09-13 13:54:06 - INFO - [Classification Report - split=validation epoch=1 - threshold=0.50]
2026-09-13 13:54:06 - INFO -                 precision    recall  f1-score   support
2026-09-13 13:54:06 - INFO - 
2026-09-13 13:54:06 - INFO -       safe (0)     0.7385    0.6667    0.7007        72
2026-09-13 13:54:06 - INFO - vulnerable (1)     0.7241    0.7875    0.7545        80
2026-09-13 13:54:06 - INFO - 
2026-09-13 13:54:06 - INFO -       accuracy                         0.7303       152
2026-09-13 13:54:06 - INFO -      macro avg     0.7313    0.7271    0.7276       152
2026-09-13 13:54:06 - INFO -   weighted avg     0.7309    0.7303    0.7290       152
2026-09-13 13:54:06 - INFO - Confusion matrix - [[tn=48, fp=24], [fn=17, tp=63]]
2026-09-13 13:54:06 - INFO - probability_positive min=0.0057 mean=0.4744 std=0.2990 max=0.9752 predicted_0=65 predicted_1=87
2026-09-13 13:54:06 - INFO - New best model | Macro-F1: 0.727610 | Epoch: 1
2026-09-13 13:54:22 - INFO - Epoch 2/30 | Train loss: 0.437869 | Val loss: 0.512974 | LR: 2.00e-05 | Best epoch: 2 | Patience: 0 | Train: 14.24s | Validation: 1.56s | Epoch: 16.56s | Total: 33.26s
2026-09-13 13:54:22 - INFO - [Classification Report - split=train epoch=2 - threshold=0.50]
2026-09-13 13:54:22 - INFO -                 precision    recall  f1-score   support
2026-09-13 13:54:22 - INFO - 
2026-09-13 13:54:22 - INFO -       safe (0)     0.8392    0.7422    0.7877       225
2026-09-13 13:54:22 - INFO - vulnerable (1)     0.7743    0.8615    0.8156       231
2026-09-13 13:54:22 - INFO - 
2026-09-13 13:54:22 - INFO -       accuracy                         0.8026       456
2026-09-13 13:54:22 - INFO -      macro avg     0.8068    0.8018    0.8017       456
2026-09-13 13:54:22 - INFO -   weighted avg     0.8063    0.8026    0.8018       456
2026-09-13 13:54:22 - INFO - Confusion matrix - [[tn=167, fp=58], [fn=32, tp=199]]
2026-09-13 13:54:22 - INFO - probability_positive min=0.0017 mean=0.4992 std=0.3332 max=0.9933 predicted_0=199 predicted_1=257
2026-09-13 13:54:22 - INFO - [Classification Report - split=validation epoch=2 - threshold=0.50]
2026-09-13 13:54:22 - INFO -                 precision    recall  f1-score   support
2026-09-13 13:54:22 - INFO - 
2026-09-13 13:54:22 - INFO -       safe (0)     0.8154    0.7361    0.7737        72
2026-09-13 13:54:22 - INFO - vulnerable (1)     0.7816    0.8500    0.8144        80
2026-09-13 13:54:22 - INFO - 
2026-09-13 13:54:22 - INFO -       accuracy                         0.7961       152
2026-09-13 13:54:22 - INFO -      macro avg     0.7985    0.7931    0.7940       152
2026-09-13 13:54:22 - INFO -   weighted avg     0.7976    0.7961    0.7951       152
2026-09-13 13:54:22 - INFO - Confusion matrix - [[tn=53, fp=19], [fn=12, tp=68]]
2026-09-13 13:54:22 - INFO - probability_positive min=0.0018 mean=0.5087 std=0.3920 max=0.9921 predicted_0=65 predicted_1=87
2026-09-13 13:54:22 - INFO - New best model | Macro-F1: 0.794047 | Epoch: 2
2026-09-13 13:54:39 - INFO - Epoch 3/30 | Train loss: 0.293426 | Val loss: 0.600533 | LR: 2.00e-05 | Best epoch: 3 | Patience: 0 | Train: 14.26s | Validation: 1.57s | Epoch: 16.61s | Total: 49.89s
2026-09-13 13:54:39 - INFO - [Classification Report - split=train epoch=3 - threshold=0.50]
2026-09-13 13:54:39 - INFO -                 precision    recall  f1-score   support
2026-09-13 13:54:39 - INFO - 
2026-09-13 13:54:39 - INFO -       safe (0)     0.9204    0.8222    0.8685       225
2026-09-13 13:54:39 - INFO - vulnerable (1)     0.8431    0.9307    0.8848       231
2026-09-13 13:54:39 - INFO - 
2026-09-13 13:54:39 - INFO -       accuracy                         0.8772       456
2026-09-13 13:54:39 - INFO -      macro avg     0.8818    0.8765    0.8767       456
2026-09-13 13:54:39 - INFO -   weighted avg     0.8813    0.8772    0.8768       456
2026-09-13 13:54:39 - INFO - Confusion matrix - [[tn=185, fp=40], [fn=16, tp=215]]
2026-09-13 13:54:39 - INFO - probability_positive min=0.0009 mean=0.5148 std=0.4004 max=0.9984 predicted_0=201 predicted_1=255
2026-09-13 13:54:39 - INFO - [Classification Report - split=validation epoch=3 - threshold=0.50]
2026-09-13 13:54:39 - INFO -                 precision    recall  f1-score   support
2026-09-13 13:54:39 - INFO - 
2026-09-13 13:54:39 - INFO -       safe (0)     0.8261    0.7917    0.8085        72
2026-09-13 13:54:39 - INFO - vulnerable (1)     0.8193    0.8500    0.8344        80
2026-09-13 13:54:39 - INFO - 
2026-09-13 13:54:39 - INFO -       accuracy                         0.8224       152
2026-09-13 13:54:39 - INFO -      macro avg     0.8227    0.8208    0.8214       152
2026-09-13 13:54:39 - INFO -   weighted avg     0.8225    0.8224    0.8221       152
2026-09-13 13:54:39 - INFO - Confusion matrix - [[tn=57, fp=15], [fn=12, tp=68]]
2026-09-13 13:54:39 - INFO - probability_positive min=0.0011 mean=0.5231 std=0.4483 max=0.9978 predicted_0=69 predicted_1=83
2026-09-13 13:54:39 - INFO - New best model | Macro-F1: 0.821433 | Epoch: 3
2026-09-13 13:54:56 - INFO - Epoch 4/30 | Train loss: 0.178833 | Val loss: 0.614818 | LR: 2.00e-05 | Best epoch: 4 | Patience: 0 | Train: 14.27s | Validation: 1.56s | Epoch: 16.60s | Total: 66.52s
2026-09-13 13:54:56 - INFO - [Classification Report - split=train epoch=4 - threshold=0.50]
2026-09-13 13:54:56 - INFO -                 precision    recall  f1-score   support
2026-09-13 13:54:56 - INFO - 
2026-09-13 13:54:56 - INFO -       safe (0)     0.9571    0.8933    0.9241       225
2026-09-13 13:54:56 - INFO - vulnerable (1)     0.9024    0.9610    0.9308       231
2026-09-13 13:54:56 - INFO - 
2026-09-13 13:54:56 - INFO -       accuracy                         0.9276       456
2026-09-13 13:54:56 - INFO -      macro avg     0.9298    0.9272    0.9275       456
2026-09-13 13:54:56 - INFO -   weighted avg     0.9294    0.9276    0.9275       456
2026-09-13 13:54:56 - INFO - Confusion matrix - [[tn=201, fp=24], [fn=9, tp=222]]
2026-09-13 13:54:56 - INFO - probability_positive min=0.0007 mean=0.5093 std=0.4419 max=0.9990 predicted_0=210 predicted_1=246
2026-09-13 13:54:56 - INFO - [Classification Report - split=validation epoch=4 - threshold=0.50]
2026-09-13 13:54:56 - INFO -                 precision    recall  f1-score   support
2026-09-13 13:54:56 - INFO - 
2026-09-13 13:54:56 - INFO -       safe (0)     0.8529    0.8056    0.8286        72
2026-09-13 13:54:56 - INFO - vulnerable (1)     0.8333    0.8750    0.8537        80
2026-09-13 13:54:56 - INFO - 
2026-09-13 13:54:56 - INFO -       accuracy                         0.8421       152
2026-09-13 13:54:56 - INFO -      macro avg     0.8431    0.8403    0.8411       152
2026-09-13 13:54:56 - INFO -   weighted avg     0.8426    0.8421    0.8418       152
2026-09-13 13:54:56 - INFO - Confusion matrix - [[tn=58, fp=14], [fn=10, tp=70]]
2026-09-13 13:54:56 - INFO - probability_positive min=0.0006 mean=0.5547 std=0.4598 max=0.9992 predicted_0=68 predicted_1=84
2026-09-13 13:54:56 - INFO - New best model | Macro-F1: 0.841115 | Epoch: 4
2026-09-13 13:55:12 - INFO - Epoch 5/30 | Train loss: 0.112657 | Val loss: 0.814615 | LR: 2.00e-05 | Best epoch: 4 | Patience: 1 | Train: 14.27s | Validation: 1.58s | Epoch: 15.85s | Total: 82.38s
2026-09-13 13:55:12 - INFO - [Classification Report - split=train epoch=5 - threshold=0.50]
2026-09-13 13:55:12 - INFO -                 precision    recall  f1-score   support
2026-09-13 13:55:12 - INFO - 
2026-09-13 13:55:12 - INFO -       safe (0)     0.9596    0.9511    0.9554       225
2026-09-13 13:55:12 - INFO - vulnerable (1)     0.9528    0.9610    0.9569       231
2026-09-13 13:55:12 - INFO - 
2026-09-13 13:55:12 - INFO -       accuracy                         0.9561       456
2026-09-13 13:55:12 - INFO -      macro avg     0.9562    0.9561    0.9561       456
2026-09-13 13:55:12 - INFO -   weighted avg     0.9562    0.9561    0.9561       456
2026-09-13 13:55:12 - INFO - Confusion matrix - [[tn=214, fp=11], [fn=9, tp=222]]
2026-09-13 13:55:12 - INFO - probability_positive min=0.0003 mean=0.5057 std=0.4734 max=0.9994 predicted_0=223 predicted_1=233
2026-09-13 13:55:12 - INFO - [Classification Report - split=validation epoch=5 - threshold=0.50]
2026-09-13 13:55:12 - INFO -                 precision    recall  f1-score   support
2026-09-13 13:55:12 - INFO - 
2026-09-13 13:55:12 - INFO -       safe (0)     0.8462    0.7639    0.8029        72
2026-09-13 13:55:12 - INFO - vulnerable (1)     0.8046    0.8750    0.8383        80
2026-09-13 13:55:12 - INFO - 
2026-09-13 13:55:12 - INFO -       accuracy                         0.8224       152
2026-09-13 13:55:12 - INFO -      macro avg     0.8254    0.8194    0.8206       152
2026-09-13 13:55:12 - INFO -   weighted avg     0.8243    0.8224    0.8216       152
2026-09-13 13:55:12 - INFO - Confusion matrix - [[tn=55, fp=17], [fn=10, tp=70]]
2026-09-13 13:55:12 - INFO - probability_positive min=0.0003 mean=0.5671 std=0.4762 max=0.9997 predicted_0=65 predicted_1=87
2026-09-13 13:55:27 - INFO - Epoch 6/30 | Train loss: 0.118825 | Val loss: 0.773311 | LR: 2.00e-05 | Best epoch: 4 | Patience: 2 | Train: 14.28s | Validation: 1.58s | Epoch: 15.86s | Total: 98.25s
2026-09-13 13:55:27 - INFO - [Classification Report - split=train epoch=6 - threshold=0.50]
2026-09-13 13:55:27 - INFO -                 precision    recall  f1-score   support
2026-09-13 13:55:27 - INFO - 
2026-09-13 13:55:27 - INFO -       safe (0)     0.9726    0.9467    0.9595       225
2026-09-13 13:55:27 - INFO - vulnerable (1)     0.9494    0.9740    0.9615       231
2026-09-13 13:55:27 - INFO - 
2026-09-13 13:55:27 - INFO -       accuracy                         0.9605       456
2026-09-13 13:55:27 - INFO -      macro avg     0.9610    0.9603    0.9605       456
2026-09-13 13:55:27 - INFO -   weighted avg     0.9608    0.9605    0.9605       456
2026-09-13 13:55:27 - INFO - Confusion matrix - [[tn=213, fp=12], [fn=6, tp=225]]
2026-09-13 13:55:27 - INFO - probability_positive min=0.0001 mean=0.5136 std=0.4870 max=0.9998 predicted_0=219 predicted_1=237
2026-09-13 13:55:27 - INFO - [Classification Report - split=validation epoch=6 - threshold=0.50]
2026-09-13 13:55:27 - INFO -                 precision    recall  f1-score   support
2026-09-13 13:55:27 - INFO - 
2026-09-13 13:55:27 - INFO -       safe (0)     0.8108    0.8333    0.8219        72
2026-09-13 13:55:27 - INFO - vulnerable (1)     0.8462    0.8250    0.8354        80
2026-09-13 13:55:27 - INFO - 
2026-09-13 13:55:27 - INFO -       accuracy                         0.8289       152
2026-09-13 13:55:27 - INFO -      macro avg     0.8285    0.8292    0.8287       152
2026-09-13 13:55:27 - INFO -   weighted avg     0.8294    0.8289    0.8290       152
2026-09-13 13:55:27 - INFO - Confusion matrix - [[tn=60, fp=12], [fn=14, tp=66]]
2026-09-13 13:55:27 - INFO - probability_positive min=0.0002 mean=0.5011 std=0.4809 max=0.9998 predicted_0=74 predicted_1=78
2026-09-13 13:55:44 - INFO - Epoch 7/30 | Train loss: 0.089761 | Val loss: 0.903123 | LR: 2.00e-05 | Best epoch: 7 | Patience: 0 | Train: 14.27s | Validation: 1.57s | Epoch: 16.61s | Total: 114.88s
2026-09-13 13:55:44 - INFO - [Classification Report - split=train epoch=7 - threshold=0.50]
2026-09-13 13:55:44 - INFO -                 precision    recall  f1-score   support
2026-09-13 13:55:44 - INFO - 
2026-09-13 13:55:44 - INFO -       safe (0)     0.9736    0.9822    0.9779       225
2026-09-13 13:55:44 - INFO - vulnerable (1)     0.9825    0.9740    0.9783       231
2026-09-13 13:55:44 - INFO - 
2026-09-13 13:55:44 - INFO -       accuracy                         0.9781       456
2026-09-13 13:55:44 - INFO -      macro avg     0.9781    0.9781    0.9781       456
2026-09-13 13:55:44 - INFO -   weighted avg     0.9781    0.9781    0.9781       456
2026-09-13 13:55:44 - INFO - Confusion matrix - [[tn=221, fp=4], [fn=6, tp=225]]
2026-09-13 13:55:44 - INFO - probability_positive min=0.0002 mean=0.5053 std=0.4880 max=0.9999 predicted_0=227 predicted_1=229
2026-09-13 13:55:44 - INFO - [Classification Report - split=validation epoch=7 - threshold=0.50]
2026-09-13 13:55:44 - INFO -                 precision    recall  f1-score   support
2026-09-13 13:55:44 - INFO - 
2026-09-13 13:55:44 - INFO -       safe (0)     0.8378    0.8611    0.8493        72
2026-09-13 13:55:44 - INFO - vulnerable (1)     0.8718    0.8500    0.8608        80
2026-09-13 13:55:44 - INFO - 
2026-09-13 13:55:44 - INFO -       accuracy                         0.8553       152
2026-09-13 13:55:44 - INFO -      macro avg     0.8548    0.8556    0.8550       152
2026-09-13 13:55:44 - INFO -   weighted avg     0.8557    0.8553    0.8553       152
2026-09-13 13:55:44 - INFO - Confusion matrix - [[tn=62, fp=10], [fn=12, tp=68]]
2026-09-13 13:55:44 - INFO - probability_positive min=0.0002 mean=0.5137 std=0.4852 max=0.9999 predicted_0=74 predicted_1=78
2026-09-13 13:55:44 - INFO - New best model | Macro-F1: 0.855037 | Epoch: 7
2026-09-13 13:56:00 - INFO - Epoch 8/30 | Train loss: 0.092761 | Val loss: 1.119224 | LR: 2.00e-05 | Best epoch: 7 | Patience: 1 | Train: 14.27s | Validation: 1.58s | Epoch: 15.85s | Total: 130.76s
2026-09-13 13:56:00 - INFO - [Classification Report - split=train epoch=8 - threshold=0.50]
2026-09-13 13:56:00 - INFO -                 precision    recall  f1-score   support
2026-09-13 13:56:00 - INFO - 
2026-09-13 13:56:00 - INFO -       safe (0)     0.9776    0.9689    0.9732       225
2026-09-13 13:56:00 - INFO - vulnerable (1)     0.9700    0.9784    0.9741       231
2026-09-13 13:56:00 - INFO - 
2026-09-13 13:56:00 - INFO -       accuracy                         0.9737       456
2026-09-13 13:56:00 - INFO -      macro avg     0.9738    0.9736    0.9737       456
2026-09-13 13:56:00 - INFO -   weighted avg     0.9737    0.9737    0.9737       456
2026-09-13 13:56:00 - INFO - Confusion matrix - [[tn=218, fp=7], [fn=5, tp=226]]
2026-09-13 13:56:00 - INFO - probability_positive min=0.0001 mean=0.5060 std=0.4913 max=0.9999 predicted_0=223 predicted_1=233
2026-09-13 13:56:00 - INFO - [Classification Report - split=validation epoch=8 - threshold=0.50]
2026-09-13 13:56:00 - INFO -                 precision    recall  f1-score   support
2026-09-13 13:56:00 - INFO - 
2026-09-13 13:56:00 - INFO -       safe (0)     0.8261    0.7917    0.8085        72
2026-09-13 13:56:00 - INFO - vulnerable (1)     0.8193    0.8500    0.8344        80
2026-09-13 13:56:00 - INFO - 
2026-09-13 13:56:00 - INFO -       accuracy                         0.8224       152
2026-09-13 13:56:00 - INFO -      macro avg     0.8227    0.8208    0.8214       152
2026-09-13 13:56:00 - INFO -   weighted avg     0.8225    0.8224    0.8221       152
2026-09-13 13:56:00 - INFO - Confusion matrix - [[tn=57, fp=15], [fn=12, tp=68]]
2026-09-13 13:56:00 - INFO - probability_positive min=0.0001 mean=0.5466 std=0.4876 max=0.9999 predicted_0=69 predicted_1=83
2026-09-13 13:56:16 - INFO - Epoch 9/30 | Train loss: 0.048755 | Val loss: 0.923496 | LR: 2.00e-05 | Best epoch: 7 | Patience: 2 | Train: 14.28s | Validation: 1.57s | Epoch: 15.85s | Total: 146.62s
2026-09-13 13:56:16 - INFO - [Classification Report - split=train epoch=9 - threshold=0.50]
2026-09-13 13:56:16 - INFO -                 precision    recall  f1-score   support
2026-09-13 13:56:16 - INFO - 
2026-09-13 13:56:16 - INFO -       safe (0)     0.9865    0.9778    0.9821       225
2026-09-13 13:56:16 - INFO - vulnerable (1)     0.9785    0.9870    0.9828       231
2026-09-13 13:56:16 - INFO - 
2026-09-13 13:56:16 - INFO -       accuracy                         0.9825       456
2026-09-13 13:56:16 - INFO -      macro avg     0.9825    0.9824    0.9825       456
2026-09-13 13:56:16 - INFO -   weighted avg     0.9825    0.9825    0.9825       456
2026-09-13 13:56:16 - INFO - Confusion matrix - [[tn=220, fp=5], [fn=3, tp=228]]
2026-09-13 13:56:16 - INFO - probability_positive min=0.0001 mean=0.5090 std=0.4933 max=0.9999 predicted_0=223 predicted_1=233
2026-09-13 13:56:16 - INFO - [Classification Report - split=validation epoch=9 - threshold=0.50]
2026-09-13 13:56:16 - INFO -                 precision    recall  f1-score   support
2026-09-13 13:56:16 - INFO - 
2026-09-13 13:56:16 - INFO -       safe (0)     0.8101    0.8889    0.8477        72
2026-09-13 13:56:16 - INFO - vulnerable (1)     0.8904    0.8125    0.8497        80
2026-09-13 13:56:16 - INFO - 
2026-09-13 13:56:16 - INFO -       accuracy                         0.8487       152
2026-09-13 13:56:16 - INFO -      macro avg     0.8503    0.8507    0.8487       152
2026-09-13 13:56:16 - INFO -   weighted avg     0.8524    0.8487    0.8487       152
2026-09-13 13:56:16 - INFO - Confusion matrix - [[tn=64, fp=8], [fn=15, tp=65]]
2026-09-13 13:56:16 - INFO - probability_positive min=0.0000 mean=0.4899 std=0.4862 max=0.9999 predicted_0=79 predicted_1=73
2026-09-13 13:56:32 - INFO - Epoch 10/30 | Train loss: 0.061837 | Val loss: 1.005304 | LR: 2.00e-05 | Best epoch: 7 | Patience: 3 | Train: 14.26s | Validation: 1.57s | Epoch: 15.84s | Total: 162.46s
2026-09-13 13:56:32 - INFO - [Classification Report - split=train epoch=10 - threshold=0.50]
2026-09-13 13:56:32 - INFO -                 precision    recall  f1-score   support
2026-09-13 13:56:32 - INFO - 
2026-09-13 13:56:32 - INFO -       safe (0)     0.9778    0.9778    0.9778       225
2026-09-13 13:56:32 - INFO - vulnerable (1)     0.9784    0.9784    0.9784       231
2026-09-13 13:56:32 - INFO - 
2026-09-13 13:56:32 - INFO -       accuracy                         0.9781       456
2026-09-13 13:56:32 - INFO -      macro avg     0.9781    0.9781    0.9781       456
2026-09-13 13:56:32 - INFO -   weighted avg     0.9781    0.9781    0.9781       456
2026-09-13 13:56:32 - INFO - Confusion matrix - [[tn=220, fp=5], [fn=5, tp=226]]
2026-09-13 13:56:32 - INFO - probability_positive min=0.0000 mean=0.5046 std=0.4918 max=0.9999 predicted_0=225 predicted_1=231
2026-09-13 13:56:32 - INFO - [Classification Report - split=validation epoch=10 - threshold=0.50]
2026-09-13 13:56:32 - INFO -                 precision    recall  f1-score   support
2026-09-13 13:56:32 - INFO - 
2026-09-13 13:56:32 - INFO -       safe (0)     0.8158    0.8611    0.8378        72
2026-09-13 13:56:32 - INFO - vulnerable (1)     0.8684    0.8250    0.8462        80
2026-09-13 13:56:32 - INFO - 
2026-09-13 13:56:32 - INFO -       accuracy                         0.8421       152
2026-09-13 13:56:32 - INFO -      macro avg     0.8421    0.8431    0.8420       152
2026-09-13 13:56:32 - INFO -   weighted avg     0.8435    0.8421    0.8422       152
2026-09-13 13:56:32 - INFO - Confusion matrix - [[tn=62, fp=10], [fn=14, tp=66]]
2026-09-13 13:56:32 - INFO - probability_positive min=0.0000 mean=0.5136 std=0.4849 max=1.0000 predicted_0=76 predicted_1=76
2026-09-13 13:56:47 - INFO - Epoch 11/30 | Train loss: 0.044915 | Val loss: 1.147432 | LR: 2.00e-05 | Best epoch: 7 | Patience: 4 | Train: 14.29s | Validation: 1.56s | Epoch: 15.85s | Total: 178.33s
2026-09-13 13:56:48 - INFO - [Classification Report - split=train epoch=11 - threshold=0.50]
2026-09-13 13:56:48 - INFO -                 precision    recall  f1-score   support
2026-09-13 13:56:48 - INFO - 
2026-09-13 13:56:48 - INFO -       safe (0)     0.9781    0.9911    0.9845       225
2026-09-13 13:56:48 - INFO - vulnerable (1)     0.9912    0.9784    0.9847       231
2026-09-13 13:56:48 - INFO - 
2026-09-13 13:56:48 - INFO -       accuracy                         0.9846       456
2026-09-13 13:56:48 - INFO -      macro avg     0.9846    0.9847    0.9846       456
2026-09-13 13:56:48 - INFO -   weighted avg     0.9847    0.9846    0.9846       456
2026-09-13 13:56:48 - INFO - Confusion matrix - [[tn=223, fp=2], [fn=5, tp=226]]
2026-09-13 13:56:48 - INFO - probability_positive min=0.0000 mean=0.5025 std=0.4947 max=0.9999 predicted_0=228 predicted_1=228
2026-09-13 13:56:48 - INFO - [Classification Report - split=validation epoch=11 - threshold=0.50]
2026-09-13 13:56:48 - INFO -                 precision    recall  f1-score   support
2026-09-13 13:56:48 - INFO - 
2026-09-13 13:56:48 - INFO -       safe (0)     0.8194    0.8194    0.8194        72
2026-09-13 13:56:48 - INFO - vulnerable (1)     0.8375    0.8375    0.8375        80
2026-09-13 13:56:48 - INFO - 
2026-09-13 13:56:48 - INFO -       accuracy                         0.8289       152
2026-09-13 13:56:48 - INFO -      macro avg     0.8285    0.8285    0.8285       152
2026-09-13 13:56:48 - INFO -   weighted avg     0.8289    0.8289    0.8289       152
2026-09-13 13:56:48 - INFO - Confusion matrix - [[tn=59, fp=13], [fn=13, tp=67]]
2026-09-13 13:56:48 - INFO - probability_positive min=0.0000 mean=0.5217 std=0.4880 max=1.0000 predicted_0=72 predicted_1=80
2026-09-13 13:57:03 - INFO - Epoch 12/30 | Train loss: 0.056628 | Val loss: 1.099933 | LR: 2.00e-05 | Best epoch: 7 | Patience: 5 | Train: 14.28s | Validation: 1.59s | Epoch: 15.87s | Total: 194.21s
2026-09-13 13:57:03 - INFO - [Classification Report - split=train epoch=12 - threshold=0.50]
2026-09-13 13:57:03 - INFO -                 precision    recall  f1-score   support
2026-09-13 13:57:03 - INFO - 
2026-09-13 13:57:03 - INFO -       safe (0)     0.9779    0.9822    0.9800       225
2026-09-13 13:57:03 - INFO - vulnerable (1)     0.9826    0.9784    0.9805       231
2026-09-13 13:57:03 - INFO - 
2026-09-13 13:57:03 - INFO -       accuracy                         0.9803       456
2026-09-13 13:57:03 - INFO -      macro avg     0.9802    0.9803    0.9803       456
2026-09-13 13:57:03 - INFO -   weighted avg     0.9803    0.9803    0.9803       456
2026-09-13 13:57:03 - INFO - Confusion matrix - [[tn=221, fp=4], [fn=5, tp=226]]
2026-09-13 13:57:03 - INFO - probability_positive min=0.0000 mean=0.5057 std=0.4959 max=1.0000 predicted_0=226 predicted_1=230
2026-09-13 13:57:03 - INFO - [Classification Report - split=validation epoch=12 - threshold=0.50]
2026-09-13 13:57:03 - INFO -                 precision    recall  f1-score   support
2026-09-13 13:57:03 - INFO - 
2026-09-13 13:57:03 - INFO -       safe (0)     0.8077    0.8750    0.8400        72
2026-09-13 13:57:03 - INFO - vulnerable (1)     0.8784    0.8125    0.8442        80
2026-09-13 13:57:03 - INFO - 
2026-09-13 13:57:03 - INFO -       accuracy                         0.8421       152
2026-09-13 13:57:03 - INFO -      macro avg     0.8430    0.8438    0.8421       152
2026-09-13 13:57:03 - INFO -   weighted avg     0.8449    0.8421    0.8422       152
2026-09-13 13:57:03 - INFO - Confusion matrix - [[tn=63, fp=9], [fn=15, tp=65]]
2026-09-13 13:57:03 - INFO - probability_positive min=0.0000 mean=0.4828 std=0.4918 max=1.0000 predicted_0=78 predicted_1=74
2026-09-13 13:57:03 - INFO - Early stopping | Epoch: 12 | Best epoch: 7
2026-09-13 13:57:03 - INFO - Best checkpoint saved | Path: model/fus2_codebert/transfer_latent_bottleneck_com_l0p05_adamw/seed_42/fold4/best.pt | Epoch: 7 | Val macro_f1: 0.855037
2026-09-13 13:57:03 - INFO - Training finished | Elapsed: 194.22s
2026-09-13 13:57:03 - INFO - Runtime ghi lai | model/fus2_codebert/transfer_latent_bottleneck_com_l0p05_adamw/seed_42/fold4/best.pt.runtime.json | 12 epoch | 16.2s/epoch | NVIDIA GeForce RTX 5060 Ti
2026-09-13 13:57:04 - INFO - Run finished | Phase: phase2 | Fold: 4 | Seed: 42 | Elapsed: 196.58s
2026-09-13 13:57:10 - INFO - Using device: cuda
2026-09-13 13:57:10 - INFO - Run started | Run: fus2_codebert | Method: transfer_latent_bottleneck_com_l0p05_adamw | Phase: test | Fold: 4 | Seed: 42 | Device: cuda
2026-09-13 13:57:10 - INFO - Loading Python validation data: data/sven_python_folds_norm/fold4/val.jsonl
2026-09-13 13:57:10 - INFO - Loading Python test data: data/sven_python_folds_norm/fold4/test.jsonl
2026-09-13 13:57:10 - INFO - Data split: python_val | Total: 152 | Labels: {0: 72, 1: 80} | CWEs: {'CWE-022': 13, 'CWE-078': 44, 'CWE-079': 16, 'CWE-089': 79} | Languages: {'python': 152} | Invalid CWE: 0
2026-09-13 13:57:10 - INFO - Data split: python_test | Total: 152 | Labels: {0: 83, 1: 69} | CWEs: {'CWE-022': 11, 'CWE-078': 41, 'CWE-079': 13, 'CWE-089': 87} | Languages: {'python': 152} | Invalid CWE: 0
2026-09-13 13:57:10 - INFO - Auxiliary head width taken from checkpoint: 10
2026-09-13 13:57:12 - INFO - Environment: {"components": {"backbone": {"frozen": 0, "total": 124645632, "trainable": 124645632}, "cwe_head": {"frozen": 90, "total": 90, "trainable": 0}, "latent_proj": {"frozen": 6152, "total": 6152, "trainable": 0}, "vul_head": {"frozen": 0, "total": 1538, "trainable": 1538}}, "cuda": "12.8", "fold": 4, "frozen_parameters": 6242, "gpu": "NVIDIA GeForce RTX 5060 Ti", "hyperparameters": {"adamw_anneal_lr": false, "adapter_dim": 0, "adapter_lr": 0.0001, "anneal_fun": "sigmoid", "anneal_k": 0.05, "anneal_t0_ratio": 0.05, "anneal_w": 1.0, "asam_eta": 0.01, "aux_class_balanced": false, "aux_mode": "latent_bottleneck", "aux_weight_lr": 0.01, "aux_weight_mode": "fixed", "batch_size": 16, "checkpoint_path": "model/fus2_codebert/transfer_latent_bottleneck_com_l0p05_adamw/seed_42/fold4/best.pt", "cwe_vocab": "precomputed", "data_path": "data/train_ccpp_filtered.jsonl", "data_root": "data/sven_python_folds_norm", "epochs": 10, "eval_batch_size": 16, "feat_distill_beta": 0.0, "feat_distill_mode": "cos", "fisher_path": null, "fold": 4, "freeze_backbone_layers": 0, "freeze_prototypes_steps": 0, "fusion_src_random": false, "grad_checkpointing": false, "lambda_cwe": 0.2, "latent_temperature": 0.1, "learning_rate": 2e-05, "lora_rank": 0, "lp_epochs": 0, "lp_learning_rate": 0.001, "max_eval_samples": null, "max_grad_norm": 1.0, "max_length": 512, "max_train_samples": null, "method_name": "transfer_latent_bottleneck_com_l0p05_adamw", "min_epochs": 3, "model_name": "microsoft/codebert-base", "num_cwes": 10, "num_latent": 8, "num_workers": 0, "output_dir": "results/fus2_codebert/transfer_latent_bottleneck_com_l0p05_adamw", "patience": 5, "phase": "test", "phase2_fusion": "off", "phase2_gate": "off", "phase2_gate_alpha": 0.3, "phase2_gate_init": 0.0, "phase2_gate_lr": 0.01, "phase2_gate_proj": "learned", "phase2_lambda_cwe": 0.0, "phase2_optimizer": "recadam", "phase2_reinit_head": false, "pooling": "cls", "pretrain_cof": 5000.0, "recadam_anchor": "source", "recadam_anchor_head": "source", "replay_batch_size": 0, "replay_cwe_vocab": "fixed4", "replay_data": null, "replay_epochs": 0, "replay_lambda_cwe": 0.0, "replay_mu": 0.0, "replay_stratify": false, "result_path": "results/fus2_codebert/transfer_latent_bottleneck_com_l0p05_adamw/seed_42/fold4.json", "run_name": "fus2_codebert", "sam_rho": 0.0, "sam_variant": "sam", "seed": 42, "selection_metric": "macro_f1", "source_checkpoint": null, "source_eval_data": null, "source_interp_grid": null, "source_interpolation": 1.0, "spd_lambda": 1.0, "spd_replace_wd": false, "strict_determinism": false, "target_lang": "python", "test_path": null, "train_path": null, "truncation_strategy": "head_middle_tail", "val_path": null, "weight_decay": 0.01}, "mode": "test_inference_no_optimizer", "model_name": "microsoft/codebert-base", "seed": 42, "sklearn": "1.7.2", "torch": "2.11.0+cu128", "trainable_parameters": 124647170, "transformers": "4.57.1"}
2026-09-13 13:57:14 - INFO - Evaluation time | Split: validation+threshold | Seconds: 2.37
2026-09-13 13:57:14 - INFO - [Classification Report - split=validation - threshold=0.50]
2026-09-13 13:57:14 - INFO -                 precision    recall  f1-score   support
2026-09-13 13:57:14 - INFO - 
2026-09-13 13:57:14 - INFO -       safe (0)     0.8378    0.8611    0.8493        72
2026-09-13 13:57:14 - INFO - vulnerable (1)     0.8718    0.8500    0.8608        80
2026-09-13 13:57:14 - INFO - 
2026-09-13 13:57:14 - INFO -       accuracy                         0.8553       152
2026-09-13 13:57:14 - INFO -      macro avg     0.8548    0.8556    0.8550       152
2026-09-13 13:57:14 - INFO -   weighted avg     0.8557    0.8553    0.8553       152
2026-09-13 13:57:14 - INFO - Confusion matrix - [[tn=62, fp=10], [fn=12, tp=68]]
2026-09-13 13:57:14 - INFO - probability_positive min=0.0002 mean=0.5137 std=0.4852 max=0.9999 predicted_0=74 predicted_1=78
2026-09-13 13:57:14 - INFO - [Classification Report - split=validation_calibrated - threshold=0.43]
2026-09-13 13:57:14 - INFO -                 precision    recall  f1-score   support
2026-09-13 13:57:14 - INFO - 
2026-09-13 13:57:14 - INFO -       safe (0)     0.8378    0.8611    0.8493        72
2026-09-13 13:57:14 - INFO - vulnerable (1)     0.8718    0.8500    0.8608        80
2026-09-13 13:57:14 - INFO - 
2026-09-13 13:57:14 - INFO -       accuracy                         0.8553       152
2026-09-13 13:57:14 - INFO -      macro avg     0.8548    0.8556    0.8550       152
2026-09-13 13:57:14 - INFO -   weighted avg     0.8557    0.8553    0.8553       152
2026-09-13 13:57:14 - INFO - Confusion matrix - [[tn=62, fp=10], [fn=12, tp=68]]
2026-09-13 13:57:14 - INFO - probability_positive min=0.0002 mean=0.5137 std=0.4852 max=0.9999 predicted_0=74 predicted_1=78
2026-09-13 13:57:16 - INFO - Evaluation time | Split: test | Seconds: 1.57
2026-09-13 13:57:16 - INFO - [Classification Report - split=test - threshold=0.50]
2026-09-13 13:57:16 - INFO -                 precision    recall  f1-score   support
2026-09-13 13:57:16 - INFO - 
2026-09-13 13:57:16 - INFO -       safe (0)     0.8667    0.7831    0.8228        83
2026-09-13 13:57:16 - INFO - vulnerable (1)     0.7662    0.8551    0.8082        69
2026-09-13 13:57:16 - INFO - 
2026-09-13 13:57:16 - INFO -       accuracy                         0.8158       152
2026-09-13 13:57:16 - INFO -      macro avg     0.8165    0.8191    0.8155       152
2026-09-13 13:57:16 - INFO -   weighted avg     0.8211    0.8158    0.8162       152
2026-09-13 13:57:16 - INFO - Confusion matrix - [[tn=65, fp=18], [fn=10, tp=59]]
2026-09-13 13:57:16 - INFO - probability_positive min=0.0001 mean=0.5093 std=0.4860 max=0.9999 predicted_0=75 predicted_1=77
2026-09-13 13:57:16 - INFO - [Classification Report - split=test_valcal - threshold=0.43]
2026-09-13 13:57:16 - INFO -                 precision    recall  f1-score   support
2026-09-13 13:57:16 - INFO - 
2026-09-13 13:57:16 - INFO -       safe (0)     0.8667    0.7831    0.8228        83
2026-09-13 13:57:16 - INFO - vulnerable (1)     0.7662    0.8551    0.8082        69
2026-09-13 13:57:16 - INFO - 
2026-09-13 13:57:16 - INFO -       accuracy                         0.8158       152
2026-09-13 13:57:16 - INFO -      macro avg     0.8165    0.8191    0.8155       152
2026-09-13 13:57:16 - INFO -   weighted avg     0.8211    0.8158    0.8162       152
2026-09-13 13:57:16 - INFO - Confusion matrix - [[tn=65, fp=18], [fn=10, tp=59]]
2026-09-13 13:57:16 - INFO - probability_positive min=0.0001 mean=0.5093 std=0.4860 max=0.9999 predicted_0=75 predicted_1=77
2026-09-13 13:57:16 - INFO - [Classification Report - split=test_at_0.5_CWE-022 - threshold=0.50]
2026-09-13 13:57:16 - INFO -                 precision    recall  f1-score   support
2026-09-13 13:57:16 - INFO - 
2026-09-13 13:57:16 - INFO -       safe (0)     0.8000    0.5000    0.6154         8
2026-09-13 13:57:16 - INFO - vulnerable (1)     0.3333    0.6667    0.4444         3
2026-09-13 13:57:16 - INFO - 
2026-09-13 13:57:16 - INFO -       accuracy                         0.5455        11
2026-09-13 13:57:16 - INFO -      macro avg     0.5667    0.5833    0.5299        11
2026-09-13 13:57:16 - INFO -   weighted avg     0.6727    0.5455    0.5688        11
2026-09-13 13:57:16 - INFO - Confusion matrix - [[tn=4, fp=4], [fn=1, tp=2]]
2026-09-13 13:57:16 - INFO - probability_positive min=0.0003 mean=0.5424 std=0.4936 max=0.9996 predicted_0=5 predicted_1=6
2026-09-13 13:57:16 - INFO - [Classification Report - split=test_at_0.5_CWE-078 - threshold=0.50]
2026-09-13 13:57:16 - INFO -                 precision    recall  f1-score   support
2026-09-13 13:57:16 - INFO - 
2026-09-13 13:57:16 - INFO -       safe (0)     0.7917    0.7600    0.7755        25
2026-09-13 13:57:16 - INFO - vulnerable (1)     0.6471    0.6875    0.6667        16
2026-09-13 13:57:16 - INFO - 
2026-09-13 13:57:16 - INFO -       accuracy                         0.7317        41
2026-09-13 13:57:16 - INFO -      macro avg     0.7194    0.7238    0.7211        41
2026-09-13 13:57:16 - INFO -   weighted avg     0.7352    0.7317    0.7330        41
2026-09-13 13:57:16 - INFO - Confusion matrix - [[tn=19, fp=6], [fn=5, tp=11]]
2026-09-13 13:57:16 - INFO - probability_positive min=0.0003 mean=0.4031 std=0.4701 max=0.9999 predicted_0=24 predicted_1=17
2026-09-13 13:57:16 - INFO - [Classification Report - split=test_at_0.5_CWE-079 - threshold=0.50]
2026-09-13 13:57:16 - INFO -                 precision    recall  f1-score   support
2026-09-13 13:57:16 - INFO - 
2026-09-13 13:57:16 - INFO -       safe (0)     1.0000    0.6667    0.8000         9
2026-09-13 13:57:16 - INFO - vulnerable (1)     0.5714    1.0000    0.7273         4
2026-09-13 13:57:16 - INFO - 
2026-09-13 13:57:16 - INFO -       accuracy                         0.7692        13
2026-09-13 13:57:16 - INFO -      macro avg     0.7857    0.8333    0.7636        13
2026-09-13 13:57:16 - INFO -   weighted avg     0.8681    0.7692    0.7776        13
2026-09-13 13:57:16 - INFO - Confusion matrix - [[tn=6, fp=3], [fn=0, tp=4]]
2026-09-13 13:57:16 - INFO - probability_positive min=0.0002 mean=0.5250 std=0.4857 max=0.9998 predicted_0=6 predicted_1=7
2026-09-13 13:57:16 - INFO - [Classification Report - split=test_at_0.5_CWE-089 - threshold=0.50]
2026-09-13 13:57:16 - INFO -                 precision    recall  f1-score   support
2026-09-13 13:57:16 - INFO - 
2026-09-13 13:57:16 - INFO -       safe (0)     0.9000    0.8780    0.8889        41
2026-09-13 13:57:16 - INFO - vulnerable (1)     0.8936    0.9130    0.9032        46
2026-09-13 13:57:16 - INFO - 
2026-09-13 13:57:16 - INFO -       accuracy                         0.8966        87
2026-09-13 13:57:16 - INFO -      macro avg     0.8968    0.8955    0.8961        87
2026-09-13 13:57:16 - INFO -   weighted avg     0.8966    0.8966    0.8965        87
2026-09-13 13:57:16 - INFO - Confusion matrix - [[tn=36, fp=5], [fn=4, tp=42]]
2026-09-13 13:57:16 - INFO - probability_positive min=0.0001 mean=0.5529 std=0.4848 max=0.9999 predicted_0=40 predicted_1=47
2026-09-13 13:57:16 - INFO - [Classification Report - split=test_at_valcal_CWE-022 - threshold=0.43]
2026-09-13 13:57:16 - INFO -                 precision    recall  f1-score   support
2026-09-13 13:57:16 - INFO - 
2026-09-13 13:57:16 - INFO -       safe (0)     0.8000    0.5000    0.6154         8
2026-09-13 13:57:16 - INFO - vulnerable (1)     0.3333    0.6667    0.4444         3
2026-09-13 13:57:16 - INFO - 
2026-09-13 13:57:16 - INFO -       accuracy                         0.5455        11
2026-09-13 13:57:16 - INFO -      macro avg     0.5667    0.5833    0.5299        11
2026-09-13 13:57:16 - INFO -   weighted avg     0.6727    0.5455    0.5688        11
2026-09-13 13:57:16 - INFO - Confusion matrix - [[tn=4, fp=4], [fn=1, tp=2]]
2026-09-13 13:57:16 - INFO - probability_positive min=0.0003 mean=0.5424 std=0.4936 max=0.9996 predicted_0=5 predicted_1=6
2026-09-13 13:57:16 - INFO - [Classification Report - split=test_at_valcal_CWE-078 - threshold=0.43]
2026-09-13 13:57:16 - INFO -                 precision    recall  f1-score   support
2026-09-13 13:57:16 - INFO - 
2026-09-13 13:57:16 - INFO -       safe (0)     0.7917    0.7600    0.7755        25
2026-09-13 13:57:16 - INFO - vulnerable (1)     0.6471    0.6875    0.6667        16
2026-09-13 13:57:16 - INFO - 
2026-09-13 13:57:16 - INFO -       accuracy                         0.7317        41
2026-09-13 13:57:16 - INFO -      macro avg     0.7194    0.7238    0.7211        41
2026-09-13 13:57:16 - INFO -   weighted avg     0.7352    0.7317    0.7330        41
2026-09-13 13:57:16 - INFO - Confusion matrix - [[tn=19, fp=6], [fn=5, tp=11]]
2026-09-13 13:57:16 - INFO - probability_positive min=0.0003 mean=0.4031 std=0.4701 max=0.9999 predicted_0=24 predicted_1=17
2026-09-13 13:57:16 - INFO - [Classification Report - split=test_at_valcal_CWE-079 - threshold=0.43]
2026-09-13 13:57:16 - INFO -                 precision    recall  f1-score   support
2026-09-13 13:57:16 - INFO - 
2026-09-13 13:57:16 - INFO -       safe (0)     1.0000    0.6667    0.8000         9
2026-09-13 13:57:16 - INFO - vulnerable (1)     0.5714    1.0000    0.7273         4
2026-09-13 13:57:16 - INFO - 
2026-09-13 13:57:16 - INFO -       accuracy                         0.7692        13
2026-09-13 13:57:16 - INFO -      macro avg     0.7857    0.8333    0.7636        13
2026-09-13 13:57:16 - INFO -   weighted avg     0.8681    0.7692    0.7776        13
2026-09-13 13:57:16 - INFO - Confusion matrix - [[tn=6, fp=3], [fn=0, tp=4]]
2026-09-13 13:57:16 - INFO - probability_positive min=0.0002 mean=0.5250 std=0.4857 max=0.9998 predicted_0=6 predicted_1=7
2026-09-13 13:57:16 - INFO - [Classification Report - split=test_at_valcal_CWE-089 - threshold=0.43]
2026-09-13 13:57:16 - INFO -                 precision    recall  f1-score   support
2026-09-13 13:57:16 - INFO - 
2026-09-13 13:57:16 - INFO -       safe (0)     0.9000    0.8780    0.8889        41
2026-09-13 13:57:16 - INFO - vulnerable (1)     0.8936    0.9130    0.9032        46
2026-09-13 13:57:16 - INFO - 
2026-09-13 13:57:16 - INFO -       accuracy                         0.8966        87
2026-09-13 13:57:16 - INFO -      macro avg     0.8968    0.8955    0.8961        87
2026-09-13 13:57:16 - INFO -   weighted avg     0.8966    0.8966    0.8965        87
2026-09-13 13:57:16 - INFO - Confusion matrix - [[tn=36, fp=5], [fn=4, tp=42]]
2026-09-13 13:57:16 - INFO - probability_positive min=0.0001 mean=0.5529 std=0.4848 max=0.9999 predicted_0=40 predicted_1=47
2026-09-13 13:57:16 - INFO - Test result saved: results/fus2_codebert/transfer_latent_bottleneck_com_l0p05_adamw/seed_42/fold4.json
2026-09-13 13:57:16 - INFO - Run finished | Phase: test | Fold: 4 | Seed: 42 | Elapsed: 6.10s
