2026-09-13 13:34:49 - INFO - Using device: cuda
2026-09-13 13:34:49 - INFO - Run started | Run: fus2_codebert | Method: transfer_latent_bottleneck_com_l0p05_ad48_fusftrnd_adamw | Phase: phase2 | Fold: 2 | Seed: 42 | Device: cuda
2026-09-13 13:34:49 - INFO - Loading Python training data: data/sven_python_folds_norm/fold2/train.jsonl
2026-09-13 13:34:49 - INFO - Loading Python validation data: data/sven_python_folds_norm/fold2/val.jsonl
2026-09-13 13:34:49 - INFO - Data split: python_train | Total: 456 | Labels: {0: 226, 1: 230} | CWEs: {'CWE-022': 43, 'CWE-078': 124, 'CWE-079': 43, 'CWE-089': 246} | Languages: {'python': 456} | Invalid CWE: 0
2026-09-13 13:34:49 - INFO - Data split: python_val | Total: 152 | Labels: {0: 80, 1: 72} | CWEs: {'CWE-022': 15, 'CWE-078': 38, 'CWE-079': 20, 'CWE-089': 79} | Languages: {'python': 152} | Invalid CWE: 0
2026-09-13 13:34:50 - INFO - Auxiliary head width taken from checkpoint: 10
2026-09-13 13:34:51 - INFO - Dung lai adapter tu checkpoint | ten=['src'] | dim=48 | fusion=False
2026-09-13 13:34:51 - INFO - Loaded source checkpoint: model/fus2/phase1/codebert__latent_bottleneck_com_l0p05_ad48/seed_42/best.pt | Best epoch: 12 | Best Val Macro-F1: 0.575774
2026-09-13 13:34:52 - INFO - DOI CHUNG: adapter NGUON da bi thay bang nhieu Gauss cung thang do | {"adapter": "src", "match_scale": true, "seed": 42002, "tensors": 48} — moi loi ich con lai KHONG the la tri thuc Pha 1
2026-09-13 13:34:52 - INFO - ADAPTER FUSION BAT | che do=ft | 12 lop | dim=48 | mo 146793794 tham so, khoa 900770 | adapter nguon DONG BANG (0 tham so mo)
2026-09-13 13:34:52 - INFO - lambda_cwe: CLI Pha 2 = 0.2 (khong dung o Pha 2) | Pha 1 that = 0.05 — ghi theo Pha 1
2026-09-13 13:34:52 - INFO - Phase 2 optimizer: AdamW | nhom ADAPTER rieng: 22146624 tham so o lr 0.0001 (backbone/head o 2e-05)
2026-09-13 13:34:52 - INFO - Environment: {"components": {"backbone": {"frozen": 894528, "total": 147686784, "trainable": 146792256}, "cwe_head": {"frozen": 90, "total": 90, "trainable": 0}, "latent_proj": {"frozen": 6152, "total": 6152, "trainable": 0}, "vul_head": {"frozen": 0, "total": 1538, "trainable": 1538}}, "cuda": "12.8", "fold": 2, "frozen_parameters": 900770, "gpu": "NVIDIA GeForce RTX 5060 Ti", "hyperparameters": {"adamw_anneal_lr": false, "adapter_dim": 0, "adapter_lr": 0.0001, "anneal_fun": "sigmoid", "anneal_k": 0.05, "anneal_t0_ratio": 0.05, "anneal_t0_steps": 43, "anneal_w": 1.0, "asam_eta": 0.01, "aux_class_balanced": false, "aux_mode": "latent_bottleneck", "aux_weight_lr": 0.01, "aux_weight_mode": "fixed", "batch_size": 16, "checkpoint_path": "model/fus2_codebert/transfer_latent_bottleneck_com_l0p05_ad48_fusftrnd_adamw/seed_42/fold2/best.pt", "cwe_vocab": "precomputed", "data_path": "data/train_ccpp_filtered.jsonl", "data_root": "data/sven_python_folds_norm", "epochs": 30, "eval_batch_size": 16, "feat_distill_beta": 0.0, "feat_distill_mode": "cos", "fisher_path": null, "fold": 2, "freeze_backbone_layers": 0, "freeze_prototypes_steps": 0, "fusion_frozen_params": 900770, "fusion_src_random": true, "fusion_trainable_params": 146793794, "grad_checkpointing": false, "lambda_cwe": 0.05, "lambda_cwe_phase2_cli": 0.2, "latent_temperature": 0.1, "learning_rate": 2e-05, "lora_rank": 0, "lp_epochs": 0, "lp_learning_rate": 0.001, "max_eval_samples": null, "max_grad_norm": 1.0, "max_length": 512, "max_train_samples": null, "method_name": "transfer_latent_bottleneck_com_l0p05_ad48_fusftrnd_adamw", "min_epochs": 3, "model_name": "microsoft/codebert-base", "num_cwes": 10, "num_latent": 8, "num_workers": 0, "output_dir": "results/fus2_codebert/transfer_latent_bottleneck_com_l0p05_ad48_fusftrnd_adamw", "patience": 5, "phase": "phase2", "phase2_fusion": "ft", "phase2_gate": "off", "phase2_gate_alpha": 0.3, "phase2_gate_init": 0.0, "phase2_gate_lr": 0.01, "phase2_gate_proj": "learned", "phase2_lambda_cwe": 0.0, "phase2_optimizer": "adamw", "phase2_reinit_head": false, "phase2_steps_per_epoch": 29, "phase2_total_steps": 870, "pooling": "cls", "pretrain_cof": 5000.0, "recadam_anchor": "source", "recadam_anchor_head": "source", "replay_batch_size": 0, "replay_cwe_vocab": "fixed4", "replay_data": null, "replay_epochs": 0, "replay_lambda_cwe": 0.0, "replay_mu": 0.0, "replay_stratify": false, "result_path": "results/fus2_codebert/transfer_latent_bottleneck_com_l0p05_ad48_fusftrnd_adamw/seed_42/fold2.json", "run_name": "fus2_codebert", "sam_rho": 0.0, "sam_variant": "sam", "seed": 42, "selection_metric": "macro_f1", "source_best_epoch": 12, "source_best_val_macro_f1": 0.5757736986787266, "source_checkpoint": "model/fus2/phase1/codebert__latent_bottleneck_com_l0p05_ad48/seed_42/best.pt", "source_eval_data": null, "source_interp_grid": null, "source_interpolation": 1.0, "source_lambda_cwe": 0.05, "source_sam_rho": 0.0, "spd_lambda": 1.0, "spd_replace_wd": false, "strict_determinism": false, "target_lang": "python", "test_path": null, "train_path": null, "truncation_strategy": "head_middle_tail", "val_path": null, "weight_decay": 0.01}, "mode": "phase2_train", "model_name": "microsoft/codebert-base", "seed": 42, "sklearn": "1.7.2", "torch": "2.11.0+cu128", "trainable_parameters": 146793794, "transformers": "4.57.1"}
2026-09-13 13:34:52 - INFO - Training started | Phase: phase2 | Epochs: 30
2026-09-13 13:34:53 - INFO - RecAdam first-step safety checks passed
2026-09-13 13:35:14 - INFO - Epoch 1/30 | Train loss: 0.575573 | Val loss: 0.618733 | LR: 2.00e-05 | Best epoch: 1 | Patience: 0 | Train: 19.57s | Validation: 2.17s | Epoch: 22.24s | Total: 22.24s
2026-09-13 13:35:14 - INFO - [Classification Report - split=train epoch=1 - threshold=0.50]
2026-09-13 13:35:14 - INFO -                 precision    recall  f1-score   support
2026-09-13 13:35:14 - INFO - 
2026-09-13 13:35:14 - INFO -       safe (0)     0.7558    0.5752    0.6533       226
2026-09-13 13:35:14 - INFO - vulnerable (1)     0.6620    0.8174    0.7315       230
2026-09-13 13:35:14 - INFO - 
2026-09-13 13:35:14 - INFO -       accuracy                         0.6974       456
2026-09-13 13:35:14 - INFO -      macro avg     0.7089    0.6963    0.6924       456
2026-09-13 13:35:14 - INFO -   weighted avg     0.7085    0.6974    0.6927       456
2026-09-13 13:35:14 - INFO - Confusion matrix - [[tn=130, fp=96], [fn=42, tp=188]]
2026-09-13 13:35:14 - INFO - probability_positive min=0.0028 mean=0.5078 std=0.2626 max=0.9970 predicted_0=172 predicted_1=284
2026-09-13 13:35:14 - INFO - [Classification Report - split=validation epoch=1 - threshold=0.50]
2026-09-13 13:35:14 - INFO -                 precision    recall  f1-score   support
2026-09-13 13:35:14 - INFO - 
2026-09-13 13:35:14 - INFO -       safe (0)     0.8000    0.6500    0.7172        80
2026-09-13 13:35:14 - INFO - vulnerable (1)     0.6782    0.8194    0.7421        72
2026-09-13 13:35:14 - INFO - 
2026-09-13 13:35:14 - INFO -       accuracy                         0.7303       152
2026-09-13 13:35:14 - INFO -      macro avg     0.7391    0.7347    0.7297       152
2026-09-13 13:35:14 - INFO -   weighted avg     0.7423    0.7303    0.7290       152
2026-09-13 13:35:14 - INFO - Confusion matrix - [[tn=52, fp=28], [fn=13, tp=59]]
2026-09-13 13:35:14 - INFO - probability_positive min=0.0179 mean=0.5195 std=0.3859 max=0.9953 predicted_0=65 predicted_1=87
2026-09-13 13:35:14 - INFO - New best model | Macro-F1: 0.729690 | Epoch: 1
2026-09-13 13:35:35 - INFO - Epoch 2/30 | Train loss: 0.521174 | Val loss: 0.638692 | LR: 2.00e-05 | Best epoch: 1 | Patience: 0 | Train: 19.14s | Validation: 2.16s | Epoch: 21.30s | Total: 43.55s
2026-09-13 13:35:35 - INFO - [Classification Report - split=train epoch=2 - threshold=0.50]
2026-09-13 13:35:35 - INFO -                 precision    recall  f1-score   support
2026-09-13 13:35:35 - INFO - 
2026-09-13 13:35:35 - INFO -       safe (0)     0.7897    0.7478    0.7682       226
2026-09-13 13:35:35 - INFO - vulnerable (1)     0.7645    0.8043    0.7839       230
2026-09-13 13:35:35 - INFO - 
2026-09-13 13:35:35 - INFO -       accuracy                         0.7763       456
2026-09-13 13:35:35 - INFO -      macro avg     0.7771    0.7761    0.7760       456
2026-09-13 13:35:35 - INFO -   weighted avg     0.7770    0.7763    0.7761       456
2026-09-13 13:35:35 - INFO - Confusion matrix - [[tn=169, fp=57], [fn=45, tp=185]]
2026-09-13 13:35:35 - INFO - probability_positive min=0.0060 mean=0.5082 std=0.3384 max=0.9965 predicted_0=214 predicted_1=242
2026-09-13 13:35:35 - INFO - [Classification Report - split=validation epoch=2 - threshold=0.50]
2026-09-13 13:35:35 - INFO -                 precision    recall  f1-score   support
2026-09-13 13:35:35 - INFO - 
2026-09-13 13:35:35 - INFO -       safe (0)     0.8113    0.5375    0.6466        80
2026-09-13 13:35:35 - INFO - vulnerable (1)     0.6263    0.8611    0.7251        72
2026-09-13 13:35:35 - INFO - 
2026-09-13 13:35:35 - INFO -       accuracy                         0.6908       152
2026-09-13 13:35:35 - INFO -      macro avg     0.7188    0.6993    0.6859       152
2026-09-13 13:35:35 - INFO -   weighted avg     0.7237    0.6908    0.6838       152
2026-09-13 13:35:35 - INFO - Confusion matrix - [[tn=43, fp=37], [fn=10, tp=62]]
2026-09-13 13:35:35 - INFO - probability_positive min=0.0106 mean=0.5782 std=0.3745 max=0.9953 predicted_0=53 predicted_1=99
2026-09-13 13:35:57 - INFO - Epoch 3/30 | Train loss: 0.400872 | Val loss: 0.707135 | LR: 2.00e-05 | Best epoch: 3 | Patience: 0 | Train: 19.16s | Validation: 2.16s | Epoch: 22.17s | Total: 65.73s
2026-09-13 13:35:57 - INFO - [Classification Report - split=train epoch=3 - threshold=0.50]
2026-09-13 13:35:57 - INFO -                 precision    recall  f1-score   support
2026-09-13 13:35:57 - INFO - 
2026-09-13 13:35:57 - INFO -       safe (0)     0.8756    0.7478    0.8067       226
2026-09-13 13:35:57 - INFO - vulnerable (1)     0.7833    0.8957    0.8357       230
2026-09-13 13:35:57 - INFO - 
2026-09-13 13:35:57 - INFO -       accuracy                         0.8224       456
2026-09-13 13:35:57 - INFO -      macro avg     0.8295    0.8217    0.8212       456
2026-09-13 13:35:57 - INFO -   weighted avg     0.8291    0.8224    0.8213       456
2026-09-13 13:35:57 - INFO - Confusion matrix - [[tn=169, fp=57], [fn=24, tp=206]]
2026-09-13 13:35:57 - INFO - probability_positive min=0.0012 mean=0.5252 std=0.3795 max=0.9972 predicted_0=193 predicted_1=263
2026-09-13 13:35:57 - INFO - [Classification Report - split=validation epoch=3 - threshold=0.50]
2026-09-13 13:35:57 - INFO -                 precision    recall  f1-score   support
2026-09-13 13:35:57 - INFO - 
2026-09-13 13:35:57 - INFO -       safe (0)     0.7976    0.8375    0.8171        80
2026-09-13 13:35:57 - INFO - vulnerable (1)     0.8088    0.7639    0.7857        72
2026-09-13 13:35:57 - INFO - 
2026-09-13 13:35:57 - INFO -       accuracy                         0.8026       152
2026-09-13 13:35:57 - INFO -      macro avg     0.8032    0.8007    0.8014       152
2026-09-13 13:35:57 - INFO -   weighted avg     0.8029    0.8026    0.8022       152
2026-09-13 13:35:57 - INFO - Confusion matrix - [[tn=67, fp=13], [fn=17, tp=55]]
2026-09-13 13:35:57 - INFO - probability_positive min=0.0078 mean=0.4403 std=0.4334 max=0.9987 predicted_0=84 predicted_1=68
2026-09-13 13:35:57 - INFO - New best model | Macro-F1: 0.801394 | Epoch: 3
2026-09-13 13:36:20 - INFO - Epoch 4/30 | Train loss: 0.351975 | Val loss: 0.540341 | LR: 2.00e-05 | Best epoch: 4 | Patience: 0 | Train: 19.17s | Validation: 2.16s | Epoch: 22.31s | Total: 88.07s
2026-09-13 13:36:20 - INFO - [Classification Report - split=train epoch=4 - threshold=0.50]
2026-09-13 13:36:20 - INFO -                 precision    recall  f1-score   support
2026-09-13 13:36:20 - INFO - 
2026-09-13 13:36:20 - INFO -       safe (0)     0.8681    0.9027    0.8850       226
2026-09-13 13:36:20 - INFO - vulnerable (1)     0.9005    0.8652    0.8825       230
2026-09-13 13:36:20 - INFO - 
2026-09-13 13:36:20 - INFO -       accuracy                         0.8838       456
2026-09-13 13:36:20 - INFO -      macro avg     0.8843    0.8839    0.8838       456
2026-09-13 13:36:20 - INFO -   weighted avg     0.8844    0.8838    0.8837       456
2026-09-13 13:36:20 - INFO - Confusion matrix - [[tn=204, fp=22], [fn=31, tp=199]]
2026-09-13 13:36:20 - INFO - probability_positive min=0.0012 mean=0.4986 std=0.4263 max=0.9996 predicted_0=235 predicted_1=221
2026-09-13 13:36:20 - INFO - [Classification Report - split=validation epoch=4 - threshold=0.50]
2026-09-13 13:36:20 - INFO -                 precision    recall  f1-score   support
2026-09-13 13:36:20 - INFO - 
2026-09-13 13:36:20 - INFO -       safe (0)     0.8046    0.8750    0.8383        80
2026-09-13 13:36:20 - INFO - vulnerable (1)     0.8462    0.7639    0.8029        72
2026-09-13 13:36:20 - INFO - 
2026-09-13 13:36:20 - INFO -       accuracy                         0.8224       152
2026-09-13 13:36:20 - INFO -      macro avg     0.8254    0.8194    0.8206       152
2026-09-13 13:36:20 - INFO -   weighted avg     0.8243    0.8224    0.8216       152
2026-09-13 13:36:20 - INFO - Confusion matrix - [[tn=70, fp=10], [fn=17, tp=55]]
2026-09-13 13:36:20 - INFO - probability_positive min=0.0305 mean=0.4751 std=0.3985 max=0.9995 predicted_0=87 predicted_1=65
2026-09-13 13:36:20 - INFO - New best model | Macro-F1: 0.820622 | Epoch: 4
2026-09-13 13:36:41 - INFO - Epoch 5/30 | Train loss: 0.262449 | Val loss: 0.495449 | LR: 2.00e-05 | Best epoch: 4 | Patience: 1 | Train: 19.13s | Validation: 2.15s | Epoch: 21.29s | Total: 109.37s
2026-09-13 13:36:41 - INFO - [Classification Report - split=train epoch=5 - threshold=0.50]
2026-09-13 13:36:41 - INFO -                 precision    recall  f1-score   support
2026-09-13 13:36:41 - INFO - 
2026-09-13 13:36:41 - INFO -       safe (0)     0.8973    0.8894    0.8933       226
2026-09-13 13:36:41 - INFO - vulnerable (1)     0.8922    0.9000    0.8961       230
2026-09-13 13:36:41 - INFO - 
2026-09-13 13:36:41 - INFO -       accuracy                         0.8947       456
2026-09-13 13:36:41 - INFO -      macro avg     0.8948    0.8947    0.8947       456
2026-09-13 13:36:41 - INFO -   weighted avg     0.8948    0.8947    0.8947       456
2026-09-13 13:36:41 - INFO - Confusion matrix - [[tn=201, fp=25], [fn=23, tp=207]]
2026-09-13 13:36:41 - INFO - probability_positive min=0.0013 mean=0.5123 std=0.4351 max=0.9994 predicted_0=224 predicted_1=232
2026-09-13 13:36:41 - INFO - [Classification Report - split=validation epoch=5 - threshold=0.50]
2026-09-13 13:36:41 - INFO -                 precision    recall  f1-score   support
2026-09-13 13:36:41 - INFO - 
2026-09-13 13:36:41 - INFO -       safe (0)     0.7931    0.8625    0.8263        80
2026-09-13 13:36:41 - INFO - vulnerable (1)     0.8308    0.7500    0.7883        72
2026-09-13 13:36:41 - INFO - 
2026-09-13 13:36:41 - INFO -       accuracy                         0.8092       152
2026-09-13 13:36:41 - INFO -      macro avg     0.8119    0.8063    0.8073       152
2026-09-13 13:36:41 - INFO -   weighted avg     0.8109    0.8092    0.8083       152
2026-09-13 13:36:41 - INFO - Confusion matrix - [[tn=69, fp=11], [fn=18, tp=54]]
2026-09-13 13:36:41 - INFO - probability_positive min=0.0034 mean=0.4505 std=0.4231 max=0.9992 predicted_0=87 predicted_1=65
2026-09-13 13:37:02 - INFO - Epoch 6/30 | Train loss: 0.202326 | Val loss: 0.832196 | LR: 2.00e-05 | Best epoch: 4 | Patience: 2 | Train: 19.16s | Validation: 2.15s | Epoch: 21.31s | Total: 130.69s
2026-09-13 13:37:02 - INFO - [Classification Report - split=train epoch=6 - threshold=0.50]
2026-09-13 13:37:02 - INFO -                 precision    recall  f1-score   support
2026-09-13 13:37:02 - INFO - 
2026-09-13 13:37:02 - INFO -       safe (0)     0.9254    0.9336    0.9295       226
2026-09-13 13:37:02 - INFO - vulnerable (1)     0.9342    0.9261    0.9301       230
2026-09-13 13:37:02 - INFO - 
2026-09-13 13:37:02 - INFO -       accuracy                         0.9298       456
2026-09-13 13:37:02 - INFO -      macro avg     0.9298    0.9299    0.9298       456
2026-09-13 13:37:02 - INFO -   weighted avg     0.9299    0.9298    0.9298       456
2026-09-13 13:37:02 - INFO - Confusion matrix - [[tn=211, fp=15], [fn=17, tp=213]]
2026-09-13 13:37:02 - INFO - probability_positive min=0.0005 mean=0.5021 std=0.4638 max=0.9999 predicted_0=228 predicted_1=228
2026-09-13 13:37:02 - INFO - [Classification Report - split=validation epoch=6 - threshold=0.50]
2026-09-13 13:37:02 - INFO -                 precision    recall  f1-score   support
2026-09-13 13:37:02 - INFO - 
2026-09-13 13:37:02 - INFO -       safe (0)     0.8023    0.8625    0.8313        80
2026-09-13 13:37:02 - INFO - vulnerable (1)     0.8333    0.7639    0.7971        72
2026-09-13 13:37:02 - INFO - 
2026-09-13 13:37:02 - INFO -       accuracy                         0.8158       152
2026-09-13 13:37:02 - INFO -      macro avg     0.8178    0.8132    0.8142       152
2026-09-13 13:37:02 - INFO -   weighted avg     0.8170    0.8158    0.8151       152
2026-09-13 13:37:02 - INFO - Confusion matrix - [[tn=69, fp=11], [fn=17, tp=55]]
2026-09-13 13:37:02 - INFO - probability_positive min=0.0008 mean=0.4311 std=0.4683 max=0.9999 predicted_0=86 predicted_1=66
2026-09-13 13:37:24 - INFO - Epoch 7/30 | Train loss: 0.189287 | Val loss: 0.822230 | LR: 2.00e-05 | Best epoch: 4 | Patience: 3 | Train: 19.15s | Validation: 2.17s | Epoch: 21.32s | Total: 152.02s
2026-09-13 13:37:24 - INFO - [Classification Report - split=train epoch=7 - threshold=0.50]
2026-09-13 13:37:24 - INFO -                 precision    recall  f1-score   support
2026-09-13 13:37:24 - INFO - 
2026-09-13 13:37:24 - INFO -       safe (0)     0.9500    0.9248    0.9372       226
2026-09-13 13:37:24 - INFO - vulnerable (1)     0.9280    0.9522    0.9399       230
2026-09-13 13:37:24 - INFO - 
2026-09-13 13:37:24 - INFO -       accuracy                         0.9386       456
2026-09-13 13:37:24 - INFO -      macro avg     0.9390    0.9385    0.9386       456
2026-09-13 13:37:24 - INFO -   weighted avg     0.9389    0.9386    0.9386       456
2026-09-13 13:37:24 - INFO - Confusion matrix - [[tn=209, fp=17], [fn=11, tp=219]]
2026-09-13 13:37:24 - INFO - probability_positive min=0.0004 mean=0.5167 std=0.4756 max=0.9999 predicted_0=220 predicted_1=236
2026-09-13 13:37:24 - INFO - [Classification Report - split=validation epoch=7 - threshold=0.50]
2026-09-13 13:37:24 - INFO -                 precision    recall  f1-score   support
2026-09-13 13:37:24 - INFO - 
2026-09-13 13:37:24 - INFO -       safe (0)     0.7500    0.9375    0.8333        80
2026-09-13 13:37:24 - INFO - vulnerable (1)     0.9038    0.6528    0.7581        72
2026-09-13 13:37:24 - INFO - 
2026-09-13 13:37:24 - INFO -       accuracy                         0.8026       152
2026-09-13 13:37:24 - INFO -      macro avg     0.8269    0.7951    0.7957       152
2026-09-13 13:37:24 - INFO -   weighted avg     0.8229    0.8026    0.7977       152
2026-09-13 13:37:24 - INFO - Confusion matrix - [[tn=75, fp=5], [fn=25, tp=47]]
2026-09-13 13:37:24 - INFO - probability_positive min=0.0010 mean=0.3691 std=0.4509 max=0.9999 predicted_0=100 predicted_1=52
2026-09-13 13:37:45 - INFO - Epoch 8/30 | Train loss: 0.220142 | Val loss: 0.804767 | LR: 2.00e-05 | Best epoch: 4 | Patience: 4 | Train: 19.17s | Validation: 2.17s | Epoch: 21.33s | Total: 173.36s
2026-09-13 13:37:45 - INFO - [Classification Report - split=train epoch=8 - threshold=0.50]
2026-09-13 13:37:45 - INFO -                 precision    recall  f1-score   support
2026-09-13 13:37:45 - INFO - 
2026-09-13 13:37:45 - INFO -       safe (0)     0.9138    0.9381    0.9258       226
2026-09-13 13:37:45 - INFO - vulnerable (1)     0.9375    0.9130    0.9251       230
2026-09-13 13:37:45 - INFO - 
2026-09-13 13:37:45 - INFO -       accuracy                         0.9254       456
2026-09-13 13:37:45 - INFO -      macro avg     0.9256    0.9255    0.9254       456
2026-09-13 13:37:45 - INFO -   weighted avg     0.9258    0.9254    0.9254       456
2026-09-13 13:37:45 - INFO - Confusion matrix - [[tn=212, fp=14], [fn=20, tp=210]]
2026-09-13 13:37:45 - INFO - probability_positive min=0.0012 mean=0.4872 std=0.4689 max=0.9999 predicted_0=232 predicted_1=224
2026-09-13 13:37:45 - INFO - [Classification Report - split=validation epoch=8 - threshold=0.50]
2026-09-13 13:37:45 - INFO -                 precision    recall  f1-score   support
2026-09-13 13:37:45 - INFO - 
2026-09-13 13:37:45 - INFO -       safe (0)     0.7978    0.8875    0.8402        80
2026-09-13 13:37:45 - INFO - vulnerable (1)     0.8571    0.7500    0.8000        72
2026-09-13 13:37:45 - INFO - 
2026-09-13 13:37:45 - INFO -       accuracy                         0.8224       152
2026-09-13 13:37:45 - INFO -      macro avg     0.8274    0.8187    0.8201       152
2026-09-13 13:37:45 - INFO -   weighted avg     0.8259    0.8224    0.8212       152
2026-09-13 13:37:45 - INFO - Confusion matrix - [[tn=71, fp=9], [fn=18, tp=54]]
2026-09-13 13:37:45 - INFO - probability_positive min=0.0008 mean=0.4224 std=0.4714 max=0.9999 predicted_0=89 predicted_1=63
2026-09-13 13:38:07 - INFO - Epoch 9/30 | Train loss: 0.114577 | Val loss: 1.107037 | LR: 2.00e-05 | Best epoch: 9 | Patience: 0 | Train: 19.16s | Validation: 2.16s | Epoch: 22.19s | Total: 195.56s
2026-09-13 13:38:07 - INFO - [Classification Report - split=train epoch=9 - threshold=0.50]
2026-09-13 13:38:07 - INFO -                 precision    recall  f1-score   support
2026-09-13 13:38:07 - INFO - 
2026-09-13 13:38:07 - INFO -       safe (0)     0.9559    0.9602    0.9581       226
2026-09-13 13:38:07 - INFO - vulnerable (1)     0.9607    0.9565    0.9586       230
2026-09-13 13:38:07 - INFO - 
2026-09-13 13:38:07 - INFO -       accuracy                         0.9583       456
2026-09-13 13:38:07 - INFO -      macro avg     0.9583    0.9583    0.9583       456
2026-09-13 13:38:07 - INFO -   weighted avg     0.9583    0.9583    0.9583       456
2026-09-13 13:38:07 - INFO - Confusion matrix - [[tn=217, fp=9], [fn=10, tp=220]]
2026-09-13 13:38:07 - INFO - probability_positive min=0.0002 mean=0.5045 std=0.4711 max=1.0000 predicted_0=227 predicted_1=229
2026-09-13 13:38:07 - INFO - [Classification Report - split=validation epoch=9 - threshold=0.50]
2026-09-13 13:38:07 - INFO -                 precision    recall  f1-score   support
2026-09-13 13:38:07 - INFO - 
2026-09-13 13:38:07 - INFO -       safe (0)     0.8140    0.8750    0.8434        80
2026-09-13 13:38:07 - INFO - vulnerable (1)     0.8485    0.7778    0.8116        72
2026-09-13 13:38:07 - INFO - 
2026-09-13 13:38:07 - INFO -       accuracy                         0.8289       152
2026-09-13 13:38:07 - INFO -      macro avg     0.8312    0.8264    0.8275       152
2026-09-13 13:38:07 - INFO -   weighted avg     0.8303    0.8289    0.8283       152
2026-09-13 13:38:07 - INFO - Confusion matrix - [[tn=70, fp=10], [fn=16, tp=56]]
2026-09-13 13:38:07 - INFO - probability_positive min=0.0001 mean=0.4347 std=0.4858 max=1.0000 predicted_0=86 predicted_1=66
2026-09-13 13:38:07 - INFO - New best model | Macro-F1: 0.827484 | Epoch: 9
2026-09-13 13:38:29 - INFO - Epoch 10/30 | Train loss: 0.198996 | Val loss: 1.234421 | LR: 2.00e-05 | Best epoch: 9 | Patience: 1 | Train: 19.19s | Validation: 2.16s | Epoch: 21.35s | Total: 216.94s
2026-09-13 13:38:29 - INFO - [Classification Report - split=train epoch=10 - threshold=0.50]
2026-09-13 13:38:29 - INFO -                 precision    recall  f1-score   support
2026-09-13 13:38:29 - INFO - 
2026-09-13 13:38:29 - INFO -       safe (0)     0.9437    0.9646    0.9540       226
2026-09-13 13:38:29 - INFO - vulnerable (1)     0.9644    0.9435    0.9538       230
2026-09-13 13:38:29 - INFO - 
2026-09-13 13:38:29 - INFO -       accuracy                         0.9539       456
2026-09-13 13:38:29 - INFO -      macro avg     0.9541    0.9540    0.9539       456
2026-09-13 13:38:29 - INFO -   weighted avg     0.9542    0.9539    0.9539       456
2026-09-13 13:38:29 - INFO - Confusion matrix - [[tn=218, fp=8], [fn=13, tp=217]]
2026-09-13 13:38:29 - INFO - probability_positive min=0.0000 mean=0.4929 std=0.4945 max=1.0000 predicted_0=231 predicted_1=225
2026-09-13 13:38:29 - INFO - [Classification Report - split=validation epoch=10 - threshold=0.50]
2026-09-13 13:38:29 - INFO -                 precision    recall  f1-score   support
2026-09-13 13:38:29 - INFO - 
2026-09-13 13:38:29 - INFO -       safe (0)     0.8289    0.7875    0.8077        80
2026-09-13 13:38:29 - INFO - vulnerable (1)     0.7763    0.8194    0.7973        72
2026-09-13 13:38:29 - INFO - 
2026-09-13 13:38:29 - INFO -       accuracy                         0.8026       152
2026-09-13 13:38:29 - INFO -      macro avg     0.8026    0.8035    0.8025       152
2026-09-13 13:38:29 - INFO -   weighted avg     0.8040    0.8026    0.8028       152
2026-09-13 13:38:29 - INFO - Confusion matrix - [[tn=63, fp=17], [fn=13, tp=59]]
2026-09-13 13:38:29 - INFO - probability_positive min=0.0001 mean=0.4945 std=0.4870 max=1.0000 predicted_0=76 predicted_1=76
2026-09-13 13:38:50 - INFO - Epoch 11/30 | Train loss: 0.149800 | Val loss: 0.964273 | LR: 2.00e-05 | Best epoch: 9 | Patience: 2 | Train: 19.17s | Validation: 2.16s | Epoch: 21.33s | Total: 238.28s
2026-09-13 13:38:50 - INFO - [Classification Report - split=train epoch=11 - threshold=0.50]
2026-09-13 13:38:50 - INFO -                 precision    recall  f1-score   support
2026-09-13 13:38:50 - INFO - 
2026-09-13 13:38:50 - INFO -       safe (0)     0.9648    0.9690    0.9669       226
2026-09-13 13:38:50 - INFO - vulnerable (1)     0.9694    0.9652    0.9673       230
2026-09-13 13:38:50 - INFO - 
2026-09-13 13:38:50 - INFO -       accuracy                         0.9671       456
2026-09-13 13:38:50 - INFO -      macro avg     0.9671    0.9671    0.9671       456
2026-09-13 13:38:50 - INFO -   weighted avg     0.9671    0.9671    0.9671       456
2026-09-13 13:38:50 - INFO - Confusion matrix - [[tn=219, fp=7], [fn=8, tp=222]]
2026-09-13 13:38:50 - INFO - probability_positive min=0.0002 mean=0.5037 std=0.4908 max=1.0000 predicted_0=227 predicted_1=229
2026-09-13 13:38:50 - INFO - [Classification Report - split=validation epoch=11 - threshold=0.50]
2026-09-13 13:38:50 - INFO -                 precision    recall  f1-score   support
2026-09-13 13:38:50 - INFO - 
2026-09-13 13:38:50 - INFO -       safe (0)     0.8023    0.8625    0.8313        80
2026-09-13 13:38:50 - INFO - vulnerable (1)     0.8333    0.7639    0.7971        72
2026-09-13 13:38:50 - INFO - 
2026-09-13 13:38:50 - INFO -       accuracy                         0.8158       152
2026-09-13 13:38:50 - INFO -      macro avg     0.8178    0.8132    0.8142       152
2026-09-13 13:38:50 - INFO -   weighted avg     0.8170    0.8158    0.8151       152
2026-09-13 13:38:50 - INFO - Confusion matrix - [[tn=69, fp=11], [fn=17, tp=55]]
2026-09-13 13:38:50 - INFO - probability_positive min=0.0006 mean=0.4346 std=0.4839 max=1.0000 predicted_0=86 predicted_1=66
2026-09-13 13:39:11 - INFO - Epoch 12/30 | Train loss: 0.130535 | Val loss: 1.034247 | LR: 2.00e-05 | Best epoch: 9 | Patience: 3 | Train: 19.16s | Validation: 2.16s | Epoch: 21.32s | Total: 259.61s
2026-09-13 13:39:11 - INFO - [Classification Report - split=train epoch=12 - threshold=0.50]
2026-09-13 13:39:11 - INFO -                 precision    recall  f1-score   support
2026-09-13 13:39:11 - INFO - 
2026-09-13 13:39:11 - INFO -       safe (0)     0.9571    0.9867    0.9717       226
2026-09-13 13:39:11 - INFO - vulnerable (1)     0.9865    0.9565    0.9713       230
2026-09-13 13:39:11 - INFO - 
2026-09-13 13:39:11 - INFO -       accuracy                         0.9715       456
2026-09-13 13:39:11 - INFO -      macro avg     0.9718    0.9716    0.9715       456
2026-09-13 13:39:11 - INFO -   weighted avg     0.9719    0.9715    0.9715       456
2026-09-13 13:39:11 - INFO - Confusion matrix - [[tn=223, fp=3], [fn=10, tp=220]]
2026-09-13 13:39:11 - INFO - probability_positive min=0.0001 mean=0.4901 std=0.4942 max=1.0000 predicted_0=233 predicted_1=223
2026-09-13 13:39:11 - INFO - [Classification Report - split=validation epoch=12 - threshold=0.50]
2026-09-13 13:39:11 - INFO -                 precision    recall  f1-score   support
2026-09-13 13:39:11 - INFO - 
2026-09-13 13:39:11 - INFO -       safe (0)     0.8272    0.8375    0.8323        80
2026-09-13 13:39:11 - INFO - vulnerable (1)     0.8169    0.8056    0.8112        72
2026-09-13 13:39:11 - INFO - 
2026-09-13 13:39:11 - INFO -       accuracy                         0.8224       152
2026-09-13 13:39:11 - INFO -      macro avg     0.8220    0.8215    0.8217       152
2026-09-13 13:39:11 - INFO -   weighted avg     0.8223    0.8224    0.8223       152
2026-09-13 13:39:11 - INFO - Confusion matrix - [[tn=67, fp=13], [fn=14, tp=58]]
2026-09-13 13:39:11 - INFO - probability_positive min=0.0006 mean=0.4678 std=0.4896 max=0.9999 predicted_0=81 predicted_1=71
2026-09-13 13:39:33 - INFO - Epoch 13/30 | Train loss: 0.079098 | Val loss: 1.263803 | LR: 2.00e-05 | Best epoch: 9 | Patience: 4 | Train: 19.17s | Validation: 2.16s | Epoch: 21.33s | Total: 280.95s
2026-09-13 13:39:33 - INFO - [Classification Report - split=train epoch=13 - threshold=0.50]
2026-09-13 13:39:33 - INFO -                 precision    recall  f1-score   support
2026-09-13 13:39:33 - INFO - 
2026-09-13 13:39:33 - INFO -       safe (0)     0.9694    0.9823    0.9758       226
2026-09-13 13:39:33 - INFO - vulnerable (1)     0.9824    0.9696    0.9759       230
2026-09-13 13:39:33 - INFO - 
2026-09-13 13:39:33 - INFO -       accuracy                         0.9759       456
2026-09-13 13:39:33 - INFO -      macro avg     0.9759    0.9759    0.9759       456
2026-09-13 13:39:33 - INFO -   weighted avg     0.9760    0.9759    0.9759       456
2026-09-13 13:39:33 - INFO - Confusion matrix - [[tn=222, fp=4], [fn=7, tp=223]]
2026-09-13 13:39:33 - INFO - probability_positive min=0.0002 mean=0.5080 std=0.4847 max=1.0000 predicted_0=229 predicted_1=227
2026-09-13 13:39:33 - INFO - [Classification Report - split=validation epoch=13 - threshold=0.50]
2026-09-13 13:39:33 - INFO -                 precision    recall  f1-score   support
2026-09-13 13:39:33 - INFO - 
2026-09-13 13:39:33 - INFO -       safe (0)     0.8250    0.8250    0.8250        80
2026-09-13 13:39:33 - INFO - vulnerable (1)     0.8056    0.8056    0.8056        72
2026-09-13 13:39:33 - INFO - 
2026-09-13 13:39:33 - INFO -       accuracy                         0.8158       152
2026-09-13 13:39:33 - INFO -      macro avg     0.8153    0.8153    0.8153       152
2026-09-13 13:39:33 - INFO -   weighted avg     0.8158    0.8158    0.8158       152
2026-09-13 13:39:33 - INFO - Confusion matrix - [[tn=66, fp=14], [fn=14, tp=58]]
2026-09-13 13:39:33 - INFO - probability_positive min=0.0001 mean=0.4780 std=0.4914 max=1.0000 predicted_0=80 predicted_1=72
2026-09-13 13:39:55 - INFO - Epoch 14/30 | Train loss: 0.134062 | Val loss: 1.013236 | LR: 2.00e-05 | Best epoch: 14 | Patience: 0 | Train: 19.16s | Validation: 2.17s | Epoch: 22.21s | Total: 303.17s
2026-09-13 13:39:55 - INFO - [Classification Report - split=train epoch=14 - threshold=0.50]
2026-09-13 13:39:55 - INFO -                 precision    recall  f1-score   support
2026-09-13 13:39:55 - INFO - 
2026-09-13 13:39:55 - INFO -       safe (0)     0.9777    0.9690    0.9733       226
2026-09-13 13:39:55 - INFO - vulnerable (1)     0.9698    0.9783    0.9740       230
2026-09-13 13:39:55 - INFO - 
2026-09-13 13:39:55 - INFO -       accuracy                         0.9737       456
2026-09-13 13:39:55 - INFO -      macro avg     0.9738    0.9736    0.9737       456
2026-09-13 13:39:55 - INFO -   weighted avg     0.9737    0.9737    0.9737       456
2026-09-13 13:39:55 - INFO - Confusion matrix - [[tn=219, fp=7], [fn=5, tp=225]]
2026-09-13 13:39:55 - INFO - probability_positive min=0.0001 mean=0.5091 std=0.4962 max=1.0000 predicted_0=224 predicted_1=232
2026-09-13 13:39:55 - INFO - [Classification Report - split=validation epoch=14 - threshold=0.50]
2026-09-13 13:39:55 - INFO -                 precision    recall  f1-score   support
2026-09-13 13:39:55 - INFO - 
2026-09-13 13:39:55 - INFO -       safe (0)     0.8111    0.9125    0.8588        80
2026-09-13 13:39:55 - INFO - vulnerable (1)     0.8871    0.7639    0.8209        72
2026-09-13 13:39:55 - INFO - 
2026-09-13 13:39:55 - INFO -       accuracy                         0.8421       152
2026-09-13 13:39:55 - INFO -      macro avg     0.8491    0.8382    0.8399       152
2026-09-13 13:39:55 - INFO -   weighted avg     0.8471    0.8421    0.8409       152
2026-09-13 13:39:55 - INFO - Confusion matrix - [[tn=73, fp=7], [fn=17, tp=55]]
2026-09-13 13:39:55 - INFO - probability_positive min=0.0001 mean=0.4062 std=0.4827 max=0.9999 predicted_0=90 predicted_1=62
2026-09-13 13:39:55 - INFO - New best model | Macro-F1: 0.839860 | Epoch: 14
2026-09-13 13:40:16 - INFO - Epoch 15/30 | Train loss: 0.072915 | Val loss: 1.399076 | LR: 2.00e-05 | Best epoch: 14 | Patience: 1 | Train: 19.19s | Validation: 2.15s | Epoch: 21.33s | Total: 324.53s
2026-09-13 13:40:16 - INFO - [Classification Report - split=train epoch=15 - threshold=0.50]
2026-09-13 13:40:16 - INFO -                 precision    recall  f1-score   support
2026-09-13 13:40:16 - INFO - 
2026-09-13 13:40:16 - INFO -       safe (0)     0.9782    0.9912    0.9846       226
2026-09-13 13:40:16 - INFO - vulnerable (1)     0.9912    0.9783    0.9847       230
2026-09-13 13:40:16 - INFO - 
2026-09-13 13:40:16 - INFO -       accuracy                         0.9846       456
2026-09-13 13:40:16 - INFO -      macro avg     0.9847    0.9847    0.9846       456
2026-09-13 13:40:16 - INFO -   weighted avg     0.9847    0.9846    0.9846       456
2026-09-13 13:40:16 - INFO - Confusion matrix - [[tn=224, fp=2], [fn=5, tp=225]]
2026-09-13 13:40:16 - INFO - probability_positive min=0.0001 mean=0.5011 std=0.4941 max=1.0000 predicted_0=229 predicted_1=227
2026-09-13 13:40:16 - INFO - [Classification Report - split=validation epoch=15 - threshold=0.50]
2026-09-13 13:40:16 - INFO -                 precision    recall  f1-score   support
2026-09-13 13:40:16 - INFO - 
2026-09-13 13:40:16 - INFO -       safe (0)     0.8375    0.8375    0.8375        80
2026-09-13 13:40:16 - INFO - vulnerable (1)     0.8194    0.8194    0.8194        72
2026-09-13 13:40:16 - INFO - 
2026-09-13 13:40:16 - INFO -       accuracy                         0.8289       152
2026-09-13 13:40:16 - INFO -      macro avg     0.8285    0.8285    0.8285       152
2026-09-13 13:40:16 - INFO -   weighted avg     0.8289    0.8289    0.8289       152
2026-09-13 13:40:16 - INFO - Confusion matrix - [[tn=67, fp=13], [fn=13, tp=59]]
2026-09-13 13:40:16 - INFO - probability_positive min=0.0001 mean=0.4732 std=0.4965 max=1.0000 predicted_0=80 predicted_1=72
2026-09-13 13:40:38 - INFO - Epoch 16/30 | Train loss: 0.078909 | Val loss: 1.027053 | LR: 2.00e-05 | Best epoch: 16 | Patience: 0 | Train: 19.16s | Validation: 2.16s | Epoch: 22.20s | Total: 346.75s
2026-09-13 13:40:38 - INFO - [Classification Report - split=train epoch=16 - threshold=0.50]
2026-09-13 13:40:38 - INFO -                 precision    recall  f1-score   support
2026-09-13 13:40:38 - INFO - 
2026-09-13 13:40:38 - INFO -       safe (0)     0.9825    0.9912    0.9868       226
2026-09-13 13:40:38 - INFO - vulnerable (1)     0.9912    0.9826    0.9869       230
2026-09-13 13:40:38 - INFO - 
2026-09-13 13:40:38 - INFO -       accuracy                         0.9868       456
2026-09-13 13:40:38 - INFO -      macro avg     0.9868    0.9869    0.9868       456
2026-09-13 13:40:38 - INFO -   weighted avg     0.9869    0.9868    0.9868       456
2026-09-13 13:40:38 - INFO - Confusion matrix - [[tn=224, fp=2], [fn=4, tp=226]]
2026-09-13 13:40:38 - INFO - probability_positive min=0.0001 mean=0.5019 std=0.4975 max=1.0000 predicted_0=228 predicted_1=228
2026-09-13 13:40:38 - INFO - [Classification Report - split=validation epoch=16 - threshold=0.50]
2026-09-13 13:40:38 - INFO -                 precision    recall  f1-score   support
2026-09-13 13:40:38 - INFO - 
2026-09-13 13:40:38 - INFO -       safe (0)     0.8537    0.8750    0.8642        80
2026-09-13 13:40:38 - INFO - vulnerable (1)     0.8571    0.8333    0.8451        72
2026-09-13 13:40:38 - INFO - 
2026-09-13 13:40:38 - INFO -       accuracy                         0.8553       152
2026-09-13 13:40:38 - INFO -      macro avg     0.8554    0.8542    0.8546       152
2026-09-13 13:40:38 - INFO -   weighted avg     0.8553    0.8553    0.8551       152
2026-09-13 13:40:38 - INFO - Confusion matrix - [[tn=70, fp=10], [fn=12, tp=60]]
2026-09-13 13:40:38 - INFO - probability_positive min=0.0003 mean=0.4592 std=0.4903 max=1.0000 predicted_0=82 predicted_1=70
2026-09-13 13:40:38 - INFO - New best model | Macro-F1: 0.854634 | Epoch: 16
2026-09-13 13:41:00 - INFO - Epoch 17/30 | Train loss: 0.051017 | Val loss: 1.279128 | LR: 2.00e-05 | Best epoch: 16 | Patience: 1 | Train: 19.15s | Validation: 2.16s | Epoch: 21.31s | Total: 368.07s
2026-09-13 13:41:00 - INFO - [Classification Report - split=train epoch=17 - threshold=0.50]
2026-09-13 13:41:00 - INFO -                 precision    recall  f1-score   support
2026-09-13 13:41:00 - INFO - 
2026-09-13 13:41:00 - INFO -       safe (0)     0.9784    1.0000    0.9891       226
2026-09-13 13:41:00 - INFO - vulnerable (1)     1.0000    0.9783    0.9890       230
2026-09-13 13:41:00 - INFO - 
2026-09-13 13:41:00 - INFO -       accuracy                         0.9890       456
2026-09-13 13:41:00 - INFO -      macro avg     0.9892    0.9891    0.9890       456
2026-09-13 13:41:00 - INFO -   weighted avg     0.9893    0.9890    0.9890       456
2026-09-13 13:41:00 - INFO - Confusion matrix - [[tn=226, fp=0], [fn=5, tp=225]]
2026-09-13 13:41:00 - INFO - probability_positive min=0.0001 mean=0.4953 std=0.4966 max=1.0000 predicted_0=231 predicted_1=225
2026-09-13 13:41:00 - INFO - [Classification Report - split=validation epoch=17 - threshold=0.50]
2026-09-13 13:41:00 - INFO -                 precision    recall  f1-score   support
2026-09-13 13:41:00 - INFO - 
2026-09-13 13:41:00 - INFO -       safe (0)     0.8182    0.9000    0.8571        80
2026-09-13 13:41:00 - INFO - vulnerable (1)     0.8750    0.7778    0.8235        72
2026-09-13 13:41:00 - INFO - 
2026-09-13 13:41:00 - INFO -       accuracy                         0.8421       152
2026-09-13 13:41:00 - INFO -      macro avg     0.8466    0.8389    0.8403       152
2026-09-13 13:41:00 - INFO -   weighted avg     0.8451    0.8421    0.8412       152
2026-09-13 13:41:00 - INFO - Confusion matrix - [[tn=72, fp=8], [fn=16, tp=56]]
2026-09-13 13:41:00 - INFO - probability_positive min=0.0000 mean=0.4199 std=0.4873 max=1.0000 predicted_0=88 predicted_1=64
2026-09-13 13:41:21 - INFO - Epoch 18/30 | Train loss: 0.078581 | Val loss: 1.589695 | LR: 2.00e-05 | Best epoch: 16 | Patience: 2 | Train: 19.14s | Validation: 2.15s | Epoch: 21.30s | Total: 389.38s
2026-09-13 13:41:21 - INFO - [Classification Report - split=train epoch=18 - threshold=0.50]
2026-09-13 13:41:21 - INFO -                 precision    recall  f1-score   support
2026-09-13 13:41:21 - INFO - 
2026-09-13 13:41:21 - INFO -       safe (0)     0.9781    0.9867    0.9824       226
2026-09-13 13:41:21 - INFO - vulnerable (1)     0.9868    0.9783    0.9825       230
2026-09-13 13:41:21 - INFO - 
2026-09-13 13:41:21 - INFO -       accuracy                         0.9825       456
2026-09-13 13:41:21 - INFO -      macro avg     0.9825    0.9825    0.9825       456
2026-09-13 13:41:21 - INFO -   weighted avg     0.9825    0.9825    0.9825       456
2026-09-13 13:41:21 - INFO - Confusion matrix - [[tn=223, fp=3], [fn=5, tp=225]]
2026-09-13 13:41:21 - INFO - probability_positive min=0.0000 mean=0.5032 std=0.4963 max=1.0000 predicted_0=228 predicted_1=228
2026-09-13 13:41:21 - INFO - [Classification Report - split=validation epoch=18 - threshold=0.50]
2026-09-13 13:41:21 - INFO -                 precision    recall  f1-score   support
2026-09-13 13:41:21 - INFO - 
2026-09-13 13:41:21 - INFO -       safe (0)     0.7766    0.9125    0.8391        80
2026-09-13 13:41:21 - INFO - vulnerable (1)     0.8793    0.7083    0.7846        72
2026-09-13 13:41:21 - INFO - 
2026-09-13 13:41:21 - INFO -       accuracy                         0.8158       152
2026-09-13 13:41:21 - INFO -      macro avg     0.8280    0.8104    0.8118       152
2026-09-13 13:41:21 - INFO -   weighted avg     0.8253    0.8158    0.8133       152
2026-09-13 13:41:21 - INFO - Confusion matrix - [[tn=73, fp=7], [fn=21, tp=51]]
2026-09-13 13:41:21 - INFO - probability_positive min=0.0000 mean=0.3836 std=0.4801 max=1.0000 predicted_0=94 predicted_1=58
2026-09-13 13:41:42 - INFO - Epoch 19/30 | Train loss: 0.053372 | Val loss: 1.269498 | LR: 2.00e-05 | Best epoch: 16 | Patience: 3 | Train: 19.16s | Validation: 2.18s | Epoch: 21.34s | Total: 410.73s
2026-09-13 13:41:42 - INFO - [Classification Report - split=train epoch=19 - threshold=0.50]
2026-09-13 13:41:42 - INFO -                 precision    recall  f1-score   support
2026-09-13 13:41:42 - INFO - 
2026-09-13 13:41:42 - INFO -       safe (0)     0.9825    0.9956    0.9890       226
2026-09-13 13:41:42 - INFO - vulnerable (1)     0.9956    0.9826    0.9891       230
2026-09-13 13:41:42 - INFO - 
2026-09-13 13:41:42 - INFO -       accuracy                         0.9890       456
2026-09-13 13:41:42 - INFO -      macro avg     0.9891    0.9891    0.9890       456
2026-09-13 13:41:42 - INFO -   weighted avg     0.9891    0.9890    0.9890       456
2026-09-13 13:41:42 - INFO - Confusion matrix - [[tn=225, fp=1], [fn=4, tp=226]]
2026-09-13 13:41:42 - INFO - probability_positive min=0.0000 mean=0.4995 std=0.4972 max=1.0000 predicted_0=229 predicted_1=227
2026-09-13 13:41:42 - INFO - [Classification Report - split=validation epoch=19 - threshold=0.50]
2026-09-13 13:41:42 - INFO -                 precision    recall  f1-score   support
2026-09-13 13:41:42 - INFO - 
2026-09-13 13:41:42 - INFO -       safe (0)     0.8481    0.8375    0.8428        80
2026-09-13 13:41:42 - INFO - vulnerable (1)     0.8219    0.8333    0.8276        72
2026-09-13 13:41:42 - INFO - 
2026-09-13 13:41:42 - INFO -       accuracy                         0.8355       152
2026-09-13 13:41:42 - INFO -      macro avg     0.8350    0.8354    0.8352       152
2026-09-13 13:41:42 - INFO -   weighted avg     0.8357    0.8355    0.8356       152
2026-09-13 13:41:42 - INFO - Confusion matrix - [[tn=67, fp=13], [fn=12, tp=60]]
2026-09-13 13:41:42 - INFO - probability_positive min=0.0000 mean=0.4791 std=0.4956 max=1.0000 predicted_0=79 predicted_1=73
2026-09-13 13:42:04 - INFO - Epoch 20/30 | Train loss: 0.049785 | Val loss: 1.197826 | LR: 2.00e-05 | Best epoch: 20 | Patience: 0 | Train: 19.16s | Validation: 2.17s | Epoch: 21.86s | Total: 432.60s
2026-09-13 13:42:04 - INFO - [Classification Report - split=train epoch=20 - threshold=0.50]
2026-09-13 13:42:04 - INFO -                 precision    recall  f1-score   support
2026-09-13 13:42:04 - INFO - 
2026-09-13 13:42:04 - INFO -       safe (0)     0.9781    0.9867    0.9824       226
2026-09-13 13:42:04 - INFO - vulnerable (1)     0.9868    0.9783    0.9825       230
2026-09-13 13:42:04 - INFO - 
2026-09-13 13:42:04 - INFO -       accuracy                         0.9825       456
2026-09-13 13:42:04 - INFO -      macro avg     0.9825    0.9825    0.9825       456
2026-09-13 13:42:04 - INFO -   weighted avg     0.9825    0.9825    0.9825       456
2026-09-13 13:42:04 - INFO - Confusion matrix - [[tn=223, fp=3], [fn=5, tp=225]]
2026-09-13 13:42:04 - INFO - probability_positive min=0.0000 mean=0.5036 std=0.4957 max=1.0000 predicted_0=228 predicted_1=228
2026-09-13 13:42:04 - INFO - [Classification Report - split=validation epoch=20 - threshold=0.50]
2026-09-13 13:42:04 - INFO -                 precision    recall  f1-score   support
2026-09-13 13:42:04 - INFO - 
2026-09-13 13:42:04 - INFO -       safe (0)     0.8571    0.9000    0.8780        80
2026-09-13 13:42:04 - INFO - vulnerable (1)     0.8824    0.8333    0.8571        72
2026-09-13 13:42:04 - INFO - 
2026-09-13 13:42:04 - INFO -       accuracy                         0.8684       152
2026-09-13 13:42:04 - INFO -      macro avg     0.8697    0.8667    0.8676       152
2026-09-13 13:42:04 - INFO -   weighted avg     0.8691    0.8684    0.8681       152
2026-09-13 13:42:04 - INFO - Confusion matrix - [[tn=72, fp=8], [fn=12, tp=60]]
2026-09-13 13:42:04 - INFO - probability_positive min=0.0000 mean=0.4497 std=0.4948 max=1.0000 predicted_0=84 predicted_1=68
2026-09-13 13:42:04 - INFO - New best model | Macro-F1: 0.867596 | Epoch: 20
2026-09-13 13:42:26 - INFO - Epoch 21/30 | Train loss: 0.108778 | Val loss: 1.241255 | LR: 2.00e-05 | Best epoch: 20 | Patience: 1 | Train: 19.17s | Validation: 2.16s | Epoch: 21.33s | Total: 453.94s
2026-09-13 13:42:26 - INFO - [Classification Report - split=train epoch=21 - threshold=0.50]
2026-09-13 13:42:26 - INFO -                 precision    recall  f1-score   support
2026-09-13 13:42:26 - INFO - 
2026-09-13 13:42:26 - INFO -       safe (0)     0.9733    0.9690    0.9712       226
2026-09-13 13:42:26 - INFO - vulnerable (1)     0.9697    0.9739    0.9718       230
2026-09-13 13:42:26 - INFO - 
2026-09-13 13:42:26 - INFO -       accuracy                         0.9715       456
2026-09-13 13:42:26 - INFO -      macro avg     0.9715    0.9715    0.9715       456
2026-09-13 13:42:26 - INFO -   weighted avg     0.9715    0.9715    0.9715       456
2026-09-13 13:42:26 - INFO - Confusion matrix - [[tn=219, fp=7], [fn=6, tp=224]]
2026-09-13 13:42:26 - INFO - probability_positive min=0.0000 mean=0.5106 std=0.4950 max=1.0000 predicted_0=225 predicted_1=231
2026-09-13 13:42:26 - INFO - [Classification Report - split=validation epoch=21 - threshold=0.50]
2026-09-13 13:42:26 - INFO -                 precision    recall  f1-score   support
2026-09-13 13:42:26 - INFO - 
2026-09-13 13:42:26 - INFO -       safe (0)     0.8415    0.8625    0.8519        80
2026-09-13 13:42:26 - INFO - vulnerable (1)     0.8429    0.8194    0.8310        72
2026-09-13 13:42:26 - INFO - 
2026-09-13 13:42:26 - INFO -       accuracy                         0.8421       152
2026-09-13 13:42:26 - INFO -      macro avg     0.8422    0.8410    0.8414       152
2026-09-13 13:42:26 - INFO -   weighted avg     0.8421    0.8421    0.8420       152
2026-09-13 13:42:26 - INFO - Confusion matrix - [[tn=69, fp=11], [fn=13, tp=59]]
2026-09-13 13:42:26 - INFO - probability_positive min=0.0000 mean=0.4632 std=0.4942 max=1.0000 predicted_0=82 predicted_1=70
2026-09-13 13:42:47 - INFO - Epoch 22/30 | Train loss: 0.044718 | Val loss: 1.264887 | LR: 2.00e-05 | Best epoch: 20 | Patience: 2 | Train: 19.16s | Validation: 2.15s | Epoch: 21.32s | Total: 475.26s
2026-09-13 13:42:47 - INFO - [Classification Report - split=train epoch=22 - threshold=0.50]
2026-09-13 13:42:47 - INFO -                 precision    recall  f1-score   support
2026-09-13 13:42:47 - INFO - 
2026-09-13 13:42:47 - INFO -       safe (0)     0.9822    0.9779    0.9800       226
2026-09-13 13:42:47 - INFO - vulnerable (1)     0.9784    0.9826    0.9805       230
2026-09-13 13:42:47 - INFO - 
2026-09-13 13:42:47 - INFO -       accuracy                         0.9803       456
2026-09-13 13:42:47 - INFO -      macro avg     0.9803    0.9802    0.9803       456
2026-09-13 13:42:47 - INFO -   weighted avg     0.9803    0.9803    0.9803       456
2026-09-13 13:42:47 - INFO - Confusion matrix - [[tn=221, fp=5], [fn=4, tp=226]]
2026-09-13 13:42:47 - INFO - probability_positive min=0.0000 mean=0.5063 std=0.4949 max=1.0000 predicted_0=225 predicted_1=231
2026-09-13 13:42:47 - INFO - [Classification Report - split=validation epoch=22 - threshold=0.50]
2026-09-13 13:42:47 - INFO -                 precision    recall  f1-score   support
2026-09-13 13:42:47 - INFO - 
2026-09-13 13:42:47 - INFO -       safe (0)     0.8256    0.8875    0.8554        80
2026-09-13 13:42:47 - INFO - vulnerable (1)     0.8636    0.7917    0.8261        72
2026-09-13 13:42:47 - INFO - 
2026-09-13 13:42:47 - INFO -       accuracy                         0.8421       152
2026-09-13 13:42:47 - INFO -      macro avg     0.8446    0.8396    0.8408       152
2026-09-13 13:42:47 - INFO -   weighted avg     0.8436    0.8421    0.8415       152
2026-09-13 13:42:47 - INFO - Confusion matrix - [[tn=71, fp=9], [fn=15, tp=57]]
2026-09-13 13:42:47 - INFO - probability_positive min=0.0000 mean=0.4352 std=0.4922 max=1.0000 predicted_0=86 predicted_1=66
2026-09-13 13:43:08 - INFO - Epoch 23/30 | Train loss: 0.079947 | Val loss: 1.011146 | LR: 2.00e-05 | Best epoch: 20 | Patience: 3 | Train: 19.15s | Validation: 2.16s | Epoch: 21.31s | Total: 496.59s
2026-09-13 13:43:08 - INFO - [Classification Report - split=train epoch=23 - threshold=0.50]
2026-09-13 13:43:08 - INFO -                 precision    recall  f1-score   support
2026-09-13 13:43:08 - INFO - 
2026-09-13 13:43:08 - INFO -       safe (0)     0.9866    0.9779    0.9822       226
2026-09-13 13:43:08 - INFO - vulnerable (1)     0.9784    0.9870    0.9827       230
2026-09-13 13:43:08 - INFO - 
2026-09-13 13:43:08 - INFO -       accuracy                         0.9825       456
2026-09-13 13:43:08 - INFO -      macro avg     0.9825    0.9824    0.9825       456
2026-09-13 13:43:08 - INFO -   weighted avg     0.9825    0.9825    0.9825       456
2026-09-13 13:43:08 - INFO - Confusion matrix - [[tn=221, fp=5], [fn=3, tp=227]]
2026-09-13 13:43:08 - INFO - probability_positive min=0.0000 mean=0.5084 std=0.4953 max=1.0000 predicted_0=224 predicted_1=232
2026-09-13 13:43:08 - INFO - [Classification Report - split=validation epoch=23 - threshold=0.50]
2026-09-13 13:43:08 - INFO -                 precision    recall  f1-score   support
2026-09-13 13:43:08 - INFO - 
2026-09-13 13:43:08 - INFO -       safe (0)     0.8415    0.8625    0.8519        80
2026-09-13 13:43:08 - INFO - vulnerable (1)     0.8429    0.8194    0.8310        72
2026-09-13 13:43:08 - INFO - 
2026-09-13 13:43:08 - INFO -       accuracy                         0.8421       152
2026-09-13 13:43:08 - INFO -      macro avg     0.8422    0.8410    0.8414       152
2026-09-13 13:43:08 - INFO -   weighted avg     0.8421    0.8421    0.8420       152
2026-09-13 13:43:08 - INFO - Confusion matrix - [[tn=69, fp=11], [fn=13, tp=59]]
2026-09-13 13:43:08 - INFO - probability_positive min=0.0001 mean=0.4614 std=0.4920 max=0.9997 predicted_0=82 predicted_1=70
2026-09-13 13:43:30 - INFO - Epoch 24/30 | Train loss: 0.066000 | Val loss: 1.326229 | LR: 2.00e-05 | Best epoch: 20 | Patience: 4 | Train: 19.15s | Validation: 2.16s | Epoch: 21.31s | Total: 517.91s
2026-09-13 13:43:30 - INFO - [Classification Report - split=train epoch=24 - threshold=0.50]
2026-09-13 13:43:30 - INFO -                 precision    recall  f1-score   support
2026-09-13 13:43:30 - INFO - 
2026-09-13 13:43:30 - INFO -       safe (0)     0.9782    0.9912    0.9846       226
2026-09-13 13:43:30 - INFO - vulnerable (1)     0.9912    0.9783    0.9847       230
2026-09-13 13:43:30 - INFO - 
2026-09-13 13:43:30 - INFO -       accuracy                         0.9846       456
2026-09-13 13:43:30 - INFO -      macro avg     0.9847    0.9847    0.9846       456
2026-09-13 13:43:30 - INFO -   weighted avg     0.9847    0.9846    0.9846       456
2026-09-13 13:43:30 - INFO - Confusion matrix - [[tn=224, fp=2], [fn=5, tp=225]]
2026-09-13 13:43:30 - INFO - probability_positive min=0.0000 mean=0.4989 std=0.4970 max=1.0000 predicted_0=229 predicted_1=227
2026-09-13 13:43:30 - INFO - [Classification Report - split=validation epoch=24 - threshold=0.50]
2026-09-13 13:43:30 - INFO -                 precision    recall  f1-score   support
2026-09-13 13:43:30 - INFO - 
2026-09-13 13:43:30 - INFO -       safe (0)     0.8333    0.8750    0.8537        80
2026-09-13 13:43:30 - INFO - vulnerable (1)     0.8529    0.8056    0.8286        72
2026-09-13 13:43:30 - INFO - 
2026-09-13 13:43:30 - INFO -       accuracy                         0.8421       152
2026-09-13 13:43:30 - INFO -      macro avg     0.8431    0.8403    0.8411       152
2026-09-13 13:43:30 - INFO -   weighted avg     0.8426    0.8421    0.8418       152
2026-09-13 13:43:30 - INFO - Confusion matrix - [[tn=70, fp=10], [fn=14, tp=58]]
2026-09-13 13:43:30 - INFO - probability_positive min=0.0000 mean=0.4518 std=0.4927 max=1.0000 predicted_0=84 predicted_1=68
2026-09-13 13:43:51 - INFO - Epoch 25/30 | Train loss: 0.141944 | Val loss: 1.246444 | LR: 2.00e-05 | Best epoch: 20 | Patience: 5 | Train: 19.17s | Validation: 2.15s | Epoch: 21.33s | Total: 539.25s
2026-09-13 13:43:51 - INFO - [Classification Report - split=train epoch=25 - threshold=0.50]
2026-09-13 13:43:51 - INFO -                 precision    recall  f1-score   support
2026-09-13 13:43:51 - INFO - 
2026-09-13 13:43:51 - INFO -       safe (0)     0.9862    0.9513    0.9685       226
2026-09-13 13:43:51 - INFO - vulnerable (1)     0.9538    0.9870    0.9701       230
2026-09-13 13:43:51 - INFO - 
2026-09-13 13:43:51 - INFO -       accuracy                         0.9693       456
2026-09-13 13:43:51 - INFO -      macro avg     0.9700    0.9691    0.9693       456
2026-09-13 13:43:51 - INFO -   weighted avg     0.9699    0.9693    0.9693       456
2026-09-13 13:43:51 - INFO - Confusion matrix - [[tn=215, fp=11], [fn=3, tp=227]]
2026-09-13 13:43:51 - INFO - probability_positive min=0.0000 mean=0.5183 std=0.4950 max=1.0000 predicted_0=218 predicted_1=238
2026-09-13 13:43:51 - INFO - [Classification Report - split=validation epoch=25 - threshold=0.50]
2026-09-13 13:43:51 - INFO -                 precision    recall  f1-score   support
2026-09-13 13:43:51 - INFO - 
2026-09-13 13:43:51 - INFO -       safe (0)     0.8022    0.9125    0.8538        80
2026-09-13 13:43:51 - INFO - vulnerable (1)     0.8852    0.7500    0.8120        72
2026-09-13 13:43:51 - INFO - 
2026-09-13 13:43:51 - INFO -       accuracy                         0.8355       152
2026-09-13 13:43:51 - INFO -      macro avg     0.8437    0.8313    0.8329       152
2026-09-13 13:43:51 - INFO -   weighted avg     0.8415    0.8355    0.8340       152
2026-09-13 13:43:51 - INFO - Confusion matrix - [[tn=73, fp=7], [fn=18, tp=54]]
2026-09-13 13:43:51 - INFO - probability_positive min=0.0000 mean=0.4028 std=0.4823 max=0.9997 predicted_0=91 predicted_1=61
2026-09-13 13:43:51 - INFO - Early stopping | Epoch: 25 | Best epoch: 20
2026-09-13 13:43:51 - INFO - Best checkpoint saved | Path: model/fus2_codebert/transfer_latent_bottleneck_com_l0p05_ad48_fusftrnd_adamw/seed_42/fold2/best.pt | Epoch: 20 | Val macro_f1: 0.867596
2026-09-13 13:43:51 - INFO - Training finished | Elapsed: 539.26s
2026-09-13 13:43:51 - INFO - Runtime ghi lai | model/fus2_codebert/transfer_latent_bottleneck_com_l0p05_ad48_fusftrnd_adamw/seed_42/fold2/best.pt.runtime.json | 25 epoch | 21.6s/epoch | NVIDIA GeForce RTX 5060 Ti
2026-09-13 13:43:51 - INFO - Run finished | Phase: phase2 | Fold: 2 | Seed: 42 | Elapsed: 541.88s
2026-09-13 13:43:58 - INFO - Using device: cuda
2026-09-13 13:43:58 - INFO - Run started | Run: fus2_codebert | Method: transfer_latent_bottleneck_com_l0p05_ad48_fusftrnd_adamw | Phase: test | Fold: 2 | Seed: 42 | Device: cuda
2026-09-13 13:43:58 - INFO - Loading Python validation data: data/sven_python_folds_norm/fold2/val.jsonl
2026-09-13 13:43:58 - INFO - Loading Python test data: data/sven_python_folds_norm/fold2/test.jsonl
2026-09-13 13:43:58 - INFO - Data split: python_val | Total: 152 | Labels: {0: 80, 1: 72} | CWEs: {'CWE-022': 15, 'CWE-078': 38, 'CWE-079': 20, 'CWE-089': 79} | Languages: {'python': 152} | Invalid CWE: 0
2026-09-13 13:43:58 - INFO - Data split: python_test | Total: 152 | Labels: {0: 74, 1: 78} | CWEs: {'CWE-022': 8, 'CWE-078': 42, 'CWE-079': 19, 'CWE-089': 83} | Languages: {'python': 152} | Invalid CWE: 0
2026-09-13 13:43:58 - INFO - Auxiliary head width taken from checkpoint: 10
2026-09-13 13:44:00 - INFO - Dung lai adapter tu checkpoint | ten=['src', 'tgt'] | dim=48 | fusion=True
2026-09-13 13:44:00 - INFO - Environment: {"components": {"backbone": {"frozen": 0, "total": 147686784, "trainable": 147686784}, "cwe_head": {"frozen": 90, "total": 90, "trainable": 0}, "latent_proj": {"frozen": 6152, "total": 6152, "trainable": 0}, "vul_head": {"frozen": 0, "total": 1538, "trainable": 1538}}, "cuda": "12.8", "fold": 2, "frozen_parameters": 6242, "gpu": "NVIDIA GeForce RTX 5060 Ti", "hyperparameters": {"adamw_anneal_lr": false, "adapter_dim": 0, "adapter_lr": 0.0001, "anneal_fun": "sigmoid", "anneal_k": 0.05, "anneal_t0_ratio": 0.05, "anneal_w": 1.0, "asam_eta": 0.01, "aux_class_balanced": false, "aux_mode": "latent_bottleneck", "aux_weight_lr": 0.01, "aux_weight_mode": "fixed", "batch_size": 16, "checkpoint_path": "model/fus2_codebert/transfer_latent_bottleneck_com_l0p05_ad48_fusftrnd_adamw/seed_42/fold2/best.pt", "cwe_vocab": "precomputed", "data_path": "data/train_ccpp_filtered.jsonl", "data_root": "data/sven_python_folds_norm", "epochs": 10, "eval_batch_size": 16, "feat_distill_beta": 0.0, "feat_distill_mode": "cos", "fisher_path": null, "fold": 2, "freeze_backbone_layers": 0, "freeze_prototypes_steps": 0, "fusion_src_random": false, "grad_checkpointing": false, "lambda_cwe": 0.2, "latent_temperature": 0.1, "learning_rate": 2e-05, "lora_rank": 0, "lp_epochs": 0, "lp_learning_rate": 0.001, "max_eval_samples": null, "max_grad_norm": 1.0, "max_length": 512, "max_train_samples": null, "method_name": "transfer_latent_bottleneck_com_l0p05_ad48_fusftrnd_adamw", "min_epochs": 3, "model_name": "microsoft/codebert-base", "num_cwes": 10, "num_latent": 8, "num_workers": 0, "output_dir": "results/fus2_codebert/transfer_latent_bottleneck_com_l0p05_ad48_fusftrnd_adamw", "patience": 5, "phase": "test", "phase2_fusion": "off", "phase2_gate": "off", "phase2_gate_alpha": 0.3, "phase2_gate_init": 0.0, "phase2_gate_lr": 0.01, "phase2_gate_proj": "learned", "phase2_lambda_cwe": 0.0, "phase2_optimizer": "recadam", "phase2_reinit_head": false, "pooling": "cls", "pretrain_cof": 5000.0, "recadam_anchor": "source", "recadam_anchor_head": "source", "replay_batch_size": 0, "replay_cwe_vocab": "fixed4", "replay_data": null, "replay_epochs": 0, "replay_lambda_cwe": 0.0, "replay_mu": 0.0, "replay_stratify": false, "result_path": "results/fus2_codebert/transfer_latent_bottleneck_com_l0p05_ad48_fusftrnd_adamw/seed_42/fold2.json", "run_name": "fus2_codebert", "sam_rho": 0.0, "sam_variant": "sam", "seed": 42, "selection_metric": "macro_f1", "source_checkpoint": null, "source_eval_data": null, "source_interp_grid": null, "source_interpolation": 1.0, "spd_lambda": 1.0, "spd_replace_wd": false, "strict_determinism": false, "target_lang": "python", "test_path": null, "train_path": null, "truncation_strategy": "head_middle_tail", "val_path": null, "weight_decay": 0.01}, "mode": "test_inference_no_optimizer", "model_name": "microsoft/codebert-base", "seed": 42, "sklearn": "1.7.2", "torch": "2.11.0+cu128", "trainable_parameters": 147688322, "transformers": "4.57.1"}
2026-09-13 13:44:03 - INFO - Evaluation time | Split: validation+threshold | Seconds: 3.02
2026-09-13 13:44:03 - INFO - [Classification Report - split=validation - threshold=0.50]
2026-09-13 13:44:03 - INFO -                 precision    recall  f1-score   support
2026-09-13 13:44:03 - INFO - 
2026-09-13 13:44:03 - INFO -       safe (0)     0.8571    0.9000    0.8780        80
2026-09-13 13:44:03 - INFO - vulnerable (1)     0.8824    0.8333    0.8571        72
2026-09-13 13:44:03 - INFO - 
2026-09-13 13:44:03 - INFO -       accuracy                         0.8684       152
2026-09-13 13:44:03 - INFO -      macro avg     0.8697    0.8667    0.8676       152
2026-09-13 13:44:03 - INFO -   weighted avg     0.8691    0.8684    0.8681       152
2026-09-13 13:44:03 - INFO - Confusion matrix - [[tn=72, fp=8], [fn=12, tp=60]]
2026-09-13 13:44:03 - INFO - probability_positive min=0.0000 mean=0.4497 std=0.4948 max=1.0000 predicted_0=84 predicted_1=68
2026-09-13 13:44:03 - INFO - [Classification Report - split=validation_calibrated - threshold=0.41]
2026-09-13 13:44:03 - INFO -                 precision    recall  f1-score   support
2026-09-13 13:44:03 - INFO - 
2026-09-13 13:44:03 - INFO -       safe (0)     0.8571    0.9000    0.8780        80
2026-09-13 13:44:03 - INFO - vulnerable (1)     0.8824    0.8333    0.8571        72
2026-09-13 13:44:03 - INFO - 
2026-09-13 13:44:03 - INFO -       accuracy                         0.8684       152
2026-09-13 13:44:03 - INFO -      macro avg     0.8697    0.8667    0.8676       152
2026-09-13 13:44:03 - INFO -   weighted avg     0.8691    0.8684    0.8681       152
2026-09-13 13:44:03 - INFO - Confusion matrix - [[tn=72, fp=8], [fn=12, tp=60]]
2026-09-13 13:44:03 - INFO - probability_positive min=0.0000 mean=0.4497 std=0.4948 max=1.0000 predicted_0=84 predicted_1=68
2026-09-13 13:44:05 - INFO - Evaluation time | Split: test | Seconds: 2.14
2026-09-13 13:44:05 - INFO - [Classification Report - split=test - threshold=0.50]
2026-09-13 13:44:05 - INFO -                 precision    recall  f1-score   support
2026-09-13 13:44:05 - INFO - 
2026-09-13 13:44:05 - INFO -       safe (0)     0.8158    0.8378    0.8267        74
2026-09-13 13:44:05 - INFO - vulnerable (1)     0.8421    0.8205    0.8312        78
2026-09-13 13:44:05 - INFO - 
2026-09-13 13:44:05 - INFO -       accuracy                         0.8289       152
2026-09-13 13:44:05 - INFO -      macro avg     0.8289    0.8292    0.8289       152
2026-09-13 13:44:05 - INFO -   weighted avg     0.8293    0.8289    0.8290       152
2026-09-13 13:44:05 - INFO - Confusion matrix - [[tn=62, fp=12], [fn=14, tp=64]]
2026-09-13 13:44:05 - INFO - probability_positive min=0.0000 mean=0.4966 std=0.4949 max=1.0000 predicted_0=76 predicted_1=76
2026-09-13 13:44:05 - INFO - [Classification Report - split=test_valcal - threshold=0.41]
2026-09-13 13:44:05 - INFO -                 precision    recall  f1-score   support
2026-09-13 13:44:05 - INFO - 
2026-09-13 13:44:05 - INFO -       safe (0)     0.8158    0.8378    0.8267        74
2026-09-13 13:44:05 - INFO - vulnerable (1)     0.8421    0.8205    0.8312        78
2026-09-13 13:44:05 - INFO - 
2026-09-13 13:44:05 - INFO -       accuracy                         0.8289       152
2026-09-13 13:44:05 - INFO -      macro avg     0.8289    0.8292    0.8289       152
2026-09-13 13:44:05 - INFO -   weighted avg     0.8293    0.8289    0.8290       152
2026-09-13 13:44:05 - INFO - Confusion matrix - [[tn=62, fp=12], [fn=14, tp=64]]
2026-09-13 13:44:05 - INFO - probability_positive min=0.0000 mean=0.4966 std=0.4949 max=1.0000 predicted_0=76 predicted_1=76
2026-09-13 13:44:05 - INFO - [Classification Report - split=test_at_0.5_CWE-022 - threshold=0.50]
2026-09-13 13:44:05 - INFO -                 precision    recall  f1-score   support
2026-09-13 13:44:05 - INFO - 
2026-09-13 13:44:05 - INFO -       safe (0)     0.3333    0.2500    0.2857         4
2026-09-13 13:44:05 - INFO - vulnerable (1)     0.4000    0.5000    0.4444         4
2026-09-13 13:44:05 - INFO - 
2026-09-13 13:44:05 - INFO -       accuracy                         0.3750         8
2026-09-13 13:44:05 - INFO -      macro avg     0.3667    0.3750    0.3651         8
2026-09-13 13:44:05 - INFO -   weighted avg     0.3667    0.3750    0.3651         8
2026-09-13 13:44:05 - INFO - Confusion matrix - [[tn=1, fp=3], [fn=2, tp=2]]
2026-09-13 13:44:05 - INFO - probability_positive min=0.0000 mean=0.5592 std=0.4587 max=0.9999 predicted_0=3 predicted_1=5
2026-09-13 13:44:05 - INFO - [Classification Report - split=test_at_0.5_CWE-078 - threshold=0.50]
2026-09-13 13:44:05 - INFO -                 precision    recall  f1-score   support
2026-09-13 13:44:05 - INFO - 
2026-09-13 13:44:05 - INFO -       safe (0)     0.7619    0.8000    0.7805        20
2026-09-13 13:44:05 - INFO - vulnerable (1)     0.8095    0.7727    0.7907        22
2026-09-13 13:44:05 - INFO - 
2026-09-13 13:44:05 - INFO -       accuracy                         0.7857        42
2026-09-13 13:44:05 - INFO -      macro avg     0.7857    0.7864    0.7856        42
2026-09-13 13:44:05 - INFO -   weighted avg     0.7868    0.7857    0.7858        42
2026-09-13 13:44:05 - INFO - Confusion matrix - [[tn=16, fp=4], [fn=5, tp=17]]
2026-09-13 13:44:05 - INFO - probability_positive min=0.0000 mean=0.4997 std=0.4995 max=1.0000 predicted_0=21 predicted_1=21
2026-09-13 13:44:05 - INFO - [Classification Report - split=test_at_0.5_CWE-079 - threshold=0.50]
2026-09-13 13:44:05 - INFO -                 precision    recall  f1-score   support
2026-09-13 13:44:05 - INFO - 
2026-09-13 13:44:05 - INFO -       safe (0)     0.5714    0.8889    0.6957         9
2026-09-13 13:44:05 - INFO - vulnerable (1)     0.8000    0.4000    0.5333        10
2026-09-13 13:44:05 - INFO - 
2026-09-13 13:44:05 - INFO -       accuracy                         0.6316        19
2026-09-13 13:44:05 - INFO -      macro avg     0.6857    0.6444    0.6145        19
2026-09-13 13:44:05 - INFO -   weighted avg     0.6917    0.6316    0.6102        19
2026-09-13 13:44:05 - INFO - Confusion matrix - [[tn=8, fp=1], [fn=6, tp=4]]
2026-09-13 13:44:05 - INFO - probability_positive min=0.0000 mean=0.2783 std=0.4344 max=1.0000 predicted_0=14 predicted_1=5
2026-09-13 13:44:05 - INFO - [Classification Report - split=test_at_0.5_CWE-089 - threshold=0.50]
2026-09-13 13:44:05 - INFO -                 precision    recall  f1-score   support
2026-09-13 13:44:05 - INFO - 
2026-09-13 13:44:05 - INFO -       safe (0)     0.9737    0.9024    0.9367        41
2026-09-13 13:44:05 - INFO - vulnerable (1)     0.9111    0.9762    0.9425        42
2026-09-13 13:44:05 - INFO - 
2026-09-13 13:44:05 - INFO -       accuracy                         0.9398        83
2026-09-13 13:44:05 - INFO -      macro avg     0.9424    0.9393    0.9396        83
2026-09-13 13:44:05 - INFO -   weighted avg     0.9420    0.9398    0.9397        83
2026-09-13 13:44:05 - INFO - Confusion matrix - [[tn=37, fp=4], [fn=1, tp=41]]
2026-09-13 13:44:05 - INFO - probability_positive min=0.0000 mean=0.5390 std=0.4956 max=1.0000 predicted_0=38 predicted_1=45
2026-09-13 13:44:05 - INFO - [Classification Report - split=test_at_valcal_CWE-022 - threshold=0.41]
2026-09-13 13:44:05 - INFO -                 precision    recall  f1-score   support
2026-09-13 13:44:05 - INFO - 
2026-09-13 13:44:05 - INFO -       safe (0)     0.3333    0.2500    0.2857         4
2026-09-13 13:44:05 - INFO - vulnerable (1)     0.4000    0.5000    0.4444         4
2026-09-13 13:44:05 - INFO - 
2026-09-13 13:44:05 - INFO -       accuracy                         0.3750         8
2026-09-13 13:44:05 - INFO -      macro avg     0.3667    0.3750    0.3651         8
2026-09-13 13:44:05 - INFO -   weighted avg     0.3667    0.3750    0.3651         8
2026-09-13 13:44:05 - INFO - Confusion matrix - [[tn=1, fp=3], [fn=2, tp=2]]
2026-09-13 13:44:05 - INFO - probability_positive min=0.0000 mean=0.5592 std=0.4587 max=0.9999 predicted_0=3 predicted_1=5
2026-09-13 13:44:05 - INFO - [Classification Report - split=test_at_valcal_CWE-078 - threshold=0.41]
2026-09-13 13:44:05 - INFO -                 precision    recall  f1-score   support
2026-09-13 13:44:05 - INFO - 
2026-09-13 13:44:05 - INFO -       safe (0)     0.7619    0.8000    0.7805        20
2026-09-13 13:44:05 - INFO - vulnerable (1)     0.8095    0.7727    0.7907        22
2026-09-13 13:44:05 - INFO - 
2026-09-13 13:44:05 - INFO -       accuracy                         0.7857        42
2026-09-13 13:44:05 - INFO -      macro avg     0.7857    0.7864    0.7856        42
2026-09-13 13:44:05 - INFO -   weighted avg     0.7868    0.7857    0.7858        42
2026-09-13 13:44:05 - INFO - Confusion matrix - [[tn=16, fp=4], [fn=5, tp=17]]
2026-09-13 13:44:05 - INFO - probability_positive min=0.0000 mean=0.4997 std=0.4995 max=1.0000 predicted_0=21 predicted_1=21
2026-09-13 13:44:05 - INFO - [Classification Report - split=test_at_valcal_CWE-079 - threshold=0.41]
2026-09-13 13:44:05 - INFO -                 precision    recall  f1-score   support
2026-09-13 13:44:05 - INFO - 
2026-09-13 13:44:05 - INFO -       safe (0)     0.5714    0.8889    0.6957         9
2026-09-13 13:44:05 - INFO - vulnerable (1)     0.8000    0.4000    0.5333        10
2026-09-13 13:44:05 - INFO - 
2026-09-13 13:44:05 - INFO -       accuracy                         0.6316        19
2026-09-13 13:44:05 - INFO -      macro avg     0.6857    0.6444    0.6145        19
2026-09-13 13:44:05 - INFO -   weighted avg     0.6917    0.6316    0.6102        19
2026-09-13 13:44:05 - INFO - Confusion matrix - [[tn=8, fp=1], [fn=6, tp=4]]
2026-09-13 13:44:05 - INFO - probability_positive min=0.0000 mean=0.2783 std=0.4344 max=1.0000 predicted_0=14 predicted_1=5
2026-09-13 13:44:05 - INFO - [Classification Report - split=test_at_valcal_CWE-089 - threshold=0.41]
2026-09-13 13:44:05 - INFO -                 precision    recall  f1-score   support
2026-09-13 13:44:05 - INFO - 
2026-09-13 13:44:05 - INFO -       safe (0)     0.9737    0.9024    0.9367        41
2026-09-13 13:44:05 - INFO - vulnerable (1)     0.9111    0.9762    0.9425        42
2026-09-13 13:44:05 - INFO - 
2026-09-13 13:44:05 - INFO -       accuracy                         0.9398        83
2026-09-13 13:44:05 - INFO -      macro avg     0.9424    0.9393    0.9396        83
2026-09-13 13:44:05 - INFO -   weighted avg     0.9420    0.9398    0.9397        83
2026-09-13 13:44:05 - INFO - Confusion matrix - [[tn=37, fp=4], [fn=1, tp=41]]
2026-09-13 13:44:05 - INFO - probability_positive min=0.0000 mean=0.5390 std=0.4956 max=1.0000 predicted_0=38 predicted_1=45
2026-09-13 13:44:05 - INFO - Test result saved: results/fus2_codebert/transfer_latent_bottleneck_com_l0p05_ad48_fusftrnd_adamw/seed_42/fold2.json
2026-09-13 13:44:05 - INFO - Run finished | Phase: test | Fold: 2 | Seed: 42 | Elapsed: 7.79s
