2026-09-13 13:57:27 - INFO - Using device: cuda
2026-09-13 13:57:27 - INFO - Run started | Run: fus2_codebert | Method: transfer_latent_bottleneck_com_l0p05_ad48_fusft_adamw | Phase: phase2 | Fold: 4 | Seed: 42 | Device: cuda
2026-09-13 13:57:27 - INFO - Loading Python training data: data/sven_python_folds_norm/fold4/train.jsonl
2026-09-13 13:57:27 - INFO - Loading Python validation data: data/sven_python_folds_norm/fold4/val.jsonl
2026-09-13 13:57:27 - INFO - Data split: python_train | Total: 456 | Labels: {0: 225, 1: 231} | CWEs: {'CWE-022': 42, 'CWE-078': 119, 'CWE-079': 53, 'CWE-089': 242} | Languages: {'python': 456} | Invalid CWE: 0
2026-09-13 13:57:27 - INFO - Data split: python_val | Total: 152 | Labels: {0: 72, 1: 80} | CWEs: {'CWE-022': 13, 'CWE-078': 44, 'CWE-079': 16, 'CWE-089': 79} | Languages: {'python': 152} | Invalid CWE: 0
2026-09-13 13:57:28 - INFO - Auxiliary head width taken from checkpoint: 10
2026-09-13 13:57:30 - INFO - Dung lai adapter tu checkpoint | ten=['src'] | dim=48 | fusion=False
2026-09-13 13:57:30 - INFO - Loaded source checkpoint: model/fus2/phase1/codebert__latent_bottleneck_com_l0p05_ad48/seed_42/best.pt | Best epoch: 12 | Best Val Macro-F1: 0.575774
2026-09-13 13:57:30 - INFO - ADAPTER FUSION BAT | che do=ft | 12 lop | dim=48 | mo 146793794 tham so, khoa 900770 | adapter nguon DONG BANG (0 tham so mo)
2026-09-13 13:57:30 - INFO - lambda_cwe: CLI Pha 2 = 0.2 (khong dung o Pha 2) | Pha 1 that = 0.05 — ghi theo Pha 1
2026-09-13 13:57:30 - INFO - Phase 2 optimizer: AdamW | nhom ADAPTER rieng: 22146624 tham so o lr 0.0001 (backbone/head o 2e-05)
2026-09-13 13:57:30 - INFO - Environment: {"components": {"backbone": {"frozen": 894528, "total": 147686784, "trainable": 146792256}, "cwe_head": {"frozen": 90, "total": 90, "trainable": 0}, "latent_proj": {"frozen": 6152, "total": 6152, "trainable": 0}, "vul_head": {"frozen": 0, "total": 1538, "trainable": 1538}}, "cuda": "12.8", "fold": 4, "frozen_parameters": 900770, "gpu": "NVIDIA GeForce RTX 5060 Ti", "hyperparameters": {"adamw_anneal_lr": false, "adapter_dim": 0, "adapter_lr": 0.0001, "anneal_fun": "sigmoid", "anneal_k": 0.05, "anneal_t0_ratio": 0.05, "anneal_t0_steps": 43, "anneal_w": 1.0, "asam_eta": 0.01, "aux_class_balanced": false, "aux_mode": "latent_bottleneck", "aux_weight_lr": 0.01, "aux_weight_mode": "fixed", "batch_size": 16, "checkpoint_path": "model/fus2_codebert/transfer_latent_bottleneck_com_l0p05_ad48_fusft_adamw/seed_42/fold4/best.pt", "cwe_vocab": "precomputed", "data_path": "data/train_ccpp_filtered.jsonl", "data_root": "data/sven_python_folds_norm", "epochs": 30, "eval_batch_size": 16, "feat_distill_beta": 0.0, "feat_distill_mode": "cos", "fisher_path": null, "fold": 4, "freeze_backbone_layers": 0, "freeze_prototypes_steps": 0, "fusion_frozen_params": 900770, "fusion_src_random": false, "fusion_trainable_params": 146793794, "grad_checkpointing": false, "lambda_cwe": 0.05, "lambda_cwe_phase2_cli": 0.2, "latent_temperature": 0.1, "learning_rate": 2e-05, "lora_rank": 0, "lp_epochs": 0, "lp_learning_rate": 0.001, "max_eval_samples": null, "max_grad_norm": 1.0, "max_length": 512, "max_train_samples": null, "method_name": "transfer_latent_bottleneck_com_l0p05_ad48_fusft_adamw", "min_epochs": 3, "model_name": "microsoft/codebert-base", "num_cwes": 10, "num_latent": 8, "num_workers": 0, "output_dir": "results/fus2_codebert/transfer_latent_bottleneck_com_l0p05_ad48_fusft_adamw", "patience": 5, "phase": "phase2", "phase2_fusion": "ft", "phase2_gate": "off", "phase2_gate_alpha": 0.3, "phase2_gate_init": 0.0, "phase2_gate_lr": 0.01, "phase2_gate_proj": "learned", "phase2_lambda_cwe": 0.0, "phase2_optimizer": "adamw", "phase2_reinit_head": false, "phase2_steps_per_epoch": 29, "phase2_total_steps": 870, "pooling": "cls", "pretrain_cof": 5000.0, "recadam_anchor": "source", "recadam_anchor_head": "source", "replay_batch_size": 0, "replay_cwe_vocab": "fixed4", "replay_data": null, "replay_epochs": 0, "replay_lambda_cwe": 0.0, "replay_mu": 0.0, "replay_stratify": false, "result_path": "results/fus2_codebert/transfer_latent_bottleneck_com_l0p05_ad48_fusft_adamw/seed_42/fold4.json", "run_name": "fus2_codebert", "sam_rho": 0.0, "sam_variant": "sam", "seed": 42, "selection_metric": "macro_f1", "source_best_epoch": 12, "source_best_val_macro_f1": 0.5757736986787266, "source_checkpoint": "model/fus2/phase1/codebert__latent_bottleneck_com_l0p05_ad48/seed_42/best.pt", "source_eval_data": null, "source_interp_grid": null, "source_interpolation": 1.0, "source_lambda_cwe": 0.05, "source_sam_rho": 0.0, "spd_lambda": 1.0, "spd_replace_wd": false, "strict_determinism": false, "target_lang": "python", "test_path": null, "train_path": null, "truncation_strategy": "head_middle_tail", "val_path": null, "weight_decay": 0.01}, "mode": "phase2_train", "model_name": "microsoft/codebert-base", "seed": 42, "sklearn": "1.7.2", "torch": "2.11.0+cu128", "trainable_parameters": 146793794, "transformers": "4.57.1"}
2026-09-13 13:57:30 - INFO - Training started | Phase: phase2 | Epochs: 30
2026-09-13 13:57:31 - INFO - RecAdam first-step safety checks passed
2026-09-13 13:57:52 - INFO - Epoch 1/30 | Train loss: 0.600627 | Val loss: 0.669396 | LR: 2.00e-05 | Best epoch: 1 | Patience: 0 | Train: 19.59s | Validation: 2.14s | Epoch: 22.21s | Total: 22.21s
2026-09-13 13:57:52 - INFO - [Classification Report - split=train epoch=1 - threshold=0.50]
2026-09-13 13:57:52 - INFO -                 precision    recall  f1-score   support
2026-09-13 13:57:52 - INFO - 
2026-09-13 13:57:52 - INFO -       safe (0)     0.7341    0.5644    0.6382       225
2026-09-13 13:57:52 - INFO - vulnerable (1)     0.6537    0.8009    0.7198       231
2026-09-13 13:57:52 - INFO - 
2026-09-13 13:57:52 - INFO -       accuracy                         0.6842       456
2026-09-13 13:57:52 - INFO -      macro avg     0.6939    0.6827    0.6790       456
2026-09-13 13:57:52 - INFO -   weighted avg     0.6934    0.6842    0.6796       456
2026-09-13 13:57:52 - INFO - Confusion matrix - [[tn=127, fp=98], [fn=46, tp=185]]
2026-09-13 13:57:52 - INFO - probability_positive min=0.0053 mean=0.4831 std=0.2572 max=0.9970 predicted_0=173 predicted_1=283
2026-09-13 13:57:52 - INFO - [Classification Report - split=validation epoch=1 - threshold=0.50]
2026-09-13 13:57:52 - INFO -                 precision    recall  f1-score   support
2026-09-13 13:57:52 - INFO - 
2026-09-13 13:57:52 - INFO -       safe (0)     0.7344    0.6528    0.6912        72
2026-09-13 13:57:52 - INFO - vulnerable (1)     0.7159    0.7875    0.7500        80
2026-09-13 13:57:52 - INFO - 
2026-09-13 13:57:52 - INFO -       accuracy                         0.7237       152
2026-09-13 13:57:52 - INFO -      macro avg     0.7251    0.7201    0.7206       152
2026-09-13 13:57:52 - INFO -   weighted avg     0.7247    0.7237    0.7221       152
2026-09-13 13:57:52 - INFO - Confusion matrix - [[tn=47, fp=25], [fn=17, tp=63]]
2026-09-13 13:57:52 - INFO - probability_positive min=0.0044 mean=0.5213 std=0.3876 max=0.9839 predicted_0=64 predicted_1=88
2026-09-13 13:57:52 - INFO - New best model | Macro-F1: 0.720588 | Epoch: 1
2026-09-13 13:58:14 - INFO - Epoch 2/30 | Train loss: 0.487915 | Val loss: 0.635073 | LR: 2.00e-05 | Best epoch: 2 | Patience: 0 | Train: 19.14s | Validation: 2.15s | Epoch: 22.18s | Total: 44.40s
2026-09-13 13:58:14 - INFO - [Classification Report - split=train epoch=2 - threshold=0.50]
2026-09-13 13:58:14 - INFO -                 precision    recall  f1-score   support
2026-09-13 13:58:14 - INFO - 
2026-09-13 13:58:14 - INFO -       safe (0)     0.7854    0.7644    0.7748       225
2026-09-13 13:58:14 - INFO - vulnerable (1)     0.7764    0.7965    0.7863       231
2026-09-13 13:58:14 - INFO - 
2026-09-13 13:58:14 - INFO -       accuracy                         0.7807       456
2026-09-13 13:58:14 - INFO -      macro avg     0.7809    0.7805    0.7805       456
2026-09-13 13:58:14 - INFO -   weighted avg     0.7808    0.7807    0.7806       456
2026-09-13 13:58:14 - INFO - Confusion matrix - [[tn=172, fp=53], [fn=47, tp=184]]
2026-09-13 13:58:14 - INFO - probability_positive min=0.0040 mean=0.4999 std=0.3448 max=0.9920 predicted_0=219 predicted_1=237
2026-09-13 13:58:14 - INFO - [Classification Report - split=validation epoch=2 - threshold=0.50]
2026-09-13 13:58:14 - INFO -                 precision    recall  f1-score   support
2026-09-13 13:58:14 - INFO - 
2026-09-13 13:58:14 - INFO -       safe (0)     0.8400    0.5833    0.6885        72
2026-09-13 13:58:14 - INFO - vulnerable (1)     0.7059    0.9000    0.7912        80
2026-09-13 13:58:14 - INFO - 
2026-09-13 13:58:14 - INFO -       accuracy                         0.7500       152
2026-09-13 13:58:14 - INFO -      macro avg     0.7729    0.7417    0.7399       152
2026-09-13 13:58:14 - INFO -   weighted avg     0.7694    0.7500    0.7426       152
2026-09-13 13:58:14 - INFO - Confusion matrix - [[tn=42, fp=30], [fn=8, tp=72]]
2026-09-13 13:58:14 - INFO - probability_positive min=0.0084 mean=0.6099 std=0.3942 max=0.9980 predicted_0=50 predicted_1=102
2026-09-13 13:58:14 - INFO - New best model | Macro-F1: 0.739867 | Epoch: 2
2026-09-13 13:58:37 - INFO - Epoch 3/30 | Train loss: 0.354753 | Val loss: 0.801327 | LR: 2.00e-05 | Best epoch: 3 | Patience: 0 | Train: 19.16s | Validation: 2.14s | Epoch: 22.19s | Total: 66.62s
2026-09-13 13:58:37 - INFO - [Classification Report - split=train epoch=3 - threshold=0.50]
2026-09-13 13:58:37 - INFO -                 precision    recall  f1-score   support
2026-09-13 13:58:37 - INFO - 
2026-09-13 13:58:37 - INFO -       safe (0)     0.8939    0.7867    0.8369       225
2026-09-13 13:58:37 - INFO - vulnerable (1)     0.8140    0.9091    0.8589       231
2026-09-13 13:58:37 - INFO - 
2026-09-13 13:58:37 - INFO -       accuracy                         0.8487       456
2026-09-13 13:58:37 - INFO -      macro avg     0.8539    0.8479    0.8479       456
2026-09-13 13:58:37 - INFO -   weighted avg     0.8534    0.8487    0.8480       456
2026-09-13 13:58:37 - INFO - Confusion matrix - [[tn=177, fp=48], [fn=21, tp=210]]
2026-09-13 13:58:37 - INFO - probability_positive min=0.0004 mean=0.4995 std=0.3789 max=0.9970 predicted_0=198 predicted_1=258
2026-09-13 13:58:37 - INFO - [Classification Report - split=validation epoch=3 - threshold=0.50]
2026-09-13 13:58:37 - INFO -                 precision    recall  f1-score   support
2026-09-13 13:58:37 - INFO - 
2026-09-13 13:58:37 - INFO -       safe (0)     0.7761    0.7222    0.7482        72
2026-09-13 13:58:37 - INFO - vulnerable (1)     0.7647    0.8125    0.7879        80
2026-09-13 13:58:37 - INFO - 
2026-09-13 13:58:37 - INFO -       accuracy                         0.7697       152
2026-09-13 13:58:37 - INFO -      macro avg     0.7704    0.7674    0.7680       152
2026-09-13 13:58:37 - INFO -   weighted avg     0.7701    0.7697    0.7691       152
2026-09-13 13:58:37 - INFO - Confusion matrix - [[tn=52, fp=20], [fn=15, tp=65]]
2026-09-13 13:58:37 - INFO - probability_positive min=0.0007 mean=0.5363 std=0.4527 max=0.9990 predicted_0=67 predicted_1=85
2026-09-13 13:58:37 - INFO - New best model | Macro-F1: 0.768040 | Epoch: 3
2026-09-13 13:58:59 - INFO - Epoch 4/30 | Train loss: 0.362383 | Val loss: 0.663865 | LR: 2.00e-05 | Best epoch: 4 | Patience: 0 | Train: 19.19s | Validation: 2.15s | Epoch: 22.26s | Total: 88.90s
2026-09-13 13:58:59 - INFO - [Classification Report - split=train epoch=4 - threshold=0.50]
2026-09-13 13:58:59 - INFO -                 precision    recall  f1-score   support
2026-09-13 13:58:59 - INFO - 
2026-09-13 13:58:59 - INFO -       safe (0)     0.9104    0.8133    0.8592       225
2026-09-13 13:58:59 - INFO - vulnerable (1)     0.8353    0.9221    0.8765       231
2026-09-13 13:58:59 - INFO - 
2026-09-13 13:58:59 - INFO -       accuracy                         0.8684       456
2026-09-13 13:58:59 - INFO -      macro avg     0.8729    0.8677    0.8678       456
2026-09-13 13:58:59 - INFO -   weighted avg     0.8724    0.8684    0.8680       456
2026-09-13 13:58:59 - INFO - Confusion matrix - [[tn=183, fp=42], [fn=18, tp=213]]
2026-09-13 13:58:59 - INFO - probability_positive min=0.0007 mean=0.5269 std=0.4211 max=0.9995 predicted_0=201 predicted_1=255
2026-09-13 13:58:59 - INFO - [Classification Report - split=validation epoch=4 - threshold=0.50]
2026-09-13 13:58:59 - INFO -                 precision    recall  f1-score   support
2026-09-13 13:58:59 - INFO - 
2026-09-13 13:58:59 - INFO -       safe (0)     0.7945    0.8056    0.8000        72
2026-09-13 13:58:59 - INFO - vulnerable (1)     0.8228    0.8125    0.8176        80
2026-09-13 13:58:59 - INFO - 
2026-09-13 13:58:59 - INFO -       accuracy                         0.8092       152
2026-09-13 13:58:59 - INFO -      macro avg     0.8087    0.8090    0.8088       152
2026-09-13 13:58:59 - INFO -   weighted avg     0.8094    0.8092    0.8093       152
2026-09-13 13:58:59 - INFO - Confusion matrix - [[tn=58, fp=14], [fn=15, tp=65]]
2026-09-13 13:58:59 - INFO - probability_positive min=0.0019 mean=0.4792 std=0.4520 max=0.9977 predicted_0=73 predicted_1=79
2026-09-13 13:58:59 - INFO - New best model | Macro-F1: 0.808805 | Epoch: 4
2026-09-13 13:59:21 - INFO - Epoch 5/30 | Train loss: 0.249486 | Val loss: 0.531647 | LR: 2.00e-05 | Best epoch: 5 | Patience: 0 | Train: 19.15s | Validation: 2.15s | Epoch: 22.18s | Total: 111.11s
2026-09-13 13:59:21 - INFO - [Classification Report - split=train epoch=5 - threshold=0.50]
2026-09-13 13:59:21 - INFO -                 precision    recall  f1-score   support
2026-09-13 13:59:21 - INFO - 
2026-09-13 13:59:21 - INFO -       safe (0)     0.9363    0.8489    0.8904       225
2026-09-13 13:59:21 - INFO - vulnerable (1)     0.8651    0.9437    0.9027       231
2026-09-13 13:59:21 - INFO - 
2026-09-13 13:59:21 - INFO -       accuracy                         0.8969       456
2026-09-13 13:59:21 - INFO -      macro avg     0.9007    0.8963    0.8966       456
2026-09-13 13:59:21 - INFO -   weighted avg     0.9002    0.8969    0.8966       456
2026-09-13 13:59:21 - INFO - Confusion matrix - [[tn=191, fp=34], [fn=13, tp=218]]
2026-09-13 13:59:21 - INFO - probability_positive min=0.0005 mean=0.5113 std=0.4432 max=0.9992 predicted_0=204 predicted_1=252
2026-09-13 13:59:21 - INFO - [Classification Report - split=validation epoch=5 - threshold=0.50]
2026-09-13 13:59:21 - INFO -                 precision    recall  f1-score   support
2026-09-13 13:59:21 - INFO - 
2026-09-13 13:59:21 - INFO -       safe (0)     0.8333    0.7639    0.7971        72
2026-09-13 13:59:21 - INFO - vulnerable (1)     0.8023    0.8625    0.8313        80
2026-09-13 13:59:21 - INFO - 
2026-09-13 13:59:21 - INFO -       accuracy                         0.8158       152
2026-09-13 13:59:21 - INFO -      macro avg     0.8178    0.8132    0.8142       152
2026-09-13 13:59:21 - INFO -   weighted avg     0.8170    0.8158    0.8151       152
2026-09-13 13:59:21 - INFO - Confusion matrix - [[tn=55, fp=17], [fn=11, tp=69]]
2026-09-13 13:59:21 - INFO - probability_positive min=0.0081 mean=0.5731 std=0.4380 max=0.9989 predicted_0=66 predicted_1=86
2026-09-13 13:59:21 - INFO - New best model | Macro-F1: 0.814213 | Epoch: 5
2026-09-13 13:59:43 - INFO - Epoch 6/30 | Train loss: 0.180351 | Val loss: 0.864151 | LR: 2.00e-05 | Best epoch: 6 | Patience: 0 | Train: 19.17s | Validation: 2.15s | Epoch: 22.24s | Total: 133.38s
2026-09-13 13:59:43 - INFO - [Classification Report - split=train epoch=6 - threshold=0.50]
2026-09-13 13:59:43 - INFO -                 precision    recall  f1-score   support
2026-09-13 13:59:43 - INFO - 
2026-09-13 13:59:43 - INFO -       safe (0)     0.9757    0.8933    0.9327       225
2026-09-13 13:59:43 - INFO - vulnerable (1)     0.9040    0.9784    0.9397       231
2026-09-13 13:59:43 - INFO - 
2026-09-13 13:59:43 - INFO -       accuracy                         0.9364       456
2026-09-13 13:59:43 - INFO -      macro avg     0.9399    0.9358    0.9362       456
2026-09-13 13:59:43 - INFO -   weighted avg     0.9394    0.9364    0.9363       456
2026-09-13 13:59:43 - INFO - Confusion matrix - [[tn=201, fp=24], [fn=5, tp=226]]
2026-09-13 13:59:43 - INFO - probability_positive min=0.0002 mean=0.5211 std=0.4528 max=0.9994 predicted_0=206 predicted_1=250
2026-09-13 13:59:43 - INFO - [Classification Report - split=validation epoch=6 - threshold=0.50]
2026-09-13 13:59:43 - INFO -                 precision    recall  f1-score   support
2026-09-13 13:59:43 - INFO - 
2026-09-13 13:59:43 - INFO -       safe (0)     0.7895    0.8333    0.8108        72
2026-09-13 13:59:43 - INFO - vulnerable (1)     0.8421    0.8000    0.8205        80
2026-09-13 13:59:43 - INFO - 
2026-09-13 13:59:43 - INFO -       accuracy                         0.8158       152
2026-09-13 13:59:43 - INFO -      macro avg     0.8158    0.8167    0.8157       152
2026-09-13 13:59:43 - INFO -   weighted avg     0.8172    0.8158    0.8159       152
2026-09-13 13:59:43 - INFO - Confusion matrix - [[tn=60, fp=12], [fn=16, tp=64]]
2026-09-13 13:59:43 - INFO - probability_positive min=0.0001 mean=0.4887 std=0.4784 max=0.9998 predicted_0=76 predicted_1=76
2026-09-13 13:59:43 - INFO - New best model | Macro-F1: 0.815662 | Epoch: 6
2026-09-13 14:00:05 - INFO - Epoch 7/30 | Train loss: 0.204758 | Val loss: 0.743929 | LR: 2.00e-05 | Best epoch: 6 | Patience: 1 | Train: 19.17s | Validation: 2.15s | Epoch: 21.32s | Total: 154.73s
2026-09-13 14:00:05 - INFO - [Classification Report - split=train epoch=7 - threshold=0.50]
2026-09-13 14:00:05 - INFO -                 precision    recall  f1-score   support
2026-09-13 14:00:05 - INFO - 
2026-09-13 14:00:05 - INFO -       safe (0)     0.9535    0.9111    0.9318       225
2026-09-13 14:00:05 - INFO - vulnerable (1)     0.9170    0.9567    0.9364       231
2026-09-13 14:00:05 - INFO - 
2026-09-13 14:00:05 - INFO -       accuracy                         0.9342       456
2026-09-13 14:00:05 - INFO -      macro avg     0.9353    0.9339    0.9341       456
2026-09-13 14:00:05 - INFO -   weighted avg     0.9350    0.9342    0.9342       456
2026-09-13 14:00:05 - INFO - Confusion matrix - [[tn=205, fp=20], [fn=10, tp=221]]
2026-09-13 14:00:05 - INFO - probability_positive min=0.0001 mean=0.5187 std=0.4733 max=0.9998 predicted_0=215 predicted_1=241
2026-09-13 14:00:05 - INFO - [Classification Report - split=validation epoch=7 - threshold=0.50]
2026-09-13 14:00:05 - INFO -                 precision    recall  f1-score   support
2026-09-13 14:00:05 - INFO - 
2026-09-13 14:00:05 - INFO -       safe (0)     0.7531    0.8472    0.7974        72
2026-09-13 14:00:05 - INFO - vulnerable (1)     0.8451    0.7500    0.7947        80
2026-09-13 14:00:05 - INFO - 
2026-09-13 14:00:05 - INFO -       accuracy                         0.7961       152
2026-09-13 14:00:05 - INFO -      macro avg     0.7991    0.7986    0.7960       152
2026-09-13 14:00:05 - INFO -   weighted avg     0.8015    0.7961    0.7960       152
2026-09-13 14:00:05 - INFO - Confusion matrix - [[tn=61, fp=11], [fn=20, tp=60]]
2026-09-13 14:00:05 - INFO - probability_positive min=0.0002 mean=0.4516 std=0.4622 max=0.9993 predicted_0=81 predicted_1=71
2026-09-13 14:00:26 - INFO - Epoch 8/30 | Train loss: 0.239351 | Val loss: 1.088984 | LR: 2.00e-05 | Best epoch: 6 | Patience: 2 | Train: 19.16s | Validation: 2.14s | Epoch: 21.30s | Total: 176.04s
2026-09-13 14:00:26 - INFO - [Classification Report - split=train epoch=8 - threshold=0.50]
2026-09-13 14:00:26 - INFO -                 precision    recall  f1-score   support
2026-09-13 14:00:26 - INFO - 
2026-09-13 14:00:26 - INFO -       safe (0)     0.9513    0.9556    0.9534       225
2026-09-13 14:00:26 - INFO - vulnerable (1)     0.9565    0.9524    0.9544       231
2026-09-13 14:00:26 - INFO - 
2026-09-13 14:00:26 - INFO -       accuracy                         0.9539       456
2026-09-13 14:00:26 - INFO -      macro avg     0.9539    0.9540    0.9539       456
2026-09-13 14:00:26 - INFO -   weighted avg     0.9540    0.9539    0.9539       456
2026-09-13 14:00:26 - INFO - Confusion matrix - [[tn=215, fp=10], [fn=11, tp=220]]
2026-09-13 14:00:26 - INFO - probability_positive min=0.0000 mean=0.5030 std=0.4893 max=1.0000 predicted_0=226 predicted_1=230
2026-09-13 14:00:26 - INFO - [Classification Report - split=validation epoch=8 - threshold=0.50]
2026-09-13 14:00:26 - INFO -                 precision    recall  f1-score   support
2026-09-13 14:00:26 - INFO - 
2026-09-13 14:00:26 - INFO -       safe (0)     0.8235    0.7778    0.8000        72
2026-09-13 14:00:26 - INFO - vulnerable (1)     0.8095    0.8500    0.8293        80
2026-09-13 14:00:26 - INFO - 
2026-09-13 14:00:26 - INFO -       accuracy                         0.8158       152
2026-09-13 14:00:26 - INFO -      macro avg     0.8165    0.8139    0.8146       152
2026-09-13 14:00:26 - INFO -   weighted avg     0.8162    0.8158    0.8154       152
2026-09-13 14:00:26 - INFO - Confusion matrix - [[tn=56, fp=16], [fn=12, tp=68]]
2026-09-13 14:00:26 - INFO - probability_positive min=0.0002 mean=0.5607 std=0.4750 max=1.0000 predicted_0=68 predicted_1=84
2026-09-13 14:00:47 - INFO - Epoch 9/30 | Train loss: 0.201720 | Val loss: 1.147618 | LR: 2.00e-05 | Best epoch: 6 | Patience: 3 | Train: 19.17s | Validation: 2.14s | Epoch: 21.31s | Total: 197.36s
2026-09-13 14:00:47 - INFO - [Classification Report - split=train epoch=9 - threshold=0.50]
2026-09-13 14:00:47 - INFO -                 precision    recall  f1-score   support
2026-09-13 14:00:47 - INFO - 
2026-09-13 14:00:47 - INFO -       safe (0)     0.9589    0.9333    0.9459       225
2026-09-13 14:00:47 - INFO - vulnerable (1)     0.9367    0.9610    0.9487       231
2026-09-13 14:00:47 - INFO - 
2026-09-13 14:00:47 - INFO -       accuracy                         0.9474       456
2026-09-13 14:00:47 - INFO -      macro avg     0.9478    0.9472    0.9473       456
2026-09-13 14:00:47 - INFO -   weighted avg     0.9477    0.9474    0.9474       456
2026-09-13 14:00:47 - INFO - Confusion matrix - [[tn=210, fp=15], [fn=9, tp=222]]
2026-09-13 14:00:47 - INFO - probability_positive min=0.0001 mean=0.5215 std=0.4840 max=1.0000 predicted_0=219 predicted_1=237
2026-09-13 14:00:47 - INFO - [Classification Report - split=validation epoch=9 - threshold=0.50]
2026-09-13 14:00:47 - INFO -                 precision    recall  f1-score   support
2026-09-13 14:00:47 - INFO - 
2026-09-13 14:00:47 - INFO -       safe (0)     0.7442    0.8889    0.8101        72
2026-09-13 14:00:47 - INFO - vulnerable (1)     0.8788    0.7250    0.7945        80
2026-09-13 14:00:47 - INFO - 
2026-09-13 14:00:47 - INFO -       accuracy                         0.8026       152
2026-09-13 14:00:47 - INFO -      macro avg     0.8115    0.8069    0.8023       152
2026-09-13 14:00:47 - INFO -   weighted avg     0.8150    0.8026    0.8019       152
2026-09-13 14:00:47 - INFO - Confusion matrix - [[tn=64, fp=8], [fn=22, tp=58]]
2026-09-13 14:00:47 - INFO - probability_positive min=0.0001 mean=0.4304 std=0.4758 max=0.9998 predicted_0=86 predicted_1=66
2026-09-13 14:01:09 - INFO - Epoch 10/30 | Train loss: 0.144924 | Val loss: 0.937282 | LR: 2.00e-05 | Best epoch: 10 | Patience: 0 | Train: 19.18s | Validation: 2.14s | Epoch: 21.80s | Total: 219.17s
2026-09-13 14:01:09 - INFO - [Classification Report - split=train epoch=10 - threshold=0.50]
2026-09-13 14:01:09 - INFO -                 precision    recall  f1-score   support
2026-09-13 14:01:09 - INFO - 
2026-09-13 14:01:09 - INFO -       safe (0)     0.9513    0.9556    0.9534       225
2026-09-13 14:01:09 - INFO - vulnerable (1)     0.9565    0.9524    0.9544       231
2026-09-13 14:01:09 - INFO - 
2026-09-13 14:01:09 - INFO -       accuracy                         0.9539       456
2026-09-13 14:01:09 - INFO -      macro avg     0.9539    0.9540    0.9539       456
2026-09-13 14:01:09 - INFO -   weighted avg     0.9540    0.9539    0.9539       456
2026-09-13 14:01:09 - INFO - Confusion matrix - [[tn=215, fp=10], [fn=11, tp=220]]
2026-09-13 14:01:09 - INFO - probability_positive min=0.0001 mean=0.5071 std=0.4847 max=1.0000 predicted_0=226 predicted_1=230
2026-09-13 14:01:09 - INFO - [Classification Report - split=validation epoch=10 - threshold=0.50]
2026-09-13 14:01:09 - INFO -                 precision    recall  f1-score   support
2026-09-13 14:01:09 - INFO - 
2026-09-13 14:01:09 - INFO -       safe (0)     0.8451    0.8333    0.8392        72
2026-09-13 14:01:09 - INFO - vulnerable (1)     0.8519    0.8625    0.8571        80
2026-09-13 14:01:09 - INFO - 
2026-09-13 14:01:09 - INFO -       accuracy                         0.8487       152
2026-09-13 14:01:09 - INFO -      macro avg     0.8485    0.8479    0.8482       152
2026-09-13 14:01:09 - INFO -   weighted avg     0.8486    0.8487    0.8486       152
2026-09-13 14:01:09 - INFO - Confusion matrix - [[tn=60, fp=12], [fn=11, tp=69]]
2026-09-13 14:01:09 - INFO - probability_positive min=0.0001 mean=0.5314 std=0.4848 max=1.0000 predicted_0=71 predicted_1=81
2026-09-13 14:01:09 - INFO - New best model | Macro-F1: 0.848152 | Epoch: 10
2026-09-13 14:01:30 - INFO - Epoch 11/30 | Train loss: 0.174947 | Val loss: 1.108734 | LR: 2.00e-05 | Best epoch: 10 | Patience: 1 | Train: 19.18s | Validation: 2.15s | Epoch: 21.32s | Total: 240.50s
2026-09-13 14:01:30 - INFO - [Classification Report - split=train epoch=11 - threshold=0.50]
2026-09-13 14:01:30 - INFO -                 precision    recall  f1-score   support
2026-09-13 14:01:30 - INFO - 
2026-09-13 14:01:30 - INFO -       safe (0)     0.9815    0.9422    0.9615       225
2026-09-13 14:01:30 - INFO - vulnerable (1)     0.9458    0.9827    0.9639       231
2026-09-13 14:01:30 - INFO - 
2026-09-13 14:01:30 - INFO -       accuracy                         0.9627       456
2026-09-13 14:01:30 - INFO -      macro avg     0.9637    0.9625    0.9627       456
2026-09-13 14:01:30 - INFO -   weighted avg     0.9634    0.9627    0.9627       456
2026-09-13 14:01:30 - INFO - Confusion matrix - [[tn=212, fp=13], [fn=4, tp=227]]
2026-09-13 14:01:30 - INFO - probability_positive min=0.0001 mean=0.5261 std=0.4911 max=1.0000 predicted_0=216 predicted_1=240
2026-09-13 14:01:30 - INFO - [Classification Report - split=validation epoch=11 - threshold=0.50]
2026-09-13 14:01:30 - INFO -                 precision    recall  f1-score   support
2026-09-13 14:01:30 - INFO - 
2026-09-13 14:01:30 - INFO -       safe (0)     0.8108    0.8333    0.8219        72
2026-09-13 14:01:30 - INFO - vulnerable (1)     0.8462    0.8250    0.8354        80
2026-09-13 14:01:30 - INFO - 
2026-09-13 14:01:30 - INFO -       accuracy                         0.8289       152
2026-09-13 14:01:30 - INFO -      macro avg     0.8285    0.8292    0.8287       152
2026-09-13 14:01:30 - INFO -   weighted avg     0.8294    0.8289    0.8290       152
2026-09-13 14:01:30 - INFO - Confusion matrix - [[tn=60, fp=12], [fn=14, tp=66]]
2026-09-13 14:01:30 - INFO - probability_positive min=0.0000 mean=0.5096 std=0.4893 max=1.0000 predicted_0=74 predicted_1=78
2026-09-13 14:01:52 - INFO - Epoch 12/30 | Train loss: 0.131844 | Val loss: 0.893847 | LR: 2.00e-05 | Best epoch: 10 | Patience: 2 | Train: 19.16s | Validation: 2.15s | Epoch: 21.31s | Total: 261.82s
2026-09-13 14:01:52 - INFO - [Classification Report - split=train epoch=12 - threshold=0.50]
2026-09-13 14:01:52 - INFO -                 precision    recall  f1-score   support
2026-09-13 14:01:52 - INFO - 
2026-09-13 14:01:52 - INFO -       safe (0)     0.9515    0.9600    0.9558       225
2026-09-13 14:01:52 - INFO - vulnerable (1)     0.9607    0.9524    0.9565       231
2026-09-13 14:01:52 - INFO - 
2026-09-13 14:01:52 - INFO -       accuracy                         0.9561       456
2026-09-13 14:01:52 - INFO -      macro avg     0.9561    0.9562    0.9561       456
2026-09-13 14:01:52 - INFO -   weighted avg     0.9562    0.9561    0.9561       456
2026-09-13 14:01:52 - INFO - Confusion matrix - [[tn=216, fp=9], [fn=11, tp=220]]
2026-09-13 14:01:52 - INFO - probability_positive min=0.0000 mean=0.5017 std=0.4901 max=1.0000 predicted_0=227 predicted_1=229
2026-09-13 14:01:52 - INFO - [Classification Report - split=validation epoch=12 - threshold=0.50]
2026-09-13 14:01:52 - INFO -                 precision    recall  f1-score   support
2026-09-13 14:01:52 - INFO - 
2026-09-13 14:01:52 - INFO -       safe (0)     0.8429    0.8194    0.8310        72
2026-09-13 14:01:52 - INFO - vulnerable (1)     0.8415    0.8625    0.8519        80
2026-09-13 14:01:52 - INFO - 
2026-09-13 14:01:52 - INFO -       accuracy                         0.8421       152
2026-09-13 14:01:52 - INFO -      macro avg     0.8422    0.8410    0.8414       152
2026-09-13 14:01:52 - INFO -   weighted avg     0.8421    0.8421    0.8420       152
2026-09-13 14:01:52 - INFO - Confusion matrix - [[tn=59, fp=13], [fn=11, tp=69]]
2026-09-13 14:01:52 - INFO - probability_positive min=0.0001 mean=0.5331 std=0.4762 max=1.0000 predicted_0=70 predicted_1=82
2026-09-13 14:02:13 - INFO - Epoch 13/30 | Train loss: 0.187845 | Val loss: 1.064513 | LR: 2.00e-05 | Best epoch: 10 | Patience: 3 | Train: 19.16s | Validation: 2.15s | Epoch: 21.31s | Total: 283.14s
2026-09-13 14:02:13 - INFO - [Classification Report - split=train epoch=13 - threshold=0.50]
2026-09-13 14:02:13 - INFO -                 precision    recall  f1-score   support
2026-09-13 14:02:13 - INFO - 
2026-09-13 14:02:13 - INFO -       safe (0)     0.9507    0.9422    0.9464       225
2026-09-13 14:02:13 - INFO - vulnerable (1)     0.9442    0.9524    0.9483       231
2026-09-13 14:02:13 - INFO - 
2026-09-13 14:02:13 - INFO -       accuracy                         0.9474       456
2026-09-13 14:02:13 - INFO -      macro avg     0.9474    0.9473    0.9474       456
2026-09-13 14:02:13 - INFO -   weighted avg     0.9474    0.9474    0.9474       456
2026-09-13 14:02:13 - INFO - Confusion matrix - [[tn=212, fp=13], [fn=11, tp=220]]
2026-09-13 14:02:13 - INFO - probability_positive min=0.0001 mean=0.5101 std=0.4870 max=0.9999 predicted_0=223 predicted_1=233
2026-09-13 14:02:13 - INFO - [Classification Report - split=validation epoch=13 - threshold=0.50]
2026-09-13 14:02:13 - INFO -                 precision    recall  f1-score   support
2026-09-13 14:02:13 - INFO - 
2026-09-13 14:02:13 - INFO -       safe (0)     0.7975    0.8750    0.8344        72
2026-09-13 14:02:13 - INFO - vulnerable (1)     0.8767    0.8000    0.8366        80
2026-09-13 14:02:13 - INFO - 
2026-09-13 14:02:13 - INFO -       accuracy                         0.8355       152
2026-09-13 14:02:13 - INFO -      macro avg     0.8371    0.8375    0.8355       152
2026-09-13 14:02:13 - INFO -   weighted avg     0.8392    0.8355    0.8356       152
2026-09-13 14:02:13 - INFO - Confusion matrix - [[tn=63, fp=9], [fn=16, tp=64]]
2026-09-13 14:02:13 - INFO - probability_positive min=0.0001 mean=0.4805 std=0.4836 max=0.9995 predicted_0=79 predicted_1=73
2026-09-13 14:02:34 - INFO - Epoch 14/30 | Train loss: 0.141532 | Val loss: 0.920213 | LR: 2.00e-05 | Best epoch: 10 | Patience: 4 | Train: 19.17s | Validation: 2.13s | Epoch: 21.30s | Total: 304.45s
2026-09-13 14:02:34 - INFO - [Classification Report - split=train epoch=14 - threshold=0.50]
2026-09-13 14:02:34 - INFO -                 precision    recall  f1-score   support
2026-09-13 14:02:34 - INFO - 
2026-09-13 14:02:34 - INFO -       safe (0)     0.9595    0.9467    0.9530       225
2026-09-13 14:02:34 - INFO - vulnerable (1)     0.9487    0.9610    0.9548       231
2026-09-13 14:02:34 - INFO - 
2026-09-13 14:02:34 - INFO -       accuracy                         0.9539       456
2026-09-13 14:02:34 - INFO -      macro avg     0.9541    0.9539    0.9539       456
2026-09-13 14:02:34 - INFO -   weighted avg     0.9540    0.9539    0.9539       456
2026-09-13 14:02:34 - INFO - Confusion matrix - [[tn=213, fp=12], [fn=9, tp=222]]
2026-09-13 14:02:34 - INFO - probability_positive min=0.0001 mean=0.5036 std=0.4842 max=0.9997 predicted_0=222 predicted_1=234
2026-09-13 14:02:34 - INFO - [Classification Report - split=validation epoch=14 - threshold=0.50]
2026-09-13 14:02:34 - INFO -                 precision    recall  f1-score   support
2026-09-13 14:02:34 - INFO - 
2026-09-13 14:02:34 - INFO -       safe (0)     0.7895    0.8333    0.8108        72
2026-09-13 14:02:34 - INFO - vulnerable (1)     0.8421    0.8000    0.8205        80
2026-09-13 14:02:34 - INFO - 
2026-09-13 14:02:34 - INFO -       accuracy                         0.8158       152
2026-09-13 14:02:34 - INFO -      macro avg     0.8158    0.8167    0.8157       152
2026-09-13 14:02:34 - INFO -   weighted avg     0.8172    0.8158    0.8159       152
2026-09-13 14:02:34 - INFO - Confusion matrix - [[tn=60, fp=12], [fn=16, tp=64]]
2026-09-13 14:02:34 - INFO - probability_positive min=0.0003 mean=0.4925 std=0.4816 max=0.9998 predicted_0=76 predicted_1=76
2026-09-13 14:02:56 - INFO - Epoch 15/30 | Train loss: 0.116240 | Val loss: 1.265547 | LR: 2.00e-05 | Best epoch: 10 | Patience: 5 | Train: 19.18s | Validation: 2.15s | Epoch: 21.33s | Total: 325.79s
2026-09-13 14:02:56 - INFO - [Classification Report - split=train epoch=15 - threshold=0.50]
2026-09-13 14:02:56 - INFO -                 precision    recall  f1-score   support
2026-09-13 14:02:56 - INFO - 
2026-09-13 14:02:56 - INFO -       safe (0)     0.9819    0.9644    0.9731       225
2026-09-13 14:02:56 - INFO - vulnerable (1)     0.9660    0.9827    0.9742       231
2026-09-13 14:02:56 - INFO - 
2026-09-13 14:02:56 - INFO -       accuracy                         0.9737       456
2026-09-13 14:02:56 - INFO -      macro avg     0.9739    0.9736    0.9737       456
2026-09-13 14:02:56 - INFO -   weighted avg     0.9738    0.9737    0.9737       456
2026-09-13 14:02:56 - INFO - Confusion matrix - [[tn=217, fp=8], [fn=4, tp=227]]
2026-09-13 14:02:56 - INFO - probability_positive min=0.0001 mean=0.5142 std=0.4915 max=0.9999 predicted_0=221 predicted_1=235
2026-09-13 14:02:56 - INFO - [Classification Report - split=validation epoch=15 - threshold=0.50]
2026-09-13 14:02:56 - INFO -                 precision    recall  f1-score   support
2026-09-13 14:02:56 - INFO - 
2026-09-13 14:02:56 - INFO -       safe (0)     0.8615    0.7778    0.8175        72
2026-09-13 14:02:56 - INFO - vulnerable (1)     0.8161    0.8875    0.8503        80
2026-09-13 14:02:56 - INFO - 
2026-09-13 14:02:56 - INFO -       accuracy                         0.8355       152
2026-09-13 14:02:56 - INFO -      macro avg     0.8388    0.8326    0.8339       152
2026-09-13 14:02:56 - INFO -   weighted avg     0.8376    0.8355    0.8348       152
2026-09-13 14:02:56 - INFO - Confusion matrix - [[tn=56, fp=16], [fn=9, tp=71]]
2026-09-13 14:02:56 - INFO - probability_positive min=0.0000 mean=0.5753 std=0.4907 max=0.9999 predicted_0=65 predicted_1=87
2026-09-13 14:02:56 - INFO - Early stopping | Epoch: 15 | Best epoch: 10
2026-09-13 14:02:56 - INFO - Best checkpoint saved | Path: model/fus2_codebert/transfer_latent_bottleneck_com_l0p05_ad48_fusft_adamw/seed_42/fold4/best.pt | Epoch: 10 | Val macro_f1: 0.848152
2026-09-13 14:02:56 - INFO - Training finished | Elapsed: 325.80s
2026-09-13 14:02:56 - INFO - Runtime ghi lai | model/fus2_codebert/transfer_latent_bottleneck_com_l0p05_ad48_fusft_adamw/seed_42/fold4/best.pt.runtime.json | 15 epoch | 21.7s/epoch | NVIDIA GeForce RTX 5060 Ti
2026-09-13 14:02:56 - INFO - Run finished | Phase: phase2 | Fold: 4 | Seed: 42 | Elapsed: 328.41s
2026-09-13 14:03:02 - INFO - Using device: cuda
2026-09-13 14:03:02 - INFO - Run started | Run: fus2_codebert | Method: transfer_latent_bottleneck_com_l0p05_ad48_fusft_adamw | Phase: test | Fold: 4 | Seed: 42 | Device: cuda
2026-09-13 14:03:02 - INFO - Loading Python validation data: data/sven_python_folds_norm/fold4/val.jsonl
2026-09-13 14:03:02 - INFO - Loading Python test data: data/sven_python_folds_norm/fold4/test.jsonl
2026-09-13 14:03:02 - INFO - Data split: python_val | Total: 152 | Labels: {0: 72, 1: 80} | CWEs: {'CWE-022': 13, 'CWE-078': 44, 'CWE-079': 16, 'CWE-089': 79} | Languages: {'python': 152} | Invalid CWE: 0
2026-09-13 14:03:02 - INFO - Data split: python_test | Total: 152 | Labels: {0: 83, 1: 69} | CWEs: {'CWE-022': 11, 'CWE-078': 41, 'CWE-079': 13, 'CWE-089': 87} | Languages: {'python': 152} | Invalid CWE: 0
2026-09-13 14:03:03 - INFO - Auxiliary head width taken from checkpoint: 10
2026-09-13 14:03:04 - INFO - Dung lai adapter tu checkpoint | ten=['src', 'tgt'] | dim=48 | fusion=True
2026-09-13 14:03:04 - INFO - Environment: {"components": {"backbone": {"frozen": 0, "total": 147686784, "trainable": 147686784}, "cwe_head": {"frozen": 90, "total": 90, "trainable": 0}, "latent_proj": {"frozen": 6152, "total": 6152, "trainable": 0}, "vul_head": {"frozen": 0, "total": 1538, "trainable": 1538}}, "cuda": "12.8", "fold": 4, "frozen_parameters": 6242, "gpu": "NVIDIA GeForce RTX 5060 Ti", "hyperparameters": {"adamw_anneal_lr": false, "adapter_dim": 0, "adapter_lr": 0.0001, "anneal_fun": "sigmoid", "anneal_k": 0.05, "anneal_t0_ratio": 0.05, "anneal_w": 1.0, "asam_eta": 0.01, "aux_class_balanced": false, "aux_mode": "latent_bottleneck", "aux_weight_lr": 0.01, "aux_weight_mode": "fixed", "batch_size": 16, "checkpoint_path": "model/fus2_codebert/transfer_latent_bottleneck_com_l0p05_ad48_fusft_adamw/seed_42/fold4/best.pt", "cwe_vocab": "precomputed", "data_path": "data/train_ccpp_filtered.jsonl", "data_root": "data/sven_python_folds_norm", "epochs": 10, "eval_batch_size": 16, "feat_distill_beta": 0.0, "feat_distill_mode": "cos", "fisher_path": null, "fold": 4, "freeze_backbone_layers": 0, "freeze_prototypes_steps": 0, "fusion_src_random": false, "grad_checkpointing": false, "lambda_cwe": 0.2, "latent_temperature": 0.1, "learning_rate": 2e-05, "lora_rank": 0, "lp_epochs": 0, "lp_learning_rate": 0.001, "max_eval_samples": null, "max_grad_norm": 1.0, "max_length": 512, "max_train_samples": null, "method_name": "transfer_latent_bottleneck_com_l0p05_ad48_fusft_adamw", "min_epochs": 3, "model_name": "microsoft/codebert-base", "num_cwes": 10, "num_latent": 8, "num_workers": 0, "output_dir": "results/fus2_codebert/transfer_latent_bottleneck_com_l0p05_ad48_fusft_adamw", "patience": 5, "phase": "test", "phase2_fusion": "off", "phase2_gate": "off", "phase2_gate_alpha": 0.3, "phase2_gate_init": 0.0, "phase2_gate_lr": 0.01, "phase2_gate_proj": "learned", "phase2_lambda_cwe": 0.0, "phase2_optimizer": "recadam", "phase2_reinit_head": false, "pooling": "cls", "pretrain_cof": 5000.0, "recadam_anchor": "source", "recadam_anchor_head": "source", "replay_batch_size": 0, "replay_cwe_vocab": "fixed4", "replay_data": null, "replay_epochs": 0, "replay_lambda_cwe": 0.0, "replay_mu": 0.0, "replay_stratify": false, "result_path": "results/fus2_codebert/transfer_latent_bottleneck_com_l0p05_ad48_fusft_adamw/seed_42/fold4.json", "run_name": "fus2_codebert", "sam_rho": 0.0, "sam_variant": "sam", "seed": 42, "selection_metric": "macro_f1", "source_checkpoint": null, "source_eval_data": null, "source_interp_grid": null, "source_interpolation": 1.0, "spd_lambda": 1.0, "spd_replace_wd": false, "strict_determinism": false, "target_lang": "python", "test_path": null, "train_path": null, "truncation_strategy": "head_middle_tail", "val_path": null, "weight_decay": 0.01}, "mode": "test_inference_no_optimizer", "model_name": "microsoft/codebert-base", "seed": 42, "sklearn": "1.7.2", "torch": "2.11.0+cu128", "trainable_parameters": 147688322, "transformers": "4.57.1"}
2026-09-13 14:03:07 - INFO - Evaluation time | Split: validation+threshold | Seconds: 2.90
2026-09-13 14:03:07 - INFO - [Classification Report - split=validation - threshold=0.50]
2026-09-13 14:03:07 - INFO -                 precision    recall  f1-score   support
2026-09-13 14:03:07 - INFO - 
2026-09-13 14:03:07 - INFO -       safe (0)     0.8451    0.8333    0.8392        72
2026-09-13 14:03:07 - INFO - vulnerable (1)     0.8519    0.8625    0.8571        80
2026-09-13 14:03:07 - INFO - 
2026-09-13 14:03:07 - INFO -       accuracy                         0.8487       152
2026-09-13 14:03:07 - INFO -      macro avg     0.8485    0.8479    0.8482       152
2026-09-13 14:03:07 - INFO -   weighted avg     0.8486    0.8487    0.8486       152
2026-09-13 14:03:07 - INFO - Confusion matrix - [[tn=60, fp=12], [fn=11, tp=69]]
2026-09-13 14:03:07 - INFO - probability_positive min=0.0001 mean=0.5314 std=0.4848 max=1.0000 predicted_0=71 predicted_1=81
2026-09-13 14:03:07 - INFO - [Classification Report - split=validation_calibrated - threshold=0.65]
2026-09-13 14:03:07 - INFO -                 precision    recall  f1-score   support
2026-09-13 14:03:07 - INFO - 
2026-09-13 14:03:07 - INFO -       safe (0)     0.8356    0.8472    0.8414        72
2026-09-13 14:03:07 - INFO - vulnerable (1)     0.8608    0.8500    0.8553        80
2026-09-13 14:03:07 - INFO - 
2026-09-13 14:03:07 - INFO -       accuracy                         0.8487       152
2026-09-13 14:03:07 - INFO -      macro avg     0.8482    0.8486    0.8484       152
2026-09-13 14:03:07 - INFO -   weighted avg     0.8488    0.8487    0.8487       152
2026-09-13 14:03:07 - INFO - Confusion matrix - [[tn=61, fp=11], [fn=12, tp=68]]
2026-09-13 14:03:07 - INFO - probability_positive min=0.0001 mean=0.5314 std=0.4848 max=1.0000 predicted_0=73 predicted_1=79
2026-09-13 14:03:09 - INFO - Evaluation time | Split: test | Seconds: 2.15
2026-09-13 14:03:09 - INFO - [Classification Report - split=test - threshold=0.50]
2026-09-13 14:03:09 - INFO -                 precision    recall  f1-score   support
2026-09-13 14:03:09 - INFO - 
2026-09-13 14:03:09 - INFO -       safe (0)     0.8846    0.8313    0.8571        83
2026-09-13 14:03:09 - INFO - vulnerable (1)     0.8108    0.8696    0.8392        69
2026-09-13 14:03:09 - INFO - 
2026-09-13 14:03:09 - INFO -       accuracy                         0.8487       152
2026-09-13 14:03:09 - INFO -      macro avg     0.8477    0.8504    0.8482       152
2026-09-13 14:03:09 - INFO -   weighted avg     0.8511    0.8487    0.8490       152
2026-09-13 14:03:09 - INFO - Confusion matrix - [[tn=69, fp=14], [fn=9, tp=60]]
2026-09-13 14:03:09 - INFO - probability_positive min=0.0001 mean=0.4905 std=0.4916 max=1.0000 predicted_0=78 predicted_1=74
2026-09-13 14:03:09 - INFO - [Classification Report - split=test_valcal - threshold=0.65]
2026-09-13 14:03:09 - INFO -                 precision    recall  f1-score   support
2026-09-13 14:03:09 - INFO - 
2026-09-13 14:03:09 - INFO -       safe (0)     0.8846    0.8313    0.8571        83
2026-09-13 14:03:09 - INFO - vulnerable (1)     0.8108    0.8696    0.8392        69
2026-09-13 14:03:09 - INFO - 
2026-09-13 14:03:09 - INFO -       accuracy                         0.8487       152
2026-09-13 14:03:09 - INFO -      macro avg     0.8477    0.8504    0.8482       152
2026-09-13 14:03:09 - INFO -   weighted avg     0.8511    0.8487    0.8490       152
2026-09-13 14:03:09 - INFO - Confusion matrix - [[tn=69, fp=14], [fn=9, tp=60]]
2026-09-13 14:03:09 - INFO - probability_positive min=0.0001 mean=0.4905 std=0.4916 max=1.0000 predicted_0=78 predicted_1=74
2026-09-13 14:03:09 - INFO - [Classification Report - split=test_at_0.5_CWE-022 - threshold=0.50]
2026-09-13 14:03:09 - INFO -                 precision    recall  f1-score   support
2026-09-13 14:03:09 - INFO - 
2026-09-13 14:03:09 - INFO -       safe (0)     1.0000    0.6250    0.7692         8
2026-09-13 14:03:09 - INFO - vulnerable (1)     0.5000    1.0000    0.6667         3
2026-09-13 14:03:09 - INFO - 
2026-09-13 14:03:09 - INFO -       accuracy                         0.7273        11
2026-09-13 14:03:09 - INFO -      macro avg     0.7500    0.8125    0.7179        11
2026-09-13 14:03:09 - INFO -   weighted avg     0.8636    0.7273    0.7413        11
2026-09-13 14:03:09 - INFO - Confusion matrix - [[tn=5, fp=3], [fn=0, tp=3]]
2026-09-13 14:03:09 - INFO - probability_positive min=0.0002 mean=0.5626 std=0.4767 max=0.9999 predicted_0=5 predicted_1=6
2026-09-13 14:03:09 - INFO - [Classification Report - split=test_at_0.5_CWE-078 - threshold=0.50]
2026-09-13 14:03:09 - INFO -                 precision    recall  f1-score   support
2026-09-13 14:03:09 - INFO - 
2026-09-13 14:03:09 - INFO -       safe (0)     0.7500    0.7200    0.7347        25
2026-09-13 14:03:09 - INFO - vulnerable (1)     0.5882    0.6250    0.6061        16
2026-09-13 14:03:09 - INFO - 
2026-09-13 14:03:09 - INFO -       accuracy                         0.6829        41
2026-09-13 14:03:09 - INFO -      macro avg     0.6691    0.6725    0.6704        41
2026-09-13 14:03:09 - INFO -   weighted avg     0.6869    0.6829    0.6845        41
2026-09-13 14:03:09 - INFO - Confusion matrix - [[tn=18, fp=7], [fn=6, tp=10]]
2026-09-13 14:03:09 - INFO - probability_positive min=0.0001 mean=0.4264 std=0.4820 max=1.0000 predicted_0=24 predicted_1=17
2026-09-13 14:03:09 - INFO - [Classification Report - split=test_at_0.5_CWE-079 - threshold=0.50]
2026-09-13 14:03:09 - INFO -                 precision    recall  f1-score   support
2026-09-13 14:03:09 - INFO - 
2026-09-13 14:03:09 - INFO -       safe (0)     1.0000    0.7778    0.8750         9
2026-09-13 14:03:09 - INFO - vulnerable (1)     0.6667    1.0000    0.8000         4
2026-09-13 14:03:09 - INFO - 
2026-09-13 14:03:09 - INFO -       accuracy                         0.8462        13
2026-09-13 14:03:09 - INFO -      macro avg     0.8333    0.8889    0.8375        13
2026-09-13 14:03:09 - INFO -   weighted avg     0.8974    0.8462    0.8519        13
2026-09-13 14:03:09 - INFO - Confusion matrix - [[tn=7, fp=2], [fn=0, tp=4]]
2026-09-13 14:03:09 - INFO - probability_positive min=0.0001 mean=0.4698 std=0.4845 max=0.9999 predicted_0=7 predicted_1=6
2026-09-13 14:03:09 - INFO - [Classification Report - split=test_at_0.5_CWE-089 - threshold=0.50]
2026-09-13 14:03:09 - INFO -                 precision    recall  f1-score   support
2026-09-13 14:03:09 - INFO - 
2026-09-13 14:03:09 - INFO -       safe (0)     0.9286    0.9512    0.9398        41
2026-09-13 14:03:09 - INFO - vulnerable (1)     0.9556    0.9348    0.9451        46
2026-09-13 14:03:09 - INFO - 
2026-09-13 14:03:09 - INFO -       accuracy                         0.9425        87
2026-09-13 14:03:09 - INFO -      macro avg     0.9421    0.9430    0.9424        87
2026-09-13 14:03:09 - INFO -   weighted avg     0.9428    0.9425    0.9426        87
2026-09-13 14:03:09 - INFO - Confusion matrix - [[tn=39, fp=2], [fn=3, tp=43]]
2026-09-13 14:03:09 - INFO - probability_positive min=0.0001 mean=0.5147 std=0.4957 max=1.0000 predicted_0=42 predicted_1=45
2026-09-13 14:03:09 - INFO - [Classification Report - split=test_at_valcal_CWE-022 - threshold=0.65]
2026-09-13 14:03:09 - INFO -                 precision    recall  f1-score   support
2026-09-13 14:03:09 - INFO - 
2026-09-13 14:03:09 - INFO -       safe (0)     1.0000    0.6250    0.7692         8
2026-09-13 14:03:09 - INFO - vulnerable (1)     0.5000    1.0000    0.6667         3
2026-09-13 14:03:09 - INFO - 
2026-09-13 14:03:09 - INFO -       accuracy                         0.7273        11
2026-09-13 14:03:09 - INFO -      macro avg     0.7500    0.8125    0.7179        11
2026-09-13 14:03:09 - INFO -   weighted avg     0.8636    0.7273    0.7413        11
2026-09-13 14:03:09 - INFO - Confusion matrix - [[tn=5, fp=3], [fn=0, tp=3]]
2026-09-13 14:03:09 - INFO - probability_positive min=0.0002 mean=0.5626 std=0.4767 max=0.9999 predicted_0=5 predicted_1=6
2026-09-13 14:03:09 - INFO - [Classification Report - split=test_at_valcal_CWE-078 - threshold=0.65]
2026-09-13 14:03:09 - INFO -                 precision    recall  f1-score   support
2026-09-13 14:03:09 - INFO - 
2026-09-13 14:03:09 - INFO -       safe (0)     0.7500    0.7200    0.7347        25
2026-09-13 14:03:09 - INFO - vulnerable (1)     0.5882    0.6250    0.6061        16
2026-09-13 14:03:09 - INFO - 
2026-09-13 14:03:09 - INFO -       accuracy                         0.6829        41
2026-09-13 14:03:09 - INFO -      macro avg     0.6691    0.6725    0.6704        41
2026-09-13 14:03:09 - INFO -   weighted avg     0.6869    0.6829    0.6845        41
2026-09-13 14:03:09 - INFO - Confusion matrix - [[tn=18, fp=7], [fn=6, tp=10]]
2026-09-13 14:03:09 - INFO - probability_positive min=0.0001 mean=0.4264 std=0.4820 max=1.0000 predicted_0=24 predicted_1=17
2026-09-13 14:03:09 - INFO - [Classification Report - split=test_at_valcal_CWE-079 - threshold=0.65]
2026-09-13 14:03:09 - INFO -                 precision    recall  f1-score   support
2026-09-13 14:03:09 - INFO - 
2026-09-13 14:03:09 - INFO -       safe (0)     1.0000    0.7778    0.8750         9
2026-09-13 14:03:09 - INFO - vulnerable (1)     0.6667    1.0000    0.8000         4
2026-09-13 14:03:09 - INFO - 
2026-09-13 14:03:09 - INFO -       accuracy                         0.8462        13
2026-09-13 14:03:09 - INFO -      macro avg     0.8333    0.8889    0.8375        13
2026-09-13 14:03:09 - INFO -   weighted avg     0.8974    0.8462    0.8519        13
2026-09-13 14:03:09 - INFO - Confusion matrix - [[tn=7, fp=2], [fn=0, tp=4]]
2026-09-13 14:03:09 - INFO - probability_positive min=0.0001 mean=0.4698 std=0.4845 max=0.9999 predicted_0=7 predicted_1=6
2026-09-13 14:03:09 - INFO - [Classification Report - split=test_at_valcal_CWE-089 - threshold=0.65]
2026-09-13 14:03:09 - INFO -                 precision    recall  f1-score   support
2026-09-13 14:03:09 - INFO - 
2026-09-13 14:03:09 - INFO -       safe (0)     0.9286    0.9512    0.9398        41
2026-09-13 14:03:09 - INFO - vulnerable (1)     0.9556    0.9348    0.9451        46
2026-09-13 14:03:09 - INFO - 
2026-09-13 14:03:09 - INFO -       accuracy                         0.9425        87
2026-09-13 14:03:09 - INFO -      macro avg     0.9421    0.9430    0.9424        87
2026-09-13 14:03:09 - INFO -   weighted avg     0.9428    0.9425    0.9426        87
2026-09-13 14:03:09 - INFO - Confusion matrix - [[tn=39, fp=2], [fn=3, tp=43]]
2026-09-13 14:03:09 - INFO - probability_positive min=0.0001 mean=0.5147 std=0.4957 max=1.0000 predicted_0=42 predicted_1=45
2026-09-13 14:03:10 - INFO - Test result saved: results/fus2_codebert/transfer_latent_bottleneck_com_l0p05_ad48_fusft_adamw/seed_42/fold4.json
2026-09-13 14:03:10 - INFO - Run finished | Phase: test | Fold: 4 | Seed: 42 | Elapsed: 7.53s
