2026-08-21 06:17:41 - INFO - Using device: cuda
2026-08-21 06:17:41 - INFO - Run started | Run: headroom_js_t5p | Method: transfer_cwe | Phase: phase2 | Fold: 5 | Seed: 42 | Device: cuda
2026-08-21 06:17:41 - INFO - Loading Python training data: data/js_twin/fold5/train.jsonl
2026-08-21 06:17:41 - INFO - Loading Python validation data: data/js_twin/fold5/val.jsonl
2026-08-21 06:17:41 - INFO - Data split: python_train | Total: 682 | Labels: {0: 341, 1: 341} | CWEs: {'CWE-022': 43, 'CWE-078': 85, 'CWE-079': 479, 'CWE-089': 75} | Languages: {'js': 682} | Invalid CWE: 0
2026-08-21 06:17:41 - INFO - Data split: python_val | Total: 230 | Labels: {0: 117, 1: 113} | CWEs: {'CWE-022': 15, 'CWE-078': 29, 'CWE-079': 160, 'CWE-089': 26} | Languages: {'js': 230} | Invalid CWE: 0
2026-08-21 06:17:42 - INFO - Auxiliary head width taken from checkpoint: 73
2026-08-21 06:17:44 - INFO - Loaded source checkpoint: model/headroom_js_t5p/transfer_cwe/seed_42/source/best.pt | Best epoch: 13 | Best Val Macro-F1: 0.559824
2026-08-21 06:17:44 - INFO - RecAdam schedule | Total steps: 1290 | Steps/epoch: 43 | Anneal t0: 64 | Weights: {1: 0.041091278200464994, 43: 0.259225100817846, 64: 0.5, 1290: 1.0}
2026-08-21 06:17:44 - INFO - Environment: {"components": {"backbone": {"frozen": 0, "total": 109607040, "trainable": 109607040}, "cwe_head": {"frozen": 56137, "total": 56137, "trainable": 0}, "vul_head": {"frozen": 0, "total": 1538, "trainable": 1538}}, "cuda": "12.8", "fold": 5, "frozen_parameters": 56137, "gpu": "NVIDIA GeForce RTX 4070 Ti SUPER", "hyperparameters": {"anneal_fun": "sigmoid", "anneal_k": 0.05, "anneal_t0_ratio": 0.05, "anneal_w": 1.0, "aux_mode": "cwe", "batch_size": 16, "checkpoint_path": "model/headroom_js_t5p/transfer_cwe/seed_42/fold5/best.pt", "cwe_vocab": "source", "data_path": "data/train_ccpp_filtered.jsonl", "data_root": "data/js_twin", "epochs": 30, "eval_batch_size": 16, "fold": 5, "freeze_backbone_layers": 0, "freeze_prototypes_steps": 0, "lambda_cwe": 0.2, "latent_temperature": 0.1, "learning_rate": 2e-05, "lora_rank": 0, "lp_epochs": 0, "lp_learning_rate": 0.001, "max_eval_samples": null, "max_grad_norm": 1.0, "max_length": 512, "max_train_samples": null, "method_name": "transfer_cwe", "min_epochs": 3, "model_name": "Salesforce/codet5p-220m", "num_cwes": 73, "num_latent": 8, "num_workers": 0, "output_dir": "results/headroom_js_t5p/transfer_cwe", "patience": 5, "phase": "phase2", "phase2_optimizer": "recadam", "pooling": "cls", "pretrain_cof": 5000.0, "result_path": "results/headroom_js_t5p/transfer_cwe/seed_42/fold5.json", "run_name": "headroom_js_t5p", "seed": 42, "selection_metric": "macro_f1", "source_checkpoint": "model/headroom_js_t5p/transfer_cwe/seed_42/source/best.pt", "source_interpolation": 1.0, "strict_determinism": false, "target_lang": "js", "test_path": null, "train_path": null, "truncation_strategy": "head_middle_tail", "val_path": null, "weight_decay": 0.01}, "mode": "phase2_train", "model_name": "Salesforce/codet5p-220m", "seed": 42, "sklearn": "1.7.2", "torch": "2.11.0+cu128", "trainable_parameters": 109608578, "transformers": "4.57.1"}
2026-08-21 06:17:44 - INFO - Training started | Phase: phase2 | Epochs: 30
2026-08-21 06:17:44 - INFO - RecAdam first-step safety checks passed
2026-08-21 06:18:01 - INFO - Epoch 1/30 | Train loss: 0.794925 | Val loss: 0.801630 | LR: 2.00e-05 | Best epoch: 1 | Patience: 0 | Train: 14.92s | Validation: 1.63s | Epoch: 16.83s | Total: 16.83s
2026-08-21 06:18:01 - INFO - RecAdam target-task weight at epoch end: 0.259225
2026-08-21 06:18:01 - INFO - [Classification Report - split=train epoch=1 - threshold=0.50]
2026-08-21 06:18:01 - INFO -                 precision    recall  f1-score   support
2026-08-21 06:18:01 - INFO - 
2026-08-21 06:18:01 - INFO -       safe (0)     0.5667    0.3490    0.4319       341
2026-08-21 06:18:01 - INFO - vulnerable (1)     0.5297    0.7331    0.6150       341
2026-08-21 06:18:01 - INFO - 
2026-08-21 06:18:01 - INFO -       accuracy                         0.5411       682
2026-08-21 06:18:01 - INFO -      macro avg     0.5482    0.5411    0.5235       682
2026-08-21 06:18:01 - INFO -   weighted avg     0.5482    0.5411    0.5235       682
2026-08-21 06:18:01 - INFO - Confusion matrix - [[tn=119, fp=222], [fn=91, tp=250]]
2026-08-21 06:18:01 - INFO - probability_positive min=0.0217 mean=0.5603 std=0.2180 max=0.9253 predicted_0=210 predicted_1=472
2026-08-21 06:18:01 - INFO - [Classification Report - split=validation epoch=1 - threshold=0.50]
2026-08-21 06:18:01 - INFO -                 precision    recall  f1-score   support
2026-08-21 06:18:01 - INFO - 
2026-08-21 06:18:01 - INFO -       safe (0)     0.5443    0.3675    0.4388       117
2026-08-21 06:18:01 - INFO - vulnerable (1)     0.5099    0.6814    0.5833       113
2026-08-21 06:18:01 - INFO - 
2026-08-21 06:18:01 - INFO -       accuracy                         0.5217       230
2026-08-21 06:18:01 - INFO -      macro avg     0.5271    0.5245    0.5111       230
2026-08-21 06:18:01 - INFO -   weighted avg     0.5274    0.5217    0.5098       230
2026-08-21 06:18:01 - INFO - Confusion matrix - [[tn=43, fp=74], [fn=36, tp=77]]
2026-08-21 06:18:01 - INFO - probability_positive min=0.0160 mean=0.5480 std=0.2273 max=0.8960 predicted_0=79 predicted_1=151
2026-08-21 06:18:01 - INFO - New best model | Macro-F1: 0.511054 | Epoch: 1
2026-08-21 06:18:17 - INFO - Epoch 2/30 | Train loss: 0.745430 | Val loss: 0.731624 | LR: 2.00e-05 | Best epoch: 2 | Patience: 0 | Train: 14.79s | Validation: 1.64s | Epoch: 16.86s | Total: 33.70s
2026-08-21 06:18:17 - INFO - RecAdam target-task weight at epoch end: 0.750260
2026-08-21 06:18:17 - INFO - [Classification Report - split=train epoch=2 - threshold=0.50]
2026-08-21 06:18:17 - INFO -                 precision    recall  f1-score   support
2026-08-21 06:18:17 - INFO - 
2026-08-21 06:18:17 - INFO -       safe (0)     0.5511    0.4428    0.4911       341
2026-08-21 06:18:17 - INFO - vulnerable (1)     0.5343    0.6393    0.5821       341
2026-08-21 06:18:17 - INFO - 
2026-08-21 06:18:17 - INFO -       accuracy                         0.5411       682
2026-08-21 06:18:17 - INFO -      macro avg     0.5427    0.5411    0.5366       682
2026-08-21 06:18:17 - INFO -   weighted avg     0.5427    0.5411    0.5366       682
2026-08-21 06:18:17 - INFO - Confusion matrix - [[tn=151, fp=190], [fn=123, tp=218]]
2026-08-21 06:18:17 - INFO - probability_positive min=0.0324 mean=0.5193 std=0.1747 max=0.8747 predicted_0=274 predicted_1=408
2026-08-21 06:18:17 - INFO - [Classification Report - split=validation epoch=2 - threshold=0.50]
2026-08-21 06:18:17 - INFO -                 precision    recall  f1-score   support
2026-08-21 06:18:17 - INFO - 
2026-08-21 06:18:17 - INFO -       safe (0)     0.5750    0.3932    0.4670       117
2026-08-21 06:18:17 - INFO - vulnerable (1)     0.5267    0.6991    0.6008       113
2026-08-21 06:18:17 - INFO - 
2026-08-21 06:18:17 - INFO -       accuracy                         0.5435       230
2026-08-21 06:18:17 - INFO -      macro avg     0.5508    0.5461    0.5339       230
2026-08-21 06:18:17 - INFO -   weighted avg     0.5513    0.5435    0.5327       230
2026-08-21 06:18:17 - INFO - Confusion matrix - [[tn=46, fp=71], [fn=34, tp=79]]
2026-08-21 06:18:17 - INFO - probability_positive min=0.0461 mean=0.5211 std=0.1573 max=0.7819 predicted_0=80 predicted_1=150
2026-08-21 06:18:17 - INFO - New best model | Macro-F1: 0.533883 | Epoch: 2
2026-08-21 06:18:34 - INFO - Epoch 3/30 | Train loss: 0.718697 | Val loss: 0.702140 | LR: 2.00e-05 | Best epoch: 2 | Patience: 1 | Train: 14.79s | Validation: 1.64s | Epoch: 16.43s | Total: 50.15s
2026-08-21 06:18:34 - INFO - RecAdam target-task weight at epoch end: 0.962673
2026-08-21 06:18:34 - INFO - [Classification Report - split=train epoch=3 - threshold=0.50]
2026-08-21 06:18:34 - INFO -                 precision    recall  f1-score   support
2026-08-21 06:18:34 - INFO - 
2026-08-21 06:18:34 - INFO -       safe (0)     0.5137    0.4956    0.5045       341
2026-08-21 06:18:34 - INFO - vulnerable (1)     0.5127    0.5308    0.5216       341
2026-08-21 06:18:34 - INFO - 
2026-08-21 06:18:34 - INFO -       accuracy                         0.5132       682
2026-08-21 06:18:34 - INFO -      macro avg     0.5132    0.5132    0.5130       682
2026-08-21 06:18:34 - INFO -   weighted avg     0.5132    0.5132    0.5130       682
2026-08-21 06:18:34 - INFO - Confusion matrix - [[tn=169, fp=172], [fn=160, tp=181]]
2026-08-21 06:18:34 - INFO - probability_positive min=0.0569 mean=0.5064 std=0.1262 max=0.8402 predicted_0=329 predicted_1=353
2026-08-21 06:18:34 - INFO - [Classification Report - split=validation epoch=3 - threshold=0.50]
2026-08-21 06:18:34 - INFO -                 precision    recall  f1-score   support
2026-08-21 06:18:34 - INFO - 
2026-08-21 06:18:34 - INFO -       safe (0)     0.5078    0.8376    0.6323       117
2026-08-21 06:18:34 - INFO - vulnerable (1)     0.4865    0.1593    0.2400       113
2026-08-21 06:18:34 - INFO - 
2026-08-21 06:18:34 - INFO -       accuracy                         0.5043       230
2026-08-21 06:18:34 - INFO -      macro avg     0.4971    0.4984    0.4361       230
2026-08-21 06:18:34 - INFO -   weighted avg     0.4973    0.5043    0.4395       230
2026-08-21 06:18:34 - INFO - Confusion matrix - [[tn=98, fp=19], [fn=95, tp=18]]
2026-08-21 06:18:34 - INFO - probability_positive min=0.0910 mean=0.4350 std=0.0654 max=0.5756 predicted_0=193 predicted_1=37
2026-08-21 06:18:50 - INFO - Epoch 4/30 | Train loss: 0.700060 | Val loss: 0.716105 | LR: 2.00e-05 | Best epoch: 2 | Patience: 2 | Train: 14.80s | Validation: 1.64s | Epoch: 16.44s | Total: 66.60s
2026-08-21 06:18:50 - INFO - RecAdam target-task weight at epoch end: 0.995504
2026-08-21 06:18:50 - INFO - [Classification Report - split=train epoch=4 - threshold=0.50]
2026-08-21 06:18:50 - INFO -                 precision    recall  f1-score   support
2026-08-21 06:18:50 - INFO - 
2026-08-21 06:18:50 - INFO -       safe (0)     0.5212    0.5044    0.5127       341
2026-08-21 06:18:50 - INFO - vulnerable (1)     0.5199    0.5367    0.5281       341
2026-08-21 06:18:50 - INFO - 
2026-08-21 06:18:50 - INFO -       accuracy                         0.5205       682
2026-08-21 06:18:50 - INFO -      macro avg     0.5205    0.5205    0.5204       682
2026-08-21 06:18:50 - INFO -   weighted avg     0.5205    0.5205    0.5204       682
2026-08-21 06:18:50 - INFO - Confusion matrix - [[tn=172, fp=169], [fn=158, tp=183]]
2026-08-21 06:18:50 - INFO - probability_positive min=0.0505 mean=0.4975 std=0.1190 max=0.7735 predicted_0=330 predicted_1=352
2026-08-21 06:18:50 - INFO - [Classification Report - split=validation epoch=4 - threshold=0.50]
2026-08-21 06:18:50 - INFO -                 precision    recall  f1-score   support
2026-08-21 06:18:50 - INFO - 
2026-08-21 06:18:50 - INFO -       safe (0)     0.5532    0.2222    0.3171       117
2026-08-21 06:18:50 - INFO - vulnerable (1)     0.5027    0.8142    0.6216       113
2026-08-21 06:18:50 - INFO - 
2026-08-21 06:18:50 - INFO -       accuracy                         0.5130       230
2026-08-21 06:18:50 - INFO -      macro avg     0.5280    0.5182    0.4693       230
2026-08-21 06:18:50 - INFO -   weighted avg     0.5284    0.5130    0.4667       230
2026-08-21 06:18:50 - INFO - Confusion matrix - [[tn=26, fp=91], [fn=21, tp=92]]
2026-08-21 06:18:50 - INFO - probability_positive min=0.0775 mean=0.5647 std=0.1105 max=0.7502 predicted_0=47 predicted_1=183
2026-08-21 06:19:07 - INFO - Epoch 5/30 | Train loss: 0.662557 | Val loss: 0.718563 | LR: 2.00e-05 | Best epoch: 5 | Patience: 0 | Train: 14.81s | Validation: 1.64s | Epoch: 16.88s | Total: 83.48s
2026-08-21 06:19:07 - INFO - RecAdam target-task weight at epoch end: 0.999474
2026-08-21 06:19:07 - INFO - [Classification Report - split=train epoch=5 - threshold=0.50]
2026-08-21 06:19:07 - INFO -                 precision    recall  f1-score   support
2026-08-21 06:19:07 - INFO - 
2026-08-21 06:19:07 - INFO -       safe (0)     0.6113    0.5073    0.5545       341
2026-08-21 06:19:07 - INFO - vulnerable (1)     0.5789    0.6774    0.6243       341
2026-08-21 06:19:07 - INFO - 
2026-08-21 06:19:07 - INFO -       accuracy                         0.5924       682
2026-08-21 06:19:07 - INFO -      macro avg     0.5951    0.5924    0.5894       682
2026-08-21 06:19:07 - INFO -   weighted avg     0.5951    0.5924    0.5894       682
2026-08-21 06:19:07 - INFO - Confusion matrix - [[tn=173, fp=168], [fn=110, tp=231]]
2026-08-21 06:19:07 - INFO - probability_positive min=0.0316 mean=0.5094 std=0.1405 max=0.8193 predicted_0=283 predicted_1=399
2026-08-21 06:19:07 - INFO - [Classification Report - split=validation epoch=5 - threshold=0.50]
2026-08-21 06:19:07 - INFO -                 precision    recall  f1-score   support
2026-08-21 06:19:07 - INFO - 
2026-08-21 06:19:07 - INFO -       safe (0)     0.5763    0.5812    0.5787       117
2026-08-21 06:19:07 - INFO - vulnerable (1)     0.5625    0.5575    0.5600       113
2026-08-21 06:19:07 - INFO - 
2026-08-21 06:19:07 - INFO -       accuracy                         0.5696       230
2026-08-21 06:19:07 - INFO -      macro avg     0.5694    0.5694    0.5694       230
2026-08-21 06:19:07 - INFO -   weighted avg     0.5695    0.5696    0.5695       230
2026-08-21 06:19:07 - INFO - Confusion matrix - [[tn=68, fp=49], [fn=50, tp=63]]
2026-08-21 06:19:07 - INFO - probability_positive min=0.0419 mean=0.4652 std=0.1516 max=0.7334 predicted_0=118 predicted_1=112
2026-08-21 06:19:07 - INFO - New best model | Macro-F1: 0.569362 | Epoch: 5
2026-08-21 06:19:24 - INFO - Epoch 6/30 | Train loss: 0.610925 | Val loss: 0.727890 | LR: 2.00e-05 | Best epoch: 6 | Patience: 0 | Train: 14.81s | Validation: 1.64s | Epoch: 16.88s | Total: 100.39s
2026-08-21 06:19:24 - INFO - RecAdam target-task weight at epoch end: 0.999939
2026-08-21 06:19:24 - INFO - [Classification Report - split=train epoch=6 - threshold=0.50]
2026-08-21 06:19:24 - INFO -                 precision    recall  f1-score   support
2026-08-21 06:19:24 - INFO - 
2026-08-21 06:19:24 - INFO -       safe (0)     0.6385    0.6422    0.6404       341
2026-08-21 06:19:24 - INFO - vulnerable (1)     0.6401    0.6364    0.6382       341
2026-08-21 06:19:24 - INFO - 
2026-08-21 06:19:24 - INFO -       accuracy                         0.6393       682
2026-08-21 06:19:24 - INFO -      macro avg     0.6393    0.6393    0.6393       682
2026-08-21 06:19:24 - INFO -   weighted avg     0.6393    0.6393    0.6393       682
2026-08-21 06:19:24 - INFO - Confusion matrix - [[tn=219, fp=122], [fn=124, tp=217]]
2026-08-21 06:19:24 - INFO - probability_positive min=0.0185 mean=0.4814 std=0.1775 max=0.9093 predicted_0=343 predicted_1=339
2026-08-21 06:19:24 - INFO - [Classification Report - split=validation epoch=6 - threshold=0.50]
2026-08-21 06:19:24 - INFO -                 precision    recall  f1-score   support
2026-08-21 06:19:24 - INFO - 
2026-08-21 06:19:24 - INFO -       safe (0)     0.6000    0.5385    0.5676       117
2026-08-21 06:19:24 - INFO - vulnerable (1)     0.5680    0.6283    0.5966       113
2026-08-21 06:19:24 - INFO - 
2026-08-21 06:19:24 - INFO -       accuracy                         0.5826       230
2026-08-21 06:19:24 - INFO -      macro avg     0.5840    0.5834    0.5821       230
2026-08-21 06:19:24 - INFO -   weighted avg     0.5843    0.5826    0.5819       230
2026-08-21 06:19:24 - INFO - Confusion matrix - [[tn=63, fp=54], [fn=42, tp=71]]
2026-08-21 06:19:24 - INFO - probability_positive min=0.0244 mean=0.4782 std=0.1972 max=0.8517 predicted_0=105 predicted_1=125
2026-08-21 06:19:24 - INFO - New best model | Macro-F1: 0.582103 | Epoch: 6
2026-08-21 06:19:41 - INFO - Epoch 7/30 | Train loss: 0.559048 | Val loss: 0.764656 | LR: 2.00e-05 | Best epoch: 6 | Patience: 1 | Train: 14.80s | Validation: 1.64s | Epoch: 16.44s | Total: 116.85s
2026-08-21 06:19:41 - INFO - RecAdam target-task weight at epoch end: 0.999993
2026-08-21 06:19:41 - INFO - [Classification Report - split=train epoch=7 - threshold=0.50]
2026-08-21 06:19:41 - INFO -                 precision    recall  f1-score   support
2026-08-21 06:19:41 - INFO - 
2026-08-21 06:19:41 - INFO -       safe (0)     0.7480    0.5572    0.6387       341
2026-08-21 06:19:41 - INFO - vulnerable (1)     0.6472    0.8123    0.7204       341
2026-08-21 06:19:41 - INFO - 
2026-08-21 06:19:41 - INFO -       accuracy                         0.6848       682
2026-08-21 06:19:41 - INFO -      macro avg     0.6976    0.6848    0.6795       682
2026-08-21 06:19:41 - INFO -   weighted avg     0.6976    0.6848    0.6795       682
2026-08-21 06:19:41 - INFO - Confusion matrix - [[tn=190, fp=151], [fn=64, tp=277]]
2026-08-21 06:19:41 - INFO - probability_positive min=0.0169 mean=0.5231 std=0.2275 max=0.9566 predicted_0=254 predicted_1=428
2026-08-21 06:19:41 - INFO - [Classification Report - split=validation epoch=7 - threshold=0.50]
2026-08-21 06:19:41 - INFO -                 precision    recall  f1-score   support
2026-08-21 06:19:41 - INFO - 
2026-08-21 06:19:41 - INFO -       safe (0)     0.5417    0.6667    0.5977       117
2026-08-21 06:19:41 - INFO - vulnerable (1)     0.5465    0.4159    0.4724       113
2026-08-21 06:19:41 - INFO - 
2026-08-21 06:19:41 - INFO -       accuracy                         0.5435       230
2026-08-21 06:19:41 - INFO -      macro avg     0.5441    0.5413    0.5350       230
2026-08-21 06:19:41 - INFO -   weighted avg     0.5440    0.5435    0.5361       230
2026-08-21 06:19:41 - INFO - Confusion matrix - [[tn=78, fp=39], [fn=66, tp=47]]
2026-08-21 06:19:41 - INFO - probability_positive min=0.0186 mean=0.4305 std=0.1997 max=0.8929 predicted_0=144 predicted_1=86
2026-08-21 06:19:57 - INFO - Epoch 8/30 | Train loss: 0.505943 | Val loss: 0.775598 | LR: 2.00e-05 | Best epoch: 6 | Patience: 2 | Train: 14.81s | Validation: 1.64s | Epoch: 16.45s | Total: 133.31s
2026-08-21 06:19:57 - INFO - RecAdam target-task weight at epoch end: 0.999999
2026-08-21 06:19:57 - INFO - [Classification Report - split=train epoch=8 - threshold=0.50]
2026-08-21 06:19:57 - INFO -                 precision    recall  f1-score   support
2026-08-21 06:19:57 - INFO - 
2026-08-21 06:19:57 - INFO -       safe (0)     0.7147    0.6540    0.6830       341
2026-08-21 06:19:57 - INFO - vulnerable (1)     0.6811    0.7390    0.7089       341
2026-08-21 06:19:57 - INFO - 
2026-08-21 06:19:57 - INFO -       accuracy                         0.6965       682
2026-08-21 06:19:57 - INFO -      macro avg     0.6979    0.6965    0.6959       682
2026-08-21 06:19:57 - INFO -   weighted avg     0.6979    0.6965    0.6959       682
2026-08-21 06:19:57 - INFO - Confusion matrix - [[tn=223, fp=118], [fn=89, tp=252]]
2026-08-21 06:19:57 - INFO - probability_positive min=0.0065 mean=0.4854 std=0.2664 max=0.9670 predicted_0=312 predicted_1=370
2026-08-21 06:19:57 - INFO - [Classification Report - split=validation epoch=8 - threshold=0.50]
2026-08-21 06:19:57 - INFO -                 precision    recall  f1-score   support
2026-08-21 06:19:57 - INFO - 
2026-08-21 06:19:57 - INFO -       safe (0)     0.6064    0.4872    0.5403       117
2026-08-21 06:19:57 - INFO - vulnerable (1)     0.5588    0.6726    0.6104       113
2026-08-21 06:19:57 - INFO - 
2026-08-21 06:19:57 - INFO -       accuracy                         0.5783       230
2026-08-21 06:19:57 - INFO -      macro avg     0.5826    0.5799    0.5754       230
2026-08-21 06:19:57 - INFO -   weighted avg     0.5830    0.5783    0.5748       230
2026-08-21 06:19:57 - INFO - Confusion matrix - [[tn=57, fp=60], [fn=37, tp=76]]
2026-08-21 06:19:57 - INFO - probability_positive min=0.0134 mean=0.4827 std=0.2596 max=0.9420 predicted_0=94 predicted_1=136
2026-08-21 06:20:14 - INFO - Epoch 9/30 | Train loss: 0.464210 | Val loss: 0.828281 | LR: 2.00e-05 | Best epoch: 6 | Patience: 3 | Train: 14.81s | Validation: 1.64s | Epoch: 16.45s | Total: 149.77s
2026-08-21 06:20:14 - INFO - RecAdam target-task weight at epoch end: 1.000000
2026-08-21 06:20:14 - INFO - [Classification Report - split=train epoch=9 - threshold=0.50]
2026-08-21 06:20:14 - INFO -                 precision    recall  f1-score   support
2026-08-21 06:20:14 - INFO - 
2026-08-21 06:20:14 - INFO -       safe (0)     0.7741    0.6833    0.7259       341
2026-08-21 06:20:14 - INFO - vulnerable (1)     0.7165    0.8006    0.7562       341
2026-08-21 06:20:14 - INFO - 
2026-08-21 06:20:14 - INFO -       accuracy                         0.7419       682
2026-08-21 06:20:14 - INFO -      macro avg     0.7453    0.7419    0.7410       682
2026-08-21 06:20:14 - INFO -   weighted avg     0.7453    0.7419    0.7410       682
2026-08-21 06:20:14 - INFO - Confusion matrix - [[tn=233, fp=108], [fn=68, tp=273]]
2026-08-21 06:20:14 - INFO - probability_positive min=0.0054 mean=0.5050 std=0.2987 max=0.9825 predicted_0=301 predicted_1=381
2026-08-21 06:20:14 - INFO - [Classification Report - split=validation epoch=9 - threshold=0.50]
2026-08-21 06:20:14 - INFO -                 precision    recall  f1-score   support
2026-08-21 06:20:14 - INFO - 
2026-08-21 06:20:14 - INFO -       safe (0)     0.6092    0.4530    0.5196       117
2026-08-21 06:20:14 - INFO - vulnerable (1)     0.5524    0.6991    0.6172       113
2026-08-21 06:20:14 - INFO - 
2026-08-21 06:20:14 - INFO -       accuracy                         0.5739       230
2026-08-21 06:20:14 - INFO -      macro avg     0.5808    0.5761    0.5684       230
2026-08-21 06:20:14 - INFO -   weighted avg     0.5813    0.5739    0.5675       230
2026-08-21 06:20:14 - INFO - Confusion matrix - [[tn=53, fp=64], [fn=34, tp=79]]
2026-08-21 06:20:14 - INFO - probability_positive min=0.0089 mean=0.5364 std=0.2692 max=0.9725 predicted_0=87 predicted_1=143
2026-08-21 06:20:30 - INFO - Epoch 10/30 | Train loss: 0.431680 | Val loss: 0.867355 | LR: 2.00e-05 | Best epoch: 10 | Patience: 0 | Train: 14.81s | Validation: 1.64s | Epoch: 16.88s | Total: 166.66s
2026-08-21 06:20:30 - INFO - RecAdam target-task weight at epoch end: 1.000000
2026-08-21 06:20:30 - INFO - [Classification Report - split=train epoch=10 - threshold=0.50]
2026-08-21 06:20:30 - INFO -                 precision    recall  f1-score   support
2026-08-21 06:20:30 - INFO - 
2026-08-21 06:20:30 - INFO -       safe (0)     0.7651    0.7067    0.7348       341
2026-08-21 06:20:30 - INFO - vulnerable (1)     0.7275    0.7830    0.7542       341
2026-08-21 06:20:30 - INFO - 
2026-08-21 06:20:30 - INFO -       accuracy                         0.7449       682
2026-08-21 06:20:30 - INFO -      macro avg     0.7463    0.7449    0.7445       682
2026-08-21 06:20:30 - INFO -   weighted avg     0.7463    0.7449    0.7445       682
2026-08-21 06:20:30 - INFO - Confusion matrix - [[tn=241, fp=100], [fn=74, tp=267]]
2026-08-21 06:20:30 - INFO - probability_positive min=0.0037 mean=0.4903 std=0.3245 max=0.9892 predicted_0=315 predicted_1=367
2026-08-21 06:20:30 - INFO - [Classification Report - split=validation epoch=10 - threshold=0.50]
2026-08-21 06:20:30 - INFO -                 precision    recall  f1-score   support
2026-08-21 06:20:30 - INFO - 
2026-08-21 06:20:30 - INFO -       safe (0)     0.6400    0.5470    0.5899       117
2026-08-21 06:20:30 - INFO - vulnerable (1)     0.5923    0.6814    0.6337       113
2026-08-21 06:20:30 - INFO - 
2026-08-21 06:20:30 - INFO -       accuracy                         0.6130       230
2026-08-21 06:20:30 - INFO -      macro avg     0.6162    0.6142    0.6118       230
2026-08-21 06:20:30 - INFO -   weighted avg     0.6166    0.6130    0.6114       230
2026-08-21 06:20:30 - INFO - Confusion matrix - [[tn=64, fp=53], [fn=36, tp=77]]
2026-08-21 06:20:30 - INFO - probability_positive min=0.0032 mean=0.5035 std=0.2911 max=0.9754 predicted_0=100 predicted_1=130
2026-08-21 06:20:30 - INFO - New best model | Macro-F1: 0.611803 | Epoch: 10
2026-08-21 06:20:47 - INFO - Epoch 11/30 | Train loss: 0.371183 | Val loss: 0.937966 | LR: 2.00e-05 | Best epoch: 10 | Patience: 1 | Train: 14.80s | Validation: 1.64s | Epoch: 16.44s | Total: 183.14s
2026-08-21 06:20:47 - INFO - RecAdam target-task weight at epoch end: 1.000000
2026-08-21 06:20:47 - INFO - [Classification Report - split=train epoch=11 - threshold=0.50]
2026-08-21 06:20:47 - INFO -                 precision    recall  f1-score   support
2026-08-21 06:20:47 - INFO - 
2026-08-21 06:20:47 - INFO -       safe (0)     0.8148    0.7742    0.7940       341
2026-08-21 06:20:47 - INFO - vulnerable (1)     0.7849    0.8240    0.8040       341
2026-08-21 06:20:47 - INFO - 
2026-08-21 06:20:47 - INFO -       accuracy                         0.7991       682
2026-08-21 06:20:47 - INFO -      macro avg     0.7999    0.7991    0.7990       682
2026-08-21 06:20:47 - INFO -   weighted avg     0.7999    0.7991    0.7990       682
2026-08-21 06:20:47 - INFO - Confusion matrix - [[tn=264, fp=77], [fn=60, tp=281]]
2026-08-21 06:20:47 - INFO - probability_positive min=0.0017 mean=0.5025 std=0.3492 max=0.9916 predicted_0=324 predicted_1=358
2026-08-21 06:20:47 - INFO - [Classification Report - split=validation epoch=11 - threshold=0.50]
2026-08-21 06:20:47 - INFO -                 precision    recall  f1-score   support
2026-08-21 06:20:47 - INFO - 
2026-08-21 06:20:47 - INFO -       safe (0)     0.5965    0.5812    0.5887       117
2026-08-21 06:20:47 - INFO - vulnerable (1)     0.5776    0.5929    0.5852       113
2026-08-21 06:20:47 - INFO - 
2026-08-21 06:20:47 - INFO -       accuracy                         0.5870       230
2026-08-21 06:20:47 - INFO -      macro avg     0.5870    0.5871    0.5869       230
2026-08-21 06:20:47 - INFO -   weighted avg     0.5872    0.5870    0.5870       230
2026-08-21 06:20:47 - INFO - Confusion matrix - [[tn=68, fp=49], [fn=46, tp=67]]
2026-08-21 06:20:47 - INFO - probability_positive min=0.0019 mean=0.4627 std=0.3113 max=0.9788 predicted_0=114 predicted_1=116
2026-08-21 06:21:03 - INFO - Epoch 12/30 | Train loss: 0.365197 | Val loss: 0.957871 | LR: 2.00e-05 | Best epoch: 10 | Patience: 2 | Train: 14.80s | Validation: 1.64s | Epoch: 16.43s | Total: 199.58s
2026-08-21 06:21:03 - INFO - RecAdam target-task weight at epoch end: 1.000000
2026-08-21 06:21:03 - INFO - [Classification Report - split=train epoch=12 - threshold=0.50]
2026-08-21 06:21:03 - INFO -                 precision    recall  f1-score   support
2026-08-21 06:21:03 - INFO - 
2026-08-21 06:21:03 - INFO -       safe (0)     0.8171    0.8123    0.8147       341
2026-08-21 06:21:03 - INFO - vulnerable (1)     0.8134    0.8182    0.8158       341
2026-08-21 06:21:03 - INFO - 
2026-08-21 06:21:03 - INFO -       accuracy                         0.8152       682
2026-08-21 06:21:03 - INFO -      macro avg     0.8153    0.8152    0.8152       682
2026-08-21 06:21:03 - INFO -   weighted avg     0.8153    0.8152    0.8152       682
2026-08-21 06:21:03 - INFO - Confusion matrix - [[tn=277, fp=64], [fn=62, tp=279]]
2026-08-21 06:21:03 - INFO - probability_positive min=0.0023 mean=0.4913 std=0.3729 max=0.9922 predicted_0=339 predicted_1=343
2026-08-21 06:21:03 - INFO - [Classification Report - split=validation epoch=12 - threshold=0.50]
2026-08-21 06:21:03 - INFO -                 precision    recall  f1-score   support
2026-08-21 06:21:03 - INFO - 
2026-08-21 06:21:03 - INFO -       safe (0)     0.6111    0.5641    0.5867       117
2026-08-21 06:21:03 - INFO - vulnerable (1)     0.5820    0.6283    0.6043       113
2026-08-21 06:21:03 - INFO - 
2026-08-21 06:21:03 - INFO -       accuracy                         0.5957       230
2026-08-21 06:21:03 - INFO -      macro avg     0.5965    0.5962    0.5955       230
2026-08-21 06:21:03 - INFO -   weighted avg     0.5968    0.5957    0.5953       230
2026-08-21 06:21:03 - INFO - Confusion matrix - [[tn=66, fp=51], [fn=42, tp=71]]
2026-08-21 06:21:03 - INFO - probability_positive min=0.0027 mean=0.4783 std=0.3304 max=0.9851 predicted_0=108 predicted_1=122
2026-08-21 06:21:20 - INFO - Epoch 13/30 | Train loss: 0.337514 | Val loss: 0.963341 | LR: 2.00e-05 | Best epoch: 10 | Patience: 3 | Train: 14.80s | Validation: 1.64s | Epoch: 16.43s | Total: 216.02s
2026-08-21 06:21:20 - INFO - RecAdam target-task weight at epoch end: 1.000000
2026-08-21 06:21:20 - INFO - [Classification Report - split=train epoch=13 - threshold=0.50]
2026-08-21 06:21:20 - INFO -                 precision    recall  f1-score   support
2026-08-21 06:21:20 - INFO - 
2026-08-21 06:21:20 - INFO -       safe (0)     0.8201    0.8152    0.8176       341
2026-08-21 06:21:20 - INFO - vulnerable (1)     0.8163    0.8211    0.8187       341
2026-08-21 06:21:20 - INFO - 
2026-08-21 06:21:20 - INFO -       accuracy                         0.8182       682
2026-08-21 06:21:20 - INFO -      macro avg     0.8182    0.8182    0.8182       682
2026-08-21 06:21:20 - INFO -   weighted avg     0.8182    0.8182    0.8182       682
2026-08-21 06:21:20 - INFO - Confusion matrix - [[tn=278, fp=63], [fn=61, tp=280]]
2026-08-21 06:21:20 - INFO - probability_positive min=0.0017 mean=0.4913 std=0.3800 max=0.9937 predicted_0=339 predicted_1=343
2026-08-21 06:21:20 - INFO - [Classification Report - split=validation epoch=13 - threshold=0.50]
2026-08-21 06:21:20 - INFO -                 precision    recall  f1-score   support
2026-08-21 06:21:20 - INFO - 
2026-08-21 06:21:20 - INFO -       safe (0)     0.6275    0.5470    0.5845       117
2026-08-21 06:21:20 - INFO - vulnerable (1)     0.5859    0.6637    0.6224       113
2026-08-21 06:21:20 - INFO - 
2026-08-21 06:21:20 - INFO -       accuracy                         0.6043       230
2026-08-21 06:21:20 - INFO -      macro avg     0.6067    0.6054    0.6034       230
2026-08-21 06:21:20 - INFO -   weighted avg     0.6071    0.6043    0.6031       230
2026-08-21 06:21:20 - INFO - Confusion matrix - [[tn=64, fp=53], [fn=38, tp=75]]
2026-08-21 06:21:20 - INFO - probability_positive min=0.0022 mean=0.5105 std=0.3392 max=0.9868 predicted_0=102 predicted_1=128
2026-08-21 06:21:36 - INFO - Epoch 14/30 | Train loss: 0.301286 | Val loss: 1.036381 | LR: 2.00e-05 | Best epoch: 10 | Patience: 4 | Train: 14.79s | Validation: 1.64s | Epoch: 16.43s | Total: 232.46s
2026-08-21 06:21:36 - INFO - RecAdam target-task weight at epoch end: 1.000000
2026-08-21 06:21:36 - INFO - [Classification Report - split=train epoch=14 - threshold=0.50]
2026-08-21 06:21:36 - INFO -                 precision    recall  f1-score   support
2026-08-21 06:21:36 - INFO - 
2026-08-21 06:21:36 - INFO -       safe (0)     0.8418    0.8270    0.8343       341
2026-08-21 06:21:36 - INFO - vulnerable (1)     0.8300    0.8446    0.8372       341
2026-08-21 06:21:36 - INFO - 
2026-08-21 06:21:36 - INFO -       accuracy                         0.8358       682
2026-08-21 06:21:36 - INFO -      macro avg     0.8359    0.8358    0.8358       682
2026-08-21 06:21:36 - INFO -   weighted avg     0.8359    0.8358    0.8358       682
2026-08-21 06:21:36 - INFO - Confusion matrix - [[tn=282, fp=59], [fn=53, tp=288]]
2026-08-21 06:21:36 - INFO - probability_positive min=0.0012 mean=0.5007 std=0.3894 max=0.9960 predicted_0=335 predicted_1=347
2026-08-21 06:21:36 - INFO - [Classification Report - split=validation epoch=14 - threshold=0.50]
2026-08-21 06:21:36 - INFO -                 precision    recall  f1-score   support
2026-08-21 06:21:36 - INFO - 
2026-08-21 06:21:36 - INFO -       safe (0)     0.5888    0.5385    0.5625       117
2026-08-21 06:21:36 - INFO - vulnerable (1)     0.5610    0.6106    0.5847       113
2026-08-21 06:21:36 - INFO - 
2026-08-21 06:21:36 - INFO -       accuracy                         0.5739       230
2026-08-21 06:21:36 - INFO -      macro avg     0.5749    0.5745    0.5736       230
2026-08-21 06:21:36 - INFO -   weighted avg     0.5751    0.5739    0.5734       230
2026-08-21 06:21:36 - INFO - Confusion matrix - [[tn=63, fp=54], [fn=44, tp=69]]
2026-08-21 06:21:36 - INFO - probability_positive min=0.0019 mean=0.5214 std=0.3510 max=0.9933 predicted_0=107 predicted_1=123
2026-08-21 06:21:53 - INFO - Epoch 15/30 | Train loss: 0.271672 | Val loss: 1.058082 | LR: 2.00e-05 | Best epoch: 10 | Patience: 5 | Train: 14.79s | Validation: 1.64s | Epoch: 16.43s | Total: 248.90s
2026-08-21 06:21:53 - INFO - RecAdam target-task weight at epoch end: 1.000000
2026-08-21 06:21:53 - INFO - [Classification Report - split=train epoch=15 - threshold=0.50]
2026-08-21 06:21:53 - INFO -                 precision    recall  f1-score   support
2026-08-21 06:21:53 - INFO - 
2026-08-21 06:21:53 - INFO -       safe (0)     0.8663    0.8358    0.8507       341
2026-08-21 06:21:53 - INFO - vulnerable (1)     0.8414    0.8710    0.8559       341
2026-08-21 06:21:53 - INFO - 
2026-08-21 06:21:53 - INFO -       accuracy                         0.8534       682
2026-08-21 06:21:53 - INFO -      macro avg     0.8538    0.8534    0.8533       682
2026-08-21 06:21:53 - INFO -   weighted avg     0.8538    0.8534    0.8533       682
2026-08-21 06:21:53 - INFO - Confusion matrix - [[tn=285, fp=56], [fn=44, tp=297]]
2026-08-21 06:21:53 - INFO - probability_positive min=0.0016 mean=0.5069 std=0.4057 max=0.9959 predicted_0=329 predicted_1=353
2026-08-21 06:21:53 - INFO - [Classification Report - split=validation epoch=15 - threshold=0.50]
2026-08-21 06:21:53 - INFO -                 precision    recall  f1-score   support
2026-08-21 06:21:53 - INFO - 
2026-08-21 06:21:53 - INFO -       safe (0)     0.5726    0.6068    0.5892       117
2026-08-21 06:21:53 - INFO - vulnerable (1)     0.5660    0.5310    0.5479       113
2026-08-21 06:21:53 - INFO - 
2026-08-21 06:21:53 - INFO -       accuracy                         0.5696       230
2026-08-21 06:21:53 - INFO -      macro avg     0.5693    0.5689    0.5686       230
2026-08-21 06:21:53 - INFO -   weighted avg     0.5694    0.5696    0.5689       230
2026-08-21 06:21:53 - INFO - Confusion matrix - [[tn=71, fp=46], [fn=53, tp=60]]
2026-08-21 06:21:53 - INFO - probability_positive min=0.0011 mean=0.4442 std=0.3555 max=0.9931 predicted_0=124 predicted_1=106
2026-08-21 06:21:53 - INFO - Early stopping | Epoch: 15 | Best epoch: 10
2026-08-21 06:21:53 - INFO - Best checkpoint saved | Path: model/headroom_js_t5p/transfer_cwe/seed_42/fold5/best.pt | Epoch: 10 | Val macro_f1: 0.611803
2026-08-21 06:21:53 - INFO - Training finished | Elapsed: 248.91s
2026-08-21 06:21:53 - INFO - Run finished | Phase: phase2 | Fold: 5 | Seed: 42 | Elapsed: 251.75s
