2026-08-21 10:28:32 - INFO - Using device: cuda
2026-08-21 10:28:32 - INFO - Run started | Run: lam_ref_t5p | Method: baseline | Phase: baseline_infer | Fold: 5 | Seed: 42 | Device: cuda
2026-08-21 10:28:33 - INFO - Loading Python validation data: data/sven_python_folds_norm/fold5/val.jsonl
2026-08-21 10:28:33 - INFO - Loading Python test data: data/sven_python_folds_norm/fold5/test.jsonl
2026-08-21 10:28:33 - INFO - Data split: python_val | Total: 152 | Labels: {0: 71, 1: 81} | CWEs: {'CWE-022': 19, 'CWE-078': 39, 'CWE-079': 14, 'CWE-089': 80} | Languages: {'python': 152} | Invalid CWE: 0
2026-08-21 10:28:33 - INFO - Data split: python_test | Total: 152 | Labels: {0: 72, 1: 80} | CWEs: {'CWE-022': 13, 'CWE-078': 44, 'CWE-079': 16, 'CWE-089': 79} | Languages: {'python': 152} | Invalid CWE: 0
2026-08-21 10:28:35 - INFO - Environment: {"components": {"backbone": {"frozen": 0, "total": 109607040, "trainable": 109607040}, "vul_head": {"frozen": 0, "total": 1538, "trainable": 1538}}, "cuda": "12.8", "fold": 5, "frozen_parameters": 0, "gpu": "NVIDIA GeForce RTX 5060 Ti", "hyperparameters": {"batch_size": 16, "checkpoint_path": "model/lam_ref_t5p/baseline/seed_42/fold5/best.pt", "data_root": "data/sven_python_folds_norm", "epochs": 10, "eval_batch_size": 16, "fold": 5, "learning_rate": 2e-05, "max_eval_samples": null, "max_grad_norm": 1.0, "max_length": 512, "max_train_samples": null, "method_name": "baseline", "min_epochs": 3, "model_name": "Salesforce/codet5p-220m", "num_workers": 0, "patience": 5, "phase": "infer", "pooling": "cls", "result_path": "results/lam_ref_t5p/baseline/seed_42/fold5.json", "run_name": "lam_ref_t5p", "seed": 42, "target_lang": "python", "test_path": null, "train_path": null, "truncation_strategy": "head_middle_tail", "val_path": null, "weight_decay": 0.01}, "mode": "baseline_inference_no_optimizer", "model_name": "Salesforce/codet5p-220m", "seed": 42, "sklearn": "1.7.2", "torch": "2.11.0+cu128", "trainable_parameters": 109608578, "transformers": "4.57.1"}
2026-08-21 10:28:37 - INFO - Evaluation time | Split: validation+threshold | Seconds: 2.45
2026-08-21 10:28:37 - INFO - [Classification Report - split=validation - threshold=0.50]
2026-08-21 10:28:37 - INFO -                 precision    recall  f1-score   support
2026-08-21 10:28:37 - INFO - 
2026-08-21 10:28:37 - INFO -       safe (0)     0.8276    0.6761    0.7442        71
2026-08-21 10:28:37 - INFO - vulnerable (1)     0.7553    0.8765    0.8114        81
2026-08-21 10:28:37 - INFO - 
2026-08-21 10:28:37 - INFO -       accuracy                         0.7829       152
2026-08-21 10:28:37 - INFO -      macro avg     0.7915    0.7763    0.7778       152
2026-08-21 10:28:37 - INFO -   weighted avg     0.7891    0.7829    0.7800       152
2026-08-21 10:28:37 - INFO - Confusion matrix - [[tn=48, fp=23], [fn=10, tp=71]]
2026-08-21 10:28:37 - INFO - probability_positive min=0.0006 mean=0.6126 std=0.4670 max=0.9997 predicted_0=58 predicted_1=94
2026-08-21 10:28:37 - INFO - [Classification Report - split=validation_calibrated - threshold=0.67]
2026-08-21 10:28:37 - INFO -                 precision    recall  f1-score   support
2026-08-21 10:28:37 - INFO - 
2026-08-21 10:28:37 - INFO -       safe (0)     0.8305    0.6901    0.7538        71
2026-08-21 10:28:37 - INFO - vulnerable (1)     0.7634    0.8765    0.8161        81
2026-08-21 10:28:37 - INFO - 
2026-08-21 10:28:37 - INFO -       accuracy                         0.7895       152
2026-08-21 10:28:37 - INFO -      macro avg     0.7970    0.7833    0.7850       152
2026-08-21 10:28:37 - INFO -   weighted avg     0.7948    0.7895    0.7870       152
2026-08-21 10:28:37 - INFO - Confusion matrix - [[tn=49, fp=22], [fn=10, tp=71]]
2026-08-21 10:28:37 - INFO - probability_positive min=0.0006 mean=0.6126 std=0.4670 max=0.9997 predicted_0=59 predicted_1=93
2026-08-21 10:28:39 - INFO - Evaluation time | Split: test | Seconds: 1.96
2026-08-21 10:28:39 - INFO - [Classification Report - split=test - threshold=0.50]
2026-08-21 10:28:39 - INFO -                 precision    recall  f1-score   support
2026-08-21 10:28:39 - INFO - 
2026-08-21 10:28:39 - INFO -       safe (0)     0.7910    0.7361    0.7626        72
2026-08-21 10:28:39 - INFO - vulnerable (1)     0.7765    0.8250    0.8000        80
2026-08-21 10:28:39 - INFO - 
2026-08-21 10:28:39 - INFO -       accuracy                         0.7829       152
2026-08-21 10:28:39 - INFO -      macro avg     0.7838    0.7806    0.7813       152
2026-08-21 10:28:39 - INFO -   weighted avg     0.7834    0.7829    0.7823       152
2026-08-21 10:28:39 - INFO - Confusion matrix - [[tn=53, fp=19], [fn=14, tp=66]]
2026-08-21 10:28:39 - INFO - probability_positive min=0.0006 mean=0.5586 std=0.4741 max=0.9997 predicted_0=67 predicted_1=85
2026-08-21 10:28:39 - INFO - [Classification Report - split=test_valcal - threshold=0.67]
2026-08-21 10:28:39 - INFO -                 precision    recall  f1-score   support
2026-08-21 10:28:39 - INFO - 
2026-08-21 10:28:39 - INFO -       safe (0)     0.7941    0.7500    0.7714        72
2026-08-21 10:28:39 - INFO - vulnerable (1)     0.7857    0.8250    0.8049        80
2026-08-21 10:28:39 - INFO - 
2026-08-21 10:28:39 - INFO -       accuracy                         0.7895       152
2026-08-21 10:28:39 - INFO -      macro avg     0.7899    0.7875    0.7882       152
2026-08-21 10:28:39 - INFO -   weighted avg     0.7897    0.7895    0.7890       152
2026-08-21 10:28:39 - INFO - Confusion matrix - [[tn=54, fp=18], [fn=14, tp=66]]
2026-08-21 10:28:39 - INFO - probability_positive min=0.0006 mean=0.5586 std=0.4741 max=0.9997 predicted_0=68 predicted_1=84
2026-08-21 10:28:39 - INFO - [Classification Report - split=test_at_0.5_CWE-022 - threshold=0.50]
2026-08-21 10:28:39 - INFO -                 precision    recall  f1-score   support
2026-08-21 10:28:39 - INFO - 
2026-08-21 10:28:39 - INFO -       safe (0)     0.3333    0.1667    0.2222         6
2026-08-21 10:28:39 - INFO - vulnerable (1)     0.5000    0.7143    0.5882         7
2026-08-21 10:28:39 - INFO - 
2026-08-21 10:28:39 - INFO -       accuracy                         0.4615        13
2026-08-21 10:28:39 - INFO -      macro avg     0.4167    0.4405    0.4052        13
2026-08-21 10:28:39 - INFO -   weighted avg     0.4231    0.4615    0.4193        13
2026-08-21 10:28:39 - INFO - Confusion matrix - [[tn=1, fp=5], [fn=2, tp=5]]
2026-08-21 10:28:39 - INFO - probability_positive min=0.0025 mean=0.7764 std=0.3569 max=0.9992 predicted_0=3 predicted_1=10
2026-08-21 10:28:39 - INFO - [Classification Report - split=test_at_0.5_CWE-078 - threshold=0.50]
2026-08-21 10:28:39 - INFO -                 precision    recall  f1-score   support
2026-08-21 10:28:39 - INFO - 
2026-08-21 10:28:39 - INFO -       safe (0)     0.8000    0.6667    0.7273        24
2026-08-21 10:28:39 - INFO - vulnerable (1)     0.6667    0.8000    0.7273        20
2026-08-21 10:28:39 - INFO - 
2026-08-21 10:28:39 - INFO -       accuracy                         0.7273        44
2026-08-21 10:28:39 - INFO -      macro avg     0.7333    0.7333    0.7273        44
2026-08-21 10:28:39 - INFO -   weighted avg     0.7394    0.7273    0.7273        44
2026-08-21 10:28:39 - INFO - Confusion matrix - [[tn=16, fp=8], [fn=4, tp=16]]
2026-08-21 10:28:39 - INFO - probability_positive min=0.0013 mean=0.5408 std=0.4700 max=0.9997 predicted_0=20 predicted_1=24
2026-08-21 10:28:39 - INFO - [Classification Report - split=test_at_0.5_CWE-079 - threshold=0.50]
2026-08-21 10:28:39 - INFO -                 precision    recall  f1-score   support
2026-08-21 10:28:39 - INFO - 
2026-08-21 10:28:39 - INFO -       safe (0)     0.0000    0.0000    0.0000         5
2026-08-21 10:28:39 - INFO - vulnerable (1)     0.5455    0.5455    0.5455        11
2026-08-21 10:28:39 - INFO - 
2026-08-21 10:28:39 - INFO -       accuracy                         0.3750        16
2026-08-21 10:28:39 - INFO -      macro avg     0.2727    0.2727    0.2727        16
2026-08-21 10:28:39 - INFO -   weighted avg     0.3750    0.3750    0.3750        16
2026-08-21 10:28:39 - INFO - Confusion matrix - [[tn=0, fp=5], [fn=5, tp=6]]
2026-08-21 10:28:39 - INFO - probability_positive min=0.0014 mean=0.6581 std=0.4030 max=0.9928 predicted_0=5 predicted_1=11
2026-08-21 10:28:39 - INFO - [Classification Report - split=test_at_0.5_CWE-089 - threshold=0.50]
2026-08-21 10:28:39 - INFO -                 precision    recall  f1-score   support
2026-08-21 10:28:39 - INFO - 
2026-08-21 10:28:39 - INFO -       safe (0)     0.9231    0.9730    0.9474        37
2026-08-21 10:28:39 - INFO - vulnerable (1)     0.9750    0.9286    0.9512        42
2026-08-21 10:28:39 - INFO - 
2026-08-21 10:28:39 - INFO -       accuracy                         0.9494        79
2026-08-21 10:28:39 - INFO -      macro avg     0.9490    0.9508    0.9493        79
2026-08-21 10:28:39 - INFO -   weighted avg     0.9507    0.9494    0.9494        79
2026-08-21 10:28:39 - INFO - Confusion matrix - [[tn=36, fp=1], [fn=3, tp=39]]
2026-08-21 10:28:39 - INFO - probability_positive min=0.0006 mean=0.5126 std=0.4934 max=0.9997 predicted_0=39 predicted_1=40
2026-08-21 10:28:39 - INFO - [Classification Report - split=test_at_valcal_CWE-022 - threshold=0.67]
2026-08-21 10:28:39 - INFO -                 precision    recall  f1-score   support
2026-08-21 10:28:39 - INFO - 
2026-08-21 10:28:39 - INFO -       safe (0)     0.3333    0.1667    0.2222         6
2026-08-21 10:28:39 - INFO - vulnerable (1)     0.5000    0.7143    0.5882         7
2026-08-21 10:28:39 - INFO - 
2026-08-21 10:28:39 - INFO -       accuracy                         0.4615        13
2026-08-21 10:28:39 - INFO -      macro avg     0.4167    0.4405    0.4052        13
2026-08-21 10:28:39 - INFO -   weighted avg     0.4231    0.4615    0.4193        13
2026-08-21 10:28:39 - INFO - Confusion matrix - [[tn=1, fp=5], [fn=2, tp=5]]
2026-08-21 10:28:39 - INFO - probability_positive min=0.0025 mean=0.7764 std=0.3569 max=0.9992 predicted_0=3 predicted_1=10
2026-08-21 10:28:39 - INFO - [Classification Report - split=test_at_valcal_CWE-078 - threshold=0.67]
2026-08-21 10:28:39 - INFO -                 precision    recall  f1-score   support
2026-08-21 10:28:39 - INFO - 
2026-08-21 10:28:39 - INFO -       safe (0)     0.8095    0.7083    0.7556        24
2026-08-21 10:28:39 - INFO - vulnerable (1)     0.6957    0.8000    0.7442        20
2026-08-21 10:28:39 - INFO - 
2026-08-21 10:28:39 - INFO -       accuracy                         0.7500        44
2026-08-21 10:28:39 - INFO -      macro avg     0.7526    0.7542    0.7499        44
2026-08-21 10:28:39 - INFO -   weighted avg     0.7578    0.7500    0.7504        44
2026-08-21 10:28:39 - INFO - Confusion matrix - [[tn=17, fp=7], [fn=4, tp=16]]
2026-08-21 10:28:39 - INFO - probability_positive min=0.0013 mean=0.5408 std=0.4700 max=0.9997 predicted_0=21 predicted_1=23
2026-08-21 10:28:39 - INFO - [Classification Report - split=test_at_valcal_CWE-079 - threshold=0.67]
2026-08-21 10:28:39 - INFO -                 precision    recall  f1-score   support
2026-08-21 10:28:39 - INFO - 
2026-08-21 10:28:39 - INFO -       safe (0)     0.0000    0.0000    0.0000         5
2026-08-21 10:28:39 - INFO - vulnerable (1)     0.5455    0.5455    0.5455        11
2026-08-21 10:28:39 - INFO - 
2026-08-21 10:28:39 - INFO -       accuracy                         0.3750        16
2026-08-21 10:28:39 - INFO -      macro avg     0.2727    0.2727    0.2727        16
2026-08-21 10:28:39 - INFO -   weighted avg     0.3750    0.3750    0.3750        16
2026-08-21 10:28:39 - INFO - Confusion matrix - [[tn=0, fp=5], [fn=5, tp=6]]
2026-08-21 10:28:39 - INFO - probability_positive min=0.0014 mean=0.6581 std=0.4030 max=0.9928 predicted_0=5 predicted_1=11
2026-08-21 10:28:39 - INFO - [Classification Report - split=test_at_valcal_CWE-089 - threshold=0.67]
2026-08-21 10:28:39 - INFO -                 precision    recall  f1-score   support
2026-08-21 10:28:39 - INFO - 
2026-08-21 10:28:39 - INFO -       safe (0)     0.9231    0.9730    0.9474        37
2026-08-21 10:28:39 - INFO - vulnerable (1)     0.9750    0.9286    0.9512        42
2026-08-21 10:28:39 - INFO - 
2026-08-21 10:28:39 - INFO -       accuracy                         0.9494        79
2026-08-21 10:28:39 - INFO -      macro avg     0.9490    0.9508    0.9493        79
2026-08-21 10:28:39 - INFO -   weighted avg     0.9507    0.9494    0.9494        79
2026-08-21 10:28:39 - INFO - Confusion matrix - [[tn=36, fp=1], [fn=3, tp=39]]
2026-08-21 10:28:39 - INFO - probability_positive min=0.0006 mean=0.5126 std=0.4934 max=0.9997 predicted_0=39 predicted_1=40
2026-08-21 10:28:39 - INFO - Baseline inference result saved: results/lam_ref_t5p/baseline/seed_42/fold5.json
2026-08-21 10:28:39 - INFO - Run finished | Phase: baseline_infer | Fold: 5 | Seed: 42 | Elapsed: 7.14s
