2026-08-21 12:43:41 - INFO - Using device: cuda
2026-08-21 12:43:41 - INFO - Run started | Run: parent_ref_t5pm | Method: baseline | Phase: baseline_train | Fold: 2 | Seed: 42 | Device: cuda
2026-08-21 12:43:42 - INFO - Loading Python validation data: data/sven_python_folds_norm/fold2/val.jsonl
2026-08-21 12:43:42 - INFO - Loading Python training data: data/sven_python_folds_norm/fold2/train.jsonl
2026-08-21 12:43:42 - INFO - Data split: python_train | Total: 456 | Labels: {0: 226, 1: 230} | CWEs: {'CWE-022': 43, 'CWE-078': 124, 'CWE-079': 43, 'CWE-089': 246} | Languages: {'python': 456} | Invalid CWE: 0
2026-08-21 12:43:42 - INFO - Data split: python_val | Total: 152 | Labels: {0: 80, 1: 72} | CWEs: {'CWE-022': 15, 'CWE-078': 38, 'CWE-079': 20, 'CWE-089': 79} | Languages: {'python': 152} | Invalid CWE: 0
2026-08-21 12:43:44 - INFO - Environment: {"components": {"backbone": {"frozen": 0, "total": 109607040, "trainable": 109607040}, "vul_head": {"frozen": 0, "total": 1538, "trainable": 1538}}, "cuda": "12.8", "fold": 2, "frozen_parameters": 0, "gpu": "NVIDIA GeForce RTX 4070 Ti SUPER", "hyperparameters": {"batch_size": 16, "checkpoint_path": "model/parent_ref_t5pm/baseline/seed_42/fold2/best.pt", "data_root": "data/sven_python_folds_norm", "epochs": 30, "eval_batch_size": 16, "fold": 2, "learning_rate": 2e-05, "max_eval_samples": null, "max_grad_norm": 1.0, "max_length": 512, "max_train_samples": null, "method_name": "baseline", "min_epochs": 3, "model_name": "Salesforce/codet5p-220m", "num_workers": 0, "patience": 5, "phase": "train", "pooling": "mean", "result_path": "results/parent_ref_t5pm/baseline/seed_42/fold2.json", "run_name": "parent_ref_t5pm", "seed": 42, "target_lang": "python", "test_path": null, "train_path": null, "truncation_strategy": "head_middle_tail", "val_path": null, "weight_decay": 0.01}, "mode": "baseline_train", "model_name": "Salesforce/codet5p-220m", "seed": 42, "sklearn": "1.7.2", "torch": "2.11.0+cu128", "trainable_parameters": 109608578, "transformers": "4.57.1"}
2026-08-21 12:43:44 - INFO - Training started | Phase: baseline | Epochs: 30
2026-08-21 12:43:55 - INFO - Epoch 1/30 | Train loss: 0.696059 | Val loss: 0.700129 | LR: 2.00e-05 | Best epoch: 1 | Patience: 0 | Train: 9.94s | Validation: 1.05s | Epoch: 11.26s | Total: 11.26s
2026-08-21 12:43:55 - INFO - [Classification Report - split=train epoch=1 - threshold=0.50]
2026-08-21 12:43:55 - INFO -                 precision    recall  f1-score   support
2026-08-21 12:43:55 - INFO - 
2026-08-21 12:43:55 - INFO -       safe (0)     0.4701    0.2788    0.3500       226
2026-08-21 12:43:55 - INFO - vulnerable (1)     0.4938    0.6913    0.5761       230
2026-08-21 12:43:55 - INFO - 
2026-08-21 12:43:55 - INFO -       accuracy                         0.4868       456
2026-08-21 12:43:55 - INFO -      macro avg     0.4820    0.4850    0.4630       456
2026-08-21 12:43:55 - INFO -   weighted avg     0.4821    0.4868    0.4640       456
2026-08-21 12:43:55 - INFO - Confusion matrix - [[tn=63, fp=163], [fn=71, tp=159]]
2026-08-21 12:43:55 - INFO - probability_positive min=0.4156 mean=0.5201 std=0.0423 max=0.6339 predicted_0=134 predicted_1=322
2026-08-21 12:43:55 - INFO - [Classification Report - split=validation epoch=1 - threshold=0.50]
2026-08-21 12:43:55 - INFO -                 precision    recall  f1-score   support
2026-08-21 12:43:55 - INFO - 
2026-08-21 12:43:55 - INFO -       safe (0)     0.5310    0.9625    0.6844        80
2026-08-21 12:43:55 - INFO - vulnerable (1)     0.5714    0.0556    0.1013        72
2026-08-21 12:43:55 - INFO - 
2026-08-21 12:43:55 - INFO -       accuracy                         0.5329       152
2026-08-21 12:43:55 - INFO -      macro avg     0.5512    0.5090    0.3929       152
2026-08-21 12:43:55 - INFO -   weighted avg     0.5502    0.5329    0.4082       152
2026-08-21 12:43:55 - INFO - Confusion matrix - [[tn=77, fp=3], [fn=68, tp=4]]
2026-08-21 12:43:55 - INFO - probability_positive min=0.3938 mean=0.4463 std=0.0266 max=0.5351 predicted_0=145 predicted_1=7
2026-08-21 12:43:55 - INFO - New best model | Macro-F1: 0.392855 | Epoch: 1
2026-08-21 12:44:06 - INFO - Epoch 2/30 | Train loss: 0.677476 | Val loss: 0.709657 | LR: 2.00e-05 | Best epoch: 2 | Patience: 0 | Train: 9.79s | Validation: 1.05s | Epoch: 11.25s | Total: 22.52s
2026-08-21 12:44:06 - INFO - [Classification Report - split=train epoch=2 - threshold=0.50]
2026-08-21 12:44:06 - INFO -                 precision    recall  f1-score   support
2026-08-21 12:44:06 - INFO - 
2026-08-21 12:44:06 - INFO -       safe (0)     0.5615    0.7478    0.6414       226
2026-08-21 12:44:06 - INFO - vulnerable (1)     0.6323    0.4261    0.5091       230
2026-08-21 12:44:06 - INFO - 
2026-08-21 12:44:06 - INFO -       accuracy                         0.5855       456
2026-08-21 12:44:06 - INFO -      macro avg     0.5969    0.5869    0.5752       456
2026-08-21 12:44:06 - INFO -   weighted avg     0.5972    0.5855    0.5746       456
2026-08-21 12:44:06 - INFO - Confusion matrix - [[tn=169, fp=57], [fn=132, tp=98]]
2026-08-21 12:44:06 - INFO - probability_positive min=0.3921 mean=0.4843 std=0.0434 max=0.6187 predicted_0=301 predicted_1=155
2026-08-21 12:44:06 - INFO - [Classification Report - split=validation epoch=2 - threshold=0.50]
2026-08-21 12:44:06 - INFO -                 precision    recall  f1-score   support
2026-08-21 12:44:06 - INFO - 
2026-08-21 12:44:06 - INFO -       safe (0)     0.4583    0.2750    0.3438        80
2026-08-21 12:44:06 - INFO - vulnerable (1)     0.4423    0.6389    0.5227        72
2026-08-21 12:44:06 - INFO - 
2026-08-21 12:44:06 - INFO -       accuracy                         0.4474       152
2026-08-21 12:44:06 - INFO -      macro avg     0.4503    0.4569    0.4332       152
2026-08-21 12:44:06 - INFO -   weighted avg     0.4507    0.4474    0.4285       152
2026-08-21 12:44:06 - INFO - Confusion matrix - [[tn=22, fp=58], [fn=26, tp=46]]
2026-08-21 12:44:06 - INFO - probability_positive min=0.4392 mean=0.5282 std=0.0451 max=0.6884 predicted_0=48 predicted_1=104
2026-08-21 12:44:06 - INFO - New best model | Macro-F1: 0.433239 | Epoch: 2
2026-08-21 12:44:17 - INFO - Epoch 3/30 | Train loss: 0.651368 | Val loss: 0.677710 | LR: 2.00e-05 | Best epoch: 3 | Patience: 0 | Train: 9.80s | Validation: 1.06s | Epoch: 11.30s | Total: 33.83s
2026-08-21 12:44:17 - INFO - [Classification Report - split=train epoch=3 - threshold=0.50]
2026-08-21 12:44:17 - INFO -                 precision    recall  f1-score   support
2026-08-21 12:44:17 - INFO - 
2026-08-21 12:44:17 - INFO -       safe (0)     0.6341    0.5752    0.6032       226
2026-08-21 12:44:17 - INFO - vulnerable (1)     0.6175    0.6739    0.6445       230
2026-08-21 12:44:17 - INFO - 
2026-08-21 12:44:17 - INFO -       accuracy                         0.6250       456
2026-08-21 12:44:17 - INFO -      macro avg     0.6258    0.6246    0.6239       456
2026-08-21 12:44:17 - INFO -   weighted avg     0.6258    0.6250    0.6241       456
2026-08-21 12:44:17 - INFO - Confusion matrix - [[tn=130, fp=96], [fn=75, tp=155]]
2026-08-21 12:44:17 - INFO - probability_positive min=0.3056 mean=0.5092 std=0.0808 max=0.7628 predicted_0=205 predicted_1=251
2026-08-21 12:44:18 - INFO - [Classification Report - split=validation epoch=3 - threshold=0.50]
2026-08-21 12:44:18 - INFO -                 precision    recall  f1-score   support
2026-08-21 12:44:18 - INFO - 
2026-08-21 12:44:18 - INFO -       safe (0)     0.5714    0.4000    0.4706        80
2026-08-21 12:44:18 - INFO - vulnerable (1)     0.5000    0.6667    0.5714        72
2026-08-21 12:44:18 - INFO - 
2026-08-21 12:44:18 - INFO -       accuracy                         0.5263       152
2026-08-21 12:44:18 - INFO -      macro avg     0.5357    0.5333    0.5210       152
2026-08-21 12:44:18 - INFO -   weighted avg     0.5376    0.5263    0.5184       152
2026-08-21 12:44:18 - INFO - Confusion matrix - [[tn=32, fp=48], [fn=24, tp=48]]
2026-08-21 12:44:18 - INFO - probability_positive min=0.3715 mean=0.5297 std=0.0763 max=0.8677 predicted_0=56 predicted_1=96
2026-08-21 12:44:18 - INFO - New best model | Macro-F1: 0.521008 | Epoch: 3
2026-08-21 12:44:29 - INFO - Epoch 4/30 | Train loss: 0.495857 | Val loss: 0.488972 | LR: 2.00e-05 | Best epoch: 4 | Patience: 0 | Train: 9.81s | Validation: 1.06s | Epoch: 11.31s | Total: 45.16s
2026-08-21 12:44:29 - INFO - [Classification Report - split=train epoch=4 - threshold=0.50]
2026-08-21 12:44:29 - INFO -                 precision    recall  f1-score   support
2026-08-21 12:44:29 - INFO - 
2026-08-21 12:44:29 - INFO -       safe (0)     0.8058    0.7345    0.7685       226
2026-08-21 12:44:29 - INFO - vulnerable (1)     0.7600    0.8261    0.7917       230
2026-08-21 12:44:29 - INFO - 
2026-08-21 12:44:29 - INFO -       accuracy                         0.7807       456
2026-08-21 12:44:29 - INFO -      macro avg     0.7829    0.7803    0.7801       456
2026-08-21 12:44:29 - INFO -   weighted avg     0.7827    0.7807    0.7802       456
2026-08-21 12:44:29 - INFO - Confusion matrix - [[tn=166, fp=60], [fn=40, tp=190]]
2026-08-21 12:44:29 - INFO - probability_positive min=0.0194 mean=0.5275 std=0.2279 max=0.9917 predicted_0=206 predicted_1=250
2026-08-21 12:44:29 - INFO - [Classification Report - split=validation epoch=4 - threshold=0.50]
2026-08-21 12:44:29 - INFO -                 precision    recall  f1-score   support
2026-08-21 12:44:29 - INFO - 
2026-08-21 12:44:29 - INFO -       safe (0)     0.7558    0.8125    0.7831        80
2026-08-21 12:44:29 - INFO - vulnerable (1)     0.7727    0.7083    0.7391        72
2026-08-21 12:44:29 - INFO - 
2026-08-21 12:44:29 - INFO -       accuracy                         0.7632       152
2026-08-21 12:44:29 - INFO -      macro avg     0.7643    0.7604    0.7611       152
2026-08-21 12:44:29 - INFO -   weighted avg     0.7638    0.7632    0.7623       152
2026-08-21 12:44:29 - INFO - Confusion matrix - [[tn=65, fp=15], [fn=21, tp=51]]
2026-08-21 12:44:29 - INFO - probability_positive min=0.0056 mean=0.4511 std=0.3789 max=0.9936 predicted_0=86 predicted_1=66
2026-08-21 12:44:29 - INFO - New best model | Macro-F1: 0.761131 | Epoch: 4
2026-08-21 12:44:40 - INFO - Epoch 5/30 | Train loss: 0.325555 | Val loss: 0.404705 | LR: 2.00e-05 | Best epoch: 5 | Patience: 0 | Train: 9.81s | Validation: 1.06s | Epoch: 11.30s | Total: 56.48s
2026-08-21 12:44:40 - INFO - [Classification Report - split=train epoch=5 - threshold=0.50]
2026-08-21 12:44:40 - INFO -                 precision    recall  f1-score   support
2026-08-21 12:44:40 - INFO - 
2026-08-21 12:44:40 - INFO -       safe (0)     0.8312    0.8496    0.8403       226
2026-08-21 12:44:40 - INFO - vulnerable (1)     0.8489    0.8304    0.8396       230
2026-08-21 12:44:40 - INFO - 
2026-08-21 12:44:40 - INFO -       accuracy                         0.8399       456
2026-08-21 12:44:40 - INFO -      macro avg     0.8400    0.8400    0.8399       456
2026-08-21 12:44:40 - INFO -   weighted avg     0.8401    0.8399    0.8399       456
2026-08-21 12:44:40 - INFO - Confusion matrix - [[tn=192, fp=34], [fn=39, tp=191]]
2026-08-21 12:44:40 - INFO - probability_positive min=0.0032 mean=0.4926 std=0.3962 max=0.9946 predicted_0=231 predicted_1=225
2026-08-21 12:44:40 - INFO - [Classification Report - split=validation epoch=5 - threshold=0.50]
2026-08-21 12:44:40 - INFO -                 precision    recall  f1-score   support
2026-08-21 12:44:40 - INFO - 
2026-08-21 12:44:40 - INFO -       safe (0)     0.8205    0.8000    0.8101        80
2026-08-21 12:44:40 - INFO - vulnerable (1)     0.7838    0.8056    0.7945        72
2026-08-21 12:44:40 - INFO - 
2026-08-21 12:44:40 - INFO -       accuracy                         0.8026       152
2026-08-21 12:44:40 - INFO -      macro avg     0.8021    0.8028    0.8023       152
2026-08-21 12:44:40 - INFO -   weighted avg     0.8031    0.8026    0.8027       152
2026-08-21 12:44:40 - INFO - Confusion matrix - [[tn=64, fp=16], [fn=14, tp=58]]
2026-08-21 12:44:40 - INFO - probability_positive min=0.0039 mean=0.4651 std=0.3775 max=0.9913 predicted_0=78 predicted_1=74
2026-08-21 12:44:40 - INFO - New best model | Macro-F1: 0.802324 | Epoch: 5
2026-08-21 12:44:51 - INFO - Epoch 6/30 | Train loss: 0.222960 | Val loss: 0.569628 | LR: 2.00e-05 | Best epoch: 5 | Patience: 1 | Train: 9.81s | Validation: 1.06s | Epoch: 10.87s | Total: 67.37s
2026-08-21 12:44:51 - INFO - [Classification Report - split=train epoch=6 - threshold=0.50]
2026-08-21 12:44:51 - INFO -                 precision    recall  f1-score   support
2026-08-21 12:44:51 - INFO - 
2026-08-21 12:44:51 - INFO -       safe (0)     0.9048    0.9248    0.9147       226
2026-08-21 12:44:51 - INFO - vulnerable (1)     0.9244    0.9043    0.9143       230
2026-08-21 12:44:51 - INFO - 
2026-08-21 12:44:51 - INFO -       accuracy                         0.9145       456
2026-08-21 12:44:51 - INFO -      macro avg     0.9146    0.9146    0.9145       456
2026-08-21 12:44:51 - INFO -   weighted avg     0.9147    0.9145    0.9145       456
2026-08-21 12:44:51 - INFO - Confusion matrix - [[tn=209, fp=17], [fn=22, tp=208]]
2026-08-21 12:44:51 - INFO - probability_positive min=0.0023 mean=0.4993 std=0.4232 max=0.9972 predicted_0=231 predicted_1=225
2026-08-21 12:44:51 - INFO - [Classification Report - split=validation epoch=6 - threshold=0.50]
2026-08-21 12:44:51 - INFO -                 precision    recall  f1-score   support
2026-08-21 12:44:51 - INFO - 
2026-08-21 12:44:51 - INFO -       safe (0)     0.7875    0.7875    0.7875        80
2026-08-21 12:44:51 - INFO - vulnerable (1)     0.7639    0.7639    0.7639        72
2026-08-21 12:44:51 - INFO - 
2026-08-21 12:44:51 - INFO -       accuracy                         0.7763       152
2026-08-21 12:44:51 - INFO -      macro avg     0.7757    0.7757    0.7757       152
2026-08-21 12:44:51 - INFO -   weighted avg     0.7763    0.7763    0.7763       152
2026-08-21 12:44:51 - INFO - Confusion matrix - [[tn=63, fp=17], [fn=17, tp=55]]
2026-08-21 12:44:51 - INFO - probability_positive min=0.0020 mean=0.4567 std=0.4209 max=0.9982 predicted_0=80 predicted_1=72
2026-08-21 12:45:02 - INFO - Epoch 7/30 | Train loss: 0.150260 | Val loss: 0.795137 | LR: 2.00e-05 | Best epoch: 5 | Patience: 2 | Train: 9.82s | Validation: 1.06s | Epoch: 10.88s | Total: 78.26s
2026-08-21 12:45:02 - INFO - [Classification Report - split=train epoch=7 - threshold=0.50]
2026-08-21 12:45:02 - INFO -                 precision    recall  f1-score   support
2026-08-21 12:45:02 - INFO - 
2026-08-21 12:45:02 - INFO -       safe (0)     0.9507    0.9381    0.9443       226
2026-08-21 12:45:02 - INFO - vulnerable (1)     0.9399    0.9522    0.9460       230
2026-08-21 12:45:02 - INFO - 
2026-08-21 12:45:02 - INFO -       accuracy                         0.9452       456
2026-08-21 12:45:02 - INFO -      macro avg     0.9453    0.9451    0.9452       456
2026-08-21 12:45:02 - INFO -   weighted avg     0.9452    0.9452    0.9452       456
2026-08-21 12:45:02 - INFO - Confusion matrix - [[tn=212, fp=14], [fn=11, tp=219]]
2026-08-21 12:45:02 - INFO - probability_positive min=0.0013 mean=0.5063 std=0.4605 max=0.9988 predicted_0=223 predicted_1=233
2026-08-21 12:45:02 - INFO - [Classification Report - split=validation epoch=7 - threshold=0.50]
2026-08-21 12:45:02 - INFO -                 precision    recall  f1-score   support
2026-08-21 12:45:02 - INFO - 
2026-08-21 12:45:02 - INFO -       safe (0)     0.7157    0.9125    0.8022        80
2026-08-21 12:45:02 - INFO - vulnerable (1)     0.8600    0.5972    0.7049        72
2026-08-21 12:45:02 - INFO - 
2026-08-21 12:45:02 - INFO -       accuracy                         0.7632       152
2026-08-21 12:45:02 - INFO -      macro avg     0.7878    0.7549    0.7536       152
2026-08-21 12:45:02 - INFO -   weighted avg     0.7840    0.7632    0.7561       152
2026-08-21 12:45:02 - INFO - Confusion matrix - [[tn=73, fp=7], [fn=29, tp=43]]
2026-08-21 12:45:02 - INFO - probability_positive min=0.0010 mean=0.3535 std=0.4357 max=0.9989 predicted_0=102 predicted_1=50
2026-08-21 12:45:13 - INFO - Epoch 8/30 | Train loss: 0.145896 | Val loss: 0.799129 | LR: 2.00e-05 | Best epoch: 5 | Patience: 3 | Train: 9.82s | Validation: 1.06s | Epoch: 10.88s | Total: 89.15s
2026-08-21 12:45:13 - INFO - [Classification Report - split=train epoch=8 - threshold=0.50]
2026-08-21 12:45:13 - INFO -                 precision    recall  f1-score   support
2026-08-21 12:45:13 - INFO - 
2026-08-21 12:45:13 - INFO -       safe (0)     0.9595    0.9425    0.9509       226
2026-08-21 12:45:13 - INFO - vulnerable (1)     0.9444    0.9609    0.9526       230
2026-08-21 12:45:13 - INFO - 
2026-08-21 12:45:13 - INFO -       accuracy                         0.9518       456
2026-08-21 12:45:13 - INFO -      macro avg     0.9520    0.9517    0.9517       456
2026-08-21 12:45:13 - INFO -   weighted avg     0.9519    0.9518    0.9517       456
2026-08-21 12:45:13 - INFO - Confusion matrix - [[tn=213, fp=13], [fn=9, tp=221]]
2026-08-21 12:45:13 - INFO - probability_positive min=0.0013 mean=0.5072 std=0.4738 max=0.9991 predicted_0=222 predicted_1=234
2026-08-21 12:45:13 - INFO - [Classification Report - split=validation epoch=8 - threshold=0.50]
2026-08-21 12:45:13 - INFO -                 precision    recall  f1-score   support
2026-08-21 12:45:13 - INFO - 
2026-08-21 12:45:13 - INFO -       safe (0)     0.7347    0.9000    0.8090        80
2026-08-21 12:45:13 - INFO - vulnerable (1)     0.8519    0.6389    0.7302        72
2026-08-21 12:45:13 - INFO - 
2026-08-21 12:45:13 - INFO -       accuracy                         0.7763       152
2026-08-21 12:45:13 - INFO -      macro avg     0.7933    0.7694    0.7696       152
2026-08-21 12:45:13 - INFO -   weighted avg     0.7902    0.7763    0.7716       152
2026-08-21 12:45:13 - INFO - Confusion matrix - [[tn=72, fp=8], [fn=26, tp=46]]
2026-08-21 12:45:13 - INFO - probability_positive min=0.0009 mean=0.3660 std=0.4440 max=0.9993 predicted_0=98 predicted_1=54
2026-08-21 12:45:24 - INFO - Epoch 9/30 | Train loss: 0.137441 | Val loss: 0.730779 | LR: 2.00e-05 | Best epoch: 5 | Patience: 4 | Train: 9.82s | Validation: 1.06s | Epoch: 10.88s | Total: 100.05s
2026-08-21 12:45:24 - INFO - [Classification Report - split=train epoch=9 - threshold=0.50]
2026-08-21 12:45:24 - INFO -                 precision    recall  f1-score   support
2026-08-21 12:45:24 - INFO - 
2026-08-21 12:45:24 - INFO -       safe (0)     0.9267    0.9513    0.9389       226
2026-08-21 12:45:24 - INFO - vulnerable (1)     0.9509    0.9261    0.9383       230
2026-08-21 12:45:24 - INFO - 
2026-08-21 12:45:24 - INFO -       accuracy                         0.9386       456
2026-08-21 12:45:24 - INFO -      macro avg     0.9388    0.9387    0.9386       456
2026-08-21 12:45:24 - INFO -   weighted avg     0.9389    0.9386    0.9386       456
2026-08-21 12:45:24 - INFO - Confusion matrix - [[tn=215, fp=11], [fn=17, tp=213]]
2026-08-21 12:45:24 - INFO - probability_positive min=0.0012 mean=0.4948 std=0.4784 max=0.9993 predicted_0=232 predicted_1=224
2026-08-21 12:45:24 - INFO - [Classification Report - split=validation epoch=9 - threshold=0.50]
2026-08-21 12:45:24 - INFO -                 precision    recall  f1-score   support
2026-08-21 12:45:24 - INFO - 
2026-08-21 12:45:24 - INFO -       safe (0)     0.7738    0.8125    0.7927        80
2026-08-21 12:45:24 - INFO - vulnerable (1)     0.7794    0.7361    0.7571        72
2026-08-21 12:45:24 - INFO - 
2026-08-21 12:45:24 - INFO -       accuracy                         0.7763       152
2026-08-21 12:45:24 - INFO -      macro avg     0.7766    0.7743    0.7749       152
2026-08-21 12:45:24 - INFO -   weighted avg     0.7765    0.7763    0.7758       152
2026-08-21 12:45:24 - INFO - Confusion matrix - [[tn=65, fp=15], [fn=19, tp=53]]
2026-08-21 12:45:24 - INFO - probability_positive min=0.0009 mean=0.4429 std=0.4537 max=0.9994 predicted_0=84 predicted_1=68
2026-08-21 12:45:35 - INFO - Epoch 10/30 | Train loss: 0.071265 | Val loss: 0.961543 | LR: 2.00e-05 | Best epoch: 5 | Patience: 5 | Train: 9.82s | Validation: 1.06s | Epoch: 10.88s | Total: 110.94s
2026-08-21 12:45:35 - INFO - [Classification Report - split=train epoch=10 - threshold=0.50]
2026-08-21 12:45:35 - INFO -                 precision    recall  f1-score   support
2026-08-21 12:45:35 - INFO - 
2026-08-21 12:45:35 - INFO -       safe (0)     0.9607    0.9735    0.9670       226
2026-08-21 12:45:35 - INFO - vulnerable (1)     0.9736    0.9609    0.9672       230
2026-08-21 12:45:35 - INFO - 
2026-08-21 12:45:35 - INFO -       accuracy                         0.9671       456
2026-08-21 12:45:35 - INFO -      macro avg     0.9671    0.9672    0.9671       456
2026-08-21 12:45:35 - INFO -   weighted avg     0.9672    0.9671    0.9671       456
2026-08-21 12:45:35 - INFO - Confusion matrix - [[tn=220, fp=6], [fn=9, tp=221]]
2026-08-21 12:45:35 - INFO - probability_positive min=0.0007 mean=0.4988 std=0.4836 max=0.9995 predicted_0=229 predicted_1=227
2026-08-21 12:45:35 - INFO - [Classification Report - split=validation epoch=10 - threshold=0.50]
2026-08-21 12:45:35 - INFO -                 precision    recall  f1-score   support
2026-08-21 12:45:35 - INFO - 
2026-08-21 12:45:35 - INFO -       safe (0)     0.7447    0.8750    0.8046        80
2026-08-21 12:45:35 - INFO - vulnerable (1)     0.8276    0.6667    0.7385        72
2026-08-21 12:45:35 - INFO - 
2026-08-21 12:45:35 - INFO -       accuracy                         0.7763       152
2026-08-21 12:45:35 - INFO -      macro avg     0.7861    0.7708    0.7715       152
2026-08-21 12:45:35 - INFO -   weighted avg     0.7840    0.7763    0.7733       152
2026-08-21 12:45:35 - INFO - Confusion matrix - [[tn=70, fp=10], [fn=24, tp=48]]
2026-08-21 12:45:35 - INFO - probability_positive min=0.0005 mean=0.3946 std=0.4651 max=0.9997 predicted_0=94 predicted_1=58
2026-08-21 12:45:35 - INFO - Early stopping | Epoch: 10 | Best epoch: 5
2026-08-21 12:45:35 - INFO - Best checkpoint saved | Path: model/parent_ref_t5pm/baseline/seed_42/fold2/best.pt | Epoch: 5 | Val macro_f1: 0.802324
2026-08-21 12:45:35 - INFO - Training finished | Elapsed: 110.95s
2026-08-21 12:45:35 - INFO - Run finished | Phase: baseline_train | Fold: 2 | Seed: 42 | Elapsed: 113.62s
