2026-08-21 12:54:06 - INFO - Using device: cuda
2026-08-21 12:54:06 - INFO - Run started | Run: parent_ref_t5pm | Method: baseline | Phase: baseline_train | Fold: 3 | Seed: 42 | Device: cuda
2026-08-21 12:54:07 - INFO - Loading Python validation data: data/sven_python_folds_norm/fold3/val.jsonl
2026-08-21 12:54:07 - INFO - Loading Python training data: data/sven_python_folds_norm/fold3/train.jsonl
2026-08-21 12:54:07 - INFO - Data split: python_train | Total: 456 | Labels: {0: 217, 1: 239} | CWEs: {'CWE-022': 40, 'CWE-078': 125, 'CWE-079': 49, 'CWE-089': 242} | Languages: {'python': 456} | Invalid CWE: 0
2026-08-21 12:54:07 - INFO - Data split: python_val | Total: 152 | Labels: {0: 83, 1: 69} | CWEs: {'CWE-022': 11, 'CWE-078': 41, 'CWE-079': 13, 'CWE-089': 87} | Languages: {'python': 152} | Invalid CWE: 0
2026-08-21 12:54:09 - INFO - Environment: {"components": {"backbone": {"frozen": 0, "total": 109607040, "trainable": 109607040}, "vul_head": {"frozen": 0, "total": 1538, "trainable": 1538}}, "cuda": "12.8", "fold": 3, "frozen_parameters": 0, "gpu": "NVIDIA GeForce RTX 4070 Ti SUPER", "hyperparameters": {"batch_size": 16, "checkpoint_path": "model/parent_ref_t5pm/baseline/seed_42/fold3/best.pt", "data_root": "data/sven_python_folds_norm", "epochs": 30, "eval_batch_size": 16, "fold": 3, "learning_rate": 2e-05, "max_eval_samples": null, "max_grad_norm": 1.0, "max_length": 512, "max_train_samples": null, "method_name": "baseline", "min_epochs": 3, "model_name": "Salesforce/codet5p-220m", "num_workers": 0, "patience": 5, "phase": "train", "pooling": "mean", "result_path": "results/parent_ref_t5pm/baseline/seed_42/fold3.json", "run_name": "parent_ref_t5pm", "seed": 42, "target_lang": "python", "test_path": null, "train_path": null, "truncation_strategy": "head_middle_tail", "val_path": null, "weight_decay": 0.01}, "mode": "baseline_train", "model_name": "Salesforce/codet5p-220m", "seed": 42, "sklearn": "1.7.2", "torch": "2.11.0+cu128", "trainable_parameters": 109608578, "transformers": "4.57.1"}
2026-08-21 12:54:09 - INFO - Training started | Phase: baseline | Epochs: 30
2026-08-21 12:54:20 - INFO - Epoch 1/30 | Train loss: 0.701440 | Val loss: 0.691755 | LR: 2.00e-05 | Best epoch: 1 | Patience: 0 | Train: 9.92s | Validation: 1.05s | Epoch: 11.25s | Total: 11.25s
2026-08-21 12:54:20 - INFO - [Classification Report - split=train epoch=1 - threshold=0.50]
2026-08-21 12:54:20 - INFO -                 precision    recall  f1-score   support
2026-08-21 12:54:20 - INFO - 
2026-08-21 12:54:20 - INFO -       safe (0)     0.4561    0.3594    0.4021       217
2026-08-21 12:54:20 - INFO - vulnerable (1)     0.5123    0.6109    0.5573       239
2026-08-21 12:54:20 - INFO - 
2026-08-21 12:54:20 - INFO -       accuracy                         0.4912       456
2026-08-21 12:54:20 - INFO -      macro avg     0.4842    0.4852    0.4797       456
2026-08-21 12:54:20 - INFO -   weighted avg     0.4856    0.4912    0.4834       456
2026-08-21 12:54:20 - INFO - Confusion matrix - [[tn=78, fp=139], [fn=93, tp=146]]
2026-08-21 12:54:20 - INFO - probability_positive min=0.4112 mean=0.5249 std=0.0468 max=0.6187 predicted_0=171 predicted_1=285
2026-08-21 12:54:20 - INFO - [Classification Report - split=validation epoch=1 - threshold=0.50]
2026-08-21 12:54:20 - INFO -                 precision    recall  f1-score   support
2026-08-21 12:54:20 - INFO - 
2026-08-21 12:54:20 - INFO -       safe (0)     0.5643    0.9518    0.7085        83
2026-08-21 12:54:20 - INFO - vulnerable (1)     0.6667    0.1159    0.1975        69
2026-08-21 12:54:20 - INFO - 
2026-08-21 12:54:20 - INFO -       accuracy                         0.5724       152
2026-08-21 12:54:20 - INFO -      macro avg     0.6155    0.5339    0.4530       152
2026-08-21 12:54:20 - INFO -   weighted avg     0.6108    0.5724    0.4766       152
2026-08-21 12:54:20 - INFO - Confusion matrix - [[tn=79, fp=4], [fn=61, tp=8]]
2026-08-21 12:54:20 - INFO - probability_positive min=0.4229 mean=0.4739 std=0.0170 max=0.5216 predicted_0=140 predicted_1=12
2026-08-21 12:54:20 - INFO - New best model | Macro-F1: 0.453026 | Epoch: 1
2026-08-21 12:54:31 - INFO - Epoch 2/30 | Train loss: 0.680376 | Val loss: 0.721049 | LR: 2.00e-05 | Best epoch: 1 | Patience: 0 | Train: 9.77s | Validation: 1.05s | Epoch: 10.83s | Total: 22.09s
2026-08-21 12:54:31 - INFO - [Classification Report - split=train epoch=2 - threshold=0.50]
2026-08-21 12:54:31 - INFO -                 precision    recall  f1-score   support
2026-08-21 12:54:31 - INFO - 
2026-08-21 12:54:31 - INFO -       safe (0)     0.6114    0.4931    0.5459       217
2026-08-21 12:54:31 - INFO - vulnerable (1)     0.6085    0.7155    0.6577       239
2026-08-21 12:54:31 - INFO - 
2026-08-21 12:54:31 - INFO -       accuracy                         0.6096       456
2026-08-21 12:54:31 - INFO -      macro avg     0.6100    0.6043    0.6018       456
2026-08-21 12:54:31 - INFO -   weighted avg     0.6099    0.6096    0.6045       456
2026-08-21 12:54:31 - INFO - Confusion matrix - [[tn=107, fp=110], [fn=68, tp=171]]
2026-08-21 12:54:31 - INFO - probability_positive min=0.3796 mean=0.5076 std=0.0302 max=0.6078 predicted_0=175 predicted_1=281
2026-08-21 12:54:31 - INFO - [Classification Report - split=validation epoch=2 - threshold=0.50]
2026-08-21 12:54:31 - INFO -                 precision    recall  f1-score   support
2026-08-21 12:54:31 - INFO - 
2026-08-21 12:54:31 - INFO -       safe (0)     0.3333    0.0241    0.0449        83
2026-08-21 12:54:31 - INFO - vulnerable (1)     0.4452    0.9420    0.6047        69
2026-08-21 12:54:31 - INFO - 
2026-08-21 12:54:31 - INFO -       accuracy                         0.4408       152
2026-08-21 12:54:31 - INFO -      macro avg     0.3893    0.4831    0.3248       152
2026-08-21 12:54:31 - INFO -   weighted avg     0.3841    0.4408    0.2990       152
2026-08-21 12:54:31 - INFO - Confusion matrix - [[tn=2, fp=81], [fn=4, tp=65]]
2026-08-21 12:54:31 - INFO - probability_positive min=0.4610 mean=0.5668 std=0.0339 max=0.6349 predicted_0=6 predicted_1=146
2026-08-21 12:54:42 - INFO - Epoch 3/30 | Train loss: 0.661924 | Val loss: 0.712182 | LR: 2.00e-05 | Best epoch: 3 | Patience: 0 | Train: 9.79s | Validation: 1.06s | Epoch: 11.27s | Total: 33.37s
2026-08-21 12:54:42 - INFO - [Classification Report - split=train epoch=3 - threshold=0.50]
2026-08-21 12:54:42 - INFO -                 precision    recall  f1-score   support
2026-08-21 12:54:42 - INFO - 
2026-08-21 12:54:42 - INFO -       safe (0)     0.6014    0.4101    0.4877       217
2026-08-21 12:54:42 - INFO - vulnerable (1)     0.5844    0.7531    0.6581       239
2026-08-21 12:54:42 - INFO - 
2026-08-21 12:54:42 - INFO -       accuracy                         0.5899       456
2026-08-21 12:54:42 - INFO -      macro avg     0.5929    0.5816    0.5729       456
2026-08-21 12:54:42 - INFO -   weighted avg     0.5925    0.5899    0.5770       456
2026-08-21 12:54:42 - INFO - Confusion matrix - [[tn=89, fp=128], [fn=59, tp=180]]
2026-08-21 12:54:42 - INFO - probability_positive min=0.2482 mean=0.5301 std=0.0752 max=0.6881 predicted_0=148 predicted_1=308
2026-08-21 12:54:42 - INFO - [Classification Report - split=validation epoch=3 - threshold=0.50]
2026-08-21 12:54:42 - INFO -                 precision    recall  f1-score   support
2026-08-21 12:54:42 - INFO - 
2026-08-21 12:54:42 - INFO -       safe (0)     0.7500    0.1807    0.2913        83
2026-08-21 12:54:42 - INFO - vulnerable (1)     0.4848    0.9275    0.6368        69
2026-08-21 12:54:42 - INFO - 
2026-08-21 12:54:42 - INFO -       accuracy                         0.5197       152
2026-08-21 12:54:42 - INFO -      macro avg     0.6174    0.5541    0.4640       152
2026-08-21 12:54:42 - INFO -   weighted avg     0.6296    0.5197    0.4481       152
2026-08-21 12:54:42 - INFO - Confusion matrix - [[tn=15, fp=68], [fn=5, tp=64]]
2026-08-21 12:54:42 - INFO - probability_positive min=0.4144 mean=0.5850 std=0.0681 max=0.7366 predicted_0=20 predicted_1=132
2026-08-21 12:54:42 - INFO - New best model | Macro-F1: 0.464039 | Epoch: 3
2026-08-21 12:54:54 - INFO - Epoch 4/30 | Train loss: 0.542905 | Val loss: 0.535232 | LR: 2.00e-05 | Best epoch: 4 | Patience: 0 | Train: 9.79s | Validation: 1.06s | Epoch: 11.29s | Total: 44.67s
2026-08-21 12:54:54 - INFO - [Classification Report - split=train epoch=4 - threshold=0.50]
2026-08-21 12:54:54 - INFO -                 precision    recall  f1-score   support
2026-08-21 12:54:54 - INFO - 
2026-08-21 12:54:54 - INFO -       safe (0)     0.7805    0.5899    0.6719       217
2026-08-21 12:54:54 - INFO - vulnerable (1)     0.6952    0.8494    0.7646       239
2026-08-21 12:54:54 - INFO - 
2026-08-21 12:54:54 - INFO -       accuracy                         0.7259       456
2026-08-21 12:54:54 - INFO -      macro avg     0.7378    0.7196    0.7183       456
2026-08-21 12:54:54 - INFO -   weighted avg     0.7358    0.7259    0.7205       456
2026-08-21 12:54:54 - INFO - Confusion matrix - [[tn=128, fp=89], [fn=36, tp=203]]
2026-08-21 12:54:54 - INFO - probability_positive min=0.0236 mean=0.5411 std=0.2002 max=0.9766 predicted_0=164 predicted_1=292
2026-08-21 12:54:54 - INFO - [Classification Report - split=validation epoch=4 - threshold=0.50]
2026-08-21 12:54:54 - INFO -                 precision    recall  f1-score   support
2026-08-21 12:54:54 - INFO - 
2026-08-21 12:54:54 - INFO -       safe (0)     0.8000    0.6265    0.7027        83
2026-08-21 12:54:54 - INFO - vulnerable (1)     0.6437    0.8116    0.7179        69
2026-08-21 12:54:54 - INFO - 
2026-08-21 12:54:54 - INFO -       accuracy                         0.7105       152
2026-08-21 12:54:54 - INFO -      macro avg     0.7218    0.7191    0.7103       152
2026-08-21 12:54:54 - INFO -   weighted avg     0.7290    0.7105    0.7096       152
2026-08-21 12:54:54 - INFO - Confusion matrix - [[tn=52, fp=31], [fn=13, tp=56]]
2026-08-21 12:54:54 - INFO - probability_positive min=0.0079 mean=0.5357 std=0.3621 max=0.9826 predicted_0=65 predicted_1=87
2026-08-21 12:54:54 - INFO - New best model | Macro-F1: 0.710326 | Epoch: 4
2026-08-21 12:55:05 - INFO - Epoch 5/30 | Train loss: 0.338307 | Val loss: 0.439415 | LR: 2.00e-05 | Best epoch: 5 | Patience: 0 | Train: 9.80s | Validation: 1.06s | Epoch: 11.28s | Total: 55.97s
2026-08-21 12:55:05 - INFO - [Classification Report - split=train epoch=5 - threshold=0.50]
2026-08-21 12:55:05 - INFO -                 precision    recall  f1-score   support
2026-08-21 12:55:05 - INFO - 
2026-08-21 12:55:05 - INFO -       safe (0)     0.8827    0.7972    0.8378       217
2026-08-21 12:55:05 - INFO - vulnerable (1)     0.8308    0.9038    0.8657       239
2026-08-21 12:55:05 - INFO - 
2026-08-21 12:55:05 - INFO -       accuracy                         0.8531       456
2026-08-21 12:55:05 - INFO -      macro avg     0.8567    0.8505    0.8518       456
2026-08-21 12:55:05 - INFO -   weighted avg     0.8555    0.8531    0.8524       456
2026-08-21 12:55:05 - INFO - Confusion matrix - [[tn=173, fp=44], [fn=23, tp=216]]
2026-08-21 12:55:05 - INFO - probability_positive min=0.0069 mean=0.5347 std=0.3787 max=0.9914 predicted_0=196 predicted_1=260
2026-08-21 12:55:05 - INFO - [Classification Report - split=validation epoch=5 - threshold=0.50]
2026-08-21 12:55:05 - INFO -                 precision    recall  f1-score   support
2026-08-21 12:55:05 - INFO - 
2026-08-21 12:55:05 - INFO -       safe (0)     0.8519    0.8313    0.8415        83
2026-08-21 12:55:05 - INFO - vulnerable (1)     0.8028    0.8261    0.8143        69
2026-08-21 12:55:05 - INFO - 
2026-08-21 12:55:05 - INFO -       accuracy                         0.8289       152
2026-08-21 12:55:05 - INFO -      macro avg     0.8273    0.8287    0.8279       152
2026-08-21 12:55:05 - INFO -   weighted avg     0.8296    0.8289    0.8291       152
2026-08-21 12:55:05 - INFO - Confusion matrix - [[tn=69, fp=14], [fn=12, tp=57]]
2026-08-21 12:55:05 - INFO - probability_positive min=0.0032 mean=0.4597 std=0.4231 max=0.9935 predicted_0=81 predicted_1=71
2026-08-21 12:55:05 - INFO - New best model | Macro-F1: 0.827875 | Epoch: 5
2026-08-21 12:55:16 - INFO - Epoch 6/30 | Train loss: 0.243215 | Val loss: 0.570466 | LR: 2.00e-05 | Best epoch: 5 | Patience: 1 | Train: 9.80s | Validation: 1.06s | Epoch: 10.85s | Total: 66.84s
2026-08-21 12:55:16 - INFO - [Classification Report - split=train epoch=6 - threshold=0.50]
2026-08-21 12:55:16 - INFO -                 precision    recall  f1-score   support
2026-08-21 12:55:16 - INFO - 
2026-08-21 12:55:16 - INFO -       safe (0)     0.8950    0.9032    0.8991       217
2026-08-21 12:55:16 - INFO - vulnerable (1)     0.9114    0.9038    0.9076       239
2026-08-21 12:55:16 - INFO - 
2026-08-21 12:55:16 - INFO -       accuracy                         0.9035       456
2026-08-21 12:55:16 - INFO -      macro avg     0.9032    0.9035    0.9033       456
2026-08-21 12:55:16 - INFO -   weighted avg     0.9036    0.9035    0.9035       456
2026-08-21 12:55:16 - INFO - Confusion matrix - [[tn=196, fp=21], [fn=23, tp=216]]
2026-08-21 12:55:16 - INFO - probability_positive min=0.0067 mean=0.5209 std=0.4249 max=0.9970 predicted_0=219 predicted_1=237
2026-08-21 12:55:16 - INFO - [Classification Report - split=validation epoch=6 - threshold=0.50]
2026-08-21 12:55:16 - INFO -                 precision    recall  f1-score   support
2026-08-21 12:55:16 - INFO - 
2026-08-21 12:55:16 - INFO -       safe (0)     0.8971    0.7349    0.8079        83
2026-08-21 12:55:16 - INFO - vulnerable (1)     0.7381    0.8986    0.8105        69
2026-08-21 12:55:16 - INFO - 
2026-08-21 12:55:16 - INFO -       accuracy                         0.8092       152
2026-08-21 12:55:16 - INFO -      macro avg     0.8176    0.8167    0.8092       152
2026-08-21 12:55:16 - INFO -   weighted avg     0.8249    0.8092    0.8091       152
2026-08-21 12:55:16 - INFO - Confusion matrix - [[tn=61, fp=22], [fn=7, tp=62]]
2026-08-21 12:55:16 - INFO - probability_positive min=0.0041 mean=0.5534 std=0.4435 max=0.9983 predicted_0=68 predicted_1=84
2026-08-21 12:55:27 - INFO - Epoch 7/30 | Train loss: 0.164147 | Val loss: 0.636369 | LR: 2.00e-05 | Best epoch: 7 | Patience: 0 | Train: 9.79s | Validation: 1.06s | Epoch: 11.29s | Total: 78.14s
2026-08-21 12:55:27 - INFO - [Classification Report - split=train epoch=7 - threshold=0.50]
2026-08-21 12:55:27 - INFO -                 precision    recall  f1-score   support
2026-08-21 12:55:27 - INFO - 
2026-08-21 12:55:27 - INFO -       safe (0)     0.9174    0.9217    0.9195       217
2026-08-21 12:55:27 - INFO - vulnerable (1)     0.9286    0.9247    0.9266       239
2026-08-21 12:55:27 - INFO - 
2026-08-21 12:55:27 - INFO -       accuracy                         0.9232       456
2026-08-21 12:55:27 - INFO -      macro avg     0.9230    0.9232    0.9231       456
2026-08-21 12:55:27 - INFO -   weighted avg     0.9233    0.9232    0.9233       456
2026-08-21 12:55:27 - INFO - Confusion matrix - [[tn=200, fp=17], [fn=18, tp=221]]
2026-08-21 12:55:27 - INFO - probability_positive min=0.0026 mean=0.5234 std=0.4508 max=0.9989 predicted_0=218 predicted_1=238
2026-08-21 12:55:27 - INFO - [Classification Report - split=validation epoch=7 - threshold=0.50]
2026-08-21 12:55:27 - INFO -                 precision    recall  f1-score   support
2026-08-21 12:55:27 - INFO - 
2026-08-21 12:55:27 - INFO -       safe (0)     0.8831    0.8193    0.8500        83
2026-08-21 12:55:27 - INFO - vulnerable (1)     0.8000    0.8696    0.8333        69
2026-08-21 12:55:27 - INFO - 
2026-08-21 12:55:27 - INFO -       accuracy                         0.8421       152
2026-08-21 12:55:27 - INFO -      macro avg     0.8416    0.8444    0.8417       152
2026-08-21 12:55:27 - INFO -   weighted avg     0.8454    0.8421    0.8424       152
2026-08-21 12:55:27 - INFO - Confusion matrix - [[tn=68, fp=15], [fn=9, tp=60]]
2026-08-21 12:55:27 - INFO - probability_positive min=0.0014 mean=0.4950 std=0.4728 max=0.9991 predicted_0=77 predicted_1=75
2026-08-21 12:55:27 - INFO - New best model | Macro-F1: 0.841667 | Epoch: 7
2026-08-21 12:55:38 - INFO - Epoch 8/30 | Train loss: 0.131747 | Val loss: 0.641114 | LR: 2.00e-05 | Best epoch: 7 | Patience: 1 | Train: 9.80s | Validation: 1.06s | Epoch: 10.85s | Total: 89.01s
2026-08-21 12:55:38 - INFO - [Classification Report - split=train epoch=8 - threshold=0.50]
2026-08-21 12:55:38 - INFO -                 precision    recall  f1-score   support
2026-08-21 12:55:38 - INFO - 
2026-08-21 12:55:38 - INFO -       safe (0)     0.9495    0.9539    0.9517       217
2026-08-21 12:55:38 - INFO - vulnerable (1)     0.9580    0.9540    0.9560       239
2026-08-21 12:55:38 - INFO - 
2026-08-21 12:55:38 - INFO -       accuracy                         0.9539       456
2026-08-21 12:55:38 - INFO -      macro avg     0.9538    0.9539    0.9538       456
2026-08-21 12:55:38 - INFO -   weighted avg     0.9540    0.9539    0.9540       456
2026-08-21 12:55:38 - INFO - Confusion matrix - [[tn=207, fp=10], [fn=11, tp=228]]
2026-08-21 12:55:38 - INFO - probability_positive min=0.0016 mean=0.5218 std=0.4698 max=0.9992 predicted_0=218 predicted_1=238
2026-08-21 12:55:38 - INFO - [Classification Report - split=validation epoch=8 - threshold=0.50]
2026-08-21 12:55:38 - INFO -                 precision    recall  f1-score   support
2026-08-21 12:55:38 - INFO - 
2026-08-21 12:55:38 - INFO -       safe (0)     0.8452    0.8554    0.8503        83
2026-08-21 12:55:38 - INFO - vulnerable (1)     0.8235    0.8116    0.8175        69
2026-08-21 12:55:38 - INFO - 
2026-08-21 12:55:38 - INFO -       accuracy                         0.8355       152
2026-08-21 12:55:38 - INFO -      macro avg     0.8344    0.8335    0.8339       152
2026-08-21 12:55:38 - INFO -   weighted avg     0.8354    0.8355    0.8354       152
2026-08-21 12:55:38 - INFO - Confusion matrix - [[tn=71, fp=12], [fn=13, tp=56]]
2026-08-21 12:55:38 - INFO - probability_positive min=0.0010 mean=0.4612 std=0.4689 max=0.9992 predicted_0=84 predicted_1=68
2026-08-21 12:55:49 - INFO - Epoch 9/30 | Train loss: 0.127011 | Val loss: 0.850910 | LR: 2.00e-05 | Best epoch: 7 | Patience: 2 | Train: 9.80s | Validation: 1.06s | Epoch: 10.85s | Total: 99.88s
2026-08-21 12:55:49 - INFO - [Classification Report - split=train epoch=9 - threshold=0.50]
2026-08-21 12:55:49 - INFO -                 precision    recall  f1-score   support
2026-08-21 12:55:49 - INFO - 
2026-08-21 12:55:49 - INFO -       safe (0)     0.9803    0.9171    0.9476       217
2026-08-21 12:55:49 - INFO - vulnerable (1)     0.9289    0.9833    0.9553       239
2026-08-21 12:55:49 - INFO - 
2026-08-21 12:55:49 - INFO -       accuracy                         0.9518       456
2026-08-21 12:55:49 - INFO -      macro avg     0.9546    0.9502    0.9515       456
2026-08-21 12:55:49 - INFO -   weighted avg     0.9533    0.9518    0.9516       456
2026-08-21 12:55:49 - INFO - Confusion matrix - [[tn=199, fp=18], [fn=4, tp=235]]
2026-08-21 12:55:49 - INFO - probability_positive min=0.0012 mean=0.5465 std=0.4720 max=0.9993 predicted_0=203 predicted_1=253
2026-08-21 12:55:49 - INFO - [Classification Report - split=validation epoch=9 - threshold=0.50]
2026-08-21 12:55:49 - INFO -                 precision    recall  f1-score   support
2026-08-21 12:55:49 - INFO - 
2026-08-21 12:55:49 - INFO -       safe (0)     0.8986    0.7470    0.8158        83
2026-08-21 12:55:49 - INFO - vulnerable (1)     0.7470    0.8986    0.8158        69
2026-08-21 12:55:49 - INFO - 
2026-08-21 12:55:49 - INFO -       accuracy                         0.8158       152
2026-08-21 12:55:49 - INFO -      macro avg     0.8228    0.8228    0.8158       152
2026-08-21 12:55:49 - INFO -   weighted avg     0.8297    0.8158    0.8158       152
2026-08-21 12:55:49 - INFO - Confusion matrix - [[tn=62, fp=21], [fn=7, tp=62]]
2026-08-21 12:55:49 - INFO - probability_positive min=0.0007 mean=0.5452 std=0.4836 max=0.9995 predicted_0=69 predicted_1=83
2026-08-21 12:56:00 - INFO - Epoch 10/30 | Train loss: 0.099070 | Val loss: 0.823401 | LR: 2.00e-05 | Best epoch: 10 | Patience: 0 | Train: 9.80s | Validation: 1.06s | Epoch: 11.29s | Total: 111.17s
2026-08-21 12:56:00 - INFO - [Classification Report - split=train epoch=10 - threshold=0.50]
2026-08-21 12:56:00 - INFO -                 precision    recall  f1-score   support
2026-08-21 12:56:00 - INFO - 
2026-08-21 12:56:00 - INFO -       safe (0)     0.9856    0.9493    0.9671       217
2026-08-21 12:56:00 - INFO - vulnerable (1)     0.9555    0.9874    0.9712       239
2026-08-21 12:56:00 - INFO - 
2026-08-21 12:56:00 - INFO -       accuracy                         0.9693       456
2026-08-21 12:56:00 - INFO -      macro avg     0.9706    0.9684    0.9692       456
2026-08-21 12:56:00 - INFO -   weighted avg     0.9698    0.9693    0.9693       456
2026-08-21 12:56:00 - INFO - Confusion matrix - [[tn=206, fp=11], [fn=3, tp=236]]
2026-08-21 12:56:00 - INFO - probability_positive min=0.0008 mean=0.5354 std=0.4863 max=0.9995 predicted_0=209 predicted_1=247
2026-08-21 12:56:00 - INFO - [Classification Report - split=validation epoch=10 - threshold=0.50]
2026-08-21 12:56:00 - INFO -                 precision    recall  f1-score   support
2026-08-21 12:56:00 - INFO - 
2026-08-21 12:56:00 - INFO -       safe (0)     0.8933    0.8072    0.8481        83
2026-08-21 12:56:00 - INFO - vulnerable (1)     0.7922    0.8841    0.8356        69
2026-08-21 12:56:00 - INFO - 
2026-08-21 12:56:00 - INFO -       accuracy                         0.8421       152
2026-08-21 12:56:00 - INFO -      macro avg     0.8428    0.8456    0.8419       152
2026-08-21 12:56:00 - INFO -   weighted avg     0.8474    0.8421    0.8424       152
2026-08-21 12:56:00 - INFO - Confusion matrix - [[tn=67, fp=16], [fn=8, tp=61]]
2026-08-21 12:56:00 - INFO - probability_positive min=0.0005 mean=0.4988 std=0.4873 max=0.9994 predicted_0=75 predicted_1=77
2026-08-21 12:56:00 - INFO - New best model | Macro-F1: 0.841859 | Epoch: 10
2026-08-21 12:56:11 - INFO - Epoch 11/30 | Train loss: 0.059759 | Val loss: 0.839033 | LR: 2.00e-05 | Best epoch: 10 | Patience: 1 | Train: 9.79s | Validation: 1.06s | Epoch: 10.85s | Total: 122.04s
2026-08-21 12:56:11 - INFO - [Classification Report - split=train epoch=11 - threshold=0.50]
2026-08-21 12:56:11 - INFO -                 precision    recall  f1-score   support
2026-08-21 12:56:11 - INFO - 
2026-08-21 12:56:11 - INFO -       safe (0)     0.9814    0.9724    0.9769       217
2026-08-21 12:56:11 - INFO - vulnerable (1)     0.9751    0.9833    0.9792       239
2026-08-21 12:56:11 - INFO - 
2026-08-21 12:56:11 - INFO -       accuracy                         0.9781       456
2026-08-21 12:56:11 - INFO -      macro avg     0.9782    0.9778    0.9780       456
2026-08-21 12:56:11 - INFO -   weighted avg     0.9781    0.9781    0.9781       456
2026-08-21 12:56:11 - INFO - Confusion matrix - [[tn=211, fp=6], [fn=4, tp=235]]
2026-08-21 12:56:11 - INFO - probability_positive min=0.0006 mean=0.5267 std=0.4876 max=0.9994 predicted_0=215 predicted_1=241
2026-08-21 12:56:11 - INFO - [Classification Report - split=validation epoch=11 - threshold=0.50]
2026-08-21 12:56:11 - INFO -                 precision    recall  f1-score   support
2026-08-21 12:56:11 - INFO - 
2026-08-21 12:56:11 - INFO -       safe (0)     0.8276    0.8675    0.8471        83
2026-08-21 12:56:11 - INFO - vulnerable (1)     0.8308    0.7826    0.8060        69
2026-08-21 12:56:11 - INFO - 
2026-08-21 12:56:11 - INFO -       accuracy                         0.8289       152
2026-08-21 12:56:11 - INFO -      macro avg     0.8292    0.8250    0.8265       152
2026-08-21 12:56:11 - INFO -   weighted avg     0.8290    0.8289    0.8284       152
2026-08-21 12:56:11 - INFO - Confusion matrix - [[tn=72, fp=11], [fn=15, tp=54]]
2026-08-21 12:56:11 - INFO - probability_positive min=0.0004 mean=0.4360 std=0.4786 max=0.9995 predicted_0=87 predicted_1=65
2026-08-21 12:56:22 - INFO - Epoch 12/30 | Train loss: 0.083155 | Val loss: 0.987296 | LR: 2.00e-05 | Best epoch: 10 | Patience: 2 | Train: 9.80s | Validation: 1.06s | Epoch: 10.86s | Total: 132.91s
2026-08-21 12:56:22 - INFO - [Classification Report - split=train epoch=12 - threshold=0.50]
2026-08-21 12:56:22 - INFO -                 precision    recall  f1-score   support
2026-08-21 12:56:22 - INFO - 
2026-08-21 12:56:22 - INFO -       safe (0)     0.9635    0.9724    0.9679       217
2026-08-21 12:56:22 - INFO - vulnerable (1)     0.9747    0.9665    0.9706       239
2026-08-21 12:56:22 - INFO - 
2026-08-21 12:56:22 - INFO -       accuracy                         0.9693       456
2026-08-21 12:56:22 - INFO -      macro avg     0.9691    0.9694    0.9692       456
2026-08-21 12:56:22 - INFO -   weighted avg     0.9693    0.9693    0.9693       456
2026-08-21 12:56:22 - INFO - Confusion matrix - [[tn=211, fp=6], [fn=8, tp=231]]
2026-08-21 12:56:22 - INFO - probability_positive min=0.0005 mean=0.5216 std=0.4863 max=0.9994 predicted_0=219 predicted_1=237
2026-08-21 12:56:22 - INFO - [Classification Report - split=validation epoch=12 - threshold=0.50]
2026-08-21 12:56:22 - INFO -                 precision    recall  f1-score   support
2026-08-21 12:56:22 - INFO - 
2026-08-21 12:56:22 - INFO -       safe (0)     0.8571    0.7952    0.8250        83
2026-08-21 12:56:22 - INFO - vulnerable (1)     0.7733    0.8406    0.8056        69
2026-08-21 12:56:22 - INFO - 
2026-08-21 12:56:22 - INFO -       accuracy                         0.8158       152
2026-08-21 12:56:22 - INFO -      macro avg     0.8152    0.8179    0.8153       152
2026-08-21 12:56:22 - INFO -   weighted avg     0.8191    0.8158    0.8162       152
2026-08-21 12:56:22 - INFO - Confusion matrix - [[tn=66, fp=17], [fn=11, tp=58]]
2026-08-21 12:56:22 - INFO - probability_positive min=0.0003 mean=0.4955 std=0.4892 max=0.9996 predicted_0=77 predicted_1=75
2026-08-21 12:56:33 - INFO - Epoch 13/30 | Train loss: 0.059758 | Val loss: 0.938786 | LR: 2.00e-05 | Best epoch: 13 | Patience: 0 | Train: 9.80s | Validation: 1.06s | Epoch: 11.29s | Total: 144.21s
2026-08-21 12:56:33 - INFO - [Classification Report - split=train epoch=13 - threshold=0.50]
2026-08-21 12:56:33 - INFO -                 precision    recall  f1-score   support
2026-08-21 12:56:33 - INFO - 
2026-08-21 12:56:33 - INFO -       safe (0)     0.9769    0.9724    0.9746       217
2026-08-21 12:56:33 - INFO - vulnerable (1)     0.9750    0.9791    0.9770       239
2026-08-21 12:56:33 - INFO - 
2026-08-21 12:56:33 - INFO -       accuracy                         0.9759       456
2026-08-21 12:56:33 - INFO -      macro avg     0.9759    0.9757    0.9758       456
2026-08-21 12:56:33 - INFO -   weighted avg     0.9759    0.9759    0.9759       456
2026-08-21 12:56:33 - INFO - Confusion matrix - [[tn=211, fp=6], [fn=5, tp=234]]
2026-08-21 12:56:33 - INFO - probability_positive min=0.0005 mean=0.5230 std=0.4898 max=0.9996 predicted_0=216 predicted_1=240
2026-08-21 12:56:33 - INFO - [Classification Report - split=validation epoch=13 - threshold=0.50]
2026-08-21 12:56:33 - INFO -                 precision    recall  f1-score   support
2026-08-21 12:56:33 - INFO - 
2026-08-21 12:56:33 - INFO -       safe (0)     0.9054    0.8072    0.8535        83
2026-08-21 12:56:33 - INFO - vulnerable (1)     0.7949    0.8986    0.8435        69
2026-08-21 12:56:33 - INFO - 
2026-08-21 12:56:33 - INFO -       accuracy                         0.8487       152
2026-08-21 12:56:33 - INFO -      macro avg     0.8501    0.8529    0.8485       152
2026-08-21 12:56:33 - INFO -   weighted avg     0.8552    0.8487    0.8490       152
2026-08-21 12:56:33 - INFO - Confusion matrix - [[tn=67, fp=16], [fn=7, tp=62]]
2026-08-21 12:56:33 - INFO - probability_positive min=0.0003 mean=0.5175 std=0.4924 max=0.9996 predicted_0=74 predicted_1=78
2026-08-21 12:56:33 - INFO - New best model | Macro-F1: 0.848520 | Epoch: 13
2026-08-21 12:56:44 - INFO - Epoch 14/30 | Train loss: 0.049704 | Val loss: 0.954977 | LR: 2.00e-05 | Best epoch: 13 | Patience: 1 | Train: 9.80s | Validation: 1.06s | Epoch: 10.86s | Total: 155.10s
2026-08-21 12:56:44 - INFO - [Classification Report - split=train epoch=14 - threshold=0.50]
2026-08-21 12:56:44 - INFO -                 precision    recall  f1-score   support
2026-08-21 12:56:44 - INFO - 
2026-08-21 12:56:44 - INFO -       safe (0)     0.9814    0.9724    0.9769       217
2026-08-21 12:56:44 - INFO - vulnerable (1)     0.9751    0.9833    0.9792       239
2026-08-21 12:56:44 - INFO - 
2026-08-21 12:56:44 - INFO -       accuracy                         0.9781       456
2026-08-21 12:56:44 - INFO -      macro avg     0.9782    0.9778    0.9780       456
2026-08-21 12:56:44 - INFO -   weighted avg     0.9781    0.9781    0.9781       456
2026-08-21 12:56:44 - INFO - Confusion matrix - [[tn=211, fp=6], [fn=4, tp=235]]
2026-08-21 12:56:44 - INFO - probability_positive min=0.0004 mean=0.5284 std=0.4929 max=0.9996 predicted_0=215 predicted_1=241
2026-08-21 12:56:44 - INFO - [Classification Report - split=validation epoch=14 - threshold=0.50]
2026-08-21 12:56:44 - INFO -                 precision    recall  f1-score   support
2026-08-21 12:56:44 - INFO - 
2026-08-21 12:56:44 - INFO -       safe (0)     0.8816    0.8072    0.8428        83
2026-08-21 12:56:44 - INFO - vulnerable (1)     0.7895    0.8696    0.8276        69
2026-08-21 12:56:44 - INFO - 
2026-08-21 12:56:44 - INFO -       accuracy                         0.8355       152
2026-08-21 12:56:44 - INFO -      macro avg     0.8355    0.8384    0.8352       152
2026-08-21 12:56:44 - INFO -   weighted avg     0.8398    0.8355    0.8359       152
2026-08-21 12:56:44 - INFO - Confusion matrix - [[tn=67, fp=16], [fn=9, tp=60]]
2026-08-21 12:56:44 - INFO - probability_positive min=0.0003 mean=0.4965 std=0.4940 max=0.9997 predicted_0=76 predicted_1=76
2026-08-21 12:56:55 - INFO - Epoch 15/30 | Train loss: 0.027924 | Val loss: 1.100843 | LR: 2.00e-05 | Best epoch: 13 | Patience: 2 | Train: 9.79s | Validation: 1.06s | Epoch: 10.85s | Total: 165.96s
2026-08-21 12:56:55 - INFO - [Classification Report - split=train epoch=15 - threshold=0.50]
2026-08-21 12:56:55 - INFO -                 precision    recall  f1-score   support
2026-08-21 12:56:55 - INFO - 
2026-08-21 12:56:55 - INFO -       safe (0)     0.9860    0.9770    0.9815       217
2026-08-21 12:56:55 - INFO - vulnerable (1)     0.9793    0.9874    0.9833       239
2026-08-21 12:56:55 - INFO - 
2026-08-21 12:56:55 - INFO -       accuracy                         0.9825       456
2026-08-21 12:56:55 - INFO -      macro avg     0.9826    0.9822    0.9824       456
2026-08-21 12:56:55 - INFO -   weighted avg     0.9825    0.9825    0.9825       456
2026-08-21 12:56:55 - INFO - Confusion matrix - [[tn=212, fp=5], [fn=3, tp=236]]
2026-08-21 12:56:55 - INFO - probability_positive min=0.0004 mean=0.5252 std=0.4921 max=0.9997 predicted_0=215 predicted_1=241
2026-08-21 12:56:55 - INFO - [Classification Report - split=validation epoch=15 - threshold=0.50]
2026-08-21 12:56:55 - INFO -                 precision    recall  f1-score   support
2026-08-21 12:56:55 - INFO - 
2026-08-21 12:56:55 - INFO -       safe (0)     0.8889    0.7711    0.8258        83
2026-08-21 12:56:55 - INFO - vulnerable (1)     0.7625    0.8841    0.8188        69
2026-08-21 12:56:55 - INFO - 
2026-08-21 12:56:55 - INFO -       accuracy                         0.8224       152
2026-08-21 12:56:55 - INFO -      macro avg     0.8257    0.8276    0.8223       152
2026-08-21 12:56:55 - INFO -   weighted avg     0.8315    0.8224    0.8226       152
2026-08-21 12:56:55 - INFO - Confusion matrix - [[tn=64, fp=19], [fn=8, tp=61]]
2026-08-21 12:56:55 - INFO - probability_positive min=0.0002 mean=0.5294 std=0.4934 max=0.9998 predicted_0=72 predicted_1=80
2026-08-21 12:57:06 - INFO - Epoch 16/30 | Train loss: 0.032495 | Val loss: 1.011045 | LR: 2.00e-05 | Best epoch: 13 | Patience: 3 | Train: 9.79s | Validation: 1.06s | Epoch: 10.85s | Total: 176.82s
2026-08-21 12:57:06 - INFO - [Classification Report - split=train epoch=16 - threshold=0.50]
2026-08-21 12:57:06 - INFO -                 precision    recall  f1-score   support
2026-08-21 12:57:06 - INFO - 
2026-08-21 12:57:06 - INFO -       safe (0)     0.9773    0.9908    0.9840       217
2026-08-21 12:57:06 - INFO - vulnerable (1)     0.9915    0.9791    0.9853       239
2026-08-21 12:57:06 - INFO - 
2026-08-21 12:57:06 - INFO -       accuracy                         0.9846       456
2026-08-21 12:57:06 - INFO -      macro avg     0.9844    0.9849    0.9846       456
2026-08-21 12:57:06 - INFO -   weighted avg     0.9847    0.9846    0.9847       456
2026-08-21 12:57:06 - INFO - Confusion matrix - [[tn=215, fp=2], [fn=5, tp=234]]
2026-08-21 12:57:06 - INFO - probability_positive min=0.0003 mean=0.5192 std=0.4942 max=0.9998 predicted_0=220 predicted_1=236
2026-08-21 12:57:06 - INFO - [Classification Report - split=validation epoch=16 - threshold=0.50]
2026-08-21 12:57:06 - INFO -                 precision    recall  f1-score   support
2026-08-21 12:57:06 - INFO - 
2026-08-21 12:57:06 - INFO -       safe (0)     0.8846    0.8313    0.8571        83
2026-08-21 12:57:06 - INFO - vulnerable (1)     0.8108    0.8696    0.8392        69
2026-08-21 12:57:06 - INFO - 
2026-08-21 12:57:06 - INFO -       accuracy                         0.8487       152
2026-08-21 12:57:06 - INFO -      macro avg     0.8477    0.8504    0.8482       152
2026-08-21 12:57:06 - INFO -   weighted avg     0.8511    0.8487    0.8490       152
2026-08-21 12:57:06 - INFO - Confusion matrix - [[tn=69, fp=14], [fn=9, tp=60]]
2026-08-21 12:57:06 - INFO - probability_positive min=0.0002 mean=0.4865 std=0.4963 max=0.9998 predicted_0=78 predicted_1=74
2026-08-21 12:57:17 - INFO - Epoch 17/30 | Train loss: 0.033101 | Val loss: 1.099968 | LR: 2.00e-05 | Best epoch: 13 | Patience: 4 | Train: 9.80s | Validation: 1.06s | Epoch: 10.85s | Total: 187.68s
2026-08-21 12:57:17 - INFO - [Classification Report - split=train epoch=17 - threshold=0.50]
2026-08-21 12:57:17 - INFO -                 precision    recall  f1-score   support
2026-08-21 12:57:17 - INFO - 
2026-08-21 12:57:17 - INFO -       safe (0)     0.9727    0.9862    0.9794       217
2026-08-21 12:57:17 - INFO - vulnerable (1)     0.9873    0.9749    0.9811       239
2026-08-21 12:57:17 - INFO - 
2026-08-21 12:57:17 - INFO -       accuracy                         0.9803       456
2026-08-21 12:57:17 - INFO -      macro avg     0.9800    0.9805    0.9802       456
2026-08-21 12:57:17 - INFO -   weighted avg     0.9804    0.9803    0.9803       456
2026-08-21 12:57:17 - INFO - Confusion matrix - [[tn=214, fp=3], [fn=6, tp=233]]
2026-08-21 12:57:17 - INFO - probability_positive min=0.0003 mean=0.5206 std=0.4933 max=0.9998 predicted_0=220 predicted_1=236
2026-08-21 12:57:17 - INFO - [Classification Report - split=validation epoch=17 - threshold=0.50]
2026-08-21 12:57:17 - INFO -                 precision    recall  f1-score   support
2026-08-21 12:57:17 - INFO - 
2026-08-21 12:57:17 - INFO -       safe (0)     0.8919    0.7952    0.8408        83
2026-08-21 12:57:17 - INFO - vulnerable (1)     0.7821    0.8841    0.8299        69
2026-08-21 12:57:17 - INFO - 
2026-08-21 12:57:17 - INFO -       accuracy                         0.8355       152
2026-08-21 12:57:17 - INFO -      macro avg     0.8370    0.8396    0.8353       152
2026-08-21 12:57:17 - INFO -   weighted avg     0.8420    0.8355    0.8358       152
2026-08-21 12:57:17 - INFO - Confusion matrix - [[tn=66, fp=17], [fn=8, tp=61]]
2026-08-21 12:57:17 - INFO - probability_positive min=0.0002 mean=0.5193 std=0.4894 max=0.9998 predicted_0=74 predicted_1=78
2026-08-21 12:57:27 - INFO - Epoch 18/30 | Train loss: 0.014277 | Val loss: 1.221648 | LR: 2.00e-05 | Best epoch: 13 | Patience: 5 | Train: 9.80s | Validation: 1.06s | Epoch: 10.85s | Total: 198.54s
2026-08-21 12:57:27 - INFO - [Classification Report - split=train epoch=18 - threshold=0.50]
2026-08-21 12:57:27 - INFO -                 precision    recall  f1-score   support
2026-08-21 12:57:27 - INFO - 
2026-08-21 12:57:27 - INFO -       safe (0)     0.9908    0.9908    0.9908       217
2026-08-21 12:57:27 - INFO - vulnerable (1)     0.9916    0.9916    0.9916       239
2026-08-21 12:57:27 - INFO - 
2026-08-21 12:57:27 - INFO -       accuracy                         0.9912       456
2026-08-21 12:57:27 - INFO -      macro avg     0.9912    0.9912    0.9912       456
2026-08-21 12:57:27 - INFO -   weighted avg     0.9912    0.9912    0.9912       456
2026-08-21 12:57:27 - INFO - Confusion matrix - [[tn=215, fp=2], [fn=2, tp=237]]
2026-08-21 12:57:27 - INFO - probability_positive min=0.0003 mean=0.5244 std=0.4939 max=0.9998 predicted_0=217 predicted_1=239
2026-08-21 12:57:27 - INFO - [Classification Report - split=validation epoch=18 - threshold=0.50]
2026-08-21 12:57:27 - INFO -                 precision    recall  f1-score   support
2026-08-21 12:57:27 - INFO - 
2026-08-21 12:57:27 - INFO -       safe (0)     0.8919    0.7952    0.8408        83
2026-08-21 12:57:27 - INFO - vulnerable (1)     0.7821    0.8841    0.8299        69
2026-08-21 12:57:27 - INFO - 
2026-08-21 12:57:27 - INFO -       accuracy                         0.8355       152
2026-08-21 12:57:27 - INFO -      macro avg     0.8370    0.8396    0.8353       152
2026-08-21 12:57:27 - INFO -   weighted avg     0.8420    0.8355    0.8358       152
2026-08-21 12:57:27 - INFO - Confusion matrix - [[tn=66, fp=17], [fn=8, tp=61]]
2026-08-21 12:57:27 - INFO - probability_positive min=0.0002 mean=0.5178 std=0.4928 max=0.9999 predicted_0=74 predicted_1=78
2026-08-21 12:57:27 - INFO - Early stopping | Epoch: 18 | Best epoch: 13
2026-08-21 12:57:27 - INFO - Best checkpoint saved | Path: model/parent_ref_t5pm/baseline/seed_42/fold3/best.pt | Epoch: 13 | Val macro_f1: 0.848520
2026-08-21 12:57:27 - INFO - Training finished | Elapsed: 198.55s
2026-08-21 12:57:27 - INFO - Run finished | Phase: baseline_train | Fold: 3 | Seed: 42 | Elapsed: 201.08s
