2026-08-21 11:59:13 - INFO - Using device: cuda
2026-08-21 11:59:13 - INFO - Run started | Run: t5p_mean_t5pm | Method: baseline | Phase: baseline_infer | Fold: 3 | Seed: 42 | Device: cuda
2026-08-21 11:59:14 - INFO - Loading Python validation data: data/sven_python_folds_norm/fold3/val.jsonl
2026-08-21 11:59:14 - INFO - Loading Python test data: data/sven_python_folds_norm/fold3/test.jsonl
2026-08-21 11:59:14 - INFO - Data split: python_val | Total: 152 | Labels: {0: 83, 1: 69} | CWEs: {'CWE-022': 11, 'CWE-078': 41, 'CWE-079': 13, 'CWE-089': 87} | Languages: {'python': 152} | Invalid CWE: 0
2026-08-21 11:59:14 - INFO - Data split: python_test | Total: 152 | Labels: {0: 80, 1: 72} | CWEs: {'CWE-022': 15, 'CWE-078': 38, 'CWE-079': 20, 'CWE-089': 79} | Languages: {'python': 152} | Invalid CWE: 0
2026-08-21 11:59:16 - INFO - Environment: {"components": {"backbone": {"frozen": 0, "total": 109607040, "trainable": 109607040}, "vul_head": {"frozen": 0, "total": 1538, "trainable": 1538}}, "cuda": "12.8", "fold": 3, "frozen_parameters": 0, "gpu": "NVIDIA GeForce RTX 5060 Ti", "hyperparameters": {"batch_size": 16, "checkpoint_path": "model/t5p_mean_t5pm/baseline/seed_42/fold3/best.pt", "data_root": "data/sven_python_folds_norm", "epochs": 10, "eval_batch_size": 16, "fold": 3, "learning_rate": 2e-05, "max_eval_samples": null, "max_grad_norm": 1.0, "max_length": 512, "max_train_samples": null, "method_name": "baseline", "min_epochs": 3, "model_name": "Salesforce/codet5p-220m", "num_workers": 0, "patience": 5, "phase": "infer", "pooling": "mean", "result_path": "results/t5p_mean_t5pm/baseline/seed_42/fold3.json", "run_name": "t5p_mean_t5pm", "seed": 42, "target_lang": "python", "test_path": null, "train_path": null, "truncation_strategy": "head_middle_tail", "val_path": null, "weight_decay": 0.01}, "mode": "baseline_inference_no_optimizer", "model_name": "Salesforce/codet5p-220m", "seed": 42, "sklearn": "1.7.2", "torch": "2.11.0+cu128", "trainable_parameters": 109608578, "transformers": "4.57.1"}
2026-08-21 11:59:18 - INFO - Evaluation time | Split: validation+threshold | Seconds: 2.45
2026-08-21 11:59:18 - INFO - [Classification Report - split=validation - threshold=0.50]
2026-08-21 11:59:18 - INFO -                 precision    recall  f1-score   support
2026-08-21 11:59:18 - INFO - 
2026-08-21 11:59:18 - INFO -       safe (0)     0.8659    0.8554    0.8606        83
2026-08-21 11:59:18 - INFO - vulnerable (1)     0.8286    0.8406    0.8345        69
2026-08-21 11:59:18 - INFO - 
2026-08-21 11:59:18 - INFO -       accuracy                         0.8487       152
2026-08-21 11:59:18 - INFO -      macro avg     0.8472    0.8480    0.8476       152
2026-08-21 11:59:18 - INFO -   weighted avg     0.8489    0.8487    0.8488       152
2026-08-21 11:59:18 - INFO - Confusion matrix - [[tn=71, fp=12], [fn=11, tp=58]]
2026-08-21 11:59:18 - INFO - probability_positive min=0.0006 mean=0.4548 std=0.4799 max=0.9993 predicted_0=82 predicted_1=70
2026-08-21 11:59:18 - INFO - [Classification Report - split=validation_calibrated - threshold=0.31]
2026-08-21 11:59:18 - INFO -                 precision    recall  f1-score   support
2026-08-21 11:59:18 - INFO - 
2026-08-21 11:59:18 - INFO -       safe (0)     0.8659    0.8554    0.8606        83
2026-08-21 11:59:18 - INFO - vulnerable (1)     0.8286    0.8406    0.8345        69
2026-08-21 11:59:18 - INFO - 
2026-08-21 11:59:18 - INFO -       accuracy                         0.8487       152
2026-08-21 11:59:18 - INFO -      macro avg     0.8472    0.8480    0.8476       152
2026-08-21 11:59:18 - INFO -   weighted avg     0.8489    0.8487    0.8488       152
2026-08-21 11:59:18 - INFO - Confusion matrix - [[tn=71, fp=12], [fn=11, tp=58]]
2026-08-21 11:59:18 - INFO - probability_positive min=0.0006 mean=0.4548 std=0.4799 max=0.9993 predicted_0=82 predicted_1=70
2026-08-21 11:59:20 - INFO - Evaluation time | Split: test | Seconds: 1.97
2026-08-21 11:59:20 - INFO - [Classification Report - split=test - threshold=0.50]
2026-08-21 11:59:20 - INFO -                 precision    recall  f1-score   support
2026-08-21 11:59:20 - INFO - 
2026-08-21 11:59:20 - INFO -       safe (0)     0.7447    0.8750    0.8046        80
2026-08-21 11:59:20 - INFO - vulnerable (1)     0.8276    0.6667    0.7385        72
2026-08-21 11:59:20 - INFO - 
2026-08-21 11:59:20 - INFO -       accuracy                         0.7763       152
2026-08-21 11:59:20 - INFO -      macro avg     0.7861    0.7708    0.7715       152
2026-08-21 11:59:20 - INFO -   weighted avg     0.7840    0.7763    0.7733       152
2026-08-21 11:59:20 - INFO - Confusion matrix - [[tn=70, fp=10], [fn=24, tp=48]]
2026-08-21 11:59:20 - INFO - probability_positive min=0.0006 mean=0.3858 std=0.4534 max=0.9993 predicted_0=94 predicted_1=58
2026-08-21 11:59:20 - INFO - [Classification Report - split=test_valcal - threshold=0.31]
2026-08-21 11:59:20 - INFO -                 precision    recall  f1-score   support
2026-08-21 11:59:20 - INFO - 
2026-08-21 11:59:20 - INFO -       safe (0)     0.7753    0.8625    0.8166        80
2026-08-21 11:59:20 - INFO - vulnerable (1)     0.8254    0.7222    0.7704        72
2026-08-21 11:59:20 - INFO - 
2026-08-21 11:59:20 - INFO -       accuracy                         0.7961       152
2026-08-21 11:59:20 - INFO -      macro avg     0.8003    0.7924    0.7935       152
2026-08-21 11:59:20 - INFO -   weighted avg     0.7990    0.7961    0.7947       152
2026-08-21 11:59:20 - INFO - Confusion matrix - [[tn=69, fp=11], [fn=20, tp=52]]
2026-08-21 11:59:20 - INFO - probability_positive min=0.0006 mean=0.3858 std=0.4534 max=0.9993 predicted_0=89 predicted_1=63
2026-08-21 11:59:20 - INFO - [Classification Report - split=test_at_0.5_CWE-022 - threshold=0.50]
2026-08-21 11:59:20 - INFO -                 precision    recall  f1-score   support
2026-08-21 11:59:20 - INFO - 
2026-08-21 11:59:20 - INFO -       safe (0)     0.2000    0.4000    0.2667         5
2026-08-21 11:59:20 - INFO - vulnerable (1)     0.4000    0.2000    0.2667        10
2026-08-21 11:59:20 - INFO - 
2026-08-21 11:59:20 - INFO -       accuracy                         0.2667        15
2026-08-21 11:59:20 - INFO -      macro avg     0.3000    0.3000    0.2667        15
2026-08-21 11:59:20 - INFO -   weighted avg     0.3333    0.2667    0.2667        15
2026-08-21 11:59:20 - INFO - Confusion matrix - [[tn=2, fp=3], [fn=8, tp=2]]
2026-08-21 11:59:20 - INFO - probability_positive min=0.0020 mean=0.3309 std=0.3990 max=0.9980 predicted_0=10 predicted_1=5
2026-08-21 11:59:20 - INFO - [Classification Report - split=test_at_0.5_CWE-078 - threshold=0.50]
2026-08-21 11:59:20 - INFO -                 precision    recall  f1-score   support
2026-08-21 11:59:20 - INFO - 
2026-08-21 11:59:20 - INFO -       safe (0)     0.7143    0.8333    0.7692        18
2026-08-21 11:59:20 - INFO - vulnerable (1)     0.8235    0.7000    0.7568        20
2026-08-21 11:59:20 - INFO - 
2026-08-21 11:59:20 - INFO -       accuracy                         0.7632        38
2026-08-21 11:59:20 - INFO -      macro avg     0.7689    0.7667    0.7630        38
2026-08-21 11:59:20 - INFO -   weighted avg     0.7718    0.7632    0.7627        38
2026-08-21 11:59:20 - INFO - Confusion matrix - [[tn=15, fp=3], [fn=6, tp=14]]
2026-08-21 11:59:20 - INFO - probability_positive min=0.0007 mean=0.4649 std=0.4652 max=0.9986 predicted_0=21 predicted_1=17
2026-08-21 11:59:20 - INFO - [Classification Report - split=test_at_0.5_CWE-079 - threshold=0.50]
2026-08-21 11:59:20 - INFO -                 precision    recall  f1-score   support
2026-08-21 11:59:20 - INFO - 
2026-08-21 11:59:20 - INFO -       safe (0)     0.7000    0.6364    0.6667        11
2026-08-21 11:59:20 - INFO - vulnerable (1)     0.6000    0.6667    0.6316         9
2026-08-21 11:59:20 - INFO - 
2026-08-21 11:59:20 - INFO -       accuracy                         0.6500        20
2026-08-21 11:59:20 - INFO -      macro avg     0.6500    0.6515    0.6491        20
2026-08-21 11:59:20 - INFO -   weighted avg     0.6550    0.6500    0.6509        20
2026-08-21 11:59:20 - INFO - Confusion matrix - [[tn=7, fp=4], [fn=3, tp=6]]
2026-08-21 11:59:20 - INFO - probability_positive min=0.0011 mean=0.5055 std=0.3968 max=0.9912 predicted_0=10 predicted_1=10
2026-08-21 11:59:20 - INFO - [Classification Report - split=test_at_0.5_CWE-089 - threshold=0.50]
2026-08-21 11:59:20 - INFO -                 precision    recall  f1-score   support
2026-08-21 11:59:20 - INFO - 
2026-08-21 11:59:20 - INFO -       safe (0)     0.8679    1.0000    0.9293        46
2026-08-21 11:59:20 - INFO - vulnerable (1)     1.0000    0.7879    0.8814        33
2026-08-21 11:59:20 - INFO - 
2026-08-21 11:59:20 - INFO -       accuracy                         0.9114        79
2026-08-21 11:59:20 - INFO -      macro avg     0.9340    0.8939    0.9053        79
2026-08-21 11:59:20 - INFO -   weighted avg     0.9231    0.9114    0.9093        79
2026-08-21 11:59:20 - INFO - Confusion matrix - [[tn=46, fp=0], [fn=7, tp=26]]
2026-08-21 11:59:20 - INFO - probability_positive min=0.0006 mean=0.3279 std=0.4592 max=0.9993 predicted_0=53 predicted_1=26
2026-08-21 11:59:20 - INFO - [Classification Report - split=test_at_valcal_CWE-022 - threshold=0.31]
2026-08-21 11:59:20 - INFO -                 precision    recall  f1-score   support
2026-08-21 11:59:20 - INFO - 
2026-08-21 11:59:20 - INFO -       safe (0)     0.2222    0.4000    0.2857         5
2026-08-21 11:59:20 - INFO - vulnerable (1)     0.5000    0.3000    0.3750        10
2026-08-21 11:59:20 - INFO - 
2026-08-21 11:59:20 - INFO -       accuracy                         0.3333        15
2026-08-21 11:59:20 - INFO -      macro avg     0.3611    0.3500    0.3304        15
2026-08-21 11:59:20 - INFO -   weighted avg     0.4074    0.3333    0.3452        15
2026-08-21 11:59:20 - INFO - Confusion matrix - [[tn=2, fp=3], [fn=7, tp=3]]
2026-08-21 11:59:20 - INFO - probability_positive min=0.0020 mean=0.3309 std=0.3990 max=0.9980 predicted_0=9 predicted_1=6
2026-08-21 11:59:20 - INFO - [Classification Report - split=test_at_valcal_CWE-078 - threshold=0.31]
2026-08-21 11:59:20 - INFO -                 precision    recall  f1-score   support
2026-08-21 11:59:20 - INFO - 
2026-08-21 11:59:20 - INFO -       safe (0)     0.7368    0.7778    0.7568        18
2026-08-21 11:59:20 - INFO - vulnerable (1)     0.7895    0.7500    0.7692        20
2026-08-21 11:59:20 - INFO - 
2026-08-21 11:59:20 - INFO -       accuracy                         0.7632        38
2026-08-21 11:59:20 - INFO -      macro avg     0.7632    0.7639    0.7630        38
2026-08-21 11:59:20 - INFO -   weighted avg     0.7645    0.7632    0.7633        38
2026-08-21 11:59:20 - INFO - Confusion matrix - [[tn=14, fp=4], [fn=5, tp=15]]
2026-08-21 11:59:20 - INFO - probability_positive min=0.0007 mean=0.4649 std=0.4652 max=0.9986 predicted_0=19 predicted_1=19
2026-08-21 11:59:20 - INFO - [Classification Report - split=test_at_valcal_CWE-079 - threshold=0.31]
2026-08-21 11:59:20 - INFO -                 precision    recall  f1-score   support
2026-08-21 11:59:20 - INFO - 
2026-08-21 11:59:20 - INFO -       safe (0)     0.8750    0.6364    0.7368        11
2026-08-21 11:59:20 - INFO - vulnerable (1)     0.6667    0.8889    0.7619         9
2026-08-21 11:59:20 - INFO - 
2026-08-21 11:59:20 - INFO -       accuracy                         0.7500        20
2026-08-21 11:59:20 - INFO -      macro avg     0.7708    0.7626    0.7494        20
2026-08-21 11:59:20 - INFO -   weighted avg     0.7812    0.7500    0.7481        20
2026-08-21 11:59:20 - INFO - Confusion matrix - [[tn=7, fp=4], [fn=1, tp=8]]
2026-08-21 11:59:20 - INFO - probability_positive min=0.0011 mean=0.5055 std=0.3968 max=0.9912 predicted_0=8 predicted_1=12
2026-08-21 11:59:20 - INFO - [Classification Report - split=test_at_valcal_CWE-089 - threshold=0.31]
2026-08-21 11:59:20 - INFO -                 precision    recall  f1-score   support
2026-08-21 11:59:20 - INFO - 
2026-08-21 11:59:20 - INFO -       safe (0)     0.8679    1.0000    0.9293        46
2026-08-21 11:59:20 - INFO - vulnerable (1)     1.0000    0.7879    0.8814        33
2026-08-21 11:59:20 - INFO - 
2026-08-21 11:59:20 - INFO -       accuracy                         0.9114        79
2026-08-21 11:59:20 - INFO -      macro avg     0.9340    0.8939    0.9053        79
2026-08-21 11:59:20 - INFO -   weighted avg     0.9231    0.9114    0.9093        79
2026-08-21 11:59:20 - INFO - Confusion matrix - [[tn=46, fp=0], [fn=7, tp=26]]
2026-08-21 11:59:20 - INFO - probability_positive min=0.0006 mean=0.3279 std=0.4592 max=0.9993 predicted_0=53 predicted_1=26
2026-08-21 11:59:20 - INFO - Baseline inference result saved: results/t5p_mean_t5pm/baseline/seed_42/fold3.json
2026-08-21 11:59:20 - INFO - Run finished | Phase: baseline_infer | Fold: 3 | Seed: 42 | Elapsed: 7.15s
