2026-08-21 11:29:30 - INFO - Using device: cuda
2026-08-21 11:29:30 - INFO - Run started | Run: t5p_mean_t5pm | Method: baseline | Phase: baseline_train | Fold: 2 | Seed: 42 | Device: cuda
2026-08-21 11:29:31 - INFO - Loading Python validation data: data/sven_python_folds_norm/fold2/val.jsonl
2026-08-21 11:29:31 - INFO - Loading Python training data: data/sven_python_folds_norm/fold2/train.jsonl
2026-08-21 11:29:31 - INFO - Data split: python_train | Total: 456 | Labels: {0: 226, 1: 230} | CWEs: {'CWE-022': 43, 'CWE-078': 124, 'CWE-079': 43, 'CWE-089': 246} | Languages: {'python': 456} | Invalid CWE: 0
2026-08-21 11:29:31 - INFO - Data split: python_val | Total: 152 | Labels: {0: 80, 1: 72} | CWEs: {'CWE-022': 15, 'CWE-078': 38, 'CWE-079': 20, 'CWE-089': 79} | Languages: {'python': 152} | Invalid CWE: 0
2026-08-21 11:29:32 - INFO - Environment: {"components": {"backbone": {"frozen": 0, "total": 109607040, "trainable": 109607040}, "vul_head": {"frozen": 0, "total": 1538, "trainable": 1538}}, "cuda": "12.8", "fold": 2, "frozen_parameters": 0, "gpu": "NVIDIA GeForce RTX 5060 Ti", "hyperparameters": {"batch_size": 16, "checkpoint_path": "model/t5p_mean_t5pm/baseline/seed_42/fold2/best.pt", "data_root": "data/sven_python_folds_norm", "epochs": 30, "eval_batch_size": 16, "fold": 2, "learning_rate": 2e-05, "max_eval_samples": null, "max_grad_norm": 1.0, "max_length": 512, "max_train_samples": null, "method_name": "baseline", "min_epochs": 3, "model_name": "Salesforce/codet5p-220m", "num_workers": 0, "patience": 5, "phase": "train", "pooling": "mean", "result_path": "results/t5p_mean_t5pm/baseline/seed_42/fold2.json", "run_name": "t5p_mean_t5pm", "seed": 42, "target_lang": "python", "test_path": null, "train_path": null, "truncation_strategy": "head_middle_tail", "val_path": null, "weight_decay": 0.01}, "mode": "baseline_train", "model_name": "Salesforce/codet5p-220m", "seed": 42, "sklearn": "1.7.2", "torch": "2.11.0+cu128", "trainable_parameters": 109608578, "transformers": "4.57.1"}
2026-08-21 11:29:32 - INFO - Training started | Phase: baseline | Epochs: 30
2026-08-21 11:29:52 - INFO - Epoch 1/30 | Train loss: 0.696072 | Val loss: 0.698380 | LR: 2.00e-05 | Best epoch: 1 | Patience: 0 | Train: 17.83s | Validation: 1.97s | Epoch: 20.07s | Total: 20.07s
2026-08-21 11:29:52 - INFO - [Classification Report - split=train epoch=1 - threshold=0.50]
2026-08-21 11:29:52 - INFO -                 precision    recall  f1-score   support
2026-08-21 11:29:52 - INFO - 
2026-08-21 11:29:52 - INFO -       safe (0)     0.5192    0.3584    0.4241       226
2026-08-21 11:29:52 - INFO - vulnerable (1)     0.5167    0.6739    0.5849       230
2026-08-21 11:29:52 - INFO - 
2026-08-21 11:29:52 - INFO -       accuracy                         0.5175       456
2026-08-21 11:29:52 - INFO -      macro avg     0.5179    0.5162    0.5045       456
2026-08-21 11:29:52 - INFO -   weighted avg     0.5179    0.5175    0.5052       456
2026-08-21 11:29:52 - INFO - Confusion matrix - [[tn=81, fp=145], [fn=75, tp=155]]
2026-08-21 11:29:52 - INFO - probability_positive min=0.4082 mean=0.5171 std=0.0412 max=0.6247 predicted_0=156 predicted_1=300
2026-08-21 11:29:52 - INFO - [Classification Report - split=validation epoch=1 - threshold=0.50]
2026-08-21 11:29:52 - INFO -                 precision    recall  f1-score   support
2026-08-21 11:29:52 - INFO - 
2026-08-21 11:29:52 - INFO -       safe (0)     0.5274    0.9625    0.6814        80
2026-08-21 11:29:52 - INFO - vulnerable (1)     0.5000    0.0417    0.0769        72
2026-08-21 11:29:52 - INFO - 
2026-08-21 11:29:52 - INFO -       accuracy                         0.5263       152
2026-08-21 11:29:52 - INFO -      macro avg     0.5137    0.5021    0.3792       152
2026-08-21 11:29:52 - INFO -   weighted avg     0.5144    0.5263    0.3951       152
2026-08-21 11:29:52 - INFO - Confusion matrix - [[tn=77, fp=3], [fn=69, tp=3]]
2026-08-21 11:29:52 - INFO - probability_positive min=0.3917 mean=0.4499 std=0.0250 max=0.5393 predicted_0=146 predicted_1=6
2026-08-21 11:29:52 - INFO - New best model | Macro-F1: 0.379170 | Epoch: 1
2026-08-21 11:30:12 - INFO - Epoch 2/30 | Train loss: 0.678061 | Val loss: 0.708180 | LR: 2.00e-05 | Best epoch: 2 | Patience: 0 | Train: 17.61s | Validation: 1.97s | Epoch: 19.99s | Total: 40.07s
2026-08-21 11:30:12 - INFO - [Classification Report - split=train epoch=2 - threshold=0.50]
2026-08-21 11:30:12 - INFO -                 precision    recall  f1-score   support
2026-08-21 11:30:12 - INFO - 
2026-08-21 11:30:12 - INFO -       safe (0)     0.5839    0.7699    0.6641       226
2026-08-21 11:30:12 - INFO - vulnerable (1)     0.6709    0.4609    0.5464       230
2026-08-21 11:30:12 - INFO - 
2026-08-21 11:30:12 - INFO -       accuracy                         0.6140       456
2026-08-21 11:30:12 - INFO -      macro avg     0.6274    0.6154    0.6053       456
2026-08-21 11:30:12 - INFO -   weighted avg     0.6278    0.6140    0.6047       456
2026-08-21 11:30:12 - INFO - Confusion matrix - [[tn=174, fp=52], [fn=124, tp=106]]
2026-08-21 11:30:12 - INFO - probability_positive min=0.4010 mean=0.4862 std=0.0437 max=0.6490 predicted_0=298 predicted_1=158
2026-08-21 11:30:12 - INFO - [Classification Report - split=validation epoch=2 - threshold=0.50]
2026-08-21 11:30:12 - INFO -                 precision    recall  f1-score   support
2026-08-21 11:30:12 - INFO - 
2026-08-21 11:30:12 - INFO -       safe (0)     0.4694    0.2875    0.3566        80
2026-08-21 11:30:12 - INFO - vulnerable (1)     0.4466    0.6389    0.5257        72
2026-08-21 11:30:12 - INFO - 
2026-08-21 11:30:12 - INFO -       accuracy                         0.4539       152
2026-08-21 11:30:12 - INFO -      macro avg     0.4580    0.4632    0.4412       152
2026-08-21 11:30:12 - INFO -   weighted avg     0.4586    0.4539    0.4367       152
2026-08-21 11:30:12 - INFO - Confusion matrix - [[tn=23, fp=57], [fn=26, tp=46]]
2026-08-21 11:30:12 - INFO - probability_positive min=0.4302 mean=0.5266 std=0.0470 max=0.7027 predicted_0=49 predicted_1=103
2026-08-21 11:30:12 - INFO - New best model | Macro-F1: 0.441152 | Epoch: 2
2026-08-21 11:30:32 - INFO - Epoch 3/30 | Train loss: 0.641826 | Val loss: 0.664758 | LR: 2.00e-05 | Best epoch: 3 | Patience: 0 | Train: 17.61s | Validation: 1.96s | Epoch: 19.95s | Total: 60.03s
2026-08-21 11:30:32 - INFO - [Classification Report - split=train epoch=3 - threshold=0.50]
2026-08-21 11:30:32 - INFO -                 precision    recall  f1-score   support
2026-08-21 11:30:32 - INFO - 
2026-08-21 11:30:32 - INFO -       safe (0)     0.6338    0.5973    0.6150       226
2026-08-21 11:30:32 - INFO - vulnerable (1)     0.6255    0.6609    0.6427       230
2026-08-21 11:30:32 - INFO - 
2026-08-21 11:30:32 - INFO -       accuracy                         0.6294       456
2026-08-21 11:30:32 - INFO -      macro avg     0.6297    0.6291    0.6289       456
2026-08-21 11:30:32 - INFO -   weighted avg     0.6296    0.6294    0.6290       456
2026-08-21 11:30:32 - INFO - Confusion matrix - [[tn=135, fp=91], [fn=78, tp=152]]
2026-08-21 11:30:32 - INFO - probability_positive min=0.2983 mean=0.5061 std=0.0890 max=0.7933 predicted_0=213 predicted_1=243
2026-08-21 11:30:32 - INFO - [Classification Report - split=validation epoch=3 - threshold=0.50]
2026-08-21 11:30:32 - INFO -                 precision    recall  f1-score   support
2026-08-21 11:30:32 - INFO - 
2026-08-21 11:30:32 - INFO -       safe (0)     0.6596    0.3875    0.4882        80
2026-08-21 11:30:32 - INFO - vulnerable (1)     0.5333    0.7778    0.6328        72
2026-08-21 11:30:32 - INFO - 
2026-08-21 11:30:32 - INFO -       accuracy                         0.5724       152
2026-08-21 11:30:32 - INFO -      macro avg     0.5965    0.5826    0.5605       152
2026-08-21 11:30:32 - INFO -   weighted avg     0.5998    0.5724    0.5567       152
2026-08-21 11:30:32 - INFO - Confusion matrix - [[tn=31, fp=49], [fn=16, tp=56]]
2026-08-21 11:30:32 - INFO - probability_positive min=0.3642 mean=0.5506 std=0.0903 max=0.8942 predicted_0=47 predicted_1=105
2026-08-21 11:30:32 - INFO - New best model | Macro-F1: 0.560479 | Epoch: 3
2026-08-21 11:30:52 - INFO - Epoch 4/30 | Train loss: 0.464724 | Val loss: 0.456325 | LR: 2.00e-05 | Best epoch: 4 | Patience: 0 | Train: 17.61s | Validation: 1.97s | Epoch: 19.96s | Total: 80.01s
2026-08-21 11:30:52 - INFO - [Classification Report - split=train epoch=4 - threshold=0.50]
2026-08-21 11:30:52 - INFO -                 precision    recall  f1-score   support
2026-08-21 11:30:52 - INFO - 
2026-08-21 11:30:52 - INFO -       safe (0)     0.8009    0.7478    0.7735       226
2026-08-21 11:30:52 - INFO - vulnerable (1)     0.7673    0.8174    0.7916       230
2026-08-21 11:30:52 - INFO - 
2026-08-21 11:30:52 - INFO -       accuracy                         0.7829       456
2026-08-21 11:30:52 - INFO -      macro avg     0.7841    0.7826    0.7825       456
2026-08-21 11:30:52 - INFO -   weighted avg     0.7840    0.7829    0.7826       456
2026-08-21 11:30:52 - INFO - Confusion matrix - [[tn=169, fp=57], [fn=42, tp=188]]
2026-08-21 11:30:52 - INFO - probability_positive min=0.0137 mean=0.5192 std=0.2714 max=0.9912 predicted_0=211 predicted_1=245
2026-08-21 11:30:52 - INFO - [Classification Report - split=validation epoch=4 - threshold=0.50]
2026-08-21 11:30:52 - INFO -                 precision    recall  f1-score   support
2026-08-21 11:30:52 - INFO - 
2026-08-21 11:30:52 - INFO -       safe (0)     0.8485    0.7000    0.7671        80
2026-08-21 11:30:52 - INFO - vulnerable (1)     0.7209    0.8611    0.7848        72
2026-08-21 11:30:52 - INFO - 
2026-08-21 11:30:52 - INFO -       accuracy                         0.7763       152
2026-08-21 11:30:52 - INFO -      macro avg     0.7847    0.7806    0.7760       152
2026-08-21 11:30:52 - INFO -   weighted avg     0.7881    0.7763    0.7755       152
2026-08-21 11:30:52 - INFO - Confusion matrix - [[tn=56, fp=24], [fn=10, tp=62]]
2026-08-21 11:30:52 - INFO - probability_positive min=0.0051 mean=0.5007 std=0.3815 max=0.9939 predicted_0=66 predicted_1=86
2026-08-21 11:30:52 - INFO - New best model | Macro-F1: 0.775967 | Epoch: 4
2026-08-21 11:31:12 - INFO - Epoch 5/30 | Train loss: 0.296282 | Val loss: 0.404482 | LR: 2.00e-05 | Best epoch: 5 | Patience: 0 | Train: 17.61s | Validation: 1.96s | Epoch: 19.99s | Total: 100.02s
2026-08-21 11:31:12 - INFO - [Classification Report - split=train epoch=5 - threshold=0.50]
2026-08-21 11:31:12 - INFO -                 precision    recall  f1-score   support
2026-08-21 11:31:12 - INFO - 
2026-08-21 11:31:12 - INFO -       safe (0)     0.8733    0.8540    0.8635       226
2026-08-21 11:31:12 - INFO - vulnerable (1)     0.8596    0.8783    0.8688       230
2026-08-21 11:31:12 - INFO - 
2026-08-21 11:31:12 - INFO -       accuracy                         0.8662       456
2026-08-21 11:31:12 - INFO -      macro avg     0.8664    0.8661    0.8662       456
2026-08-21 11:31:12 - INFO -   weighted avg     0.8664    0.8662    0.8662       456
2026-08-21 11:31:12 - INFO - Confusion matrix - [[tn=193, fp=33], [fn=28, tp=202]]
2026-08-21 11:31:12 - INFO - probability_positive min=0.0031 mean=0.4993 std=0.4050 max=0.9947 predicted_0=221 predicted_1=235
2026-08-21 11:31:12 - INFO - [Classification Report - split=validation epoch=5 - threshold=0.50]
2026-08-21 11:31:12 - INFO -                 precision    recall  f1-score   support
2026-08-21 11:31:12 - INFO - 
2026-08-21 11:31:12 - INFO -       safe (0)     0.8125    0.8125    0.8125        80
2026-08-21 11:31:12 - INFO - vulnerable (1)     0.7917    0.7917    0.7917        72
2026-08-21 11:31:12 - INFO - 
2026-08-21 11:31:12 - INFO -       accuracy                         0.8026       152
2026-08-21 11:31:12 - INFO -      macro avg     0.8021    0.8021    0.8021       152
2026-08-21 11:31:12 - INFO -   weighted avg     0.8026    0.8026    0.8026       152
2026-08-21 11:31:12 - INFO - Confusion matrix - [[tn=65, fp=15], [fn=15, tp=57]]
2026-08-21 11:31:12 - INFO - probability_positive min=0.0030 mean=0.4587 std=0.3848 max=0.9943 predicted_0=80 predicted_1=72
2026-08-21 11:31:12 - INFO - New best model | Macro-F1: 0.802083 | Epoch: 5
2026-08-21 11:31:32 - INFO - Epoch 6/30 | Train loss: 0.195273 | Val loss: 0.698912 | LR: 2.00e-05 | Best epoch: 5 | Patience: 1 | Train: 17.61s | Validation: 1.97s | Epoch: 19.57s | Total: 119.61s
2026-08-21 11:31:32 - INFO - [Classification Report - split=train epoch=6 - threshold=0.50]
2026-08-21 11:31:32 - INFO -                 precision    recall  f1-score   support
2026-08-21 11:31:32 - INFO - 
2026-08-21 11:31:32 - INFO -       safe (0)     0.9035    0.9115    0.9075       226
2026-08-21 11:31:32 - INFO - vulnerable (1)     0.9123    0.9043    0.9083       230
2026-08-21 11:31:32 - INFO - 
2026-08-21 11:31:32 - INFO -       accuracy                         0.9079       456
2026-08-21 11:31:32 - INFO -      macro avg     0.9079    0.9079    0.9079       456
2026-08-21 11:31:32 - INFO -   weighted avg     0.9079    0.9079    0.9079       456
2026-08-21 11:31:32 - INFO - Confusion matrix - [[tn=206, fp=20], [fn=22, tp=208]]
2026-08-21 11:31:32 - INFO - probability_positive min=0.0014 mean=0.5019 std=0.4343 max=0.9984 predicted_0=228 predicted_1=228
2026-08-21 11:31:32 - INFO - [Classification Report - split=validation epoch=6 - threshold=0.50]
2026-08-21 11:31:32 - INFO -                 precision    recall  f1-score   support
2026-08-21 11:31:32 - INFO - 
2026-08-21 11:31:32 - INFO -       safe (0)     0.7973    0.7375    0.7662        80
2026-08-21 11:31:32 - INFO - vulnerable (1)     0.7308    0.7917    0.7600        72
2026-08-21 11:31:32 - INFO - 
2026-08-21 11:31:32 - INFO -       accuracy                         0.7632       152
2026-08-21 11:31:32 - INFO -      macro avg     0.7640    0.7646    0.7631       152
2026-08-21 11:31:32 - INFO -   weighted avg     0.7658    0.7632    0.7633       152
2026-08-21 11:31:32 - INFO - Confusion matrix - [[tn=59, fp=21], [fn=15, tp=57]]
2026-08-21 11:31:32 - INFO - probability_positive min=0.0011 mean=0.4929 std=0.4393 max=0.9988 predicted_0=74 predicted_1=78
2026-08-21 11:31:51 - INFO - Epoch 7/30 | Train loss: 0.148780 | Val loss: 0.665514 | LR: 2.00e-05 | Best epoch: 5 | Patience: 2 | Train: 17.61s | Validation: 1.96s | Epoch: 19.57s | Total: 139.19s
2026-08-21 11:31:51 - INFO - [Classification Report - split=train epoch=7 - threshold=0.50]
2026-08-21 11:31:51 - INFO -                 precision    recall  f1-score   support
2026-08-21 11:31:51 - INFO - 
2026-08-21 11:31:51 - INFO -       safe (0)     0.9289    0.9248    0.9268       226
2026-08-21 11:31:51 - INFO - vulnerable (1)     0.9264    0.9304    0.9284       230
2026-08-21 11:31:51 - INFO - 
2026-08-21 11:31:51 - INFO -       accuracy                         0.9276       456
2026-08-21 11:31:51 - INFO -      macro avg     0.9276    0.9276    0.9276       456
2026-08-21 11:31:51 - INFO -   weighted avg     0.9276    0.9276    0.9276       456
2026-08-21 11:31:51 - INFO - Confusion matrix - [[tn=209, fp=17], [fn=16, tp=214]]
2026-08-21 11:31:51 - INFO - probability_positive min=0.0010 mean=0.5072 std=0.4639 max=0.9990 predicted_0=225 predicted_1=231
2026-08-21 11:31:51 - INFO - [Classification Report - split=validation epoch=7 - threshold=0.50]
2026-08-21 11:31:51 - INFO -                 precision    recall  f1-score   support
2026-08-21 11:31:51 - INFO - 
2026-08-21 11:31:51 - INFO -       safe (0)     0.7952    0.8250    0.8098        80
2026-08-21 11:31:51 - INFO - vulnerable (1)     0.7971    0.7639    0.7801        72
2026-08-21 11:31:51 - INFO - 
2026-08-21 11:31:51 - INFO -       accuracy                         0.7961       152
2026-08-21 11:31:51 - INFO -      macro avg     0.7961    0.7944    0.7950       152
2026-08-21 11:31:51 - INFO -   weighted avg     0.7961    0.7961    0.7958       152
2026-08-21 11:31:51 - INFO - Confusion matrix - [[tn=66, fp=14], [fn=17, tp=55]]
2026-08-21 11:31:51 - INFO - probability_positive min=0.0007 mean=0.4365 std=0.4414 max=0.9990 predicted_0=83 predicted_1=69
2026-08-21 11:32:11 - INFO - Epoch 8/30 | Train loss: 0.113276 | Val loss: 0.878960 | LR: 2.00e-05 | Best epoch: 5 | Patience: 3 | Train: 17.61s | Validation: 1.96s | Epoch: 19.57s | Total: 158.77s
2026-08-21 11:32:11 - INFO - [Classification Report - split=train epoch=8 - threshold=0.50]
2026-08-21 11:32:11 - INFO -                 precision    recall  f1-score   support
2026-08-21 11:32:11 - INFO - 
2026-08-21 11:32:11 - INFO -       safe (0)     0.9518    0.9602    0.9559       226
2026-08-21 11:32:11 - INFO - vulnerable (1)     0.9605    0.9522    0.9563       230
2026-08-21 11:32:11 - INFO - 
2026-08-21 11:32:11 - INFO -       accuracy                         0.9561       456
2026-08-21 11:32:11 - INFO -      macro avg     0.9561    0.9562    0.9561       456
2026-08-21 11:32:11 - INFO -   weighted avg     0.9562    0.9561    0.9561       456
2026-08-21 11:32:11 - INFO - Confusion matrix - [[tn=217, fp=9], [fn=11, tp=219]]
2026-08-21 11:32:11 - INFO - probability_positive min=0.0009 mean=0.4988 std=0.4716 max=0.9994 predicted_0=228 predicted_1=228
2026-08-21 11:32:11 - INFO - [Classification Report - split=validation epoch=8 - threshold=0.50]
2026-08-21 11:32:11 - INFO -                 precision    recall  f1-score   support
2026-08-21 11:32:11 - INFO - 
2026-08-21 11:32:11 - INFO -       safe (0)     0.7449    0.9125    0.8202        80
2026-08-21 11:32:11 - INFO - vulnerable (1)     0.8704    0.6528    0.7460        72
2026-08-21 11:32:11 - INFO - 
2026-08-21 11:32:11 - INFO -       accuracy                         0.7895       152
2026-08-21 11:32:11 - INFO -      macro avg     0.8076    0.7826    0.7831       152
2026-08-21 11:32:11 - INFO -   weighted avg     0.8043    0.7895    0.7851       152
2026-08-21 11:32:11 - INFO - Confusion matrix - [[tn=73, fp=7], [fn=25, tp=47]]
2026-08-21 11:32:11 - INFO - probability_positive min=0.0005 mean=0.3624 std=0.4516 max=0.9995 predicted_0=98 predicted_1=54
2026-08-21 11:32:31 - INFO - Epoch 9/30 | Train loss: 0.133336 | Val loss: 0.805773 | LR: 2.00e-05 | Best epoch: 9 | Patience: 0 | Train: 17.61s | Validation: 1.96s | Epoch: 19.99s | Total: 178.76s
2026-08-21 11:32:31 - INFO - [Classification Report - split=train epoch=9 - threshold=0.50]
2026-08-21 11:32:31 - INFO -                 precision    recall  f1-score   support
2026-08-21 11:32:31 - INFO - 
2026-08-21 11:32:31 - INFO -       safe (0)     0.9432    0.9558    0.9495       226
2026-08-21 11:32:31 - INFO - vulnerable (1)     0.9559    0.9435    0.9497       230
2026-08-21 11:32:31 - INFO - 
2026-08-21 11:32:31 - INFO -       accuracy                         0.9496       456
2026-08-21 11:32:31 - INFO -      macro avg     0.9496    0.9496    0.9496       456
2026-08-21 11:32:31 - INFO -   weighted avg     0.9496    0.9496    0.9496       456
2026-08-21 11:32:31 - INFO - Confusion matrix - [[tn=216, fp=10], [fn=13, tp=217]]
2026-08-21 11:32:31 - INFO - probability_positive min=0.0008 mean=0.4995 std=0.4824 max=0.9996 predicted_0=229 predicted_1=227
2026-08-21 11:32:31 - INFO - [Classification Report - split=validation epoch=9 - threshold=0.50]
2026-08-21 11:32:31 - INFO -                 precision    recall  f1-score   support
2026-08-21 11:32:31 - INFO - 
2026-08-21 11:32:31 - INFO -       safe (0)     0.8649    0.8000    0.8312        80
2026-08-21 11:32:31 - INFO - vulnerable (1)     0.7949    0.8611    0.8267        72
2026-08-21 11:32:31 - INFO - 
2026-08-21 11:32:31 - INFO -       accuracy                         0.8289       152
2026-08-21 11:32:31 - INFO -      macro avg     0.8299    0.8306    0.8289       152
2026-08-21 11:32:31 - INFO -   weighted avg     0.8317    0.8289    0.8290       152
2026-08-21 11:32:31 - INFO - Confusion matrix - [[tn=64, fp=16], [fn=10, tp=62]]
2026-08-21 11:32:31 - INFO - probability_positive min=0.0005 mean=0.4988 std=0.4776 max=0.9997 predicted_0=74 predicted_1=78
2026-08-21 11:32:31 - INFO - New best model | Macro-F1: 0.828918 | Epoch: 9
2026-08-21 11:32:51 - INFO - Epoch 10/30 | Train loss: 0.088826 | Val loss: 0.913394 | LR: 2.00e-05 | Best epoch: 9 | Patience: 1 | Train: 17.61s | Validation: 1.96s | Epoch: 19.57s | Total: 198.35s
2026-08-21 11:32:51 - INFO - [Classification Report - split=train epoch=10 - threshold=0.50]
2026-08-21 11:32:51 - INFO -                 precision    recall  f1-score   support
2026-08-21 11:32:51 - INFO - 
2026-08-21 11:32:51 - INFO -       safe (0)     0.9646    0.9646    0.9646       226
2026-08-21 11:32:51 - INFO - vulnerable (1)     0.9652    0.9652    0.9652       230
2026-08-21 11:32:51 - INFO - 
2026-08-21 11:32:51 - INFO -       accuracy                         0.9649       456
2026-08-21 11:32:51 - INFO -      macro avg     0.9649    0.9649    0.9649       456
2026-08-21 11:32:51 - INFO -   weighted avg     0.9649    0.9649    0.9649       456
2026-08-21 11:32:51 - INFO - Confusion matrix - [[tn=218, fp=8], [fn=8, tp=222]]
2026-08-21 11:32:51 - INFO - probability_positive min=0.0006 mean=0.5019 std=0.4894 max=0.9997 predicted_0=226 predicted_1=230
2026-08-21 11:32:51 - INFO - [Classification Report - split=validation epoch=10 - threshold=0.50]
2026-08-21 11:32:51 - INFO -                 precision    recall  f1-score   support
2026-08-21 11:32:51 - INFO - 
2026-08-21 11:32:51 - INFO -       safe (0)     0.7692    0.8750    0.8187        80
2026-08-21 11:32:51 - INFO - vulnerable (1)     0.8361    0.7083    0.7669        72
2026-08-21 11:32:51 - INFO - 
2026-08-21 11:32:51 - INFO -       accuracy                         0.7961       152
2026-08-21 11:32:51 - INFO -      macro avg     0.8026    0.7917    0.7928       152
2026-08-21 11:32:51 - INFO -   weighted avg     0.8009    0.7961    0.7942       152
2026-08-21 11:32:51 - INFO - Confusion matrix - [[tn=70, fp=10], [fn=21, tp=51]]
2026-08-21 11:32:51 - INFO - probability_positive min=0.0004 mean=0.3953 std=0.4623 max=0.9997 predicted_0=91 predicted_1=61
2026-08-21 11:33:10 - INFO - Epoch 11/30 | Train loss: 0.089402 | Val loss: 0.930173 | LR: 2.00e-05 | Best epoch: 9 | Patience: 2 | Train: 17.61s | Validation: 1.96s | Epoch: 19.57s | Total: 217.93s
2026-08-21 11:33:10 - INFO - [Classification Report - split=train epoch=11 - threshold=0.50]
2026-08-21 11:33:10 - INFO -                 precision    recall  f1-score   support
2026-08-21 11:33:10 - INFO - 
2026-08-21 11:33:10 - INFO -       safe (0)     0.9689    0.9646    0.9667       226
2026-08-21 11:33:10 - INFO - vulnerable (1)     0.9654    0.9696    0.9675       230
2026-08-21 11:33:10 - INFO - 
2026-08-21 11:33:10 - INFO -       accuracy                         0.9671       456
2026-08-21 11:33:10 - INFO -      macro avg     0.9671    0.9671    0.9671       456
2026-08-21 11:33:10 - INFO -   weighted avg     0.9671    0.9671    0.9671       456
2026-08-21 11:33:10 - INFO - Confusion matrix - [[tn=218, fp=8], [fn=7, tp=223]]
2026-08-21 11:33:10 - INFO - probability_positive min=0.0007 mean=0.5083 std=0.4849 max=0.9996 predicted_0=225 predicted_1=231
2026-08-21 11:33:10 - INFO - [Classification Report - split=validation epoch=11 - threshold=0.50]
2026-08-21 11:33:10 - INFO -                 precision    recall  f1-score   support
2026-08-21 11:33:10 - INFO - 
2026-08-21 11:33:10 - INFO -       safe (0)     0.7423    0.9000    0.8136        80
2026-08-21 11:33:10 - INFO - vulnerable (1)     0.8545    0.6528    0.7402        72
2026-08-21 11:33:10 - INFO - 
2026-08-21 11:33:10 - INFO -       accuracy                         0.7829       152
2026-08-21 11:33:10 - INFO -      macro avg     0.7984    0.7764    0.7769       152
2026-08-21 11:33:10 - INFO -   weighted avg     0.7955    0.7829    0.7788       152
2026-08-21 11:33:10 - INFO - Confusion matrix - [[tn=72, fp=8], [fn=25, tp=47]]
2026-08-21 11:33:10 - INFO - probability_positive min=0.0004 mean=0.3736 std=0.4522 max=0.9996 predicted_0=97 predicted_1=55
2026-08-21 11:33:30 - INFO - Epoch 12/30 | Train loss: 0.068079 | Val loss: 1.034965 | LR: 2.00e-05 | Best epoch: 9 | Patience: 3 | Train: 17.61s | Validation: 1.97s | Epoch: 19.57s | Total: 237.51s
2026-08-21 11:33:30 - INFO - [Classification Report - split=train epoch=12 - threshold=0.50]
2026-08-21 11:33:30 - INFO -                 precision    recall  f1-score   support
2026-08-21 11:33:30 - INFO - 
2026-08-21 11:33:30 - INFO -       safe (0)     0.9821    0.9735    0.9778       226
2026-08-21 11:33:30 - INFO - vulnerable (1)     0.9741    0.9826    0.9784       230
2026-08-21 11:33:30 - INFO - 
2026-08-21 11:33:30 - INFO -       accuracy                         0.9781       456
2026-08-21 11:33:30 - INFO -      macro avg     0.9781    0.9780    0.9781       456
2026-08-21 11:33:30 - INFO -   weighted avg     0.9781    0.9781    0.9781       456
2026-08-21 11:33:30 - INFO - Confusion matrix - [[tn=220, fp=6], [fn=4, tp=226]]
2026-08-21 11:33:30 - INFO - probability_positive min=0.0005 mean=0.5114 std=0.4888 max=0.9997 predicted_0=224 predicted_1=232
2026-08-21 11:33:30 - INFO - [Classification Report - split=validation epoch=12 - threshold=0.50]
2026-08-21 11:33:30 - INFO -                 precision    recall  f1-score   support
2026-08-21 11:33:30 - INFO - 
2026-08-21 11:33:30 - INFO -       safe (0)     0.7634    0.8875    0.8208        80
2026-08-21 11:33:30 - INFO - vulnerable (1)     0.8475    0.6944    0.7634        72
2026-08-21 11:33:30 - INFO - 
2026-08-21 11:33:30 - INFO -       accuracy                         0.7961       152
2026-08-21 11:33:30 - INFO -      macro avg     0.8054    0.7910    0.7921       152
2026-08-21 11:33:30 - INFO -   weighted avg     0.8032    0.7961    0.7936       152
2026-08-21 11:33:30 - INFO - Confusion matrix - [[tn=71, fp=9], [fn=22, tp=50]]
2026-08-21 11:33:30 - INFO - probability_positive min=0.0003 mean=0.3760 std=0.4606 max=0.9997 predicted_0=93 predicted_1=59
2026-08-21 11:33:49 - INFO - Epoch 13/30 | Train loss: 0.038392 | Val loss: 1.020593 | LR: 2.00e-05 | Best epoch: 9 | Patience: 4 | Train: 17.61s | Validation: 1.97s | Epoch: 19.57s | Total: 257.09s
2026-08-21 11:33:49 - INFO - [Classification Report - split=train epoch=13 - threshold=0.50]
2026-08-21 11:33:49 - INFO -                 precision    recall  f1-score   support
2026-08-21 11:33:49 - INFO - 
2026-08-21 11:33:49 - INFO -       safe (0)     0.9867    0.9823    0.9845       226
2026-08-21 11:33:49 - INFO - vulnerable (1)     0.9827    0.9870    0.9848       230
2026-08-21 11:33:49 - INFO - 
2026-08-21 11:33:49 - INFO -       accuracy                         0.9846       456
2026-08-21 11:33:49 - INFO -      macro avg     0.9847    0.9846    0.9846       456
2026-08-21 11:33:49 - INFO -   weighted avg     0.9847    0.9846    0.9846       456
2026-08-21 11:33:49 - INFO - Confusion matrix - [[tn=222, fp=4], [fn=3, tp=227]]
2026-08-21 11:33:49 - INFO - probability_positive min=0.0004 mean=0.5046 std=0.4945 max=0.9998 predicted_0=225 predicted_1=231
2026-08-21 11:33:49 - INFO - [Classification Report - split=validation epoch=13 - threshold=0.50]
2026-08-21 11:33:49 - INFO -                 precision    recall  f1-score   support
2026-08-21 11:33:49 - INFO - 
2026-08-21 11:33:49 - INFO -       safe (0)     0.7634    0.8875    0.8208        80
2026-08-21 11:33:49 - INFO - vulnerable (1)     0.8475    0.6944    0.7634        72
2026-08-21 11:33:49 - INFO - 
2026-08-21 11:33:49 - INFO -       accuracy                         0.7961       152
2026-08-21 11:33:49 - INFO -      macro avg     0.8054    0.7910    0.7921       152
2026-08-21 11:33:49 - INFO -   weighted avg     0.8032    0.7961    0.7936       152
2026-08-21 11:33:49 - INFO - Confusion matrix - [[tn=71, fp=9], [fn=22, tp=50]]
2026-08-21 11:33:49 - INFO - probability_positive min=0.0003 mean=0.3898 std=0.4710 max=0.9998 predicted_0=93 predicted_1=59
2026-08-21 11:34:09 - INFO - Epoch 14/30 | Train loss: 0.030931 | Val loss: 0.892249 | LR: 2.00e-05 | Best epoch: 14 | Patience: 0 | Train: 17.61s | Validation: 1.96s | Epoch: 19.96s | Total: 277.05s
2026-08-21 11:34:09 - INFO - [Classification Report - split=train epoch=14 - threshold=0.50]
2026-08-21 11:34:09 - INFO -                 precision    recall  f1-score   support
2026-08-21 11:34:09 - INFO - 
2026-08-21 11:34:09 - INFO -       safe (0)     0.9867    0.9867    0.9867       226
2026-08-21 11:34:09 - INFO - vulnerable (1)     0.9870    0.9870    0.9870       230
2026-08-21 11:34:09 - INFO - 
2026-08-21 11:34:09 - INFO -       accuracy                         0.9868       456
2026-08-21 11:34:09 - INFO -      macro avg     0.9868    0.9868    0.9868       456
2026-08-21 11:34:09 - INFO -   weighted avg     0.9868    0.9868    0.9868       456
2026-08-21 11:34:09 - INFO - Confusion matrix - [[tn=223, fp=3], [fn=3, tp=227]]
2026-08-21 11:34:09 - INFO - probability_positive min=0.0004 mean=0.5060 std=0.4945 max=0.9998 predicted_0=226 predicted_1=230
2026-08-21 11:34:09 - INFO - [Classification Report - split=validation epoch=14 - threshold=0.50]
2026-08-21 11:34:09 - INFO -                 precision    recall  f1-score   support
2026-08-21 11:34:09 - INFO - 
2026-08-21 11:34:09 - INFO -       safe (0)     0.8415    0.8625    0.8519        80
2026-08-21 11:34:09 - INFO - vulnerable (1)     0.8429    0.8194    0.8310        72
2026-08-21 11:34:09 - INFO - 
2026-08-21 11:34:09 - INFO -       accuracy                         0.8421       152
2026-08-21 11:34:09 - INFO -      macro avg     0.8422    0.8410    0.8414       152
2026-08-21 11:34:09 - INFO -   weighted avg     0.8421    0.8421    0.8420       152
2026-08-21 11:34:09 - INFO - Confusion matrix - [[tn=69, fp=11], [fn=13, tp=59]]
2026-08-21 11:34:09 - INFO - probability_positive min=0.0002 mean=0.4682 std=0.4829 max=0.9998 predicted_0=82 predicted_1=70
2026-08-21 11:34:09 - INFO - New best model | Macro-F1: 0.841419 | Epoch: 14
2026-08-21 11:34:29 - INFO - Epoch 15/30 | Train loss: 0.023669 | Val loss: 1.088680 | LR: 2.00e-05 | Best epoch: 14 | Patience: 1 | Train: 17.61s | Validation: 1.96s | Epoch: 19.57s | Total: 296.64s
2026-08-21 11:34:29 - INFO - [Classification Report - split=train epoch=15 - threshold=0.50]
2026-08-21 11:34:29 - INFO -                 precision    recall  f1-score   support
2026-08-21 11:34:29 - INFO - 
2026-08-21 11:34:29 - INFO -       safe (0)     0.9911    0.9867    0.9889       226
2026-08-21 11:34:29 - INFO - vulnerable (1)     0.9870    0.9913    0.9892       230
2026-08-21 11:34:29 - INFO - 
2026-08-21 11:34:29 - INFO -       accuracy                         0.9890       456
2026-08-21 11:34:29 - INFO -      macro avg     0.9891    0.9890    0.9890       456
2026-08-21 11:34:29 - INFO -   weighted avg     0.9890    0.9890    0.9890       456
2026-08-21 11:34:29 - INFO - Confusion matrix - [[tn=223, fp=3], [fn=2, tp=228]]
2026-08-21 11:34:29 - INFO - probability_positive min=0.0003 mean=0.5051 std=0.4953 max=0.9998 predicted_0=225 predicted_1=231
2026-08-21 11:34:29 - INFO - [Classification Report - split=validation epoch=15 - threshold=0.50]
2026-08-21 11:34:29 - INFO -                 precision    recall  f1-score   support
2026-08-21 11:34:29 - INFO - 
2026-08-21 11:34:29 - INFO -       safe (0)     0.7551    0.9250    0.8315        80
2026-08-21 11:34:29 - INFO - vulnerable (1)     0.8889    0.6667    0.7619        72
2026-08-21 11:34:29 - INFO - 
2026-08-21 11:34:29 - INFO -       accuracy                         0.8026       152
2026-08-21 11:34:29 - INFO -      macro avg     0.8220    0.7958    0.7967       152
2026-08-21 11:34:29 - INFO -   weighted avg     0.8185    0.8026    0.7985       152
2026-08-21 11:34:29 - INFO - Confusion matrix - [[tn=74, fp=6], [fn=24, tp=48]]
2026-08-21 11:34:29 - INFO - probability_positive min=0.0002 mean=0.3619 std=0.4642 max=0.9999 predicted_0=98 predicted_1=54
2026-08-21 11:34:48 - INFO - Epoch 16/30 | Train loss: 0.036695 | Val loss: 0.935447 | LR: 2.00e-05 | Best epoch: 14 | Patience: 2 | Train: 17.61s | Validation: 1.97s | Epoch: 19.57s | Total: 316.22s
2026-08-21 11:34:48 - INFO - [Classification Report - split=train epoch=16 - threshold=0.50]
2026-08-21 11:34:48 - INFO -                 precision    recall  f1-score   support
2026-08-21 11:34:48 - INFO - 
2026-08-21 11:34:48 - INFO -       safe (0)     0.9868    0.9912    0.9890       226
2026-08-21 11:34:48 - INFO - vulnerable (1)     0.9913    0.9870    0.9891       230
2026-08-21 11:34:48 - INFO - 
2026-08-21 11:34:48 - INFO -       accuracy                         0.9890       456
2026-08-21 11:34:48 - INFO -      macro avg     0.9890    0.9891    0.9890       456
2026-08-21 11:34:48 - INFO -   weighted avg     0.9890    0.9890    0.9890       456
2026-08-21 11:34:48 - INFO - Confusion matrix - [[tn=224, fp=2], [fn=3, tp=227]]
2026-08-21 11:34:48 - INFO - probability_positive min=0.0003 mean=0.5022 std=0.4970 max=0.9998 predicted_0=227 predicted_1=229
2026-08-21 11:34:48 - INFO - [Classification Report - split=validation epoch=16 - threshold=0.50]
2026-08-21 11:34:48 - INFO -                 precision    recall  f1-score   support
2026-08-21 11:34:48 - INFO - 
2026-08-21 11:34:48 - INFO -       safe (0)     0.8649    0.8000    0.8312        80
2026-08-21 11:34:48 - INFO - vulnerable (1)     0.7949    0.8611    0.8267        72
2026-08-21 11:34:48 - INFO - 
2026-08-21 11:34:48 - INFO -       accuracy                         0.8289       152
2026-08-21 11:34:48 - INFO -      macro avg     0.8299    0.8306    0.8289       152
2026-08-21 11:34:48 - INFO -   weighted avg     0.8317    0.8289    0.8290       152
2026-08-21 11:34:48 - INFO - Confusion matrix - [[tn=64, fp=16], [fn=10, tp=62]]
2026-08-21 11:34:48 - INFO - probability_positive min=0.0002 mean=0.5078 std=0.4806 max=0.9999 predicted_0=74 predicted_1=78
2026-08-21 11:35:08 - INFO - Epoch 17/30 | Train loss: 0.025558 | Val loss: 1.039038 | LR: 2.00e-05 | Best epoch: 14 | Patience: 3 | Train: 17.61s | Validation: 1.97s | Epoch: 19.58s | Total: 335.80s
2026-08-21 11:35:08 - INFO - [Classification Report - split=train epoch=17 - threshold=0.50]
2026-08-21 11:35:08 - INFO -                 precision    recall  f1-score   support
2026-08-21 11:35:08 - INFO - 
2026-08-21 11:35:08 - INFO -       safe (0)     0.9912    0.9912    0.9912       226
2026-08-21 11:35:08 - INFO - vulnerable (1)     0.9913    0.9913    0.9913       230
2026-08-21 11:35:08 - INFO - 
2026-08-21 11:35:08 - INFO -       accuracy                         0.9912       456
2026-08-21 11:35:08 - INFO -      macro avg     0.9912    0.9912    0.9912       456
2026-08-21 11:35:08 - INFO -   weighted avg     0.9912    0.9912    0.9912       456
2026-08-21 11:35:08 - INFO - Confusion matrix - [[tn=224, fp=2], [fn=2, tp=228]]
2026-08-21 11:35:08 - INFO - probability_positive min=0.0003 mean=0.5048 std=0.4968 max=0.9999 predicted_0=226 predicted_1=230
2026-08-21 11:35:08 - INFO - [Classification Report - split=validation epoch=17 - threshold=0.50]
2026-08-21 11:35:08 - INFO -                 precision    recall  f1-score   support
2026-08-21 11:35:08 - INFO - 
2026-08-21 11:35:08 - INFO -       safe (0)     0.7872    0.9250    0.8506        80
2026-08-21 11:35:08 - INFO - vulnerable (1)     0.8966    0.7222    0.8000        72
2026-08-21 11:35:08 - INFO - 
2026-08-21 11:35:08 - INFO -       accuracy                         0.8289       152
2026-08-21 11:35:08 - INFO -      macro avg     0.8419    0.8236    0.8253       152
2026-08-21 11:35:08 - INFO -   weighted avg     0.8390    0.8289    0.8266       152
2026-08-21 11:35:08 - INFO - Confusion matrix - [[tn=74, fp=6], [fn=20, tp=52]]
2026-08-21 11:35:08 - INFO - probability_positive min=0.0002 mean=0.3807 std=0.4714 max=0.9999 predicted_0=94 predicted_1=58
2026-08-21 11:35:28 - INFO - Epoch 18/30 | Train loss: 0.010486 | Val loss: 1.010935 | LR: 2.00e-05 | Best epoch: 18 | Patience: 0 | Train: 17.61s | Validation: 1.97s | Epoch: 19.96s | Total: 355.76s
2026-08-21 11:35:28 - INFO - [Classification Report - split=train epoch=18 - threshold=0.50]
2026-08-21 11:35:28 - INFO -                 precision    recall  f1-score   support
2026-08-21 11:35:28 - INFO - 
2026-08-21 11:35:28 - INFO -       safe (0)     0.9956    0.9956    0.9956       226
2026-08-21 11:35:28 - INFO - vulnerable (1)     0.9957    0.9957    0.9957       230
2026-08-21 11:35:28 - INFO - 
2026-08-21 11:35:28 - INFO -       accuracy                         0.9956       456
2026-08-21 11:35:28 - INFO -      macro avg     0.9956    0.9956    0.9956       456
2026-08-21 11:35:28 - INFO -   weighted avg     0.9956    0.9956    0.9956       456
2026-08-21 11:35:28 - INFO - Confusion matrix - [[tn=225, fp=1], [fn=1, tp=229]]
2026-08-21 11:35:28 - INFO - probability_positive min=0.0003 mean=0.5035 std=0.4967 max=0.9999 predicted_0=226 predicted_1=230
2026-08-21 11:35:28 - INFO - [Classification Report - split=validation epoch=18 - threshold=0.50]
2026-08-21 11:35:28 - INFO -                 precision    recall  f1-score   support
2026-08-21 11:35:28 - INFO - 
2026-08-21 11:35:28 - INFO -       safe (0)     0.8684    0.8250    0.8462        80
2026-08-21 11:35:28 - INFO - vulnerable (1)     0.8158    0.8611    0.8378        72
2026-08-21 11:35:28 - INFO - 
2026-08-21 11:35:28 - INFO -       accuracy                         0.8421       152
2026-08-21 11:35:28 - INFO -      macro avg     0.8421    0.8431    0.8420       152
2026-08-21 11:35:28 - INFO -   weighted avg     0.8435    0.8421    0.8422       152
2026-08-21 11:35:28 - INFO - Confusion matrix - [[tn=66, fp=14], [fn=10, tp=62]]
2026-08-21 11:35:28 - INFO - probability_positive min=0.0002 mean=0.4994 std=0.4918 max=0.9999 predicted_0=76 predicted_1=76
2026-08-21 11:35:28 - INFO - New best model | Macro-F1: 0.841996 | Epoch: 18
2026-08-21 11:35:48 - INFO - Epoch 19/30 | Train loss: 0.017849 | Val loss: 1.117967 | LR: 2.00e-05 | Best epoch: 18 | Patience: 1 | Train: 17.61s | Validation: 1.97s | Epoch: 19.57s | Total: 375.36s
2026-08-21 11:35:48 - INFO - [Classification Report - split=train epoch=19 - threshold=0.50]
2026-08-21 11:35:48 - INFO -                 precision    recall  f1-score   support
2026-08-21 11:35:48 - INFO - 
2026-08-21 11:35:48 - INFO -       safe (0)     0.9956    0.9912    0.9933       226
2026-08-21 11:35:48 - INFO - vulnerable (1)     0.9913    0.9957    0.9935       230
2026-08-21 11:35:48 - INFO - 
2026-08-21 11:35:48 - INFO -       accuracy                         0.9934       456
2026-08-21 11:35:48 - INFO -      macro avg     0.9934    0.9934    0.9934       456
2026-08-21 11:35:48 - INFO -   weighted avg     0.9934    0.9934    0.9934       456
2026-08-21 11:35:48 - INFO - Confusion matrix - [[tn=224, fp=2], [fn=1, tp=229]]
2026-08-21 11:35:48 - INFO - probability_positive min=0.0002 mean=0.5059 std=0.4977 max=0.9999 predicted_0=225 predicted_1=231
2026-08-21 11:35:48 - INFO - [Classification Report - split=validation epoch=19 - threshold=0.50]
2026-08-21 11:35:48 - INFO -                 precision    recall  f1-score   support
2026-08-21 11:35:48 - INFO - 
2026-08-21 11:35:48 - INFO -       safe (0)     0.7708    0.9250    0.8409        80
2026-08-21 11:35:48 - INFO - vulnerable (1)     0.8929    0.6944    0.7812        72
2026-08-21 11:35:48 - INFO - 
2026-08-21 11:35:48 - INFO -       accuracy                         0.8158       152
2026-08-21 11:35:48 - INFO -      macro avg     0.8318    0.8097    0.8111       152
2026-08-21 11:35:48 - INFO -   weighted avg     0.8286    0.8158    0.8126       152
2026-08-21 11:35:48 - INFO - Confusion matrix - [[tn=74, fp=6], [fn=22, tp=50]]
2026-08-21 11:35:48 - INFO - probability_positive min=0.0002 mean=0.3776 std=0.4700 max=0.9999 predicted_0=96 predicted_1=56
2026-08-21 11:36:07 - INFO - Epoch 20/30 | Train loss: 0.006543 | Val loss: 1.032200 | LR: 2.00e-05 | Best epoch: 18 | Patience: 2 | Train: 17.61s | Validation: 1.97s | Epoch: 19.57s | Total: 394.94s
2026-08-21 11:36:07 - INFO - [Classification Report - split=train epoch=20 - threshold=0.50]
2026-08-21 11:36:07 - INFO -                 precision    recall  f1-score   support
2026-08-21 11:36:07 - INFO - 
2026-08-21 11:36:07 - INFO -       safe (0)     0.9956    0.9956    0.9956       226
2026-08-21 11:36:07 - INFO - vulnerable (1)     0.9957    0.9957    0.9957       230
2026-08-21 11:36:07 - INFO - 
2026-08-21 11:36:07 - INFO -       accuracy                         0.9956       456
2026-08-21 11:36:07 - INFO -      macro avg     0.9956    0.9956    0.9956       456
2026-08-21 11:36:07 - INFO -   weighted avg     0.9956    0.9956    0.9956       456
2026-08-21 11:36:07 - INFO - Confusion matrix - [[tn=225, fp=1], [fn=1, tp=229]]
2026-08-21 11:36:07 - INFO - probability_positive min=0.0002 mean=0.5032 std=0.4972 max=0.9999 predicted_0=226 predicted_1=230
2026-08-21 11:36:07 - INFO - [Classification Report - split=validation epoch=20 - threshold=0.50]
2026-08-21 11:36:07 - INFO -                 precision    recall  f1-score   support
2026-08-21 11:36:07 - INFO - 
2026-08-21 11:36:07 - INFO -       safe (0)     0.8667    0.8125    0.8387        80
2026-08-21 11:36:07 - INFO - vulnerable (1)     0.8052    0.8611    0.8322        72
2026-08-21 11:36:07 - INFO - 
2026-08-21 11:36:07 - INFO -       accuracy                         0.8355       152
2026-08-21 11:36:07 - INFO -      macro avg     0.8359    0.8368    0.8355       152
2026-08-21 11:36:07 - INFO -   weighted avg     0.8375    0.8355    0.8356       152
2026-08-21 11:36:07 - INFO - Confusion matrix - [[tn=65, fp=15], [fn=10, tp=62]]
2026-08-21 11:36:07 - INFO - probability_positive min=0.0001 mean=0.5096 std=0.4882 max=0.9999 predicted_0=75 predicted_1=77
2026-08-21 11:36:27 - INFO - Epoch 21/30 | Train loss: 0.002259 | Val loss: 1.208095 | LR: 2.00e-05 | Best epoch: 18 | Patience: 3 | Train: 17.61s | Validation: 1.97s | Epoch: 19.57s | Total: 414.52s
2026-08-21 11:36:27 - INFO - [Classification Report - split=train epoch=21 - threshold=0.50]
2026-08-21 11:36:27 - INFO -                 precision    recall  f1-score   support
2026-08-21 11:36:27 - INFO - 
2026-08-21 11:36:27 - INFO -       safe (0)     1.0000    0.9956    0.9978       226
2026-08-21 11:36:27 - INFO - vulnerable (1)     0.9957    1.0000    0.9978       230
2026-08-21 11:36:27 - INFO - 
2026-08-21 11:36:27 - INFO -       accuracy                         0.9978       456
2026-08-21 11:36:27 - INFO -      macro avg     0.9978    0.9978    0.9978       456
2026-08-21 11:36:27 - INFO -   weighted avg     0.9978    0.9978    0.9978       456
2026-08-21 11:36:27 - INFO - Confusion matrix - [[tn=225, fp=1], [fn=0, tp=230]]
2026-08-21 11:36:27 - INFO - probability_positive min=0.0002 mean=0.5057 std=0.4990 max=0.9999 predicted_0=225 predicted_1=231
2026-08-21 11:36:27 - INFO - [Classification Report - split=validation epoch=21 - threshold=0.50]
2026-08-21 11:36:27 - INFO -                 precision    recall  f1-score   support
2026-08-21 11:36:27 - INFO - 
2026-08-21 11:36:27 - INFO -       safe (0)     0.7708    0.9250    0.8409        80
2026-08-21 11:36:27 - INFO - vulnerable (1)     0.8929    0.6944    0.7812        72
2026-08-21 11:36:27 - INFO - 
2026-08-21 11:36:27 - INFO -       accuracy                         0.8158       152
2026-08-21 11:36:27 - INFO -      macro avg     0.8318    0.8097    0.8111       152
2026-08-21 11:36:27 - INFO -   weighted avg     0.8286    0.8158    0.8126       152
2026-08-21 11:36:27 - INFO - Confusion matrix - [[tn=74, fp=6], [fn=22, tp=50]]
2026-08-21 11:36:27 - INFO - probability_positive min=0.0001 mean=0.3758 std=0.4766 max=0.9999 predicted_0=96 predicted_1=56
2026-08-21 11:36:47 - INFO - Epoch 22/30 | Train loss: 0.009914 | Val loss: 1.005709 | LR: 2.00e-05 | Best epoch: 22 | Patience: 0 | Train: 17.61s | Validation: 1.97s | Epoch: 19.96s | Total: 434.48s
2026-08-21 11:36:47 - INFO - [Classification Report - split=train epoch=22 - threshold=0.50]
2026-08-21 11:36:47 - INFO -                 precision    recall  f1-score   support
2026-08-21 11:36:47 - INFO - 
2026-08-21 11:36:47 - INFO -       safe (0)     0.9956    1.0000    0.9978       226
2026-08-21 11:36:47 - INFO - vulnerable (1)     1.0000    0.9957    0.9978       230
2026-08-21 11:36:47 - INFO - 
2026-08-21 11:36:47 - INFO -       accuracy                         0.9978       456
2026-08-21 11:36:47 - INFO -      macro avg     0.9978    0.9978    0.9978       456
2026-08-21 11:36:47 - INFO -   weighted avg     0.9978    0.9978    0.9978       456
2026-08-21 11:36:47 - INFO - Confusion matrix - [[tn=226, fp=0], [fn=1, tp=229]]
2026-08-21 11:36:47 - INFO - probability_positive min=0.0001 mean=0.5023 std=0.4994 max=0.9999 predicted_0=227 predicted_1=229
2026-08-21 11:36:47 - INFO - [Classification Report - split=validation epoch=22 - threshold=0.50]
2026-08-21 11:36:47 - INFO -                 precision    recall  f1-score   support
2026-08-21 11:36:47 - INFO - 
2026-08-21 11:36:47 - INFO -       safe (0)     0.8642    0.8750    0.8696        80
2026-08-21 11:36:47 - INFO - vulnerable (1)     0.8592    0.8472    0.8531        72
2026-08-21 11:36:47 - INFO - 
2026-08-21 11:36:47 - INFO -       accuracy                         0.8618       152
2026-08-21 11:36:47 - INFO -      macro avg     0.8617    0.8611    0.8614       152
2026-08-21 11:36:47 - INFO -   weighted avg     0.8618    0.8618    0.8618       152
2026-08-21 11:36:47 - INFO - Confusion matrix - [[tn=70, fp=10], [fn=11, tp=61]]
2026-08-21 11:36:47 - INFO - probability_positive min=0.0001 mean=0.4728 std=0.4937 max=0.9999 predicted_0=81 predicted_1=71
2026-08-21 11:36:47 - INFO - New best model | Macro-F1: 0.861356 | Epoch: 22
2026-08-21 11:37:06 - INFO - Epoch 23/30 | Train loss: 0.015097 | Val loss: 1.070953 | LR: 2.00e-05 | Best epoch: 22 | Patience: 1 | Train: 17.61s | Validation: 1.97s | Epoch: 19.58s | Total: 454.08s
2026-08-21 11:37:06 - INFO - [Classification Report - split=train epoch=23 - threshold=0.50]
2026-08-21 11:37:06 - INFO -                 precision    recall  f1-score   support
2026-08-21 11:37:06 - INFO - 
2026-08-21 11:37:06 - INFO -       safe (0)     0.9956    1.0000    0.9978       226
2026-08-21 11:37:06 - INFO - vulnerable (1)     1.0000    0.9957    0.9978       230
2026-08-21 11:37:06 - INFO - 
2026-08-21 11:37:06 - INFO -       accuracy                         0.9978       456
2026-08-21 11:37:06 - INFO -      macro avg     0.9978    0.9978    0.9978       456
2026-08-21 11:37:06 - INFO -   weighted avg     0.9978    0.9978    0.9978       456
2026-08-21 11:37:06 - INFO - Confusion matrix - [[tn=226, fp=0], [fn=1, tp=229]]
2026-08-21 11:37:06 - INFO - probability_positive min=0.0001 mean=0.5023 std=0.4996 max=0.9999 predicted_0=227 predicted_1=229
2026-08-21 11:37:06 - INFO - [Classification Report - split=validation epoch=23 - threshold=0.50]
2026-08-21 11:37:06 - INFO -                 precision    recall  f1-score   support
2026-08-21 11:37:06 - INFO - 
2026-08-21 11:37:06 - INFO -       safe (0)     0.8276    0.9000    0.8623        80
2026-08-21 11:37:06 - INFO - vulnerable (1)     0.8769    0.7917    0.8321        72
2026-08-21 11:37:06 - INFO - 
2026-08-21 11:37:06 - INFO -       accuracy                         0.8487       152
2026-08-21 11:37:06 - INFO -      macro avg     0.8523    0.8458    0.8472       152
2026-08-21 11:37:06 - INFO -   weighted avg     0.8510    0.8487    0.8480       152
2026-08-21 11:37:06 - INFO - Confusion matrix - [[tn=72, fp=8], [fn=15, tp=57]]
2026-08-21 11:37:06 - INFO - probability_positive min=0.0001 mean=0.4295 std=0.4900 max=0.9999 predicted_0=87 predicted_1=65
2026-08-21 11:37:26 - INFO - Epoch 24/30 | Train loss: 0.000282 | Val loss: 1.046170 | LR: 2.00e-05 | Best epoch: 22 | Patience: 2 | Train: 17.61s | Validation: 1.97s | Epoch: 19.57s | Total: 473.66s
2026-08-21 11:37:26 - INFO - [Classification Report - split=train epoch=24 - threshold=0.50]
2026-08-21 11:37:26 - INFO -                 precision    recall  f1-score   support
2026-08-21 11:37:26 - INFO - 
2026-08-21 11:37:26 - INFO -       safe (0)     1.0000    1.0000    1.0000       226
2026-08-21 11:37:26 - INFO - vulnerable (1)     1.0000    1.0000    1.0000       230
2026-08-21 11:37:26 - INFO - 
2026-08-21 11:37:26 - INFO -       accuracy                         1.0000       456
2026-08-21 11:37:26 - INFO -      macro avg     1.0000    1.0000    1.0000       456
2026-08-21 11:37:26 - INFO -   weighted avg     1.0000    1.0000    1.0000       456
2026-08-21 11:37:26 - INFO - Confusion matrix - [[tn=226, fp=0], [fn=0, tp=230]]
2026-08-21 11:37:26 - INFO - probability_positive min=0.0001 mean=0.5044 std=0.4997 max=0.9999 predicted_0=226 predicted_1=230
2026-08-21 11:37:26 - INFO - [Classification Report - split=validation epoch=24 - threshold=0.50]
2026-08-21 11:37:26 - INFO -                 precision    recall  f1-score   support
2026-08-21 11:37:26 - INFO - 
2026-08-21 11:37:26 - INFO -       safe (0)     0.8452    0.8875    0.8659        80
2026-08-21 11:37:26 - INFO - vulnerable (1)     0.8676    0.8194    0.8429        72
2026-08-21 11:37:26 - INFO - 
2026-08-21 11:37:26 - INFO -       accuracy                         0.8553       152
2026-08-21 11:37:26 - INFO -      macro avg     0.8564    0.8535    0.8544       152
2026-08-21 11:37:26 - INFO -   weighted avg     0.8559    0.8553    0.8550       152
2026-08-21 11:37:26 - INFO - Confusion matrix - [[tn=71, fp=9], [fn=13, tp=59]]
2026-08-21 11:37:26 - INFO - probability_positive min=0.0001 mean=0.4459 std=0.4911 max=0.9999 predicted_0=84 predicted_1=68
2026-08-21 11:37:45 - INFO - Epoch 25/30 | Train loss: 0.000359 | Val loss: 1.122122 | LR: 2.00e-05 | Best epoch: 22 | Patience: 3 | Train: 17.61s | Validation: 1.96s | Epoch: 19.57s | Total: 493.23s
2026-08-21 11:37:45 - INFO - [Classification Report - split=train epoch=25 - threshold=0.50]
2026-08-21 11:37:45 - INFO -                 precision    recall  f1-score   support
2026-08-21 11:37:45 - INFO - 
2026-08-21 11:37:45 - INFO -       safe (0)     1.0000    1.0000    1.0000       226
2026-08-21 11:37:45 - INFO - vulnerable (1)     1.0000    1.0000    1.0000       230
2026-08-21 11:37:45 - INFO - 
2026-08-21 11:37:45 - INFO -       accuracy                         1.0000       456
2026-08-21 11:37:45 - INFO -      macro avg     1.0000    1.0000    1.0000       456
2026-08-21 11:37:45 - INFO -   weighted avg     1.0000    1.0000    1.0000       456
2026-08-21 11:37:45 - INFO - Confusion matrix - [[tn=226, fp=0], [fn=0, tp=230]]
2026-08-21 11:37:45 - INFO - probability_positive min=0.0001 mean=0.5044 std=0.4996 max=0.9999 predicted_0=226 predicted_1=230
2026-08-21 11:37:45 - INFO - [Classification Report - split=validation epoch=25 - threshold=0.50]
2026-08-21 11:37:45 - INFO -                 precision    recall  f1-score   support
2026-08-21 11:37:45 - INFO - 
2026-08-21 11:37:45 - INFO -       safe (0)     0.8590    0.8375    0.8481        80
2026-08-21 11:37:45 - INFO - vulnerable (1)     0.8243    0.8472    0.8356        72
2026-08-21 11:37:45 - INFO - 
2026-08-21 11:37:45 - INFO -       accuracy                         0.8421       152
2026-08-21 11:37:45 - INFO -      macro avg     0.8416    0.8424    0.8419       152
2026-08-21 11:37:45 - INFO -   weighted avg     0.8426    0.8421    0.8422       152
2026-08-21 11:37:45 - INFO - Confusion matrix - [[tn=67, fp=13], [fn=11, tp=61]]
2026-08-21 11:37:45 - INFO - probability_positive min=0.0001 mean=0.4877 std=0.4916 max=0.9999 predicted_0=78 predicted_1=74
2026-08-21 11:38:05 - INFO - Epoch 26/30 | Train loss: 0.006867 | Val loss: 1.113257 | LR: 2.00e-05 | Best epoch: 26 | Patience: 0 | Train: 17.61s | Validation: 1.96s | Epoch: 19.95s | Total: 513.19s
2026-08-21 11:38:05 - INFO - [Classification Report - split=train epoch=26 - threshold=0.50]
2026-08-21 11:38:05 - INFO -                 precision    recall  f1-score   support
2026-08-21 11:38:05 - INFO - 
2026-08-21 11:38:05 - INFO -       safe (0)     1.0000    0.9956    0.9978       226
2026-08-21 11:38:05 - INFO - vulnerable (1)     0.9957    1.0000    0.9978       230
2026-08-21 11:38:05 - INFO - 
2026-08-21 11:38:05 - INFO -       accuracy                         0.9978       456
2026-08-21 11:38:05 - INFO -      macro avg     0.9978    0.9978    0.9978       456
2026-08-21 11:38:05 - INFO -   weighted avg     0.9978    0.9978    0.9978       456
2026-08-21 11:38:05 - INFO - Confusion matrix - [[tn=225, fp=1], [fn=0, tp=230]]
2026-08-21 11:38:05 - INFO - probability_positive min=0.0001 mean=0.5065 std=0.4996 max=0.9999 predicted_0=225 predicted_1=231
2026-08-21 11:38:05 - INFO - [Classification Report - split=validation epoch=26 - threshold=0.50]
2026-08-21 11:38:05 - INFO -                 precision    recall  f1-score   support
2026-08-21 11:38:05 - INFO - 
2026-08-21 11:38:05 - INFO -       safe (0)     0.8659    0.8875    0.8765        80
2026-08-21 11:38:05 - INFO - vulnerable (1)     0.8714    0.8472    0.8592        72
2026-08-21 11:38:05 - INFO - 
2026-08-21 11:38:05 - INFO -       accuracy                         0.8684       152
2026-08-21 11:38:05 - INFO -      macro avg     0.8686    0.8674    0.8678       152
2026-08-21 11:38:05 - INFO -   weighted avg     0.8685    0.8684    0.8683       152
2026-08-21 11:38:05 - INFO - Confusion matrix - [[tn=71, fp=9], [fn=11, tp=61]]
2026-08-21 11:38:05 - INFO - probability_positive min=0.0001 mean=0.4553 std=0.4899 max=0.9999 predicted_0=82 predicted_1=70
2026-08-21 11:38:05 - INFO - New best model | Macro-F1: 0.867849 | Epoch: 26
2026-08-21 11:38:25 - INFO - Epoch 27/30 | Train loss: 0.000254 | Val loss: 1.189871 | LR: 2.00e-05 | Best epoch: 26 | Patience: 1 | Train: 17.61s | Validation: 1.96s | Epoch: 19.57s | Total: 532.78s
2026-08-21 11:38:25 - INFO - [Classification Report - split=train epoch=27 - threshold=0.50]
2026-08-21 11:38:25 - INFO -                 precision    recall  f1-score   support
2026-08-21 11:38:25 - INFO - 
2026-08-21 11:38:25 - INFO -       safe (0)     1.0000    1.0000    1.0000       226
2026-08-21 11:38:25 - INFO - vulnerable (1)     1.0000    1.0000    1.0000       230
2026-08-21 11:38:25 - INFO - 
2026-08-21 11:38:25 - INFO -       accuracy                         1.0000       456
2026-08-21 11:38:25 - INFO -      macro avg     1.0000    1.0000    1.0000       456
2026-08-21 11:38:25 - INFO -   weighted avg     1.0000    1.0000    1.0000       456
2026-08-21 11:38:25 - INFO - Confusion matrix - [[tn=226, fp=0], [fn=0, tp=230]]
2026-08-21 11:38:25 - INFO - probability_positive min=0.0001 mean=0.5043 std=0.4997 max=0.9999 predicted_0=226 predicted_1=230
2026-08-21 11:38:25 - INFO - [Classification Report - split=validation epoch=27 - threshold=0.50]
2026-08-21 11:38:25 - INFO -                 precision    recall  f1-score   support
2026-08-21 11:38:25 - INFO - 
2026-08-21 11:38:25 - INFO -       safe (0)     0.8276    0.9000    0.8623        80
2026-08-21 11:38:25 - INFO - vulnerable (1)     0.8769    0.7917    0.8321        72
2026-08-21 11:38:25 - INFO - 
2026-08-21 11:38:25 - INFO -       accuracy                         0.8487       152
2026-08-21 11:38:25 - INFO -      macro avg     0.8523    0.8458    0.8472       152
2026-08-21 11:38:25 - INFO -   weighted avg     0.8510    0.8487    0.8480       152
2026-08-21 11:38:25 - INFO - Confusion matrix - [[tn=72, fp=8], [fn=15, tp=57]]
2026-08-21 11:38:25 - INFO - probability_positive min=0.0001 mean=0.4261 std=0.4904 max=0.9999 predicted_0=87 predicted_1=65
2026-08-21 11:38:45 - INFO - Epoch 28/30 | Train loss: 0.006844 | Val loss: 1.128195 | LR: 2.00e-05 | Best epoch: 26 | Patience: 2 | Train: 17.61s | Validation: 1.96s | Epoch: 19.57s | Total: 552.35s
2026-08-21 11:38:45 - INFO - [Classification Report - split=train epoch=28 - threshold=0.50]
2026-08-21 11:38:45 - INFO -                 precision    recall  f1-score   support
2026-08-21 11:38:45 - INFO - 
2026-08-21 11:38:45 - INFO -       safe (0)     1.0000    0.9956    0.9978       226
2026-08-21 11:38:45 - INFO - vulnerable (1)     0.9957    1.0000    0.9978       230
2026-08-21 11:38:45 - INFO - 
2026-08-21 11:38:45 - INFO -       accuracy                         0.9978       456
2026-08-21 11:38:45 - INFO -      macro avg     0.9978    0.9978    0.9978       456
2026-08-21 11:38:45 - INFO -   weighted avg     0.9978    0.9978    0.9978       456
2026-08-21 11:38:45 - INFO - Confusion matrix - [[tn=225, fp=1], [fn=0, tp=230]]
2026-08-21 11:38:45 - INFO - probability_positive min=0.0001 mean=0.5066 std=0.4995 max=0.9999 predicted_0=225 predicted_1=231
2026-08-21 11:38:45 - INFO - [Classification Report - split=validation epoch=28 - threshold=0.50]
2026-08-21 11:38:45 - INFO -                 precision    recall  f1-score   support
2026-08-21 11:38:45 - INFO - 
2026-08-21 11:38:45 - INFO -       safe (0)     0.8313    0.8625    0.8466        80
2026-08-21 11:38:45 - INFO - vulnerable (1)     0.8406    0.8056    0.8227        72
2026-08-21 11:38:45 - INFO - 
2026-08-21 11:38:45 - INFO -       accuracy                         0.8355       152
2026-08-21 11:38:45 - INFO -      macro avg     0.8360    0.8340    0.8347       152
2026-08-21 11:38:45 - INFO -   weighted avg     0.8357    0.8355    0.8353       152
2026-08-21 11:38:45 - INFO - Confusion matrix - [[tn=69, fp=11], [fn=14, tp=58]]
2026-08-21 11:38:45 - INFO - probability_positive min=0.0001 mean=0.4574 std=0.4929 max=0.9999 predicted_0=83 predicted_1=69
2026-08-21 11:39:04 - INFO - Epoch 29/30 | Train loss: 0.000484 | Val loss: 1.192845 | LR: 2.00e-05 | Best epoch: 26 | Patience: 3 | Train: 17.61s | Validation: 1.97s | Epoch: 19.58s | Total: 571.94s
2026-08-21 11:39:04 - INFO - [Classification Report - split=train epoch=29 - threshold=0.50]
2026-08-21 11:39:04 - INFO -                 precision    recall  f1-score   support
2026-08-21 11:39:04 - INFO - 
2026-08-21 11:39:04 - INFO -       safe (0)     1.0000    1.0000    1.0000       226
2026-08-21 11:39:04 - INFO - vulnerable (1)     1.0000    1.0000    1.0000       230
2026-08-21 11:39:04 - INFO - 
2026-08-21 11:39:04 - INFO -       accuracy                         1.0000       456
2026-08-21 11:39:04 - INFO -      macro avg     1.0000    1.0000    1.0000       456
2026-08-21 11:39:04 - INFO -   weighted avg     1.0000    1.0000    1.0000       456
2026-08-21 11:39:04 - INFO - Confusion matrix - [[tn=226, fp=0], [fn=0, tp=230]]
2026-08-21 11:39:04 - INFO - probability_positive min=0.0001 mean=0.5041 std=0.4995 max=0.9999 predicted_0=226 predicted_1=230
2026-08-21 11:39:04 - INFO - [Classification Report - split=validation epoch=29 - threshold=0.50]
2026-08-21 11:39:04 - INFO -                 precision    recall  f1-score   support
2026-08-21 11:39:04 - INFO - 
2026-08-21 11:39:04 - INFO -       safe (0)     0.8904    0.8125    0.8497        80
2026-08-21 11:39:04 - INFO - vulnerable (1)     0.8101    0.8889    0.8477        72
2026-08-21 11:39:04 - INFO - 
2026-08-21 11:39:04 - INFO -       accuracy                         0.8487       152
2026-08-21 11:39:04 - INFO -      macro avg     0.8503    0.8507    0.8487       152
2026-08-21 11:39:04 - INFO -   weighted avg     0.8524    0.8487    0.8487       152
2026-08-21 11:39:04 - INFO - Confusion matrix - [[tn=65, fp=15], [fn=8, tp=64]]
2026-08-21 11:39:04 - INFO - probability_positive min=0.0001 mean=0.5175 std=0.4938 max=1.0000 predicted_0=73 predicted_1=79
2026-08-21 11:39:24 - INFO - Epoch 30/30 | Train loss: 0.020835 | Val loss: 1.175392 | LR: 2.00e-05 | Best epoch: 26 | Patience: 4 | Train: 17.61s | Validation: 1.96s | Epoch: 19.57s | Total: 591.52s
2026-08-21 11:39:24 - INFO - [Classification Report - split=train epoch=30 - threshold=0.50]
2026-08-21 11:39:24 - INFO -                 precision    recall  f1-score   support
2026-08-21 11:39:24 - INFO - 
2026-08-21 11:39:24 - INFO -       safe (0)     1.0000    0.9912    0.9956       226
2026-08-21 11:39:24 - INFO - vulnerable (1)     0.9914    1.0000    0.9957       230
2026-08-21 11:39:24 - INFO - 
2026-08-21 11:39:24 - INFO -       accuracy                         0.9956       456
2026-08-21 11:39:24 - INFO -      macro avg     0.9957    0.9956    0.9956       456
2026-08-21 11:39:24 - INFO -   weighted avg     0.9957    0.9956    0.9956       456
2026-08-21 11:39:24 - INFO - Confusion matrix - [[tn=224, fp=2], [fn=0, tp=230]]
2026-08-21 11:39:24 - INFO - probability_positive min=0.0001 mean=0.5084 std=0.4994 max=0.9999 predicted_0=224 predicted_1=232
2026-08-21 11:39:24 - INFO - [Classification Report - split=validation epoch=30 - threshold=0.50]
2026-08-21 11:39:24 - INFO -                 precision    recall  f1-score   support
2026-08-21 11:39:24 - INFO - 
2026-08-21 11:39:24 - INFO -       safe (0)     0.8276    0.9000    0.8623        80
2026-08-21 11:39:24 - INFO - vulnerable (1)     0.8769    0.7917    0.8321        72
2026-08-21 11:39:24 - INFO - 
2026-08-21 11:39:24 - INFO -       accuracy                         0.8487       152
2026-08-21 11:39:24 - INFO -      macro avg     0.8523    0.8458    0.8472       152
2026-08-21 11:39:24 - INFO -   weighted avg     0.8510    0.8487    0.8480       152
2026-08-21 11:39:24 - INFO - Confusion matrix - [[tn=72, fp=8], [fn=15, tp=57]]
2026-08-21 11:39:24 - INFO - probability_positive min=0.0001 mean=0.4221 std=0.4877 max=0.9999 predicted_0=87 predicted_1=65
2026-08-21 11:39:24 - INFO - Best checkpoint saved | Path: model/t5p_mean_t5pm/baseline/seed_42/fold2/best.pt | Epoch: 26 | Val macro_f1: 0.867849
2026-08-21 11:39:24 - INFO - Training finished | Elapsed: 591.52s
2026-08-21 11:39:24 - INFO - Run finished | Phase: baseline_train | Fold: 2 | Seed: 42 | Elapsed: 593.99s
