2026-08-21 06:04:07 - INFO - Using device: cuda
2026-08-21 06:04:07 - INFO - Run started | Run: headroom_js_t5p | Method: baseline | Phase: baseline_infer | Fold: 4 | Seed: 42 | Device: cuda
2026-08-21 06:04:07 - INFO - Loading Python validation data: data/js_twin/fold4/val.jsonl
2026-08-21 06:04:07 - INFO - Loading Python test data: data/js_twin/fold4/test.jsonl
2026-08-21 06:04:07 - INFO - Data split: python_val | Total: 226 | Labels: {0: 112, 1: 114} | CWEs: {'CWE-022': 14, 'CWE-078': 28, 'CWE-079': 159, 'CWE-089': 25} | Languages: {'js': 226} | Invalid CWE: 0
2026-08-21 06:04:07 - INFO - Data split: python_test | Total: 226 | Labels: {0: 114, 1: 112} | CWEs: {'CWE-022': 14, 'CWE-078': 28, 'CWE-079': 159, 'CWE-089': 25} | Languages: {'js': 226} | Invalid CWE: 0
2026-08-21 06:04:09 - INFO - Environment: {"components": {"backbone": {"frozen": 0, "total": 109607040, "trainable": 109607040}, "vul_head": {"frozen": 0, "total": 1538, "trainable": 1538}}, "cuda": "12.8", "fold": 4, "frozen_parameters": 0, "gpu": "NVIDIA GeForce RTX 4070 Ti SUPER", "hyperparameters": {"batch_size": 16, "checkpoint_path": "model/headroom_js_t5p/baseline/seed_42/fold4/best.pt", "data_root": "data/js_twin", "epochs": 10, "eval_batch_size": 16, "fold": 4, "learning_rate": 2e-05, "max_eval_samples": null, "max_grad_norm": 1.0, "max_length": 512, "max_train_samples": null, "method_name": "baseline", "min_epochs": 3, "model_name": "Salesforce/codet5p-220m", "num_workers": 0, "patience": 5, "phase": "infer", "pooling": "cls", "result_path": "results/headroom_js_t5p/baseline/seed_42/fold4.json", "run_name": "headroom_js_t5p", "seed": 42, "target_lang": "js", "test_path": null, "train_path": null, "truncation_strategy": "head_middle_tail", "val_path": null, "weight_decay": 0.01}, "mode": "baseline_inference_no_optimizer", "model_name": "Salesforce/codet5p-220m", "seed": 42, "sklearn": "1.7.2", "torch": "2.11.0+cu128", "trainable_parameters": 109608578, "transformers": "4.57.1"}
2026-08-21 06:04:12 - INFO - Evaluation time | Split: validation+threshold | Seconds: 2.31
2026-08-21 06:04:12 - INFO - [Classification Report - split=validation - threshold=0.50]
2026-08-21 06:04:12 - INFO -                 precision    recall  f1-score   support
2026-08-21 06:04:12 - INFO - 
2026-08-21 06:04:12 - INFO -       safe (0)     0.4918    0.2679    0.3468       112
2026-08-21 06:04:12 - INFO - vulnerable (1)     0.5030    0.7281    0.5950       114
2026-08-21 06:04:12 - INFO - 
2026-08-21 06:04:12 - INFO -       accuracy                         0.5000       226
2026-08-21 06:04:12 - INFO -      macro avg     0.4974    0.4980    0.4709       226
2026-08-21 06:04:12 - INFO -   weighted avg     0.4975    0.5000    0.4720       226
2026-08-21 06:04:12 - INFO - Confusion matrix - [[tn=30, fp=82], [fn=31, tp=83]]
2026-08-21 06:04:12 - INFO - probability_positive min=0.4370 mean=0.5119 std=0.0263 max=0.5599 predicted_0=61 predicted_1=165
2026-08-21 06:04:12 - INFO - [Classification Report - split=validation_calibrated - threshold=0.51]
2026-08-21 06:04:12 - INFO -                 precision    recall  f1-score   support
2026-08-21 06:04:12 - INFO - 
2026-08-21 06:04:12 - INFO -       safe (0)     0.4938    0.3571    0.4145       112
2026-08-21 06:04:12 - INFO - vulnerable (1)     0.5034    0.6404    0.5637       114
2026-08-21 06:04:12 - INFO - 
2026-08-21 06:04:12 - INFO -       accuracy                         0.5000       226
2026-08-21 06:04:12 - INFO -      macro avg     0.4986    0.4987    0.4891       226
2026-08-21 06:04:12 - INFO -   weighted avg     0.4987    0.5000    0.4898       226
2026-08-21 06:04:12 - INFO - Confusion matrix - [[tn=40, fp=72], [fn=41, tp=73]]
2026-08-21 06:04:12 - INFO - probability_positive min=0.4370 mean=0.5119 std=0.0263 max=0.5599 predicted_0=81 predicted_1=145
2026-08-21 06:04:13 - INFO - Evaluation time | Split: test | Seconds: 1.62
2026-08-21 06:04:13 - INFO - [Classification Report - split=test - threshold=0.50]
2026-08-21 06:04:13 - INFO -                 precision    recall  f1-score   support
2026-08-21 06:04:13 - INFO - 
2026-08-21 06:04:13 - INFO -       safe (0)     0.5179    0.2544    0.3412       114
2026-08-21 06:04:13 - INFO - vulnerable (1)     0.5000    0.7589    0.6028       112
2026-08-21 06:04:13 - INFO - 
2026-08-21 06:04:13 - INFO -       accuracy                         0.5044       226
2026-08-21 06:04:13 - INFO -      macro avg     0.5089    0.5067    0.4720       226
2026-08-21 06:04:13 - INFO -   weighted avg     0.5090    0.5044    0.4708       226
2026-08-21 06:04:13 - INFO - Confusion matrix - [[tn=29, fp=85], [fn=27, tp=85]]
2026-08-21 06:04:13 - INFO - probability_positive min=0.4578 mean=0.5152 std=0.0235 max=0.5777 predicted_0=56 predicted_1=170
2026-08-21 06:04:13 - INFO - [Classification Report - split=test_valcal - threshold=0.51]
2026-08-21 06:04:13 - INFO -                 precision    recall  f1-score   support
2026-08-21 06:04:13 - INFO - 
2026-08-21 06:04:13 - INFO -       safe (0)     0.5063    0.3509    0.4145       114
2026-08-21 06:04:13 - INFO - vulnerable (1)     0.4966    0.6518    0.5637       112
2026-08-21 06:04:13 - INFO - 
2026-08-21 06:04:13 - INFO -       accuracy                         0.5000       226
2026-08-21 06:04:13 - INFO -      macro avg     0.5015    0.5013    0.4891       226
2026-08-21 06:04:13 - INFO -   weighted avg     0.5015    0.5000    0.4884       226
2026-08-21 06:04:13 - INFO - Confusion matrix - [[tn=40, fp=74], [fn=39, tp=73]]
2026-08-21 06:04:13 - INFO - probability_positive min=0.4578 mean=0.5152 std=0.0235 max=0.5777 predicted_0=79 predicted_1=147
2026-08-21 06:04:13 - INFO - [Classification Report - split=test_at_0.5_CWE-022 - threshold=0.50]
2026-08-21 06:04:13 - INFO -                 precision    recall  f1-score   support
2026-08-21 06:04:13 - INFO - 
2026-08-21 06:04:13 - INFO -       safe (0)     0.3333    0.1667    0.2222         6
2026-08-21 06:04:13 - INFO - vulnerable (1)     0.5455    0.7500    0.6316         8
2026-08-21 06:04:13 - INFO - 
2026-08-21 06:04:13 - INFO -       accuracy                         0.5000        14
2026-08-21 06:04:13 - INFO -      macro avg     0.4394    0.4583    0.4269        14
2026-08-21 06:04:13 - INFO -   weighted avg     0.4545    0.5000    0.4561        14
2026-08-21 06:04:13 - INFO - Confusion matrix - [[tn=1, fp=5], [fn=2, tp=6]]
2026-08-21 06:04:13 - INFO - probability_positive min=0.4656 mean=0.5075 std=0.0209 max=0.5274 predicted_0=3 predicted_1=11
2026-08-21 06:04:13 - INFO - [Classification Report - split=test_at_0.5_CWE-078 - threshold=0.50]
2026-08-21 06:04:13 - INFO -                 precision    recall  f1-score   support
2026-08-21 06:04:13 - INFO - 
2026-08-21 06:04:13 - INFO -       safe (0)     0.0000    0.0000    0.0000        15
2026-08-21 06:04:13 - INFO - vulnerable (1)     0.4643    1.0000    0.6341        13
2026-08-21 06:04:13 - INFO - 
2026-08-21 06:04:13 - INFO -       accuracy                         0.4643        28
2026-08-21 06:04:13 - INFO -      macro avg     0.2321    0.5000    0.3171        28
2026-08-21 06:04:13 - INFO -   weighted avg     0.2156    0.4643    0.2944        28
2026-08-21 06:04:13 - INFO - Confusion matrix - [[tn=0, fp=15], [fn=0, tp=13]]
2026-08-21 06:04:13 - INFO - probability_positive min=0.5125 mean=0.5313 std=0.0083 max=0.5435 predicted_0=0 predicted_1=28
2026-08-21 06:04:13 - INFO - [Classification Report - split=test_at_0.5_CWE-079 - threshold=0.50]
2026-08-21 06:04:13 - INFO -                 precision    recall  f1-score   support
2026-08-21 06:04:13 - INFO - 
2026-08-21 06:04:13 - INFO -       safe (0)     0.5106    0.3000    0.3780        80
2026-08-21 06:04:13 - INFO - vulnerable (1)     0.5000    0.7089    0.5864        79
2026-08-21 06:04:13 - INFO - 
2026-08-21 06:04:13 - INFO -       accuracy                         0.5031       159
2026-08-21 06:04:13 - INFO -      macro avg     0.5053    0.5044    0.4822       159
2026-08-21 06:04:13 - INFO -   weighted avg     0.5054    0.5031    0.4815       159
2026-08-21 06:04:13 - INFO - Confusion matrix - [[tn=24, fp=56], [fn=23, tp=56]]
2026-08-21 06:04:13 - INFO - probability_positive min=0.4578 mean=0.5117 std=0.0232 max=0.5777 predicted_0=47 predicted_1=112
2026-08-21 06:04:13 - INFO - [Classification Report - split=test_at_0.5_CWE-089 - threshold=0.50]
2026-08-21 06:04:13 - INFO -                 precision    recall  f1-score   support
2026-08-21 06:04:13 - INFO - 
2026-08-21 06:04:13 - INFO -       safe (0)     0.6667    0.3077    0.4211        13
2026-08-21 06:04:13 - INFO - vulnerable (1)     0.5263    0.8333    0.6452        12
2026-08-21 06:04:13 - INFO - 
2026-08-21 06:04:13 - INFO -       accuracy                         0.5600        25
2026-08-21 06:04:13 - INFO -      macro avg     0.5965    0.5705    0.5331        25
2026-08-21 06:04:13 - INFO -   weighted avg     0.5993    0.5600    0.5286        25
2026-08-21 06:04:13 - INFO - Confusion matrix - [[tn=4, fp=9], [fn=2, tp=10]]
2026-08-21 06:04:13 - INFO - probability_positive min=0.4595 mean=0.5237 std=0.0281 max=0.5578 predicted_0=6 predicted_1=19
2026-08-21 06:04:13 - INFO - [Classification Report - split=test_at_valcal_CWE-022 - threshold=0.51]
2026-08-21 06:04:13 - INFO -                 precision    recall  f1-score   support
2026-08-21 06:04:13 - INFO - 
2026-08-21 06:04:13 - INFO -       safe (0)     0.3333    0.3333    0.3333         6
2026-08-21 06:04:13 - INFO - vulnerable (1)     0.5000    0.5000    0.5000         8
2026-08-21 06:04:13 - INFO - 
2026-08-21 06:04:13 - INFO -       accuracy                         0.4286        14
2026-08-21 06:04:13 - INFO -      macro avg     0.4167    0.4167    0.4167        14
2026-08-21 06:04:13 - INFO -   weighted avg     0.4286    0.4286    0.4286        14
2026-08-21 06:04:13 - INFO - Confusion matrix - [[tn=2, fp=4], [fn=4, tp=4]]
2026-08-21 06:04:13 - INFO - probability_positive min=0.4656 mean=0.5075 std=0.0209 max=0.5274 predicted_0=6 predicted_1=8
2026-08-21 06:04:13 - INFO - [Classification Report - split=test_at_valcal_CWE-078 - threshold=0.51]
2026-08-21 06:04:13 - INFO -                 precision    recall  f1-score   support
2026-08-21 06:04:13 - INFO - 
2026-08-21 06:04:13 - INFO -       safe (0)     0.0000    0.0000    0.0000        15
2026-08-21 06:04:13 - INFO - vulnerable (1)     0.4643    1.0000    0.6341        13
2026-08-21 06:04:13 - INFO - 
2026-08-21 06:04:13 - INFO -       accuracy                         0.4643        28
2026-08-21 06:04:13 - INFO -      macro avg     0.2321    0.5000    0.3171        28
2026-08-21 06:04:13 - INFO -   weighted avg     0.2156    0.4643    0.2944        28
2026-08-21 06:04:13 - INFO - Confusion matrix - [[tn=0, fp=15], [fn=0, tp=13]]
2026-08-21 06:04:13 - INFO - probability_positive min=0.5125 mean=0.5313 std=0.0083 max=0.5435 predicted_0=0 predicted_1=28
2026-08-21 06:04:13 - INFO - [Classification Report - split=test_at_valcal_CWE-079 - threshold=0.51]
2026-08-21 06:04:13 - INFO -                 precision    recall  f1-score   support
2026-08-21 06:04:13 - INFO - 
2026-08-21 06:04:13 - INFO -       safe (0)     0.5075    0.4250    0.4626        80
2026-08-21 06:04:13 - INFO - vulnerable (1)     0.5000    0.5823    0.5380        79
2026-08-21 06:04:13 - INFO - 
2026-08-21 06:04:13 - INFO -       accuracy                         0.5031       159
2026-08-21 06:04:13 - INFO -      macro avg     0.5037    0.5036    0.5003       159
2026-08-21 06:04:13 - INFO -   weighted avg     0.5038    0.5031    0.5001       159
2026-08-21 06:04:13 - INFO - Confusion matrix - [[tn=34, fp=46], [fn=33, tp=46]]
2026-08-21 06:04:13 - INFO - probability_positive min=0.4578 mean=0.5117 std=0.0232 max=0.5777 predicted_0=67 predicted_1=92
2026-08-21 06:04:13 - INFO - [Classification Report - split=test_at_valcal_CWE-089 - threshold=0.51]
2026-08-21 06:04:13 - INFO -                 precision    recall  f1-score   support
2026-08-21 06:04:13 - INFO - 
2026-08-21 06:04:13 - INFO -       safe (0)     0.6667    0.3077    0.4211        13
2026-08-21 06:04:13 - INFO - vulnerable (1)     0.5263    0.8333    0.6452        12
2026-08-21 06:04:13 - INFO - 
2026-08-21 06:04:13 - INFO -       accuracy                         0.5600        25
2026-08-21 06:04:13 - INFO -      macro avg     0.5965    0.5705    0.5331        25
2026-08-21 06:04:13 - INFO -   weighted avg     0.5993    0.5600    0.5286        25
2026-08-21 06:04:13 - INFO - Confusion matrix - [[tn=4, fp=9], [fn=2, tp=10]]
2026-08-21 06:04:13 - INFO - probability_positive min=0.4595 mean=0.5237 std=0.0281 max=0.5578 predicted_0=6 predicted_1=19
2026-08-21 06:04:13 - INFO - Baseline inference result saved: results/headroom_js_t5p/baseline/seed_42/fold4.json
2026-08-21 06:04:13 - INFO - Run finished | Phase: baseline_infer | Fold: 4 | Seed: 42 | Elapsed: 6.68s
