2026-08-21 05:52:58 - INFO - Using device: cuda
2026-08-21 05:52:58 - INFO - Run started | Run: headroom_js_t5p | Method: baseline | Phase: baseline_infer | Fold: 3 | Seed: 42 | Device: cuda
2026-08-21 05:52:59 - INFO - Loading Python validation data: data/js_twin/fold3/val.jsonl
2026-08-21 05:52:59 - INFO - Loading Python test data: data/js_twin/fold3/test.jsonl
2026-08-21 05:52:59 - INFO - Data split: python_val | Total: 226 | Labels: {0: 114, 1: 112} | CWEs: {'CWE-022': 14, 'CWE-078': 28, 'CWE-079': 159, 'CWE-089': 25} | Languages: {'js': 226} | Invalid CWE: 0
2026-08-21 05:52:59 - INFO - Data split: python_test | Total: 227 | Labels: {0: 112, 1: 115} | CWEs: {'CWE-022': 14, 'CWE-078': 28, 'CWE-079': 160, 'CWE-089': 25} | Languages: {'js': 227} | Invalid CWE: 0
2026-08-21 05:53:01 - INFO - Environment: {"components": {"backbone": {"frozen": 0, "total": 109607040, "trainable": 109607040}, "vul_head": {"frozen": 0, "total": 1538, "trainable": 1538}}, "cuda": "12.8", "fold": 3, "frozen_parameters": 0, "gpu": "NVIDIA GeForce RTX 4070 Ti SUPER", "hyperparameters": {"batch_size": 16, "checkpoint_path": "model/headroom_js_t5p/baseline/seed_42/fold3/best.pt", "data_root": "data/js_twin", "epochs": 10, "eval_batch_size": 16, "fold": 3, "learning_rate": 2e-05, "max_eval_samples": null, "max_grad_norm": 1.0, "max_length": 512, "max_train_samples": null, "method_name": "baseline", "min_epochs": 3, "model_name": "Salesforce/codet5p-220m", "num_workers": 0, "patience": 5, "phase": "infer", "pooling": "cls", "result_path": "results/headroom_js_t5p/baseline/seed_42/fold3.json", "run_name": "headroom_js_t5p", "seed": 42, "target_lang": "js", "test_path": null, "train_path": null, "truncation_strategy": "head_middle_tail", "val_path": null, "weight_decay": 0.01}, "mode": "baseline_inference_no_optimizer", "model_name": "Salesforce/codet5p-220m", "seed": 42, "sklearn": "1.7.2", "torch": "2.11.0+cu128", "trainable_parameters": 109608578, "transformers": "4.57.1"}
2026-08-21 05:53:03 - INFO - Evaluation time | Split: validation+threshold | Seconds: 2.27
2026-08-21 05:53:03 - INFO - [Classification Report - split=validation - threshold=0.50]
2026-08-21 05:53:03 - INFO -                 precision    recall  f1-score   support
2026-08-21 05:53:03 - INFO - 
2026-08-21 05:53:03 - INFO -       safe (0)     0.5246    0.8421    0.6465       114
2026-08-21 05:53:03 - INFO - vulnerable (1)     0.5814    0.2232    0.3226       112
2026-08-21 05:53:03 - INFO - 
2026-08-21 05:53:03 - INFO -       accuracy                         0.5354       226
2026-08-21 05:53:03 - INFO -      macro avg     0.5530    0.5327    0.4845       226
2026-08-21 05:53:03 - INFO -   weighted avg     0.5527    0.5354    0.4860       226
2026-08-21 05:53:03 - INFO - Confusion matrix - [[tn=96, fp=18], [fn=87, tp=25]]
2026-08-21 05:53:03 - INFO - probability_positive min=0.4254 mean=0.4708 std=0.0241 max=0.5332 predicted_0=183 predicted_1=43
2026-08-21 05:53:03 - INFO - [Classification Report - split=validation_calibrated - threshold=0.46]
2026-08-21 05:53:03 - INFO -                 precision    recall  f1-score   support
2026-08-21 05:53:03 - INFO - 
2026-08-21 05:53:03 - INFO -       safe (0)     0.5556    0.4386    0.4902       114
2026-08-21 05:53:03 - INFO - vulnerable (1)     0.5294    0.6429    0.5806       112
2026-08-21 05:53:03 - INFO - 
2026-08-21 05:53:03 - INFO -       accuracy                         0.5398       226
2026-08-21 05:53:03 - INFO -      macro avg     0.5425    0.5407    0.5354       226
2026-08-21 05:53:03 - INFO -   weighted avg     0.5426    0.5398    0.5350       226
2026-08-21 05:53:03 - INFO - Confusion matrix - [[tn=50, fp=64], [fn=40, tp=72]]
2026-08-21 05:53:03 - INFO - probability_positive min=0.4254 mean=0.4708 std=0.0241 max=0.5332 predicted_0=90 predicted_1=136
2026-08-21 05:53:05 - INFO - Evaluation time | Split: test | Seconds: 1.66
2026-08-21 05:53:05 - INFO - [Classification Report - split=test - threshold=0.50]
2026-08-21 05:53:05 - INFO -                 precision    recall  f1-score   support
2026-08-21 05:53:05 - INFO - 
2026-08-21 05:53:05 - INFO -       safe (0)     0.4974    0.8482    0.6271       112
2026-08-21 05:53:05 - INFO - vulnerable (1)     0.5278    0.1652    0.2517       115
2026-08-21 05:53:05 - INFO - 
2026-08-21 05:53:05 - INFO -       accuracy                         0.5022       227
2026-08-21 05:53:05 - INFO -      macro avg     0.5126    0.5067    0.4394       227
2026-08-21 05:53:05 - INFO -   weighted avg     0.5128    0.5022    0.4369       227
2026-08-21 05:53:05 - INFO - Confusion matrix - [[tn=95, fp=17], [fn=96, tp=19]]
2026-08-21 05:53:05 - INFO - probability_positive min=0.4213 mean=0.4683 std=0.0240 max=0.5155 predicted_0=191 predicted_1=36
2026-08-21 05:53:05 - INFO - [Classification Report - split=test_valcal - threshold=0.46]
2026-08-21 05:53:05 - INFO -                 precision    recall  f1-score   support
2026-08-21 05:53:05 - INFO - 
2026-08-21 05:53:05 - INFO -       safe (0)     0.5049    0.4643    0.4837       112
2026-08-21 05:53:05 - INFO - vulnerable (1)     0.5161    0.5565    0.5356       115
2026-08-21 05:53:05 - INFO - 
2026-08-21 05:53:05 - INFO -       accuracy                         0.5110       227
2026-08-21 05:53:05 - INFO -      macro avg     0.5105    0.5104    0.5096       227
2026-08-21 05:53:05 - INFO -   weighted avg     0.5106    0.5110    0.5100       227
2026-08-21 05:53:05 - INFO - Confusion matrix - [[tn=52, fp=60], [fn=51, tp=64]]
2026-08-21 05:53:05 - INFO - probability_positive min=0.4213 mean=0.4683 std=0.0240 max=0.5155 predicted_0=103 predicted_1=124
2026-08-21 05:53:05 - INFO - [Classification Report - split=test_at_0.5_CWE-022 - threshold=0.50]
2026-08-21 05:53:05 - INFO -                 precision    recall  f1-score   support
2026-08-21 05:53:05 - INFO - 
2026-08-21 05:53:05 - INFO -       safe (0)     0.5000    0.7143    0.5882         7
2026-08-21 05:53:05 - INFO - vulnerable (1)     0.5000    0.2857    0.3636         7
2026-08-21 05:53:05 - INFO - 
2026-08-21 05:53:05 - INFO -       accuracy                         0.5000        14
2026-08-21 05:53:05 - INFO -      macro avg     0.5000    0.5000    0.4759        14
2026-08-21 05:53:05 - INFO -   weighted avg     0.5000    0.5000    0.4759        14
2026-08-21 05:53:05 - INFO - Confusion matrix - [[tn=5, fp=2], [fn=5, tp=2]]
2026-08-21 05:53:05 - INFO - probability_positive min=0.4307 mean=0.4756 std=0.0266 max=0.5099 predicted_0=10 predicted_1=4
2026-08-21 05:53:05 - INFO - [Classification Report - split=test_at_0.5_CWE-078 - threshold=0.50]
2026-08-21 05:53:05 - INFO -                 precision    recall  f1-score   support
2026-08-21 05:53:05 - INFO - 
2026-08-21 05:53:05 - INFO -       safe (0)     0.4286    0.7500    0.5455        12
2026-08-21 05:53:05 - INFO - vulnerable (1)     0.5714    0.2500    0.3478        16
2026-08-21 05:53:05 - INFO - 
2026-08-21 05:53:05 - INFO -       accuracy                         0.4643        28
2026-08-21 05:53:05 - INFO -      macro avg     0.5000    0.5000    0.4466        28
2026-08-21 05:53:05 - INFO -   weighted avg     0.5102    0.4643    0.4325        28
2026-08-21 05:53:05 - INFO - Confusion matrix - [[tn=9, fp=3], [fn=12, tp=4]]
2026-08-21 05:53:05 - INFO - probability_positive min=0.4345 mean=0.4751 std=0.0269 max=0.5095 predicted_0=21 predicted_1=7
2026-08-21 05:53:05 - INFO - [Classification Report - split=test_at_0.5_CWE-079 - threshold=0.50]
2026-08-21 05:53:05 - INFO -                 precision    recall  f1-score   support
2026-08-21 05:53:05 - INFO - 
2026-08-21 05:53:05 - INFO -       safe (0)     0.4965    0.8750    0.6335        80
2026-08-21 05:53:05 - INFO - vulnerable (1)     0.4737    0.1125    0.1818        80
2026-08-21 05:53:05 - INFO - 
2026-08-21 05:53:05 - INFO -       accuracy                         0.4938       160
2026-08-21 05:53:05 - INFO -      macro avg     0.4851    0.4938    0.4077       160
2026-08-21 05:53:05 - INFO -   weighted avg     0.4851    0.4938    0.4077       160
2026-08-21 05:53:05 - INFO - Confusion matrix - [[tn=70, fp=10], [fn=71, tp=9]]
2026-08-21 05:53:05 - INFO - probability_positive min=0.4213 mean=0.4645 std=0.0228 max=0.5155 predicted_0=141 predicted_1=19
2026-08-21 05:53:05 - INFO - [Classification Report - split=test_at_0.5_CWE-089 - threshold=0.50]
2026-08-21 05:53:05 - INFO -                 precision    recall  f1-score   support
2026-08-21 05:53:05 - INFO - 
2026-08-21 05:53:05 - INFO -       safe (0)     0.5789    0.8462    0.6875        13
2026-08-21 05:53:05 - INFO - vulnerable (1)     0.6667    0.3333    0.4444        12
2026-08-21 05:53:05 - INFO - 
2026-08-21 05:53:05 - INFO -       accuracy                         0.6000        25
2026-08-21 05:53:05 - INFO -      macro avg     0.6228    0.5897    0.5660        25
2026-08-21 05:53:05 - INFO -   weighted avg     0.6211    0.6000    0.5708        25
2026-08-21 05:53:05 - INFO - Confusion matrix - [[tn=11, fp=2], [fn=8, tp=4]]
2026-08-21 05:53:05 - INFO - probability_positive min=0.4528 mean=0.4805 std=0.0201 max=0.5120 predicted_0=19 predicted_1=6
2026-08-21 05:53:05 - INFO - [Classification Report - split=test_at_valcal_CWE-022 - threshold=0.46]
2026-08-21 05:53:05 - INFO -                 precision    recall  f1-score   support
2026-08-21 05:53:05 - INFO - 
2026-08-21 05:53:05 - INFO -       safe (0)     0.5000    0.4286    0.4615         7
2026-08-21 05:53:05 - INFO - vulnerable (1)     0.5000    0.5714    0.5333         7
2026-08-21 05:53:05 - INFO - 
2026-08-21 05:53:05 - INFO -       accuracy                         0.5000        14
2026-08-21 05:53:05 - INFO -      macro avg     0.5000    0.5000    0.4974        14
2026-08-21 05:53:05 - INFO -   weighted avg     0.5000    0.5000    0.4974        14
2026-08-21 05:53:05 - INFO - Confusion matrix - [[tn=3, fp=4], [fn=3, tp=4]]
2026-08-21 05:53:05 - INFO - probability_positive min=0.4307 mean=0.4756 std=0.0266 max=0.5099 predicted_0=6 predicted_1=8
2026-08-21 05:53:05 - INFO - [Classification Report - split=test_at_valcal_CWE-078 - threshold=0.46]
2026-08-21 05:53:05 - INFO -                 precision    recall  f1-score   support
2026-08-21 05:53:05 - INFO - 
2026-08-21 05:53:05 - INFO -       safe (0)     0.5385    0.5833    0.5600        12
2026-08-21 05:53:05 - INFO - vulnerable (1)     0.6667    0.6250    0.6452        16
2026-08-21 05:53:05 - INFO - 
2026-08-21 05:53:05 - INFO -       accuracy                         0.6071        28
2026-08-21 05:53:05 - INFO -      macro avg     0.6026    0.6042    0.6026        28
2026-08-21 05:53:05 - INFO -   weighted avg     0.6117    0.6071    0.6087        28
2026-08-21 05:53:05 - INFO - Confusion matrix - [[tn=7, fp=5], [fn=6, tp=10]]
2026-08-21 05:53:05 - INFO - probability_positive min=0.4345 mean=0.4751 std=0.0269 max=0.5095 predicted_0=13 predicted_1=15
2026-08-21 05:53:05 - INFO - [Classification Report - split=test_at_valcal_CWE-079 - threshold=0.46]
2026-08-21 05:53:05 - INFO -                 precision    recall  f1-score   support
2026-08-21 05:53:05 - INFO - 
2026-08-21 05:53:05 - INFO -       safe (0)     0.5000    0.4875    0.4937        80
2026-08-21 05:53:05 - INFO - vulnerable (1)     0.5000    0.5125    0.5062        80
2026-08-21 05:53:05 - INFO - 
2026-08-21 05:53:05 - INFO -       accuracy                         0.5000       160
2026-08-21 05:53:05 - INFO -      macro avg     0.5000    0.5000    0.4999       160
2026-08-21 05:53:05 - INFO -   weighted avg     0.5000    0.5000    0.4999       160
2026-08-21 05:53:05 - INFO - Confusion matrix - [[tn=39, fp=41], [fn=39, tp=41]]
2026-08-21 05:53:05 - INFO - probability_positive min=0.4213 mean=0.4645 std=0.0228 max=0.5155 predicted_0=78 predicted_1=82
2026-08-21 05:53:05 - INFO - [Classification Report - split=test_at_valcal_CWE-089 - threshold=0.46]
2026-08-21 05:53:05 - INFO -                 precision    recall  f1-score   support
2026-08-21 05:53:05 - INFO - 
2026-08-21 05:53:05 - INFO -       safe (0)     0.5000    0.2308    0.3158        13
2026-08-21 05:53:05 - INFO - vulnerable (1)     0.4737    0.7500    0.5806        12
2026-08-21 05:53:05 - INFO - 
2026-08-21 05:53:05 - INFO -       accuracy                         0.4800        25
2026-08-21 05:53:05 - INFO -      macro avg     0.4868    0.4904    0.4482        25
2026-08-21 05:53:05 - INFO -   weighted avg     0.4874    0.4800    0.4429        25
2026-08-21 05:53:05 - INFO - Confusion matrix - [[tn=3, fp=10], [fn=3, tp=9]]
2026-08-21 05:53:05 - INFO - probability_positive min=0.4528 mean=0.4805 std=0.0201 max=0.5120 predicted_0=6 predicted_1=19
2026-08-21 05:53:05 - INFO - Baseline inference result saved: results/headroom_js_t5p/baseline/seed_42/fold3.json
2026-08-21 05:53:05 - INFO - Run finished | Phase: baseline_infer | Fold: 3 | Seed: 42 | Elapsed: 6.69s
