2026-08-21 05:50:55 - INFO - Using device: cuda
2026-08-21 05:50:55 - INFO - Run started | Run: headroom_js_t5p | Method: baseline | Phase: baseline_train | Fold: 3 | Seed: 42 | Device: cuda
2026-08-21 05:50:56 - INFO - Loading Python validation data: data/js_twin/fold3/val.jsonl
2026-08-21 05:50:56 - INFO - Loading Python training data: data/js_twin/fold3/train.jsonl
2026-08-21 05:50:56 - INFO - Data split: python_train | Total: 685 | Labels: {0: 344, 1: 341} | CWEs: {'CWE-022': 44, 'CWE-078': 86, 'CWE-079': 479, 'CWE-089': 76} | Languages: {'js': 685} | Invalid CWE: 0
2026-08-21 05:50:56 - INFO - Data split: python_val | Total: 226 | Labels: {0: 114, 1: 112} | CWEs: {'CWE-022': 14, 'CWE-078': 28, 'CWE-079': 159, 'CWE-089': 25} | Languages: {'js': 226} | Invalid CWE: 0
2026-08-21 05:50:58 - INFO - Environment: {"components": {"backbone": {"frozen": 0, "total": 109607040, "trainable": 109607040}, "vul_head": {"frozen": 0, "total": 1538, "trainable": 1538}}, "cuda": "12.8", "fold": 3, "frozen_parameters": 0, "gpu": "NVIDIA GeForce RTX 4070 Ti SUPER", "hyperparameters": {"batch_size": 16, "checkpoint_path": "model/headroom_js_t5p/baseline/seed_42/fold3/best.pt", "data_root": "data/js_twin", "epochs": 30, "eval_batch_size": 16, "fold": 3, "learning_rate": 2e-05, "max_eval_samples": null, "max_grad_norm": 1.0, "max_length": 512, "max_train_samples": null, "method_name": "baseline", "min_epochs": 3, "model_name": "Salesforce/codet5p-220m", "num_workers": 0, "patience": 5, "phase": "train", "pooling": "cls", "result_path": "results/headroom_js_t5p/baseline/seed_42/fold3.json", "run_name": "headroom_js_t5p", "seed": 42, "target_lang": "js", "test_path": null, "train_path": null, "truncation_strategy": "head_middle_tail", "val_path": null, "weight_decay": 0.01}, "mode": "baseline_train", "model_name": "Salesforce/codet5p-220m", "seed": 42, "sklearn": "1.7.2", "torch": "2.11.0+cu128", "trainable_parameters": 109608578, "transformers": "4.57.1"}
2026-08-21 05:50:58 - INFO - Training started | Phase: baseline | Epochs: 30
2026-08-21 05:51:15 - INFO - Epoch 1/30 | Train loss: 0.719105 | Val loss: 0.693333 | LR: 2.00e-05 | Best epoch: 1 | Patience: 0 | Train: 15.10s | Validation: 1.63s | Epoch: 17.01s | Total: 17.01s
2026-08-21 05:51:15 - INFO - [Classification Report - split=train epoch=1 - threshold=0.50]
2026-08-21 05:51:15 - INFO -                 precision    recall  f1-score   support
2026-08-21 05:51:15 - INFO - 
2026-08-21 05:51:15 - INFO -       safe (0)     0.4635    0.5349    0.4966       344
2026-08-21 05:51:15 - INFO - vulnerable (1)     0.4444    0.3754    0.4070       341
2026-08-21 05:51:15 - INFO - 
2026-08-21 05:51:15 - INFO -       accuracy                         0.4555       685
2026-08-21 05:51:15 - INFO -      macro avg     0.4540    0.4551    0.4518       685
2026-08-21 05:51:15 - INFO -   weighted avg     0.4540    0.4555    0.4520       685
2026-08-21 05:51:15 - INFO - Confusion matrix - [[tn=184, fp=160], [fn=213, tp=128]]
2026-08-21 05:51:15 - INFO - probability_positive min=0.2446 mean=0.4784 std=0.0719 max=0.6830 predicted_0=397 predicted_1=288
2026-08-21 05:51:15 - INFO - [Classification Report - split=validation epoch=1 - threshold=0.50]
2026-08-21 05:51:15 - INFO -                 precision    recall  f1-score   support
2026-08-21 05:51:15 - INFO - 
2026-08-21 05:51:15 - INFO -       safe (0)     0.5082    0.8158    0.6263       114
2026-08-21 05:51:15 - INFO - vulnerable (1)     0.5116    0.1964    0.2839       112
2026-08-21 05:51:15 - INFO - 
2026-08-21 05:51:15 - INFO -       accuracy                         0.5088       226
2026-08-21 05:51:15 - INFO -      macro avg     0.5099    0.5061    0.4551       226
2026-08-21 05:51:15 - INFO -   weighted avg     0.5099    0.5088    0.4566       226
2026-08-21 05:51:15 - INFO - Confusion matrix - [[tn=93, fp=21], [fn=90, tp=22]]
2026-08-21 05:51:15 - INFO - probability_positive min=0.4503 mean=0.4860 std=0.0141 max=0.5190 predicted_0=183 predicted_1=43
2026-08-21 05:51:15 - INFO - New best model | Macro-F1: 0.455067 | Epoch: 1
2026-08-21 05:51:32 - INFO - Epoch 2/30 | Train loss: 0.705046 | Val loss: 0.692552 | LR: 2.00e-05 | Best epoch: 2 | Patience: 0 | Train: 14.96s | Validation: 1.63s | Epoch: 17.01s | Total: 34.03s
2026-08-21 05:51:32 - INFO - [Classification Report - split=train epoch=2 - threshold=0.50]
2026-08-21 05:51:32 - INFO -                 precision    recall  f1-score   support
2026-08-21 05:51:32 - INFO - 
2026-08-21 05:51:32 - INFO -       safe (0)     0.5103    0.5785    0.5422       344
2026-08-21 05:51:32 - INFO - vulnerable (1)     0.5085    0.4399    0.4717       341
2026-08-21 05:51:32 - INFO - 
2026-08-21 05:51:32 - INFO -       accuracy                         0.5095       685
2026-08-21 05:51:32 - INFO -      macro avg     0.5094    0.5092    0.5070       685
2026-08-21 05:51:32 - INFO -   weighted avg     0.5094    0.5095    0.5071       685
2026-08-21 05:51:32 - INFO - Confusion matrix - [[tn=199, fp=145], [fn=191, tp=150]]
2026-08-21 05:51:32 - INFO - probability_positive min=0.2772 mean=0.4878 std=0.0569 max=0.6491 predicted_0=390 predicted_1=295
2026-08-21 05:51:32 - INFO - [Classification Report - split=validation epoch=2 - threshold=0.50]
2026-08-21 05:51:32 - INFO -                 precision    recall  f1-score   support
2026-08-21 05:51:32 - INFO - 
2026-08-21 05:51:32 - INFO -       safe (0)     0.5246    0.8421    0.6465       114
2026-08-21 05:51:32 - INFO - vulnerable (1)     0.5814    0.2232    0.3226       112
2026-08-21 05:51:32 - INFO - 
2026-08-21 05:51:32 - INFO -       accuracy                         0.5354       226
2026-08-21 05:51:32 - INFO -      macro avg     0.5530    0.5327    0.4845       226
2026-08-21 05:51:32 - INFO -   weighted avg     0.5527    0.5354    0.4860       226
2026-08-21 05:51:32 - INFO - Confusion matrix - [[tn=96, fp=18], [fn=87, tp=25]]
2026-08-21 05:51:32 - INFO - probability_positive min=0.4254 mean=0.4708 std=0.0241 max=0.5332 predicted_0=183 predicted_1=43
2026-08-21 05:51:32 - INFO - New best model | Macro-F1: 0.484523 | Epoch: 2
2026-08-21 05:51:48 - INFO - Epoch 3/30 | Train loss: 0.697917 | Val loss: 0.698100 | LR: 2.00e-05 | Best epoch: 2 | Patience: 1 | Train: 14.96s | Validation: 1.64s | Epoch: 16.60s | Total: 50.65s
2026-08-21 05:51:48 - INFO - [Classification Report - split=train epoch=3 - threshold=0.50]
2026-08-21 05:51:48 - INFO -                 precision    recall  f1-score   support
2026-08-21 05:51:48 - INFO - 
2026-08-21 05:51:48 - INFO -       safe (0)     0.5147    0.5087    0.5117       344
2026-08-21 05:51:48 - INFO - vulnerable (1)     0.5101    0.5161    0.5131       341
2026-08-21 05:51:48 - INFO - 
2026-08-21 05:51:48 - INFO -       accuracy                         0.5124       685
2026-08-21 05:51:48 - INFO -      macro avg     0.5124    0.5124    0.5124       685
2026-08-21 05:51:48 - INFO -   weighted avg     0.5124    0.5124    0.5124       685
2026-08-21 05:51:48 - INFO - Confusion matrix - [[tn=175, fp=169], [fn=165, tp=176]]
2026-08-21 05:51:48 - INFO - probability_positive min=0.3122 mean=0.4871 std=0.0602 max=0.6656 predicted_0=340 predicted_1=345
2026-08-21 05:51:48 - INFO - [Classification Report - split=validation epoch=3 - threshold=0.50]
2026-08-21 05:51:48 - INFO -                 precision    recall  f1-score   support
2026-08-21 05:51:48 - INFO - 
2026-08-21 05:51:48 - INFO -       safe (0)     0.0000    0.0000    0.0000       114
2026-08-21 05:51:48 - INFO - vulnerable (1)     0.4956    1.0000    0.6627       112
2026-08-21 05:51:48 - INFO - 
2026-08-21 05:51:48 - INFO -       accuracy                         0.4956       226
2026-08-21 05:51:48 - INFO -      macro avg     0.2478    0.5000    0.3314       226
2026-08-21 05:51:48 - INFO -   weighted avg     0.2456    0.4956    0.3284       226
2026-08-21 05:51:48 - INFO - Confusion matrix - [[tn=0, fp=114], [fn=0, tp=112]]
2026-08-21 05:51:48 - INFO - probability_positive min=0.5111 mean=0.5308 std=0.0234 max=0.5917 predicted_0=0 predicted_1=226
2026-08-21 05:52:05 - INFO - Epoch 4/30 | Train loss: 0.697183 | Val loss: 0.692829 | LR: 2.00e-05 | Best epoch: 2 | Patience: 2 | Train: 14.98s | Validation: 1.65s | Epoch: 16.63s | Total: 67.29s
2026-08-21 05:52:05 - INFO - [Classification Report - split=train epoch=4 - threshold=0.50]
2026-08-21 05:52:05 - INFO -                 precision    recall  f1-score   support
2026-08-21 05:52:05 - INFO - 
2026-08-21 05:52:05 - INFO -       safe (0)     0.4762    0.2907    0.3610       344
2026-08-21 05:52:05 - INFO - vulnerable (1)     0.4863    0.6774    0.5662       341
2026-08-21 05:52:05 - INFO - 
2026-08-21 05:52:05 - INFO -       accuracy                         0.4832       685
2026-08-21 05:52:05 - INFO -      macro avg     0.4813    0.4841    0.4636       685
2026-08-21 05:52:05 - INFO -   weighted avg     0.4812    0.4832    0.4631       685
2026-08-21 05:52:05 - INFO - Confusion matrix - [[tn=100, fp=244], [fn=110, tp=231]]
2026-08-21 05:52:05 - INFO - probability_positive min=0.3728 mean=0.5100 std=0.0259 max=0.6109 predicted_0=210 predicted_1=475
2026-08-21 05:52:05 - INFO - [Classification Report - split=validation epoch=4 - threshold=0.50]
2026-08-21 05:52:05 - INFO -                 precision    recall  f1-score   support
2026-08-21 05:52:05 - INFO - 
2026-08-21 05:52:05 - INFO -       safe (0)     0.5224    0.9211    0.6667       114
2026-08-21 05:52:05 - INFO - vulnerable (1)     0.6400    0.1429    0.2336       112
2026-08-21 05:52:05 - INFO - 
2026-08-21 05:52:05 - INFO -       accuracy                         0.5354       226
2026-08-21 05:52:05 - INFO -      macro avg     0.5812    0.5320    0.4501       226
2026-08-21 05:52:05 - INFO -   weighted avg     0.5807    0.5354    0.4520       226
2026-08-21 05:52:05 - INFO - Confusion matrix - [[tn=105, fp=9], [fn=96, tp=16]]
2026-08-21 05:52:05 - INFO - probability_positive min=0.4931 mean=0.4972 std=0.0031 max=0.5140 predicted_0=201 predicted_1=25
2026-08-21 05:52:21 - INFO - Epoch 5/30 | Train loss: 0.692466 | Val loss: 0.693086 | LR: 2.00e-05 | Best epoch: 2 | Patience: 3 | Train: 14.99s | Validation: 1.64s | Epoch: 16.62s | Total: 83.92s
2026-08-21 05:52:21 - INFO - [Classification Report - split=train epoch=5 - threshold=0.50]
2026-08-21 05:52:21 - INFO -                 precision    recall  f1-score   support
2026-08-21 05:52:21 - INFO - 
2026-08-21 05:52:21 - INFO -       safe (0)     0.4615    0.2616    0.3340       344
2026-08-21 05:52:21 - INFO - vulnerable (1)     0.4816    0.6921    0.5680       341
2026-08-21 05:52:21 - INFO - 
2026-08-21 05:52:21 - INFO -       accuracy                         0.4759       685
2026-08-21 05:52:21 - INFO -      macro avg     0.4716    0.4769    0.4510       685
2026-08-21 05:52:21 - INFO -   weighted avg     0.4715    0.4759    0.4505       685
2026-08-21 05:52:21 - INFO - Confusion matrix - [[tn=90, fp=254], [fn=105, tp=236]]
2026-08-21 05:52:21 - INFO - probability_positive min=0.2835 mean=0.5030 std=0.0182 max=0.5709 predicted_0=195 predicted_1=490
2026-08-21 05:52:21 - INFO - [Classification Report - split=validation epoch=5 - threshold=0.50]
2026-08-21 05:52:21 - INFO -                 precision    recall  f1-score   support
2026-08-21 05:52:21 - INFO - 
2026-08-21 05:52:21 - INFO -       safe (0)     0.0000    0.0000    0.0000       114
2026-08-21 05:52:21 - INFO - vulnerable (1)     0.4956    1.0000    0.6627       112
2026-08-21 05:52:21 - INFO - 
2026-08-21 05:52:21 - INFO -       accuracy                         0.4956       226
2026-08-21 05:52:21 - INFO -      macro avg     0.2478    0.5000    0.3314       226
2026-08-21 05:52:21 - INFO -   weighted avg     0.2456    0.4956    0.3284       226
2026-08-21 05:52:21 - INFO - Confusion matrix - [[tn=0, fp=114], [fn=0, tp=112]]
2026-08-21 05:52:21 - INFO - probability_positive min=0.5058 mean=0.5145 std=0.0062 max=0.5414 predicted_0=0 predicted_1=226
2026-08-21 05:52:38 - INFO - Epoch 6/30 | Train loss: 0.694115 | Val loss: 0.692649 | LR: 2.00e-05 | Best epoch: 2 | Patience: 4 | Train: 14.97s | Validation: 1.63s | Epoch: 16.61s | Total: 100.54s
2026-08-21 05:52:38 - INFO - [Classification Report - split=train epoch=6 - threshold=0.50]
2026-08-21 05:52:38 - INFO -                 precision    recall  f1-score   support
2026-08-21 05:52:38 - INFO - 
2026-08-21 05:52:38 - INFO -       safe (0)     0.5410    0.0959    0.1630       344
2026-08-21 05:52:38 - INFO - vulnerable (1)     0.5016    0.9179    0.6487       341
2026-08-21 05:52:38 - INFO - 
2026-08-21 05:52:38 - INFO -       accuracy                         0.5051       685
2026-08-21 05:52:38 - INFO -      macro avg     0.5213    0.5069    0.4058       685
2026-08-21 05:52:38 - INFO -   weighted avg     0.5214    0.5051    0.4048       685
2026-08-21 05:52:38 - INFO - Confusion matrix - [[tn=33, fp=311], [fn=28, tp=313]]
2026-08-21 05:52:38 - INFO - probability_positive min=0.2592 mean=0.5096 std=0.0206 max=0.5903 predicted_0=61 predicted_1=624
2026-08-21 05:52:38 - INFO - [Classification Report - split=validation epoch=6 - threshold=0.50]
2026-08-21 05:52:38 - INFO -                 precision    recall  f1-score   support
2026-08-21 05:52:38 - INFO - 
2026-08-21 05:52:38 - INFO -       safe (0)     0.4815    0.1140    0.1844       114
2026-08-21 05:52:38 - INFO - vulnerable (1)     0.4925    0.8750    0.6302       112
2026-08-21 05:52:38 - INFO - 
2026-08-21 05:52:38 - INFO -       accuracy                         0.4912       226
2026-08-21 05:52:38 - INFO -      macro avg     0.4870    0.4945    0.4073       226
2026-08-21 05:52:38 - INFO -   weighted avg     0.4869    0.4912    0.4053       226
2026-08-21 05:52:38 - INFO - Confusion matrix - [[tn=13, fp=101], [fn=14, tp=98]]
2026-08-21 05:52:38 - INFO - probability_positive min=0.4982 mean=0.5064 std=0.0064 max=0.5322 predicted_0=27 predicted_1=199
2026-08-21 05:52:55 - INFO - Epoch 7/30 | Train loss: 0.693638 | Val loss: 0.692722 | LR: 2.00e-05 | Best epoch: 2 | Patience: 5 | Train: 14.98s | Validation: 1.64s | Epoch: 16.62s | Total: 117.16s
2026-08-21 05:52:55 - INFO - [Classification Report - split=train epoch=7 - threshold=0.50]
2026-08-21 05:52:55 - INFO -                 precision    recall  f1-score   support
2026-08-21 05:52:55 - INFO - 
2026-08-21 05:52:55 - INFO -       safe (0)     0.5034    0.2180    0.3043       344
2026-08-21 05:52:55 - INFO - vulnerable (1)     0.4981    0.7830    0.6089       341
2026-08-21 05:52:55 - INFO - 
2026-08-21 05:52:55 - INFO -       accuracy                         0.4993       685
2026-08-21 05:52:55 - INFO -      macro avg     0.5007    0.5005    0.4566       685
2026-08-21 05:52:55 - INFO -   weighted avg     0.5008    0.4993    0.4559       685
2026-08-21 05:52:55 - INFO - Confusion matrix - [[tn=75, fp=269], [fn=74, tp=267]]
2026-08-21 05:52:55 - INFO - probability_positive min=0.2745 mean=0.5053 std=0.0201 max=0.5660 predicted_0=149 predicted_1=536
2026-08-21 05:52:55 - INFO - [Classification Report - split=validation epoch=7 - threshold=0.50]
2026-08-21 05:52:55 - INFO -                 precision    recall  f1-score   support
2026-08-21 05:52:55 - INFO - 
2026-08-21 05:52:55 - INFO -       safe (0)     0.4000    0.0175    0.0336       114
2026-08-21 05:52:55 - INFO - vulnerable (1)     0.4932    0.9732    0.6547       112
2026-08-21 05:52:55 - INFO - 
2026-08-21 05:52:55 - INFO -       accuracy                         0.4912       226
2026-08-21 05:52:55 - INFO -      macro avg     0.4466    0.4954    0.3441       226
2026-08-21 05:52:55 - INFO -   weighted avg     0.4462    0.4912    0.3414       226
2026-08-21 05:52:55 - INFO - Confusion matrix - [[tn=2, fp=112], [fn=3, tp=109]]
2026-08-21 05:52:55 - INFO - probability_positive min=0.4995 mean=0.5082 std=0.0066 max=0.5300 predicted_0=5 predicted_1=221
2026-08-21 05:52:55 - INFO - Early stopping | Epoch: 7 | Best epoch: 2
2026-08-21 05:52:55 - INFO - Best checkpoint saved | Path: model/headroom_js_t5p/baseline/seed_42/fold3/best.pt | Epoch: 2 | Val macro_f1: 0.484523
2026-08-21 05:52:55 - INFO - Training finished | Elapsed: 117.17s
2026-08-21 05:52:55 - INFO - Run finished | Phase: baseline_train | Fold: 3 | Seed: 42 | Elapsed: 119.76s
