2026-08-22 03:50:39 - INFO - Using device: cuda
2026-08-22 03:50:39 - INFO - Run started | Run: fam1_unixcoder | Method: transfer_none | Phase: phase2 | Fold: 1 | Seed: 42 | Device: cuda
2026-08-22 03:50:39 - INFO - Loading Python training data: data/sven_python_folds_norm/fold1/train.jsonl
2026-08-22 03:50:39 - INFO - Loading Python validation data: data/sven_python_folds_norm/fold1/val.jsonl
2026-08-22 03:50:39 - INFO - Data split: python_train | Total: 456 | Labels: {0: 235, 1: 221} | CWEs: {'CWE-022': 39, 'CWE-078': 123, 'CWE-079': 49, 'CWE-089': 245} | Languages: {'python': 456} | Invalid CWE: 0
2026-08-22 03:50:39 - INFO - Data split: python_val | Total: 152 | Labels: {0: 74, 1: 78} | CWEs: {'CWE-022': 8, 'CWE-078': 42, 'CWE-079': 19, 'CWE-089': 83} | Languages: {'python': 152} | Invalid CWE: 0
2026-08-22 03:50:40 - INFO - Auxiliary head width taken from checkpoint: 4
2026-08-22 03:50:41 - INFO - Loaded source checkpoint: model/fam1_unixcoder/transfer_none/seed_42/source/best.pt | Best epoch: 11 | Best Val Macro-F1: 0.691228
2026-08-22 03:50:41 - INFO - RecAdam schedule | Total steps: 870 | Steps/epoch: 29 | Anneal t0: 43 | Weights: {1: 0.10909682119561293, 29: 0.3318122278318339, 43: 0.5, 870: 1.0}
2026-08-22 03:50:41 - INFO - Environment: {"components": {"backbone": {"frozen": 0, "total": 125929728, "trainable": 125929728}, "vul_head": {"frozen": 0, "total": 1538, "trainable": 1538}}, "cuda": "12.8", "fold": 1, "frozen_parameters": 0, "gpu": "NVIDIA GeForce RTX 5070 Ti", "hyperparameters": {"anneal_fun": "sigmoid", "anneal_k": 0.05, "anneal_t0_ratio": 0.05, "anneal_w": 1.0, "aux_mode": "none", "batch_size": 16, "checkpoint_path": "model/fam1_unixcoder/transfer_none/seed_42/fold1/best.pt", "cwe_vocab": "fixed4", "data_path": "data/train_ccpp_filtered.jsonl", "data_root": "data/sven_python_folds_norm", "epochs": 30, "eval_batch_size": 16, "fold": 1, "freeze_backbone_layers": 0, "freeze_prototypes_steps": 0, "lambda_cwe": 0.2, "latent_temperature": 0.1, "learning_rate": 2e-05, "lora_rank": 0, "lp_epochs": 0, "lp_learning_rate": 0.001, "max_eval_samples": null, "max_grad_norm": 1.0, "max_length": 512, "max_train_samples": null, "method_name": "transfer_none", "min_epochs": 3, "model_name": "microsoft/unixcoder-base", "num_cwes": 4, "num_latent": 8, "num_workers": 0, "output_dir": "results/fam1_unixcoder/transfer_none", "patience": 5, "phase": "phase2", "phase2_optimizer": "recadam", "pooling": "cls", "pretrain_cof": 5000.0, "recadam_anchor": "source", "result_path": "results/fam1_unixcoder/transfer_none/seed_42/fold1.json", "run_name": "fam1_unixcoder", "seed": 42, "selection_metric": "macro_f1", "source_checkpoint": "model/fam1_unixcoder/transfer_none/seed_42/source/best.pt", "source_interpolation": 1.0, "strict_determinism": false, "target_lang": "python", "test_path": null, "train_path": null, "truncation_strategy": "head_middle_tail", "val_path": null, "weight_decay": 0.01}, "mode": "phase2_train", "model_name": "microsoft/unixcoder-base", "seed": 42, "sklearn": "1.9.0", "torch": "2.11.0+cu128", "trainable_parameters": 125931266, "transformers": "4.57.1"}
2026-08-22 03:50:41 - INFO - Training started | Phase: phase2 | Epochs: 30
2026-08-22 03:50:42 - INFO - RecAdam first-step safety checks passed
2026-08-22 03:50:50 - INFO - Epoch 1/30 | Train loss: 0.769887 | Val loss: 0.691943 | LR: 2.00e-05 | Best epoch: 1 | Patience: 0 | Train: 7.40s | Validation: 0.79s | Epoch: 8.39s | Total: 8.39s
2026-08-22 03:50:50 - INFO - RecAdam target-task weight at epoch end: 0.331812
2026-08-22 03:50:50 - INFO - [Classification Report - split=train epoch=1 - threshold=0.50]
2026-08-22 03:50:50 - INFO -                 precision    recall  f1-score   support
2026-08-22 03:50:50 - INFO - 
2026-08-22 03:50:50 - INFO -       safe (0)     0.6370    0.3660    0.4649       235
2026-08-22 03:50:50 - INFO - vulnerable (1)     0.5358    0.7783    0.6347       221
2026-08-22 03:50:50 - INFO - 
2026-08-22 03:50:50 - INFO -       accuracy                         0.5658       456
2026-08-22 03:50:50 - INFO -      macro avg     0.5864    0.5721    0.5498       456
2026-08-22 03:50:50 - INFO -   weighted avg     0.5880    0.5658    0.5472       456
2026-08-22 03:50:50 - INFO - Confusion matrix - [[tn=86, fp=149], [fn=49, tp=172]]
2026-08-22 03:50:50 - INFO - probability_positive min=0.0004 mean=0.6136 std=0.2388 max=0.9877 predicted_0=135 predicted_1=321
2026-08-22 03:50:50 - INFO - [Classification Report - split=validation epoch=1 - threshold=0.50]
2026-08-22 03:50:50 - INFO -                 precision    recall  f1-score   support
2026-08-22 03:50:50 - INFO - 
2026-08-22 03:50:50 - INFO -       safe (0)     0.5610    0.6216    0.5897        74
2026-08-22 03:50:50 - INFO - vulnerable (1)     0.6000    0.5385    0.5676        78
2026-08-22 03:50:50 - INFO - 
2026-08-22 03:50:50 - INFO -       accuracy                         0.5789       152
2026-08-22 03:50:50 - INFO -      macro avg     0.5805    0.5800    0.5787       152
2026-08-22 03:50:50 - INFO -   weighted avg     0.5810    0.5789    0.5784       152
2026-08-22 03:50:50 - INFO - Confusion matrix - [[tn=46, fp=28], [fn=36, tp=42]]
2026-08-22 03:50:50 - INFO - probability_positive min=0.0001 mean=0.5147 std=0.2205 max=0.9444 predicted_0=82 predicted_1=70
2026-08-22 03:50:50 - INFO - New best model | Macro-F1: 0.578656 | Epoch: 1
2026-08-22 03:50:58 - INFO - Epoch 2/30 | Train loss: 0.649759 | Val loss: 0.579314 | LR: 2.00e-05 | Best epoch: 2 | Patience: 0 | Train: 7.18s | Validation: 0.79s | Epoch: 8.24s | Total: 16.64s
2026-08-22 03:50:58 - INFO - RecAdam target-task weight at epoch end: 0.679179
2026-08-22 03:50:58 - INFO - [Classification Report - split=train epoch=2 - threshold=0.50]
2026-08-22 03:50:58 - INFO -                 precision    recall  f1-score   support
2026-08-22 03:50:58 - INFO - 
2026-08-22 03:50:58 - INFO -       safe (0)     0.6411    0.6766    0.6584       235
2026-08-22 03:50:58 - INFO - vulnerable (1)     0.6346    0.5973    0.6154       221
2026-08-22 03:50:58 - INFO - 
2026-08-22 03:50:58 - INFO -       accuracy                         0.6382       456
2026-08-22 03:50:58 - INFO -      macro avg     0.6379    0.6369    0.6369       456
2026-08-22 03:50:58 - INFO -   weighted avg     0.6380    0.6382    0.6375       456
2026-08-22 03:50:58 - INFO - Confusion matrix - [[tn=159, fp=76], [fn=89, tp=132]]
2026-08-22 03:50:58 - INFO - probability_positive min=0.0002 mean=0.4848 std=0.2101 max=0.9574 predicted_0=248 predicted_1=208
2026-08-22 03:50:58 - INFO - [Classification Report - split=validation epoch=2 - threshold=0.50]
2026-08-22 03:50:58 - INFO -                 precision    recall  f1-score   support
2026-08-22 03:50:58 - INFO - 
2026-08-22 03:50:58 - INFO -       safe (0)     0.6753    0.7027    0.6887        74
2026-08-22 03:50:58 - INFO - vulnerable (1)     0.7067    0.6795    0.6928        78
2026-08-22 03:50:58 - INFO - 
2026-08-22 03:50:58 - INFO -       accuracy                         0.6908       152
2026-08-22 03:50:58 - INFO -      macro avg     0.6910    0.6911    0.6908       152
2026-08-22 03:50:58 - INFO -   weighted avg     0.6914    0.6908    0.6908       152
2026-08-22 03:50:58 - INFO - Confusion matrix - [[tn=52, fp=22], [fn=25, tp=53]]
2026-08-22 03:50:58 - INFO - probability_positive min=0.0005 mean=0.4963 std=0.2277 max=0.9314 predicted_0=77 predicted_1=75
2026-08-22 03:50:58 - INFO - New best model | Macro-F1: 0.690776 | Epoch: 2
2026-08-22 03:51:06 - INFO - Epoch 3/30 | Train loss: 0.488079 | Val loss: 0.350541 | LR: 2.00e-05 | Best epoch: 3 | Patience: 0 | Train: 7.18s | Validation: 0.79s | Epoch: 8.24s | Total: 24.89s
2026-08-22 03:51:06 - INFO - RecAdam target-task weight at epoch end: 0.900250
2026-08-22 03:51:06 - INFO - [Classification Report - split=train epoch=3 - threshold=0.50]
2026-08-22 03:51:06 - INFO -                 precision    recall  f1-score   support
2026-08-22 03:51:06 - INFO - 
2026-08-22 03:51:06 - INFO -       safe (0)     0.7682    0.7617    0.7650       235
2026-08-22 03:51:06 - INFO - vulnerable (1)     0.7489    0.7557    0.7523       221
2026-08-22 03:51:06 - INFO - 
2026-08-22 03:51:06 - INFO -       accuracy                         0.7588       456
2026-08-22 03:51:06 - INFO -      macro avg     0.7586    0.7587    0.7586       456
2026-08-22 03:51:06 - INFO -   weighted avg     0.7589    0.7588    0.7588       456
2026-08-22 03:51:06 - INFO - Confusion matrix - [[tn=179, fp=56], [fn=54, tp=167]]
2026-08-22 03:51:06 - INFO - probability_positive min=0.0001 mean=0.4784 std=0.2889 max=0.9987 predicted_0=233 predicted_1=223
2026-08-22 03:51:06 - INFO - [Classification Report - split=validation epoch=3 - threshold=0.50]
2026-08-22 03:51:06 - INFO -                 precision    recall  f1-score   support
2026-08-22 03:51:06 - INFO - 
2026-08-22 03:51:06 - INFO -       safe (0)     0.8986    0.8378    0.8671        74
2026-08-22 03:51:06 - INFO - vulnerable (1)     0.8554    0.9103    0.8820        78
2026-08-22 03:51:06 - INFO - 
2026-08-22 03:51:06 - INFO -       accuracy                         0.8750       152
2026-08-22 03:51:06 - INFO -      macro avg     0.8770    0.8740    0.8746       152
2026-08-22 03:51:06 - INFO -   weighted avg     0.8764    0.8750    0.8748       152
2026-08-22 03:51:06 - INFO - Confusion matrix - [[tn=62, fp=12], [fn=7, tp=71]]
2026-08-22 03:51:06 - INFO - probability_positive min=0.0001 mean=0.4758 std=0.3711 max=0.9969 predicted_0=69 predicted_1=83
2026-08-22 03:51:06 - INFO - New best model | Macro-F1: 0.874560 | Epoch: 3
2026-08-22 03:51:15 - INFO - Epoch 4/30 | Train loss: 0.298625 | Val loss: 0.311621 | LR: 2.00e-05 | Best epoch: 4 | Patience: 0 | Train: 7.18s | Validation: 0.79s | Epoch: 8.25s | Total: 33.16s
2026-08-22 03:51:15 - INFO - RecAdam target-task weight at epoch end: 0.974667
2026-08-22 03:51:15 - INFO - [Classification Report - split=train epoch=4 - threshold=0.50]
2026-08-22 03:51:15 - INFO -                 precision    recall  f1-score   support
2026-08-22 03:51:15 - INFO - 
2026-08-22 03:51:15 - INFO -       safe (0)     0.9065    0.8255    0.8641       235
2026-08-22 03:51:15 - INFO - vulnerable (1)     0.8306    0.9095    0.8683       221
2026-08-22 03:51:15 - INFO - 
2026-08-22 03:51:15 - INFO -       accuracy                         0.8662       456
2026-08-22 03:51:15 - INFO -      macro avg     0.8686    0.8675    0.8662       456
2026-08-22 03:51:15 - INFO -   weighted avg     0.8697    0.8662    0.8661       456
2026-08-22 03:51:15 - INFO - Confusion matrix - [[tn=194, fp=41], [fn=20, tp=201]]
2026-08-22 03:51:15 - INFO - probability_positive min=0.0000 mean=0.4922 std=0.4013 max=1.0000 predicted_0=214 predicted_1=242
2026-08-22 03:51:15 - INFO - [Classification Report - split=validation epoch=4 - threshold=0.50]
2026-08-22 03:51:15 - INFO -                 precision    recall  f1-score   support
2026-08-22 03:51:15 - INFO - 
2026-08-22 03:51:15 - INFO -       safe (0)     0.8933    0.9054    0.8993        74
2026-08-22 03:51:15 - INFO - vulnerable (1)     0.9091    0.8974    0.9032        78
2026-08-22 03:51:15 - INFO - 
2026-08-22 03:51:15 - INFO -       accuracy                         0.9013       152
2026-08-22 03:51:15 - INFO -      macro avg     0.9012    0.9014    0.9013       152
2026-08-22 03:51:15 - INFO -   weighted avg     0.9014    0.9013    0.9013       152
2026-08-22 03:51:15 - INFO - Confusion matrix - [[tn=67, fp=7], [fn=8, tp=70]]
2026-08-22 03:51:15 - INFO - probability_positive min=0.0000 mean=0.5128 std=0.4529 max=1.0000 predicted_0=75 predicted_1=77
2026-08-22 03:51:15 - INFO - New best model | Macro-F1: 0.901277 | Epoch: 4
2026-08-22 03:51:23 - INFO - Epoch 5/30 | Train loss: 0.158069 | Val loss: 0.441027 | LR: 2.00e-05 | Best epoch: 5 | Patience: 0 | Train: 7.18s | Validation: 0.79s | Epoch: 8.24s | Total: 41.41s
2026-08-22 03:51:23 - INFO - RecAdam target-task weight at epoch end: 0.993940
2026-08-22 03:51:23 - INFO - [Classification Report - split=train epoch=5 - threshold=0.50]
2026-08-22 03:51:23 - INFO -                 precision    recall  f1-score   support
2026-08-22 03:51:23 - INFO - 
2026-08-22 03:51:23 - INFO -       safe (0)     0.9310    0.9191    0.9251       235
2026-08-22 03:51:23 - INFO - vulnerable (1)     0.9152    0.9276    0.9213       221
2026-08-22 03:51:23 - INFO - 
2026-08-22 03:51:23 - INFO -       accuracy                         0.9232       456
2026-08-22 03:51:23 - INFO -      macro avg     0.9231    0.9234    0.9232       456
2026-08-22 03:51:23 - INFO -   weighted avg     0.9233    0.9232    0.9233       456
2026-08-22 03:51:23 - INFO - Confusion matrix - [[tn=216, fp=19], [fn=16, tp=205]]
2026-08-22 03:51:23 - INFO - probability_positive min=0.0000 mean=0.4760 std=0.4499 max=1.0000 predicted_0=232 predicted_1=224
2026-08-22 03:51:23 - INFO - [Classification Report - split=validation epoch=5 - threshold=0.50]
2026-08-22 03:51:23 - INFO -                 precision    recall  f1-score   support
2026-08-22 03:51:23 - INFO - 
2026-08-22 03:51:23 - INFO -       safe (0)     0.8831    0.9189    0.9007        74
2026-08-22 03:51:23 - INFO - vulnerable (1)     0.9200    0.8846    0.9020        78
2026-08-22 03:51:23 - INFO - 
2026-08-22 03:51:23 - INFO -       accuracy                         0.9013       152
2026-08-22 03:51:23 - INFO -      macro avg     0.9016    0.9018    0.9013       152
2026-08-22 03:51:23 - INFO -   weighted avg     0.9020    0.9013    0.9013       152
2026-08-22 03:51:23 - INFO - Confusion matrix - [[tn=68, fp=6], [fn=9, tp=69]]
2026-08-22 03:51:23 - INFO - probability_positive min=0.0000 mean=0.4875 std=0.4781 max=1.0000 predicted_0=77 predicted_1=75
2026-08-22 03:51:23 - INFO - New best model | Macro-F1: 0.901312 | Epoch: 5
2026-08-22 03:51:31 - INFO - Epoch 6/30 | Train loss: 0.117589 | Val loss: 0.569885 | LR: 2.00e-05 | Best epoch: 6 | Patience: 1 | Train: 7.18s | Validation: 0.79s | Epoch: 8.24s | Total: 49.66s
2026-08-22 03:51:31 - INFO - RecAdam target-task weight at epoch end: 0.998572
2026-08-22 03:51:31 - INFO - [Classification Report - split=train epoch=6 - threshold=0.50]
2026-08-22 03:51:31 - INFO -                 precision    recall  f1-score   support
2026-08-22 03:51:31 - INFO - 
2026-08-22 03:51:31 - INFO -       safe (0)     0.9534    0.9574    0.9554       235
2026-08-22 03:51:31 - INFO - vulnerable (1)     0.9545    0.9502    0.9524       221
2026-08-22 03:51:31 - INFO - 
2026-08-22 03:51:31 - INFO -       accuracy                         0.9539       456
2026-08-22 03:51:31 - INFO -      macro avg     0.9540    0.9538    0.9539       456
2026-08-22 03:51:31 - INFO -   weighted avg     0.9539    0.9539    0.9539       456
2026-08-22 03:51:31 - INFO - Confusion matrix - [[tn=225, fp=10], [fn=11, tp=210]]
2026-08-22 03:51:31 - INFO - probability_positive min=0.0000 mean=0.4799 std=0.4737 max=1.0000 predicted_0=236 predicted_1=220
2026-08-22 03:51:31 - INFO - [Classification Report - split=validation epoch=6 - threshold=0.50]
2026-08-22 03:51:31 - INFO -                 precision    recall  f1-score   support
2026-08-22 03:51:31 - INFO - 
2026-08-22 03:51:31 - INFO -       safe (0)     0.8831    0.9189    0.9007        74
2026-08-22 03:51:31 - INFO - vulnerable (1)     0.9200    0.8846    0.9020        78
2026-08-22 03:51:31 - INFO - 
2026-08-22 03:51:31 - INFO -       accuracy                         0.9013       152
2026-08-22 03:51:31 - INFO -      macro avg     0.9016    0.9018    0.9013       152
2026-08-22 03:51:31 - INFO -   weighted avg     0.9020    0.9013    0.9013       152
2026-08-22 03:51:31 - INFO - Confusion matrix - [[tn=68, fp=6], [fn=9, tp=69]]
2026-08-22 03:51:31 - INFO - probability_positive min=0.0000 mean=0.5012 std=0.4870 max=1.0000 predicted_0=77 predicted_1=75
2026-08-22 03:51:31 - INFO - Latest tied-best checkpoint saved | Macro-F1: 0.901312 | Epoch: 6
2026-08-22 03:51:39 - INFO - Epoch 7/30 | Train loss: 0.117548 | Val loss: 0.860722 | LR: 2.00e-05 | Best epoch: 6 | Patience: 2 | Train: 7.18s | Validation: 0.79s | Epoch: 7.97s | Total: 57.64s
2026-08-22 03:51:39 - INFO - RecAdam target-task weight at epoch end: 0.999665
2026-08-22 03:51:39 - INFO - [Classification Report - split=train epoch=7 - threshold=0.50]
2026-08-22 03:51:39 - INFO -                 precision    recall  f1-score   support
2026-08-22 03:51:39 - INFO - 
2026-08-22 03:51:39 - INFO -       safe (0)     0.9780    0.9447    0.9610       235
2026-08-22 03:51:39 - INFO - vulnerable (1)     0.9432    0.9774    0.9600       221
2026-08-22 03:51:39 - INFO - 
2026-08-22 03:51:39 - INFO -       accuracy                         0.9605       456
2026-08-22 03:51:39 - INFO -      macro avg     0.9606    0.9610    0.9605       456
2026-08-22 03:51:39 - INFO -   weighted avg     0.9611    0.9605    0.9605       456
2026-08-22 03:51:39 - INFO - Confusion matrix - [[tn=222, fp=13], [fn=5, tp=216]]
2026-08-22 03:51:39 - INFO - probability_positive min=0.0000 mean=0.4958 std=0.4846 max=1.0000 predicted_0=227 predicted_1=229
2026-08-22 03:51:39 - INFO - [Classification Report - split=validation epoch=7 - threshold=0.50]
2026-08-22 03:51:39 - INFO -                 precision    recall  f1-score   support
2026-08-22 03:51:39 - INFO - 
2026-08-22 03:51:39 - INFO -       safe (0)     0.8919    0.8919    0.8919        74
2026-08-22 03:51:39 - INFO - vulnerable (1)     0.8974    0.8974    0.8974        78
2026-08-22 03:51:39 - INFO - 
2026-08-22 03:51:39 - INFO -       accuracy                         0.8947       152
2026-08-22 03:51:39 - INFO -      macro avg     0.8947    0.8947    0.8947       152
2026-08-22 03:51:39 - INFO -   weighted avg     0.8947    0.8947    0.8947       152
2026-08-22 03:51:39 - INFO - Confusion matrix - [[tn=66, fp=8], [fn=8, tp=70]]
2026-08-22 03:51:39 - INFO - probability_positive min=0.0000 mean=0.5126 std=0.4940 max=1.0000 predicted_0=74 predicted_1=78
2026-08-22 03:51:47 - INFO - Epoch 8/30 | Train loss: 0.102669 | Val loss: 0.706625 | LR: 2.00e-05 | Best epoch: 8 | Patience: 0 | Train: 7.18s | Validation: 0.79s | Epoch: 8.24s | Total: 65.88s
2026-08-22 03:51:47 - INFO - RecAdam target-task weight at epoch end: 0.999921
2026-08-22 03:51:47 - INFO - [Classification Report - split=train epoch=8 - threshold=0.50]
2026-08-22 03:51:47 - INFO -                 precision    recall  f1-score   support
2026-08-22 03:51:47 - INFO - 
2026-08-22 03:51:47 - INFO -       safe (0)     0.9738    0.9489    0.9612       235
2026-08-22 03:51:47 - INFO - vulnerable (1)     0.9471    0.9729    0.9598       221
2026-08-22 03:51:47 - INFO - 
2026-08-22 03:51:47 - INFO -       accuracy                         0.9605       456
2026-08-22 03:51:47 - INFO -      macro avg     0.9605    0.9609    0.9605       456
2026-08-22 03:51:47 - INFO -   weighted avg     0.9609    0.9605    0.9605       456
2026-08-22 03:51:47 - INFO - Confusion matrix - [[tn=223, fp=12], [fn=6, tp=215]]
2026-08-22 03:51:47 - INFO - probability_positive min=0.0000 mean=0.4952 std=0.4906 max=1.0000 predicted_0=229 predicted_1=227
2026-08-22 03:51:47 - INFO - [Classification Report - split=validation epoch=8 - threshold=0.50]
2026-08-22 03:51:47 - INFO -                 precision    recall  f1-score   support
2026-08-22 03:51:47 - INFO - 
2026-08-22 03:51:47 - INFO -       safe (0)     0.8861    0.9459    0.9150        74
2026-08-22 03:51:47 - INFO - vulnerable (1)     0.9452    0.8846    0.9139        78
2026-08-22 03:51:47 - INFO - 
2026-08-22 03:51:47 - INFO -       accuracy                         0.9145       152
2026-08-22 03:51:47 - INFO -      macro avg     0.9156    0.9153    0.9145       152
2026-08-22 03:51:47 - INFO -   weighted avg     0.9164    0.9145    0.9145       152
2026-08-22 03:51:47 - INFO - Confusion matrix - [[tn=70, fp=4], [fn=9, tp=69]]
2026-08-22 03:51:47 - INFO - probability_positive min=0.0000 mean=0.4837 std=0.4953 max=1.0000 predicted_0=79 predicted_1=73
2026-08-22 03:51:47 - INFO - New best model | Macro-F1: 0.914470 | Epoch: 8
2026-08-22 03:51:55 - INFO - Epoch 9/30 | Train loss: 0.090846 | Val loss: 0.679657 | LR: 2.00e-05 | Best epoch: 8 | Patience: 1 | Train: 7.18s | Validation: 0.79s | Epoch: 7.97s | Total: 73.86s
2026-08-22 03:51:55 - INFO - RecAdam target-task weight at epoch end: 0.999982
2026-08-22 03:51:55 - INFO - [Classification Report - split=train epoch=9 - threshold=0.50]
2026-08-22 03:51:55 - INFO -                 precision    recall  f1-score   support
2026-08-22 03:51:55 - INFO - 
2026-08-22 03:51:55 - INFO -       safe (0)     0.9869    0.9617    0.9741       235
2026-08-22 03:51:55 - INFO - vulnerable (1)     0.9604    0.9864    0.9732       221
2026-08-22 03:51:55 - INFO - 
2026-08-22 03:51:55 - INFO -       accuracy                         0.9737       456
2026-08-22 03:51:55 - INFO -      macro avg     0.9736    0.9741    0.9737       456
2026-08-22 03:51:55 - INFO -   weighted avg     0.9740    0.9737    0.9737       456
2026-08-22 03:51:55 - INFO - Confusion matrix - [[tn=226, fp=9], [fn=3, tp=218]]
2026-08-22 03:51:55 - INFO - probability_positive min=0.0000 mean=0.4936 std=0.4920 max=1.0000 predicted_0=229 predicted_1=227
2026-08-22 03:51:55 - INFO - [Classification Report - split=validation epoch=9 - threshold=0.50]
2026-08-22 03:51:55 - INFO -                 precision    recall  f1-score   support
2026-08-22 03:51:55 - INFO - 
2026-08-22 03:51:55 - INFO -       safe (0)     0.8831    0.9189    0.9007        74
2026-08-22 03:51:55 - INFO - vulnerable (1)     0.9200    0.8846    0.9020        78
2026-08-22 03:51:55 - INFO - 
2026-08-22 03:51:55 - INFO -       accuracy                         0.9013       152
2026-08-22 03:51:55 - INFO -      macro avg     0.9016    0.9018    0.9013       152
2026-08-22 03:51:55 - INFO -   weighted avg     0.9020    0.9013    0.9013       152
2026-08-22 03:51:55 - INFO - Confusion matrix - [[tn=68, fp=6], [fn=9, tp=69]]
2026-08-22 03:51:55 - INFO - probability_positive min=0.0000 mean=0.4963 std=0.4927 max=1.0000 predicted_0=77 predicted_1=75
2026-08-22 03:52:03 - INFO - Epoch 10/30 | Train loss: 0.060370 | Val loss: 0.961421 | LR: 2.00e-05 | Best epoch: 8 | Patience: 2 | Train: 7.18s | Validation: 0.79s | Epoch: 7.97s | Total: 81.84s
2026-08-22 03:52:03 - INFO - RecAdam target-task weight at epoch end: 0.999996
2026-08-22 03:52:03 - INFO - [Classification Report - split=train epoch=10 - threshold=0.50]
2026-08-22 03:52:03 - INFO -                 precision    recall  f1-score   support
2026-08-22 03:52:03 - INFO - 
2026-08-22 03:52:03 - INFO -       safe (0)     0.9871    0.9787    0.9829       235
2026-08-22 03:52:03 - INFO - vulnerable (1)     0.9776    0.9864    0.9820       221
2026-08-22 03:52:03 - INFO - 
2026-08-22 03:52:03 - INFO -       accuracy                         0.9825       456
2026-08-22 03:52:03 - INFO -      macro avg     0.9824    0.9826    0.9824       456
2026-08-22 03:52:03 - INFO -   weighted avg     0.9825    0.9825    0.9825       456
2026-08-22 03:52:03 - INFO - Confusion matrix - [[tn=230, fp=5], [fn=3, tp=218]]
2026-08-22 03:52:03 - INFO - probability_positive min=0.0000 mean=0.4904 std=0.4942 max=1.0000 predicted_0=233 predicted_1=223
2026-08-22 03:52:03 - INFO - [Classification Report - split=validation epoch=10 - threshold=0.50]
2026-08-22 03:52:03 - INFO -                 precision    recall  f1-score   support
2026-08-22 03:52:03 - INFO - 
2026-08-22 03:52:03 - INFO -       safe (0)     0.8608    0.9189    0.8889        74
2026-08-22 03:52:03 - INFO - vulnerable (1)     0.9178    0.8590    0.8874        78
2026-08-22 03:52:03 - INFO - 
2026-08-22 03:52:03 - INFO -       accuracy                         0.8882       152
2026-08-22 03:52:03 - INFO -      macro avg     0.8893    0.8889    0.8882       152
2026-08-22 03:52:03 - INFO -   weighted avg     0.8900    0.8882    0.8881       152
2026-08-22 03:52:03 - INFO - Confusion matrix - [[tn=68, fp=6], [fn=11, tp=67]]
2026-08-22 03:52:03 - INFO - probability_positive min=0.0000 mean=0.4775 std=0.4939 max=1.0000 predicted_0=79 predicted_1=73
2026-08-22 03:52:11 - INFO - Epoch 11/30 | Train loss: 0.031798 | Val loss: 1.071675 | LR: 2.00e-05 | Best epoch: 8 | Patience: 3 | Train: 7.17s | Validation: 0.79s | Epoch: 7.97s | Total: 89.81s
2026-08-22 03:52:11 - INFO - RecAdam target-task weight at epoch end: 0.999999
2026-08-22 03:52:11 - INFO - [Classification Report - split=train epoch=11 - threshold=0.50]
2026-08-22 03:52:11 - INFO -                 precision    recall  f1-score   support
2026-08-22 03:52:11 - INFO - 
2026-08-22 03:52:11 - INFO -       safe (0)     0.9791    0.9957    0.9873       235
2026-08-22 03:52:11 - INFO - vulnerable (1)     0.9954    0.9774    0.9863       221
2026-08-22 03:52:11 - INFO - 
2026-08-22 03:52:11 - INFO -       accuracy                         0.9868       456
2026-08-22 03:52:11 - INFO -      macro avg     0.9872    0.9866    0.9868       456
2026-08-22 03:52:11 - INFO -   weighted avg     0.9870    0.9868    0.9868       456
2026-08-22 03:52:11 - INFO - Confusion matrix - [[tn=234, fp=1], [fn=5, tp=216]]
2026-08-22 03:52:11 - INFO - probability_positive min=0.0000 mean=0.4747 std=0.4946 max=1.0000 predicted_0=239 predicted_1=217
2026-08-22 03:52:11 - INFO - [Classification Report - split=validation epoch=11 - threshold=0.50]
2026-08-22 03:52:11 - INFO -                 precision    recall  f1-score   support
2026-08-22 03:52:11 - INFO - 
2026-08-22 03:52:11 - INFO -       safe (0)     0.9104    0.8243    0.8652        74
2026-08-22 03:52:11 - INFO - vulnerable (1)     0.8471    0.9231    0.8834        78
2026-08-22 03:52:11 - INFO - 
2026-08-22 03:52:11 - INFO -       accuracy                         0.8750       152
2026-08-22 03:52:11 - INFO -      macro avg     0.8788    0.8737    0.8743       152
2026-08-22 03:52:11 - INFO -   weighted avg     0.8779    0.8750    0.8746       152
2026-08-22 03:52:11 - INFO - Confusion matrix - [[tn=61, fp=13], [fn=6, tp=72]]
2026-08-22 03:52:11 - INFO - probability_positive min=0.0000 mean=0.5602 std=0.4874 max=1.0000 predicted_0=67 predicted_1=85
2026-08-22 03:52:19 - INFO - Epoch 12/30 | Train loss: 0.023829 | Val loss: 0.848140 | LR: 2.00e-05 | Best epoch: 8 | Patience: 4 | Train: 7.18s | Validation: 0.80s | Epoch: 7.98s | Total: 97.80s
2026-08-22 03:52:19 - INFO - RecAdam target-task weight at epoch end: 1.000000
2026-08-22 03:52:19 - INFO - [Classification Report - split=train epoch=12 - threshold=0.50]
2026-08-22 03:52:19 - INFO -                 precision    recall  f1-score   support
2026-08-22 03:52:19 - INFO - 
2026-08-22 03:52:19 - INFO -       safe (0)     1.0000    0.9830    0.9914       235
2026-08-22 03:52:19 - INFO - vulnerable (1)     0.9822    1.0000    0.9910       221
2026-08-22 03:52:19 - INFO - 
2026-08-22 03:52:19 - INFO -       accuracy                         0.9912       456
2026-08-22 03:52:19 - INFO -      macro avg     0.9911    0.9915    0.9912       456
2026-08-22 03:52:19 - INFO -   weighted avg     0.9914    0.9912    0.9912       456
2026-08-22 03:52:19 - INFO - Confusion matrix - [[tn=231, fp=4], [fn=0, tp=221]]
2026-08-22 03:52:19 - INFO - probability_positive min=0.0000 mean=0.4923 std=0.4981 max=1.0000 predicted_0=231 predicted_1=225
2026-08-22 03:52:19 - INFO - [Classification Report - split=validation epoch=12 - threshold=0.50]
2026-08-22 03:52:19 - INFO -                 precision    recall  f1-score   support
2026-08-22 03:52:19 - INFO - 
2026-08-22 03:52:19 - INFO -       safe (0)     0.8846    0.9324    0.9079        74
2026-08-22 03:52:19 - INFO - vulnerable (1)     0.9324    0.8846    0.9079        78
2026-08-22 03:52:19 - INFO - 
2026-08-22 03:52:19 - INFO -       accuracy                         0.9079       152
2026-08-22 03:52:19 - INFO -      macro avg     0.9085    0.9085    0.9079       152
2026-08-22 03:52:19 - INFO -   weighted avg     0.9092    0.9079    0.9079       152
2026-08-22 03:52:19 - INFO - Confusion matrix - [[tn=69, fp=5], [fn=9, tp=69]]
2026-08-22 03:52:19 - INFO - probability_positive min=0.0000 mean=0.4913 std=0.4928 max=1.0000 predicted_0=78 predicted_1=74
2026-08-22 03:52:27 - INFO - Epoch 13/30 | Train loss: 0.007717 | Val loss: 0.977666 | LR: 2.00e-05 | Best epoch: 8 | Patience: 5 | Train: 7.18s | Validation: 0.79s | Epoch: 7.97s | Total: 105.77s
2026-08-22 03:52:27 - INFO - RecAdam target-task weight at epoch end: 1.000000
2026-08-22 03:52:27 - INFO - [Classification Report - split=train epoch=13 - threshold=0.50]
2026-08-22 03:52:27 - INFO -                 precision    recall  f1-score   support
2026-08-22 03:52:27 - INFO - 
2026-08-22 03:52:27 - INFO -       safe (0)     0.9958    1.0000    0.9979       235
2026-08-22 03:52:27 - INFO - vulnerable (1)     1.0000    0.9955    0.9977       221
2026-08-22 03:52:27 - INFO - 
2026-08-22 03:52:27 - INFO -       accuracy                         0.9978       456
2026-08-22 03:52:27 - INFO -      macro avg     0.9979    0.9977    0.9978       456
2026-08-22 03:52:27 - INFO -   weighted avg     0.9978    0.9978    0.9978       456
2026-08-22 03:52:27 - INFO - Confusion matrix - [[tn=235, fp=0], [fn=1, tp=220]]
2026-08-22 03:52:27 - INFO - probability_positive min=0.0000 mean=0.4827 std=0.4987 max=1.0000 predicted_0=236 predicted_1=220
2026-08-22 03:52:27 - INFO - [Classification Report - split=validation epoch=13 - threshold=0.50]
2026-08-22 03:52:27 - INFO -                 precision    recall  f1-score   support
2026-08-22 03:52:27 - INFO - 
2026-08-22 03:52:27 - INFO -       safe (0)     0.9178    0.9054    0.9116        74
2026-08-22 03:52:27 - INFO - vulnerable (1)     0.9114    0.9231    0.9172        78
2026-08-22 03:52:27 - INFO - 
2026-08-22 03:52:27 - INFO -       accuracy                         0.9145       152
2026-08-22 03:52:27 - INFO -      macro avg     0.9146    0.9142    0.9144       152
2026-08-22 03:52:27 - INFO -   weighted avg     0.9145    0.9145    0.9145       152
2026-08-22 03:52:27 - INFO - Confusion matrix - [[tn=67, fp=7], [fn=6, tp=72]]
2026-08-22 03:52:27 - INFO - probability_positive min=0.0000 mean=0.5165 std=0.4960 max=1.0000 predicted_0=73 predicted_1=79
2026-08-22 03:52:27 - INFO - Early stopping | Epoch: 13 | Best epoch: 8
2026-08-22 03:52:27 - INFO - Best checkpoint saved | Path: model/fam1_unixcoder/transfer_none/seed_42/fold1/best.pt | Epoch: 8 | Val macro_f1: 0.914470
2026-08-22 03:52:27 - INFO - Training finished | Elapsed: 105.78s
2026-08-22 03:52:27 - INFO - Run finished | Phase: phase2 | Fold: 1 | Seed: 42 | Elapsed: 108.07s
