2026-08-21 15:11:25 - INFO - Using device: cuda
2026-08-21 15:11:25 - INFO - Run started | Run: cb_lam_codebert | Method: transfer_none | Phase: phase2 | Fold: 4 | Seed: 42 | Device: cuda
2026-08-21 15:11:25 - INFO - Loading Python training data: data/sven_python_folds_norm/fold4/train.jsonl
2026-08-21 15:11:25 - INFO - Loading Python validation data: data/sven_python_folds_norm/fold4/val.jsonl
2026-08-21 15:11:25 - INFO - Data split: python_train | Total: 456 | Labels: {0: 225, 1: 231} | CWEs: {'CWE-022': 42, 'CWE-078': 119, 'CWE-079': 53, 'CWE-089': 242} | Languages: {'python': 456} | Invalid CWE: 0
2026-08-21 15:11:25 - INFO - Data split: python_val | Total: 152 | Labels: {0: 72, 1: 80} | CWEs: {'CWE-022': 13, 'CWE-078': 44, 'CWE-079': 16, 'CWE-089': 79} | Languages: {'python': 152} | Invalid CWE: 0
2026-08-21 15:11:26 - INFO - Auxiliary head width taken from checkpoint: 4
2026-08-21 15:11:28 - INFO - Loaded source checkpoint: model/cb_lam_codebert/transfer_none/seed_42/source/best.pt | Best epoch: 11 | Best Val Macro-F1: 0.659071
2026-08-21 15:11:28 - INFO - RecAdam schedule | Total steps: 870 | Steps/epoch: 29 | Anneal t0: 43 | Weights: {1: 0.10909682119561293, 29: 0.3318122278318339, 43: 0.5, 870: 1.0}
2026-08-21 15:11:28 - INFO - Environment: {"components": {"backbone": {"frozen": 0, "total": 124645632, "trainable": 124645632}, "vul_head": {"frozen": 0, "total": 1538, "trainable": 1538}}, "cuda": "12.8", "fold": 4, "frozen_parameters": 0, "gpu": "NVIDIA GeForce RTX 4070 Ti SUPER", "hyperparameters": {"anneal_fun": "sigmoid", "anneal_k": 0.05, "anneal_t0_ratio": 0.05, "anneal_w": 1.0, "aux_mode": "none", "batch_size": 16, "checkpoint_path": "model/cb_lam_codebert/transfer_none/seed_42/fold4/best.pt", "cwe_vocab": "fixed4", "data_path": "data/train_ccpp_filtered.jsonl", "data_root": "data/sven_python_folds_norm", "epochs": 30, "eval_batch_size": 16, "fold": 4, "freeze_backbone_layers": 0, "freeze_prototypes_steps": 0, "lambda_cwe": 0.2, "latent_temperature": 0.1, "learning_rate": 2e-05, "lora_rank": 0, "lp_epochs": 0, "lp_learning_rate": 0.001, "max_eval_samples": null, "max_grad_norm": 1.0, "max_length": 512, "max_train_samples": null, "method_name": "transfer_none", "min_epochs": 3, "model_name": "microsoft/codebert-base", "num_cwes": 4, "num_latent": 8, "num_workers": 0, "output_dir": "results/cb_lam_codebert/transfer_none", "patience": 5, "phase": "phase2", "phase2_optimizer": "recadam", "pooling": "cls", "pretrain_cof": 5000.0, "recadam_anchor": "source", "result_path": "results/cb_lam_codebert/transfer_none/seed_42/fold4.json", "run_name": "cb_lam_codebert", "seed": 42, "selection_metric": "macro_f1", "source_checkpoint": "model/cb_lam_codebert/transfer_none/seed_42/source/best.pt", "source_interpolation": 1.0, "strict_determinism": false, "target_lang": "python", "test_path": null, "train_path": null, "truncation_strategy": "head_middle_tail", "val_path": null, "weight_decay": 0.01}, "mode": "phase2_train", "model_name": "microsoft/codebert-base", "seed": 42, "sklearn": "1.7.2", "torch": "2.11.0+cu128", "trainable_parameters": 124647170, "transformers": "4.57.1"}
2026-08-21 15:11:28 - INFO - Training started | Phase: phase2 | Epochs: 30
2026-08-21 15:11:28 - INFO - RecAdam first-step safety checks passed
2026-08-21 15:11:37 - INFO - Epoch 1/30 | Train loss: 0.695862 | Val loss: 0.631371 | LR: 2.00e-05 | Best epoch: 1 | Patience: 0 | Train: 8.22s | Validation: 0.85s | Epoch: 9.40s | Total: 9.40s
2026-08-21 15:11:37 - INFO - RecAdam target-task weight at epoch end: 0.331812
2026-08-21 15:11:37 - INFO - [Classification Report - split=train epoch=1 - threshold=0.50]
2026-08-21 15:11:37 - INFO -                 precision    recall  f1-score   support
2026-08-21 15:11:37 - INFO - 
2026-08-21 15:11:37 - INFO -       safe (0)     0.5504    0.5822    0.5659       225
2026-08-21 15:11:37 - INFO - vulnerable (1)     0.5688    0.5368    0.5523       231
2026-08-21 15:11:37 - INFO - 
2026-08-21 15:11:37 - INFO -       accuracy                         0.5592       456
2026-08-21 15:11:37 - INFO -      macro avg     0.5596    0.5595    0.5591       456
2026-08-21 15:11:37 - INFO -   weighted avg     0.5597    0.5592    0.5590       456
2026-08-21 15:11:37 - INFO - Confusion matrix - [[tn=131, fp=94], [fn=107, tp=124]]
2026-08-21 15:11:37 - INFO - probability_positive min=0.0114 mean=0.5134 std=0.1838 max=0.9703 predicted_0=238 predicted_1=218
2026-08-21 15:11:37 - INFO - [Classification Report - split=validation epoch=1 - threshold=0.50]
2026-08-21 15:11:37 - INFO -                 precision    recall  f1-score   support
2026-08-21 15:11:37 - INFO - 
2026-08-21 15:11:37 - INFO -       safe (0)     0.6267    0.6528    0.6395        72
2026-08-21 15:11:37 - INFO - vulnerable (1)     0.6753    0.6500    0.6624        80
2026-08-21 15:11:37 - INFO - 
2026-08-21 15:11:37 - INFO -       accuracy                         0.6513       152
2026-08-21 15:11:37 - INFO -      macro avg     0.6510    0.6514    0.6509       152
2026-08-21 15:11:37 - INFO -   weighted avg     0.6523    0.6513    0.6515       152
2026-08-21 15:11:37 - INFO - Confusion matrix - [[tn=47, fp=25], [fn=28, tp=52]]
2026-08-21 15:11:37 - INFO - probability_positive min=0.0109 mean=0.5118 std=0.2276 max=0.9765 predicted_0=75 predicted_1=77
2026-08-21 15:11:37 - INFO - New best model | Macro-F1: 0.650938 | Epoch: 1
2026-08-21 15:11:46 - INFO - Epoch 2/30 | Train loss: 0.650858 | Val loss: 0.597434 | LR: 2.00e-05 | Best epoch: 2 | Patience: 0 | Train: 8.07s | Validation: 0.86s | Epoch: 9.40s | Total: 18.81s
2026-08-21 15:11:46 - INFO - RecAdam target-task weight at epoch end: 0.679179
2026-08-21 15:11:46 - INFO - [Classification Report - split=train epoch=2 - threshold=0.50]
2026-08-21 15:11:46 - INFO -                 precision    recall  f1-score   support
2026-08-21 15:11:46 - INFO - 
2026-08-21 15:11:46 - INFO -       safe (0)     0.6000    0.6533    0.6255       225
2026-08-21 15:11:46 - INFO - vulnerable (1)     0.6303    0.5758    0.6018       231
2026-08-21 15:11:46 - INFO - 
2026-08-21 15:11:46 - INFO -       accuracy                         0.6140       456
2026-08-21 15:11:46 - INFO -      macro avg     0.6152    0.6145    0.6137       456
2026-08-21 15:11:46 - INFO -   weighted avg     0.6154    0.6140    0.6135       456
2026-08-21 15:11:46 - INFO - Confusion matrix - [[tn=147, fp=78], [fn=98, tp=133]]
2026-08-21 15:11:46 - INFO - probability_positive min=0.0148 mean=0.5074 std=0.1727 max=0.9763 predicted_0=245 predicted_1=211
2026-08-21 15:11:47 - INFO - [Classification Report - split=validation epoch=2 - threshold=0.50]
2026-08-21 15:11:47 - INFO -                 precision    recall  f1-score   support
2026-08-21 15:11:47 - INFO - 
2026-08-21 15:11:47 - INFO -       safe (0)     0.7027    0.7222    0.7123        72
2026-08-21 15:11:47 - INFO - vulnerable (1)     0.7436    0.7250    0.7342        80
2026-08-21 15:11:47 - INFO - 
2026-08-21 15:11:47 - INFO -       accuracy                         0.7237       152
2026-08-21 15:11:47 - INFO -      macro avg     0.7231    0.7236    0.7233       152
2026-08-21 15:11:47 - INFO -   weighted avg     0.7242    0.7237    0.7238       152
2026-08-21 15:11:47 - INFO - Confusion matrix - [[tn=52, fp=20], [fn=22, tp=58]]
2026-08-21 15:11:47 - INFO - probability_positive min=0.0152 mean=0.5012 std=0.2415 max=0.9648 predicted_0=74 predicted_1=78
2026-08-21 15:11:47 - INFO - New best model | Macro-F1: 0.723253 | Epoch: 2
2026-08-21 15:11:56 - INFO - Epoch 3/30 | Train loss: 0.569729 | Val loss: 0.582165 | LR: 2.00e-05 | Best epoch: 3 | Patience: 0 | Train: 8.08s | Validation: 0.85s | Epoch: 9.44s | Total: 28.27s
2026-08-21 15:11:56 - INFO - RecAdam target-task weight at epoch end: 0.900250
2026-08-21 15:11:56 - INFO - [Classification Report - split=train epoch=3 - threshold=0.50]
2026-08-21 15:11:56 - INFO -                 precision    recall  f1-score   support
2026-08-21 15:11:56 - INFO - 
2026-08-21 15:11:56 - INFO -       safe (0)     0.6450    0.6622    0.6535       225
2026-08-21 15:11:56 - INFO - vulnerable (1)     0.6622    0.6450    0.6535       231
2026-08-21 15:11:56 - INFO - 
2026-08-21 15:11:56 - INFO -       accuracy                         0.6535       456
2026-08-21 15:11:56 - INFO -      macro avg     0.6536    0.6536    0.6535       456
2026-08-21 15:11:56 - INFO -   weighted avg     0.6537    0.6535    0.6535       456
2026-08-21 15:11:56 - INFO - Confusion matrix - [[tn=149, fp=76], [fn=82, tp=149]]
2026-08-21 15:11:56 - INFO - probability_positive min=0.0086 mean=0.4990 std=0.2367 max=0.9857 predicted_0=231 predicted_1=225
2026-08-21 15:11:56 - INFO - [Classification Report - split=validation epoch=3 - threshold=0.50]
2026-08-21 15:11:56 - INFO -                 precision    recall  f1-score   support
2026-08-21 15:11:56 - INFO - 
2026-08-21 15:11:56 - INFO -       safe (0)     0.7639    0.7639    0.7639        72
2026-08-21 15:11:56 - INFO - vulnerable (1)     0.7875    0.7875    0.7875        80
2026-08-21 15:11:56 - INFO - 
2026-08-21 15:11:56 - INFO -       accuracy                         0.7763       152
2026-08-21 15:11:56 - INFO -      macro avg     0.7757    0.7757    0.7757       152
2026-08-21 15:11:56 - INFO -   weighted avg     0.7763    0.7763    0.7763       152
2026-08-21 15:11:56 - INFO - Confusion matrix - [[tn=55, fp=17], [fn=17, tp=63]]
2026-08-21 15:11:56 - INFO - probability_positive min=0.0057 mean=0.5010 std=0.3459 max=0.9678 predicted_0=72 predicted_1=80
2026-08-21 15:11:56 - INFO - New best model | Macro-F1: 0.775694 | Epoch: 3
2026-08-21 15:12:05 - INFO - Epoch 4/30 | Train loss: 0.470762 | Val loss: 0.522705 | LR: 2.00e-05 | Best epoch: 3 | Patience: 1 | Train: 8.09s | Validation: 0.86s | Epoch: 8.95s | Total: 37.24s
2026-08-21 15:12:05 - INFO - RecAdam target-task weight at epoch end: 0.974667
2026-08-21 15:12:05 - INFO - [Classification Report - split=train epoch=4 - threshold=0.50]
2026-08-21 15:12:05 - INFO -                 precision    recall  f1-score   support
2026-08-21 15:12:05 - INFO - 
2026-08-21 15:12:05 - INFO -       safe (0)     0.7864    0.7689    0.7775       225
2026-08-21 15:12:05 - INFO - vulnerable (1)     0.7797    0.7965    0.7880       231
2026-08-21 15:12:05 - INFO - 
2026-08-21 15:12:05 - INFO -       accuracy                         0.7829       456
2026-08-21 15:12:05 - INFO -      macro avg     0.7830    0.7827    0.7828       456
2026-08-21 15:12:05 - INFO -   weighted avg     0.7830    0.7829    0.7828       456
2026-08-21 15:12:05 - INFO - Confusion matrix - [[tn=173, fp=52], [fn=47, tp=184]]
2026-08-21 15:12:05 - INFO - probability_positive min=0.0032 mean=0.4821 std=0.3228 max=0.9654 predicted_0=220 predicted_1=236
2026-08-21 15:12:05 - INFO - [Classification Report - split=validation epoch=4 - threshold=0.50]
2026-08-21 15:12:05 - INFO -                 precision    recall  f1-score   support
2026-08-21 15:12:05 - INFO - 
2026-08-21 15:12:05 - INFO -       safe (0)     0.8393    0.6528    0.7344        72
2026-08-21 15:12:05 - INFO - vulnerable (1)     0.7396    0.8875    0.8068        80
2026-08-21 15:12:05 - INFO - 
2026-08-21 15:12:05 - INFO -       accuracy                         0.7763       152
2026-08-21 15:12:05 - INFO -      macro avg     0.7894    0.7701    0.7706       152
2026-08-21 15:12:05 - INFO -   weighted avg     0.7868    0.7763    0.7725       152
2026-08-21 15:12:05 - INFO - Confusion matrix - [[tn=47, fp=25], [fn=9, tp=71]]
2026-08-21 15:12:05 - INFO - probability_positive min=0.0054 mean=0.5392 std=0.3614 max=0.9750 predicted_0=56 predicted_1=96
2026-08-21 15:12:14 - INFO - Epoch 5/30 | Train loss: 0.360608 | Val loss: 0.654308 | LR: 2.00e-05 | Best epoch: 5 | Patience: 0 | Train: 8.10s | Validation: 0.86s | Epoch: 9.44s | Total: 46.69s
2026-08-21 15:12:14 - INFO - RecAdam target-task weight at epoch end: 0.993940
2026-08-21 15:12:14 - INFO - [Classification Report - split=train epoch=5 - threshold=0.50]
2026-08-21 15:12:14 - INFO -                 precision    recall  f1-score   support
2026-08-21 15:12:14 - INFO - 
2026-08-21 15:12:14 - INFO -       safe (0)     0.8856    0.7911    0.8357       225
2026-08-21 15:12:14 - INFO - vulnerable (1)     0.8157    0.9004    0.8560       231
2026-08-21 15:12:14 - INFO - 
2026-08-21 15:12:14 - INFO -       accuracy                         0.8465       456
2026-08-21 15:12:14 - INFO -      macro avg     0.8506    0.8458    0.8458       456
2026-08-21 15:12:14 - INFO -   weighted avg     0.8502    0.8465    0.8460       456
2026-08-21 15:12:14 - INFO - Confusion matrix - [[tn=178, fp=47], [fn=23, tp=208]]
2026-08-21 15:12:14 - INFO - probability_positive min=0.0034 mean=0.5055 std=0.3682 max=0.9867 predicted_0=201 predicted_1=255
2026-08-21 15:12:14 - INFO - [Classification Report - split=validation epoch=5 - threshold=0.50]
2026-08-21 15:12:14 - INFO -                 precision    recall  f1-score   support
2026-08-21 15:12:14 - INFO - 
2026-08-21 15:12:14 - INFO -       safe (0)     0.7532    0.8056    0.7785        72
2026-08-21 15:12:14 - INFO - vulnerable (1)     0.8133    0.7625    0.7871        80
2026-08-21 15:12:14 - INFO - 
2026-08-21 15:12:14 - INFO -       accuracy                         0.7829       152
2026-08-21 15:12:14 - INFO -      macro avg     0.7833    0.7840    0.7828       152
2026-08-21 15:12:14 - INFO -   weighted avg     0.7849    0.7829    0.7830       152
2026-08-21 15:12:14 - INFO - Confusion matrix - [[tn=58, fp=14], [fn=19, tp=61]]
2026-08-21 15:12:14 - INFO - probability_positive min=0.0017 mean=0.4657 std=0.4194 max=0.9882 predicted_0=77 predicted_1=75
2026-08-21 15:12:14 - INFO - New best model | Macro-F1: 0.782810 | Epoch: 5
2026-08-21 15:12:23 - INFO - Epoch 6/30 | Train loss: 0.273482 | Val loss: 0.698335 | LR: 2.00e-05 | Best epoch: 5 | Patience: 1 | Train: 8.10s | Validation: 0.86s | Epoch: 8.96s | Total: 55.67s
2026-08-21 15:12:23 - INFO - RecAdam target-task weight at epoch end: 0.998572
2026-08-21 15:12:23 - INFO - [Classification Report - split=train epoch=6 - threshold=0.50]
2026-08-21 15:12:23 - INFO -                 precision    recall  f1-score   support
2026-08-21 15:12:23 - INFO - 
2026-08-21 15:12:23 - INFO -       safe (0)     0.9043    0.8400    0.8710       225
2026-08-21 15:12:23 - INFO - vulnerable (1)     0.8543    0.9134    0.8828       231
2026-08-21 15:12:23 - INFO - 
2026-08-21 15:12:23 - INFO -       accuracy                         0.8772       456
2026-08-21 15:12:23 - INFO -      macro avg     0.8793    0.8767    0.8769       456
2026-08-21 15:12:23 - INFO -   weighted avg     0.8789    0.8772    0.8770       456
2026-08-21 15:12:23 - INFO - Confusion matrix - [[tn=189, fp=36], [fn=20, tp=211]]
2026-08-21 15:12:23 - INFO - probability_positive min=0.0012 mean=0.5039 std=0.4037 max=0.9973 predicted_0=209 predicted_1=247
2026-08-21 15:12:23 - INFO - [Classification Report - split=validation epoch=6 - threshold=0.50]
2026-08-21 15:12:23 - INFO -                 precision    recall  f1-score   support
2026-08-21 15:12:23 - INFO - 
2026-08-21 15:12:23 - INFO -       safe (0)     0.7467    0.7778    0.7619        72
2026-08-21 15:12:23 - INFO - vulnerable (1)     0.7922    0.7625    0.7771        80
2026-08-21 15:12:23 - INFO - 
2026-08-21 15:12:23 - INFO -       accuracy                         0.7697       152
2026-08-21 15:12:23 - INFO -      macro avg     0.7694    0.7701    0.7695       152
2026-08-21 15:12:23 - INFO -   weighted avg     0.7706    0.7697    0.7699       152
2026-08-21 15:12:23 - INFO - Confusion matrix - [[tn=56, fp=16], [fn=19, tp=61]]
2026-08-21 15:12:23 - INFO - probability_positive min=0.0006 mean=0.4778 std=0.4346 max=0.9972 predicted_0=75 predicted_1=77
2026-08-21 15:12:33 - INFO - Epoch 7/30 | Train loss: 0.185662 | Val loss: 0.784354 | LR: 2.00e-05 | Best epoch: 7 | Patience: 0 | Train: 8.10s | Validation: 0.86s | Epoch: 9.45s | Total: 65.14s
2026-08-21 15:12:33 - INFO - RecAdam target-task weight at epoch end: 0.999665
2026-08-21 15:12:33 - INFO - [Classification Report - split=train epoch=7 - threshold=0.50]
2026-08-21 15:12:33 - INFO -                 precision    recall  f1-score   support
2026-08-21 15:12:33 - INFO - 
2026-08-21 15:12:33 - INFO -       safe (0)     0.9434    0.8889    0.9153       225
2026-08-21 15:12:33 - INFO - vulnerable (1)     0.8975    0.9481    0.9221       231
2026-08-21 15:12:33 - INFO - 
2026-08-21 15:12:33 - INFO -       accuracy                         0.9189       456
2026-08-21 15:12:33 - INFO -      macro avg     0.9205    0.9185    0.9187       456
2026-08-21 15:12:33 - INFO -   weighted avg     0.9202    0.9189    0.9188       456
2026-08-21 15:12:33 - INFO - Confusion matrix - [[tn=200, fp=25], [fn=12, tp=219]]
2026-08-21 15:12:33 - INFO - probability_positive min=0.0007 mean=0.5090 std=0.4496 max=0.9983 predicted_0=212 predicted_1=244
2026-08-21 15:12:33 - INFO - [Classification Report - split=validation epoch=7 - threshold=0.50]
2026-08-21 15:12:33 - INFO -                 precision    recall  f1-score   support
2026-08-21 15:12:33 - INFO - 
2026-08-21 15:12:33 - INFO -       safe (0)     0.8030    0.7361    0.7681        72
2026-08-21 15:12:33 - INFO - vulnerable (1)     0.7791    0.8375    0.8072        80
2026-08-21 15:12:33 - INFO - 
2026-08-21 15:12:33 - INFO -       accuracy                         0.7895       152
2026-08-21 15:12:33 - INFO -      macro avg     0.7911    0.7868    0.7877       152
2026-08-21 15:12:33 - INFO -   weighted avg     0.7904    0.7895    0.7887       152
2026-08-21 15:12:33 - INFO - Confusion matrix - [[tn=53, fp=19], [fn=13, tp=67]]
2026-08-21 15:12:33 - INFO - probability_positive min=0.0004 mean=0.5259 std=0.4574 max=0.9983 predicted_0=66 predicted_1=86
2026-08-21 15:12:33 - INFO - New best model | Macro-F1: 0.787672 | Epoch: 7
2026-08-21 15:12:42 - INFO - Epoch 8/30 | Train loss: 0.166046 | Val loss: 1.003412 | LR: 2.00e-05 | Best epoch: 8 | Patience: 0 | Train: 8.09s | Validation: 0.86s | Epoch: 9.46s | Total: 74.61s
2026-08-21 15:12:42 - INFO - RecAdam target-task weight at epoch end: 0.999921
2026-08-21 15:12:42 - INFO - [Classification Report - split=train epoch=8 - threshold=0.50]
2026-08-21 15:12:42 - INFO -                 precision    recall  f1-score   support
2026-08-21 15:12:42 - INFO - 
2026-08-21 15:12:42 - INFO -       safe (0)     0.9495    0.9200    0.9345       225
2026-08-21 15:12:42 - INFO - vulnerable (1)     0.9244    0.9524    0.9382       231
2026-08-21 15:12:42 - INFO - 
2026-08-21 15:12:42 - INFO -       accuracy                         0.9364       456
2026-08-21 15:12:42 - INFO -      macro avg     0.9370    0.9362    0.9364       456
2026-08-21 15:12:42 - INFO -   weighted avg     0.9368    0.9364    0.9364       456
2026-08-21 15:12:42 - INFO - Confusion matrix - [[tn=207, fp=18], [fn=11, tp=220]]
2026-08-21 15:12:42 - INFO - probability_positive min=0.0003 mean=0.5051 std=0.4634 max=0.9994 predicted_0=218 predicted_1=238
2026-08-21 15:12:42 - INFO - [Classification Report - split=validation epoch=8 - threshold=0.50]
2026-08-21 15:12:42 - INFO -                 precision    recall  f1-score   support
2026-08-21 15:12:42 - INFO - 
2026-08-21 15:12:42 - INFO -       safe (0)     0.7857    0.7639    0.7746        72
2026-08-21 15:12:42 - INFO - vulnerable (1)     0.7927    0.8125    0.8025        80
2026-08-21 15:12:42 - INFO - 
2026-08-21 15:12:42 - INFO -       accuracy                         0.7895       152
2026-08-21 15:12:42 - INFO -      macro avg     0.7892    0.7882    0.7886       152
2026-08-21 15:12:42 - INFO -   weighted avg     0.7894    0.7895    0.7893       152
2026-08-21 15:12:42 - INFO - Confusion matrix - [[tn=55, fp=17], [fn=15, tp=65]]
2026-08-21 15:12:42 - INFO - probability_positive min=0.0002 mean=0.5338 std=0.4818 max=0.9995 predicted_0=70 predicted_1=82
2026-08-21 15:12:42 - INFO - New best model | Macro-F1: 0.788559 | Epoch: 8
2026-08-21 15:12:52 - INFO - Epoch 9/30 | Train loss: 0.127826 | Val loss: 0.869379 | LR: 2.00e-05 | Best epoch: 9 | Patience: 0 | Train: 8.10s | Validation: 0.86s | Epoch: 9.46s | Total: 84.09s
2026-08-21 15:12:52 - INFO - RecAdam target-task weight at epoch end: 0.999982
2026-08-21 15:12:52 - INFO - [Classification Report - split=train epoch=9 - threshold=0.50]
2026-08-21 15:12:52 - INFO -                 precision    recall  f1-score   support
2026-08-21 15:12:52 - INFO - 
2026-08-21 15:12:52 - INFO -       safe (0)     0.9726    0.9467    0.9595       225
2026-08-21 15:12:52 - INFO - vulnerable (1)     0.9494    0.9740    0.9615       231
2026-08-21 15:12:52 - INFO - 
2026-08-21 15:12:52 - INFO -       accuracy                         0.9605       456
2026-08-21 15:12:52 - INFO -      macro avg     0.9610    0.9603    0.9605       456
2026-08-21 15:12:52 - INFO -   weighted avg     0.9608    0.9605    0.9605       456
2026-08-21 15:12:52 - INFO - Confusion matrix - [[tn=213, fp=12], [fn=6, tp=225]]
2026-08-21 15:12:52 - INFO - probability_positive min=0.0003 mean=0.5150 std=0.4817 max=0.9996 predicted_0=219 predicted_1=237
2026-08-21 15:12:52 - INFO - [Classification Report - split=validation epoch=9 - threshold=0.50]
2026-08-21 15:12:52 - INFO -                 precision    recall  f1-score   support
2026-08-21 15:12:52 - INFO - 
2026-08-21 15:12:52 - INFO -       safe (0)     0.8209    0.7639    0.7914        72
2026-08-21 15:12:52 - INFO - vulnerable (1)     0.8000    0.8500    0.8242        80
2026-08-21 15:12:52 - INFO - 
2026-08-21 15:12:52 - INFO -       accuracy                         0.8092       152
2026-08-21 15:12:52 - INFO -      macro avg     0.8104    0.8069    0.8078       152
2026-08-21 15:12:52 - INFO -   weighted avg     0.8099    0.8092    0.8087       152
2026-08-21 15:12:52 - INFO - Confusion matrix - [[tn=55, fp=17], [fn=12, tp=68]]
2026-08-21 15:12:52 - INFO - probability_positive min=0.0001 mean=0.5496 std=0.4791 max=0.9995 predicted_0=67 predicted_1=85
2026-08-21 15:12:52 - INFO - New best model | Macro-F1: 0.807805 | Epoch: 9
2026-08-21 15:13:01 - INFO - Epoch 10/30 | Train loss: 0.126479 | Val loss: 1.093262 | LR: 2.00e-05 | Best epoch: 9 | Patience: 1 | Train: 8.09s | Validation: 0.86s | Epoch: 8.95s | Total: 93.06s
2026-08-21 15:13:01 - INFO - RecAdam target-task weight at epoch end: 0.999996
2026-08-21 15:13:01 - INFO - [Classification Report - split=train epoch=10 - threshold=0.50]
2026-08-21 15:13:01 - INFO -                 precision    recall  f1-score   support
2026-08-21 15:13:01 - INFO - 
2026-08-21 15:13:01 - INFO -       safe (0)     0.9680    0.9422    0.9550       225
2026-08-21 15:13:01 - INFO - vulnerable (1)     0.9451    0.9697    0.9573       231
2026-08-21 15:13:01 - INFO - 
2026-08-21 15:13:01 - INFO -       accuracy                         0.9561       456
2026-08-21 15:13:01 - INFO -      macro avg     0.9566    0.9560    0.9561       456
2026-08-21 15:13:01 - INFO -   weighted avg     0.9564    0.9561    0.9561       456
2026-08-21 15:13:01 - INFO - Confusion matrix - [[tn=212, fp=13], [fn=7, tp=224]]
2026-08-21 15:13:01 - INFO - probability_positive min=0.0001 mean=0.5169 std=0.4806 max=0.9998 predicted_0=219 predicted_1=237
2026-08-21 15:13:01 - INFO - [Classification Report - split=validation epoch=10 - threshold=0.50]
2026-08-21 15:13:01 - INFO -                 precision    recall  f1-score   support
2026-08-21 15:13:01 - INFO - 
2026-08-21 15:13:01 - INFO -       safe (0)     0.7564    0.8194    0.7867        72
2026-08-21 15:13:01 - INFO - vulnerable (1)     0.8243    0.7625    0.7922        80
2026-08-21 15:13:01 - INFO - 
2026-08-21 15:13:01 - INFO -       accuracy                         0.7895       152
2026-08-21 15:13:01 - INFO -      macro avg     0.7904    0.7910    0.7894       152
2026-08-21 15:13:01 - INFO -   weighted avg     0.7922    0.7895    0.7896       152
2026-08-21 15:13:01 - INFO - Confusion matrix - [[tn=59, fp=13], [fn=19, tp=61]]
2026-08-21 15:13:01 - INFO - probability_positive min=0.0001 mean=0.4942 std=0.4819 max=0.9994 predicted_0=78 predicted_1=74
2026-08-21 15:13:10 - INFO - Epoch 11/30 | Train loss: 0.103904 | Val loss: 1.086675 | LR: 2.00e-05 | Best epoch: 9 | Patience: 2 | Train: 8.10s | Validation: 0.86s | Epoch: 8.96s | Total: 102.03s
2026-08-21 15:13:10 - INFO - RecAdam target-task weight at epoch end: 0.999999
2026-08-21 15:13:10 - INFO - [Classification Report - split=train epoch=11 - threshold=0.50]
2026-08-21 15:13:10 - INFO -                 precision    recall  f1-score   support
2026-08-21 15:13:10 - INFO - 
2026-08-21 15:13:10 - INFO -       safe (0)     0.9774    0.9600    0.9686       225
2026-08-21 15:13:10 - INFO - vulnerable (1)     0.9617    0.9784    0.9700       231
2026-08-21 15:13:10 - INFO - 
2026-08-21 15:13:10 - INFO -       accuracy                         0.9693       456
2026-08-21 15:13:10 - INFO -      macro avg     0.9695    0.9692    0.9693       456
2026-08-21 15:13:10 - INFO -   weighted avg     0.9694    0.9693    0.9693       456
2026-08-21 15:13:10 - INFO - Confusion matrix - [[tn=216, fp=9], [fn=5, tp=226]]
2026-08-21 15:13:10 - INFO - probability_positive min=0.0001 mean=0.5144 std=0.4881 max=0.9997 predicted_0=221 predicted_1=235
2026-08-21 15:13:10 - INFO - [Classification Report - split=validation epoch=11 - threshold=0.50]
2026-08-21 15:13:10 - INFO -                 precision    recall  f1-score   support
2026-08-21 15:13:10 - INFO - 
2026-08-21 15:13:10 - INFO -       safe (0)     0.8154    0.7361    0.7737        72
2026-08-21 15:13:10 - INFO - vulnerable (1)     0.7816    0.8500    0.8144        80
2026-08-21 15:13:10 - INFO - 
2026-08-21 15:13:10 - INFO -       accuracy                         0.7961       152
2026-08-21 15:13:10 - INFO -      macro avg     0.7985    0.7931    0.7940       152
2026-08-21 15:13:10 - INFO -   weighted avg     0.7976    0.7961    0.7951       152
2026-08-21 15:13:10 - INFO - Confusion matrix - [[tn=53, fp=19], [fn=12, tp=68]]
2026-08-21 15:13:10 - INFO - probability_positive min=0.0001 mean=0.5599 std=0.4823 max=0.9995 predicted_0=65 predicted_1=87
2026-08-21 15:13:19 - INFO - Epoch 12/30 | Train loss: 0.079497 | Val loss: 1.261939 | LR: 2.00e-05 | Best epoch: 9 | Patience: 3 | Train: 8.09s | Validation: 0.85s | Epoch: 8.95s | Total: 110.99s
2026-08-21 15:13:19 - INFO - RecAdam target-task weight at epoch end: 1.000000
2026-08-21 15:13:19 - INFO - [Classification Report - split=train epoch=12 - threshold=0.50]
2026-08-21 15:13:19 - INFO -                 precision    recall  f1-score   support
2026-08-21 15:13:19 - INFO - 
2026-08-21 15:13:19 - INFO -       safe (0)     0.9864    0.9644    0.9753       225
2026-08-21 15:13:19 - INFO - vulnerable (1)     0.9661    0.9870    0.9764       231
2026-08-21 15:13:19 - INFO - 
2026-08-21 15:13:19 - INFO -       accuracy                         0.9759       456
2026-08-21 15:13:19 - INFO -      macro avg     0.9762    0.9757    0.9759       456
2026-08-21 15:13:19 - INFO -   weighted avg     0.9761    0.9759    0.9759       456
2026-08-21 15:13:19 - INFO - Confusion matrix - [[tn=217, fp=8], [fn=3, tp=228]]
2026-08-21 15:13:19 - INFO - probability_positive min=0.0001 mean=0.5158 std=0.4930 max=0.9998 predicted_0=220 predicted_1=236
2026-08-21 15:13:19 - INFO - [Classification Report - split=validation epoch=12 - threshold=0.50]
2026-08-21 15:13:19 - INFO -                 precision    recall  f1-score   support
2026-08-21 15:13:19 - INFO - 
2026-08-21 15:13:19 - INFO -       safe (0)     0.8281    0.7361    0.7794        72
2026-08-21 15:13:19 - INFO - vulnerable (1)     0.7841    0.8625    0.8214        80
2026-08-21 15:13:19 - INFO - 
2026-08-21 15:13:19 - INFO -       accuracy                         0.8026       152
2026-08-21 15:13:19 - INFO -      macro avg     0.8061    0.7993    0.8004       152
2026-08-21 15:13:19 - INFO -   weighted avg     0.8049    0.8026    0.8015       152
2026-08-21 15:13:19 - INFO - Confusion matrix - [[tn=53, fp=19], [fn=11, tp=69]]
2026-08-21 15:13:19 - INFO - probability_positive min=0.0000 mean=0.5761 std=0.4855 max=0.9998 predicted_0=64 predicted_1=88
2026-08-21 15:13:28 - INFO - Epoch 13/30 | Train loss: 0.084958 | Val loss: 1.286527 | LR: 2.00e-05 | Best epoch: 9 | Patience: 4 | Train: 8.10s | Validation: 0.86s | Epoch: 8.95s | Total: 119.95s
2026-08-21 15:13:28 - INFO - RecAdam target-task weight at epoch end: 1.000000
2026-08-21 15:13:28 - INFO - [Classification Report - split=train epoch=13 - threshold=0.50]
2026-08-21 15:13:28 - INFO -                 precision    recall  f1-score   support
2026-08-21 15:13:28 - INFO - 
2026-08-21 15:13:28 - INFO -       safe (0)     0.9865    0.9733    0.9799       225
2026-08-21 15:13:28 - INFO - vulnerable (1)     0.9744    0.9870    0.9806       231
2026-08-21 15:13:28 - INFO - 
2026-08-21 15:13:28 - INFO -       accuracy                         0.9803       456
2026-08-21 15:13:28 - INFO -      macro avg     0.9804    0.9802    0.9803       456
2026-08-21 15:13:28 - INFO -   weighted avg     0.9803    0.9803    0.9803       456
2026-08-21 15:13:28 - INFO - Confusion matrix - [[tn=219, fp=6], [fn=3, tp=228]]
2026-08-21 15:13:28 - INFO - probability_positive min=0.0000 mean=0.5126 std=0.4955 max=0.9998 predicted_0=222 predicted_1=234
2026-08-21 15:13:28 - INFO - [Classification Report - split=validation epoch=13 - threshold=0.50]
2026-08-21 15:13:28 - INFO -                 precision    recall  f1-score   support
2026-08-21 15:13:28 - INFO - 
2026-08-21 15:13:28 - INFO -       safe (0)     0.7838    0.8056    0.7945        72
2026-08-21 15:13:28 - INFO - vulnerable (1)     0.8205    0.8000    0.8101        80
2026-08-21 15:13:28 - INFO - 
2026-08-21 15:13:28 - INFO -       accuracy                         0.8026       152
2026-08-21 15:13:28 - INFO -      macro avg     0.8021    0.8028    0.8023       152
2026-08-21 15:13:28 - INFO -   weighted avg     0.8031    0.8026    0.8027       152
2026-08-21 15:13:28 - INFO - Confusion matrix - [[tn=58, fp=14], [fn=16, tp=64]]
2026-08-21 15:13:28 - INFO - probability_positive min=0.0000 mean=0.5216 std=0.4858 max=0.9999 predicted_0=74 predicted_1=78
2026-08-21 15:13:37 - INFO - Epoch 14/30 | Train loss: 0.092835 | Val loss: 0.995930 | LR: 2.00e-05 | Best epoch: 14 | Patience: 0 | Train: 8.10s | Validation: 0.86s | Epoch: 9.47s | Total: 129.43s
2026-08-21 15:13:37 - INFO - RecAdam target-task weight at epoch end: 1.000000
2026-08-21 15:13:37 - INFO - [Classification Report - split=train epoch=14 - threshold=0.50]
2026-08-21 15:13:37 - INFO -                 precision    recall  f1-score   support
2026-08-21 15:13:37 - INFO - 
2026-08-21 15:13:37 - INFO -       safe (0)     0.9954    0.9689    0.9820       225
2026-08-21 15:13:37 - INFO - vulnerable (1)     0.9705    0.9957    0.9829       231
2026-08-21 15:13:37 - INFO - 
2026-08-21 15:13:37 - INFO -       accuracy                         0.9825       456
2026-08-21 15:13:37 - INFO -      macro avg     0.9829    0.9823    0.9824       456
2026-08-21 15:13:37 - INFO -   weighted avg     0.9828    0.9825    0.9825       456
2026-08-21 15:13:37 - INFO - Confusion matrix - [[tn=218, fp=7], [fn=1, tp=230]]
2026-08-21 15:13:37 - INFO - probability_positive min=0.0000 mean=0.5168 std=0.4948 max=0.9999 predicted_0=219 predicted_1=237
2026-08-21 15:13:37 - INFO - [Classification Report - split=validation epoch=14 - threshold=0.50]
2026-08-21 15:13:37 - INFO -                 precision    recall  f1-score   support
2026-08-21 15:13:37 - INFO - 
2026-08-21 15:13:37 - INFO -       safe (0)     0.8267    0.8611    0.8435        72
2026-08-21 15:13:37 - INFO - vulnerable (1)     0.8701    0.8375    0.8535        80
2026-08-21 15:13:37 - INFO - 
2026-08-21 15:13:37 - INFO -       accuracy                         0.8487       152
2026-08-21 15:13:37 - INFO -      macro avg     0.8484    0.8493    0.8485       152
2026-08-21 15:13:37 - INFO -   weighted avg     0.8495    0.8487    0.8488       152
2026-08-21 15:13:37 - INFO - Confusion matrix - [[tn=62, fp=10], [fn=13, tp=67]]
2026-08-21 15:13:37 - INFO - probability_positive min=0.0000 mean=0.5017 std=0.4810 max=0.9996 predicted_0=75 predicted_1=77
2026-08-21 15:13:37 - INFO - New best model | Macro-F1: 0.848520 | Epoch: 14
2026-08-21 15:13:46 - INFO - Epoch 15/30 | Train loss: 0.054874 | Val loss: 1.338401 | LR: 2.00e-05 | Best epoch: 14 | Patience: 1 | Train: 8.10s | Validation: 0.86s | Epoch: 8.95s | Total: 138.40s
2026-08-21 15:13:46 - INFO - RecAdam target-task weight at epoch end: 1.000000
2026-08-21 15:13:46 - INFO - [Classification Report - split=train epoch=15 - threshold=0.50]
2026-08-21 15:13:46 - INFO -                 precision    recall  f1-score   support
2026-08-21 15:13:46 - INFO - 
2026-08-21 15:13:46 - INFO -       safe (0)     0.9692    0.9778    0.9735       225
2026-08-21 15:13:46 - INFO - vulnerable (1)     0.9782    0.9697    0.9739       231
2026-08-21 15:13:46 - INFO - 
2026-08-21 15:13:46 - INFO -       accuracy                         0.9737       456
2026-08-21 15:13:46 - INFO -      macro avg     0.9737    0.9737    0.9737       456
2026-08-21 15:13:46 - INFO -   weighted avg     0.9737    0.9737    0.9737       456
2026-08-21 15:13:46 - INFO - Confusion matrix - [[tn=220, fp=5], [fn=7, tp=224]]
2026-08-21 15:13:46 - INFO - probability_positive min=0.0000 mean=0.5004 std=0.4914 max=0.9999 predicted_0=227 predicted_1=229
2026-08-21 15:13:46 - INFO - [Classification Report - split=validation epoch=15 - threshold=0.50]
2026-08-21 15:13:46 - INFO -                 precision    recall  f1-score   support
2026-08-21 15:13:46 - INFO - 
2026-08-21 15:13:46 - INFO -       safe (0)     0.8209    0.7639    0.7914        72
2026-08-21 15:13:46 - INFO - vulnerable (1)     0.8000    0.8500    0.8242        80
2026-08-21 15:13:46 - INFO - 
2026-08-21 15:13:46 - INFO -       accuracy                         0.8092       152
2026-08-21 15:13:46 - INFO -      macro avg     0.8104    0.8069    0.8078       152
2026-08-21 15:13:46 - INFO -   weighted avg     0.8099    0.8092    0.8087       152
2026-08-21 15:13:46 - INFO - Confusion matrix - [[tn=55, fp=17], [fn=12, tp=68]]
2026-08-21 15:13:46 - INFO - probability_positive min=0.0000 mean=0.5562 std=0.4901 max=0.9999 predicted_0=67 predicted_1=85
2026-08-21 15:13:55 - INFO - Epoch 16/30 | Train loss: 0.072530 | Val loss: 1.267967 | LR: 2.00e-05 | Best epoch: 14 | Patience: 2 | Train: 8.10s | Validation: 0.86s | Epoch: 8.96s | Total: 147.37s
2026-08-21 15:13:55 - INFO - RecAdam target-task weight at epoch end: 1.000000
2026-08-21 15:13:55 - INFO - [Classification Report - split=train epoch=16 - threshold=0.50]
2026-08-21 15:13:55 - INFO -                 precision    recall  f1-score   support
2026-08-21 15:13:55 - INFO - 
2026-08-21 15:13:55 - INFO -       safe (0)     0.9954    0.9644    0.9797       225
2026-08-21 15:13:55 - INFO - vulnerable (1)     0.9664    0.9957    0.9808       231
2026-08-21 15:13:55 - INFO - 
2026-08-21 15:13:55 - INFO -       accuracy                         0.9803       456
2026-08-21 15:13:55 - INFO -      macro avg     0.9809    0.9801    0.9802       456
2026-08-21 15:13:55 - INFO -   weighted avg     0.9807    0.9803    0.9803       456
2026-08-21 15:13:55 - INFO - Confusion matrix - [[tn=217, fp=8], [fn=1, tp=230]]
2026-08-21 15:13:55 - INFO - probability_positive min=0.0000 mean=0.5206 std=0.4964 max=0.9999 predicted_0=218 predicted_1=238
2026-08-21 15:13:55 - INFO - [Classification Report - split=validation epoch=16 - threshold=0.50]
2026-08-21 15:13:55 - INFO -                 precision    recall  f1-score   support
2026-08-21 15:13:55 - INFO - 
2026-08-21 15:13:55 - INFO -       safe (0)     0.8056    0.8056    0.8056        72
2026-08-21 15:13:55 - INFO - vulnerable (1)     0.8250    0.8250    0.8250        80
2026-08-21 15:13:55 - INFO - 
2026-08-21 15:13:55 - INFO -       accuracy                         0.8158       152
2026-08-21 15:13:55 - INFO -      macro avg     0.8153    0.8153    0.8153       152
2026-08-21 15:13:55 - INFO -   weighted avg     0.8158    0.8158    0.8158       152
2026-08-21 15:13:55 - INFO - Confusion matrix - [[tn=58, fp=14], [fn=14, tp=66]]
2026-08-21 15:13:55 - INFO - probability_positive min=0.0000 mean=0.5281 std=0.4916 max=0.9999 predicted_0=72 predicted_1=80
2026-08-21 15:14:04 - INFO - Epoch 17/30 | Train loss: 0.060864 | Val loss: 1.436913 | LR: 2.00e-05 | Best epoch: 14 | Patience: 3 | Train: 8.10s | Validation: 0.86s | Epoch: 8.96s | Total: 156.34s
2026-08-21 15:14:04 - INFO - RecAdam target-task weight at epoch end: 1.000000
2026-08-21 15:14:04 - INFO - [Classification Report - split=train epoch=17 - threshold=0.50]
2026-08-21 15:14:04 - INFO -                 precision    recall  f1-score   support
2026-08-21 15:14:04 - INFO - 
2026-08-21 15:14:04 - INFO -       safe (0)     0.9779    0.9822    0.9800       225
2026-08-21 15:14:04 - INFO - vulnerable (1)     0.9826    0.9784    0.9805       231
2026-08-21 15:14:04 - INFO - 
2026-08-21 15:14:04 - INFO -       accuracy                         0.9803       456
2026-08-21 15:14:04 - INFO -      macro avg     0.9802    0.9803    0.9803       456
2026-08-21 15:14:04 - INFO -   weighted avg     0.9803    0.9803    0.9803       456
2026-08-21 15:14:04 - INFO - Confusion matrix - [[tn=221, fp=4], [fn=5, tp=226]]
2026-08-21 15:14:04 - INFO - probability_positive min=0.0000 mean=0.5021 std=0.4928 max=0.9999 predicted_0=226 predicted_1=230
2026-08-21 15:14:04 - INFO - [Classification Report - split=validation epoch=17 - threshold=0.50]
2026-08-21 15:14:04 - INFO -                 precision    recall  f1-score   support
2026-08-21 15:14:04 - INFO - 
2026-08-21 15:14:04 - INFO -       safe (0)     0.8413    0.7361    0.7852        72
2026-08-21 15:14:04 - INFO - vulnerable (1)     0.7865    0.8750    0.8284        80
2026-08-21 15:14:04 - INFO - 
2026-08-21 15:14:04 - INFO -       accuracy                         0.8092       152
2026-08-21 15:14:04 - INFO -      macro avg     0.8139    0.8056    0.8068       152
2026-08-21 15:14:04 - INFO -   weighted avg     0.8125    0.8092    0.8079       152
2026-08-21 15:14:04 - INFO - Confusion matrix - [[tn=53, fp=19], [fn=10, tp=70]]
2026-08-21 15:14:04 - INFO - probability_positive min=0.0000 mean=0.5810 std=0.4880 max=0.9999 predicted_0=63 predicted_1=89
2026-08-21 15:14:13 - INFO - Epoch 18/30 | Train loss: 0.075224 | Val loss: 1.524797 | LR: 2.00e-05 | Best epoch: 14 | Patience: 4 | Train: 8.11s | Validation: 0.86s | Epoch: 8.97s | Total: 165.32s
2026-08-21 15:14:13 - INFO - RecAdam target-task weight at epoch end: 1.000000
2026-08-21 15:14:13 - INFO - [Classification Report - split=train epoch=18 - threshold=0.50]
2026-08-21 15:14:13 - INFO -                 precision    recall  f1-score   support
2026-08-21 15:14:13 - INFO - 
2026-08-21 15:14:13 - INFO -       safe (0)     0.9955    0.9733    0.9843       225
2026-08-21 15:14:13 - INFO - vulnerable (1)     0.9746    0.9957    0.9850       231
2026-08-21 15:14:13 - INFO - 
2026-08-21 15:14:13 - INFO -       accuracy                         0.9846       456
2026-08-21 15:14:13 - INFO -      macro avg     0.9850    0.9845    0.9846       456
2026-08-21 15:14:13 - INFO -   weighted avg     0.9849    0.9846    0.9846       456
2026-08-21 15:14:13 - INFO - Confusion matrix - [[tn=219, fp=6], [fn=1, tp=230]]
2026-08-21 15:14:13 - INFO - probability_positive min=0.0000 mean=0.5174 std=0.4966 max=0.9999 predicted_0=220 predicted_1=236
2026-08-21 15:14:13 - INFO - [Classification Report - split=validation epoch=18 - threshold=0.50]
2026-08-21 15:14:13 - INFO -                 precision    recall  f1-score   support
2026-08-21 15:14:13 - INFO - 
2026-08-21 15:14:13 - INFO -       safe (0)     0.7838    0.8056    0.7945        72
2026-08-21 15:14:13 - INFO - vulnerable (1)     0.8205    0.8000    0.8101        80
2026-08-21 15:14:13 - INFO - 
2026-08-21 15:14:13 - INFO -       accuracy                         0.8026       152
2026-08-21 15:14:13 - INFO -      macro avg     0.8021    0.8028    0.8023       152
2026-08-21 15:14:13 - INFO -   weighted avg     0.8031    0.8026    0.8027       152
2026-08-21 15:14:13 - INFO - Confusion matrix - [[tn=58, fp=14], [fn=16, tp=64]]
2026-08-21 15:14:13 - INFO - probability_positive min=0.0000 mean=0.5102 std=0.4931 max=1.0000 predicted_0=74 predicted_1=78
2026-08-21 15:14:22 - INFO - Epoch 19/30 | Train loss: 0.042793 | Val loss: 1.324224 | LR: 2.00e-05 | Best epoch: 14 | Patience: 5 | Train: 8.10s | Validation: 0.86s | Epoch: 8.96s | Total: 174.29s
2026-08-21 15:14:22 - INFO - RecAdam target-task weight at epoch end: 1.000000
2026-08-21 15:14:22 - INFO - [Classification Report - split=train epoch=19 - threshold=0.50]
2026-08-21 15:14:22 - INFO -                 precision    recall  f1-score   support
2026-08-21 15:14:22 - INFO - 
2026-08-21 15:14:22 - INFO -       safe (0)     0.9911    0.9911    0.9911       225
2026-08-21 15:14:22 - INFO - vulnerable (1)     0.9913    0.9913    0.9913       231
2026-08-21 15:14:22 - INFO - 
2026-08-21 15:14:22 - INFO -       accuracy                         0.9912       456
2026-08-21 15:14:22 - INFO -      macro avg     0.9912    0.9912    0.9912       456
2026-08-21 15:14:22 - INFO -   weighted avg     0.9912    0.9912    0.9912       456
2026-08-21 15:14:22 - INFO - Confusion matrix - [[tn=223, fp=2], [fn=2, tp=229]]
2026-08-21 15:14:22 - INFO - probability_positive min=0.0000 mean=0.5064 std=0.4985 max=1.0000 predicted_0=225 predicted_1=231
2026-08-21 15:14:22 - INFO - [Classification Report - split=validation epoch=19 - threshold=0.50]
2026-08-21 15:14:22 - INFO -                 precision    recall  f1-score   support
2026-08-21 15:14:22 - INFO - 
2026-08-21 15:14:22 - INFO -       safe (0)     0.8382    0.7917    0.8143        72
2026-08-21 15:14:22 - INFO - vulnerable (1)     0.8214    0.8625    0.8415        80
2026-08-21 15:14:22 - INFO - 
2026-08-21 15:14:22 - INFO -       accuracy                         0.8289       152
2026-08-21 15:14:22 - INFO -      macro avg     0.8298    0.8271    0.8279       152
2026-08-21 15:14:22 - INFO -   weighted avg     0.8294    0.8289    0.8286       152
2026-08-21 15:14:22 - INFO - Confusion matrix - [[tn=57, fp=15], [fn=11, tp=69]]
2026-08-21 15:14:22 - INFO - probability_positive min=0.0000 mean=0.5531 std=0.4930 max=1.0000 predicted_0=68 predicted_1=84
2026-08-21 15:14:22 - INFO - Early stopping | Epoch: 19 | Best epoch: 14
2026-08-21 15:14:22 - INFO - Best checkpoint saved | Path: model/cb_lam_codebert/transfer_none/seed_42/fold4/best.pt | Epoch: 14 | Val macro_f1: 0.848520
2026-08-21 15:14:22 - INFO - Training finished | Elapsed: 174.30s
2026-08-21 15:14:22 - INFO - Run finished | Phase: phase2 | Fold: 4 | Seed: 42 | Elapsed: 177.08s
