2026-08-21 14:32:45 - INFO - Using device: cuda
2026-08-21 14:32:45 - INFO - Run started | Run: cb_lam_codebert | Method: transfer_none | Phase: phase1 | Fold: 1 | Seed: 42 | Device: cuda
2026-08-21 14:32:45 - INFO - Loading Phase-1 source data: data/train_ccpp_js.jsonl
2026-08-21 14:32:45 - INFO - Detected Phase-1 languages: ['ccpp', 'js']
2026-08-21 14:32:45 - INFO - Auxiliary CWE vocabulary: fixed four-way {'CWE-022': 0, 'CWE-078': 1, 'CWE-079': 2, 'CWE-089': 3}
2026-08-21 14:32:45 - INFO - Source split | Language: ccpp | Conservative pairs: 73 | Singletons: 0 | Stratified: True | Ratio: 90/10 | Seed: 42
2026-08-21 14:32:45 - INFO - Source split | Language: js | Conservative pairs: 565 | Singletons: 8 | Stratified: True | Ratio: 90/10 | Seed: 43
2026-08-21 14:32:45 - INFO - Combined source split | Languages: ['ccpp', 'js'] | Train: 1152 | Validation: 132
2026-08-21 14:32:45 - WARNING - No upstream pair/repo/commit IDs: adjacent groups are protected, but distant near-duplicate families may still cross source train/validation
2026-08-21 14:32:45 - INFO - Data split: source_train | Total: 1152 | Labels: {0: 577, 1: 575} | CWEs: {'CWE-022': 118, 'CWE-078': 168, 'CWE-079': 744, 'CWE-089': 122} | Languages: {'ccpp': 130, 'js': 1022} | Invalid CWE: 0
2026-08-21 14:32:45 - INFO - Data split: source_val | Total: 132 | Labels: {0: 66, 1: 66} | CWEs: {'CWE-022': 14, 'CWE-078': 20, 'CWE-079': 86, 'CWE-089': 12} | Languages: {'ccpp': 16, 'js': 116} | Invalid CWE: 0
2026-08-21 14:32:47 - INFO - Environment: {"components": {"backbone": {"frozen": 0, "total": 124645632, "trainable": 124645632}, "vul_head": {"frozen": 0, "total": 1538, "trainable": 1538}}, "cuda": "12.8", "fold": 1, "frozen_parameters": 0, "gpu": "NVIDIA GeForce RTX 4070 Ti SUPER", "hyperparameters": {"anneal_fun": "sigmoid", "anneal_k": 0.05, "anneal_t0_ratio": 0.05, "anneal_w": 1.0, "aux_mode": "none", "batch_size": 16, "checkpoint_path": "model/cb_lam_codebert/transfer_none/seed_42/source/best.pt", "cwe_vocab": "fixed4", "data_path": "data/train_ccpp_js.jsonl", "data_root": "data/sven_python_folds_norm", "epochs": 15, "eval_batch_size": 16, "fold": 1, "freeze_backbone_layers": 0, "freeze_prototypes_steps": 0, "lambda_cwe": 0.05, "latent_temperature": 0.1, "learning_rate": 2e-05, "lora_rank": 0, "lp_epochs": 0, "lp_learning_rate": 0.001, "max_eval_samples": null, "max_grad_norm": 1.0, "max_length": 512, "max_train_samples": null, "method_name": "transfer_none", "min_epochs": 3, "model_name": "microsoft/codebert-base", "num_cwes": 4, "num_latent": 8, "num_workers": 0, "output_dir": "results/cb_lam_codebert/transfer_none", "patience": 5, "phase": "phase1", "phase2_optimizer": "recadam", "pooling": "cls", "pretrain_cof": 5000.0, "recadam_anchor": "source", "result_path": "results/cb_lam_codebert/transfer_none/seed_42/fold1.json", "run_name": "cb_lam_codebert", "seed": 42, "selection_metric": "macro_f1", "source_checkpoint": null, "source_interpolation": 1.0, "strict_determinism": false, "target_lang": "python", "test_path": null, "train_path": null, "truncation_strategy": "head_middle_tail", "val_path": null, "weight_decay": 0.01}, "mode": "phase1_train", "model_name": "microsoft/codebert-base", "seed": 42, "sklearn": "1.7.2", "torch": "2.11.0+cu128", "trainable_parameters": 124647170, "transformers": "4.57.1"}
2026-08-21 14:32:47 - INFO - Training started | Phase: phase1 | Epochs: 15
2026-08-21 14:33:10 - INFO - Epoch 1/15 | Train loss: 0.709612 | Val loss: 0.698800 | LR: 2.00e-05 | Best epoch: 1 | Patience: 0 | Train: 21.40s | Validation: 0.82s | Epoch: 22.55s | Total: 22.55s
2026-08-21 14:33:10 - INFO - Phase-1 losses | Vulnerability: 0.709612 | CWE: 0.000000 | Total: 0.709612
2026-08-21 14:33:10 - INFO - [Classification Report - split=train epoch=1 - threshold=0.50]
2026-08-21 14:33:10 - INFO -                 precision    recall  f1-score   support
2026-08-21 14:33:10 - INFO - 
2026-08-21 14:33:10 - INFO -       safe (0)     0.4953    0.5459    0.5194       577
2026-08-21 14:33:10 - INFO - vulnerable (1)     0.4922    0.4417    0.4656       575
2026-08-21 14:33:10 - INFO - 
2026-08-21 14:33:10 - INFO -       accuracy                         0.4939      1152
2026-08-21 14:33:10 - INFO -      macro avg     0.4938    0.4938    0.4925      1152
2026-08-21 14:33:10 - INFO -   weighted avg     0.4938    0.4939    0.4925      1152
2026-08-21 14:33:10 - INFO - Confusion matrix - [[tn=315, fp=262], [fn=321, tp=254]]
2026-08-21 14:33:10 - INFO - probability_positive min=0.2008 mean=0.4931 std=0.0822 max=0.7786 predicted_0=636 predicted_1=516
2026-08-21 14:33:10 - INFO - [Classification Report - split=validation epoch=1 - threshold=0.50]
2026-08-21 14:33:10 - INFO -                 precision    recall  f1-score   support
2026-08-21 14:33:10 - INFO - 
2026-08-21 14:33:10 - INFO -       safe (0)     0.5667    0.2576    0.3542        66
2026-08-21 14:33:10 - INFO - vulnerable (1)     0.5196    0.8030    0.6310        66
2026-08-21 14:33:10 - INFO - 
2026-08-21 14:33:10 - INFO -       accuracy                         0.5303       132
2026-08-21 14:33:10 - INFO -      macro avg     0.5431    0.5303    0.4926       132
2026-08-21 14:33:10 - INFO -   weighted avg     0.5431    0.5303    0.4926       132
2026-08-21 14:33:10 - INFO - Confusion matrix - [[tn=17, fp=49], [fn=13, tp=53]]
2026-08-21 14:33:10 - INFO - probability_positive min=0.4611 mean=0.5453 std=0.0440 max=0.6116 predicted_0=30 predicted_1=102
2026-08-21 14:33:10 - INFO - New best model | Macro-F1: 0.492560 | Epoch: 1
2026-08-21 14:33:32 - INFO - Epoch 2/15 | Train loss: 0.702734 | Val loss: 0.694768 | LR: 2.00e-05 | Best epoch: 1 | Patience: 0 | Train: 21.25s | Validation: 0.82s | Epoch: 22.07s | Total: 44.63s
2026-08-21 14:33:32 - INFO - Phase-1 losses | Vulnerability: 0.702734 | CWE: 0.000000 | Total: 0.702734
2026-08-21 14:33:32 - INFO - [Classification Report - split=train epoch=2 - threshold=0.50]
2026-08-21 14:33:32 - INFO -                 precision    recall  f1-score   support
2026-08-21 14:33:32 - INFO - 
2026-08-21 14:33:32 - INFO -       safe (0)     0.5131    0.5754    0.5425       577
2026-08-21 14:33:32 - INFO - vulnerable (1)     0.5149    0.4522    0.4815       575
2026-08-21 14:33:32 - INFO - 
2026-08-21 14:33:32 - INFO -       accuracy                         0.5139      1152
2026-08-21 14:33:32 - INFO -      macro avg     0.5140    0.5138    0.5120      1152
2026-08-21 14:33:32 - INFO -   weighted avg     0.5140    0.5139    0.5120      1152
2026-08-21 14:33:32 - INFO - Confusion matrix - [[tn=332, fp=245], [fn=315, tp=260]]
2026-08-21 14:33:32 - INFO - probability_positive min=0.2282 mean=0.4843 std=0.0787 max=0.7612 predicted_0=647 predicted_1=505
2026-08-21 14:33:32 - INFO - [Classification Report - split=validation epoch=2 - threshold=0.50]
2026-08-21 14:33:32 - INFO -                 precision    recall  f1-score   support
2026-08-21 14:33:32 - INFO - 
2026-08-21 14:33:32 - INFO -       safe (0)     0.5000    1.0000    0.6667        66
2026-08-21 14:33:32 - INFO - vulnerable (1)     0.0000    0.0000    0.0000        66
2026-08-21 14:33:32 - INFO - 
2026-08-21 14:33:32 - INFO -       accuracy                         0.5000       132
2026-08-21 14:33:32 - INFO -      macro avg     0.2500    0.5000    0.3333       132
2026-08-21 14:33:32 - INFO -   weighted avg     0.2500    0.5000    0.3333       132
2026-08-21 14:33:32 - INFO - Confusion matrix - [[tn=66, fp=0], [fn=66, tp=0]]
2026-08-21 14:33:32 - INFO - probability_positive min=0.4479 mean=0.4650 std=0.0099 max=0.4870 predicted_0=132 predicted_1=0
2026-08-21 14:33:54 - INFO - Epoch 3/15 | Train loss: 0.700541 | Val loss: 0.692197 | LR: 2.00e-05 | Best epoch: 1 | Patience: 1 | Train: 21.24s | Validation: 0.82s | Epoch: 22.06s | Total: 66.70s
2026-08-21 14:33:54 - INFO - Phase-1 losses | Vulnerability: 0.700541 | CWE: 0.000000 | Total: 0.700541
2026-08-21 14:33:54 - INFO - [Classification Report - split=train epoch=3 - threshold=0.50]
2026-08-21 14:33:54 - INFO -                 precision    recall  f1-score   support
2026-08-21 14:33:54 - INFO - 
2026-08-21 14:33:54 - INFO -       safe (0)     0.4898    0.4177    0.4509       577
2026-08-21 14:33:54 - INFO - vulnerable (1)     0.4909    0.5635    0.5247       575
2026-08-21 14:33:54 - INFO - 
2026-08-21 14:33:54 - INFO -       accuracy                         0.4905      1152
2026-08-21 14:33:54 - INFO -      macro avg     0.4904    0.4906    0.4878      1152
2026-08-21 14:33:54 - INFO -   weighted avg     0.4904    0.4905    0.4877      1152
2026-08-21 14:33:54 - INFO - Confusion matrix - [[tn=241, fp=336], [fn=251, tp=324]]
2026-08-21 14:33:54 - INFO - probability_positive min=0.2899 mean=0.5164 std=0.0622 max=0.8010 predicted_0=492 predicted_1=660
2026-08-21 14:33:54 - INFO - [Classification Report - split=validation epoch=3 - threshold=0.50]
2026-08-21 14:33:54 - INFO -                 precision    recall  f1-score   support
2026-08-21 14:33:54 - INFO - 
2026-08-21 14:33:54 - INFO -       safe (0)     0.5556    0.0758    0.1333        66
2026-08-21 14:33:54 - INFO - vulnerable (1)     0.5041    0.9394    0.6561        66
2026-08-21 14:33:54 - INFO - 
2026-08-21 14:33:54 - INFO -       accuracy                         0.5076       132
2026-08-21 14:33:54 - INFO -      macro avg     0.5298    0.5076    0.3947       132
2026-08-21 14:33:54 - INFO -   weighted avg     0.5298    0.5076    0.3947       132
2026-08-21 14:33:54 - INFO - Confusion matrix - [[tn=5, fp=61], [fn=4, tp=62]]
2026-08-21 14:33:54 - INFO - probability_positive min=0.4943 mean=0.5107 std=0.0085 max=0.5311 predicted_0=9 predicted_1=123
2026-08-21 14:34:16 - INFO - Epoch 4/15 | Train loss: 0.697936 | Val loss: 0.692628 | LR: 2.00e-05 | Best epoch: 1 | Patience: 2 | Train: 21.23s | Validation: 0.82s | Epoch: 22.05s | Total: 88.76s
2026-08-21 14:34:16 - INFO - Phase-1 losses | Vulnerability: 0.697936 | CWE: 0.000000 | Total: 0.697936
2026-08-21 14:34:16 - INFO - [Classification Report - split=train epoch=4 - threshold=0.50]
2026-08-21 14:34:16 - INFO -                 precision    recall  f1-score   support
2026-08-21 14:34:16 - INFO - 
2026-08-21 14:34:16 - INFO -       safe (0)     0.5211    0.4714    0.4950       577
2026-08-21 14:34:16 - INFO - vulnerable (1)     0.5159    0.5652    0.5394       575
2026-08-21 14:34:16 - INFO - 
2026-08-21 14:34:16 - INFO -       accuracy                         0.5182      1152
2026-08-21 14:34:16 - INFO -      macro avg     0.5185    0.5183    0.5172      1152
2026-08-21 14:34:16 - INFO -   weighted avg     0.5185    0.5182    0.5172      1152
2026-08-21 14:34:16 - INFO - Confusion matrix - [[tn=272, fp=305], [fn=250, tp=325]]
2026-08-21 14:34:16 - INFO - probability_positive min=0.3274 mean=0.5088 std=0.0642 max=0.8703 predicted_0=522 predicted_1=630
2026-08-21 14:34:16 - INFO - [Classification Report - split=validation epoch=4 - threshold=0.50]
2026-08-21 14:34:16 - INFO -                 precision    recall  f1-score   support
2026-08-21 14:34:16 - INFO - 
2026-08-21 14:34:16 - INFO -       safe (0)     0.0000    0.0000    0.0000        66
2026-08-21 14:34:16 - INFO - vulnerable (1)     0.5000    1.0000    0.6667        66
2026-08-21 14:34:16 - INFO - 
2026-08-21 14:34:16 - INFO -       accuracy                         0.5000       132
2026-08-21 14:34:16 - INFO -      macro avg     0.2500    0.5000    0.3333       132
2026-08-21 14:34:16 - INFO -   weighted avg     0.2500    0.5000    0.3333       132
2026-08-21 14:34:16 - INFO - Confusion matrix - [[tn=0, fp=66], [fn=0, tp=66]]
2026-08-21 14:34:16 - INFO - probability_positive min=0.5137 mean=0.5313 std=0.0078 max=0.5651 predicted_0=0 predicted_1=132
2026-08-21 14:34:38 - INFO - Epoch 5/15 | Train loss: 0.694418 | Val loss: 0.681318 | LR: 2.00e-05 | Best epoch: 1 | Patience: 3 | Train: 21.23s | Validation: 0.82s | Epoch: 22.06s | Total: 110.82s
2026-08-21 14:34:38 - INFO - Phase-1 losses | Vulnerability: 0.694418 | CWE: 0.000000 | Total: 0.694418
2026-08-21 14:34:38 - INFO - [Classification Report - split=train epoch=5 - threshold=0.50]
2026-08-21 14:34:38 - INFO -                 precision    recall  f1-score   support
2026-08-21 14:34:38 - INFO - 
2026-08-21 14:34:38 - INFO -       safe (0)     0.5209    0.5841    0.5507       577
2026-08-21 14:34:38 - INFO - vulnerable (1)     0.5248    0.4609    0.4907       575
2026-08-21 14:34:38 - INFO - 
2026-08-21 14:34:38 - INFO -       accuracy                         0.5226      1152
2026-08-21 14:34:38 - INFO -      macro avg     0.5228    0.5225    0.5207      1152
2026-08-21 14:34:38 - INFO -   weighted avg     0.5228    0.5226    0.5207      1152
2026-08-21 14:34:38 - INFO - Confusion matrix - [[tn=337, fp=240], [fn=310, tp=265]]
2026-08-21 14:34:38 - INFO - probability_positive min=0.1953 mean=0.4923 std=0.0620 max=0.7835 predicted_0=647 predicted_1=505
2026-08-21 14:34:38 - INFO - [Classification Report - split=validation epoch=5 - threshold=0.50]
2026-08-21 14:34:38 - INFO -                 precision    recall  f1-score   support
2026-08-21 14:34:38 - INFO - 
2026-08-21 14:34:38 - INFO -       safe (0)     0.5164    0.9545    0.6702        66
2026-08-21 14:34:38 - INFO - vulnerable (1)     0.7000    0.1061    0.1842        66
2026-08-21 14:34:38 - INFO - 
2026-08-21 14:34:38 - INFO -       accuracy                         0.5303       132
2026-08-21 14:34:38 - INFO -      macro avg     0.6082    0.5303    0.4272       132
2026-08-21 14:34:38 - INFO -   weighted avg     0.6082    0.5303    0.4272       132
2026-08-21 14:34:38 - INFO - Confusion matrix - [[tn=63, fp=3], [fn=59, tp=7]]
2026-08-21 14:34:38 - INFO - probability_positive min=0.2599 mean=0.4351 std=0.0639 max=0.6569 predicted_0=122 predicted_1=10
2026-08-21 14:35:01 - INFO - Epoch 6/15 | Train loss: 0.681533 | Val loss: 0.672736 | LR: 2.00e-05 | Best epoch: 6 | Patience: 0 | Train: 21.25s | Validation: 0.82s | Epoch: 22.58s | Total: 133.42s
2026-08-21 14:35:01 - INFO - Phase-1 losses | Vulnerability: 0.681533 | CWE: 0.000000 | Total: 0.681533
2026-08-21 14:35:01 - INFO - [Classification Report - split=train epoch=6 - threshold=0.50]
2026-08-21 14:35:01 - INFO -                 precision    recall  f1-score   support
2026-08-21 14:35:01 - INFO - 
2026-08-21 14:35:01 - INFO -       safe (0)     0.5450    0.5875    0.5655       577
2026-08-21 14:35:01 - INFO - vulnerable (1)     0.5509    0.5078    0.5285       575
2026-08-21 14:35:01 - INFO - 
2026-08-21 14:35:01 - INFO -       accuracy                         0.5477      1152
2026-08-21 14:35:01 - INFO -      macro avg     0.5480    0.5477    0.5470      1152
2026-08-21 14:35:01 - INFO -   weighted avg     0.5480    0.5477    0.5470      1152
2026-08-21 14:35:01 - INFO - Confusion matrix - [[tn=339, fp=238], [fn=283, tp=292]]
2026-08-21 14:35:01 - INFO - probability_positive min=0.0456 mean=0.4932 std=0.0992 max=0.9387 predicted_0=622 predicted_1=530
2026-08-21 14:35:01 - INFO - [Classification Report - split=validation epoch=6 - threshold=0.50]
2026-08-21 14:35:01 - INFO -                 precision    recall  f1-score   support
2026-08-21 14:35:01 - INFO - 
2026-08-21 14:35:01 - INFO -       safe (0)     0.5909    0.5909    0.5909        66
2026-08-21 14:35:01 - INFO - vulnerable (1)     0.5909    0.5909    0.5909        66
2026-08-21 14:35:01 - INFO - 
2026-08-21 14:35:01 - INFO -       accuracy                         0.5909       132
2026-08-21 14:35:01 - INFO -      macro avg     0.5909    0.5909    0.5909       132
2026-08-21 14:35:01 - INFO -   weighted avg     0.5909    0.5909    0.5909       132
2026-08-21 14:35:01 - INFO - Confusion matrix - [[tn=39, fp=27], [fn=27, tp=39]]
2026-08-21 14:35:01 - INFO - probability_positive min=0.0189 mean=0.4535 std=0.1587 max=0.9790 predicted_0=66 predicted_1=66
2026-08-21 14:35:01 - INFO - New best model | Macro-F1: 0.590909 | Epoch: 6
2026-08-21 14:35:23 - INFO - Epoch 7/15 | Train loss: 0.667937 | Val loss: 0.668914 | LR: 2.00e-05 | Best epoch: 6 | Patience: 1 | Train: 21.26s | Validation: 0.82s | Epoch: 22.08s | Total: 155.51s
2026-08-21 14:35:23 - INFO - Phase-1 losses | Vulnerability: 0.667937 | CWE: 0.000000 | Total: 0.667937
2026-08-21 14:35:23 - INFO - [Classification Report - split=train epoch=7 - threshold=0.50]
2026-08-21 14:35:23 - INFO -                 precision    recall  f1-score   support
2026-08-21 14:35:23 - INFO - 
2026-08-21 14:35:23 - INFO -       safe (0)     0.5737    0.5737    0.5737       577
2026-08-21 14:35:23 - INFO - vulnerable (1)     0.5722    0.5722    0.5722       575
2026-08-21 14:35:23 - INFO - 
2026-08-21 14:35:23 - INFO -       accuracy                         0.5729      1152
2026-08-21 14:35:23 - INFO -      macro avg     0.5729    0.5729    0.5729      1152
2026-08-21 14:35:23 - INFO -   weighted avg     0.5729    0.5729    0.5729      1152
2026-08-21 14:35:23 - INFO - Confusion matrix - [[tn=331, fp=246], [fn=246, tp=329]]
2026-08-21 14:35:23 - INFO - probability_positive min=0.0424 mean=0.4896 std=0.1590 max=0.9900 predicted_0=577 predicted_1=575
2026-08-21 14:35:23 - INFO - [Classification Report - split=validation epoch=7 - threshold=0.50]
2026-08-21 14:35:23 - INFO -                 precision    recall  f1-score   support
2026-08-21 14:35:23 - INFO - 
2026-08-21 14:35:23 - INFO -       safe (0)     0.7368    0.2121    0.3294        66
2026-08-21 14:35:23 - INFO - vulnerable (1)     0.5398    0.9242    0.6816        66
2026-08-21 14:35:23 - INFO - 
2026-08-21 14:35:23 - INFO -       accuracy                         0.5682       132
2026-08-21 14:35:23 - INFO -      macro avg     0.6383    0.5682    0.5055       132
2026-08-21 14:35:23 - INFO -   weighted avg     0.6383    0.5682    0.5055       132
2026-08-21 14:35:23 - INFO - Confusion matrix - [[tn=14, fp=52], [fn=5, tp=61]]
2026-08-21 14:35:23 - INFO - probability_positive min=0.1082 mean=0.5819 std=0.1347 max=0.8947 predicted_0=19 predicted_1=113
2026-08-21 14:35:45 - INFO - Epoch 8/15 | Train loss: 0.638066 | Val loss: 0.661800 | LR: 2.00e-05 | Best epoch: 6 | Patience: 2 | Train: 21.25s | Validation: 0.82s | Epoch: 22.07s | Total: 177.59s
2026-08-21 14:35:45 - INFO - Phase-1 losses | Vulnerability: 0.638066 | CWE: 0.000000 | Total: 0.638066
2026-08-21 14:35:45 - INFO - [Classification Report - split=train epoch=8 - threshold=0.50]
2026-08-21 14:35:45 - INFO -                 precision    recall  f1-score   support
2026-08-21 14:35:45 - INFO - 
2026-08-21 14:35:45 - INFO -       safe (0)     0.6187    0.4697    0.5340       577
2026-08-21 14:35:45 - INFO - vulnerable (1)     0.5714    0.7096    0.6330       575
2026-08-21 14:35:45 - INFO - 
2026-08-21 14:35:45 - INFO -       accuracy                         0.5894      1152
2026-08-21 14:35:45 - INFO -      macro avg     0.5951    0.5896    0.5835      1152
2026-08-21 14:35:45 - INFO -   weighted avg     0.5951    0.5894    0.5834      1152
2026-08-21 14:35:45 - INFO - Confusion matrix - [[tn=271, fp=306], [fn=167, tp=408]]
2026-08-21 14:35:45 - INFO - probability_positive min=0.0169 mean=0.5112 std=0.1765 max=0.9872 predicted_0=438 predicted_1=714
2026-08-21 14:35:45 - INFO - [Classification Report - split=validation epoch=8 - threshold=0.50]
2026-08-21 14:35:45 - INFO -                 precision    recall  f1-score   support
2026-08-21 14:35:45 - INFO - 
2026-08-21 14:35:45 - INFO -       safe (0)     0.5472    0.8788    0.6744        66
2026-08-21 14:35:45 - INFO - vulnerable (1)     0.6923    0.2727    0.3913        66
2026-08-21 14:35:45 - INFO - 
2026-08-21 14:35:45 - INFO -       accuracy                         0.5758       132
2026-08-21 14:35:45 - INFO -      macro avg     0.6197    0.5758    0.5329       132
2026-08-21 14:35:45 - INFO -   weighted avg     0.6197    0.5758    0.5329       132
2026-08-21 14:35:45 - INFO - Confusion matrix - [[tn=58, fp=8], [fn=48, tp=18]]
2026-08-21 14:35:45 - INFO - probability_positive min=0.0074 mean=0.4135 std=0.1616 max=0.9572 predicted_0=106 predicted_1=26
2026-08-21 14:36:08 - INFO - Epoch 9/15 | Train loss: 0.623816 | Val loss: 0.641168 | LR: 2.00e-05 | Best epoch: 9 | Patience: 0 | Train: 21.25s | Validation: 0.82s | Epoch: 22.57s | Total: 200.17s
2026-08-21 14:36:08 - INFO - Phase-1 losses | Vulnerability: 0.623816 | CWE: 0.000000 | Total: 0.623816
2026-08-21 14:36:08 - INFO - [Classification Report - split=train epoch=9 - threshold=0.50]
2026-08-21 14:36:08 - INFO -                 precision    recall  f1-score   support
2026-08-21 14:36:08 - INFO - 
2026-08-21 14:36:08 - INFO -       safe (0)     0.6236    0.5598    0.5900       577
2026-08-21 14:36:08 - INFO - vulnerable (1)     0.5994    0.6609    0.6286       575
2026-08-21 14:36:08 - INFO - 
2026-08-21 14:36:08 - INFO -       accuracy                         0.6102      1152
2026-08-21 14:36:08 - INFO -      macro avg     0.6115    0.6103    0.6093      1152
2026-08-21 14:36:08 - INFO -   weighted avg     0.6115    0.6102    0.6093      1152
2026-08-21 14:36:08 - INFO - Confusion matrix - [[tn=323, fp=254], [fn=195, tp=380]]
2026-08-21 14:36:08 - INFO - probability_positive min=0.0066 mean=0.4812 std=0.2013 max=0.9914 predicted_0=518 predicted_1=634
2026-08-21 14:36:08 - INFO - [Classification Report - split=validation epoch=9 - threshold=0.50]
2026-08-21 14:36:08 - INFO -                 precision    recall  f1-score   support
2026-08-21 14:36:08 - INFO - 
2026-08-21 14:36:08 - INFO -       safe (0)     0.6143    0.6515    0.6324        66
2026-08-21 14:36:08 - INFO - vulnerable (1)     0.6290    0.5909    0.6094        66
2026-08-21 14:36:08 - INFO - 
2026-08-21 14:36:08 - INFO -       accuracy                         0.6212       132
2026-08-21 14:36:08 - INFO -      macro avg     0.6217    0.6212    0.6209       132
2026-08-21 14:36:08 - INFO -   weighted avg     0.6217    0.6212    0.6209       132
2026-08-21 14:36:08 - INFO - Confusion matrix - [[tn=43, fp=23], [fn=27, tp=39]]
2026-08-21 14:36:08 - INFO - probability_positive min=0.0113 mean=0.4992 std=0.1855 max=0.9858 predicted_0=70 predicted_1=62
2026-08-21 14:36:08 - INFO - New best model | Macro-F1: 0.620864 | Epoch: 9
2026-08-21 14:36:30 - INFO - Epoch 10/15 | Train loss: 0.606046 | Val loss: 0.659158 | LR: 2.00e-05 | Best epoch: 10 | Patience: 0 | Train: 21.25s | Validation: 0.82s | Epoch: 22.58s | Total: 222.77s
2026-08-21 14:36:30 - INFO - Phase-1 losses | Vulnerability: 0.606046 | CWE: 0.000000 | Total: 0.606046
2026-08-21 14:36:30 - INFO - [Classification Report - split=train epoch=10 - threshold=0.50]
2026-08-21 14:36:30 - INFO -                 precision    recall  f1-score   support
2026-08-21 14:36:30 - INFO - 
2026-08-21 14:36:30 - INFO -       safe (0)     0.6442    0.5806    0.6108       577
2026-08-21 14:36:30 - INFO - vulnerable (1)     0.6171    0.6783    0.6462       575
2026-08-21 14:36:30 - INFO - 
2026-08-21 14:36:30 - INFO -       accuracy                         0.6293      1152
2026-08-21 14:36:30 - INFO -      macro avg     0.6307    0.6294    0.6285      1152
2026-08-21 14:36:30 - INFO -   weighted avg     0.6307    0.6293    0.6285      1152
2026-08-21 14:36:30 - INFO - Confusion matrix - [[tn=335, fp=242], [fn=185, tp=390]]
2026-08-21 14:36:30 - INFO - probability_positive min=0.0060 mean=0.5052 std=0.2272 max=0.9917 predicted_0=520 predicted_1=632
2026-08-21 14:36:30 - INFO - [Classification Report - split=validation epoch=10 - threshold=0.50]
2026-08-21 14:36:30 - INFO -                 precision    recall  f1-score   support
2026-08-21 14:36:30 - INFO - 
2026-08-21 14:36:30 - INFO -       safe (0)     0.6604    0.5303    0.5882        66
2026-08-21 14:36:30 - INFO - vulnerable (1)     0.6076    0.7273    0.6621        66
2026-08-21 14:36:30 - INFO - 
2026-08-21 14:36:30 - INFO -       accuracy                         0.6288       132
2026-08-21 14:36:30 - INFO -      macro avg     0.6340    0.6288    0.6252       132
2026-08-21 14:36:30 - INFO -   weighted avg     0.6340    0.6288    0.6252       132
2026-08-21 14:36:30 - INFO - Confusion matrix - [[tn=35, fp=31], [fn=18, tp=48]]
2026-08-21 14:36:30 - INFO - probability_positive min=0.0072 mean=0.5206 std=0.2641 max=0.9774 predicted_0=53 predicted_1=79
2026-08-21 14:36:30 - INFO - New best model | Macro-F1: 0.625152 | Epoch: 10
2026-08-21 14:36:53 - INFO - Epoch 11/15 | Train loss: 0.571682 | Val loss: 0.711122 | LR: 2.00e-05 | Best epoch: 11 | Patience: 0 | Train: 21.25s | Validation: 0.82s | Epoch: 22.58s | Total: 245.36s
2026-08-21 14:36:53 - INFO - Phase-1 losses | Vulnerability: 0.571682 | CWE: 0.000000 | Total: 0.571682
2026-08-21 14:36:53 - INFO - [Classification Report - split=train epoch=11 - threshold=0.50]
2026-08-21 14:36:53 - INFO -                 precision    recall  f1-score   support
2026-08-21 14:36:53 - INFO - 
2026-08-21 14:36:53 - INFO -       safe (0)     0.7155    0.5927    0.6483       577
2026-08-21 14:36:53 - INFO - vulnerable (1)     0.6513    0.7635    0.7030       575
2026-08-21 14:36:53 - INFO - 
2026-08-21 14:36:53 - INFO -       accuracy                         0.6780      1152
2026-08-21 14:36:53 - INFO -      macro avg     0.6834    0.6781    0.6757      1152
2026-08-21 14:36:53 - INFO -   weighted avg     0.6835    0.6780    0.6756      1152
2026-08-21 14:36:53 - INFO - Confusion matrix - [[tn=342, fp=235], [fn=136, tp=439]]
2026-08-21 14:36:53 - INFO - probability_positive min=0.0057 mean=0.5014 std=0.2538 max=0.9833 predicted_0=478 predicted_1=674
2026-08-21 14:36:53 - INFO - [Classification Report - split=validation epoch=11 - threshold=0.50]
2026-08-21 14:36:53 - INFO -                 precision    recall  f1-score   support
2026-08-21 14:36:53 - INFO - 
2026-08-21 14:36:53 - INFO -       safe (0)     0.6615    0.6515    0.6565        66
2026-08-21 14:36:53 - INFO - vulnerable (1)     0.6567    0.6667    0.6617        66
2026-08-21 14:36:53 - INFO - 
2026-08-21 14:36:53 - INFO -       accuracy                         0.6591       132
2026-08-21 14:36:53 - INFO -      macro avg     0.6591    0.6591    0.6591       132
2026-08-21 14:36:53 - INFO -   weighted avg     0.6591    0.6591    0.6591       132
2026-08-21 14:36:53 - INFO - Confusion matrix - [[tn=43, fp=23], [fn=22, tp=44]]
2026-08-21 14:36:53 - INFO - probability_positive min=0.0067 mean=0.5164 std=0.2892 max=0.9859 predicted_0=65 predicted_1=67
2026-08-21 14:36:53 - INFO - New best model | Macro-F1: 0.659071 | Epoch: 11
2026-08-21 14:37:15 - INFO - Epoch 12/15 | Train loss: 0.535928 | Val loss: 0.759002 | LR: 2.00e-05 | Best epoch: 11 | Patience: 1 | Train: 21.24s | Validation: 0.82s | Epoch: 22.06s | Total: 267.44s
2026-08-21 14:37:15 - INFO - Phase-1 losses | Vulnerability: 0.535928 | CWE: 0.000000 | Total: 0.535928
2026-08-21 14:37:15 - INFO - [Classification Report - split=train epoch=12 - threshold=0.50]
2026-08-21 14:37:15 - INFO -                 precision    recall  f1-score   support
2026-08-21 14:37:15 - INFO - 
2026-08-21 14:37:15 - INFO -       safe (0)     0.6736    0.6724    0.6730       577
2026-08-21 14:37:15 - INFO - vulnerable (1)     0.6719    0.6730    0.6725       575
2026-08-21 14:37:15 - INFO - 
2026-08-21 14:37:15 - INFO -       accuracy                         0.6727      1152
2026-08-21 14:37:15 - INFO -      macro avg     0.6727    0.6727    0.6727      1152
2026-08-21 14:37:15 - INFO -   weighted avg     0.6727    0.6727    0.6727      1152
2026-08-21 14:37:15 - INFO - Confusion matrix - [[tn=388, fp=189], [fn=188, tp=387]]
2026-08-21 14:37:15 - INFO - probability_positive min=0.0037 mean=0.4901 std=0.2670 max=0.9855 predicted_0=576 predicted_1=576
2026-08-21 14:37:15 - INFO - [Classification Report - split=validation epoch=12 - threshold=0.50]
2026-08-21 14:37:15 - INFO -                 precision    recall  f1-score   support
2026-08-21 14:37:15 - INFO - 
2026-08-21 14:37:15 - INFO -       safe (0)     0.6000    0.6818    0.6383        66
2026-08-21 14:37:15 - INFO - vulnerable (1)     0.6316    0.5455    0.5854        66
2026-08-21 14:37:15 - INFO - 
2026-08-21 14:37:15 - INFO -       accuracy                         0.6136       132
2026-08-21 14:37:15 - INFO -      macro avg     0.6158    0.6136    0.6118       132
2026-08-21 14:37:15 - INFO -   weighted avg     0.6158    0.6136    0.6118       132
2026-08-21 14:37:15 - INFO - Confusion matrix - [[tn=45, fp=21], [fn=30, tp=36]]
2026-08-21 14:37:15 - INFO - probability_positive min=0.0034 mean=0.4723 std=0.3129 max=0.9796 predicted_0=75 predicted_1=57
2026-08-21 14:37:37 - INFO - Epoch 13/15 | Train loss: 0.501369 | Val loss: 0.724501 | LR: 2.00e-05 | Best epoch: 11 | Patience: 2 | Train: 21.24s | Validation: 0.82s | Epoch: 22.06s | Total: 289.52s
2026-08-21 14:37:37 - INFO - Phase-1 losses | Vulnerability: 0.501369 | CWE: 0.000000 | Total: 0.501369
2026-08-21 14:37:37 - INFO - [Classification Report - split=train epoch=13 - threshold=0.50]
2026-08-21 14:37:37 - INFO -                 precision    recall  f1-score   support
2026-08-21 14:37:37 - INFO - 
2026-08-21 14:37:37 - INFO -       safe (0)     0.7330    0.6898    0.7107       577
2026-08-21 14:37:37 - INFO - vulnerable (1)     0.7061    0.7478    0.7264       575
2026-08-21 14:37:37 - INFO - 
2026-08-21 14:37:37 - INFO -       accuracy                         0.7188      1152
2026-08-21 14:37:37 - INFO -      macro avg     0.7195    0.7188    0.7185      1152
2026-08-21 14:37:37 - INFO -   weighted avg     0.7195    0.7188    0.7185      1152
2026-08-21 14:37:37 - INFO - Confusion matrix - [[tn=398, fp=179], [fn=145, tp=430]]
2026-08-21 14:37:37 - INFO - probability_positive min=0.0014 mean=0.4946 std=0.2996 max=0.9942 predicted_0=543 predicted_1=609
2026-08-21 14:37:37 - INFO - [Classification Report - split=validation epoch=13 - threshold=0.50]
2026-08-21 14:37:37 - INFO -                 precision    recall  f1-score   support
2026-08-21 14:37:37 - INFO - 
2026-08-21 14:37:37 - INFO -       safe (0)     0.6889    0.4697    0.5586        66
2026-08-21 14:37:37 - INFO - vulnerable (1)     0.5977    0.7879    0.6797        66
2026-08-21 14:37:37 - INFO - 
2026-08-21 14:37:37 - INFO -       accuracy                         0.6288       132
2026-08-21 14:37:37 - INFO -      macro avg     0.6433    0.6288    0.6191       132
2026-08-21 14:37:37 - INFO -   weighted avg     0.6433    0.6288    0.6191       132
2026-08-21 14:37:37 - INFO - Confusion matrix - [[tn=31, fp=35], [fn=14, tp=52]]
2026-08-21 14:37:37 - INFO - probability_positive min=0.0016 mean=0.5760 std=0.3211 max=0.9923 predicted_0=45 predicted_1=87
2026-08-21 14:37:59 - INFO - Epoch 14/15 | Train loss: 0.463050 | Val loss: 0.814264 | LR: 2.00e-05 | Best epoch: 11 | Patience: 3 | Train: 21.23s | Validation: 0.82s | Epoch: 22.05s | Total: 311.58s
2026-08-21 14:37:59 - INFO - Phase-1 losses | Vulnerability: 0.463050 | CWE: 0.000000 | Total: 0.463050
2026-08-21 14:37:59 - INFO - [Classification Report - split=train epoch=14 - threshold=0.50]
2026-08-21 14:37:59 - INFO -                 precision    recall  f1-score   support
2026-08-21 14:37:59 - INFO - 
2026-08-21 14:37:59 - INFO -       safe (0)     0.7528    0.7071    0.7292       577
2026-08-21 14:37:59 - INFO - vulnerable (1)     0.7230    0.7670    0.7443       575
2026-08-21 14:37:59 - INFO - 
2026-08-21 14:37:59 - INFO -       accuracy                         0.7370      1152
2026-08-21 14:37:59 - INFO -      macro avg     0.7379    0.7370    0.7368      1152
2026-08-21 14:37:59 - INFO -   weighted avg     0.7379    0.7370    0.7368      1152
2026-08-21 14:37:59 - INFO - Confusion matrix - [[tn=408, fp=169], [fn=134, tp=441]]
2026-08-21 14:37:59 - INFO - probability_positive min=0.0011 mean=0.5012 std=0.3209 max=0.9966 predicted_0=542 predicted_1=610
2026-08-21 14:37:59 - INFO - [Classification Report - split=validation epoch=14 - threshold=0.50]
2026-08-21 14:37:59 - INFO -                 precision    recall  f1-score   support
2026-08-21 14:37:59 - INFO - 
2026-08-21 14:37:59 - INFO -       safe (0)     0.7143    0.4545    0.5556        66
2026-08-21 14:37:59 - INFO - vulnerable (1)     0.6000    0.8182    0.6923        66
2026-08-21 14:37:59 - INFO - 
2026-08-21 14:37:59 - INFO -       accuracy                         0.6364       132
2026-08-21 14:37:59 - INFO -      macro avg     0.6571    0.6364    0.6239       132
2026-08-21 14:37:59 - INFO -   weighted avg     0.6571    0.6364    0.6239       132
2026-08-21 14:37:59 - INFO - Confusion matrix - [[tn=30, fp=36], [fn=12, tp=54]]
2026-08-21 14:37:59 - INFO - probability_positive min=0.0018 mean=0.5940 std=0.3269 max=0.9966 predicted_0=42 predicted_1=90
2026-08-21 14:38:21 - INFO - Epoch 15/15 | Train loss: 0.446016 | Val loss: 0.892435 | LR: 2.00e-05 | Best epoch: 11 | Patience: 4 | Train: 21.25s | Validation: 0.82s | Epoch: 22.07s | Total: 333.66s
2026-08-21 14:38:21 - INFO - Phase-1 losses | Vulnerability: 0.446016 | CWE: 0.000000 | Total: 0.446016
2026-08-21 14:38:21 - INFO - [Classification Report - split=train epoch=15 - threshold=0.50]
2026-08-21 14:38:21 - INFO -                 precision    recall  f1-score   support
2026-08-21 14:38:21 - INFO - 
2026-08-21 14:38:21 - INFO -       safe (0)     0.7869    0.7106    0.7468       577
2026-08-21 14:38:21 - INFO - vulnerable (1)     0.7353    0.8070    0.7695       575
2026-08-21 14:38:21 - INFO - 
2026-08-21 14:38:21 - INFO -       accuracy                         0.7587      1152
2026-08-21 14:38:21 - INFO -      macro avg     0.7611    0.7588    0.7581      1152
2026-08-21 14:38:21 - INFO -   weighted avg     0.7612    0.7587    0.7581      1152
2026-08-21 14:38:21 - INFO - Confusion matrix - [[tn=410, fp=167], [fn=111, tp=464]]
2026-08-21 14:38:21 - INFO - probability_positive min=0.0008 mean=0.5061 std=0.3404 max=0.9984 predicted_0=521 predicted_1=631
2026-08-21 14:38:21 - INFO - [Classification Report - split=validation epoch=15 - threshold=0.50]
2026-08-21 14:38:21 - INFO -                 precision    recall  f1-score   support
2026-08-21 14:38:21 - INFO - 
2026-08-21 14:38:21 - INFO -       safe (0)     0.6667    0.5455    0.6000        66
2026-08-21 14:38:21 - INFO - vulnerable (1)     0.6154    0.7273    0.6667        66
2026-08-21 14:38:21 - INFO - 
2026-08-21 14:38:21 - INFO -       accuracy                         0.6364       132
2026-08-21 14:38:21 - INFO -      macro avg     0.6410    0.6364    0.6333       132
2026-08-21 14:38:21 - INFO -   weighted avg     0.6410    0.6364    0.6333       132
2026-08-21 14:38:21 - INFO - Confusion matrix - [[tn=36, fp=30], [fn=18, tp=48]]
2026-08-21 14:38:21 - INFO - probability_positive min=0.0009 mean=0.5252 std=0.3483 max=0.9959 predicted_0=54 predicted_1=78
2026-08-21 14:38:21 - INFO - Best checkpoint saved | Path: model/cb_lam_codebert/transfer_none/seed_42/source/best.pt | Epoch: 11 | Val macro_f1: 0.659071
2026-08-21 14:38:21 - INFO - Training finished | Elapsed: 333.67s
2026-08-21 14:38:21 - INFO - Run finished | Phase: phase1 | Fold: 1 | Seed: 42 | Elapsed: 336.16s
