2026-08-21 16:23:46 - INFO - Using device: cuda
2026-08-21 16:23:46 - INFO - Run started | Run: t5base_s12_codet5m | Method: baseline | Phase: baseline_train | Fold: 5 | Seed: 12 | Device: cuda
2026-08-21 16:23:47 - INFO - Loading Python validation data: data/sven_python_folds_norm/fold5/val.jsonl
2026-08-21 16:23:47 - INFO - Loading Python training data: data/sven_python_folds_norm/fold5/train.jsonl
2026-08-21 16:23:47 - INFO - Data split: python_train | Total: 456 | Labels: {0: 237, 1: 219} | CWEs: {'CWE-022': 34, 'CWE-078': 121, 'CWE-079': 52, 'CWE-089': 249} | Languages: {'python': 456} | Invalid CWE: 0
2026-08-21 16:23:47 - INFO - Data split: python_val | Total: 152 | Labels: {0: 71, 1: 81} | CWEs: {'CWE-022': 19, 'CWE-078': 39, 'CWE-079': 14, 'CWE-089': 80} | Languages: {'python': 152} | Invalid CWE: 0
2026-08-21 16:23:48 - INFO - Environment: {"components": {"backbone": {"frozen": 0, "total": 109607040, "trainable": 109607040}, "vul_head": {"frozen": 0, "total": 1538, "trainable": 1538}}, "cuda": "12.8", "fold": 5, "frozen_parameters": 0, "gpu": "NVIDIA GeForce RTX 4070 Ti SUPER", "hyperparameters": {"batch_size": 16, "checkpoint_path": "model/t5base_s12_codet5m/baseline/seed_12/fold5/best.pt", "data_root": "data/sven_python_folds_norm", "epochs": 30, "eval_batch_size": 16, "fold": 5, "learning_rate": 2e-05, "max_eval_samples": null, "max_grad_norm": 1.0, "max_length": 512, "max_train_samples": null, "method_name": "baseline", "min_epochs": 3, "model_name": "Salesforce/codet5-base", "num_workers": 0, "patience": 5, "phase": "train", "pooling": "mean", "result_path": "results/t5base_s12_codet5m/baseline/seed_12/fold5.json", "run_name": "t5base_s12_codet5m", "seed": 12, "target_lang": "python", "test_path": null, "train_path": null, "truncation_strategy": "head_middle_tail", "val_path": null, "weight_decay": 0.01}, "mode": "baseline_train", "model_name": "Salesforce/codet5-base", "seed": 12, "sklearn": "1.7.2", "torch": "2.11.0+cu128", "trainable_parameters": 109608578, "transformers": "4.57.1"}
2026-08-21 16:23:48 - INFO - Training started | Phase: baseline | Epochs: 30
2026-08-21 16:24:00 - INFO - Epoch 1/30 | Train loss: 0.694832 | Val loss: 0.701377 | LR: 2.00e-05 | Best epoch: 1 | Patience: 0 | Train: 9.99s | Validation: 1.05s | Epoch: 11.32s | Total: 11.32s
2026-08-21 16:24:00 - INFO - [Classification Report - split=train epoch=1 - threshold=0.50]
2026-08-21 16:24:00 - INFO -                 precision    recall  f1-score   support
2026-08-21 16:24:00 - INFO - 
2026-08-21 16:24:00 - INFO -       safe (0)     0.5155    0.8439    0.6400       237
2026-08-21 16:24:00 - INFO - vulnerable (1)     0.4559    0.1416    0.2160       219
2026-08-21 16:24:00 - INFO - 
2026-08-21 16:24:00 - INFO -       accuracy                         0.5066       456
2026-08-21 16:24:00 - INFO -      macro avg     0.4857    0.4927    0.4280       456
2026-08-21 16:24:00 - INFO -   weighted avg     0.4868    0.5066    0.4364       456
2026-08-21 16:24:00 - INFO - Confusion matrix - [[tn=200, fp=37], [fn=188, tp=31]]
2026-08-21 16:24:00 - INFO - probability_positive min=0.4110 mean=0.4671 std=0.0269 max=0.5296 predicted_0=388 predicted_1=68
2026-08-21 16:24:00 - INFO - [Classification Report - split=validation epoch=1 - threshold=0.50]
2026-08-21 16:24:00 - INFO -                 precision    recall  f1-score   support
2026-08-21 16:24:00 - INFO - 
2026-08-21 16:24:00 - INFO -       safe (0)     0.4636    0.9859    0.6306        71
2026-08-21 16:24:00 - INFO - vulnerable (1)     0.0000    0.0000    0.0000        81
2026-08-21 16:24:00 - INFO - 
2026-08-21 16:24:00 - INFO -       accuracy                         0.4605       152
2026-08-21 16:24:00 - INFO -      macro avg     0.2318    0.4930    0.3153       152
2026-08-21 16:24:00 - INFO -   weighted avg     0.2165    0.4605    0.2946       152
2026-08-21 16:24:00 - INFO - Confusion matrix - [[tn=70, fp=1], [fn=81, tp=0]]
2026-08-21 16:24:00 - INFO - probability_positive min=0.4254 mean=0.4665 std=0.0147 max=0.5028 predicted_0=151 predicted_1=1
2026-08-21 16:24:00 - INFO - New best model | Macro-F1: 0.315315 | Epoch: 1
2026-08-21 16:24:11 - INFO - Epoch 2/30 | Train loss: 0.685228 | Val loss: 0.698640 | LR: 2.00e-05 | Best epoch: 2 | Patience: 0 | Train: 9.79s | Validation: 1.05s | Epoch: 11.28s | Total: 22.61s
2026-08-21 16:24:11 - INFO - [Classification Report - split=train epoch=2 - threshold=0.50]
2026-08-21 16:24:11 - INFO -                 precision    recall  f1-score   support
2026-08-21 16:24:11 - INFO - 
2026-08-21 16:24:11 - INFO -       safe (0)     0.5524    0.9114    0.6879       237
2026-08-21 16:24:11 - INFO - vulnerable (1)     0.6769    0.2009    0.3099       219
2026-08-21 16:24:11 - INFO - 
2026-08-21 16:24:11 - INFO -       accuracy                         0.5702       456
2026-08-21 16:24:11 - INFO -      macro avg     0.6147    0.5562    0.4989       456
2026-08-21 16:24:11 - INFO -   weighted avg     0.6122    0.5702    0.5063       456
2026-08-21 16:24:11 - INFO - Confusion matrix - [[tn=216, fp=21], [fn=175, tp=44]]
2026-08-21 16:24:11 - INFO - probability_positive min=0.4366 mean=0.4802 std=0.0181 max=0.5463 predicted_0=391 predicted_1=65
2026-08-21 16:24:11 - INFO - [Classification Report - split=validation epoch=2 - threshold=0.50]
2026-08-21 16:24:11 - INFO -                 precision    recall  f1-score   support
2026-08-21 16:24:11 - INFO - 
2026-08-21 16:24:11 - INFO -       safe (0)     0.4444    0.7887    0.5685        71
2026-08-21 16:24:11 - INFO - vulnerable (1)     0.4231    0.1358    0.2056        81
2026-08-21 16:24:11 - INFO - 
2026-08-21 16:24:11 - INFO -       accuracy                         0.4408       152
2026-08-21 16:24:11 - INFO -      macro avg     0.4338    0.4623    0.3871       152
2026-08-21 16:24:11 - INFO -   weighted avg     0.4331    0.4408    0.3751       152
2026-08-21 16:24:11 - INFO - Confusion matrix - [[tn=56, fp=15], [fn=70, tp=11]]
2026-08-21 16:24:11 - INFO - probability_positive min=0.4353 mean=0.4837 std=0.0169 max=0.5219 predicted_0=126 predicted_1=26
2026-08-21 16:24:11 - INFO - New best model | Macro-F1: 0.387068 | Epoch: 2
2026-08-21 16:24:22 - INFO - Epoch 3/30 | Train loss: 0.682891 | Val loss: 0.701224 | LR: 2.00e-05 | Best epoch: 2 | Patience: 1 | Train: 9.81s | Validation: 1.05s | Epoch: 10.86s | Total: 33.50s
2026-08-21 16:24:22 - INFO - [Classification Report - split=train epoch=3 - threshold=0.50]
2026-08-21 16:24:22 - INFO -                 precision    recall  f1-score   support
2026-08-21 16:24:22 - INFO - 
2026-08-21 16:24:22 - INFO -       safe (0)     0.5663    0.7932    0.6608       237
2026-08-21 16:24:22 - INFO - vulnerable (1)     0.6048    0.3425    0.4373       219
2026-08-21 16:24:22 - INFO - 
2026-08-21 16:24:22 - INFO -       accuracy                         0.5768       456
2026-08-21 16:24:22 - INFO -      macro avg     0.5856    0.5679    0.5491       456
2026-08-21 16:24:22 - INFO -   weighted avg     0.5848    0.5768    0.5535       456
2026-08-21 16:24:22 - INFO - Confusion matrix - [[tn=188, fp=49], [fn=144, tp=75]]
2026-08-21 16:24:22 - INFO - probability_positive min=0.4301 mean=0.4877 std=0.0227 max=0.5577 predicted_0=332 predicted_1=124
2026-08-21 16:24:22 - INFO - [Classification Report - split=validation epoch=3 - threshold=0.50]
2026-08-21 16:24:22 - INFO -                 precision    recall  f1-score   support
2026-08-21 16:24:22 - INFO - 
2026-08-21 16:24:22 - INFO -       safe (0)     0.4565    0.8873    0.6029        71
2026-08-21 16:24:22 - INFO - vulnerable (1)     0.4286    0.0741    0.1263        81
2026-08-21 16:24:22 - INFO - 
2026-08-21 16:24:22 - INFO -       accuracy                         0.4539       152
2026-08-21 16:24:22 - INFO -      macro avg     0.4425    0.4807    0.3646       152
2026-08-21 16:24:22 - INFO -   weighted avg     0.4416    0.4539    0.3489       152
2026-08-21 16:24:22 - INFO - Confusion matrix - [[tn=63, fp=8], [fn=75, tp=6]]
2026-08-21 16:24:22 - INFO - probability_positive min=0.4172 mean=0.4715 std=0.0225 max=0.5235 predicted_0=138 predicted_1=14
2026-08-21 16:24:33 - INFO - Epoch 4/30 | Train loss: 0.671845 | Val loss: 0.706115 | LR: 2.00e-05 | Best epoch: 4 | Patience: 0 | Train: 9.81s | Validation: 1.05s | Epoch: 11.30s | Total: 44.81s
2026-08-21 16:24:33 - INFO - [Classification Report - split=train epoch=4 - threshold=0.50]
2026-08-21 16:24:33 - INFO -                 precision    recall  f1-score   support
2026-08-21 16:24:33 - INFO - 
2026-08-21 16:24:33 - INFO -       safe (0)     0.5776    0.8481    0.6872       237
2026-08-21 16:24:33 - INFO - vulnerable (1)     0.6667    0.3288    0.4404       219
2026-08-21 16:24:33 - INFO - 
2026-08-21 16:24:33 - INFO -       accuracy                         0.5987       456
2026-08-21 16:24:33 - INFO -      macro avg     0.6221    0.5884    0.5638       456
2026-08-21 16:24:33 - INFO -   weighted avg     0.6204    0.5987    0.5686       456
2026-08-21 16:24:33 - INFO - Confusion matrix - [[tn=201, fp=36], [fn=147, tp=72]]
2026-08-21 16:24:33 - INFO - probability_positive min=0.4064 mean=0.4775 std=0.0310 max=0.6181 predicted_0=348 predicted_1=108
2026-08-21 16:24:33 - INFO - [Classification Report - split=validation epoch=4 - threshold=0.50]
2026-08-21 16:24:33 - INFO -                 precision    recall  f1-score   support
2026-08-21 16:24:33 - INFO - 
2026-08-21 16:24:33 - INFO -       safe (0)     0.4710    0.9155    0.6220        71
2026-08-21 16:24:33 - INFO - vulnerable (1)     0.5714    0.0988    0.1684        81
2026-08-21 16:24:33 - INFO - 
2026-08-21 16:24:33 - INFO -       accuracy                         0.4803       152
2026-08-21 16:24:33 - INFO -      macro avg     0.5212    0.5071    0.3952       152
2026-08-21 16:24:33 - INFO -   weighted avg     0.5245    0.4803    0.3803       152
2026-08-21 16:24:33 - INFO - Confusion matrix - [[tn=65, fp=6], [fn=73, tp=8]]
2026-08-21 16:24:33 - INFO - probability_positive min=0.3794 mean=0.4512 std=0.0313 max=0.5226 predicted_0=138 predicted_1=14
2026-08-21 16:24:33 - INFO - New best model | Macro-F1: 0.395215 | Epoch: 4
2026-08-21 16:24:45 - INFO - Epoch 5/30 | Train loss: 0.661002 | Val loss: 0.690397 | LR: 2.00e-05 | Best epoch: 5 | Patience: 0 | Train: 9.81s | Validation: 1.05s | Epoch: 11.30s | Total: 56.12s
2026-08-21 16:24:45 - INFO - [Classification Report - split=train epoch=5 - threshold=0.50]
2026-08-21 16:24:45 - INFO -                 precision    recall  f1-score   support
2026-08-21 16:24:45 - INFO - 
2026-08-21 16:24:45 - INFO -       safe (0)     0.5758    0.8017    0.6702       237
2026-08-21 16:24:45 - INFO - vulnerable (1)     0.6270    0.3607    0.4580       219
2026-08-21 16:24:45 - INFO - 
2026-08-21 16:24:45 - INFO -       accuracy                         0.5899       456
2026-08-21 16:24:45 - INFO -      macro avg     0.6014    0.5812    0.5641       456
2026-08-21 16:24:45 - INFO -   weighted avg     0.6004    0.5899    0.5683       456
2026-08-21 16:24:45 - INFO - Confusion matrix - [[tn=190, fp=47], [fn=140, tp=79]]
2026-08-21 16:24:45 - INFO - probability_positive min=0.3190 mean=0.4665 std=0.0600 max=0.6623 predicted_0=330 predicted_1=126
2026-08-21 16:24:45 - INFO - [Classification Report - split=validation epoch=5 - threshold=0.50]
2026-08-21 16:24:45 - INFO -                 precision    recall  f1-score   support
2026-08-21 16:24:45 - INFO - 
2026-08-21 16:24:45 - INFO -       safe (0)     0.4500    0.5070    0.4768        71
2026-08-21 16:24:45 - INFO - vulnerable (1)     0.5139    0.4568    0.4837        81
2026-08-21 16:24:45 - INFO - 
2026-08-21 16:24:45 - INFO -       accuracy                         0.4803       152
2026-08-21 16:24:45 - INFO -      macro avg     0.4819    0.4819    0.4802       152
2026-08-21 16:24:45 - INFO -   weighted avg     0.4840    0.4803    0.4805       152
2026-08-21 16:24:45 - INFO - Confusion matrix - [[tn=36, fp=35], [fn=44, tp=37]]
2026-08-21 16:24:45 - INFO - probability_positive min=0.3896 mean=0.4962 std=0.0477 max=0.6182 predicted_0=80 predicted_1=72
2026-08-21 16:24:45 - INFO - New best model | Macro-F1: 0.480241 | Epoch: 5
2026-08-21 16:24:56 - INFO - Epoch 6/30 | Train loss: 0.641036 | Val loss: 0.651714 | LR: 2.00e-05 | Best epoch: 6 | Patience: 0 | Train: 9.81s | Validation: 1.05s | Epoch: 11.30s | Total: 67.44s
2026-08-21 16:24:56 - INFO - [Classification Report - split=train epoch=6 - threshold=0.50]
2026-08-21 16:24:56 - INFO -                 precision    recall  f1-score   support
2026-08-21 16:24:56 - INFO - 
2026-08-21 16:24:56 - INFO -       safe (0)     0.6187    0.7257    0.6680       237
2026-08-21 16:24:56 - INFO - vulnerable (1)     0.6348    0.5160    0.5693       219
2026-08-21 16:24:56 - INFO - 
2026-08-21 16:24:56 - INFO -       accuracy                         0.6250       456
2026-08-21 16:24:56 - INFO -      macro avg     0.6268    0.6209    0.6186       456
2026-08-21 16:24:56 - INFO -   weighted avg     0.6264    0.6250    0.6206       456
2026-08-21 16:24:56 - INFO - Confusion matrix - [[tn=172, fp=65], [fn=106, tp=113]]
2026-08-21 16:24:56 - INFO - probability_positive min=0.2551 mean=0.4817 std=0.0931 max=0.7905 predicted_0=278 predicted_1=178
2026-08-21 16:24:56 - INFO - [Classification Report - split=validation epoch=6 - threshold=0.50]
2026-08-21 16:24:56 - INFO -                 precision    recall  f1-score   support
2026-08-21 16:24:56 - INFO - 
2026-08-21 16:24:56 - INFO -       safe (0)     0.6129    0.5352    0.5714        71
2026-08-21 16:24:56 - INFO - vulnerable (1)     0.6333    0.7037    0.6667        81
2026-08-21 16:24:56 - INFO - 
2026-08-21 16:24:56 - INFO -       accuracy                         0.6250       152
2026-08-21 16:24:56 - INFO -      macro avg     0.6231    0.6195    0.6190       152
2026-08-21 16:24:56 - INFO -   weighted avg     0.6238    0.6250    0.6222       152
2026-08-21 16:24:56 - INFO - Confusion matrix - [[tn=38, fp=33], [fn=24, tp=57]]
2026-08-21 16:24:56 - INFO - probability_positive min=0.2817 mean=0.5161 std=0.0898 max=0.7326 predicted_0=62 predicted_1=90
2026-08-21 16:24:56 - INFO - New best model | Macro-F1: 0.619048 | Epoch: 6
2026-08-21 16:25:07 - INFO - Epoch 7/30 | Train loss: 0.499130 | Val loss: 0.516249 | LR: 2.00e-05 | Best epoch: 7 | Patience: 0 | Train: 9.82s | Validation: 1.05s | Epoch: 11.30s | Total: 78.76s
2026-08-21 16:25:07 - INFO - [Classification Report - split=train epoch=7 - threshold=0.50]
2026-08-21 16:25:07 - INFO -                 precision    recall  f1-score   support
2026-08-21 16:25:07 - INFO - 
2026-08-21 16:25:07 - INFO -       safe (0)     0.7698    0.8608    0.8127       237
2026-08-21 16:25:07 - INFO - vulnerable (1)     0.8272    0.7215    0.7707       219
2026-08-21 16:25:07 - INFO - 
2026-08-21 16:25:07 - INFO -       accuracy                         0.7939       456
2026-08-21 16:25:07 - INFO -      macro avg     0.7985    0.7911    0.7917       456
2026-08-21 16:25:07 - INFO -   weighted avg     0.7974    0.7939    0.7926       456
2026-08-21 16:25:07 - INFO - Confusion matrix - [[tn=204, fp=33], [fn=61, tp=158]]
2026-08-21 16:25:07 - INFO - probability_positive min=0.0584 mean=0.4561 std=0.1900 max=0.8991 predicted_0=265 predicted_1=191
2026-08-21 16:25:07 - INFO - [Classification Report - split=validation epoch=7 - threshold=0.50]
2026-08-21 16:25:07 - INFO -                 precision    recall  f1-score   support
2026-08-21 16:25:07 - INFO - 
2026-08-21 16:25:07 - INFO -       safe (0)     0.8235    0.5915    0.6885        71
2026-08-21 16:25:07 - INFO - vulnerable (1)     0.7129    0.8889    0.7912        81
2026-08-21 16:25:07 - INFO - 
2026-08-21 16:25:07 - INFO -       accuracy                         0.7500       152
2026-08-21 16:25:07 - INFO -      macro avg     0.7682    0.7402    0.7399       152
2026-08-21 16:25:07 - INFO -   weighted avg     0.7646    0.7500    0.7432       152
2026-08-21 16:25:07 - INFO - Confusion matrix - [[tn=42, fp=29], [fn=9, tp=72]]
2026-08-21 16:25:07 - INFO - probability_positive min=0.0342 mean=0.6114 std=0.2978 max=0.9433 predicted_0=51 predicted_1=101
2026-08-21 16:25:07 - INFO - New best model | Macro-F1: 0.739867 | Epoch: 7
2026-08-21 16:25:18 - INFO - Epoch 8/30 | Train loss: 0.342568 | Val loss: 0.444298 | LR: 2.00e-05 | Best epoch: 7 | Patience: 1 | Train: 9.81s | Validation: 1.05s | Epoch: 10.86s | Total: 89.64s
2026-08-21 16:25:18 - INFO - [Classification Report - split=train epoch=8 - threshold=0.50]
2026-08-21 16:25:18 - INFO -                 precision    recall  f1-score   support
2026-08-21 16:25:18 - INFO - 
2026-08-21 16:25:18 - INFO -       safe (0)     0.9048    0.8017    0.8501       237
2026-08-21 16:25:18 - INFO - vulnerable (1)     0.8089    0.9087    0.8559       219
2026-08-21 16:25:18 - INFO - 
2026-08-21 16:25:18 - INFO -       accuracy                         0.8531       456
2026-08-21 16:25:18 - INFO -      macro avg     0.8569    0.8552    0.8530       456
2026-08-21 16:25:18 - INFO -   weighted avg     0.8587    0.8531    0.8529       456
2026-08-21 16:25:18 - INFO - Confusion matrix - [[tn=190, fp=47], [fn=20, tp=199]]
2026-08-21 16:25:18 - INFO - probability_positive min=0.0200 mean=0.4911 std=0.3523 max=0.9556 predicted_0=210 predicted_1=246
2026-08-21 16:25:18 - INFO - [Classification Report - split=validation epoch=8 - threshold=0.50]
2026-08-21 16:25:18 - INFO -                 precision    recall  f1-score   support
2026-08-21 16:25:18 - INFO - 
2026-08-21 16:25:18 - INFO -       safe (0)     0.7759    0.6338    0.6977        71
2026-08-21 16:25:18 - INFO - vulnerable (1)     0.7234    0.8395    0.7771        81
2026-08-21 16:25:18 - INFO - 
2026-08-21 16:25:18 - INFO -       accuracy                         0.7434       152
2026-08-21 16:25:18 - INFO -      macro avg     0.7496    0.7367    0.7374       152
2026-08-21 16:25:18 - INFO -   weighted avg     0.7479    0.7434    0.7400       152
2026-08-21 16:25:18 - INFO - Confusion matrix - [[tn=45, fp=26], [fn=13, tp=68]]
2026-08-21 16:25:18 - INFO - probability_positive min=0.0109 mean=0.5642 std=0.3772 max=0.9776 predicted_0=58 predicted_1=94
2026-08-21 16:25:29 - INFO - Epoch 9/30 | Train loss: 0.219728 | Val loss: 0.508125 | LR: 2.00e-05 | Best epoch: 9 | Patience: 0 | Train: 9.81s | Validation: 1.05s | Epoch: 11.30s | Total: 100.95s
2026-08-21 16:25:29 - INFO - [Classification Report - split=train epoch=9 - threshold=0.50]
2026-08-21 16:25:29 - INFO -                 precision    recall  f1-score   support
2026-08-21 16:25:29 - INFO - 
2026-08-21 16:25:29 - INFO -       safe (0)     0.9214    0.8903    0.9056       237
2026-08-21 16:25:29 - INFO - vulnerable (1)     0.8855    0.9178    0.9013       219
2026-08-21 16:25:29 - INFO - 
2026-08-21 16:25:29 - INFO -       accuracy                         0.9035       456
2026-08-21 16:25:29 - INFO -      macro avg     0.9034    0.9041    0.9035       456
2026-08-21 16:25:29 - INFO -   weighted avg     0.9041    0.9035    0.9035       456
2026-08-21 16:25:29 - INFO - Confusion matrix - [[tn=211, fp=26], [fn=18, tp=201]]
2026-08-21 16:25:29 - INFO - probability_positive min=0.0085 mean=0.4708 std=0.4039 max=0.9861 predicted_0=229 predicted_1=227
2026-08-21 16:25:29 - INFO - [Classification Report - split=validation epoch=9 - threshold=0.50]
2026-08-21 16:25:29 - INFO -                 precision    recall  f1-score   support
2026-08-21 16:25:29 - INFO - 
2026-08-21 16:25:29 - INFO -       safe (0)     0.7403    0.8028    0.7703        71
2026-08-21 16:25:29 - INFO - vulnerable (1)     0.8133    0.7531    0.7821        81
2026-08-21 16:25:29 - INFO - 
2026-08-21 16:25:29 - INFO -       accuracy                         0.7763       152
2026-08-21 16:25:29 - INFO -      macro avg     0.7768    0.7780    0.7762       152
2026-08-21 16:25:29 - INFO -   weighted avg     0.7792    0.7763    0.7765       152
2026-08-21 16:25:29 - INFO - Confusion matrix - [[tn=57, fp=14], [fn=20, tp=61]]
2026-08-21 16:25:29 - INFO - probability_positive min=0.0048 mean=0.4970 std=0.4262 max=0.9921 predicted_0=77 predicted_1=75
2026-08-21 16:25:29 - INFO - New best model | Macro-F1: 0.776161 | Epoch: 9
2026-08-21 16:25:40 - INFO - Epoch 10/30 | Train loss: 0.165671 | Val loss: 0.540811 | LR: 2.00e-05 | Best epoch: 9 | Patience: 1 | Train: 9.82s | Validation: 1.05s | Epoch: 10.87s | Total: 111.85s
2026-08-21 16:25:40 - INFO - [Classification Report - split=train epoch=10 - threshold=0.50]
2026-08-21 16:25:40 - INFO -                 precision    recall  f1-score   support
2026-08-21 16:25:40 - INFO - 
2026-08-21 16:25:40 - INFO -       safe (0)     0.9447    0.9367    0.9407       237
2026-08-21 16:25:40 - INFO - vulnerable (1)     0.9321    0.9406    0.9364       219
2026-08-21 16:25:40 - INFO - 
2026-08-21 16:25:40 - INFO -       accuracy                         0.9386       456
2026-08-21 16:25:40 - INFO -      macro avg     0.9384    0.9387    0.9385       456
2026-08-21 16:25:40 - INFO -   weighted avg     0.9387    0.9386    0.9386       456
2026-08-21 16:25:40 - INFO - Confusion matrix - [[tn=222, fp=15], [fn=13, tp=206]]
2026-08-21 16:25:40 - INFO - probability_positive min=0.0060 mean=0.4838 std=0.4479 max=0.9930 predicted_0=235 predicted_1=221
2026-08-21 16:25:40 - INFO - [Classification Report - split=validation epoch=10 - threshold=0.50]
2026-08-21 16:25:40 - INFO -                 precision    recall  f1-score   support
2026-08-21 16:25:40 - INFO - 
2026-08-21 16:25:40 - INFO -       safe (0)     0.7647    0.7324    0.7482        71
2026-08-21 16:25:40 - INFO - vulnerable (1)     0.7738    0.8025    0.7879        81
2026-08-21 16:25:40 - INFO - 
2026-08-21 16:25:40 - INFO -       accuracy                         0.7697       152
2026-08-21 16:25:40 - INFO -      macro avg     0.7693    0.7674    0.7680       152
2026-08-21 16:25:40 - INFO -   weighted avg     0.7696    0.7697    0.7693       152
2026-08-21 16:25:40 - INFO - Confusion matrix - [[tn=52, fp=19], [fn=16, tp=65]]
2026-08-21 16:25:40 - INFO - probability_positive min=0.0034 mean=0.5293 std=0.4382 max=0.9946 predicted_0=68 predicted_1=84
2026-08-21 16:25:52 - INFO - Epoch 11/30 | Train loss: 0.142195 | Val loss: 0.651580 | LR: 2.00e-05 | Best epoch: 11 | Patience: 0 | Train: 9.81s | Validation: 1.05s | Epoch: 11.30s | Total: 123.16s
2026-08-21 16:25:52 - INFO - [Classification Report - split=train epoch=11 - threshold=0.50]
2026-08-21 16:25:52 - INFO -                 precision    recall  f1-score   support
2026-08-21 16:25:52 - INFO - 
2026-08-21 16:25:52 - INFO -       safe (0)     0.9821    0.9241    0.9522       237
2026-08-21 16:25:52 - INFO - vulnerable (1)     0.9227    0.9817    0.9513       219
2026-08-21 16:25:52 - INFO - 
2026-08-21 16:25:52 - INFO -       accuracy                         0.9518       456
2026-08-21 16:25:52 - INFO -      macro avg     0.9524    0.9529    0.9518       456
2026-08-21 16:25:52 - INFO -   weighted avg     0.9536    0.9518    0.9518       456
2026-08-21 16:25:52 - INFO - Confusion matrix - [[tn=219, fp=18], [fn=4, tp=215]]
2026-08-21 16:25:52 - INFO - probability_positive min=0.0040 mean=0.4964 std=0.4603 max=0.9953 predicted_0=223 predicted_1=233
2026-08-21 16:25:52 - INFO - [Classification Report - split=validation epoch=11 - threshold=0.50]
2026-08-21 16:25:52 - INFO -                 precision    recall  f1-score   support
2026-08-21 16:25:52 - INFO - 
2026-08-21 16:25:52 - INFO -       safe (0)     0.7808    0.8028    0.7917        71
2026-08-21 16:25:52 - INFO - vulnerable (1)     0.8228    0.8025    0.8125        81
2026-08-21 16:25:52 - INFO - 
2026-08-21 16:25:52 - INFO -       accuracy                         0.8026       152
2026-08-21 16:25:52 - INFO -      macro avg     0.8018    0.8026    0.8021       152
2026-08-21 16:25:52 - INFO -   weighted avg     0.8032    0.8026    0.8028       152
2026-08-21 16:25:52 - INFO - Confusion matrix - [[tn=57, fp=14], [fn=16, tp=65]]
2026-08-21 16:25:52 - INFO - probability_positive min=0.0023 mean=0.5165 std=0.4600 max=0.9967 predicted_0=73 predicted_1=79
2026-08-21 16:25:52 - INFO - New best model | Macro-F1: 0.802083 | Epoch: 11
2026-08-21 16:26:03 - INFO - Epoch 12/30 | Train loss: 0.105623 | Val loss: 0.716586 | LR: 2.00e-05 | Best epoch: 11 | Patience: 1 | Train: 9.81s | Validation: 1.05s | Epoch: 10.86s | Total: 134.04s
2026-08-21 16:26:03 - INFO - [Classification Report - split=train epoch=12 - threshold=0.50]
2026-08-21 16:26:03 - INFO -                 precision    recall  f1-score   support
2026-08-21 16:26:03 - INFO - 
2026-08-21 16:26:03 - INFO -       safe (0)     0.9693    0.9325    0.9505       237
2026-08-21 16:26:03 - INFO - vulnerable (1)     0.9298    0.9680    0.9485       219
2026-08-21 16:26:03 - INFO - 
2026-08-21 16:26:03 - INFO -       accuracy                         0.9496       456
2026-08-21 16:26:03 - INFO -      macro avg     0.9496    0.9503    0.9495       456
2026-08-21 16:26:03 - INFO -   weighted avg     0.9503    0.9496    0.9496       456
2026-08-21 16:26:03 - INFO - Confusion matrix - [[tn=221, fp=16], [fn=7, tp=212]]
2026-08-21 16:26:03 - INFO - probability_positive min=0.0029 mean=0.4866 std=0.4667 max=0.9955 predicted_0=228 predicted_1=228
2026-08-21 16:26:03 - INFO - [Classification Report - split=validation epoch=12 - threshold=0.50]
2026-08-21 16:26:03 - INFO -                 precision    recall  f1-score   support
2026-08-21 16:26:03 - INFO - 
2026-08-21 16:26:03 - INFO -       safe (0)     0.7342    0.8169    0.7733        71
2026-08-21 16:26:03 - INFO - vulnerable (1)     0.8219    0.7407    0.7792        81
2026-08-21 16:26:03 - INFO - 
2026-08-21 16:26:03 - INFO -       accuracy                         0.7763       152
2026-08-21 16:26:03 - INFO -      macro avg     0.7780    0.7788    0.7763       152
2026-08-21 16:26:03 - INFO -   weighted avg     0.7809    0.7763    0.7765       152
2026-08-21 16:26:03 - INFO - Confusion matrix - [[tn=58, fp=13], [fn=21, tp=60]]
2026-08-21 16:26:03 - INFO - probability_positive min=0.0017 mean=0.4756 std=0.4579 max=0.9967 predicted_0=79 predicted_1=73
2026-08-21 16:26:13 - INFO - Epoch 13/30 | Train loss: 0.082454 | Val loss: 0.825479 | LR: 2.00e-05 | Best epoch: 11 | Patience: 2 | Train: 9.81s | Validation: 1.05s | Epoch: 10.86s | Total: 144.91s
2026-08-21 16:26:13 - INFO - [Classification Report - split=train epoch=13 - threshold=0.50]
2026-08-21 16:26:13 - INFO -                 precision    recall  f1-score   support
2026-08-21 16:26:13 - INFO - 
2026-08-21 16:26:13 - INFO -       safe (0)     0.9784    0.9578    0.9680       237
2026-08-21 16:26:13 - INFO - vulnerable (1)     0.9554    0.9772    0.9661       219
2026-08-21 16:26:13 - INFO - 
2026-08-21 16:26:13 - INFO -       accuracy                         0.9671       456
2026-08-21 16:26:13 - INFO -      macro avg     0.9669    0.9675    0.9671       456
2026-08-21 16:26:13 - INFO -   weighted avg     0.9674    0.9671    0.9671       456
2026-08-21 16:26:13 - INFO - Confusion matrix - [[tn=227, fp=10], [fn=5, tp=214]]
2026-08-21 16:26:13 - INFO - probability_positive min=0.0017 mean=0.4811 std=0.4754 max=0.9965 predicted_0=232 predicted_1=224
2026-08-21 16:26:13 - INFO - [Classification Report - split=validation epoch=13 - threshold=0.50]
2026-08-21 16:26:13 - INFO -                 precision    recall  f1-score   support
2026-08-21 16:26:13 - INFO - 
2026-08-21 16:26:13 - INFO -       safe (0)     0.7468    0.8310    0.7867        71
2026-08-21 16:26:13 - INFO - vulnerable (1)     0.8356    0.7531    0.7922        81
2026-08-21 16:26:13 - INFO - 
2026-08-21 16:26:13 - INFO -       accuracy                         0.7895       152
2026-08-21 16:26:13 - INFO -      macro avg     0.7912    0.7920    0.7894       152
2026-08-21 16:26:13 - INFO -   weighted avg     0.7941    0.7895    0.7896       152
2026-08-21 16:26:13 - INFO - Confusion matrix - [[tn=59, fp=12], [fn=20, tp=61]]
2026-08-21 16:26:13 - INFO - probability_positive min=0.0013 mean=0.4644 std=0.4761 max=0.9977 predicted_0=79 predicted_1=73
2026-08-21 16:26:24 - INFO - Epoch 14/30 | Train loss: 0.071733 | Val loss: 0.850632 | LR: 2.00e-05 | Best epoch: 11 | Patience: 3 | Train: 9.81s | Validation: 1.05s | Epoch: 10.86s | Total: 155.78s
2026-08-21 16:26:24 - INFO - [Classification Report - split=train epoch=14 - threshold=0.50]
2026-08-21 16:26:24 - INFO -                 precision    recall  f1-score   support
2026-08-21 16:26:24 - INFO - 
2026-08-21 16:26:24 - INFO -       safe (0)     0.9826    0.9536    0.9679       237
2026-08-21 16:26:24 - INFO - vulnerable (1)     0.9513    0.9817    0.9663       219
2026-08-21 16:26:24 - INFO - 
2026-08-21 16:26:24 - INFO -       accuracy                         0.9671       456
2026-08-21 16:26:24 - INFO -      macro avg     0.9670    0.9677    0.9671       456
2026-08-21 16:26:24 - INFO -   weighted avg     0.9676    0.9671    0.9671       456
2026-08-21 16:26:24 - INFO - Confusion matrix - [[tn=226, fp=11], [fn=4, tp=215]]
2026-08-21 16:26:24 - INFO - probability_positive min=0.0017 mean=0.4901 std=0.4840 max=0.9970 predicted_0=230 predicted_1=226
2026-08-21 16:26:24 - INFO - [Classification Report - split=validation epoch=14 - threshold=0.50]
2026-08-21 16:26:24 - INFO -                 precision    recall  f1-score   support
2026-08-21 16:26:24 - INFO - 
2026-08-21 16:26:24 - INFO -       safe (0)     0.7349    0.8592    0.7922        71
2026-08-21 16:26:24 - INFO - vulnerable (1)     0.8551    0.7284    0.7867        81
2026-08-21 16:26:24 - INFO - 
2026-08-21 16:26:24 - INFO -       accuracy                         0.7895       152
2026-08-21 16:26:24 - INFO -      macro avg     0.7950    0.7938    0.7894       152
2026-08-21 16:26:24 - INFO -   weighted avg     0.7990    0.7895    0.7893       152
2026-08-21 16:26:24 - INFO - Confusion matrix - [[tn=61, fp=10], [fn=22, tp=59]]
2026-08-21 16:26:24 - INFO - probability_positive min=0.0010 mean=0.4469 std=0.4710 max=0.9981 predicted_0=83 predicted_1=69
2026-08-21 16:26:35 - INFO - Epoch 15/30 | Train loss: 0.069550 | Val loss: 0.804855 | LR: 2.00e-05 | Best epoch: 11 | Patience: 4 | Train: 9.81s | Validation: 1.06s | Epoch: 10.87s | Total: 166.66s
2026-08-21 16:26:35 - INFO - [Classification Report - split=train epoch=15 - threshold=0.50]
2026-08-21 16:26:35 - INFO -                 precision    recall  f1-score   support
2026-08-21 16:26:35 - INFO - 
2026-08-21 16:26:35 - INFO -       safe (0)     0.9788    0.9747    0.9767       237
2026-08-21 16:26:35 - INFO - vulnerable (1)     0.9727    0.9772    0.9749       219
2026-08-21 16:26:35 - INFO - 
2026-08-21 16:26:35 - INFO -       accuracy                         0.9759       456
2026-08-21 16:26:35 - INFO -      macro avg     0.9758    0.9759    0.9758       456
2026-08-21 16:26:35 - INFO -   weighted avg     0.9759    0.9759    0.9759       456
2026-08-21 16:26:35 - INFO - Confusion matrix - [[tn=231, fp=6], [fn=5, tp=214]]
2026-08-21 16:26:35 - INFO - probability_positive min=0.0015 mean=0.4803 std=0.4869 max=0.9977 predicted_0=236 predicted_1=220
2026-08-21 16:26:35 - INFO - [Classification Report - split=validation epoch=15 - threshold=0.50]
2026-08-21 16:26:35 - INFO -                 precision    recall  f1-score   support
2026-08-21 16:26:35 - INFO - 
2026-08-21 16:26:35 - INFO -       safe (0)     0.7600    0.8028    0.7808        71
2026-08-21 16:26:35 - INFO - vulnerable (1)     0.8182    0.7778    0.7975        81
2026-08-21 16:26:35 - INFO - 
2026-08-21 16:26:35 - INFO -       accuracy                         0.7895       152
2026-08-21 16:26:35 - INFO -      macro avg     0.7891    0.7903    0.7891       152
2026-08-21 16:26:35 - INFO -   weighted avg     0.7910    0.7895    0.7897       152
2026-08-21 16:26:35 - INFO - Confusion matrix - [[tn=57, fp=14], [fn=18, tp=63]]
2026-08-21 16:26:35 - INFO - probability_positive min=0.0009 mean=0.5045 std=0.4767 max=0.9984 predicted_0=75 predicted_1=77
2026-08-21 16:26:46 - INFO - Epoch 16/30 | Train loss: 0.051249 | Val loss: 0.798211 | LR: 2.00e-05 | Best epoch: 16 | Patience: 0 | Train: 9.81s | Validation: 1.05s | Epoch: 11.31s | Total: 177.97s
2026-08-21 16:26:46 - INFO - [Classification Report - split=train epoch=16 - threshold=0.50]
2026-08-21 16:26:46 - INFO -                 precision    recall  f1-score   support
2026-08-21 16:26:46 - INFO - 
2026-08-21 16:26:46 - INFO -       safe (0)     0.9872    0.9789    0.9831       237
2026-08-21 16:26:46 - INFO - vulnerable (1)     0.9774    0.9863    0.9818       219
2026-08-21 16:26:46 - INFO - 
2026-08-21 16:26:46 - INFO -       accuracy                         0.9825       456
2026-08-21 16:26:46 - INFO -      macro avg     0.9823    0.9826    0.9824       456
2026-08-21 16:26:46 - INFO -   weighted avg     0.9825    0.9825    0.9825       456
2026-08-21 16:26:46 - INFO - Confusion matrix - [[tn=232, fp=5], [fn=3, tp=216]]
2026-08-21 16:26:46 - INFO - probability_positive min=0.0012 mean=0.4794 std=0.4842 max=0.9977 predicted_0=235 predicted_1=221
2026-08-21 16:26:46 - INFO - [Classification Report - split=validation epoch=16 - threshold=0.50]
2026-08-21 16:26:46 - INFO -                 precision    recall  f1-score   support
2026-08-21 16:26:46 - INFO - 
2026-08-21 16:26:46 - INFO -       safe (0)     0.8143    0.8028    0.8085        71
2026-08-21 16:26:46 - INFO - vulnerable (1)     0.8293    0.8395    0.8344        81
2026-08-21 16:26:46 - INFO - 
2026-08-21 16:26:46 - INFO -       accuracy                         0.8224       152
2026-08-21 16:26:46 - INFO -      macro avg     0.8218    0.8212    0.8214       152
2026-08-21 16:26:46 - INFO -   weighted avg     0.8223    0.8224    0.8223       152
2026-08-21 16:26:46 - INFO - Confusion matrix - [[tn=57, fp=14], [fn=13, tp=68]]
2026-08-21 16:26:46 - INFO - probability_positive min=0.0008 mean=0.5286 std=0.4812 max=0.9986 predicted_0=70 predicted_1=82
2026-08-21 16:26:46 - INFO - New best model | Macro-F1: 0.821433 | Epoch: 16
2026-08-21 16:26:57 - INFO - Epoch 17/30 | Train loss: 0.043967 | Val loss: 0.950760 | LR: 2.00e-05 | Best epoch: 16 | Patience: 1 | Train: 9.81s | Validation: 1.05s | Epoch: 10.87s | Total: 188.86s
2026-08-21 16:26:57 - INFO - [Classification Report - split=train epoch=17 - threshold=0.50]
2026-08-21 16:26:57 - INFO -                 precision    recall  f1-score   support
2026-08-21 16:26:57 - INFO - 
2026-08-21 16:26:57 - INFO -       safe (0)     0.9957    0.9662    0.9807       237
2026-08-21 16:26:57 - INFO - vulnerable (1)     0.9646    0.9954    0.9798       219
2026-08-21 16:26:57 - INFO - 
2026-08-21 16:26:57 - INFO -       accuracy                         0.9803       456
2026-08-21 16:26:57 - INFO -      macro avg     0.9801    0.9808    0.9803       456
2026-08-21 16:26:57 - INFO -   weighted avg     0.9807    0.9803    0.9803       456
2026-08-21 16:26:57 - INFO - Confusion matrix - [[tn=229, fp=8], [fn=1, tp=218]]
2026-08-21 16:26:57 - INFO - probability_positive min=0.0010 mean=0.4904 std=0.4889 max=0.9982 predicted_0=230 predicted_1=226
2026-08-21 16:26:57 - INFO - [Classification Report - split=validation epoch=17 - threshold=0.50]
2026-08-21 16:26:57 - INFO -                 precision    recall  f1-score   support
2026-08-21 16:26:57 - INFO - 
2026-08-21 16:26:57 - INFO -       safe (0)     0.7500    0.8873    0.8129        71
2026-08-21 16:26:57 - INFO - vulnerable (1)     0.8824    0.7407    0.8054        81
2026-08-21 16:26:57 - INFO - 
2026-08-21 16:26:57 - INFO -       accuracy                         0.8092       152
2026-08-21 16:26:57 - INFO -      macro avg     0.8162    0.8140    0.8091       152
2026-08-21 16:26:57 - INFO -   weighted avg     0.8205    0.8092    0.8089       152
2026-08-21 16:26:57 - INFO - Confusion matrix - [[tn=63, fp=8], [fn=21, tp=60]]
2026-08-21 16:26:57 - INFO - probability_positive min=0.0007 mean=0.4427 std=0.4804 max=0.9988 predicted_0=84 predicted_1=68
2026-08-21 16:27:09 - INFO - Epoch 18/30 | Train loss: 0.058780 | Val loss: 0.986274 | LR: 2.00e-05 | Best epoch: 18 | Patience: 0 | Train: 9.81s | Validation: 1.05s | Epoch: 11.31s | Total: 200.17s
2026-08-21 16:27:09 - INFO - [Classification Report - split=train epoch=18 - threshold=0.50]
2026-08-21 16:27:09 - INFO -                 precision    recall  f1-score   support
2026-08-21 16:27:09 - INFO - 
2026-08-21 16:27:09 - INFO -       safe (0)     0.9787    0.9705    0.9746       237
2026-08-21 16:27:09 - INFO - vulnerable (1)     0.9683    0.9772    0.9727       219
2026-08-21 16:27:09 - INFO - 
2026-08-21 16:27:09 - INFO -       accuracy                         0.9737       456
2026-08-21 16:27:09 - INFO -      macro avg     0.9735    0.9738    0.9737       456
2026-08-21 16:27:09 - INFO -   weighted avg     0.9737    0.9737    0.9737       456
2026-08-21 16:27:09 - INFO - Confusion matrix - [[tn=230, fp=7], [fn=5, tp=214]]
2026-08-21 16:27:09 - INFO - probability_positive min=0.0010 mean=0.4844 std=0.4868 max=0.9986 predicted_0=235 predicted_1=221
2026-08-21 16:27:09 - INFO - [Classification Report - split=validation epoch=18 - threshold=0.50]
2026-08-21 16:27:09 - INFO -                 precision    recall  f1-score   support
2026-08-21 16:27:09 - INFO - 
2026-08-21 16:27:09 - INFO -       safe (0)     0.7619    0.9014    0.8258        71
2026-08-21 16:27:09 - INFO - vulnerable (1)     0.8971    0.7531    0.8188        81
2026-08-21 16:27:09 - INFO - 
2026-08-21 16:27:09 - INFO -       accuracy                         0.8224       152
2026-08-21 16:27:09 - INFO -      macro avg     0.8295    0.8272    0.8223       152
2026-08-21 16:27:09 - INFO -   weighted avg     0.8339    0.8224    0.8221       152
2026-08-21 16:27:09 - INFO - Confusion matrix - [[tn=64, fp=7], [fn=20, tp=61]]
2026-08-21 16:27:09 - INFO - probability_positive min=0.0006 mean=0.4439 std=0.4813 max=0.9989 predicted_0=84 predicted_1=68
2026-08-21 16:27:09 - INFO - New best model | Macro-F1: 0.822299 | Epoch: 18
2026-08-21 16:27:20 - INFO - Epoch 19/30 | Train loss: 0.060437 | Val loss: 0.839156 | LR: 2.00e-05 | Best epoch: 19 | Patience: 0 | Train: 9.81s | Validation: 1.05s | Epoch: 11.30s | Total: 211.48s
2026-08-21 16:27:20 - INFO - [Classification Report - split=train epoch=19 - threshold=0.50]
2026-08-21 16:27:20 - INFO -                 precision    recall  f1-score   support
2026-08-21 16:27:20 - INFO - 
2026-08-21 16:27:20 - INFO -       safe (0)     0.9872    0.9747    0.9809       237
2026-08-21 16:27:20 - INFO - vulnerable (1)     0.9730    0.9863    0.9796       219
2026-08-21 16:27:20 - INFO - 
2026-08-21 16:27:20 - INFO -       accuracy                         0.9803       456
2026-08-21 16:27:20 - INFO -      macro avg     0.9801    0.9805    0.9802       456
2026-08-21 16:27:20 - INFO -   weighted avg     0.9804    0.9803    0.9803       456
2026-08-21 16:27:20 - INFO - Confusion matrix - [[tn=231, fp=6], [fn=3, tp=216]]
2026-08-21 16:27:20 - INFO - probability_positive min=0.0008 mean=0.4853 std=0.4918 max=0.9986 predicted_0=234 predicted_1=222
2026-08-21 16:27:20 - INFO - [Classification Report - split=validation epoch=19 - threshold=0.50]
2026-08-21 16:27:20 - INFO -                 precision    recall  f1-score   support
2026-08-21 16:27:20 - INFO - 
2026-08-21 16:27:20 - INFO -       safe (0)     0.8261    0.8028    0.8143        71
2026-08-21 16:27:20 - INFO - vulnerable (1)     0.8313    0.8519    0.8415        81
2026-08-21 16:27:20 - INFO - 
2026-08-21 16:27:20 - INFO -       accuracy                         0.8289       152
2026-08-21 16:27:20 - INFO -      macro avg     0.8287    0.8273    0.8279       152
2026-08-21 16:27:20 - INFO -   weighted avg     0.8289    0.8289    0.8288       152
2026-08-21 16:27:20 - INFO - Confusion matrix - [[tn=57, fp=14], [fn=12, tp=69]]
2026-08-21 16:27:20 - INFO - probability_positive min=0.0006 mean=0.5459 std=0.4865 max=0.9990 predicted_0=69 predicted_1=83
2026-08-21 16:27:20 - INFO - New best model | Macro-F1: 0.827875 | Epoch: 19
2026-08-21 16:27:31 - INFO - Epoch 20/30 | Train loss: 0.029926 | Val loss: 0.853142 | LR: 2.00e-05 | Best epoch: 20 | Patience: 0 | Train: 9.81s | Validation: 1.05s | Epoch: 11.30s | Total: 222.80s
2026-08-21 16:27:31 - INFO - [Classification Report - split=train epoch=20 - threshold=0.50]
2026-08-21 16:27:31 - INFO -                 precision    recall  f1-score   support
2026-08-21 16:27:31 - INFO - 
2026-08-21 16:27:31 - INFO -       safe (0)     0.9833    0.9916    0.9874       237
2026-08-21 16:27:31 - INFO - vulnerable (1)     0.9908    0.9817    0.9862       219
2026-08-21 16:27:31 - INFO - 
2026-08-21 16:27:31 - INFO -       accuracy                         0.9868       456
2026-08-21 16:27:31 - INFO -      macro avg     0.9870    0.9866    0.9868       456
2026-08-21 16:27:31 - INFO -   weighted avg     0.9869    0.9868    0.9868       456
2026-08-21 16:27:31 - INFO - Confusion matrix - [[tn=235, fp=2], [fn=4, tp=215]]
2026-08-21 16:27:31 - INFO - probability_positive min=0.0009 mean=0.4753 std=0.4871 max=0.9986 predicted_0=239 predicted_1=217
2026-08-21 16:27:31 - INFO - [Classification Report - split=validation epoch=20 - threshold=0.50]
2026-08-21 16:27:31 - INFO -                 precision    recall  f1-score   support
2026-08-21 16:27:31 - INFO - 
2026-08-21 16:27:31 - INFO -       safe (0)     0.8219    0.8451    0.8333        71
2026-08-21 16:27:31 - INFO - vulnerable (1)     0.8608    0.8395    0.8500        81
2026-08-21 16:27:31 - INFO - 
2026-08-21 16:27:31 - INFO -       accuracy                         0.8421       152
2026-08-21 16:27:31 - INFO -      macro avg     0.8413    0.8423    0.8417       152
2026-08-21 16:27:31 - INFO -   weighted avg     0.8426    0.8421    0.8422       152
2026-08-21 16:27:31 - INFO - Confusion matrix - [[tn=60, fp=11], [fn=13, tp=68]]
2026-08-21 16:27:31 - INFO - probability_positive min=0.0005 mean=0.5199 std=0.4866 max=0.9991 predicted_0=73 predicted_1=79
2026-08-21 16:27:31 - INFO - New best model | Macro-F1: 0.841667 | Epoch: 20
2026-08-21 16:27:42 - INFO - Epoch 21/30 | Train loss: 0.025484 | Val loss: 0.962095 | LR: 2.00e-05 | Best epoch: 20 | Patience: 1 | Train: 9.80s | Validation: 1.05s | Epoch: 10.86s | Total: 233.67s
2026-08-21 16:27:42 - INFO - [Classification Report - split=train epoch=21 - threshold=0.50]
2026-08-21 16:27:42 - INFO -                 precision    recall  f1-score   support
2026-08-21 16:27:42 - INFO - 
2026-08-21 16:27:42 - INFO -       safe (0)     1.0000    0.9747    0.9872       237
2026-08-21 16:27:42 - INFO - vulnerable (1)     0.9733    1.0000    0.9865       219
2026-08-21 16:27:42 - INFO - 
2026-08-21 16:27:42 - INFO -       accuracy                         0.9868       456
2026-08-21 16:27:42 - INFO -      macro avg     0.9867    0.9873    0.9868       456
2026-08-21 16:27:42 - INFO -   weighted avg     0.9872    0.9868    0.9868       456
2026-08-21 16:27:42 - INFO - Confusion matrix - [[tn=231, fp=6], [fn=0, tp=219]]
2026-08-21 16:27:42 - INFO - probability_positive min=0.0007 mean=0.4864 std=0.4919 max=0.9989 predicted_0=231 predicted_1=225
2026-08-21 16:27:42 - INFO - [Classification Report - split=validation epoch=21 - threshold=0.50]
2026-08-21 16:27:42 - INFO -                 precision    recall  f1-score   support
2026-08-21 16:27:42 - INFO - 
2026-08-21 16:27:42 - INFO -       safe (0)     0.7949    0.8732    0.8322        71
2026-08-21 16:27:42 - INFO - vulnerable (1)     0.8784    0.8025    0.8387        81
2026-08-21 16:27:42 - INFO - 
2026-08-21 16:27:42 - INFO -       accuracy                         0.8355       152
2026-08-21 16:27:42 - INFO -      macro avg     0.8366    0.8379    0.8355       152
2026-08-21 16:27:42 - INFO -   weighted avg     0.8394    0.8355    0.8357       152
2026-08-21 16:27:42 - INFO - Confusion matrix - [[tn=62, fp=9], [fn=16, tp=65]]
2026-08-21 16:27:42 - INFO - probability_positive min=0.0005 mean=0.4786 std=0.4860 max=0.9993 predicted_0=78 predicted_1=74
2026-08-21 16:27:53 - INFO - Epoch 22/30 | Train loss: 0.026353 | Val loss: 1.017671 | LR: 2.00e-05 | Best epoch: 20 | Patience: 2 | Train: 9.81s | Validation: 1.05s | Epoch: 10.86s | Total: 244.54s
2026-08-21 16:27:53 - INFO - [Classification Report - split=train epoch=22 - threshold=0.50]
2026-08-21 16:27:53 - INFO -                 precision    recall  f1-score   support
2026-08-21 16:27:53 - INFO - 
2026-08-21 16:27:53 - INFO -       safe (0)     0.9916    0.9916    0.9916       237
2026-08-21 16:27:53 - INFO - vulnerable (1)     0.9909    0.9909    0.9909       219
2026-08-21 16:27:53 - INFO - 
2026-08-21 16:27:53 - INFO -       accuracy                         0.9912       456
2026-08-21 16:27:53 - INFO -      macro avg     0.9912    0.9912    0.9912       456
2026-08-21 16:27:53 - INFO -   weighted avg     0.9912    0.9912    0.9912       456
2026-08-21 16:27:53 - INFO - Confusion matrix - [[tn=235, fp=2], [fn=2, tp=217]]
2026-08-21 16:27:53 - INFO - probability_positive min=0.0007 mean=0.4798 std=0.4946 max=0.9992 predicted_0=237 predicted_1=219
2026-08-21 16:27:53 - INFO - [Classification Report - split=validation epoch=22 - threshold=0.50]
2026-08-21 16:27:53 - INFO -                 precision    recall  f1-score   support
2026-08-21 16:27:53 - INFO - 
2026-08-21 16:27:53 - INFO -       safe (0)     0.8194    0.8310    0.8252        71
2026-08-21 16:27:53 - INFO - vulnerable (1)     0.8500    0.8395    0.8447        81
2026-08-21 16:27:53 - INFO - 
2026-08-21 16:27:53 - INFO -       accuracy                         0.8355       152
2026-08-21 16:27:53 - INFO -      macro avg     0.8347    0.8352    0.8349       152
2026-08-21 16:27:53 - INFO -   weighted avg     0.8357    0.8355    0.8356       152
2026-08-21 16:27:53 - INFO - Confusion matrix - [[tn=59, fp=12], [fn=13, tp=68]]
2026-08-21 16:27:53 - INFO - probability_positive min=0.0004 mean=0.5248 std=0.4943 max=0.9994 predicted_0=72 predicted_1=80
2026-08-21 16:28:04 - INFO - Epoch 23/30 | Train loss: 0.030103 | Val loss: 0.962273 | LR: 2.00e-05 | Best epoch: 23 | Patience: 0 | Train: 9.81s | Validation: 1.05s | Epoch: 11.28s | Total: 255.83s
2026-08-21 16:28:04 - INFO - [Classification Report - split=train epoch=23 - threshold=0.50]
2026-08-21 16:28:04 - INFO -                 precision    recall  f1-score   support
2026-08-21 16:28:04 - INFO - 
2026-08-21 16:28:04 - INFO -       safe (0)     0.9957    0.9873    0.9915       237
2026-08-21 16:28:04 - INFO - vulnerable (1)     0.9864    0.9954    0.9909       219
2026-08-21 16:28:04 - INFO - 
2026-08-21 16:28:04 - INFO -       accuracy                         0.9912       456
2026-08-21 16:28:04 - INFO -      macro avg     0.9911    0.9914    0.9912       456
2026-08-21 16:28:04 - INFO -   weighted avg     0.9913    0.9912    0.9912       456
2026-08-21 16:28:04 - INFO - Confusion matrix - [[tn=234, fp=3], [fn=1, tp=218]]
2026-08-21 16:28:04 - INFO - probability_positive min=0.0006 mean=0.4808 std=0.4949 max=0.9991 predicted_0=235 predicted_1=221
2026-08-21 16:28:04 - INFO - [Classification Report - split=validation epoch=23 - threshold=0.50]
2026-08-21 16:28:04 - INFO -                 precision    recall  f1-score   support
2026-08-21 16:28:04 - INFO - 
2026-08-21 16:28:04 - INFO -       safe (0)     0.8243    0.8592    0.8414        71
2026-08-21 16:28:04 - INFO - vulnerable (1)     0.8718    0.8395    0.8553        81
2026-08-21 16:28:04 - INFO - 
2026-08-21 16:28:04 - INFO -       accuracy                         0.8487       152
2026-08-21 16:28:04 - INFO -      macro avg     0.8481    0.8493    0.8484       152
2026-08-21 16:28:04 - INFO -   weighted avg     0.8496    0.8487    0.8488       152
2026-08-21 16:28:04 - INFO - Confusion matrix - [[tn=61, fp=10], [fn=13, tp=68]]
2026-08-21 16:28:04 - INFO - probability_positive min=0.0004 mean=0.5164 std=0.4923 max=0.9994 predicted_0=74 predicted_1=78
2026-08-21 16:28:04 - INFO - New best model | Macro-F1: 0.848363 | Epoch: 23
2026-08-21 16:28:15 - INFO - Epoch 24/30 | Train loss: 0.015605 | Val loss: 1.080383 | LR: 2.00e-05 | Best epoch: 23 | Patience: 1 | Train: 9.81s | Validation: 1.05s | Epoch: 10.86s | Total: 266.71s
2026-08-21 16:28:15 - INFO - [Classification Report - split=train epoch=24 - threshold=0.50]
2026-08-21 16:28:15 - INFO -                 precision    recall  f1-score   support
2026-08-21 16:28:15 - INFO - 
2026-08-21 16:28:15 - INFO -       safe (0)     1.0000    0.9831    0.9915       237
2026-08-21 16:28:15 - INFO - vulnerable (1)     0.9821    1.0000    0.9910       219
2026-08-21 16:28:15 - INFO - 
2026-08-21 16:28:15 - INFO -       accuracy                         0.9912       456
2026-08-21 16:28:15 - INFO -      macro avg     0.9910    0.9916    0.9912       456
2026-08-21 16:28:15 - INFO -   weighted avg     0.9914    0.9912    0.9912       456
2026-08-21 16:28:15 - INFO - Confusion matrix - [[tn=233, fp=4], [fn=0, tp=219]]
2026-08-21 16:28:15 - INFO - probability_positive min=0.0006 mean=0.4833 std=0.4940 max=0.9992 predicted_0=233 predicted_1=223
2026-08-21 16:28:15 - INFO - [Classification Report - split=validation epoch=24 - threshold=0.50]
2026-08-21 16:28:15 - INFO -                 precision    recall  f1-score   support
2026-08-21 16:28:15 - INFO - 
2026-08-21 16:28:15 - INFO -       safe (0)     0.8026    0.8592    0.8299        71
2026-08-21 16:28:15 - INFO - vulnerable (1)     0.8684    0.8148    0.8408        81
2026-08-21 16:28:15 - INFO - 
2026-08-21 16:28:15 - INFO -       accuracy                         0.8355       152
2026-08-21 16:28:15 - INFO -      macro avg     0.8355    0.8370    0.8353       152
2026-08-21 16:28:15 - INFO -   weighted avg     0.8377    0.8355    0.8357       152
2026-08-21 16:28:15 - INFO - Confusion matrix - [[tn=61, fp=10], [fn=15, tp=66]]
2026-08-21 16:28:15 - INFO - probability_positive min=0.0004 mean=0.4937 std=0.4934 max=0.9995 predicted_0=76 predicted_1=76
2026-08-21 16:28:26 - INFO - Epoch 25/30 | Train loss: 0.015610 | Val loss: 1.172461 | LR: 2.00e-05 | Best epoch: 23 | Patience: 2 | Train: 9.81s | Validation: 1.05s | Epoch: 10.87s | Total: 277.59s
2026-08-21 16:28:26 - INFO - [Classification Report - split=train epoch=25 - threshold=0.50]
2026-08-21 16:28:26 - INFO -                 precision    recall  f1-score   support
2026-08-21 16:28:26 - INFO - 
2026-08-21 16:28:26 - INFO -       safe (0)     0.9958    0.9958    0.9958       237
2026-08-21 16:28:26 - INFO - vulnerable (1)     0.9954    0.9954    0.9954       219
2026-08-21 16:28:26 - INFO - 
2026-08-21 16:28:26 - INFO -       accuracy                         0.9956       456
2026-08-21 16:28:26 - INFO -      macro avg     0.9956    0.9956    0.9956       456
2026-08-21 16:28:26 - INFO -   weighted avg     0.9956    0.9956    0.9956       456
2026-08-21 16:28:26 - INFO - Confusion matrix - [[tn=236, fp=1], [fn=1, tp=218]]
2026-08-21 16:28:26 - INFO - probability_positive min=0.0006 mean=0.4803 std=0.4957 max=0.9993 predicted_0=237 predicted_1=219
2026-08-21 16:28:26 - INFO - [Classification Report - split=validation epoch=25 - threshold=0.50]
2026-08-21 16:28:26 - INFO -                 precision    recall  f1-score   support
2026-08-21 16:28:26 - INFO - 
2026-08-21 16:28:26 - INFO -       safe (0)     0.7470    0.8732    0.8052        71
2026-08-21 16:28:26 - INFO - vulnerable (1)     0.8696    0.7407    0.8000        81
2026-08-21 16:28:26 - INFO - 
2026-08-21 16:28:26 - INFO -       accuracy                         0.8026       152
2026-08-21 16:28:26 - INFO -      macro avg     0.8083    0.8070    0.8026       152
2026-08-21 16:28:26 - INFO -   weighted avg     0.8123    0.8026    0.8024       152
2026-08-21 16:28:26 - INFO - Confusion matrix - [[tn=62, fp=9], [fn=21, tp=60]]
2026-08-21 16:28:26 - INFO - probability_positive min=0.0003 mean=0.4555 std=0.4873 max=0.9996 predicted_0=83 predicted_1=69
2026-08-21 16:28:37 - INFO - Epoch 26/30 | Train loss: 0.014278 | Val loss: 1.126627 | LR: 2.00e-05 | Best epoch: 23 | Patience: 3 | Train: 9.81s | Validation: 1.05s | Epoch: 10.86s | Total: 288.46s
2026-08-21 16:28:37 - INFO - [Classification Report - split=train epoch=26 - threshold=0.50]
2026-08-21 16:28:37 - INFO -                 precision    recall  f1-score   support
2026-08-21 16:28:37 - INFO - 
2026-08-21 16:28:37 - INFO -       safe (0)     0.9958    0.9958    0.9958       237
2026-08-21 16:28:37 - INFO - vulnerable (1)     0.9954    0.9954    0.9954       219
2026-08-21 16:28:37 - INFO - 
2026-08-21 16:28:37 - INFO -       accuracy                         0.9956       456
2026-08-21 16:28:37 - INFO -      macro avg     0.9956    0.9956    0.9956       456
2026-08-21 16:28:37 - INFO -   weighted avg     0.9956    0.9956    0.9956       456
2026-08-21 16:28:37 - INFO - Confusion matrix - [[tn=236, fp=1], [fn=1, tp=218]]
2026-08-21 16:28:37 - INFO - probability_positive min=0.0005 mean=0.4799 std=0.4971 max=0.9994 predicted_0=237 predicted_1=219
2026-08-21 16:28:37 - INFO - [Classification Report - split=validation epoch=26 - threshold=0.50]
2026-08-21 16:28:37 - INFO -                 precision    recall  f1-score   support
2026-08-21 16:28:37 - INFO - 
2026-08-21 16:28:37 - INFO -       safe (0)     0.8000    0.8451    0.8219        71
2026-08-21 16:28:37 - INFO - vulnerable (1)     0.8571    0.8148    0.8354        81
2026-08-21 16:28:37 - INFO - 
2026-08-21 16:28:37 - INFO -       accuracy                         0.8289       152
2026-08-21 16:28:37 - INFO -      macro avg     0.8286    0.8299    0.8287       152
2026-08-21 16:28:37 - INFO -   weighted avg     0.8305    0.8289    0.8291       152
2026-08-21 16:28:37 - INFO - Confusion matrix - [[tn=60, fp=11], [fn=15, tp=66]]
2026-08-21 16:28:37 - INFO - probability_positive min=0.0003 mean=0.5062 std=0.4940 max=0.9996 predicted_0=75 predicted_1=77
2026-08-21 16:28:48 - INFO - Epoch 27/30 | Train loss: 0.008563 | Val loss: 1.159330 | LR: 2.00e-05 | Best epoch: 23 | Patience: 4 | Train: 9.81s | Validation: 1.05s | Epoch: 10.86s | Total: 299.33s
2026-08-21 16:28:48 - INFO - [Classification Report - split=train epoch=27 - threshold=0.50]
2026-08-21 16:28:48 - INFO -                 precision    recall  f1-score   support
2026-08-21 16:28:48 - INFO - 
2026-08-21 16:28:48 - INFO -       safe (0)     1.0000    0.9916    0.9958       237
2026-08-21 16:28:48 - INFO - vulnerable (1)     0.9910    1.0000    0.9955       219
2026-08-21 16:28:48 - INFO - 
2026-08-21 16:28:48 - INFO -       accuracy                         0.9956       456
2026-08-21 16:28:48 - INFO -      macro avg     0.9955    0.9958    0.9956       456
2026-08-21 16:28:48 - INFO -   weighted avg     0.9957    0.9956    0.9956       456
2026-08-21 16:28:48 - INFO - Confusion matrix - [[tn=235, fp=2], [fn=0, tp=219]]
2026-08-21 16:28:48 - INFO - probability_positive min=0.0005 mean=0.4831 std=0.4971 max=0.9993 predicted_0=235 predicted_1=221
2026-08-21 16:28:48 - INFO - [Classification Report - split=validation epoch=27 - threshold=0.50]
2026-08-21 16:28:48 - INFO -                 precision    recall  f1-score   support
2026-08-21 16:28:48 - INFO - 
2026-08-21 16:28:48 - INFO -       safe (0)     0.7750    0.8732    0.8212        71
2026-08-21 16:28:48 - INFO - vulnerable (1)     0.8750    0.7778    0.8235        81
2026-08-21 16:28:48 - INFO - 
2026-08-21 16:28:48 - INFO -       accuracy                         0.8224       152
2026-08-21 16:28:48 - INFO -      macro avg     0.8250    0.8255    0.8224       152
2026-08-21 16:28:48 - INFO -   weighted avg     0.8283    0.8224    0.8224       152
2026-08-21 16:28:48 - INFO - Confusion matrix - [[tn=62, fp=9], [fn=18, tp=63]]
2026-08-21 16:28:48 - INFO - probability_positive min=0.0003 mean=0.4687 std=0.4900 max=0.9996 predicted_0=80 predicted_1=72
2026-08-21 16:28:59 - INFO - Epoch 28/30 | Train loss: 0.005680 | Val loss: 1.132268 | LR: 2.00e-05 | Best epoch: 23 | Patience: 5 | Train: 9.81s | Validation: 1.05s | Epoch: 10.87s | Total: 310.21s
2026-08-21 16:28:59 - INFO - [Classification Report - split=train epoch=28 - threshold=0.50]
2026-08-21 16:28:59 - INFO -                 precision    recall  f1-score   support
2026-08-21 16:28:59 - INFO - 
2026-08-21 16:28:59 - INFO -       safe (0)     1.0000    0.9958    0.9979       237
2026-08-21 16:28:59 - INFO - vulnerable (1)     0.9955    1.0000    0.9977       219
2026-08-21 16:28:59 - INFO - 
2026-08-21 16:28:59 - INFO -       accuracy                         0.9978       456
2026-08-21 16:28:59 - INFO -      macro avg     0.9977    0.9979    0.9978       456
2026-08-21 16:28:59 - INFO -   weighted avg     0.9978    0.9978    0.9978       456
2026-08-21 16:28:59 - INFO - Confusion matrix - [[tn=236, fp=1], [fn=0, tp=219]]
2026-08-21 16:28:59 - INFO - probability_positive min=0.0005 mean=0.4803 std=0.4960 max=0.9994 predicted_0=236 predicted_1=220
2026-08-21 16:28:59 - INFO - [Classification Report - split=validation epoch=28 - threshold=0.50]
2026-08-21 16:28:59 - INFO -                 precision    recall  f1-score   support
2026-08-21 16:28:59 - INFO - 
2026-08-21 16:28:59 - INFO -       safe (0)     0.8026    0.8592    0.8299        71
2026-08-21 16:28:59 - INFO - vulnerable (1)     0.8684    0.8148    0.8408        81
2026-08-21 16:28:59 - INFO - 
2026-08-21 16:28:59 - INFO -       accuracy                         0.8355       152
2026-08-21 16:28:59 - INFO -      macro avg     0.8355    0.8370    0.8353       152
2026-08-21 16:28:59 - INFO -   weighted avg     0.8377    0.8355    0.8357       152
2026-08-21 16:28:59 - INFO - Confusion matrix - [[tn=61, fp=10], [fn=15, tp=66]]
2026-08-21 16:28:59 - INFO - probability_positive min=0.0003 mean=0.4923 std=0.4930 max=0.9996 predicted_0=76 predicted_1=76
2026-08-21 16:28:59 - INFO - Early stopping | Epoch: 28 | Best epoch: 23
2026-08-21 16:28:59 - INFO - Best checkpoint saved | Path: model/t5base_s12_codet5m/baseline/seed_12/fold5/best.pt | Epoch: 23 | Val macro_f1: 0.848363
2026-08-21 16:28:59 - INFO - Training finished | Elapsed: 310.22s
2026-08-21 16:28:59 - INFO - Run finished | Phase: baseline_train | Fold: 5 | Seed: 12 | Elapsed: 312.76s
