2026-08-22 10:15:00 - INFO - Using device: cuda
2026-08-22 10:15:00 - INFO - Run started | Run: emb1_emb | Method: transfer_latent_bottleneck | Phase: phase1 | Fold: 1 | Seed: 42 | Device: cuda
2026-08-22 10:15:00 - INFO - Loading Phase-1 source data: data/train_ccpp_js.jsonl
2026-08-22 10:15:00 - INFO - Detected Phase-1 languages: ['ccpp', 'js']
2026-08-22 10:15:00 - INFO - Auxiliary CWE vocabulary: fixed four-way {'CWE-022': 0, 'CWE-078': 1, 'CWE-079': 2, 'CWE-089': 3}
2026-08-22 10:15:00 - INFO - Source split | Language: ccpp | Conservative pairs: 73 | Singletons: 0 | Stratified: True | Ratio: 90/10 | Seed: 42
2026-08-22 10:15:00 - INFO - Source split | Language: js | Conservative pairs: 565 | Singletons: 8 | Stratified: True | Ratio: 90/10 | Seed: 43
2026-08-22 10:15:00 - INFO - Combined source split | Languages: ['ccpp', 'js'] | Train: 1152 | Validation: 132
2026-08-22 10:15:00 - WARNING - No upstream pair/repo/commit IDs: adjacent groups are protected, but distant near-duplicate families may still cross source train/validation
2026-08-22 10:15:00 - INFO - Data split: source_train | Total: 1152 | Labels: {0: 577, 1: 575} | CWEs: {'CWE-022': 118, 'CWE-078': 168, 'CWE-079': 744, 'CWE-089': 122} | Languages: {'ccpp': 130, 'js': 1022} | Invalid CWE: 0
2026-08-22 10:15:00 - INFO - Data split: source_val | Total: 132 | Labels: {0: 66, 1: 66} | CWEs: {'CWE-022': 14, 'CWE-078': 20, 'CWE-079': 86, 'CWE-089': 12} | Languages: {'ccpp': 16, 'js': 116} | Invalid CWE: 0
2026-08-22 10:15:03 - INFO - Environment: {"components": {"backbone": {"frozen": 0, "total": 109609344, "trainable": 109609344}, "cwe_head": {"frozen": 0, "total": 36, "trainable": 36}, "latent_proj": {"frozen": 0, "total": 6152, "trainable": 6152}, "vul_head": {"frozen": 0, "total": 1538, "trainable": 1538}}, "cuda": "12.8", "fold": 1, "frozen_parameters": 0, "gpu": "NVIDIA GeForce RTX 5070 Ti", "hyperparameters": {"anneal_fun": "sigmoid", "anneal_k": 0.05, "anneal_t0_ratio": 0.05, "anneal_w": 1.0, "aux_mode": "latent_bottleneck", "batch_size": 16, "checkpoint_path": "model/emb1_emb/transfer_latent_bottleneck/seed_42/source/best.pt", "cwe_vocab": "fixed4", "data_path": "data/train_ccpp_js.jsonl", "data_root": "data/sven_python_folds_norm", "epochs": 15, "eval_batch_size": 16, "fold": 1, "freeze_backbone_layers": 0, "freeze_prototypes_steps": 0, "lambda_cwe": 0.2, "latent_temperature": 0.1, "learning_rate": 2e-05, "lora_rank": 0, "lp_epochs": 0, "lp_learning_rate": 0.001, "max_eval_samples": null, "max_grad_norm": 1.0, "max_length": 512, "max_train_samples": null, "method_name": "transfer_latent_bottleneck", "min_epochs": 3, "model_name": "Salesforce/codet5p-110m-embedding", "num_cwes": 4, "num_latent": 8, "num_workers": 0, "output_dir": "results/emb1_emb/transfer_latent_bottleneck", "patience": 5, "phase": "phase1", "phase2_optimizer": "recadam", "pooling": "mean", "pretrain_cof": 5000.0, "recadam_anchor": "source", "result_path": "results/emb1_emb/transfer_latent_bottleneck/seed_42/fold1.json", "run_name": "emb1_emb", "seed": 42, "selection_metric": "macro_f1", "source_checkpoint": null, "source_interpolation": 1.0, "strict_determinism": false, "target_lang": "python", "test_path": null, "train_path": null, "truncation_strategy": "head_middle_tail", "val_path": null, "weight_decay": 0.01}, "mode": "phase1_train", "model_name": "Salesforce/codet5p-110m-embedding", "seed": 42, "sklearn": "1.9.0", "torch": "2.11.0+cu128", "trainable_parameters": 109617070, "transformers": "4.57.1"}
2026-08-22 10:15:03 - INFO - Training started | Phase: phase1 | Epochs: 15
2026-08-22 10:15:26 - INFO - Epoch 1/15 | Train loss: 0.946203 | Val loss: 0.909354 | LR: 2.00e-05 | Best epoch: 1 | Patience: 0 | Train: 22.11s | Validation: 0.87s | Epoch: 23.21s | Total: 23.21s
2026-08-22 10:15:26 - INFO - Phase-1 losses | Vulnerability: 0.705158 | CWE: 1.205222 | Total: 0.946203
2026-08-22 10:15:26 - INFO - Latent structure | Slots used: 2/8 | Largest slot: 0.993 | NMI vs CWE: 0.0054 | NMI vs binary: 0.0000
2026-08-22 10:15:26 - INFO - [Classification Report - split=train epoch=1 - threshold=0.50]
2026-08-22 10:15:26 - INFO -                 precision    recall  f1-score   support
2026-08-22 10:15:26 - INFO - 
2026-08-22 10:15:26 - INFO -       safe (0)     0.4495    0.4783    0.4635       577
2026-08-22 10:15:26 - INFO - vulnerable (1)     0.4405    0.4122    0.4259       575
2026-08-22 10:15:26 - INFO - 
2026-08-22 10:15:26 - INFO -       accuracy                         0.4453      1152
2026-08-22 10:15:26 - INFO -      macro avg     0.4450    0.4453    0.4447      1152
2026-08-22 10:15:26 - INFO -   weighted avg     0.4450    0.4453    0.4447      1152
2026-08-22 10:15:26 - INFO - Confusion matrix - [[tn=276, fp=301], [fn=338, tp=237]]
2026-08-22 10:15:26 - INFO - probability_positive min=0.3872 mean=0.4956 std=0.0396 max=0.6120 predicted_0=614 predicted_1=538
2026-08-22 10:15:26 - INFO - [Classification Report - split=validation epoch=1 - threshold=0.50]
2026-08-22 10:15:26 - INFO -                 precision    recall  f1-score   support
2026-08-22 10:15:26 - INFO - 
2026-08-22 10:15:26 - INFO -       safe (0)     0.5833    0.2121    0.3111        66
2026-08-22 10:15:26 - INFO - vulnerable (1)     0.5185    0.8485    0.6437        66
2026-08-22 10:15:26 - INFO - 
2026-08-22 10:15:26 - INFO -       accuracy                         0.5303       132
2026-08-22 10:15:26 - INFO -      macro avg     0.5509    0.5303    0.4774       132
2026-08-22 10:15:26 - INFO -   weighted avg     0.5509    0.5303    0.4774       132
2026-08-22 10:15:26 - INFO - Confusion matrix - [[tn=14, fp=52], [fn=10, tp=56]]
2026-08-22 10:15:26 - INFO - probability_positive min=0.4686 mean=0.5183 std=0.0222 max=0.5734 predicted_0=24 predicted_1=108
2026-08-22 10:15:26 - INFO - New best model | Macro-F1: 0.477395 | Epoch: 1
2026-08-22 10:15:49 - INFO - Epoch 2/15 | Train loss: 0.907682 | Val loss: 0.884180 | LR: 2.00e-05 | Best epoch: 1 | Patience: 0 | Train: 21.81s | Validation: 0.87s | Epoch: 22.69s | Total: 45.90s
2026-08-22 10:15:49 - INFO - Phase-1 losses | Vulnerability: 0.698134 | CWE: 1.047739 | Total: 0.907682
2026-08-22 10:15:49 - INFO - Latent structure | Slots used: 1/8 | Largest slot: 1.000 | NMI vs CWE: 0.0000 | NMI vs binary: 0.0000
2026-08-22 10:15:49 - INFO - [Classification Report - split=train epoch=2 - threshold=0.50]
2026-08-22 10:15:49 - INFO -                 precision    recall  f1-score   support
2026-08-22 10:15:49 - INFO - 
2026-08-22 10:15:49 - INFO -       safe (0)     0.5103    0.5563    0.5323       577
2026-08-22 10:15:49 - INFO - vulnerable (1)     0.5105    0.4643    0.4863       575
2026-08-22 10:15:49 - INFO - 
2026-08-22 10:15:49 - INFO -       accuracy                         0.5104      1152
2026-08-22 10:15:49 - INFO -      macro avg     0.5104    0.5103    0.5093      1152
2026-08-22 10:15:49 - INFO -   weighted avg     0.5104    0.5104    0.5094      1152
2026-08-22 10:15:49 - INFO - Confusion matrix - [[tn=321, fp=256], [fn=308, tp=267]]
2026-08-22 10:15:49 - INFO - probability_positive min=0.2746 mean=0.4789 std=0.0813 max=0.6738 predicted_0=629 predicted_1=523
2026-08-22 10:15:49 - INFO - [Classification Report - split=validation epoch=2 - threshold=0.50]
2026-08-22 10:15:49 - INFO -                 precision    recall  f1-score   support
2026-08-22 10:15:49 - INFO - 
2026-08-22 10:15:49 - INFO -       safe (0)     0.6667    0.0303    0.0580        66
2026-08-22 10:15:49 - INFO - vulnerable (1)     0.5039    0.9848    0.6667        66
2026-08-22 10:15:49 - INFO - 
2026-08-22 10:15:49 - INFO -       accuracy                         0.5076       132
2026-08-22 10:15:49 - INFO -      macro avg     0.5853    0.5076    0.3623       132
2026-08-22 10:15:49 - INFO -   weighted avg     0.5853    0.5076    0.3623       132
2026-08-22 10:15:49 - INFO - Confusion matrix - [[tn=2, fp=64], [fn=1, tp=65]]
2026-08-22 10:15:49 - INFO - probability_positive min=0.4946 mean=0.5352 std=0.0175 max=0.5876 predicted_0=3 predicted_1=129
2026-08-22 10:16:11 - INFO - Epoch 3/15 | Train loss: 0.871386 | Val loss: 0.829972 | LR: 2.00e-05 | Best epoch: 3 | Patience: 0 | Train: 21.81s | Validation: 0.87s | Epoch: 22.92s | Total: 68.83s
2026-08-22 10:16:11 - INFO - Phase-1 losses | Vulnerability: 0.696101 | CWE: 0.876427 | Total: 0.871386
2026-08-22 10:16:11 - INFO - Latent structure | Slots used: 2/8 | Largest slot: 0.938 | NMI vs CWE: 0.1163 | NMI vs binary: 0.0035
2026-08-22 10:16:11 - INFO - [Classification Report - split=train epoch=3 - threshold=0.50]
2026-08-22 10:16:11 - INFO -                 precision    recall  f1-score   support
2026-08-22 10:16:11 - INFO - 
2026-08-22 10:16:11 - INFO -       safe (0)     0.5244    0.4471    0.4827       577
2026-08-22 10:16:11 - INFO - vulnerable (1)     0.5167    0.5930    0.5522       575
2026-08-22 10:16:11 - INFO - 
2026-08-22 10:16:11 - INFO -       accuracy                         0.5200      1152
2026-08-22 10:16:11 - INFO -      macro avg     0.5205    0.5201    0.5175      1152
2026-08-22 10:16:11 - INFO -   weighted avg     0.5205    0.5200    0.5174      1152
2026-08-22 10:16:11 - INFO - Confusion matrix - [[tn=258, fp=319], [fn=234, tp=341]]
2026-08-22 10:16:11 - INFO - probability_positive min=0.3589 mean=0.5157 std=0.0582 max=0.6728 predicted_0=492 predicted_1=660
2026-08-22 10:16:11 - INFO - [Classification Report - split=validation epoch=3 - threshold=0.50]
2026-08-22 10:16:11 - INFO -                 precision    recall  f1-score   support
2026-08-22 10:16:11 - INFO - 
2026-08-22 10:16:11 - INFO -       safe (0)     0.5294    0.5455    0.5373        66
2026-08-22 10:16:11 - INFO - vulnerable (1)     0.5312    0.5152    0.5231        66
2026-08-22 10:16:11 - INFO - 
2026-08-22 10:16:11 - INFO -       accuracy                         0.5303       132
2026-08-22 10:16:11 - INFO -      macro avg     0.5303    0.5303    0.5302       132
2026-08-22 10:16:11 - INFO -   weighted avg     0.5303    0.5303    0.5302       132
2026-08-22 10:16:11 - INFO - Confusion matrix - [[tn=36, fp=30], [fn=32, tp=34]]
2026-08-22 10:16:11 - INFO - probability_positive min=0.3739 mean=0.4879 std=0.0464 max=0.6071 predicted_0=68 predicted_1=64
2026-08-22 10:16:11 - INFO - New best model | Macro-F1: 0.530195 | Epoch: 3
2026-08-22 10:16:34 - INFO - Epoch 4/15 | Train loss: 0.824069 | Val loss: 0.803768 | LR: 2.00e-05 | Best epoch: 3 | Patience: 1 | Train: 21.82s | Validation: 0.88s | Epoch: 22.69s | Total: 91.53s
2026-08-22 10:16:34 - INFO - Phase-1 losses | Vulnerability: 0.690225 | CWE: 0.669221 | Total: 0.824069
2026-08-22 10:16:34 - INFO - Latent structure | Slots used: 2/8 | Largest slot: 0.781 | NMI vs CWE: 0.4675 | NMI vs binary: 0.0003
2026-08-22 10:16:34 - INFO - [Classification Report - split=train epoch=4 - threshold=0.50]
2026-08-22 10:16:34 - INFO -                 precision    recall  f1-score   support
2026-08-22 10:16:34 - INFO - 
2026-08-22 10:16:34 - INFO -       safe (0)     0.5446    0.5078    0.5256       577
2026-08-22 10:16:34 - INFO - vulnerable (1)     0.5375    0.5739    0.5551       575
2026-08-22 10:16:34 - INFO - 
2026-08-22 10:16:34 - INFO -       accuracy                         0.5408      1152
2026-08-22 10:16:34 - INFO -      macro avg     0.5410    0.5409    0.5403      1152
2026-08-22 10:16:34 - INFO -   weighted avg     0.5410    0.5408    0.5403      1152
2026-08-22 10:16:34 - INFO - Confusion matrix - [[tn=293, fp=284], [fn=245, tp=330]]
2026-08-22 10:16:34 - INFO - probability_positive min=0.2691 mean=0.5022 std=0.0868 max=0.7149 predicted_0=538 predicted_1=614
2026-08-22 10:16:34 - INFO - [Classification Report - split=validation epoch=4 - threshold=0.50]
2026-08-22 10:16:34 - INFO -                 precision    recall  f1-score   support
2026-08-22 10:16:34 - INFO - 
2026-08-22 10:16:34 - INFO -       safe (0)     0.5714    0.3636    0.4444        66
2026-08-22 10:16:34 - INFO - vulnerable (1)     0.5333    0.7273    0.6154        66
2026-08-22 10:16:34 - INFO - 
2026-08-22 10:16:34 - INFO -       accuracy                         0.5455       132
2026-08-22 10:16:34 - INFO -      macro avg     0.5524    0.5455    0.5299       132
2026-08-22 10:16:34 - INFO -   weighted avg     0.5524    0.5455    0.5299       132
2026-08-22 10:16:34 - INFO - Confusion matrix - [[tn=24, fp=42], [fn=18, tp=48]]
2026-08-22 10:16:34 - INFO - probability_positive min=0.2617 mean=0.5116 std=0.0663 max=0.7202 predicted_0=42 predicted_1=90
2026-08-22 10:16:57 - INFO - Epoch 5/15 | Train loss: 0.792129 | Val loss: 0.800433 | LR: 2.00e-05 | Best epoch: 3 | Patience: 2 | Train: 21.81s | Validation: 0.87s | Epoch: 22.69s | Total: 114.22s
2026-08-22 10:16:57 - INFO - Phase-1 losses | Vulnerability: 0.681558 | CWE: 0.552854 | Total: 0.792129
2026-08-22 10:16:57 - INFO - Latent structure | Slots used: 4/8 | Largest slot: 0.756 | NMI vs CWE: 0.5653 | NMI vs binary: 0.0037
2026-08-22 10:16:57 - INFO - [Classification Report - split=train epoch=5 - threshold=0.50]
2026-08-22 10:16:57 - INFO -                 precision    recall  f1-score   support
2026-08-22 10:16:57 - INFO - 
2026-08-22 10:16:57 - INFO -       safe (0)     0.5626    0.5373    0.5496       577
2026-08-22 10:16:57 - INFO - vulnerable (1)     0.5557    0.5809    0.5680       575
2026-08-22 10:16:57 - INFO - 
2026-08-22 10:16:57 - INFO -       accuracy                         0.5590      1152
2026-08-22 10:16:57 - INFO -      macro avg     0.5592    0.5591    0.5588      1152
2026-08-22 10:16:57 - INFO -   weighted avg     0.5592    0.5590    0.5588      1152
2026-08-22 10:16:57 - INFO - Confusion matrix - [[tn=310, fp=267], [fn=241, tp=334]]
2026-08-22 10:16:57 - INFO - probability_positive min=0.0904 mean=0.4912 std=0.1051 max=0.8160 predicted_0=551 predicted_1=601
2026-08-22 10:16:57 - INFO - [Classification Report - split=validation epoch=5 - threshold=0.50]
2026-08-22 10:16:57 - INFO -                 precision    recall  f1-score   support
2026-08-22 10:16:57 - INFO - 
2026-08-22 10:16:57 - INFO -       safe (0)     0.5333    0.8485    0.6550        66
2026-08-22 10:16:57 - INFO - vulnerable (1)     0.6296    0.2576    0.3656        66
2026-08-22 10:16:57 - INFO - 
2026-08-22 10:16:57 - INFO -       accuracy                         0.5530       132
2026-08-22 10:16:57 - INFO -      macro avg     0.5815    0.5530    0.5103       132
2026-08-22 10:16:57 - INFO -   weighted avg     0.5815    0.5530    0.5103       132
2026-08-22 10:16:57 - INFO - Confusion matrix - [[tn=56, fp=10], [fn=49, tp=17]]
2026-08-22 10:16:57 - INFO - probability_positive min=0.1241 mean=0.4368 std=0.1084 max=0.7934 predicted_0=105 predicted_1=27
2026-08-22 10:17:20 - INFO - Epoch 6/15 | Train loss: 0.756583 | Val loss: 0.786504 | LR: 2.00e-05 | Best epoch: 6 | Patience: 0 | Train: 21.82s | Validation: 0.87s | Epoch: 22.92s | Total: 137.15s
2026-08-22 10:17:20 - INFO - Phase-1 losses | Vulnerability: 0.663880 | CWE: 0.463514 | Total: 0.756583
2026-08-22 10:17:20 - INFO - Latent structure | Slots used: 4/8 | Largest slot: 0.731 | NMI vs CWE: 0.6176 | NMI vs binary: 0.0010
2026-08-22 10:17:20 - INFO - [Classification Report - split=train epoch=6 - threshold=0.50]
2026-08-22 10:17:20 - INFO -                 precision    recall  f1-score   support
2026-08-22 10:17:20 - INFO - 
2026-08-22 10:17:20 - INFO -       safe (0)     0.5622    0.6187    0.5891       577
2026-08-22 10:17:20 - INFO - vulnerable (1)     0.5745    0.5165    0.5440       575
2026-08-22 10:17:20 - INFO - 
2026-08-22 10:17:20 - INFO -       accuracy                         0.5677      1152
2026-08-22 10:17:20 - INFO -      macro avg     0.5683    0.5676    0.5665      1152
2026-08-22 10:17:20 - INFO -   weighted avg     0.5683    0.5677    0.5666      1152
2026-08-22 10:17:20 - INFO - Confusion matrix - [[tn=357, fp=220], [fn=278, tp=297]]
2026-08-22 10:17:20 - INFO - probability_positive min=0.1227 mean=0.4888 std=0.1186 max=0.8524 predicted_0=635 predicted_1=517
2026-08-22 10:17:20 - INFO - [Classification Report - split=validation epoch=6 - threshold=0.50]
2026-08-22 10:17:20 - INFO -                 precision    recall  f1-score   support
2026-08-22 10:17:20 - INFO - 
2026-08-22 10:17:20 - INFO -       safe (0)     0.6034    0.5303    0.5645        66
2026-08-22 10:17:20 - INFO - vulnerable (1)     0.5811    0.6515    0.6143        66
2026-08-22 10:17:20 - INFO - 
2026-08-22 10:17:20 - INFO -       accuracy                         0.5909       132
2026-08-22 10:17:20 - INFO -      macro avg     0.5923    0.5909    0.5894       132
2026-08-22 10:17:20 - INFO -   weighted avg     0.5923    0.5909    0.5894       132
2026-08-22 10:17:20 - INFO - Confusion matrix - [[tn=35, fp=31], [fn=23, tp=43]]
2026-08-22 10:17:20 - INFO - probability_positive min=0.0833 mean=0.4879 std=0.1366 max=0.8549 predicted_0=58 predicted_1=74
2026-08-22 10:17:20 - INFO - New best model | Macro-F1: 0.589401 | Epoch: 6
2026-08-22 10:17:42 - INFO - Epoch 7/15 | Train loss: 0.728610 | Val loss: 0.764615 | LR: 2.00e-05 | Best epoch: 6 | Patience: 1 | Train: 21.81s | Validation: 0.87s | Epoch: 22.69s | Total: 159.85s
2026-08-22 10:17:42 - INFO - Phase-1 losses | Vulnerability: 0.653487 | CWE: 0.375616 | Total: 0.728610
2026-08-22 10:17:42 - INFO - Latent structure | Slots used: 4/8 | Largest slot: 0.694 | NMI vs CWE: 0.7552 | NMI vs binary: 0.0007
2026-08-22 10:17:42 - INFO - [Classification Report - split=train epoch=7 - threshold=0.50]
2026-08-22 10:17:42 - INFO -                 precision    recall  f1-score   support
2026-08-22 10:17:42 - INFO - 
2026-08-22 10:17:42 - INFO -       safe (0)     0.6138    0.5563    0.5836       577
2026-08-22 10:17:42 - INFO - vulnerable (1)     0.5930    0.6487    0.6196       575
2026-08-22 10:17:42 - INFO - 
2026-08-22 10:17:42 - INFO -       accuracy                         0.6024      1152
2026-08-22 10:17:42 - INFO -      macro avg     0.6034    0.6025    0.6016      1152
2026-08-22 10:17:42 - INFO -   weighted avg     0.6034    0.6024    0.6016      1152
2026-08-22 10:17:42 - INFO - Confusion matrix - [[tn=321, fp=256], [fn=202, tp=373]]
2026-08-22 10:17:42 - INFO - probability_positive min=0.0715 mean=0.5033 std=0.1530 max=0.9352 predicted_0=523 predicted_1=629
2026-08-22 10:17:43 - INFO - [Classification Report - split=validation epoch=7 - threshold=0.50]
2026-08-22 10:17:43 - INFO -                 precision    recall  f1-score   support
2026-08-22 10:17:43 - INFO - 
2026-08-22 10:17:43 - INFO -       safe (0)     0.8235    0.2121    0.3373        66
2026-08-22 10:17:43 - INFO - vulnerable (1)     0.5478    0.9545    0.6961        66
2026-08-22 10:17:43 - INFO - 
2026-08-22 10:17:43 - INFO -       accuracy                         0.5833       132
2026-08-22 10:17:43 - INFO -      macro avg     0.6857    0.5833    0.5167       132
2026-08-22 10:17:43 - INFO -   weighted avg     0.6857    0.5833    0.5167       132
2026-08-22 10:17:43 - INFO - Confusion matrix - [[tn=14, fp=52], [fn=3, tp=63]]
2026-08-22 10:17:43 - INFO - probability_positive min=0.1129 mean=0.6192 std=0.1394 max=0.9443 predicted_0=17 predicted_1=115
2026-08-22 10:18:05 - INFO - Epoch 8/15 | Train loss: 0.685079 | Val loss: 0.723973 | LR: 2.00e-05 | Best epoch: 6 | Patience: 2 | Train: 21.81s | Validation: 0.87s | Epoch: 22.69s | Total: 182.54s
2026-08-22 10:18:05 - INFO - Phase-1 losses | Vulnerability: 0.623926 | CWE: 0.305768 | Total: 0.685079
2026-08-22 10:18:05 - INFO - Latent structure | Slots used: 4/8 | Largest slot: 0.662 | NMI vs CWE: 0.8161 | NMI vs binary: 0.0015
2026-08-22 10:18:05 - INFO - [Classification Report - split=train epoch=8 - threshold=0.50]
2026-08-22 10:18:05 - INFO -                 precision    recall  f1-score   support
2026-08-22 10:18:05 - INFO - 
2026-08-22 10:18:05 - INFO -       safe (0)     0.6404    0.5217    0.5750       577
2026-08-22 10:18:05 - INFO - vulnerable (1)     0.5953    0.7061    0.6460       575
2026-08-22 10:18:05 - INFO - 
2026-08-22 10:18:05 - INFO -       accuracy                         0.6137      1152
2026-08-22 10:18:05 - INFO -      macro avg     0.6179    0.6139    0.6105      1152
2026-08-22 10:18:05 - INFO -   weighted avg     0.6179    0.6137    0.6104      1152
2026-08-22 10:18:05 - INFO - Confusion matrix - [[tn=301, fp=276], [fn=169, tp=406]]
2026-08-22 10:18:05 - INFO - probability_positive min=0.0371 mean=0.5129 std=0.1668 max=0.9445 predicted_0=470 predicted_1=682
2026-08-22 10:18:05 - INFO - [Classification Report - split=validation epoch=8 - threshold=0.50]
2026-08-22 10:18:05 - INFO -                 precision    recall  f1-score   support
2026-08-22 10:18:05 - INFO - 
2026-08-22 10:18:05 - INFO -       safe (0)     0.5688    0.9394    0.7086        66
2026-08-22 10:18:05 - INFO - vulnerable (1)     0.8261    0.2879    0.4270        66
2026-08-22 10:18:05 - INFO - 
2026-08-22 10:18:05 - INFO -       accuracy                         0.6136       132
2026-08-22 10:18:05 - INFO -      macro avg     0.6974    0.6136    0.5678       132
2026-08-22 10:18:05 - INFO -   weighted avg     0.6974    0.6136    0.5678       132
2026-08-22 10:18:05 - INFO - Confusion matrix - [[tn=62, fp=4], [fn=47, tp=19]]
2026-08-22 10:18:05 - INFO - probability_positive min=0.0305 mean=0.3990 std=0.1473 max=0.9513 predicted_0=109 predicted_1=23
2026-08-22 10:18:28 - INFO - Epoch 9/15 | Train loss: 0.650965 | Val loss: 0.731036 | LR: 2.00e-05 | Best epoch: 6 | Patience: 3 | Train: 21.82s | Validation: 0.87s | Epoch: 22.69s | Total: 205.24s
2026-08-22 10:18:28 - INFO - Phase-1 losses | Vulnerability: 0.598429 | CWE: 0.262681 | Total: 0.650965
2026-08-22 10:18:28 - INFO - Latent structure | Slots used: 4/8 | Largest slot: 0.660 | NMI vs CWE: 0.8621 | NMI vs binary: 0.0004
2026-08-22 10:18:28 - INFO - [Classification Report - split=train epoch=9 - threshold=0.50]
2026-08-22 10:18:28 - INFO -                 precision    recall  f1-score   support
2026-08-22 10:18:28 - INFO - 
2026-08-22 10:18:28 - INFO -       safe (0)     0.6355    0.5893    0.6115       577
2026-08-22 10:18:28 - INFO - vulnerable (1)     0.6159    0.6609    0.6376       575
2026-08-22 10:18:28 - INFO - 
2026-08-22 10:18:28 - INFO -       accuracy                         0.6250      1152
2026-08-22 10:18:28 - INFO -      macro avg     0.6257    0.6251    0.6245      1152
2026-08-22 10:18:28 - INFO -   weighted avg     0.6257    0.6250    0.6245      1152
2026-08-22 10:18:28 - INFO - Confusion matrix - [[tn=340, fp=237], [fn=195, tp=380]]
2026-08-22 10:18:28 - INFO - probability_positive min=0.0207 mean=0.4973 std=0.2044 max=0.9678 predicted_0=535 predicted_1=617
2026-08-22 10:18:28 - INFO - [Classification Report - split=validation epoch=9 - threshold=0.50]
2026-08-22 10:18:28 - INFO -                 precision    recall  f1-score   support
2026-08-22 10:18:28 - INFO - 
2026-08-22 10:18:28 - INFO -       safe (0)     0.6667    0.3636    0.4706        66
2026-08-22 10:18:28 - INFO - vulnerable (1)     0.5625    0.8182    0.6667        66
2026-08-22 10:18:28 - INFO - 
2026-08-22 10:18:28 - INFO -       accuracy                         0.5909       132
2026-08-22 10:18:28 - INFO -      macro avg     0.6146    0.5909    0.5686       132
2026-08-22 10:18:28 - INFO -   weighted avg     0.6146    0.5909    0.5686       132
2026-08-22 10:18:28 - INFO - Confusion matrix - [[tn=24, fp=42], [fn=12, tp=54]]
2026-08-22 10:18:28 - INFO - probability_positive min=0.0341 mean=0.5851 std=0.2016 max=0.9839 predicted_0=36 predicted_1=96
2026-08-22 10:18:51 - INFO - Epoch 10/15 | Train loss: 0.627440 | Val loss: 0.706578 | LR: 2.00e-05 | Best epoch: 10 | Patience: 0 | Train: 21.82s | Validation: 0.88s | Epoch: 22.93s | Total: 228.18s
2026-08-22 10:18:51 - INFO - Phase-1 losses | Vulnerability: 0.577954 | CWE: 0.247430 | Total: 0.627440
2026-08-22 10:18:51 - INFO - Latent structure | Slots used: 4/8 | Largest slot: 0.644 | NMI vs CWE: 0.8790 | NMI vs binary: 0.0011
2026-08-22 10:18:51 - INFO - [Classification Report - split=train epoch=10 - threshold=0.50]
2026-08-22 10:18:51 - INFO -                 precision    recall  f1-score   support
2026-08-22 10:18:51 - INFO - 
2026-08-22 10:18:51 - INFO -       safe (0)     0.6370    0.6447    0.6408       577
2026-08-22 10:18:51 - INFO - vulnerable (1)     0.6391    0.6313    0.6352       575
2026-08-22 10:18:51 - INFO - 
2026-08-22 10:18:51 - INFO -       accuracy                         0.6380      1152
2026-08-22 10:18:51 - INFO -      macro avg     0.6380    0.6380    0.6380      1152
2026-08-22 10:18:51 - INFO -   weighted avg     0.6380    0.6380    0.6380      1152
2026-08-22 10:18:51 - INFO - Confusion matrix - [[tn=372, fp=205], [fn=212, tp=363]]
2026-08-22 10:18:51 - INFO - probability_positive min=0.0142 mean=0.4947 std=0.2331 max=0.9867 predicted_0=584 predicted_1=568
2026-08-22 10:18:51 - INFO - [Classification Report - split=validation epoch=10 - threshold=0.50]
2026-08-22 10:18:51 - INFO -                 precision    recall  f1-score   support
2026-08-22 10:18:51 - INFO - 
2026-08-22 10:18:51 - INFO -       safe (0)     0.6327    0.4697    0.5391        66
2026-08-22 10:18:51 - INFO - vulnerable (1)     0.5783    0.7273    0.6443        66
2026-08-22 10:18:51 - INFO - 
2026-08-22 10:18:51 - INFO -       accuracy                         0.5985       132
2026-08-22 10:18:51 - INFO -      macro avg     0.6055    0.5985    0.5917       132
2026-08-22 10:18:51 - INFO -   weighted avg     0.6055    0.5985    0.5917       132
2026-08-22 10:18:51 - INFO - Confusion matrix - [[tn=31, fp=35], [fn=18, tp=48]]
2026-08-22 10:18:51 - INFO - probability_positive min=0.0106 mean=0.5204 std=0.2407 max=0.9870 predicted_0=49 predicted_1=83
2026-08-22 10:18:51 - INFO - New best model | Macro-F1: 0.591713 | Epoch: 10
2026-08-22 10:19:14 - INFO - Epoch 11/15 | Train loss: 0.567894 | Val loss: 0.699695 | LR: 2.00e-05 | Best epoch: 11 | Patience: 0 | Train: 21.83s | Validation: 0.87s | Epoch: 22.93s | Total: 251.12s
2026-08-22 10:19:14 - INFO - Phase-1 losses | Vulnerability: 0.525263 | CWE: 0.213150 | Total: 0.567894
2026-08-22 10:19:14 - INFO - Latent structure | Slots used: 4/8 | Largest slot: 0.650 | NMI vs CWE: 0.9206 | NMI vs binary: 0.0002
2026-08-22 10:19:14 - INFO - [Classification Report - split=train epoch=11 - threshold=0.50]
2026-08-22 10:19:14 - INFO -                 precision    recall  f1-score   support
2026-08-22 10:19:14 - INFO - 
2026-08-22 10:19:14 - INFO -       safe (0)     0.7015    0.6395    0.6691       577
2026-08-22 10:19:14 - INFO - vulnerable (1)     0.6677    0.7270    0.6961       575
2026-08-22 10:19:14 - INFO - 
2026-08-22 10:19:14 - INFO -       accuracy                         0.6832      1152
2026-08-22 10:19:14 - INFO -      macro avg     0.6846    0.6832    0.6826      1152
2026-08-22 10:19:14 - INFO -   weighted avg     0.6847    0.6832    0.6826      1152
2026-08-22 10:19:14 - INFO - Confusion matrix - [[tn=369, fp=208], [fn=157, tp=418]]
2026-08-22 10:19:14 - INFO - probability_positive min=0.0097 mean=0.5071 std=0.2641 max=0.9891 predicted_0=526 predicted_1=626
2026-08-22 10:19:14 - INFO - [Classification Report - split=validation epoch=11 - threshold=0.50]
2026-08-22 10:19:14 - INFO -                 precision    recall  f1-score   support
2026-08-22 10:19:14 - INFO - 
2026-08-22 10:19:14 - INFO -       safe (0)     0.6441    0.5758    0.6080        66
2026-08-22 10:19:14 - INFO - vulnerable (1)     0.6164    0.6818    0.6475        66
2026-08-22 10:19:14 - INFO - 
2026-08-22 10:19:14 - INFO -       accuracy                         0.6288       132
2026-08-22 10:19:14 - INFO -      macro avg     0.6303    0.6288    0.6277       132
2026-08-22 10:19:14 - INFO -   weighted avg     0.6303    0.6288    0.6277       132
2026-08-22 10:19:14 - INFO - Confusion matrix - [[tn=38, fp=28], [fn=21, tp=45]]
2026-08-22 10:19:14 - INFO - probability_positive min=0.0079 mean=0.4877 std=0.2510 max=0.9935 predicted_0=59 predicted_1=73
2026-08-22 10:19:14 - INFO - New best model | Macro-F1: 0.627741 | Epoch: 11
2026-08-22 10:19:37 - INFO - Epoch 12/15 | Train loss: 0.539378 | Val loss: 0.712753 | LR: 2.00e-05 | Best epoch: 12 | Patience: 0 | Train: 21.81s | Validation: 0.87s | Epoch: 22.91s | Total: 274.04s
2026-08-22 10:19:37 - INFO - Phase-1 losses | Vulnerability: 0.501763 | CWE: 0.188071 | Total: 0.539378
2026-08-22 10:19:37 - INFO - Latent structure | Slots used: 4/8 | Largest slot: 0.649 | NMI vs CWE: 0.9528 | NMI vs binary: 0.0001
2026-08-22 10:19:37 - INFO - [Classification Report - split=train epoch=12 - threshold=0.50]
2026-08-22 10:19:37 - INFO -                 precision    recall  f1-score   support
2026-08-22 10:19:37 - INFO - 
2026-08-22 10:19:37 - INFO -       safe (0)     0.6986    0.6707    0.6844       577
2026-08-22 10:19:37 - INFO - vulnerable (1)     0.6823    0.7096    0.6957       575
2026-08-22 10:19:37 - INFO - 
2026-08-22 10:19:37 - INFO -       accuracy                         0.6901      1152
2026-08-22 10:19:37 - INFO -      macro avg     0.6904    0.6901    0.6900      1152
2026-08-22 10:19:37 - INFO -   weighted avg     0.6904    0.6901    0.6900      1152
2026-08-22 10:19:37 - INFO - Confusion matrix - [[tn=387, fp=190], [fn=167, tp=408]]
2026-08-22 10:19:37 - INFO - probability_positive min=0.0077 mean=0.5068 std=0.2784 max=0.9930 predicted_0=554 predicted_1=598
2026-08-22 10:19:37 - INFO - [Classification Report - split=validation epoch=12 - threshold=0.50]
2026-08-22 10:19:37 - INFO -                 precision    recall  f1-score   support
2026-08-22 10:19:37 - INFO - 
2026-08-22 10:19:37 - INFO -       safe (0)     0.6515    0.6515    0.6515        66
2026-08-22 10:19:37 - INFO - vulnerable (1)     0.6515    0.6515    0.6515        66
2026-08-22 10:19:37 - INFO - 
2026-08-22 10:19:37 - INFO -       accuracy                         0.6515       132
2026-08-22 10:19:37 - INFO -      macro avg     0.6515    0.6515    0.6515       132
2026-08-22 10:19:37 - INFO -   weighted avg     0.6515    0.6515    0.6515       132
2026-08-22 10:19:37 - INFO - Confusion matrix - [[tn=43, fp=23], [fn=23, tp=43]]
2026-08-22 10:19:37 - INFO - probability_positive min=0.0069 mean=0.4948 std=0.2863 max=0.9966 predicted_0=66 predicted_1=66
2026-08-22 10:19:37 - INFO - New best model | Macro-F1: 0.651515 | Epoch: 12
2026-08-22 10:19:59 - INFO - Epoch 13/15 | Train loss: 0.510780 | Val loss: 0.748756 | LR: 2.00e-05 | Best epoch: 12 | Patience: 1 | Train: 21.81s | Validation: 0.87s | Epoch: 22.68s | Total: 296.73s
2026-08-22 10:19:59 - INFO - Phase-1 losses | Vulnerability: 0.474261 | CWE: 0.182596 | Total: 0.510780
2026-08-22 10:19:59 - INFO - Latent structure | Slots used: 4/8 | Largest slot: 0.650 | NMI vs CWE: 0.9224 | NMI vs binary: 0.0005
2026-08-22 10:19:59 - INFO - [Classification Report - split=train epoch=13 - threshold=0.50]
2026-08-22 10:19:59 - INFO -                 precision    recall  f1-score   support
2026-08-22 10:19:59 - INFO - 
2026-08-22 10:19:59 - INFO -       safe (0)     0.6893    0.7383    0.7130       577
2026-08-22 10:19:59 - INFO - vulnerable (1)     0.7172    0.6661    0.6907       575
2026-08-22 10:19:59 - INFO - 
2026-08-22 10:19:59 - INFO -       accuracy                         0.7023      1152
2026-08-22 10:19:59 - INFO -      macro avg     0.7033    0.7022    0.7018      1152
2026-08-22 10:19:59 - INFO -   weighted avg     0.7033    0.7023    0.7019      1152
2026-08-22 10:19:59 - INFO - Confusion matrix - [[tn=426, fp=151], [fn=192, tp=383]]
2026-08-22 10:19:59 - INFO - probability_positive min=0.0047 mean=0.4979 std=0.2983 max=0.9968 predicted_0=618 predicted_1=534
2026-08-22 10:19:59 - INFO - [Classification Report - split=validation epoch=13 - threshold=0.50]
2026-08-22 10:19:59 - INFO -                 precision    recall  f1-score   support
2026-08-22 10:19:59 - INFO - 
2026-08-22 10:19:59 - INFO -       safe (0)     0.6441    0.5758    0.6080        66
2026-08-22 10:19:59 - INFO - vulnerable (1)     0.6164    0.6818    0.6475        66
2026-08-22 10:19:59 - INFO - 
2026-08-22 10:19:59 - INFO -       accuracy                         0.6288       132
2026-08-22 10:19:59 - INFO -      macro avg     0.6303    0.6288    0.6277       132
2026-08-22 10:19:59 - INFO -   weighted avg     0.6303    0.6288    0.6277       132
2026-08-22 10:19:59 - INFO - Confusion matrix - [[tn=38, fp=28], [fn=21, tp=45]]
2026-08-22 10:19:59 - INFO - probability_positive min=0.0036 mean=0.4850 std=0.2958 max=0.9956 predicted_0=59 predicted_1=73
2026-08-22 10:20:22 - INFO - Epoch 14/15 | Train loss: 0.485748 | Val loss: 0.834503 | LR: 2.00e-05 | Best epoch: 14 | Patience: 0 | Train: 21.80s | Validation: 0.87s | Epoch: 22.91s | Total: 319.64s
2026-08-22 10:20:22 - INFO - Phase-1 losses | Vulnerability: 0.451430 | CWE: 0.171590 | Total: 0.485748
2026-08-22 10:20:22 - INFO - Latent structure | Slots used: 4/8 | Largest slot: 0.652 | NMI vs CWE: 0.9260 | NMI vs binary: 0.0000
2026-08-22 10:20:22 - INFO - [Classification Report - split=train epoch=14 - threshold=0.50]
2026-08-22 10:20:22 - INFO -                 precision    recall  f1-score   support
2026-08-22 10:20:22 - INFO - 
2026-08-22 10:20:22 - INFO -       safe (0)     0.7336    0.6967    0.7147       577
2026-08-22 10:20:22 - INFO - vulnerable (1)     0.7103    0.7461    0.7277       575
2026-08-22 10:20:22 - INFO - 
2026-08-22 10:20:22 - INFO -       accuracy                         0.7214      1152
2026-08-22 10:20:22 - INFO -      macro avg     0.7219    0.7214    0.7212      1152
2026-08-22 10:20:22 - INFO -   weighted avg     0.7219    0.7214    0.7212      1152
2026-08-22 10:20:22 - INFO - Confusion matrix - [[tn=402, fp=175], [fn=146, tp=429]]
2026-08-22 10:20:22 - INFO - probability_positive min=0.0035 mean=0.5057 std=0.3152 max=0.9970 predicted_0=548 predicted_1=604
2026-08-22 10:20:22 - INFO - [Classification Report - split=validation epoch=14 - threshold=0.50]
2026-08-22 10:20:22 - INFO -                 precision    recall  f1-score   support
2026-08-22 10:20:22 - INFO - 
2026-08-22 10:20:22 - INFO -       safe (0)     0.6721    0.6212    0.6457        66
2026-08-22 10:20:22 - INFO - vulnerable (1)     0.6479    0.6970    0.6715        66
2026-08-22 10:20:22 - INFO - 
2026-08-22 10:20:22 - INFO -       accuracy                         0.6591       132
2026-08-22 10:20:22 - INFO -      macro avg     0.6600    0.6591    0.6586       132
2026-08-22 10:20:22 - INFO -   weighted avg     0.6600    0.6591    0.6586       132
2026-08-22 10:20:22 - INFO - Confusion matrix - [[tn=41, fp=25], [fn=20, tp=46]]
2026-08-22 10:20:22 - INFO - probability_positive min=0.0022 mean=0.5307 std=0.3408 max=0.9980 predicted_0=61 predicted_1=71
2026-08-22 10:20:22 - INFO - New best model | Macro-F1: 0.658601 | Epoch: 14
2026-08-22 10:20:45 - INFO - Epoch 15/15 | Train loss: 0.454558 | Val loss: 0.791746 | LR: 2.00e-05 | Best epoch: 14 | Patience: 1 | Train: 21.81s | Validation: 0.87s | Epoch: 22.69s | Total: 342.34s
2026-08-22 10:20:45 - INFO - Phase-1 losses | Vulnerability: 0.423225 | CWE: 0.156666 | Total: 0.454558
2026-08-22 10:20:45 - INFO - Latent structure | Slots used: 4/8 | Largest slot: 0.653 | NMI vs CWE: 0.9537 | NMI vs binary: 0.0001
2026-08-22 10:20:45 - INFO - [Classification Report - split=train epoch=15 - threshold=0.50]
2026-08-22 10:20:45 - INFO -                 precision    recall  f1-score   support
2026-08-22 10:20:45 - INFO - 
2026-08-22 10:20:45 - INFO -       safe (0)     0.7448    0.7435    0.7441       577
2026-08-22 10:20:45 - INFO - vulnerable (1)     0.7431    0.7443    0.7437       575
2026-08-22 10:20:45 - INFO - 
2026-08-22 10:20:45 - INFO -       accuracy                         0.7439      1152
2026-08-22 10:20:45 - INFO -      macro avg     0.7439    0.7439    0.7439      1152
2026-08-22 10:20:45 - INFO -   weighted avg     0.7439    0.7439    0.7439      1152
2026-08-22 10:20:45 - INFO - Confusion matrix - [[tn=429, fp=148], [fn=147, tp=428]]
2026-08-22 10:20:45 - INFO - probability_positive min=0.0029 mean=0.4980 std=0.3274 max=0.9971 predicted_0=576 predicted_1=576
2026-08-22 10:20:45 - INFO - [Classification Report - split=validation epoch=15 - threshold=0.50]
2026-08-22 10:20:45 - INFO -                 precision    recall  f1-score   support
2026-08-22 10:20:45 - INFO - 
2026-08-22 10:20:45 - INFO -       safe (0)     0.6452    0.6061    0.6250        66
2026-08-22 10:20:45 - INFO - vulnerable (1)     0.6286    0.6667    0.6471        66
2026-08-22 10:20:45 - INFO - 
2026-08-22 10:20:45 - INFO -       accuracy                         0.6364       132
2026-08-22 10:20:45 - INFO -      macro avg     0.6369    0.6364    0.6360       132
2026-08-22 10:20:45 - INFO -   weighted avg     0.6369    0.6364    0.6360       132
2026-08-22 10:20:45 - INFO - Confusion matrix - [[tn=40, fp=26], [fn=22, tp=44]]
2026-08-22 10:20:45 - INFO - probability_positive min=0.0030 mean=0.5309 std=0.3345 max=0.9965 predicted_0=62 predicted_1=70
2026-08-22 10:20:45 - INFO - Best checkpoint saved | Path: model/emb1_emb/transfer_latent_bottleneck/seed_42/source/best.pt | Epoch: 14 | Val macro_f1: 0.658601
2026-08-22 10:20:45 - INFO - Training finished | Elapsed: 342.35s
2026-08-22 10:20:45 - INFO - Run finished | Phase: phase1 | Fold: 1 | Seed: 42 | Elapsed: 344.52s
