2026-08-22 11:20:11 - INFO - Using device: cuda
2026-08-22 11:20:11 - INFO - Run started | Run: emb1_emb | Method: transfer_latent_bottleneck | Phase: phase2 | Fold: 4 | Seed: 42 | Device: cuda
2026-08-22 11:20:11 - INFO - Loading Python training data: data/sven_python_folds_norm/fold4/train.jsonl
2026-08-22 11:20:11 - INFO - Loading Python validation data: data/sven_python_folds_norm/fold4/val.jsonl
2026-08-22 11:20:11 - INFO - Data split: python_train | Total: 456 | Labels: {0: 225, 1: 231} | CWEs: {'CWE-022': 42, 'CWE-078': 119, 'CWE-079': 53, 'CWE-089': 242} | Languages: {'python': 456} | Invalid CWE: 0
2026-08-22 11:20:11 - INFO - Data split: python_val | Total: 152 | Labels: {0: 72, 1: 80} | CWEs: {'CWE-022': 13, 'CWE-078': 44, 'CWE-079': 16, 'CWE-089': 79} | Languages: {'python': 152} | Invalid CWE: 0
2026-08-22 11:20:12 - INFO - Auxiliary head width taken from checkpoint: 4
2026-08-22 11:20:13 - INFO - Loaded source checkpoint: model/emb1_emb/transfer_latent_bottleneck/seed_42/source/best.pt | Best epoch: 14 | Best Val Macro-F1: 0.658601
2026-08-22 11:20:13 - INFO - RecAdam schedule | Total steps: 870 | Steps/epoch: 29 | Anneal t0: 43 | Weights: {1: 0.10909682119561293, 29: 0.3318122278318339, 43: 0.5, 870: 1.0}
2026-08-22 11:20:13 - INFO - Environment: {"components": {"backbone": {"frozen": 0, "total": 109609344, "trainable": 109609344}, "cwe_head": {"frozen": 36, "total": 36, "trainable": 0}, "latent_proj": {"frozen": 6152, "total": 6152, "trainable": 0}, "vul_head": {"frozen": 0, "total": 1538, "trainable": 1538}}, "cuda": "12.8", "fold": 4, "frozen_parameters": 6188, "gpu": "NVIDIA GeForce RTX 5070 Ti", "hyperparameters": {"anneal_fun": "sigmoid", "anneal_k": 0.05, "anneal_t0_ratio": 0.05, "anneal_w": 1.0, "aux_mode": "latent_bottleneck", "batch_size": 16, "checkpoint_path": "model/emb1_emb/transfer_latent_bottleneck/seed_42/fold4/best.pt", "cwe_vocab": "fixed4", "data_path": "data/train_ccpp_filtered.jsonl", "data_root": "data/sven_python_folds_norm", "epochs": 30, "eval_batch_size": 16, "fold": 4, "freeze_backbone_layers": 0, "freeze_prototypes_steps": 0, "lambda_cwe": 0.2, "latent_temperature": 0.1, "learning_rate": 2e-05, "lora_rank": 0, "lp_epochs": 0, "lp_learning_rate": 0.001, "max_eval_samples": null, "max_grad_norm": 1.0, "max_length": 512, "max_train_samples": null, "method_name": "transfer_latent_bottleneck", "min_epochs": 3, "model_name": "Salesforce/codet5p-110m-embedding", "num_cwes": 4, "num_latent": 8, "num_workers": 0, "output_dir": "results/emb1_emb/transfer_latent_bottleneck", "patience": 5, "phase": "phase2", "phase2_optimizer": "recadam", "pooling": "mean", "pretrain_cof": 5000.0, "recadam_anchor": "source", "result_path": "results/emb1_emb/transfer_latent_bottleneck/seed_42/fold4.json", "run_name": "emb1_emb", "sam_rho": 0.0, "seed": 42, "selection_metric": "macro_f1", "source_checkpoint": "model/emb1_emb/transfer_latent_bottleneck/seed_42/source/best.pt", "source_interpolation": 1.0, "strict_determinism": false, "target_lang": "python", "test_path": null, "train_path": null, "truncation_strategy": "head_middle_tail", "val_path": null, "weight_decay": 0.01}, "mode": "phase2_train", "model_name": "Salesforce/codet5p-110m-embedding", "seed": 42, "sklearn": "1.9.0", "torch": "2.11.0+cu128", "trainable_parameters": 109610882, "transformers": "4.57.1"}
2026-08-22 11:20:13 - INFO - Training started | Phase: phase2 | Epochs: 30
2026-08-22 11:20:14 - INFO - RecAdam first-step safety checks passed
2026-08-22 11:20:23 - INFO - Epoch 1/30 | Train loss: 0.956200 | Val loss: 0.743951 | LR: 2.00e-05 | Best epoch: 1 | Patience: 0 | Train: 8.60s | Validation: 0.96s | Epoch: 9.72s | Total: 9.72s
2026-08-22 11:20:23 - INFO - RecAdam target-task weight at epoch end: 0.331812
2026-08-22 11:20:23 - INFO - [Classification Report - split=train epoch=1 - threshold=0.50]
2026-08-22 11:20:23 - INFO -                 precision    recall  f1-score   support
2026-08-22 11:20:23 - INFO - 
2026-08-22 11:20:23 - INFO -       safe (0)     0.5926    0.2133    0.3137       225
2026-08-22 11:20:23 - INFO - vulnerable (1)     0.5280    0.8571    0.6535       231
2026-08-22 11:20:23 - INFO - 
2026-08-22 11:20:23 - INFO -       accuracy                         0.5395       456
2026-08-22 11:20:23 - INFO -      macro avg     0.5603    0.5352    0.4836       456
2026-08-22 11:20:23 - INFO -   weighted avg     0.5599    0.5395    0.4858       456
2026-08-22 11:20:23 - INFO - Confusion matrix - [[tn=48, fp=177], [fn=33, tp=198]]
2026-08-22 11:20:23 - INFO - probability_positive min=0.0035 mean=0.7030 std=0.2408 max=0.9930 predicted_0=81 predicted_1=375
2026-08-22 11:20:23 - INFO - [Classification Report - split=validation epoch=1 - threshold=0.50]
2026-08-22 11:20:23 - INFO -                 precision    recall  f1-score   support
2026-08-22 11:20:23 - INFO - 
2026-08-22 11:20:23 - INFO -       safe (0)     0.6000    0.2917    0.3925        72
2026-08-22 11:20:23 - INFO - vulnerable (1)     0.5641    0.8250    0.6701        80
2026-08-22 11:20:23 - INFO - 
2026-08-22 11:20:23 - INFO -       accuracy                         0.5724       152
2026-08-22 11:20:23 - INFO -      macro avg     0.5821    0.5583    0.5313       152
2026-08-22 11:20:23 - INFO -   weighted avg     0.5811    0.5724    0.5386       152
2026-08-22 11:20:23 - INFO - Confusion matrix - [[tn=21, fp=51], [fn=14, tp=66]]
2026-08-22 11:20:23 - INFO - probability_positive min=0.0060 mean=0.6280 std=0.2258 max=0.9871 predicted_0=35 predicted_1=117
2026-08-22 11:20:23 - INFO - New best model | Macro-F1: 0.531287 | Epoch: 1
2026-08-22 11:20:33 - INFO - Epoch 2/30 | Train loss: 0.720770 | Val loss: 0.677871 | LR: 2.00e-05 | Best epoch: 2 | Patience: 0 | Train: 8.40s | Validation: 0.96s | Epoch: 9.58s | Total: 19.31s
2026-08-22 11:20:33 - INFO - RecAdam target-task weight at epoch end: 0.679179
2026-08-22 11:20:33 - INFO - [Classification Report - split=train epoch=2 - threshold=0.50]
2026-08-22 11:20:33 - INFO -                 precision    recall  f1-score   support
2026-08-22 11:20:33 - INFO - 
2026-08-22 11:20:33 - INFO -       safe (0)     0.5392    0.4889    0.5128       225
2026-08-22 11:20:33 - INFO - vulnerable (1)     0.5437    0.5931    0.5673       231
2026-08-22 11:20:33 - INFO - 
2026-08-22 11:20:33 - INFO -       accuracy                         0.5417       456
2026-08-22 11:20:33 - INFO -      macro avg     0.5414    0.5410    0.5401       456
2026-08-22 11:20:33 - INFO -   weighted avg     0.5415    0.5417    0.5404       456
2026-08-22 11:20:33 - INFO - Confusion matrix - [[tn=110, fp=115], [fn=94, tp=137]]
2026-08-22 11:20:33 - INFO - probability_positive min=0.0044 mean=0.5210 std=0.1919 max=0.9737 predicted_0=204 predicted_1=252
2026-08-22 11:20:33 - INFO - [Classification Report - split=validation epoch=2 - threshold=0.50]
2026-08-22 11:20:33 - INFO -                 precision    recall  f1-score   support
2026-08-22 11:20:33 - INFO - 
2026-08-22 11:20:33 - INFO -       safe (0)     0.6271    0.5139    0.5649        72
2026-08-22 11:20:33 - INFO - vulnerable (1)     0.6237    0.7250    0.6705        80
2026-08-22 11:20:33 - INFO - 
2026-08-22 11:20:33 - INFO -       accuracy                         0.6250       152
2026-08-22 11:20:33 - INFO -      macro avg     0.6254    0.6194    0.6177       152
2026-08-22 11:20:33 - INFO -   weighted avg     0.6253    0.6250    0.6205       152
2026-08-22 11:20:33 - INFO - Confusion matrix - [[tn=37, fp=35], [fn=22, tp=58]]
2026-08-22 11:20:33 - INFO - probability_positive min=0.0080 mean=0.5429 std=0.1803 max=0.9773 predicted_0=59 predicted_1=93
2026-08-22 11:20:33 - INFO - New best model | Macro-F1: 0.617703 | Epoch: 2
2026-08-22 11:20:42 - INFO - Epoch 3/30 | Train loss: 0.677392 | Val loss: 0.671839 | LR: 2.00e-05 | Best epoch: 2 | Patience: 1 | Train: 8.40s | Validation: 0.95s | Epoch: 9.35s | Total: 28.67s
2026-08-22 11:20:42 - INFO - RecAdam target-task weight at epoch end: 0.900250
2026-08-22 11:20:42 - INFO - [Classification Report - split=train epoch=3 - threshold=0.50]
2026-08-22 11:20:42 - INFO -                 precision    recall  f1-score   support
2026-08-22 11:20:42 - INFO - 
2026-08-22 11:20:42 - INFO -       safe (0)     0.5785    0.5733    0.5759       225
2026-08-22 11:20:42 - INFO - vulnerable (1)     0.5880    0.5931    0.5905       231
2026-08-22 11:20:42 - INFO - 
2026-08-22 11:20:42 - INFO -       accuracy                         0.5833       456
2026-08-22 11:20:42 - INFO -      macro avg     0.5832    0.5832    0.5832       456
2026-08-22 11:20:42 - INFO -   weighted avg     0.5833    0.5833    0.5833       456
2026-08-22 11:20:42 - INFO - Confusion matrix - [[tn=129, fp=96], [fn=94, tp=137]]
2026-08-22 11:20:42 - INFO - probability_positive min=0.0049 mean=0.4949 std=0.1509 max=0.9408 predicted_0=223 predicted_1=233
2026-08-22 11:20:42 - INFO - [Classification Report - split=validation epoch=3 - threshold=0.50]
2026-08-22 11:20:42 - INFO -                 precision    recall  f1-score   support
2026-08-22 11:20:42 - INFO - 
2026-08-22 11:20:42 - INFO -       safe (0)     0.6579    0.3472    0.4545        72
2026-08-22 11:20:42 - INFO - vulnerable (1)     0.5877    0.8375    0.6907        80
2026-08-22 11:20:42 - INFO - 
2026-08-22 11:20:42 - INFO -       accuracy                         0.6053       152
2026-08-22 11:20:42 - INFO -      macro avg     0.6228    0.5924    0.5726       152
2026-08-22 11:20:42 - INFO -   weighted avg     0.6210    0.6053    0.5788       152
2026-08-22 11:20:42 - INFO - Confusion matrix - [[tn=25, fp=47], [fn=13, tp=67]]
2026-08-22 11:20:42 - INFO - probability_positive min=0.0065 mean=0.5550 std=0.1669 max=0.9632 predicted_0=38 predicted_1=114
2026-08-22 11:20:51 - INFO - Epoch 4/30 | Train loss: 0.619670 | Val loss: 0.699866 | LR: 2.00e-05 | Best epoch: 2 | Patience: 2 | Train: 8.42s | Validation: 1.08s | Epoch: 9.49s | Total: 38.17s
2026-08-22 11:20:51 - INFO - RecAdam target-task weight at epoch end: 0.974667
2026-08-22 11:20:51 - INFO - [Classification Report - split=train epoch=4 - threshold=0.50]
2026-08-22 11:20:51 - INFO -                 precision    recall  f1-score   support
2026-08-22 11:20:51 - INFO - 
2026-08-22 11:20:51 - INFO -       safe (0)     0.6316    0.5867    0.6083       225
2026-08-22 11:20:51 - INFO - vulnerable (1)     0.6235    0.6667    0.6444       231
2026-08-22 11:20:51 - INFO - 
2026-08-22 11:20:51 - INFO -       accuracy                         0.6272       456
2026-08-22 11:20:51 - INFO -      macro avg     0.6275    0.6267    0.6263       456
2026-08-22 11:20:51 - INFO -   weighted avg     0.6275    0.6272    0.6266       456
2026-08-22 11:20:51 - INFO - Confusion matrix - [[tn=132, fp=93], [fn=77, tp=154]]
2026-08-22 11:20:51 - INFO - probability_positive min=0.0039 mean=0.4988 std=0.1875 max=0.9757 predicted_0=209 predicted_1=247
2026-08-22 11:20:51 - INFO - [Classification Report - split=validation epoch=4 - threshold=0.50]
2026-08-22 11:20:51 - INFO -                 precision    recall  f1-score   support
2026-08-22 11:20:51 - INFO - 
2026-08-22 11:20:51 - INFO -       safe (0)     0.6531    0.4444    0.5289        72
2026-08-22 11:20:51 - INFO - vulnerable (1)     0.6117    0.7875    0.6885        80
2026-08-22 11:20:51 - INFO - 
2026-08-22 11:20:51 - INFO -       accuracy                         0.6250       152
2026-08-22 11:20:51 - INFO -      macro avg     0.6324    0.6160    0.6087       152
2026-08-22 11:20:51 - INFO -   weighted avg     0.6313    0.6250    0.6129       152
2026-08-22 11:20:51 - INFO - Confusion matrix - [[tn=32, fp=40], [fn=17, tp=63]]
2026-08-22 11:20:51 - INFO - probability_positive min=0.0077 mean=0.5897 std=0.2579 max=0.9770 predicted_0=49 predicted_1=103
2026-08-22 11:21:01 - INFO - Epoch 5/30 | Train loss: 0.544463 | Val loss: 0.729038 | LR: 2.00e-05 | Best epoch: 5 | Patience: 0 | Train: 8.39s | Validation: 0.96s | Epoch: 9.57s | Total: 47.75s
2026-08-22 11:21:01 - INFO - RecAdam target-task weight at epoch end: 0.993940
2026-08-22 11:21:01 - INFO - [Classification Report - split=train epoch=5 - threshold=0.50]
2026-08-22 11:21:01 - INFO -                 precision    recall  f1-score   support
2026-08-22 11:21:01 - INFO - 
2026-08-22 11:21:01 - INFO -       safe (0)     0.7964    0.5911    0.6786       225
2026-08-22 11:21:01 - INFO - vulnerable (1)     0.6817    0.8528    0.7577       231
2026-08-22 11:21:01 - INFO - 
2026-08-22 11:21:01 - INFO -       accuracy                         0.7237       456
2026-08-22 11:21:01 - INFO -      macro avg     0.7390    0.7220    0.7181       456
2026-08-22 11:21:01 - INFO -   weighted avg     0.7383    0.7237    0.7187       456
2026-08-22 11:21:01 - INFO - Confusion matrix - [[tn=133, fp=92], [fn=34, tp=197]]
2026-08-22 11:21:01 - INFO - probability_positive min=0.0036 mean=0.5448 std=0.2789 max=0.9897 predicted_0=167 predicted_1=289
2026-08-22 11:21:01 - INFO - [Classification Report - split=validation epoch=5 - threshold=0.50]
2026-08-22 11:21:01 - INFO -                 precision    recall  f1-score   support
2026-08-22 11:21:01 - INFO - 
2026-08-22 11:21:01 - INFO -       safe (0)     0.6375    0.7083    0.6711        72
2026-08-22 11:21:01 - INFO - vulnerable (1)     0.7083    0.6375    0.6711        80
2026-08-22 11:21:01 - INFO - 
2026-08-22 11:21:01 - INFO -       accuracy                         0.6711       152
2026-08-22 11:21:01 - INFO -      macro avg     0.6729    0.6729    0.6711       152
2026-08-22 11:21:01 - INFO -   weighted avg     0.6748    0.6711    0.6711       152
2026-08-22 11:21:01 - INFO - Confusion matrix - [[tn=51, fp=21], [fn=29, tp=51]]
2026-08-22 11:21:01 - INFO - probability_positive min=0.0044 mean=0.4298 std=0.2975 max=0.9764 predicted_0=80 predicted_1=72
2026-08-22 11:21:01 - INFO - New best model | Macro-F1: 0.671053 | Epoch: 5
2026-08-22 11:21:11 - INFO - Epoch 6/30 | Train loss: 0.435942 | Val loss: 0.754671 | LR: 2.00e-05 | Best epoch: 6 | Patience: 0 | Train: 8.40s | Validation: 0.96s | Epoch: 9.59s | Total: 57.35s
2026-08-22 11:21:11 - INFO - RecAdam target-task weight at epoch end: 0.998572
2026-08-22 11:21:11 - INFO - [Classification Report - split=train epoch=6 - threshold=0.50]
2026-08-22 11:21:11 - INFO -                 precision    recall  f1-score   support
2026-08-22 11:21:11 - INFO - 
2026-08-22 11:21:11 - INFO -       safe (0)     0.8077    0.7467    0.7760       225
2026-08-22 11:21:11 - INFO - vulnerable (1)     0.7702    0.8268    0.7975       231
2026-08-22 11:21:11 - INFO - 
2026-08-22 11:21:11 - INFO -       accuracy                         0.7873       456
2026-08-22 11:21:11 - INFO -      macro avg     0.7889    0.7868    0.7867       456
2026-08-22 11:21:11 - INFO -   weighted avg     0.7887    0.7873    0.7869       456
2026-08-22 11:21:11 - INFO - Confusion matrix - [[tn=168, fp=57], [fn=40, tp=191]]
2026-08-22 11:21:11 - INFO - probability_positive min=0.0048 mean=0.4950 std=0.3198 max=0.9951 predicted_0=208 predicted_1=248
2026-08-22 11:21:11 - INFO - [Classification Report - split=validation epoch=6 - threshold=0.50]
2026-08-22 11:21:11 - INFO -                 precision    recall  f1-score   support
2026-08-22 11:21:11 - INFO - 
2026-08-22 11:21:11 - INFO -       safe (0)     0.6786    0.7917    0.7308        72
2026-08-22 11:21:11 - INFO - vulnerable (1)     0.7794    0.6625    0.7162        80
2026-08-22 11:21:11 - INFO - 
2026-08-22 11:21:11 - INFO -       accuracy                         0.7237       152
2026-08-22 11:21:11 - INFO -      macro avg     0.7290    0.7271    0.7235       152
2026-08-22 11:21:11 - INFO -   weighted avg     0.7316    0.7237    0.7231       152
2026-08-22 11:21:11 - INFO - Confusion matrix - [[tn=57, fp=15], [fn=27, tp=53]]
2026-08-22 11:21:11 - INFO - probability_positive min=0.0034 mean=0.4618 std=0.3740 max=0.9959 predicted_0=84 predicted_1=68
2026-08-22 11:21:11 - INFO - New best model | Macro-F1: 0.723493 | Epoch: 6
2026-08-22 11:21:20 - INFO - Epoch 7/30 | Train loss: 0.341528 | Val loss: 0.764417 | LR: 2.00e-05 | Best epoch: 6 | Patience: 1 | Train: 8.40s | Validation: 0.96s | Epoch: 9.35s | Total: 66.72s
2026-08-22 11:21:20 - INFO - RecAdam target-task weight at epoch end: 0.999665
2026-08-22 11:21:20 - INFO - [Classification Report - split=train epoch=7 - threshold=0.50]
2026-08-22 11:21:20 - INFO -                 precision    recall  f1-score   support
2026-08-22 11:21:20 - INFO - 
2026-08-22 11:21:20 - INFO -       safe (0)     0.8318    0.8133    0.8225       225
2026-08-22 11:21:20 - INFO - vulnerable (1)     0.8220    0.8398    0.8308       231
2026-08-22 11:21:20 - INFO - 
2026-08-22 11:21:20 - INFO -       accuracy                         0.8268       456
2026-08-22 11:21:20 - INFO -      macro avg     0.8269    0.8266    0.8267       456
2026-08-22 11:21:20 - INFO -   weighted avg     0.8269    0.8268    0.8267       456
2026-08-22 11:21:20 - INFO - Confusion matrix - [[tn=183, fp=42], [fn=37, tp=194]]
2026-08-22 11:21:20 - INFO - probability_positive min=0.0029 mean=0.5147 std=0.3907 max=0.9964 predicted_0=220 predicted_1=236
2026-08-22 11:21:20 - INFO - [Classification Report - split=validation epoch=7 - threshold=0.50]
2026-08-22 11:21:20 - INFO -                 precision    recall  f1-score   support
2026-08-22 11:21:20 - INFO - 
2026-08-22 11:21:20 - INFO -       safe (0)     0.6627    0.7639    0.7097        72
2026-08-22 11:21:20 - INFO - vulnerable (1)     0.7536    0.6500    0.6980        80
2026-08-22 11:21:20 - INFO - 
2026-08-22 11:21:20 - INFO -       accuracy                         0.7039       152
2026-08-22 11:21:20 - INFO -      macro avg     0.7081    0.7069    0.7038       152
2026-08-22 11:21:20 - INFO -   weighted avg     0.7105    0.7039    0.7035       152
2026-08-22 11:21:20 - INFO - Confusion matrix - [[tn=55, fp=17], [fn=28, tp=52]]
2026-08-22 11:21:20 - INFO - probability_positive min=0.0027 mean=0.4563 std=0.3987 max=0.9967 predicted_0=83 predicted_1=69
2026-08-22 11:21:30 - INFO - Epoch 8/30 | Train loss: 0.259661 | Val loss: 0.758481 | LR: 2.00e-05 | Best epoch: 8 | Patience: 0 | Train: 8.40s | Validation: 0.96s | Epoch: 9.62s | Total: 76.34s
2026-08-22 11:21:30 - INFO - RecAdam target-task weight at epoch end: 0.999921
2026-08-22 11:21:30 - INFO - [Classification Report - split=train epoch=8 - threshold=0.50]
2026-08-22 11:21:30 - INFO -                 precision    recall  f1-score   support
2026-08-22 11:21:30 - INFO - 
2026-08-22 11:21:30 - INFO -       safe (0)     0.8744    0.8667    0.8705       225
2026-08-22 11:21:30 - INFO - vulnerable (1)     0.8712    0.8788    0.8750       231
2026-08-22 11:21:30 - INFO - 
2026-08-22 11:21:30 - INFO -       accuracy                         0.8728       456
2026-08-22 11:21:30 - INFO -      macro avg     0.8728    0.8727    0.8728       456
2026-08-22 11:21:30 - INFO -   weighted avg     0.8728    0.8728    0.8728       456
2026-08-22 11:21:30 - INFO - Confusion matrix - [[tn=195, fp=30], [fn=28, tp=203]]
2026-08-22 11:21:30 - INFO - probability_positive min=0.0028 mean=0.5023 std=0.4041 max=0.9967 predicted_0=223 predicted_1=233
2026-08-22 11:21:30 - INFO - [Classification Report - split=validation epoch=8 - threshold=0.50]
2026-08-22 11:21:30 - INFO -                 precision    recall  f1-score   support
2026-08-22 11:21:30 - INFO - 
2026-08-22 11:21:30 - INFO -       safe (0)     0.7108    0.8194    0.7613        72
2026-08-22 11:21:30 - INFO - vulnerable (1)     0.8116    0.7000    0.7517        80
2026-08-22 11:21:30 - INFO - 
2026-08-22 11:21:30 - INFO -       accuracy                         0.7566       152
2026-08-22 11:21:30 - INFO -      macro avg     0.7612    0.7597    0.7565       152
2026-08-22 11:21:30 - INFO -   weighted avg     0.7639    0.7566    0.7562       152
2026-08-22 11:21:30 - INFO - Confusion matrix - [[tn=59, fp=13], [fn=24, tp=56]]
2026-08-22 11:21:30 - INFO - probability_positive min=0.0019 mean=0.4737 std=0.4317 max=0.9981 predicted_0=83 predicted_1=69
2026-08-22 11:21:30 - INFO - New best model | Macro-F1: 0.756484 | Epoch: 8
2026-08-22 11:21:39 - INFO - Epoch 9/30 | Train loss: 0.229934 | Val loss: 0.960439 | LR: 2.00e-05 | Best epoch: 8 | Patience: 1 | Train: 8.40s | Validation: 0.96s | Epoch: 9.35s | Total: 85.70s
2026-08-22 11:21:39 - INFO - RecAdam target-task weight at epoch end: 0.999982
2026-08-22 11:21:39 - INFO - [Classification Report - split=train epoch=9 - threshold=0.50]
2026-08-22 11:21:39 - INFO -                 precision    recall  f1-score   support
2026-08-22 11:21:39 - INFO - 
2026-08-22 11:21:39 - INFO -       safe (0)     0.8874    0.9111    0.8991       225
2026-08-22 11:21:39 - INFO - vulnerable (1)     0.9111    0.8874    0.8991       231
2026-08-22 11:21:39 - INFO - 
2026-08-22 11:21:39 - INFO -       accuracy                         0.8991       456
2026-08-22 11:21:39 - INFO -      macro avg     0.8993    0.8993    0.8991       456
2026-08-22 11:21:39 - INFO -   weighted avg     0.8994    0.8991    0.8991       456
2026-08-22 11:21:39 - INFO - Confusion matrix - [[tn=205, fp=20], [fn=26, tp=205]]
2026-08-22 11:21:39 - INFO - probability_positive min=0.0019 mean=0.4936 std=0.4342 max=0.9973 predicted_0=231 predicted_1=225
2026-08-22 11:21:39 - INFO - [Classification Report - split=validation epoch=9 - threshold=0.50]
2026-08-22 11:21:39 - INFO -                 precision    recall  f1-score   support
2026-08-22 11:21:39 - INFO - 
2026-08-22 11:21:39 - INFO -       safe (0)     0.6354    0.8472    0.7262        72
2026-08-22 11:21:39 - INFO - vulnerable (1)     0.8036    0.5625    0.6618        80
2026-08-22 11:21:39 - INFO - 
2026-08-22 11:21:39 - INFO -       accuracy                         0.6974       152
2026-08-22 11:21:39 - INFO -      macro avg     0.7195    0.7049    0.6940       152
2026-08-22 11:21:39 - INFO -   weighted avg     0.7239    0.6974    0.6923       152
2026-08-22 11:21:39 - INFO - Confusion matrix - [[tn=61, fp=11], [fn=35, tp=45]]
2026-08-22 11:21:39 - INFO - probability_positive min=0.0016 mean=0.3701 std=0.4237 max=0.9982 predicted_0=96 predicted_1=56
2026-08-22 11:21:49 - INFO - Epoch 10/30 | Train loss: 0.206593 | Val loss: 0.850321 | LR: 2.00e-05 | Best epoch: 10 | Patience: 2 | Train: 8.40s | Validation: 0.96s | Epoch: 9.57s | Total: 95.29s
2026-08-22 11:21:49 - INFO - RecAdam target-task weight at epoch end: 0.999996
2026-08-22 11:21:49 - INFO - [Classification Report - split=train epoch=10 - threshold=0.50]
2026-08-22 11:21:49 - INFO -                 precision    recall  f1-score   support
2026-08-22 11:21:49 - INFO - 
2026-08-22 11:21:49 - INFO -       safe (0)     0.9062    0.9022    0.9042       225
2026-08-22 11:21:49 - INFO - vulnerable (1)     0.9052    0.9091    0.9071       231
2026-08-22 11:21:49 - INFO - 
2026-08-22 11:21:49 - INFO -       accuracy                         0.9057       456
2026-08-22 11:21:49 - INFO -      macro avg     0.9057    0.9057    0.9057       456
2026-08-22 11:21:49 - INFO -   weighted avg     0.9057    0.9057    0.9057       456
2026-08-22 11:21:49 - INFO - Confusion matrix - [[tn=203, fp=22], [fn=21, tp=210]]
2026-08-22 11:21:49 - INFO - probability_positive min=0.0019 mean=0.5061 std=0.4505 max=0.9982 predicted_0=224 predicted_1=232
2026-08-22 11:21:49 - INFO - [Classification Report - split=validation epoch=10 - threshold=0.50]
2026-08-22 11:21:49 - INFO -                 precision    recall  f1-score   support
2026-08-22 11:21:49 - INFO - 
2026-08-22 11:21:49 - INFO -       safe (0)     0.7108    0.8194    0.7613        72
2026-08-22 11:21:49 - INFO - vulnerable (1)     0.8116    0.7000    0.7517        80
2026-08-22 11:21:49 - INFO - 
2026-08-22 11:21:49 - INFO -       accuracy                         0.7566       152
2026-08-22 11:21:49 - INFO -      macro avg     0.7612    0.7597    0.7565       152
2026-08-22 11:21:49 - INFO -   weighted avg     0.7639    0.7566    0.7562       152
2026-08-22 11:21:49 - INFO - Confusion matrix - [[tn=59, fp=13], [fn=24, tp=56]]
2026-08-22 11:21:49 - INFO - probability_positive min=0.0014 mean=0.4573 std=0.4537 max=0.9984 predicted_0=83 predicted_1=69
2026-08-22 11:21:49 - INFO - Latest tied-best checkpoint saved | Macro-F1: 0.756484 | Epoch: 10
2026-08-22 11:21:58 - INFO - Epoch 11/30 | Train loss: 0.145839 | Val loss: 0.961841 | LR: 2.00e-05 | Best epoch: 10 | Patience: 3 | Train: 8.40s | Validation: 0.96s | Epoch: 9.35s | Total: 104.65s
2026-08-22 11:21:58 - INFO - RecAdam target-task weight at epoch end: 0.999999
2026-08-22 11:21:58 - INFO - [Classification Report - split=train epoch=11 - threshold=0.50]
2026-08-22 11:21:58 - INFO -                 precision    recall  f1-score   support
2026-08-22 11:21:58 - INFO - 
2026-08-22 11:21:58 - INFO -       safe (0)     0.9541    0.9244    0.9391       225
2026-08-22 11:21:58 - INFO - vulnerable (1)     0.9286    0.9567    0.9424       231
2026-08-22 11:21:58 - INFO - 
2026-08-22 11:21:58 - INFO -       accuracy                         0.9408       456
2026-08-22 11:21:58 - INFO -      macro avg     0.9413    0.9406    0.9407       456
2026-08-22 11:21:58 - INFO -   weighted avg     0.9412    0.9408    0.9408       456
2026-08-22 11:21:58 - INFO - Confusion matrix - [[tn=208, fp=17], [fn=10, tp=221]]
2026-08-22 11:21:58 - INFO - probability_positive min=0.0013 mean=0.5065 std=0.4555 max=0.9984 predicted_0=218 predicted_1=238
2026-08-22 11:21:58 - INFO - [Classification Report - split=validation epoch=11 - threshold=0.50]
2026-08-22 11:21:58 - INFO -                 precision    recall  f1-score   support
2026-08-22 11:21:58 - INFO - 
2026-08-22 11:21:58 - INFO -       safe (0)     0.7024    0.8194    0.7564        72
2026-08-22 11:21:58 - INFO - vulnerable (1)     0.8088    0.6875    0.7432        80
2026-08-22 11:21:58 - INFO - 
2026-08-22 11:21:58 - INFO -       accuracy                         0.7500       152
2026-08-22 11:21:58 - INFO -      macro avg     0.7556    0.7535    0.7498       152
2026-08-22 11:21:58 - INFO -   weighted avg     0.7584    0.7500    0.7495       152
2026-08-22 11:21:58 - INFO - Confusion matrix - [[tn=59, fp=13], [fn=25, tp=55]]
2026-08-22 11:21:58 - INFO - probability_positive min=0.0013 mean=0.4509 std=0.4661 max=0.9985 predicted_0=84 predicted_1=68
2026-08-22 11:22:07 - INFO - Epoch 12/30 | Train loss: 0.155128 | Val loss: 1.021229 | LR: 2.00e-05 | Best epoch: 12 | Patience: 4 | Train: 8.40s | Validation: 0.96s | Epoch: 9.57s | Total: 114.23s
2026-08-22 11:22:07 - INFO - RecAdam target-task weight at epoch end: 1.000000
2026-08-22 11:22:07 - INFO - [Classification Report - split=train epoch=12 - threshold=0.50]
2026-08-22 11:22:07 - INFO -                 precision    recall  f1-score   support
2026-08-22 11:22:07 - INFO - 
2026-08-22 11:22:07 - INFO -       safe (0)     0.9404    0.9111    0.9255       225
2026-08-22 11:22:07 - INFO - vulnerable (1)     0.9160    0.9437    0.9296       231
2026-08-22 11:22:07 - INFO - 
2026-08-22 11:22:07 - INFO -       accuracy                         0.9276       456
2026-08-22 11:22:07 - INFO -      macro avg     0.9282    0.9274    0.9276       456
2026-08-22 11:22:07 - INFO -   weighted avg     0.9280    0.9276    0.9276       456
2026-08-22 11:22:07 - INFO - Confusion matrix - [[tn=205, fp=20], [fn=13, tp=218]]
2026-08-22 11:22:07 - INFO - probability_positive min=0.0013 mean=0.5179 std=0.4678 max=0.9984 predicted_0=218 predicted_1=238
2026-08-22 11:22:08 - INFO - [Classification Report - split=validation epoch=12 - threshold=0.50]
2026-08-22 11:22:08 - INFO -                 precision    recall  f1-score   support
2026-08-22 11:22:08 - INFO - 
2026-08-22 11:22:08 - INFO -       safe (0)     0.7273    0.7778    0.7517        72
2026-08-22 11:22:08 - INFO - vulnerable (1)     0.7867    0.7375    0.7613        80
2026-08-22 11:22:08 - INFO - 
2026-08-22 11:22:08 - INFO -       accuracy                         0.7566       152
2026-08-22 11:22:08 - INFO -      macro avg     0.7570    0.7576    0.7565       152
2026-08-22 11:22:08 - INFO -   weighted avg     0.7585    0.7566    0.7567       152
2026-08-22 11:22:08 - INFO - Confusion matrix - [[tn=56, fp=16], [fn=21, tp=59]]
2026-08-22 11:22:08 - INFO - probability_positive min=0.0012 mean=0.4894 std=0.4741 max=0.9986 predicted_0=77 predicted_1=75
2026-08-22 11:22:08 - INFO - Latest tied-best checkpoint saved | Macro-F1: 0.756484 | Epoch: 12
2026-08-22 11:22:17 - INFO - Epoch 13/30 | Train loss: 0.149681 | Val loss: 0.846566 | LR: 2.00e-05 | Best epoch: 13 | Patience: 0 | Train: 8.40s | Validation: 0.96s | Epoch: 9.58s | Total: 123.82s
2026-08-22 11:22:17 - INFO - RecAdam target-task weight at epoch end: 1.000000
2026-08-22 11:22:17 - INFO - [Classification Report - split=train epoch=13 - threshold=0.50]
2026-08-22 11:22:17 - INFO -                 precision    recall  f1-score   support
2026-08-22 11:22:17 - INFO - 
2026-08-22 11:22:17 - INFO -       safe (0)     0.9676    0.9289    0.9478       225
2026-08-22 11:22:17 - INFO - vulnerable (1)     0.9333    0.9697    0.9512       231
2026-08-22 11:22:17 - INFO - 
2026-08-22 11:22:17 - INFO -       accuracy                         0.9496       456
2026-08-22 11:22:17 - INFO -      macro avg     0.9505    0.9493    0.9495       456
2026-08-22 11:22:17 - INFO -   weighted avg     0.9502    0.9496    0.9495       456
2026-08-22 11:22:17 - INFO - Confusion matrix - [[tn=209, fp=16], [fn=7, tp=224]]
2026-08-22 11:22:17 - INFO - probability_positive min=0.0012 mean=0.5187 std=0.4755 max=0.9986 predicted_0=216 predicted_1=240
2026-08-22 11:22:17 - INFO - [Classification Report - split=validation epoch=13 - threshold=0.50]
2026-08-22 11:22:17 - INFO -                 precision    recall  f1-score   support
2026-08-22 11:22:17 - INFO - 
2026-08-22 11:22:17 - INFO -       safe (0)     0.7662    0.8194    0.7919        72
2026-08-22 11:22:17 - INFO - vulnerable (1)     0.8267    0.7750    0.8000        80
2026-08-22 11:22:17 - INFO - 
2026-08-22 11:22:17 - INFO -       accuracy                         0.7961       152
2026-08-22 11:22:17 - INFO -      macro avg     0.7965    0.7972    0.7960       152
2026-08-22 11:22:17 - INFO -   weighted avg     0.7980    0.7961    0.7962       152
2026-08-22 11:22:17 - INFO - Confusion matrix - [[tn=59, fp=13], [fn=18, tp=62]]
2026-08-22 11:22:17 - INFO - probability_positive min=0.0010 mean=0.4830 std=0.4711 max=0.9987 predicted_0=77 predicted_1=75
2026-08-22 11:22:17 - INFO - New best model | Macro-F1: 0.795973 | Epoch: 13
2026-08-22 11:22:27 - INFO - Epoch 14/30 | Train loss: 0.098288 | Val loss: 0.948548 | LR: 2.00e-05 | Best epoch: 14 | Patience: 0 | Train: 8.40s | Validation: 0.96s | Epoch: 9.58s | Total: 133.42s
2026-08-22 11:22:27 - INFO - RecAdam target-task weight at epoch end: 1.000000
2026-08-22 11:22:27 - INFO - [Classification Report - split=train epoch=14 - threshold=0.50]
2026-08-22 11:22:27 - INFO -                 precision    recall  f1-score   support
2026-08-22 11:22:27 - INFO - 
2026-08-22 11:22:27 - INFO -       safe (0)     0.9598    0.9556    0.9577       225
2026-08-22 11:22:27 - INFO - vulnerable (1)     0.9569    0.9610    0.9590       231
2026-08-22 11:22:27 - INFO - 
2026-08-22 11:22:27 - INFO -       accuracy                         0.9583       456
2026-08-22 11:22:27 - INFO -      macro avg     0.9584    0.9583    0.9583       456
2026-08-22 11:22:27 - INFO -   weighted avg     0.9583    0.9583    0.9583       456
2026-08-22 11:22:27 - INFO - Confusion matrix - [[tn=215, fp=10], [fn=9, tp=222]]
2026-08-22 11:22:27 - INFO - probability_positive min=0.0012 mean=0.4999 std=0.4738 max=0.9989 predicted_0=224 predicted_1=232
2026-08-22 11:22:27 - INFO - [Classification Report - split=validation epoch=14 - threshold=0.50]
2026-08-22 11:22:27 - INFO -                 precision    recall  f1-score   support
2026-08-22 11:22:27 - INFO - 
2026-08-22 11:22:27 - INFO -       safe (0)     0.8194    0.8194    0.8194        72
2026-08-22 11:22:27 - INFO - vulnerable (1)     0.8375    0.8375    0.8375        80
2026-08-22 11:22:27 - INFO - 
2026-08-22 11:22:27 - INFO -       accuracy                         0.8289       152
2026-08-22 11:22:27 - INFO -      macro avg     0.8285    0.8285    0.8285       152
2026-08-22 11:22:27 - INFO -   weighted avg     0.8289    0.8289    0.8289       152
2026-08-22 11:22:27 - INFO - Confusion matrix - [[tn=59, fp=13], [fn=13, tp=67]]
2026-08-22 11:22:27 - INFO - probability_positive min=0.0009 mean=0.5302 std=0.4883 max=0.9990 predicted_0=72 predicted_1=80
2026-08-22 11:22:27 - INFO - New best model | Macro-F1: 0.828472 | Epoch: 14
2026-08-22 11:22:36 - INFO - Epoch 15/30 | Train loss: 0.080240 | Val loss: 1.009876 | LR: 2.00e-05 | Best epoch: 14 | Patience: 1 | Train: 8.39s | Validation: 0.96s | Epoch: 9.35s | Total: 142.78s
2026-08-22 11:22:36 - INFO - RecAdam target-task weight at epoch end: 1.000000
2026-08-22 11:22:36 - INFO - [Classification Report - split=train epoch=15 - threshold=0.50]
2026-08-22 11:22:36 - INFO -                 precision    recall  f1-score   support
2026-08-22 11:22:36 - INFO - 
2026-08-22 11:22:36 - INFO -       safe (0)     0.9690    0.9733    0.9712       225
2026-08-22 11:22:36 - INFO - vulnerable (1)     0.9739    0.9697    0.9718       231
2026-08-22 11:22:36 - INFO - 
2026-08-22 11:22:36 - INFO -       accuracy                         0.9715       456
2026-08-22 11:22:36 - INFO -      macro avg     0.9715    0.9715    0.9715       456
2026-08-22 11:22:36 - INFO -   weighted avg     0.9715    0.9715    0.9715       456
2026-08-22 11:22:36 - INFO - Confusion matrix - [[tn=219, fp=6], [fn=7, tp=224]]
2026-08-22 11:22:36 - INFO - probability_positive min=0.0010 mean=0.5006 std=0.4833 max=0.9989 predicted_0=226 predicted_1=230
2026-08-22 11:22:36 - INFO - [Classification Report - split=validation epoch=15 - threshold=0.50]
2026-08-22 11:22:36 - INFO -                 precision    recall  f1-score   support
2026-08-22 11:22:36 - INFO - 
2026-08-22 11:22:36 - INFO -       safe (0)     0.8082    0.8194    0.8138        72
2026-08-22 11:22:36 - INFO - vulnerable (1)     0.8354    0.8250    0.8302        80
2026-08-22 11:22:36 - INFO - 
2026-08-22 11:22:36 - INFO -       accuracy                         0.8224       152
2026-08-22 11:22:36 - INFO -      macro avg     0.8218    0.8222    0.8220       152
2026-08-22 11:22:36 - INFO -   weighted avg     0.8225    0.8224    0.8224       152
2026-08-22 11:22:36 - INFO - Confusion matrix - [[tn=59, fp=13], [fn=14, tp=66]]
2026-08-22 11:22:36 - INFO - probability_positive min=0.0008 mean=0.5165 std=0.4939 max=0.9991 predicted_0=73 predicted_1=79
2026-08-22 11:22:45 - INFO - Epoch 16/30 | Train loss: 0.063023 | Val loss: 1.041917 | LR: 2.00e-05 | Best epoch: 14 | Patience: 2 | Train: 8.40s | Validation: 0.95s | Epoch: 9.35s | Total: 152.14s
2026-08-22 11:22:45 - INFO - RecAdam target-task weight at epoch end: 1.000000
2026-08-22 11:22:45 - INFO - [Classification Report - split=train epoch=16 - threshold=0.50]
2026-08-22 11:22:45 - INFO -                 precision    recall  f1-score   support
2026-08-22 11:22:45 - INFO - 
2026-08-22 11:22:45 - INFO -       safe (0)     0.9777    0.9733    0.9755       225
2026-08-22 11:22:45 - INFO - vulnerable (1)     0.9741    0.9784    0.9762       231
2026-08-22 11:22:45 - INFO - 
2026-08-22 11:22:45 - INFO -       accuracy                         0.9759       456
2026-08-22 11:22:45 - INFO -      macro avg     0.9759    0.9758    0.9759       456
2026-08-22 11:22:45 - INFO -   weighted avg     0.9759    0.9759    0.9759       456
2026-08-22 11:22:45 - INFO - Confusion matrix - [[tn=219, fp=6], [fn=5, tp=226]]
2026-08-22 11:22:45 - INFO - probability_positive min=0.0009 mean=0.5097 std=0.4886 max=0.9991 predicted_0=224 predicted_1=232
2026-08-22 11:22:45 - INFO - [Classification Report - split=validation epoch=16 - threshold=0.50]
2026-08-22 11:22:45 - INFO -                 precision    recall  f1-score   support
2026-08-22 11:22:45 - INFO - 
2026-08-22 11:22:45 - INFO -       safe (0)     0.7821    0.8472    0.8133        72
2026-08-22 11:22:45 - INFO - vulnerable (1)     0.8514    0.7875    0.8182        80
2026-08-22 11:22:45 - INFO - 
2026-08-22 11:22:45 - INFO -       accuracy                         0.8158       152
2026-08-22 11:22:45 - INFO -      macro avg     0.8167    0.8174    0.8158       152
2026-08-22 11:22:45 - INFO -   weighted avg     0.8185    0.8158    0.8159       152
2026-08-22 11:22:45 - INFO - Confusion matrix - [[tn=61, fp=11], [fn=17, tp=63]]
2026-08-22 11:22:45 - INFO - probability_positive min=0.0007 mean=0.4902 std=0.4900 max=0.9993 predicted_0=78 predicted_1=74
2026-08-22 11:22:55 - INFO - Epoch 17/30 | Train loss: 0.063716 | Val loss: 1.019710 | LR: 2.00e-05 | Best epoch: 14 | Patience: 3 | Train: 8.40s | Validation: 0.95s | Epoch: 9.35s | Total: 161.50s
2026-08-22 11:22:55 - INFO - RecAdam target-task weight at epoch end: 1.000000
2026-08-22 11:22:55 - INFO - [Classification Report - split=train epoch=17 - threshold=0.50]
2026-08-22 11:22:55 - INFO -                 precision    recall  f1-score   support
2026-08-22 11:22:55 - INFO - 
2026-08-22 11:22:55 - INFO -       safe (0)     0.9777    0.9733    0.9755       225
2026-08-22 11:22:55 - INFO - vulnerable (1)     0.9741    0.9784    0.9762       231
2026-08-22 11:22:55 - INFO - 
2026-08-22 11:22:55 - INFO -       accuracy                         0.9759       456
2026-08-22 11:22:55 - INFO -      macro avg     0.9759    0.9758    0.9759       456
2026-08-22 11:22:55 - INFO -   weighted avg     0.9759    0.9759    0.9759       456
2026-08-22 11:22:55 - INFO - Confusion matrix - [[tn=219, fp=6], [fn=5, tp=226]]
2026-08-22 11:22:55 - INFO - probability_positive min=0.0008 mean=0.5039 std=0.4876 max=0.9991 predicted_0=224 predicted_1=232
2026-08-22 11:22:55 - INFO - [Classification Report - split=validation epoch=17 - threshold=0.50]
2026-08-22 11:22:55 - INFO -                 precision    recall  f1-score   support
2026-08-22 11:22:55 - INFO - 
2026-08-22 11:22:55 - INFO -       safe (0)     0.8056    0.8056    0.8056        72
2026-08-22 11:22:55 - INFO - vulnerable (1)     0.8250    0.8250    0.8250        80
2026-08-22 11:22:55 - INFO - 
2026-08-22 11:22:55 - INFO -       accuracy                         0.8158       152
2026-08-22 11:22:55 - INFO -      macro avg     0.8153    0.8153    0.8153       152
2026-08-22 11:22:55 - INFO -   weighted avg     0.8158    0.8158    0.8158       152
2026-08-22 11:22:55 - INFO - Confusion matrix - [[tn=58, fp=14], [fn=14, tp=66]]
2026-08-22 11:22:55 - INFO - probability_positive min=0.0006 mean=0.5285 std=0.4893 max=0.9993 predicted_0=72 predicted_1=80
2026-08-22 11:23:04 - INFO - Epoch 18/30 | Train loss: 0.074722 | Val loss: 0.957251 | LR: 2.00e-05 | Best epoch: 14 | Patience: 4 | Train: 8.40s | Validation: 0.95s | Epoch: 9.35s | Total: 170.86s
2026-08-22 11:23:04 - INFO - RecAdam target-task weight at epoch end: 1.000000
2026-08-22 11:23:04 - INFO - [Classification Report - split=train epoch=18 - threshold=0.50]
2026-08-22 11:23:04 - INFO -                 precision    recall  f1-score   support
2026-08-22 11:23:04 - INFO - 
2026-08-22 11:23:04 - INFO -       safe (0)     0.9692    0.9778    0.9735       225
2026-08-22 11:23:04 - INFO - vulnerable (1)     0.9782    0.9697    0.9739       231
2026-08-22 11:23:04 - INFO - 
2026-08-22 11:23:04 - INFO -       accuracy                         0.9737       456
2026-08-22 11:23:04 - INFO -      macro avg     0.9737    0.9737    0.9737       456
2026-08-22 11:23:04 - INFO -   weighted avg     0.9737    0.9737    0.9737       456
2026-08-22 11:23:04 - INFO - Confusion matrix - [[tn=220, fp=5], [fn=7, tp=224]]
2026-08-22 11:23:04 - INFO - probability_positive min=0.0008 mean=0.5012 std=0.4904 max=0.9991 predicted_0=227 predicted_1=229
2026-08-22 11:23:04 - INFO - [Classification Report - split=validation epoch=18 - threshold=0.50]
2026-08-22 11:23:04 - INFO -                 precision    recall  f1-score   support
2026-08-22 11:23:04 - INFO - 
2026-08-22 11:23:04 - INFO -       safe (0)     0.8028    0.7917    0.7972        72
2026-08-22 11:23:04 - INFO - vulnerable (1)     0.8148    0.8250    0.8199        80
2026-08-22 11:23:04 - INFO - 
2026-08-22 11:23:04 - INFO -       accuracy                         0.8092       152
2026-08-22 11:23:04 - INFO -      macro avg     0.8088    0.8083    0.8085       152
2026-08-22 11:23:04 - INFO -   weighted avg     0.8091    0.8092    0.8091       152
2026-08-22 11:23:04 - INFO - Confusion matrix - [[tn=57, fp=15], [fn=14, tp=66]]
2026-08-22 11:23:04 - INFO - probability_positive min=0.0006 mean=0.5330 std=0.4858 max=0.9993 predicted_0=71 predicted_1=81
2026-08-22 11:23:13 - INFO - Epoch 19/30 | Train loss: 0.060001 | Val loss: 1.009362 | LR: 2.00e-05 | Best epoch: 14 | Patience: 5 | Train: 8.40s | Validation: 0.95s | Epoch: 9.35s | Total: 180.22s
2026-08-22 11:23:13 - INFO - RecAdam target-task weight at epoch end: 1.000000
2026-08-22 11:23:13 - INFO - [Classification Report - split=train epoch=19 - threshold=0.50]
2026-08-22 11:23:13 - INFO -                 precision    recall  f1-score   support
2026-08-22 11:23:13 - INFO - 
2026-08-22 11:23:13 - INFO -       safe (0)     0.9777    0.9733    0.9755       225
2026-08-22 11:23:13 - INFO - vulnerable (1)     0.9741    0.9784    0.9762       231
2026-08-22 11:23:13 - INFO - 
2026-08-22 11:23:13 - INFO -       accuracy                         0.9759       456
2026-08-22 11:23:13 - INFO -      macro avg     0.9759    0.9758    0.9759       456
2026-08-22 11:23:13 - INFO -   weighted avg     0.9759    0.9759    0.9759       456
2026-08-22 11:23:13 - INFO - Confusion matrix - [[tn=219, fp=6], [fn=5, tp=226]]
2026-08-22 11:23:13 - INFO - probability_positive min=0.0007 mean=0.5119 std=0.4882 max=0.9992 predicted_0=224 predicted_1=232
2026-08-22 11:23:13 - INFO - [Classification Report - split=validation epoch=19 - threshold=0.50]
2026-08-22 11:23:13 - INFO -                 precision    recall  f1-score   support
2026-08-22 11:23:13 - INFO - 
2026-08-22 11:23:13 - INFO -       safe (0)     0.8000    0.8333    0.8163        72
2026-08-22 11:23:13 - INFO - vulnerable (1)     0.8442    0.8125    0.8280        80
2026-08-22 11:23:13 - INFO - 
2026-08-22 11:23:13 - INFO -       accuracy                         0.8224       152
2026-08-22 11:23:13 - INFO -      macro avg     0.8221    0.8229    0.8222       152
2026-08-22 11:23:13 - INFO -   weighted avg     0.8232    0.8224    0.8225       152
2026-08-22 11:23:13 - INFO - Confusion matrix - [[tn=60, fp=12], [fn=15, tp=65]]
2026-08-22 11:23:13 - INFO - probability_positive min=0.0006 mean=0.5084 std=0.4903 max=0.9994 predicted_0=75 predicted_1=77
2026-08-22 11:23:13 - INFO - Early stopping | Epoch: 19 | Best epoch: 14
2026-08-22 11:23:13 - INFO - Best checkpoint saved | Path: model/emb1_emb/transfer_latent_bottleneck/seed_42/fold4/best.pt | Epoch: 14 | Val macro_f1: 0.828472
2026-08-22 11:23:13 - INFO - Training finished | Elapsed: 180.22s
2026-08-22 11:23:13 - INFO - Run finished | Phase: phase2 | Fold: 4 | Seed: 42 | Elapsed: 182.80s
