2026-08-21 15:31:11 - INFO - Using device: cuda
2026-08-21 15:31:11 - INFO - Run started | Run: t5base_s7_codet5m | Method: transfer_none | Phase: phase2 | Fold: 3 | Seed: 7 | Device: cuda
2026-08-21 15:31:11 - INFO - Loading Python training data: data/sven_python_folds_norm/fold3/train.jsonl
2026-08-21 15:31:11 - INFO - Loading Python validation data: data/sven_python_folds_norm/fold3/val.jsonl
2026-08-21 15:31:11 - INFO - Data split: python_train | Total: 456 | Labels: {0: 217, 1: 239} | CWEs: {'CWE-022': 40, 'CWE-078': 125, 'CWE-079': 49, 'CWE-089': 242} | Languages: {'python': 456} | Invalid CWE: 0
2026-08-21 15:31:11 - INFO - Data split: python_val | Total: 152 | Labels: {0: 83, 1: 69} | CWEs: {'CWE-022': 11, 'CWE-078': 41, 'CWE-079': 13, 'CWE-089': 87} | Languages: {'python': 152} | Invalid CWE: 0
2026-08-21 15:31:12 - INFO - Auxiliary head width taken from checkpoint: 4
2026-08-21 15:31:14 - INFO - Loaded source checkpoint: model/t5base_s7_codet5m/transfer_none/seed_7/source/best.pt | Best epoch: 14 | Best Val Macro-F1: 0.674074
2026-08-21 15:31:14 - INFO - RecAdam schedule | Total steps: 870 | Steps/epoch: 29 | Anneal t0: 43 | Weights: {1: 0.10909682119561293, 29: 0.3318122278318339, 43: 0.5, 870: 1.0}
2026-08-21 15:31:14 - INFO - Environment: {"components": {"backbone": {"frozen": 0, "total": 109607040, "trainable": 109607040}, "vul_head": {"frozen": 0, "total": 1538, "trainable": 1538}}, "cuda": "12.8", "fold": 3, "frozen_parameters": 0, "gpu": "NVIDIA GeForce RTX 5060 Ti", "hyperparameters": {"anneal_fun": "sigmoid", "anneal_k": 0.05, "anneal_t0_ratio": 0.05, "anneal_w": 1.0, "aux_mode": "none", "batch_size": 16, "checkpoint_path": "model/t5base_s7_codet5m/transfer_none/seed_7/fold3/best.pt", "cwe_vocab": "fixed4", "data_path": "data/train_ccpp_filtered.jsonl", "data_root": "data/sven_python_folds_norm", "epochs": 30, "eval_batch_size": 16, "fold": 3, "freeze_backbone_layers": 0, "freeze_prototypes_steps": 0, "lambda_cwe": 0.2, "latent_temperature": 0.1, "learning_rate": 2e-05, "lora_rank": 0, "lp_epochs": 0, "lp_learning_rate": 0.001, "max_eval_samples": null, "max_grad_norm": 1.0, "max_length": 512, "max_train_samples": null, "method_name": "transfer_none", "min_epochs": 3, "model_name": "Salesforce/codet5-base", "num_cwes": 4, "num_latent": 8, "num_workers": 0, "output_dir": "results/t5base_s7_codet5m/transfer_none", "patience": 5, "phase": "phase2", "phase2_optimizer": "recadam", "pooling": "mean", "pretrain_cof": 5000.0, "result_path": "results/t5base_s7_codet5m/transfer_none/seed_7/fold3.json", "run_name": "t5base_s7_codet5m", "seed": 7, "selection_metric": "macro_f1", "source_checkpoint": "model/t5base_s7_codet5m/transfer_none/seed_7/source/best.pt", "source_interpolation": 1.0, "strict_determinism": false, "target_lang": "python", "test_path": null, "train_path": null, "truncation_strategy": "head_middle_tail", "val_path": null, "weight_decay": 0.01}, "mode": "phase2_train", "model_name": "Salesforce/codet5-base", "seed": 7, "sklearn": "1.7.2", "torch": "2.11.0+cu128", "trainable_parameters": 109608578, "transformers": "4.57.1"}
2026-08-21 15:31:14 - INFO - Training started | Phase: phase2 | Epochs: 30
2026-08-21 15:31:15 - INFO - RecAdam first-step safety checks passed
2026-08-21 15:31:34 - INFO - Epoch 1/30 | Train loss: 0.761376 | Val loss: 0.791912 | LR: 2.00e-05 | Best epoch: 1 | Patience: 0 | Train: 17.66s | Validation: 1.97s | Epoch: 19.90s | Total: 19.90s
2026-08-21 15:31:34 - INFO - RecAdam target-task weight at epoch end: 0.331812
2026-08-21 15:31:34 - INFO - [Classification Report - split=train epoch=1 - threshold=0.50]
2026-08-21 15:31:34 - INFO -                 precision    recall  f1-score   support
2026-08-21 15:31:34 - INFO - 
2026-08-21 15:31:34 - INFO -       safe (0)     0.6847    0.3502    0.4634       217
2026-08-21 15:31:34 - INFO - vulnerable (1)     0.5913    0.8536    0.6986       239
2026-08-21 15:31:34 - INFO - 
2026-08-21 15:31:34 - INFO -       accuracy                         0.6140       456
2026-08-21 15:31:34 - INFO -      macro avg     0.6380    0.6019    0.5810       456
2026-08-21 15:31:34 - INFO -   weighted avg     0.6357    0.6140    0.5867       456
2026-08-21 15:31:34 - INFO - Confusion matrix - [[tn=76, fp=141], [fn=35, tp=204]]
2026-08-21 15:31:34 - INFO - probability_positive min=0.0041 mean=0.6286 std=0.2230 max=0.9794 predicted_0=111 predicted_1=345
2026-08-21 15:31:34 - INFO - [Classification Report - split=validation epoch=1 - threshold=0.50]
2026-08-21 15:31:34 - INFO -                 precision    recall  f1-score   support
2026-08-21 15:31:34 - INFO - 
2026-08-21 15:31:34 - INFO -       safe (0)     0.6226    0.3976    0.4853        83
2026-08-21 15:31:34 - INFO - vulnerable (1)     0.4949    0.7101    0.5833        69
2026-08-21 15:31:34 - INFO - 
2026-08-21 15:31:34 - INFO -       accuracy                         0.5395       152
2026-08-21 15:31:34 - INFO -      macro avg     0.5588    0.5539    0.5343       152
2026-08-21 15:31:34 - INFO -   weighted avg     0.5647    0.5395    0.5298       152
2026-08-21 15:31:34 - INFO - Confusion matrix - [[tn=33, fp=50], [fn=20, tp=49]]
2026-08-21 15:31:34 - INFO - probability_positive min=0.0028 mean=0.5515 std=0.2508 max=0.9590 predicted_0=53 predicted_1=99
2026-08-21 15:31:34 - INFO - New best model | Macro-F1: 0.534314 | Epoch: 1
2026-08-21 15:31:54 - INFO - Epoch 2/30 | Train loss: 0.688121 | Val loss: 0.747173 | LR: 2.00e-05 | Best epoch: 2 | Patience: 0 | Train: 17.40s | Validation: 1.96s | Epoch: 19.75s | Total: 39.66s
2026-08-21 15:31:54 - INFO - RecAdam target-task weight at epoch end: 0.679179
2026-08-21 15:31:54 - INFO - [Classification Report - split=train epoch=2 - threshold=0.50]
2026-08-21 15:31:54 - INFO -                 precision    recall  f1-score   support
2026-08-21 15:31:54 - INFO - 
2026-08-21 15:31:54 - INFO -       safe (0)     0.6062    0.5392    0.5707       217
2026-08-21 15:31:54 - INFO - vulnerable (1)     0.6198    0.6820    0.6494       239
2026-08-21 15:31:54 - INFO - 
2026-08-21 15:31:54 - INFO -       accuracy                         0.6140       456
2026-08-21 15:31:54 - INFO -      macro avg     0.6130    0.6106    0.6101       456
2026-08-21 15:31:54 - INFO -   weighted avg     0.6133    0.6140    0.6120       456
2026-08-21 15:31:54 - INFO - Confusion matrix - [[tn=117, fp=100], [fn=76, tp=163]]
2026-08-21 15:31:54 - INFO - probability_positive min=0.0042 mean=0.5245 std=0.2066 max=0.9654 predicted_0=193 predicted_1=263
2026-08-21 15:31:54 - INFO - [Classification Report - split=validation epoch=2 - threshold=0.50]
2026-08-21 15:31:54 - INFO -                 precision    recall  f1-score   support
2026-08-21 15:31:54 - INFO - 
2026-08-21 15:31:54 - INFO -       safe (0)     0.6829    0.3373    0.4516        83
2026-08-21 15:31:54 - INFO - vulnerable (1)     0.5045    0.8116    0.6222        69
2026-08-21 15:31:54 - INFO - 
2026-08-21 15:31:54 - INFO -       accuracy                         0.5526       152
2026-08-21 15:31:54 - INFO -      macro avg     0.5937    0.5745    0.5369       152
2026-08-21 15:31:54 - INFO -   weighted avg     0.6019    0.5526    0.5291       152
2026-08-21 15:31:54 - INFO - Confusion matrix - [[tn=28, fp=55], [fn=13, tp=56]]
2026-08-21 15:31:54 - INFO - probability_positive min=0.0032 mean=0.5457 std=0.2282 max=0.9363 predicted_0=41 predicted_1=111
2026-08-21 15:31:54 - INFO - New best model | Macro-F1: 0.536918 | Epoch: 2
2026-08-21 15:32:14 - INFO - Epoch 3/30 | Train loss: 0.607668 | Val loss: 0.618670 | LR: 2.00e-05 | Best epoch: 3 | Patience: 0 | Train: 17.40s | Validation: 1.96s | Epoch: 19.75s | Total: 59.42s
2026-08-21 15:32:14 - INFO - RecAdam target-task weight at epoch end: 0.900250
2026-08-21 15:32:14 - INFO - [Classification Report - split=train epoch=3 - threshold=0.50]
2026-08-21 15:32:14 - INFO -                 precision    recall  f1-score   support
2026-08-21 15:32:14 - INFO - 
2026-08-21 15:32:14 - INFO -       safe (0)     0.7197    0.5207    0.6043       217
2026-08-21 15:32:14 - INFO - vulnerable (1)     0.6522    0.8159    0.7249       239
2026-08-21 15:32:14 - INFO - 
2026-08-21 15:32:14 - INFO -       accuracy                         0.6754       456
2026-08-21 15:32:14 - INFO -      macro avg     0.6860    0.6683    0.6646       456
2026-08-21 15:32:14 - INFO -   weighted avg     0.6843    0.6754    0.6675       456
2026-08-21 15:32:14 - INFO - Confusion matrix - [[tn=113, fp=104], [fn=44, tp=195]]
2026-08-21 15:32:14 - INFO - probability_positive min=0.0049 mean=0.5413 std=0.1957 max=0.9669 predicted_0=157 predicted_1=299
2026-08-21 15:32:14 - INFO - [Classification Report - split=validation epoch=3 - threshold=0.50]
2026-08-21 15:32:14 - INFO -                 precision    recall  f1-score   support
2026-08-21 15:32:14 - INFO - 
2026-08-21 15:32:14 - INFO -       safe (0)     0.7294    0.7470    0.7381        83
2026-08-21 15:32:14 - INFO - vulnerable (1)     0.6866    0.6667    0.6765        69
2026-08-21 15:32:14 - INFO - 
2026-08-21 15:32:14 - INFO -       accuracy                         0.7105       152
2026-08-21 15:32:14 - INFO -      macro avg     0.7080    0.7068    0.7073       152
2026-08-21 15:32:14 - INFO -   weighted avg     0.7100    0.7105    0.7101       152
2026-08-21 15:32:14 - INFO - Confusion matrix - [[tn=62, fp=21], [fn=23, tp=46]]
2026-08-21 15:32:14 - INFO - probability_positive min=0.0030 mean=0.4240 std=0.2474 max=0.9055 predicted_0=85 predicted_1=67
2026-08-21 15:32:14 - INFO - New best model | Macro-F1: 0.707283 | Epoch: 3
2026-08-21 15:32:33 - INFO - Epoch 4/30 | Train loss: 0.480837 | Val loss: 0.497467 | LR: 2.00e-05 | Best epoch: 4 | Patience: 0 | Train: 17.40s | Validation: 1.97s | Epoch: 19.78s | Total: 79.22s
2026-08-21 15:32:33 - INFO - RecAdam target-task weight at epoch end: 0.974667
2026-08-21 15:32:34 - INFO - [Classification Report - split=train epoch=4 - threshold=0.50]
2026-08-21 15:32:34 - INFO -                 precision    recall  f1-score   support
2026-08-21 15:32:34 - INFO - 
2026-08-21 15:32:34 - INFO -       safe (0)     0.7345    0.7650    0.7494       217
2026-08-21 15:32:34 - INFO - vulnerable (1)     0.7783    0.7490    0.7633       239
2026-08-21 15:32:34 - INFO - 
2026-08-21 15:32:34 - INFO -       accuracy                         0.7566       456
2026-08-21 15:32:34 - INFO -      macro avg     0.7564    0.7570    0.7564       456
2026-08-21 15:32:34 - INFO -   weighted avg     0.7574    0.7566    0.7567       456
2026-08-21 15:32:34 - INFO - Confusion matrix - [[tn=166, fp=51], [fn=60, tp=179]]
2026-08-21 15:32:34 - INFO - probability_positive min=0.0044 mean=0.4768 std=0.2867 max=0.9866 predicted_0=226 predicted_1=230
2026-08-21 15:32:34 - INFO - [Classification Report - split=validation epoch=4 - threshold=0.50]
2026-08-21 15:32:34 - INFO -                 precision    recall  f1-score   support
2026-08-21 15:32:34 - INFO - 
2026-08-21 15:32:34 - INFO -       safe (0)     0.8148    0.7952    0.8049        83
2026-08-21 15:32:34 - INFO - vulnerable (1)     0.7606    0.7826    0.7714        69
2026-08-21 15:32:34 - INFO - 
2026-08-21 15:32:34 - INFO -       accuracy                         0.7895       152
2026-08-21 15:32:34 - INFO -      macro avg     0.7877    0.7889    0.7882       152
2026-08-21 15:32:34 - INFO -   weighted avg     0.7902    0.7895    0.7897       152
2026-08-21 15:32:34 - INFO - Confusion matrix - [[tn=66, fp=17], [fn=15, tp=54]]
2026-08-21 15:32:34 - INFO - probability_positive min=0.0028 mean=0.4302 std=0.3626 max=0.9895 predicted_0=81 predicted_1=71
2026-08-21 15:32:34 - INFO - New best model | Macro-F1: 0.788153 | Epoch: 4
2026-08-21 15:32:53 - INFO - Epoch 5/30 | Train loss: 0.322379 | Val loss: 0.479710 | LR: 2.00e-05 | Best epoch: 5 | Patience: 0 | Train: 17.40s | Validation: 1.96s | Epoch: 19.75s | Total: 98.99s
2026-08-21 15:32:53 - INFO - RecAdam target-task weight at epoch end: 0.993940
2026-08-21 15:32:53 - INFO - [Classification Report - split=train epoch=5 - threshold=0.50]
2026-08-21 15:32:53 - INFO -                 precision    recall  f1-score   support
2026-08-21 15:32:53 - INFO - 
2026-08-21 15:32:53 - INFO -       safe (0)     0.8792    0.8387    0.8585       217
2026-08-21 15:32:53 - INFO - vulnerable (1)     0.8594    0.8954    0.8770       239
2026-08-21 15:32:53 - INFO - 
2026-08-21 15:32:53 - INFO -       accuracy                         0.8684       456
2026-08-21 15:32:53 - INFO -      macro avg     0.8693    0.8671    0.8678       456
2026-08-21 15:32:53 - INFO -   weighted avg     0.8689    0.8684    0.8682       456
2026-08-21 15:32:53 - INFO - Confusion matrix - [[tn=182, fp=35], [fn=25, tp=214]]
2026-08-21 15:32:53 - INFO - probability_positive min=0.0038 mean=0.5122 std=0.3775 max=0.9911 predicted_0=207 predicted_1=249
2026-08-21 15:32:53 - INFO - [Classification Report - split=validation epoch=5 - threshold=0.50]
2026-08-21 15:32:53 - INFO -                 precision    recall  f1-score   support
2026-08-21 15:32:53 - INFO - 
2026-08-21 15:32:53 - INFO -       safe (0)     0.8500    0.8193    0.8344        83
2026-08-21 15:32:53 - INFO - vulnerable (1)     0.7917    0.8261    0.8085        69
2026-08-21 15:32:53 - INFO - 
2026-08-21 15:32:53 - INFO -       accuracy                         0.8224       152
2026-08-21 15:32:53 - INFO -      macro avg     0.8208    0.8227    0.8214       152
2026-08-21 15:32:53 - INFO -   weighted avg     0.8235    0.8224    0.8226       152
2026-08-21 15:32:53 - INFO - Confusion matrix - [[tn=68, fp=15], [fn=12, tp=57]]
2026-08-21 15:32:53 - INFO - probability_positive min=0.0024 mean=0.4642 std=0.4196 max=0.9956 predicted_0=80 predicted_1=72
2026-08-21 15:32:53 - INFO - New best model | Macro-F1: 0.821433 | Epoch: 5
2026-08-21 15:33:13 - INFO - Epoch 6/30 | Train loss: 0.233868 | Val loss: 0.556347 | LR: 2.00e-05 | Best epoch: 5 | Patience: 1 | Train: 17.40s | Validation: 1.97s | Epoch: 19.37s | Total: 118.37s
2026-08-21 15:33:13 - INFO - RecAdam target-task weight at epoch end: 0.998572
2026-08-21 15:33:13 - INFO - [Classification Report - split=train epoch=6 - threshold=0.50]
2026-08-21 15:33:13 - INFO -                 precision    recall  f1-score   support
2026-08-21 15:33:13 - INFO - 
2026-08-21 15:33:13 - INFO -       safe (0)     0.9220    0.8710    0.8957       217
2026-08-21 15:33:13 - INFO - vulnerable (1)     0.8884    0.9331    0.9102       239
2026-08-21 15:33:13 - INFO - 
2026-08-21 15:33:13 - INFO -       accuracy                         0.9035       456
2026-08-21 15:33:13 - INFO -      macro avg     0.9052    0.9020    0.9030       456
2026-08-21 15:33:13 - INFO -   weighted avg     0.9044    0.9035    0.9033       456
2026-08-21 15:33:13 - INFO - Confusion matrix - [[tn=189, fp=28], [fn=16, tp=223]]
2026-08-21 15:33:13 - INFO - probability_positive min=0.0035 mean=0.5282 std=0.4242 max=0.9962 predicted_0=205 predicted_1=251
2026-08-21 15:33:13 - INFO - [Classification Report - split=validation epoch=6 - threshold=0.50]
2026-08-21 15:33:13 - INFO -                 precision    recall  f1-score   support
2026-08-21 15:33:13 - INFO - 
2026-08-21 15:33:13 - INFO -       safe (0)     0.8696    0.7229    0.7895        83
2026-08-21 15:33:13 - INFO - vulnerable (1)     0.7229    0.8696    0.7895        69
2026-08-21 15:33:13 - INFO - 
2026-08-21 15:33:13 - INFO -       accuracy                         0.7895       152
2026-08-21 15:33:13 - INFO -      macro avg     0.7962    0.7962    0.7895       152
2026-08-21 15:33:13 - INFO -   weighted avg     0.8030    0.7895    0.7895       152
2026-08-21 15:33:13 - INFO - Confusion matrix - [[tn=60, fp=23], [fn=9, tp=60]]
2026-08-21 15:33:13 - INFO - probability_positive min=0.0022 mean=0.5319 std=0.4432 max=0.9976 predicted_0=69 predicted_1=83
2026-08-21 15:33:32 - INFO - Epoch 7/30 | Train loss: 0.181976 | Val loss: 0.425128 | LR: 2.00e-05 | Best epoch: 7 | Patience: 0 | Train: 17.40s | Validation: 1.97s | Epoch: 19.74s | Total: 138.12s
2026-08-21 15:33:32 - INFO - RecAdam target-task weight at epoch end: 0.999665
2026-08-21 15:33:32 - INFO - [Classification Report - split=train epoch=7 - threshold=0.50]
2026-08-21 15:33:32 - INFO -                 precision    recall  f1-score   support
2026-08-21 15:33:32 - INFO - 
2026-08-21 15:33:32 - INFO -       safe (0)     0.9209    0.9124    0.9167       217
2026-08-21 15:33:32 - INFO - vulnerable (1)     0.9212    0.9289    0.9250       239
2026-08-21 15:33:32 - INFO - 
2026-08-21 15:33:32 - INFO -       accuracy                         0.9211       456
2026-08-21 15:33:32 - INFO -      macro avg     0.9210    0.9207    0.9208       456
2026-08-21 15:33:32 - INFO -   weighted avg     0.9211    0.9211    0.9210       456
2026-08-21 15:33:32 - INFO - Confusion matrix - [[tn=198, fp=19], [fn=17, tp=222]]
2026-08-21 15:33:32 - INFO - probability_positive min=0.0025 mean=0.5235 std=0.4373 max=0.9970 predicted_0=215 predicted_1=241
2026-08-21 15:33:32 - INFO - [Classification Report - split=validation epoch=7 - threshold=0.50]
2026-08-21 15:33:32 - INFO -                 precision    recall  f1-score   support
2026-08-21 15:33:32 - INFO - 
2026-08-21 15:33:32 - INFO -       safe (0)     0.8846    0.8313    0.8571        83
2026-08-21 15:33:32 - INFO - vulnerable (1)     0.8108    0.8696    0.8392        69
2026-08-21 15:33:32 - INFO - 
2026-08-21 15:33:32 - INFO -       accuracy                         0.8487       152
2026-08-21 15:33:32 - INFO -      macro avg     0.8477    0.8504    0.8482       152
2026-08-21 15:33:32 - INFO -   weighted avg     0.8511    0.8487    0.8490       152
2026-08-21 15:33:32 - INFO - Confusion matrix - [[tn=69, fp=14], [fn=9, tp=60]]
2026-08-21 15:33:32 - INFO - probability_positive min=0.0019 mean=0.4844 std=0.4475 max=0.9976 predicted_0=78 predicted_1=74
2026-08-21 15:33:32 - INFO - New best model | Macro-F1: 0.848152 | Epoch: 7
2026-08-21 15:33:52 - INFO - Epoch 8/30 | Train loss: 0.109897 | Val loss: 0.636236 | LR: 2.00e-05 | Best epoch: 7 | Patience: 1 | Train: 17.40s | Validation: 1.97s | Epoch: 19.37s | Total: 157.50s
2026-08-21 15:33:52 - INFO - RecAdam target-task weight at epoch end: 0.999921
2026-08-21 15:33:52 - INFO - [Classification Report - split=train epoch=8 - threshold=0.50]
2026-08-21 15:33:52 - INFO -                 precision    recall  f1-score   support
2026-08-21 15:33:52 - INFO - 
2026-08-21 15:33:52 - INFO -       safe (0)     0.9628    0.9539    0.9583       217
2026-08-21 15:33:52 - INFO - vulnerable (1)     0.9585    0.9665    0.9625       239
2026-08-21 15:33:52 - INFO - 
2026-08-21 15:33:52 - INFO -       accuracy                         0.9605       456
2026-08-21 15:33:52 - INFO -      macro avg     0.9606    0.9602    0.9604       456
2026-08-21 15:33:52 - INFO -   weighted avg     0.9605    0.9605    0.9605       456
2026-08-21 15:33:52 - INFO - Confusion matrix - [[tn=207, fp=10], [fn=8, tp=231]]
2026-08-21 15:33:52 - INFO - probability_positive min=0.0018 mean=0.5255 std=0.4589 max=0.9977 predicted_0=215 predicted_1=241
2026-08-21 15:33:52 - INFO - [Classification Report - split=validation epoch=8 - threshold=0.50]
2026-08-21 15:33:52 - INFO -                 precision    recall  f1-score   support
2026-08-21 15:33:52 - INFO - 
2026-08-21 15:33:52 - INFO -       safe (0)     0.8955    0.7229    0.8000        83
2026-08-21 15:33:52 - INFO - vulnerable (1)     0.7294    0.8986    0.8052        69
2026-08-21 15:33:52 - INFO - 
2026-08-21 15:33:52 - INFO -       accuracy                         0.8026       152
2026-08-21 15:33:52 - INFO -      macro avg     0.8125    0.8107    0.8026       152
2026-08-21 15:33:52 - INFO -   weighted avg     0.8201    0.8026    0.8024       152
2026-08-21 15:33:52 - INFO - Confusion matrix - [[tn=60, fp=23], [fn=7, tp=62]]
2026-08-21 15:33:52 - INFO - probability_positive min=0.0014 mean=0.5542 std=0.4703 max=0.9986 predicted_0=67 predicted_1=85
2026-08-21 15:34:11 - INFO - Epoch 9/30 | Train loss: 0.095145 | Val loss: 0.588549 | LR: 2.00e-05 | Best epoch: 7 | Patience: 2 | Train: 17.40s | Validation: 1.96s | Epoch: 19.36s | Total: 176.87s
2026-08-21 15:34:11 - INFO - RecAdam target-task weight at epoch end: 0.999982
2026-08-21 15:34:11 - INFO - [Classification Report - split=train epoch=9 - threshold=0.50]
2026-08-21 15:34:11 - INFO -                 precision    recall  f1-score   support
2026-08-21 15:34:11 - INFO - 
2026-08-21 15:34:11 - INFO -       safe (0)     0.9498    0.9585    0.9541       217
2026-08-21 15:34:11 - INFO - vulnerable (1)     0.9620    0.9540    0.9580       239
2026-08-21 15:34:11 - INFO - 
2026-08-21 15:34:11 - INFO -       accuracy                         0.9561       456
2026-08-21 15:34:11 - INFO -      macro avg     0.9559    0.9563    0.9561       456
2026-08-21 15:34:11 - INFO -   weighted avg     0.9562    0.9561    0.9561       456
2026-08-21 15:34:11 - INFO - Confusion matrix - [[tn=208, fp=9], [fn=11, tp=228]]
2026-08-21 15:34:11 - INFO - probability_positive min=0.0019 mean=0.5218 std=0.4730 max=0.9979 predicted_0=219 predicted_1=237
2026-08-21 15:34:11 - INFO - [Classification Report - split=validation epoch=9 - threshold=0.50]
2026-08-21 15:34:11 - INFO -                 precision    recall  f1-score   support
2026-08-21 15:34:11 - INFO - 
2026-08-21 15:34:11 - INFO -       safe (0)     0.8452    0.8554    0.8503        83
2026-08-21 15:34:11 - INFO - vulnerable (1)     0.8235    0.8116    0.8175        69
2026-08-21 15:34:11 - INFO - 
2026-08-21 15:34:11 - INFO -       accuracy                         0.8355       152
2026-08-21 15:34:11 - INFO -      macro avg     0.8344    0.8335    0.8339       152
2026-08-21 15:34:11 - INFO -   weighted avg     0.8354    0.8355    0.8354       152
2026-08-21 15:34:11 - INFO - Confusion matrix - [[tn=71, fp=12], [fn=13, tp=56]]
2026-08-21 15:34:11 - INFO - probability_positive min=0.0012 mean=0.4474 std=0.4706 max=0.9988 predicted_0=84 predicted_1=68
2026-08-21 15:34:31 - INFO - Epoch 10/30 | Train loss: 0.076007 | Val loss: 0.646205 | LR: 2.00e-05 | Best epoch: 7 | Patience: 3 | Train: 17.40s | Validation: 1.96s | Epoch: 19.36s | Total: 196.24s
2026-08-21 15:34:31 - INFO - RecAdam target-task weight at epoch end: 0.999996
2026-08-21 15:34:31 - INFO - [Classification Report - split=train epoch=10 - threshold=0.50]
2026-08-21 15:34:31 - INFO -                 precision    recall  f1-score   support
2026-08-21 15:34:31 - INFO - 
2026-08-21 15:34:31 - INFO -       safe (0)     0.9635    0.9724    0.9679       217
2026-08-21 15:34:31 - INFO - vulnerable (1)     0.9747    0.9665    0.9706       239
2026-08-21 15:34:31 - INFO - 
2026-08-21 15:34:31 - INFO -       accuracy                         0.9693       456
2026-08-21 15:34:31 - INFO -      macro avg     0.9691    0.9694    0.9692       456
2026-08-21 15:34:31 - INFO -   weighted avg     0.9693    0.9693    0.9693       456
2026-08-21 15:34:31 - INFO - Confusion matrix - [[tn=211, fp=6], [fn=8, tp=231]]
2026-08-21 15:34:31 - INFO - probability_positive min=0.0012 mean=0.5230 std=0.4834 max=0.9985 predicted_0=219 predicted_1=237
2026-08-21 15:34:31 - INFO - [Classification Report - split=validation epoch=10 - threshold=0.50]
2026-08-21 15:34:31 - INFO -                 precision    recall  f1-score   support
2026-08-21 15:34:31 - INFO - 
2026-08-21 15:34:31 - INFO -       safe (0)     0.8816    0.8072    0.8428        83
2026-08-21 15:34:31 - INFO - vulnerable (1)     0.7895    0.8696    0.8276        69
2026-08-21 15:34:31 - INFO - 
2026-08-21 15:34:31 - INFO -       accuracy                         0.8355       152
2026-08-21 15:34:31 - INFO -      macro avg     0.8355    0.8384    0.8352       152
2026-08-21 15:34:31 - INFO -   weighted avg     0.8398    0.8355    0.8359       152
2026-08-21 15:34:31 - INFO - Confusion matrix - [[tn=67, fp=16], [fn=9, tp=60]]
2026-08-21 15:34:31 - INFO - probability_positive min=0.0010 mean=0.5013 std=0.4778 max=0.9991 predicted_0=76 predicted_1=76
2026-08-21 15:34:50 - INFO - Epoch 11/30 | Train loss: 0.045156 | Val loss: 0.761370 | LR: 2.00e-05 | Best epoch: 7 | Patience: 4 | Train: 17.40s | Validation: 1.97s | Epoch: 19.37s | Total: 215.61s
2026-08-21 15:34:50 - INFO - RecAdam target-task weight at epoch end: 0.999999
2026-08-21 15:34:50 - INFO - [Classification Report - split=train epoch=11 - threshold=0.50]
2026-08-21 15:34:50 - INFO -                 precision    recall  f1-score   support
2026-08-21 15:34:50 - INFO - 
2026-08-21 15:34:50 - INFO -       safe (0)     0.9860    0.9770    0.9815       217
2026-08-21 15:34:50 - INFO - vulnerable (1)     0.9793    0.9874    0.9833       239
2026-08-21 15:34:50 - INFO - 
2026-08-21 15:34:50 - INFO -       accuracy                         0.9825       456
2026-08-21 15:34:50 - INFO -      macro avg     0.9826    0.9822    0.9824       456
2026-08-21 15:34:50 - INFO -   weighted avg     0.9825    0.9825    0.9825       456
2026-08-21 15:34:50 - INFO - Confusion matrix - [[tn=212, fp=5], [fn=3, tp=236]]
2026-08-21 15:34:50 - INFO - probability_positive min=0.0014 mean=0.5258 std=0.4839 max=0.9987 predicted_0=215 predicted_1=241
2026-08-21 15:34:50 - INFO - [Classification Report - split=validation epoch=11 - threshold=0.50]
2026-08-21 15:34:50 - INFO -                 precision    recall  f1-score   support
2026-08-21 15:34:50 - INFO - 
2026-08-21 15:34:50 - INFO -       safe (0)     0.8933    0.8072    0.8481        83
2026-08-21 15:34:50 - INFO - vulnerable (1)     0.7922    0.8841    0.8356        69
2026-08-21 15:34:50 - INFO - 
2026-08-21 15:34:50 - INFO -       accuracy                         0.8421       152
2026-08-21 15:34:50 - INFO -      macro avg     0.8428    0.8456    0.8419       152
2026-08-21 15:34:50 - INFO -   weighted avg     0.8474    0.8421    0.8424       152
2026-08-21 15:34:50 - INFO - Confusion matrix - [[tn=67, fp=16], [fn=8, tp=61]]
2026-08-21 15:34:50 - INFO - probability_positive min=0.0008 mean=0.5123 std=0.4851 max=0.9993 predicted_0=75 predicted_1=77
2026-08-21 15:35:09 - INFO - Epoch 12/30 | Train loss: 0.045516 | Val loss: 0.742871 | LR: 2.00e-05 | Best epoch: 7 | Patience: 5 | Train: 17.40s | Validation: 1.96s | Epoch: 19.37s | Total: 234.98s
2026-08-21 15:35:09 - INFO - RecAdam target-task weight at epoch end: 1.000000
2026-08-21 15:35:09 - INFO - [Classification Report - split=train epoch=12 - threshold=0.50]
2026-08-21 15:35:09 - INFO -                 precision    recall  f1-score   support
2026-08-21 15:35:09 - INFO - 
2026-08-21 15:35:09 - INFO -       safe (0)     0.9861    0.9816    0.9838       217
2026-08-21 15:35:09 - INFO - vulnerable (1)     0.9833    0.9874    0.9854       239
2026-08-21 15:35:09 - INFO - 
2026-08-21 15:35:09 - INFO -       accuracy                         0.9846       456
2026-08-21 15:35:09 - INFO -      macro avg     0.9847    0.9845    0.9846       456
2026-08-21 15:35:09 - INFO -   weighted avg     0.9847    0.9846    0.9846       456
2026-08-21 15:35:09 - INFO - Confusion matrix - [[tn=213, fp=4], [fn=3, tp=236]]
2026-08-21 15:35:09 - INFO - probability_positive min=0.0011 mean=0.5203 std=0.4898 max=0.9990 predicted_0=216 predicted_1=240
2026-08-21 15:35:09 - INFO - [Classification Report - split=validation epoch=12 - threshold=0.50]
2026-08-21 15:35:09 - INFO -                 precision    recall  f1-score   support
2026-08-21 15:35:09 - INFO - 
2026-08-21 15:35:09 - INFO -       safe (0)     0.8831    0.8193    0.8500        83
2026-08-21 15:35:09 - INFO - vulnerable (1)     0.8000    0.8696    0.8333        69
2026-08-21 15:35:09 - INFO - 
2026-08-21 15:35:09 - INFO -       accuracy                         0.8421       152
2026-08-21 15:35:09 - INFO -      macro avg     0.8416    0.8444    0.8417       152
2026-08-21 15:35:09 - INFO -   weighted avg     0.8454    0.8421    0.8424       152
2026-08-21 15:35:09 - INFO - Confusion matrix - [[tn=68, fp=15], [fn=9, tp=60]]
2026-08-21 15:35:09 - INFO - probability_positive min=0.0007 mean=0.4911 std=0.4813 max=0.9994 predicted_0=77 predicted_1=75
2026-08-21 15:35:09 - INFO - Early stopping | Epoch: 12 | Best epoch: 7
2026-08-21 15:35:09 - INFO - Best checkpoint saved | Path: model/t5base_s7_codet5m/transfer_none/seed_7/fold3/best.pt | Epoch: 7 | Val macro_f1: 0.848152
2026-08-21 15:35:09 - INFO - Training finished | Elapsed: 234.99s
2026-08-21 15:35:09 - INFO - Run finished | Phase: phase2 | Fold: 3 | Seed: 7 | Elapsed: 237.80s
