2026-08-22 13:50:23 - INFO - Using device: cuda
2026-08-22 13:50:23 - INFO - Run started | Run: nora_codebert | Method: transfer_cwe | Phase: phase2 | Fold: 2 | Seed: 42 | Device: cuda
2026-08-22 13:50:23 - INFO - Loading Python training data: data/sven_python_folds_norm/fold2/train.jsonl
2026-08-22 13:50:23 - INFO - Loading Python validation data: data/sven_python_folds_norm/fold2/val.jsonl
2026-08-22 13:50:23 - INFO - Data split: python_train | Total: 456 | Labels: {0: 226, 1: 230} | CWEs: {'CWE-022': 43, 'CWE-078': 124, 'CWE-079': 43, 'CWE-089': 246} | Languages: {'python': 456} | Invalid CWE: 0
2026-08-22 13:50:23 - INFO - Data split: python_val | Total: 152 | Labels: {0: 80, 1: 72} | CWEs: {'CWE-022': 15, 'CWE-078': 38, 'CWE-079': 20, 'CWE-089': 79} | Languages: {'python': 152} | Invalid CWE: 0
2026-08-22 13:50:24 - INFO - Auxiliary head width taken from checkpoint: 4
2026-08-22 13:50:27 - INFO - Loaded source checkpoint: model/nora_codebert/transfer_cwe/seed_42/source/best.pt | Best epoch: 12 | Best Val Macro-F1: 0.658601
2026-08-22 13:50:27 - INFO - Phase 2 optimizer: AdamW (RecAdam anchoring disabled)
2026-08-22 13:50:27 - INFO - Environment: {"components": {"backbone": {"frozen": 0, "total": 124645632, "trainable": 124645632}, "cwe_head": {"frozen": 3076, "total": 3076, "trainable": 0}, "vul_head": {"frozen": 0, "total": 1538, "trainable": 1538}}, "cuda": "12.8", "fold": 2, "frozen_parameters": 3076, "gpu": "NVIDIA GeForce RTX 5060 Ti", "hyperparameters": {"anneal_fun": "sigmoid", "anneal_k": 0.05, "anneal_t0_ratio": 0.05, "anneal_w": 1.0, "aux_mode": "cwe", "batch_size": 16, "checkpoint_path": "model/nora_codebert/transfer_cwe/seed_42/fold2/best.pt", "cwe_vocab": "fixed4", "data_path": "data/train_ccpp_filtered.jsonl", "data_root": "data/sven_python_folds_norm", "epochs": 30, "eval_batch_size": 16, "fold": 2, "freeze_backbone_layers": 0, "freeze_prototypes_steps": 0, "lambda_cwe": 0.2, "latent_temperature": 0.1, "learning_rate": 2e-05, "lora_rank": 0, "lp_epochs": 0, "lp_learning_rate": 0.001, "max_eval_samples": null, "max_grad_norm": 1.0, "max_length": 512, "max_train_samples": null, "method_name": "transfer_cwe", "min_epochs": 3, "model_name": "microsoft/codebert-base", "num_cwes": 4, "num_latent": 8, "num_workers": 0, "output_dir": "results/nora_codebert/transfer_cwe", "patience": 5, "phase": "phase2", "phase2_optimizer": "adamw", "pooling": "cls", "pretrain_cof": 5000.0, "recadam_anchor": "source", "result_path": "results/nora_codebert/transfer_cwe/seed_42/fold2.json", "run_name": "nora_codebert", "sam_rho": 0.0, "seed": 42, "selection_metric": "macro_f1", "source_checkpoint": "model/nora_codebert/transfer_cwe/seed_42/source/best.pt", "source_interpolation": 1.0, "strict_determinism": false, "target_lang": "python", "test_path": null, "train_path": null, "truncation_strategy": "head_middle_tail", "val_path": null, "weight_decay": 0.01}, "mode": "phase2_train", "model_name": "microsoft/codebert-base", "seed": 42, "sklearn": "1.9.0", "torch": "2.11.0+cu128", "trainable_parameters": 124647170, "transformers": "4.57.1"}
2026-08-22 13:50:27 - INFO - Training started | Phase: phase2 | Epochs: 30
2026-08-22 13:50:28 - INFO - RecAdam first-step safety checks passed
2026-08-22 13:50:44 - INFO - Epoch 1/30 | Train loss: 0.707000 | Val loss: 0.664823 | LR: 2.00e-05 | Best epoch: 1 | Patience: 0 | Train: 14.81s | Validation: 1.60s | Epoch: 16.82s | Total: 16.82s
2026-08-22 13:50:44 - INFO - [Classification Report - split=train epoch=1 - threshold=0.50]
2026-08-22 13:50:44 - INFO -                 precision    recall  f1-score   support
2026-08-22 13:50:44 - INFO - 
2026-08-22 13:50:44 - INFO -       safe (0)     0.5545    0.5398    0.5471       226
2026-08-22 13:50:44 - INFO - vulnerable (1)     0.5593    0.5739    0.5665       230
2026-08-22 13:50:44 - INFO - 
2026-08-22 13:50:44 - INFO -       accuracy                         0.5570       456
2026-08-22 13:50:44 - INFO -      macro avg     0.5569    0.5569    0.5568       456
2026-08-22 13:50:44 - INFO -   weighted avg     0.5570    0.5570    0.5569       456
2026-08-22 13:50:44 - INFO - Confusion matrix - [[tn=122, fp=104], [fn=98, tp=132]]
2026-08-22 13:50:44 - INFO - probability_positive min=0.0136 mean=0.5166 std=0.1564 max=0.9376 predicted_0=220 predicted_1=236
2026-08-22 13:50:44 - INFO - [Classification Report - split=validation epoch=1 - threshold=0.50]
2026-08-22 13:50:44 - INFO -                 precision    recall  f1-score   support
2026-08-22 13:50:44 - INFO - 
2026-08-22 13:50:44 - INFO -       safe (0)     0.5636    0.7750    0.6526        80
2026-08-22 13:50:44 - INFO - vulnerable (1)     0.5714    0.3333    0.4211        72
2026-08-22 13:50:44 - INFO - 
2026-08-22 13:50:44 - INFO -       accuracy                         0.5658       152
2026-08-22 13:50:44 - INFO -      macro avg     0.5675    0.5542    0.5368       152
2026-08-22 13:50:44 - INFO -   weighted avg     0.5673    0.5658    0.5429       152
2026-08-22 13:50:44 - INFO - Confusion matrix - [[tn=62, fp=18], [fn=48, tp=24]]
2026-08-22 13:50:44 - INFO - probability_positive min=0.0362 mean=0.4486 std=0.1351 max=0.8722 predicted_0=110 predicted_1=42
2026-08-22 13:50:44 - INFO - New best model | Macro-F1: 0.536842 | Epoch: 1
2026-08-22 13:51:00 - INFO - Epoch 2/30 | Train loss: 0.566532 | Val loss: 0.642908 | LR: 2.00e-05 | Best epoch: 2 | Patience: 0 | Train: 14.41s | Validation: 1.60s | Epoch: 16.77s | Total: 33.60s
2026-08-22 13:51:00 - INFO - [Classification Report - split=train epoch=2 - threshold=0.50]
2026-08-22 13:51:00 - INFO -                 precision    recall  f1-score   support
2026-08-22 13:51:00 - INFO - 
2026-08-22 13:51:00 - INFO -       safe (0)     0.6486    0.7434    0.6928       226
2026-08-22 13:51:00 - INFO - vulnerable (1)     0.7056    0.6043    0.6511       230
2026-08-22 13:51:00 - INFO - 
2026-08-22 13:51:00 - INFO -       accuracy                         0.6732       456
2026-08-22 13:51:00 - INFO -      macro avg     0.6771    0.6739    0.6719       456
2026-08-22 13:51:00 - INFO -   weighted avg     0.6774    0.6732    0.6717       456
2026-08-22 13:51:00 - INFO - Confusion matrix - [[tn=168, fp=58], [fn=91, tp=139]]
2026-08-22 13:51:00 - INFO - probability_positive min=0.0158 mean=0.4963 std=0.1934 max=0.9898 predicted_0=259 predicted_1=197
2026-08-22 13:51:00 - INFO - [Classification Report - split=validation epoch=2 - threshold=0.50]
2026-08-22 13:51:00 - INFO -                 precision    recall  f1-score   support
2026-08-22 13:51:00 - INFO - 
2026-08-22 13:51:00 - INFO -       safe (0)     0.8222    0.4625    0.5920        80
2026-08-22 13:51:00 - INFO - vulnerable (1)     0.5981    0.8889    0.7151        72
2026-08-22 13:51:00 - INFO - 
2026-08-22 13:51:00 - INFO -       accuracy                         0.6645       152
2026-08-22 13:51:00 - INFO -      macro avg     0.7102    0.6757    0.6535       152
2026-08-22 13:51:00 - INFO -   weighted avg     0.7161    0.6645    0.6503       152
2026-08-22 13:51:00 - INFO - Confusion matrix - [[tn=37, fp=43], [fn=8, tp=64]]
2026-08-22 13:51:00 - INFO - probability_positive min=0.0309 mean=0.6242 std=0.2772 max=0.9920 predicted_0=45 predicted_1=107
2026-08-22 13:51:00 - INFO - New best model | Macro-F1: 0.653542 | Epoch: 2
2026-08-22 13:51:17 - INFO - Epoch 3/30 | Train loss: 0.381869 | Val loss: 0.551217 | LR: 2.00e-05 | Best epoch: 3 | Patience: 0 | Train: 14.43s | Validation: 1.60s | Epoch: 16.77s | Total: 50.40s
2026-08-22 13:51:17 - INFO - [Classification Report - split=train epoch=3 - threshold=0.50]
2026-08-22 13:51:17 - INFO -                 precision    recall  f1-score   support
2026-08-22 13:51:17 - INFO - 
2026-08-22 13:51:17 - INFO -       safe (0)     0.8009    0.8009    0.8009       226
2026-08-22 13:51:17 - INFO - vulnerable (1)     0.8043    0.8043    0.8043       230
2026-08-22 13:51:17 - INFO - 
2026-08-22 13:51:17 - INFO -       accuracy                         0.8026       456
2026-08-22 13:51:17 - INFO -      macro avg     0.8026    0.8026    0.8026       456
2026-08-22 13:51:17 - INFO -   weighted avg     0.8026    0.8026    0.8026       456
2026-08-22 13:51:17 - INFO - Confusion matrix - [[tn=181, fp=45], [fn=45, tp=185]]
2026-08-22 13:51:17 - INFO - probability_positive min=0.0040 mean=0.5170 std=0.3539 max=0.9965 predicted_0=226 predicted_1=230
2026-08-22 13:51:17 - INFO - [Classification Report - split=validation epoch=3 - threshold=0.50]
2026-08-22 13:51:17 - INFO -                 precision    recall  f1-score   support
2026-08-22 13:51:17 - INFO - 
2026-08-22 13:51:17 - INFO -       safe (0)     0.7922    0.7625    0.7771        80
2026-08-22 13:51:17 - INFO - vulnerable (1)     0.7467    0.7778    0.7619        72
2026-08-22 13:51:17 - INFO - 
2026-08-22 13:51:17 - INFO -       accuracy                         0.7697       152
2026-08-22 13:51:17 - INFO -      macro avg     0.7694    0.7701    0.7695       152
2026-08-22 13:51:17 - INFO -   weighted avg     0.7706    0.7697    0.7699       152
2026-08-22 13:51:17 - INFO - Confusion matrix - [[tn=61, fp=19], [fn=16, tp=56]]
2026-08-22 13:51:17 - INFO - probability_positive min=0.0029 mean=0.4891 std=0.3802 max=0.9964 predicted_0=77 predicted_1=75
2026-08-22 13:51:17 - INFO - New best model | Macro-F1: 0.769487 | Epoch: 3
2026-08-22 13:51:33 - INFO - Epoch 4/30 | Train loss: 0.260532 | Val loss: 0.622005 | LR: 2.00e-05 | Best epoch: 3 | Patience: 1 | Train: 14.44s | Validation: 1.60s | Epoch: 16.04s | Total: 66.47s
2026-08-22 13:51:33 - INFO - [Classification Report - split=train epoch=4 - threshold=0.50]
2026-08-22 13:51:33 - INFO -                 precision    recall  f1-score   support
2026-08-22 13:51:33 - INFO - 
2026-08-22 13:51:33 - INFO -       safe (0)     0.8824    0.8628    0.8725       226
2026-08-22 13:51:33 - INFO - vulnerable (1)     0.8681    0.8870    0.8774       230
2026-08-22 13:51:33 - INFO - 
2026-08-22 13:51:33 - INFO -       accuracy                         0.8750       456
2026-08-22 13:51:33 - INFO -      macro avg     0.8752    0.8749    0.8750       456
2026-08-22 13:51:33 - INFO -   weighted avg     0.8752    0.8750    0.8750       456
2026-08-22 13:51:33 - INFO - Confusion matrix - [[tn=195, fp=31], [fn=26, tp=204]]
2026-08-22 13:51:33 - INFO - probability_positive min=0.0029 mean=0.5071 std=0.4017 max=0.9977 predicted_0=221 predicted_1=235
2026-08-22 13:51:33 - INFO - [Classification Report - split=validation epoch=4 - threshold=0.50]
2026-08-22 13:51:33 - INFO -                 precision    recall  f1-score   support
2026-08-22 13:51:33 - INFO - 
2026-08-22 13:51:33 - INFO -       safe (0)     0.8028    0.7125    0.7550        80
2026-08-22 13:51:33 - INFO - vulnerable (1)     0.7160    0.8056    0.7582        72
2026-08-22 13:51:33 - INFO - 
2026-08-22 13:51:33 - INFO -       accuracy                         0.7566       152
2026-08-22 13:51:33 - INFO -      macro avg     0.7594    0.7590    0.7566       152
2026-08-22 13:51:33 - INFO -   weighted avg     0.7617    0.7566    0.7565       152
2026-08-22 13:51:33 - INFO - Confusion matrix - [[tn=57, fp=23], [fn=14, tp=58]]
2026-08-22 13:51:33 - INFO - probability_positive min=0.0022 mean=0.5163 std=0.4273 max=0.9983 predicted_0=71 predicted_1=81
2026-08-22 13:51:49 - INFO - Epoch 5/30 | Train loss: 0.193760 | Val loss: 0.776063 | LR: 2.00e-05 | Best epoch: 3 | Patience: 2 | Train: 14.43s | Validation: 1.61s | Epoch: 16.03s | Total: 82.52s
2026-08-22 13:51:49 - INFO - [Classification Report - split=train epoch=5 - threshold=0.50]
2026-08-22 13:51:49 - INFO -                 precision    recall  f1-score   support
2026-08-22 13:51:49 - INFO - 
2026-08-22 13:51:49 - INFO -       safe (0)     0.9043    0.9204    0.9123       226
2026-08-22 13:51:49 - INFO - vulnerable (1)     0.9204    0.9043    0.9123       230
2026-08-22 13:51:49 - INFO - 
2026-08-22 13:51:49 - INFO -       accuracy                         0.9123       456
2026-08-22 13:51:49 - INFO -      macro avg     0.9124    0.9124    0.9123       456
2026-08-22 13:51:49 - INFO -   weighted avg     0.9124    0.9123    0.9123       456
2026-08-22 13:51:49 - INFO - Confusion matrix - [[tn=208, fp=18], [fn=22, tp=208]]
2026-08-22 13:51:49 - INFO - probability_positive min=0.0010 mean=0.4966 std=0.4392 max=0.9990 predicted_0=230 predicted_1=226
2026-08-22 13:51:49 - INFO - [Classification Report - split=validation epoch=5 - threshold=0.50]
2026-08-22 13:51:49 - INFO -                 precision    recall  f1-score   support
2026-08-22 13:51:49 - INFO - 
2026-08-22 13:51:49 - INFO -       safe (0)     0.7312    0.8500    0.7861        80
2026-08-22 13:51:49 - INFO - vulnerable (1)     0.7966    0.6528    0.7176        72
2026-08-22 13:51:49 - INFO - 
2026-08-22 13:51:49 - INFO -       accuracy                         0.7566       152
2026-08-22 13:51:49 - INFO -      macro avg     0.7639    0.7514    0.7518       152
2026-08-22 13:51:49 - INFO -   weighted avg     0.7622    0.7566    0.7536       152
2026-08-22 13:51:49 - INFO - Confusion matrix - [[tn=68, fp=12], [fn=25, tp=47]]
2026-08-22 13:51:49 - INFO - probability_positive min=0.0005 mean=0.4031 std=0.4319 max=0.9992 predicted_0=93 predicted_1=59
2026-08-22 13:52:06 - INFO - Epoch 6/30 | Train loss: 0.138885 | Val loss: 0.717242 | LR: 2.00e-05 | Best epoch: 6 | Patience: 0 | Train: 14.43s | Validation: 1.61s | Epoch: 16.80s | Total: 99.33s
2026-08-22 13:52:06 - INFO - [Classification Report - split=train epoch=6 - threshold=0.50]
2026-08-22 13:52:06 - INFO -                 precision    recall  f1-score   support
2026-08-22 13:52:06 - INFO - 
2026-08-22 13:52:06 - INFO -       safe (0)     0.9313    0.9602    0.9455       226
2026-08-22 13:52:06 - INFO - vulnerable (1)     0.9596    0.9304    0.9448       230
2026-08-22 13:52:06 - INFO - 
2026-08-22 13:52:06 - INFO -       accuracy                         0.9452       456
2026-08-22 13:52:06 - INFO -      macro avg     0.9455    0.9453    0.9452       456
2026-08-22 13:52:06 - INFO -   weighted avg     0.9456    0.9452    0.9452       456
2026-08-22 13:52:06 - INFO - Confusion matrix - [[tn=217, fp=9], [fn=16, tp=214]]
2026-08-22 13:52:06 - INFO - probability_positive min=0.0004 mean=0.4967 std=0.4617 max=0.9996 predicted_0=233 predicted_1=223
2026-08-22 13:52:06 - INFO - [Classification Report - split=validation epoch=6 - threshold=0.50]
2026-08-22 13:52:06 - INFO -                 precision    recall  f1-score   support
2026-08-22 13:52:06 - INFO - 
2026-08-22 13:52:06 - INFO -       safe (0)     0.8267    0.7750    0.8000        80
2026-08-22 13:52:06 - INFO - vulnerable (1)     0.7662    0.8194    0.7919        72
2026-08-22 13:52:06 - INFO - 
2026-08-22 13:52:06 - INFO -       accuracy                         0.7961       152
2026-08-22 13:52:06 - INFO -      macro avg     0.7965    0.7972    0.7960       152
2026-08-22 13:52:06 - INFO -   weighted avg     0.7980    0.7961    0.7962       152
2026-08-22 13:52:06 - INFO - Confusion matrix - [[tn=62, fp=18], [fn=13, tp=59]]
2026-08-22 13:52:06 - INFO - probability_positive min=0.0004 mean=0.5015 std=0.4580 max=0.9995 predicted_0=75 predicted_1=77
2026-08-22 13:52:06 - INFO - New best model | Macro-F1: 0.795973 | Epoch: 6
2026-08-22 13:52:23 - INFO - Epoch 7/30 | Train loss: 0.115120 | Val loss: 0.912454 | LR: 2.00e-05 | Best epoch: 7 | Patience: 0 | Train: 14.44s | Validation: 1.61s | Epoch: 16.80s | Total: 116.17s
2026-08-22 13:52:23 - INFO - [Classification Report - split=train epoch=7 - threshold=0.50]
2026-08-22 13:52:23 - INFO -                 precision    recall  f1-score   support
2026-08-22 13:52:23 - INFO - 
2026-08-22 13:52:23 - INFO -       safe (0)     0.9476    0.9602    0.9538       226
2026-08-22 13:52:23 - INFO - vulnerable (1)     0.9604    0.9478    0.9540       230
2026-08-22 13:52:23 - INFO - 
2026-08-22 13:52:23 - INFO -       accuracy                         0.9539       456
2026-08-22 13:52:23 - INFO -      macro avg     0.9540    0.9540    0.9539       456
2026-08-22 13:52:23 - INFO -   weighted avg     0.9540    0.9539    0.9539       456
2026-08-22 13:52:23 - INFO - Confusion matrix - [[tn=217, fp=9], [fn=12, tp=218]]
2026-08-22 13:52:23 - INFO - probability_positive min=0.0003 mean=0.5057 std=0.4678 max=0.9996 predicted_0=229 predicted_1=227
2026-08-22 13:52:23 - INFO - [Classification Report - split=validation epoch=7 - threshold=0.50]
2026-08-22 13:52:23 - INFO -                 precision    recall  f1-score   support
2026-08-22 13:52:23 - INFO - 
2026-08-22 13:52:23 - INFO -       safe (0)     0.8514    0.7875    0.8182        80
2026-08-22 13:52:23 - INFO - vulnerable (1)     0.7821    0.8472    0.8133        72
2026-08-22 13:52:23 - INFO - 
2026-08-22 13:52:23 - INFO -       accuracy                         0.8158       152
2026-08-22 13:52:23 - INFO -      macro avg     0.8167    0.8174    0.8158       152
2026-08-22 13:52:23 - INFO -   weighted avg     0.8185    0.8158    0.8159       152
2026-08-22 13:52:23 - INFO - Confusion matrix - [[tn=63, fp=17], [fn=11, tp=61]]
2026-08-22 13:52:23 - INFO - probability_positive min=0.0002 mean=0.5137 std=0.4814 max=0.9998 predicted_0=74 predicted_1=78
2026-08-22 13:52:23 - INFO - New best model | Macro-F1: 0.815758 | Epoch: 7
2026-08-22 13:52:39 - INFO - Epoch 8/30 | Train loss: 0.123930 | Val loss: 1.057325 | LR: 2.00e-05 | Best epoch: 7 | Patience: 1 | Train: 14.45s | Validation: 1.61s | Epoch: 16.05s | Total: 132.25s
2026-08-22 13:52:39 - INFO - [Classification Report - split=train epoch=8 - threshold=0.50]
2026-08-22 13:52:39 - INFO -                 precision    recall  f1-score   support
2026-08-22 13:52:39 - INFO - 
2026-08-22 13:52:39 - INFO -       safe (0)     0.9558    0.9558    0.9558       226
2026-08-22 13:52:39 - INFO - vulnerable (1)     0.9565    0.9565    0.9565       230
2026-08-22 13:52:39 - INFO - 
2026-08-22 13:52:39 - INFO -       accuracy                         0.9561       456
2026-08-22 13:52:39 - INFO -      macro avg     0.9561    0.9561    0.9561       456
2026-08-22 13:52:39 - INFO -   weighted avg     0.9561    0.9561    0.9561       456
2026-08-22 13:52:39 - INFO - Confusion matrix - [[tn=216, fp=10], [fn=10, tp=220]]
2026-08-22 13:52:39 - INFO - probability_positive min=0.0003 mean=0.5089 std=0.4804 max=0.9998 predicted_0=226 predicted_1=230
2026-08-22 13:52:39 - INFO - [Classification Report - split=validation epoch=8 - threshold=0.50]
2026-08-22 13:52:39 - INFO -                 precision    recall  f1-score   support
2026-08-22 13:52:39 - INFO - 
2026-08-22 13:52:39 - INFO -       safe (0)     0.7765    0.8250    0.8000        80
2026-08-22 13:52:39 - INFO - vulnerable (1)     0.7910    0.7361    0.7626        72
2026-08-22 13:52:39 - INFO - 
2026-08-22 13:52:39 - INFO -       accuracy                         0.7829       152
2026-08-22 13:52:39 - INFO -      macro avg     0.7838    0.7806    0.7813       152
2026-08-22 13:52:39 - INFO -   weighted avg     0.7834    0.7829    0.7823       152
2026-08-22 13:52:39 - INFO - Confusion matrix - [[tn=66, fp=14], [fn=19, tp=53]]
2026-08-22 13:52:39 - INFO - probability_positive min=0.0001 mean=0.4313 std=0.4705 max=0.9998 predicted_0=85 predicted_1=67
2026-08-22 13:52:55 - INFO - Epoch 9/30 | Train loss: 0.105839 | Val loss: 0.964126 | LR: 2.00e-05 | Best epoch: 7 | Patience: 2 | Train: 14.45s | Validation: 1.61s | Epoch: 16.05s | Total: 148.32s
2026-08-22 13:52:55 - INFO - [Classification Report - split=train epoch=9 - threshold=0.50]
2026-08-22 13:52:55 - INFO -                 precision    recall  f1-score   support
2026-08-22 13:52:55 - INFO - 
2026-08-22 13:52:55 - INFO -       safe (0)     0.9648    0.9690    0.9669       226
2026-08-22 13:52:55 - INFO - vulnerable (1)     0.9694    0.9652    0.9673       230
2026-08-22 13:52:55 - INFO - 
2026-08-22 13:52:55 - INFO -       accuracy                         0.9671       456
2026-08-22 13:52:55 - INFO -      macro avg     0.9671    0.9671    0.9671       456
2026-08-22 13:52:55 - INFO -   weighted avg     0.9671    0.9671    0.9671       456
2026-08-22 13:52:55 - INFO - Confusion matrix - [[tn=219, fp=7], [fn=8, tp=222]]
2026-08-22 13:52:55 - INFO - probability_positive min=0.0001 mean=0.5043 std=0.4867 max=0.9999 predicted_0=227 predicted_1=229
2026-08-22 13:52:55 - INFO - [Classification Report - split=validation epoch=9 - threshold=0.50]
2026-08-22 13:52:55 - INFO -                 precision    recall  f1-score   support
2026-08-22 13:52:55 - INFO - 
2026-08-22 13:52:55 - INFO -       safe (0)     0.8148    0.8250    0.8199        80
2026-08-22 13:52:55 - INFO - vulnerable (1)     0.8028    0.7917    0.7972        72
2026-08-22 13:52:55 - INFO - 
2026-08-22 13:52:55 - INFO -       accuracy                         0.8092       152
2026-08-22 13:52:55 - INFO -      macro avg     0.8088    0.8083    0.8085       152
2026-08-22 13:52:55 - INFO -   weighted avg     0.8091    0.8092    0.8091       152
2026-08-22 13:52:55 - INFO - Confusion matrix - [[tn=66, fp=14], [fn=15, tp=57]]
2026-08-22 13:52:55 - INFO - probability_positive min=0.0001 mean=0.4587 std=0.4765 max=0.9999 predicted_0=81 predicted_1=71
2026-08-22 13:53:11 - INFO - Epoch 10/30 | Train loss: 0.054061 | Val loss: 1.127815 | LR: 2.00e-05 | Best epoch: 7 | Patience: 3 | Train: 14.44s | Validation: 1.61s | Epoch: 16.05s | Total: 164.39s
2026-08-22 13:53:11 - INFO - [Classification Report - split=train epoch=10 - threshold=0.50]
2026-08-22 13:53:11 - INFO -                 precision    recall  f1-score   support
2026-08-22 13:53:11 - INFO - 
2026-08-22 13:53:11 - INFO -       safe (0)     0.9779    0.9779    0.9779       226
2026-08-22 13:53:11 - INFO - vulnerable (1)     0.9783    0.9783    0.9783       230
2026-08-22 13:53:11 - INFO - 
2026-08-22 13:53:11 - INFO -       accuracy                         0.9781       456
2026-08-22 13:53:11 - INFO -      macro avg     0.9781    0.9781    0.9781       456
2026-08-22 13:53:11 - INFO -   weighted avg     0.9781    0.9781    0.9781       456
2026-08-22 13:53:11 - INFO - Confusion matrix - [[tn=221, fp=5], [fn=5, tp=225]]
2026-08-22 13:53:11 - INFO - probability_positive min=0.0001 mean=0.5035 std=0.4903 max=0.9999 predicted_0=226 predicted_1=230
2026-08-22 13:53:11 - INFO - [Classification Report - split=validation epoch=10 - threshold=0.50]
2026-08-22 13:53:11 - INFO -                 precision    recall  f1-score   support
2026-08-22 13:53:11 - INFO - 
2026-08-22 13:53:11 - INFO -       safe (0)     0.7841    0.8625    0.8214        80
2026-08-22 13:53:11 - INFO - vulnerable (1)     0.8281    0.7361    0.7794        72
2026-08-22 13:53:11 - INFO - 
2026-08-22 13:53:11 - INFO -       accuracy                         0.8026       152
2026-08-22 13:53:11 - INFO -      macro avg     0.8061    0.7993    0.8004       152
2026-08-22 13:53:11 - INFO -   weighted avg     0.8049    0.8026    0.8015       152
2026-08-22 13:53:11 - INFO - Confusion matrix - [[tn=69, fp=11], [fn=19, tp=53]]
2026-08-22 13:53:11 - INFO - probability_positive min=0.0001 mean=0.4096 std=0.4726 max=0.9999 predicted_0=88 predicted_1=64
2026-08-22 13:53:27 - INFO - Epoch 11/30 | Train loss: 0.050261 | Val loss: 1.142392 | LR: 2.00e-05 | Best epoch: 7 | Patience: 4 | Train: 14.44s | Validation: 1.61s | Epoch: 16.05s | Total: 180.45s
2026-08-22 13:53:27 - INFO - [Classification Report - split=train epoch=11 - threshold=0.50]
2026-08-22 13:53:27 - INFO -                 precision    recall  f1-score   support
2026-08-22 13:53:27 - INFO - 
2026-08-22 13:53:27 - INFO -       safe (0)     0.9867    0.9867    0.9867       226
2026-08-22 13:53:27 - INFO - vulnerable (1)     0.9870    0.9870    0.9870       230
2026-08-22 13:53:27 - INFO - 
2026-08-22 13:53:27 - INFO -       accuracy                         0.9868       456
2026-08-22 13:53:27 - INFO -      macro avg     0.9868    0.9868    0.9868       456
2026-08-22 13:53:27 - INFO -   weighted avg     0.9868    0.9868    0.9868       456
2026-08-22 13:53:27 - INFO - Confusion matrix - [[tn=223, fp=3], [fn=3, tp=227]]
2026-08-22 13:53:27 - INFO - probability_positive min=0.0001 mean=0.5041 std=0.4953 max=0.9999 predicted_0=226 predicted_1=230
2026-08-22 13:53:27 - INFO - [Classification Report - split=validation epoch=11 - threshold=0.50]
2026-08-22 13:53:27 - INFO -                 precision    recall  f1-score   support
2026-08-22 13:53:27 - INFO - 
2026-08-22 13:53:27 - INFO -       safe (0)     0.7857    0.8250    0.8049        80
2026-08-22 13:53:27 - INFO - vulnerable (1)     0.7941    0.7500    0.7714        72
2026-08-22 13:53:27 - INFO - 
2026-08-22 13:53:27 - INFO -       accuracy                         0.7895       152
2026-08-22 13:53:27 - INFO -      macro avg     0.7899    0.7875    0.7882       152
2026-08-22 13:53:27 - INFO -   weighted avg     0.7897    0.7895    0.7890       152
2026-08-22 13:53:27 - INFO - Confusion matrix - [[tn=66, fp=14], [fn=18, tp=54]]
2026-08-22 13:53:27 - INFO - probability_positive min=0.0001 mean=0.4581 std=0.4787 max=0.9999 predicted_0=84 predicted_1=68
2026-08-22 13:53:43 - INFO - Epoch 12/30 | Train loss: 0.046602 | Val loss: 1.305496 | LR: 2.00e-05 | Best epoch: 7 | Patience: 5 | Train: 14.44s | Validation: 1.61s | Epoch: 16.05s | Total: 196.52s
2026-08-22 13:53:43 - INFO - [Classification Report - split=train epoch=12 - threshold=0.50]
2026-08-22 13:53:43 - INFO -                 precision    recall  f1-score   support
2026-08-22 13:53:43 - INFO - 
2026-08-22 13:53:43 - INFO -       safe (0)     0.9911    0.9867    0.9889       226
2026-08-22 13:53:43 - INFO - vulnerable (1)     0.9870    0.9913    0.9892       230
2026-08-22 13:53:43 - INFO - 
2026-08-22 13:53:43 - INFO -       accuracy                         0.9890       456
2026-08-22 13:53:43 - INFO -      macro avg     0.9891    0.9890    0.9890       456
2026-08-22 13:53:43 - INFO -   weighted avg     0.9890    0.9890    0.9890       456
2026-08-22 13:53:43 - INFO - Confusion matrix - [[tn=223, fp=3], [fn=2, tp=228]]
2026-08-22 13:53:43 - INFO - probability_positive min=0.0001 mean=0.5063 std=0.4944 max=0.9999 predicted_0=225 predicted_1=231
2026-08-22 13:53:43 - INFO - [Classification Report - split=validation epoch=12 - threshold=0.50]
2026-08-22 13:53:43 - INFO -                 precision    recall  f1-score   support
2026-08-22 13:53:43 - INFO - 
2026-08-22 13:53:43 - INFO -       safe (0)     0.8378    0.7750    0.8052        80
2026-08-22 13:53:43 - INFO - vulnerable (1)     0.7692    0.8333    0.8000        72
2026-08-22 13:53:43 - INFO - 
2026-08-22 13:53:43 - INFO -       accuracy                         0.8026       152
2026-08-22 13:53:43 - INFO -      macro avg     0.8035    0.8042    0.8026       152
2026-08-22 13:53:43 - INFO -   weighted avg     0.8053    0.8026    0.8027       152
2026-08-22 13:53:43 - INFO - Confusion matrix - [[tn=62, fp=18], [fn=12, tp=60]]
2026-08-22 13:53:43 - INFO - probability_positive min=0.0000 mean=0.5115 std=0.4890 max=1.0000 predicted_0=74 predicted_1=78
2026-08-22 13:53:43 - INFO - Early stopping | Epoch: 12 | Best epoch: 7
2026-08-22 13:53:43 - INFO - Best checkpoint saved | Path: model/nora_codebert/transfer_cwe/seed_42/fold2/best.pt | Epoch: 7 | Val macro_f1: 0.815758
2026-08-22 13:53:43 - INFO - Training finished | Elapsed: 196.53s
2026-08-22 13:53:43 - INFO - Run finished | Phase: phase2 | Fold: 2 | Seed: 42 | Elapsed: 200.35s
