2026-08-22 07:04:42 - INFO - Using device: cuda
2026-08-22 07:04:42 - INFO - Run started | Run: fam2_t5p | Method: transfer_latent_proto | Phase: phase2 | Fold: 4 | Seed: 42 | Device: cuda
2026-08-22 07:04:42 - INFO - Loading Python training data: data/sven_python_folds_norm/fold4/train.jsonl
2026-08-22 07:04:42 - INFO - Loading Python validation data: data/sven_python_folds_norm/fold4/val.jsonl
2026-08-22 07:04:42 - INFO - Data split: python_train | Total: 456 | Labels: {0: 225, 1: 231} | CWEs: {'CWE-022': 42, 'CWE-078': 119, 'CWE-079': 53, 'CWE-089': 242} | Languages: {'python': 456} | Invalid CWE: 0
2026-08-22 07:04:42 - INFO - Data split: python_val | Total: 152 | Labels: {0: 72, 1: 80} | CWEs: {'CWE-022': 13, 'CWE-078': 44, 'CWE-079': 16, 'CWE-089': 79} | Languages: {'python': 152} | Invalid CWE: 0
2026-08-22 07:04:43 - INFO - Auxiliary head width taken from checkpoint: 4
2026-08-22 07:04:44 - INFO - Loaded source checkpoint: model/fam2_t5p/transfer_latent_proto/seed_42/source/best.pt | Best epoch: 8 | Best Val Macro-F1: 0.681818
2026-08-22 07:04:44 - INFO - RecAdam schedule | Total steps: 870 | Steps/epoch: 29 | Anneal t0: 43 | Weights: {1: 0.10909682119561293, 29: 0.3318122278318339, 43: 0.5, 870: 1.0}
2026-08-22 07:04:44 - INFO - Environment: {"components": {"backbone": {"frozen": 0, "total": 109607040, "trainable": 109607040}, "latent_proj": {"frozen": 596744, "total": 596744, "trainable": 0}, "vul_head": {"frozen": 0, "total": 1538, "trainable": 1538}}, "cuda": "12.8", "fold": 4, "frozen_parameters": 596744, "gpu": "NVIDIA GeForce RTX 5070 Ti", "hyperparameters": {"anneal_fun": "sigmoid", "anneal_k": 0.05, "anneal_t0_ratio": 0.05, "anneal_w": 1.0, "aux_mode": "latent_proto", "batch_size": 16, "checkpoint_path": "model/fam2_t5p/transfer_latent_proto/seed_42/fold4/best.pt", "cwe_vocab": "fixed4", "data_path": "data/train_ccpp_filtered.jsonl", "data_root": "data/sven_python_folds_norm", "epochs": 30, "eval_batch_size": 16, "fold": 4, "freeze_backbone_layers": 0, "freeze_prototypes_steps": 0, "lambda_cwe": 0.2, "latent_temperature": 0.1, "learning_rate": 2e-05, "lora_rank": 0, "lp_epochs": 0, "lp_learning_rate": 0.001, "max_eval_samples": null, "max_grad_norm": 1.0, "max_length": 512, "max_train_samples": null, "method_name": "transfer_latent_proto", "min_epochs": 3, "model_name": "Salesforce/codet5p-220m", "num_cwes": 4, "num_latent": 8, "num_workers": 0, "output_dir": "results/fam2_t5p/transfer_latent_proto", "patience": 5, "phase": "phase2", "phase2_optimizer": "recadam", "pooling": "mean", "pretrain_cof": 5000.0, "recadam_anchor": "source", "result_path": "results/fam2_t5p/transfer_latent_proto/seed_42/fold4.json", "run_name": "fam2_t5p", "seed": 42, "selection_metric": "macro_f1", "source_checkpoint": "model/fam2_t5p/transfer_latent_proto/seed_42/source/best.pt", "source_interpolation": 1.0, "strict_determinism": false, "target_lang": "python", "test_path": null, "train_path": null, "truncation_strategy": "head_middle_tail", "val_path": null, "weight_decay": 0.01}, "mode": "phase2_train", "model_name": "Salesforce/codet5p-220m", "seed": 42, "sklearn": "1.9.0", "torch": "2.11.0+cu128", "trainable_parameters": 109608578, "transformers": "4.57.1"}
2026-08-22 07:04:44 - INFO - Training started | Phase: phase2 | Epochs: 30
2026-08-22 07:04:45 - INFO - RecAdam first-step safety checks passed
2026-08-22 07:04:54 - INFO - Epoch 1/30 | Train loss: 0.747133 | Val loss: 0.622514 | LR: 2.00e-05 | Best epoch: 1 | Patience: 0 | Train: 8.57s | Validation: 0.96s | Epoch: 9.70s | Total: 9.70s
2026-08-22 07:04:54 - INFO - RecAdam target-task weight at epoch end: 0.331812
2026-08-22 07:04:54 - INFO - [Classification Report - split=train epoch=1 - threshold=0.50]
2026-08-22 07:04:54 - INFO -                 precision    recall  f1-score   support
2026-08-22 07:04:54 - INFO - 
2026-08-22 07:04:54 - INFO -       safe (0)     0.5745    0.3600    0.4426       225
2026-08-22 07:04:54 - INFO - vulnerable (1)     0.5429    0.7403    0.6264       231
2026-08-22 07:04:54 - INFO - 
2026-08-22 07:04:54 - INFO -       accuracy                         0.5526       456
2026-08-22 07:04:54 - INFO -      macro avg     0.5587    0.5501    0.5345       456
2026-08-22 07:04:54 - INFO -   weighted avg     0.5585    0.5526    0.5357       456
2026-08-22 07:04:54 - INFO - Confusion matrix - [[tn=81, fp=144], [fn=60, tp=171]]
2026-08-22 07:04:54 - INFO - probability_positive min=0.0267 mean=0.6084 std=0.2001 max=0.9841 predicted_0=141 predicted_1=315
2026-08-22 07:04:54 - INFO - [Classification Report - split=validation epoch=1 - threshold=0.50]
2026-08-22 07:04:54 - INFO -                 precision    recall  f1-score   support
2026-08-22 07:04:54 - INFO - 
2026-08-22 07:04:54 - INFO -       safe (0)     0.7843    0.5556    0.6504        72
2026-08-22 07:04:54 - INFO - vulnerable (1)     0.6832    0.8625    0.7624        80
2026-08-22 07:04:54 - INFO - 
2026-08-22 07:04:54 - INFO -       accuracy                         0.7171       152
2026-08-22 07:04:54 - INFO -      macro avg     0.7337    0.7090    0.7064       152
2026-08-22 07:04:54 - INFO -   weighted avg     0.7311    0.7171    0.7094       152
2026-08-22 07:04:54 - INFO - Confusion matrix - [[tn=40, fp=32], [fn=11, tp=69]]
2026-08-22 07:04:54 - INFO - probability_positive min=0.0185 mean=0.5734 std=0.2041 max=0.9668 predicted_0=51 predicted_1=101
2026-08-22 07:04:54 - INFO - New best model | Macro-F1: 0.706419 | Epoch: 1
2026-08-22 07:05:04 - INFO - Epoch 2/30 | Train loss: 0.638509 | Val loss: 0.526322 | LR: 2.00e-05 | Best epoch: 2 | Patience: 0 | Train: 8.45s | Validation: 0.96s | Epoch: 9.63s | Total: 19.33s
2026-08-22 07:05:04 - INFO - RecAdam target-task weight at epoch end: 0.679179
2026-08-22 07:05:04 - INFO - [Classification Report - split=train epoch=2 - threshold=0.50]
2026-08-22 07:05:04 - INFO -                 precision    recall  f1-score   support
2026-08-22 07:05:04 - INFO - 
2026-08-22 07:05:04 - INFO -       safe (0)     0.6330    0.6133    0.6230       225
2026-08-22 07:05:04 - INFO - vulnerable (1)     0.6345    0.6537    0.6439       231
2026-08-22 07:05:04 - INFO - 
2026-08-22 07:05:04 - INFO -       accuracy                         0.6338       456
2026-08-22 07:05:04 - INFO -      macro avg     0.6337    0.6335    0.6335       456
2026-08-22 07:05:04 - INFO -   weighted avg     0.6338    0.6338    0.6336       456
2026-08-22 07:05:04 - INFO - Confusion matrix - [[tn=138, fp=87], [fn=80, tp=151]]
2026-08-22 07:05:04 - INFO - probability_positive min=0.0267 mean=0.5097 std=0.1787 max=0.9672 predicted_0=218 predicted_1=238
2026-08-22 07:05:04 - INFO - [Classification Report - split=validation epoch=2 - threshold=0.50]
2026-08-22 07:05:04 - INFO -                 precision    recall  f1-score   support
2026-08-22 07:05:04 - INFO - 
2026-08-22 07:05:04 - INFO -       safe (0)     0.8154    0.7361    0.7737        72
2026-08-22 07:05:04 - INFO - vulnerable (1)     0.7816    0.8500    0.8144        80
2026-08-22 07:05:04 - INFO - 
2026-08-22 07:05:04 - INFO -       accuracy                         0.7961       152
2026-08-22 07:05:04 - INFO -      macro avg     0.7985    0.7931    0.7940       152
2026-08-22 07:05:04 - INFO -   weighted avg     0.7976    0.7961    0.7951       152
2026-08-22 07:05:04 - INFO - Confusion matrix - [[tn=53, fp=19], [fn=12, tp=68]]
2026-08-22 07:05:04 - INFO - probability_positive min=0.0137 mean=0.5234 std=0.2283 max=0.9787 predicted_0=65 predicted_1=87
2026-08-22 07:05:04 - INFO - New best model | Macro-F1: 0.794047 | Epoch: 2
2026-08-22 07:05:13 - INFO - Epoch 3/30 | Train loss: 0.528194 | Val loss: 0.442754 | LR: 2.00e-05 | Best epoch: 3 | Patience: 0 | Train: 8.47s | Validation: 0.99s | Epoch: 9.77s | Total: 29.12s
2026-08-22 07:05:13 - INFO - RecAdam target-task weight at epoch end: 0.900250
2026-08-22 07:05:13 - INFO - [Classification Report - split=train epoch=3 - threshold=0.50]
2026-08-22 07:05:13 - INFO -                 precision    recall  f1-score   support
2026-08-22 07:05:13 - INFO - 
2026-08-22 07:05:13 - INFO -       safe (0)     0.7299    0.6844    0.7064       225
2026-08-22 07:05:13 - INFO - vulnerable (1)     0.7102    0.7532    0.7311       231
2026-08-22 07:05:13 - INFO - 
2026-08-22 07:05:13 - INFO -       accuracy                         0.7193       456
2026-08-22 07:05:13 - INFO -      macro avg     0.7200    0.7188    0.7188       456
2026-08-22 07:05:13 - INFO -   weighted avg     0.7199    0.7193    0.7189       456
2026-08-22 07:05:13 - INFO - Confusion matrix - [[tn=154, fp=71], [fn=57, tp=174]]
2026-08-22 07:05:13 - INFO - probability_positive min=0.0190 mean=0.5053 std=0.2628 max=0.9917 predicted_0=211 predicted_1=245
2026-08-22 07:05:13 - INFO - [Classification Report - split=validation epoch=3 - threshold=0.50]
2026-08-22 07:05:13 - INFO -                 precision    recall  f1-score   support
2026-08-22 07:05:13 - INFO - 
2026-08-22 07:05:13 - INFO -       safe (0)     0.8833    0.7361    0.8030        72
2026-08-22 07:05:13 - INFO - vulnerable (1)     0.7935    0.9125    0.8488        80
2026-08-22 07:05:13 - INFO - 
2026-08-22 07:05:13 - INFO -       accuracy                         0.8289       152
2026-08-22 07:05:13 - INFO -      macro avg     0.8384    0.8243    0.8259       152
2026-08-22 07:05:13 - INFO -   weighted avg     0.8360    0.8289    0.8271       152
2026-08-22 07:05:13 - INFO - Confusion matrix - [[tn=53, fp=19], [fn=7, tp=73]]
2026-08-22 07:05:13 - INFO - probability_positive min=0.0094 mean=0.5961 std=0.3616 max=0.9955 predicted_0=60 predicted_1=92
2026-08-22 07:05:13 - INFO - New best model | Macro-F1: 0.825934 | Epoch: 3
2026-08-22 07:05:23 - INFO - Epoch 4/30 | Train loss: 0.346478 | Val loss: 0.455432 | LR: 2.00e-05 | Best epoch: 4 | Patience: 0 | Train: 8.45s | Validation: 0.96s | Epoch: 9.63s | Total: 38.76s
2026-08-22 07:05:23 - INFO - RecAdam target-task weight at epoch end: 0.974667
2026-08-22 07:05:23 - INFO - [Classification Report - split=train epoch=4 - threshold=0.50]
2026-08-22 07:05:23 - INFO -                 precision    recall  f1-score   support
2026-08-22 07:05:23 - INFO - 
2026-08-22 07:05:23 - INFO -       safe (0)     0.8806    0.7867    0.8310       225
2026-08-22 07:05:23 - INFO - vulnerable (1)     0.8118    0.8961    0.8519       231
2026-08-22 07:05:23 - INFO - 
2026-08-22 07:05:23 - INFO -       accuracy                         0.8421       456
2026-08-22 07:05:23 - INFO -      macro avg     0.8462    0.8414    0.8414       456
2026-08-22 07:05:23 - INFO -   weighted avg     0.8457    0.8421    0.8416       456
2026-08-22 07:05:23 - INFO - Confusion matrix - [[tn=177, fp=48], [fn=24, tp=207]]
2026-08-22 07:05:23 - INFO - probability_positive min=0.0079 mean=0.5108 std=0.3695 max=0.9953 predicted_0=201 predicted_1=255
2026-08-22 07:05:23 - INFO - [Classification Report - split=validation epoch=4 - threshold=0.50]
2026-08-22 07:05:23 - INFO -                 precision    recall  f1-score   support
2026-08-22 07:05:23 - INFO - 
2026-08-22 07:05:23 - INFO -       safe (0)     0.8852    0.7500    0.8120        72
2026-08-22 07:05:23 - INFO - vulnerable (1)     0.8022    0.9125    0.8538        80
2026-08-22 07:05:23 - INFO - 
2026-08-22 07:05:23 - INFO -       accuracy                         0.8355       152
2026-08-22 07:05:23 - INFO -      macro avg     0.8437    0.8313    0.8329       152
2026-08-22 07:05:23 - INFO -   weighted avg     0.8415    0.8355    0.8340       152
2026-08-22 07:05:23 - INFO - Confusion matrix - [[tn=54, fp=18], [fn=7, tp=73]]
2026-08-22 07:05:23 - INFO - probability_positive min=0.0050 mean=0.5870 std=0.4321 max=0.9979 predicted_0=61 predicted_1=91
2026-08-22 07:05:23 - INFO - New best model | Macro-F1: 0.832916 | Epoch: 4
2026-08-22 07:05:33 - INFO - Epoch 5/30 | Train loss: 0.245665 | Val loss: 0.427968 | LR: 2.00e-05 | Best epoch: 5 | Patience: 0 | Train: 8.47s | Validation: 0.99s | Epoch: 9.77s | Total: 48.54s
2026-08-22 07:05:33 - INFO - RecAdam target-task weight at epoch end: 0.993940
2026-08-22 07:05:33 - INFO - [Classification Report - split=train epoch=5 - threshold=0.50]
2026-08-22 07:05:33 - INFO -                 precision    recall  f1-score   support
2026-08-22 07:05:33 - INFO - 
2026-08-22 07:05:33 - INFO -       safe (0)     0.9078    0.8756    0.8914       225
2026-08-22 07:05:33 - INFO - vulnerable (1)     0.8828    0.9134    0.8979       231
2026-08-22 07:05:33 - INFO - 
2026-08-22 07:05:33 - INFO -       accuracy                         0.8947       456
2026-08-22 07:05:33 - INFO -      macro avg     0.8953    0.8945    0.8946       456
2026-08-22 07:05:33 - INFO -   weighted avg     0.8952    0.8947    0.8947       456
2026-08-22 07:05:33 - INFO - Confusion matrix - [[tn=197, fp=28], [fn=20, tp=211]]
2026-08-22 07:05:33 - INFO - probability_positive min=0.0032 mean=0.5104 std=0.4246 max=0.9973 predicted_0=217 predicted_1=239
2026-08-22 07:05:33 - INFO - [Classification Report - split=validation epoch=5 - threshold=0.50]
2026-08-22 07:05:33 - INFO -                 precision    recall  f1-score   support
2026-08-22 07:05:33 - INFO - 
2026-08-22 07:05:33 - INFO -       safe (0)     0.8182    0.8750    0.8456        72
2026-08-22 07:05:33 - INFO - vulnerable (1)     0.8800    0.8250    0.8516        80
2026-08-22 07:05:33 - INFO - 
2026-08-22 07:05:33 - INFO -       accuracy                         0.8487       152
2026-08-22 07:05:33 - INFO -      macro avg     0.8491    0.8500    0.8486       152
2026-08-22 07:05:33 - INFO -   weighted avg     0.8507    0.8487    0.8488       152
2026-08-22 07:05:33 - INFO - Confusion matrix - [[tn=63, fp=9], [fn=14, tp=66]]
2026-08-22 07:05:33 - INFO - probability_positive min=0.0021 mean=0.4814 std=0.4497 max=0.9984 predicted_0=77 predicted_1=75
2026-08-22 07:05:33 - INFO - New best model | Macro-F1: 0.848625 | Epoch: 5
2026-08-22 07:05:42 - INFO - Epoch 6/30 | Train loss: 0.166257 | Val loss: 0.615631 | LR: 2.00e-05 | Best epoch: 5 | Patience: 1 | Train: 8.44s | Validation: 0.95s | Epoch: 9.40s | Total: 57.95s
2026-08-22 07:05:42 - INFO - RecAdam target-task weight at epoch end: 0.998572
2026-08-22 07:05:42 - INFO - [Classification Report - split=train epoch=6 - threshold=0.50]
2026-08-22 07:05:42 - INFO -                 precision    recall  f1-score   support
2026-08-22 07:05:42 - INFO - 
2026-08-22 07:05:42 - INFO -       safe (0)     0.9227    0.9022    0.9124       225
2026-08-22 07:05:42 - INFO - vulnerable (1)     0.9068    0.9264    0.9165       231
2026-08-22 07:05:42 - INFO - 
2026-08-22 07:05:42 - INFO -       accuracy                         0.9145       456
2026-08-22 07:05:42 - INFO -      macro avg     0.9148    0.9143    0.9144       456
2026-08-22 07:05:42 - INFO -   weighted avg     0.9146    0.9145    0.9145       456
2026-08-22 07:05:42 - INFO - Confusion matrix - [[tn=203, fp=22], [fn=17, tp=214]]
2026-08-22 07:05:42 - INFO - probability_positive min=0.0014 mean=0.5145 std=0.4494 max=0.9989 predicted_0=220 predicted_1=236
2026-08-22 07:05:42 - INFO - [Classification Report - split=validation epoch=6 - threshold=0.50]
2026-08-22 07:05:42 - INFO -                 precision    recall  f1-score   support
2026-08-22 07:05:42 - INFO - 
2026-08-22 07:05:42 - INFO -       safe (0)     0.8333    0.8333    0.8333        72
2026-08-22 07:05:42 - INFO - vulnerable (1)     0.8500    0.8500    0.8500        80
2026-08-22 07:05:42 - INFO - 
2026-08-22 07:05:42 - INFO -       accuracy                         0.8421       152
2026-08-22 07:05:42 - INFO -      macro avg     0.8417    0.8417    0.8417       152
2026-08-22 07:05:42 - INFO -   weighted avg     0.8421    0.8421    0.8421       152
2026-08-22 07:05:42 - INFO - Confusion matrix - [[tn=60, fp=12], [fn=12, tp=68]]
2026-08-22 07:05:42 - INFO - probability_positive min=0.0012 mean=0.5277 std=0.4770 max=0.9993 predicted_0=72 predicted_1=80
2026-08-22 07:05:52 - INFO - Epoch 7/30 | Train loss: 0.155067 | Val loss: 0.667694 | LR: 2.00e-05 | Best epoch: 5 | Patience: 2 | Train: 8.40s | Validation: 0.95s | Epoch: 9.36s | Total: 67.31s
2026-08-22 07:05:52 - INFO - RecAdam target-task weight at epoch end: 0.999665
2026-08-22 07:05:52 - INFO - [Classification Report - split=train epoch=7 - threshold=0.50]
2026-08-22 07:05:52 - INFO -                 precision    recall  f1-score   support
2026-08-22 07:05:52 - INFO - 
2026-08-22 07:05:52 - INFO -       safe (0)     0.9665    0.8978    0.9309       225
2026-08-22 07:05:52 - INFO - vulnerable (1)     0.9069    0.9697    0.9372       231
2026-08-22 07:05:52 - INFO - 
2026-08-22 07:05:52 - INFO -       accuracy                         0.9342       456
2026-08-22 07:05:52 - INFO -      macro avg     0.9367    0.9337    0.9341       456
2026-08-22 07:05:52 - INFO -   weighted avg     0.9363    0.9342    0.9341       456
2026-08-22 07:05:52 - INFO - Confusion matrix - [[tn=202, fp=23], [fn=7, tp=224]]
2026-08-22 07:05:52 - INFO - probability_positive min=0.0014 mean=0.5326 std=0.4678 max=0.9989 predicted_0=209 predicted_1=247
2026-08-22 07:05:52 - INFO - [Classification Report - split=validation epoch=7 - threshold=0.50]
2026-08-22 07:05:52 - INFO -                 precision    recall  f1-score   support
2026-08-22 07:05:52 - INFO - 
2026-08-22 07:05:52 - INFO -       safe (0)     0.8052    0.8611    0.8322        72
2026-08-22 07:05:52 - INFO - vulnerable (1)     0.8667    0.8125    0.8387        80
2026-08-22 07:05:52 - INFO - 
2026-08-22 07:05:52 - INFO -       accuracy                         0.8355       152
2026-08-22 07:05:52 - INFO -      macro avg     0.8359    0.8368    0.8355       152
2026-08-22 07:05:52 - INFO -   weighted avg     0.8375    0.8355    0.8356       152
2026-08-22 07:05:52 - INFO - Confusion matrix - [[tn=62, fp=10], [fn=15, tp=65]]
2026-08-22 07:05:52 - INFO - probability_positive min=0.0009 mean=0.4918 std=0.4709 max=0.9993 predicted_0=77 predicted_1=75
2026-08-22 07:06:01 - INFO - Epoch 8/30 | Train loss: 0.113071 | Val loss: 0.853288 | LR: 2.00e-05 | Best epoch: 5 | Patience: 3 | Train: 8.40s | Validation: 0.96s | Epoch: 9.36s | Total: 76.68s
2026-08-22 07:06:01 - INFO - RecAdam target-task weight at epoch end: 0.999921
2026-08-22 07:06:01 - INFO - [Classification Report - split=train epoch=8 - threshold=0.50]
2026-08-22 07:06:01 - INFO -                 precision    recall  f1-score   support
2026-08-22 07:06:01 - INFO - 
2026-08-22 07:06:01 - INFO -       safe (0)     0.9638    0.9467    0.9552       225
2026-08-22 07:06:01 - INFO - vulnerable (1)     0.9489    0.9654    0.9571       231
2026-08-22 07:06:01 - INFO - 
2026-08-22 07:06:01 - INFO -       accuracy                         0.9561       456
2026-08-22 07:06:01 - INFO -      macro avg     0.9564    0.9560    0.9561       456
2026-08-22 07:06:01 - INFO -   weighted avg     0.9563    0.9561    0.9561       456
2026-08-22 07:06:01 - INFO - Confusion matrix - [[tn=213, fp=12], [fn=8, tp=223]]
2026-08-22 07:06:01 - INFO - probability_positive min=0.0008 mean=0.5090 std=0.4781 max=0.9994 predicted_0=221 predicted_1=235
2026-08-22 07:06:01 - INFO - [Classification Report - split=validation epoch=8 - threshold=0.50]
2026-08-22 07:06:01 - INFO -                 precision    recall  f1-score   support
2026-08-22 07:06:01 - INFO - 
2026-08-22 07:06:01 - INFO -       safe (0)     0.8310    0.8194    0.8252        72
2026-08-22 07:06:01 - INFO - vulnerable (1)     0.8395    0.8500    0.8447        80
2026-08-22 07:06:01 - INFO - 
2026-08-22 07:06:01 - INFO -       accuracy                         0.8355       152
2026-08-22 07:06:01 - INFO -      macro avg     0.8352    0.8347    0.8349       152
2026-08-22 07:06:01 - INFO -   weighted avg     0.8355    0.8355    0.8355       152
2026-08-22 07:06:01 - INFO - Confusion matrix - [[tn=59, fp=13], [fn=12, tp=68]]
2026-08-22 07:06:01 - INFO - probability_positive min=0.0006 mean=0.5372 std=0.4848 max=0.9996 predicted_0=71 predicted_1=81
2026-08-22 07:06:11 - INFO - Epoch 9/30 | Train loss: 0.097462 | Val loss: 0.788430 | LR: 2.00e-05 | Best epoch: 9 | Patience: 4 | Train: 8.40s | Validation: 0.96s | Epoch: 9.58s | Total: 86.27s
2026-08-22 07:06:11 - INFO - RecAdam target-task weight at epoch end: 0.999982
2026-08-22 07:06:11 - INFO - [Classification Report - split=train epoch=9 - threshold=0.50]
2026-08-22 07:06:11 - INFO -                 precision    recall  f1-score   support
2026-08-22 07:06:11 - INFO - 
2026-08-22 07:06:11 - INFO -       safe (0)     0.9677    0.9333    0.9502       225
2026-08-22 07:06:11 - INFO - vulnerable (1)     0.9372    0.9697    0.9532       231
2026-08-22 07:06:11 - INFO - 
2026-08-22 07:06:11 - INFO -       accuracy                         0.9518       456
2026-08-22 07:06:11 - INFO -      macro avg     0.9525    0.9515    0.9517       456
2026-08-22 07:06:11 - INFO -   weighted avg     0.9523    0.9518    0.9517       456
2026-08-22 07:06:11 - INFO - Confusion matrix - [[tn=210, fp=15], [fn=7, tp=224]]
2026-08-22 07:06:11 - INFO - probability_positive min=0.0007 mean=0.5176 std=0.4798 max=0.9993 predicted_0=217 predicted_1=239
2026-08-22 07:06:11 - INFO - [Classification Report - split=validation epoch=9 - threshold=0.50]
2026-08-22 07:06:11 - INFO -                 precision    recall  f1-score   support
2026-08-22 07:06:11 - INFO - 
2026-08-22 07:06:11 - INFO -       safe (0)     0.8182    0.8750    0.8456        72
2026-08-22 07:06:11 - INFO - vulnerable (1)     0.8800    0.8250    0.8516        80
2026-08-22 07:06:11 - INFO - 
2026-08-22 07:06:11 - INFO -       accuracy                         0.8487       152
2026-08-22 07:06:11 - INFO -      macro avg     0.8491    0.8500    0.8486       152
2026-08-22 07:06:11 - INFO -   weighted avg     0.8507    0.8487    0.8488       152
2026-08-22 07:06:11 - INFO - Confusion matrix - [[tn=63, fp=9], [fn=14, tp=66]]
2026-08-22 07:06:11 - INFO - probability_positive min=0.0005 mean=0.4991 std=0.4881 max=0.9996 predicted_0=77 predicted_1=75
2026-08-22 07:06:11 - INFO - Latest tied-best checkpoint saved | Macro-F1: 0.848625 | Epoch: 9
2026-08-22 07:06:20 - INFO - Epoch 10/30 | Train loss: 0.084283 | Val loss: 1.005100 | LR: 2.00e-05 | Best epoch: 9 | Patience: 5 | Train: 8.42s | Validation: 0.95s | Epoch: 9.37s | Total: 95.65s
2026-08-22 07:06:20 - INFO - RecAdam target-task weight at epoch end: 0.999996
2026-08-22 07:06:20 - INFO - [Classification Report - split=train epoch=10 - threshold=0.50]
2026-08-22 07:06:20 - INFO -                 precision    recall  f1-score   support
2026-08-22 07:06:20 - INFO - 
2026-08-22 07:06:20 - INFO -       safe (0)     0.9776    0.9689    0.9732       225
2026-08-22 07:06:20 - INFO - vulnerable (1)     0.9700    0.9784    0.9741       231
2026-08-22 07:06:20 - INFO - 
2026-08-22 07:06:20 - INFO -       accuracy                         0.9737       456
2026-08-22 07:06:20 - INFO -      macro avg     0.9738    0.9736    0.9737       456
2026-08-22 07:06:20 - INFO -   weighted avg     0.9737    0.9737    0.9737       456
2026-08-22 07:06:20 - INFO - Confusion matrix - [[tn=218, fp=7], [fn=5, tp=226]]
2026-08-22 07:06:20 - INFO - probability_positive min=0.0004 mean=0.5116 std=0.4845 max=0.9997 predicted_0=223 predicted_1=233
2026-08-22 07:06:20 - INFO - [Classification Report - split=validation epoch=10 - threshold=0.50]
2026-08-22 07:06:20 - INFO -                 precision    recall  f1-score   support
2026-08-22 07:06:20 - INFO - 
2026-08-22 07:06:20 - INFO -       safe (0)     0.8451    0.8333    0.8392        72
2026-08-22 07:06:20 - INFO - vulnerable (1)     0.8519    0.8625    0.8571        80
2026-08-22 07:06:20 - INFO - 
2026-08-22 07:06:20 - INFO -       accuracy                         0.8487       152
2026-08-22 07:06:20 - INFO -      macro avg     0.8485    0.8479    0.8482       152
2026-08-22 07:06:20 - INFO -   weighted avg     0.8486    0.8487    0.8486       152
2026-08-22 07:06:20 - INFO - Confusion matrix - [[tn=60, fp=12], [fn=11, tp=69]]
2026-08-22 07:06:20 - INFO - probability_positive min=0.0003 mean=0.5307 std=0.4941 max=0.9997 predicted_0=71 predicted_1=81
2026-08-22 07:06:20 - INFO - Early stopping | Epoch: 10 | Best epoch: 9
2026-08-22 07:06:20 - INFO - Best checkpoint saved | Path: model/fam2_t5p/transfer_latent_proto/seed_42/fold4/best.pt | Epoch: 9 | Val macro_f1: 0.848625
2026-08-22 07:06:20 - INFO - Training finished | Elapsed: 95.65s
2026-08-22 07:06:20 - INFO - Run finished | Phase: phase2 | Fold: 4 | Seed: 42 | Elapsed: 98.20s
