2026-08-22 05:27:35 - INFO - Using device: cuda
2026-08-22 05:27:35 - INFO - Run started | Run: fam1_t5p | Method: baseline | Phase: baseline_infer | Fold: 5 | Seed: 42 | Device: cuda
2026-08-22 05:27:36 - INFO - Loading Python validation data: data/sven_python_folds_norm/fold5/val.jsonl
2026-08-22 05:27:36 - INFO - Loading Python test data: data/sven_python_folds_norm/fold5/test.jsonl
2026-08-22 05:27:36 - INFO - Data split: python_val | Total: 152 | Labels: {0: 71, 1: 81} | CWEs: {'CWE-022': 19, 'CWE-078': 39, 'CWE-079': 14, 'CWE-089': 80} | Languages: {'python': 152} | Invalid CWE: 0
2026-08-22 05:27:36 - INFO - Data split: python_test | Total: 152 | Labels: {0: 72, 1: 80} | CWEs: {'CWE-022': 13, 'CWE-078': 44, 'CWE-079': 16, 'CWE-089': 79} | Languages: {'python': 152} | Invalid CWE: 0
2026-08-22 05:27:38 - INFO - Environment: {"components": {"backbone": {"frozen": 0, "total": 109607040, "trainable": 109607040}, "vul_head": {"frozen": 0, "total": 1538, "trainable": 1538}}, "cuda": "12.8", "fold": 5, "frozen_parameters": 0, "gpu": "NVIDIA GeForce RTX 5070 Ti", "hyperparameters": {"batch_size": 16, "checkpoint_path": "model/fam1_t5p/baseline/seed_42/fold5/best.pt", "data_root": "data/sven_python_folds_norm", "epochs": 10, "eval_batch_size": 16, "fold": 5, "learning_rate": 2e-05, "max_eval_samples": null, "max_grad_norm": 1.0, "max_length": 512, "max_train_samples": null, "method_name": "baseline", "min_epochs": 3, "model_name": "Salesforce/codet5p-220m", "num_workers": 0, "patience": 5, "phase": "infer", "pooling": "mean", "result_path": "results/fam1_t5p/baseline/seed_42/fold5.json", "run_name": "fam1_t5p", "seed": 42, "target_lang": "python", "test_path": null, "train_path": null, "truncation_strategy": "head_middle_tail", "val_path": null, "weight_decay": 0.01}, "mode": "baseline_inference_no_optimizer", "model_name": "Salesforce/codet5p-220m", "seed": 42, "sklearn": "1.9.0", "torch": "2.11.0+cu128", "trainable_parameters": 109608578, "transformers": "4.57.1"}
2026-08-22 05:27:39 - INFO - Evaluation time | Split: validation+threshold | Seconds: 1.42
2026-08-22 05:27:39 - INFO - [Classification Report - split=validation - threshold=0.50]
2026-08-22 05:27:39 - INFO -                 precision    recall  f1-score   support
2026-08-22 05:27:39 - INFO - 
2026-08-22 05:27:39 - INFO -       safe (0)     0.8451    0.8451    0.8451        71
2026-08-22 05:27:39 - INFO - vulnerable (1)     0.8642    0.8642    0.8642        81
2026-08-22 05:27:39 - INFO - 
2026-08-22 05:27:39 - INFO -       accuracy                         0.8553       152
2026-08-22 05:27:39 - INFO -      macro avg     0.8546    0.8546    0.8546       152
2026-08-22 05:27:39 - INFO -   weighted avg     0.8553    0.8553    0.8553       152
2026-08-22 05:27:39 - INFO - Confusion matrix - [[tn=60, fp=11], [fn=11, tp=70]]
2026-08-22 05:27:39 - INFO - probability_positive min=0.0002 mean=0.5362 std=0.4883 max=0.9998 predicted_0=71 predicted_1=81
2026-08-22 05:27:39 - INFO - [Classification Report - split=validation_calibrated - threshold=0.92]
2026-08-22 05:27:39 - INFO -                 precision    recall  f1-score   support
2026-08-22 05:27:39 - INFO - 
2026-08-22 05:27:39 - INFO -       safe (0)     0.8378    0.8732    0.8552        71
2026-08-22 05:27:39 - INFO - vulnerable (1)     0.8846    0.8519    0.8679        81
2026-08-22 05:27:39 - INFO - 
2026-08-22 05:27:39 - INFO -       accuracy                         0.8618       152
2026-08-22 05:27:39 - INFO -      macro avg     0.8612    0.8625    0.8615       152
2026-08-22 05:27:39 - INFO -   weighted avg     0.8628    0.8618    0.8620       152
2026-08-22 05:27:39 - INFO - Confusion matrix - [[tn=62, fp=9], [fn=12, tp=69]]
2026-08-22 05:27:39 - INFO - probability_positive min=0.0002 mean=0.5362 std=0.4883 max=0.9998 predicted_0=74 predicted_1=78
2026-08-22 05:27:40 - INFO - Evaluation time | Split: test | Seconds: 0.96
2026-08-22 05:27:40 - INFO - [Classification Report - split=test - threshold=0.50]
2026-08-22 05:27:40 - INFO -                 precision    recall  f1-score   support
2026-08-22 05:27:40 - INFO - 
2026-08-22 05:27:40 - INFO -       safe (0)     0.8378    0.8611    0.8493        72
2026-08-22 05:27:40 - INFO - vulnerable (1)     0.8718    0.8500    0.8608        80
2026-08-22 05:27:40 - INFO - 
2026-08-22 05:27:40 - INFO -       accuracy                         0.8553       152
2026-08-22 05:27:40 - INFO -      macro avg     0.8548    0.8556    0.8550       152
2026-08-22 05:27:40 - INFO -   weighted avg     0.8557    0.8553    0.8553       152
2026-08-22 05:27:40 - INFO - Confusion matrix - [[tn=62, fp=10], [fn=12, tp=68]]
2026-08-22 05:27:40 - INFO - probability_positive min=0.0002 mean=0.5060 std=0.4910 max=0.9997 predicted_0=74 predicted_1=78
2026-08-22 05:27:40 - INFO - [Classification Report - split=test_valcal - threshold=0.92]
2026-08-22 05:27:40 - INFO -                 precision    recall  f1-score   support
2026-08-22 05:27:40 - INFO - 
2026-08-22 05:27:40 - INFO -       safe (0)     0.8182    0.8750    0.8456        72
2026-08-22 05:27:40 - INFO - vulnerable (1)     0.8800    0.8250    0.8516        80
2026-08-22 05:27:40 - INFO - 
2026-08-22 05:27:40 - INFO -       accuracy                         0.8487       152
2026-08-22 05:27:40 - INFO -      macro avg     0.8491    0.8500    0.8486       152
2026-08-22 05:27:40 - INFO -   weighted avg     0.8507    0.8487    0.8488       152
2026-08-22 05:27:40 - INFO - Confusion matrix - [[tn=63, fp=9], [fn=14, tp=66]]
2026-08-22 05:27:40 - INFO - probability_positive min=0.0002 mean=0.5060 std=0.4910 max=0.9997 predicted_0=77 predicted_1=75
2026-08-22 05:27:40 - INFO - [Classification Report - split=test_at_0.5_CWE-022 - threshold=0.50]
2026-08-22 05:27:40 - INFO -                 precision    recall  f1-score   support
2026-08-22 05:27:40 - INFO - 
2026-08-22 05:27:40 - INFO -       safe (0)     0.6000    0.5000    0.5455         6
2026-08-22 05:27:40 - INFO - vulnerable (1)     0.6250    0.7143    0.6667         7
2026-08-22 05:27:40 - INFO - 
2026-08-22 05:27:40 - INFO -       accuracy                         0.6154        13
2026-08-22 05:27:40 - INFO -      macro avg     0.6125    0.6071    0.6061        13
2026-08-22 05:27:40 - INFO -   weighted avg     0.6135    0.6154    0.6107        13
2026-08-22 05:27:40 - INFO - Confusion matrix - [[tn=3, fp=3], [fn=2, tp=5]]
2026-08-22 05:27:40 - INFO - probability_positive min=0.0004 mean=0.5818 std=0.4706 max=0.9989 predicted_0=5 predicted_1=8
2026-08-22 05:27:40 - INFO - [Classification Report - split=test_at_0.5_CWE-078 - threshold=0.50]
2026-08-22 05:27:40 - INFO -                 precision    recall  f1-score   support
2026-08-22 05:27:40 - INFO - 
2026-08-22 05:27:40 - INFO -       safe (0)     0.8571    0.7500    0.8000        24
2026-08-22 05:27:40 - INFO - vulnerable (1)     0.7391    0.8500    0.7907        20
2026-08-22 05:27:40 - INFO - 
2026-08-22 05:27:40 - INFO -       accuracy                         0.7955        44
2026-08-22 05:27:40 - INFO -      macro avg     0.7981    0.8000    0.7953        44
2026-08-22 05:27:40 - INFO -   weighted avg     0.8035    0.7955    0.7958        44
2026-08-22 05:27:40 - INFO - Confusion matrix - [[tn=18, fp=6], [fn=3, tp=17]]
2026-08-22 05:27:40 - INFO - probability_positive min=0.0002 mean=0.5090 std=0.4776 max=0.9997 predicted_0=21 predicted_1=23
2026-08-22 05:27:40 - INFO - [Classification Report - split=test_at_0.5_CWE-079 - threshold=0.50]
2026-08-22 05:27:40 - INFO -                 precision    recall  f1-score   support
2026-08-22 05:27:40 - INFO - 
2026-08-22 05:27:40 - INFO -       safe (0)     0.5000    0.8000    0.6154         5
2026-08-22 05:27:40 - INFO - vulnerable (1)     0.8750    0.6364    0.7368        11
2026-08-22 05:27:40 - INFO - 
2026-08-22 05:27:40 - INFO -       accuracy                         0.6875        16
2026-08-22 05:27:40 - INFO -      macro avg     0.6875    0.7182    0.6761        16
2026-08-22 05:27:40 - INFO -   weighted avg     0.7578    0.6875    0.6989        16
2026-08-22 05:27:40 - INFO - Confusion matrix - [[tn=4, fp=1], [fn=4, tp=7]]
2026-08-22 05:27:40 - INFO - probability_positive min=0.0003 mean=0.4963 std=0.4957 max=0.9993 predicted_0=8 predicted_1=8
2026-08-22 05:27:40 - INFO - [Classification Report - split=test_at_0.5_CWE-089 - threshold=0.50]
2026-08-22 05:27:40 - INFO -                 precision    recall  f1-score   support
2026-08-22 05:27:40 - INFO - 
2026-08-22 05:27:40 - INFO -       safe (0)     0.9250    1.0000    0.9610        37
2026-08-22 05:27:40 - INFO - vulnerable (1)     1.0000    0.9286    0.9630        42
2026-08-22 05:27:40 - INFO - 
2026-08-22 05:27:40 - INFO -       accuracy                         0.9620        79
2026-08-22 05:27:40 - INFO -      macro avg     0.9625    0.9643    0.9620        79
2026-08-22 05:27:40 - INFO -   weighted avg     0.9649    0.9620    0.9621        79
2026-08-22 05:27:40 - INFO - Confusion matrix - [[tn=37, fp=0], [fn=3, tp=39]]
2026-08-22 05:27:40 - INFO - probability_positive min=0.0002 mean=0.4938 std=0.4994 max=0.9997 predicted_0=40 predicted_1=39
2026-08-22 05:27:40 - INFO - [Classification Report - split=test_at_valcal_CWE-022 - threshold=0.92]
2026-08-22 05:27:40 - INFO -                 precision    recall  f1-score   support
2026-08-22 05:27:40 - INFO - 
2026-08-22 05:27:40 - INFO -       safe (0)     0.5000    0.5000    0.5000         6
2026-08-22 05:27:40 - INFO - vulnerable (1)     0.5714    0.5714    0.5714         7
2026-08-22 05:27:40 - INFO - 
2026-08-22 05:27:40 - INFO -       accuracy                         0.5385        13
2026-08-22 05:27:40 - INFO -      macro avg     0.5357    0.5357    0.5357        13
2026-08-22 05:27:40 - INFO -   weighted avg     0.5385    0.5385    0.5385        13
2026-08-22 05:27:40 - INFO - Confusion matrix - [[tn=3, fp=3], [fn=3, tp=4]]
2026-08-22 05:27:40 - INFO - probability_positive min=0.0004 mean=0.5818 std=0.4706 max=0.9989 predicted_0=6 predicted_1=7
2026-08-22 05:27:40 - INFO - [Classification Report - split=test_at_valcal_CWE-078 - threshold=0.92]
2026-08-22 05:27:40 - INFO -                 precision    recall  f1-score   support
2026-08-22 05:27:40 - INFO - 
2026-08-22 05:27:40 - INFO -       safe (0)     0.8261    0.7917    0.8085        24
2026-08-22 05:27:40 - INFO - vulnerable (1)     0.7619    0.8000    0.7805        20
2026-08-22 05:27:40 - INFO - 
2026-08-22 05:27:40 - INFO -       accuracy                         0.7955        44
2026-08-22 05:27:40 - INFO -      macro avg     0.7940    0.7958    0.7945        44
2026-08-22 05:27:40 - INFO -   weighted avg     0.7969    0.7955    0.7958        44
2026-08-22 05:27:40 - INFO - Confusion matrix - [[tn=19, fp=5], [fn=4, tp=16]]
2026-08-22 05:27:40 - INFO - probability_positive min=0.0002 mean=0.5090 std=0.4776 max=0.9997 predicted_0=23 predicted_1=21
2026-08-22 05:27:40 - INFO - [Classification Report - split=test_at_valcal_CWE-079 - threshold=0.92]
2026-08-22 05:27:40 - INFO -                 precision    recall  f1-score   support
2026-08-22 05:27:40 - INFO - 
2026-08-22 05:27:40 - INFO -       safe (0)     0.5000    0.8000    0.6154         5
2026-08-22 05:27:40 - INFO - vulnerable (1)     0.8750    0.6364    0.7368        11
2026-08-22 05:27:40 - INFO - 
2026-08-22 05:27:40 - INFO -       accuracy                         0.6875        16
2026-08-22 05:27:40 - INFO -      macro avg     0.6875    0.7182    0.6761        16
2026-08-22 05:27:40 - INFO -   weighted avg     0.7578    0.6875    0.6989        16
2026-08-22 05:27:40 - INFO - Confusion matrix - [[tn=4, fp=1], [fn=4, tp=7]]
2026-08-22 05:27:40 - INFO - probability_positive min=0.0003 mean=0.4963 std=0.4957 max=0.9993 predicted_0=8 predicted_1=8
2026-08-22 05:27:40 - INFO - [Classification Report - split=test_at_valcal_CWE-089 - threshold=0.92]
2026-08-22 05:27:40 - INFO -                 precision    recall  f1-score   support
2026-08-22 05:27:40 - INFO - 
2026-08-22 05:27:40 - INFO -       safe (0)     0.9250    1.0000    0.9610        37
2026-08-22 05:27:40 - INFO - vulnerable (1)     1.0000    0.9286    0.9630        42
2026-08-22 05:27:40 - INFO - 
2026-08-22 05:27:40 - INFO -       accuracy                         0.9620        79
2026-08-22 05:27:40 - INFO -      macro avg     0.9625    0.9643    0.9620        79
2026-08-22 05:27:40 - INFO -   weighted avg     0.9649    0.9620    0.9621        79
2026-08-22 05:27:40 - INFO - Confusion matrix - [[tn=37, fp=0], [fn=3, tp=39]]
2026-08-22 05:27:40 - INFO - probability_positive min=0.0002 mean=0.4938 std=0.4994 max=0.9997 predicted_0=40 predicted_1=39
2026-08-22 05:27:40 - INFO - Baseline inference result saved: results/fam1_t5p/baseline/seed_42/fold5.json
2026-08-22 05:27:40 - INFO - Run finished | Phase: baseline_infer | Fold: 5 | Seed: 42 | Elapsed: 5.10s
