2026-08-22 04:39:06 - INFO - Using device: cuda
2026-08-22 04:39:06 - INFO - Run started | Run: fam1_t5p | Method: baseline | Phase: baseline_infer | Fold: 3 | Seed: 42 | Device: cuda
2026-08-22 04:39:06 - INFO - Loading Python validation data: data/sven_python_folds_norm/fold3/val.jsonl
2026-08-22 04:39:06 - INFO - Loading Python test data: data/sven_python_folds_norm/fold3/test.jsonl
2026-08-22 04:39:06 - INFO - Data split: python_val | Total: 152 | Labels: {0: 83, 1: 69} | CWEs: {'CWE-022': 11, 'CWE-078': 41, 'CWE-079': 13, 'CWE-089': 87} | Languages: {'python': 152} | Invalid CWE: 0
2026-08-22 04:39:06 - INFO - Data split: python_test | Total: 152 | Labels: {0: 80, 1: 72} | CWEs: {'CWE-022': 15, 'CWE-078': 38, 'CWE-079': 20, 'CWE-089': 79} | Languages: {'python': 152} | Invalid CWE: 0
2026-08-22 04:39:08 - INFO - Environment: {"components": {"backbone": {"frozen": 0, "total": 109607040, "trainable": 109607040}, "vul_head": {"frozen": 0, "total": 1538, "trainable": 1538}}, "cuda": "12.8", "fold": 3, "frozen_parameters": 0, "gpu": "NVIDIA GeForce RTX 5070 Ti", "hyperparameters": {"batch_size": 16, "checkpoint_path": "model/fam1_t5p/baseline/seed_42/fold3/best.pt", "data_root": "data/sven_python_folds_norm", "epochs": 10, "eval_batch_size": 16, "fold": 3, "learning_rate": 2e-05, "max_eval_samples": null, "max_grad_norm": 1.0, "max_length": 512, "max_train_samples": null, "method_name": "baseline", "min_epochs": 3, "model_name": "Salesforce/codet5p-220m", "num_workers": 0, "patience": 5, "phase": "infer", "pooling": "mean", "result_path": "results/fam1_t5p/baseline/seed_42/fold3.json", "run_name": "fam1_t5p", "seed": 42, "target_lang": "python", "test_path": null, "train_path": null, "truncation_strategy": "head_middle_tail", "val_path": null, "weight_decay": 0.01}, "mode": "baseline_inference_no_optimizer", "model_name": "Salesforce/codet5p-220m", "seed": 42, "sklearn": "1.9.0", "torch": "2.11.0+cu128", "trainable_parameters": 109608578, "transformers": "4.57.1"}
2026-08-22 04:39:09 - INFO - Evaluation time | Split: validation+threshold | Seconds: 1.43
2026-08-22 04:39:09 - INFO - [Classification Report - split=validation - threshold=0.50]
2026-08-22 04:39:09 - INFO -                 precision    recall  f1-score   support
2026-08-22 04:39:09 - INFO - 
2026-08-22 04:39:09 - INFO -       safe (0)     0.8659    0.8554    0.8606        83
2026-08-22 04:39:09 - INFO - vulnerable (1)     0.8286    0.8406    0.8345        69
2026-08-22 04:39:09 - INFO - 
2026-08-22 04:39:09 - INFO -       accuracy                         0.8487       152
2026-08-22 04:39:09 - INFO -      macro avg     0.8472    0.8480    0.8476       152
2026-08-22 04:39:09 - INFO -   weighted avg     0.8489    0.8487    0.8488       152
2026-08-22 04:39:09 - INFO - Confusion matrix - [[tn=71, fp=12], [fn=11, tp=58]]
2026-08-22 04:39:09 - INFO - probability_positive min=0.0007 mean=0.4595 std=0.4713 max=0.9994 predicted_0=82 predicted_1=70
2026-08-22 04:39:09 - INFO - [Classification Report - split=validation_calibrated - threshold=0.51]
2026-08-22 04:39:09 - INFO -                 precision    recall  f1-score   support
2026-08-22 04:39:09 - INFO - 
2026-08-22 04:39:09 - INFO -       safe (0)     0.8675    0.8675    0.8675        83
2026-08-22 04:39:09 - INFO - vulnerable (1)     0.8406    0.8406    0.8406        69
2026-08-22 04:39:09 - INFO - 
2026-08-22 04:39:09 - INFO -       accuracy                         0.8553       152
2026-08-22 04:39:09 - INFO -      macro avg     0.8540    0.8540    0.8540       152
2026-08-22 04:39:09 - INFO -   weighted avg     0.8553    0.8553    0.8553       152
2026-08-22 04:39:09 - INFO - Confusion matrix - [[tn=72, fp=11], [fn=11, tp=58]]
2026-08-22 04:39:09 - INFO - probability_positive min=0.0007 mean=0.4595 std=0.4713 max=0.9994 predicted_0=83 predicted_1=69
2026-08-22 04:39:10 - INFO - Evaluation time | Split: test | Seconds: 0.96
2026-08-22 04:39:10 - INFO - [Classification Report - split=test - threshold=0.50]
2026-08-22 04:39:10 - INFO -                 precision    recall  f1-score   support
2026-08-22 04:39:10 - INFO - 
2026-08-22 04:39:10 - INFO -       safe (0)     0.7955    0.8750    0.8333        80
2026-08-22 04:39:10 - INFO - vulnerable (1)     0.8438    0.7500    0.7941        72
2026-08-22 04:39:10 - INFO - 
2026-08-22 04:39:10 - INFO -       accuracy                         0.8158       152
2026-08-22 04:39:10 - INFO -      macro avg     0.8196    0.8125    0.8137       152
2026-08-22 04:39:10 - INFO -   weighted avg     0.8183    0.8158    0.8148       152
2026-08-22 04:39:10 - INFO - Confusion matrix - [[tn=70, fp=10], [fn=18, tp=54]]
2026-08-22 04:39:10 - INFO - probability_positive min=0.0007 mean=0.4178 std=0.4471 max=0.9993 predicted_0=88 predicted_1=64
2026-08-22 04:39:10 - INFO - [Classification Report - split=test_valcal - threshold=0.51]
2026-08-22 04:39:10 - INFO -                 precision    recall  f1-score   support
2026-08-22 04:39:10 - INFO - 
2026-08-22 04:39:10 - INFO -       safe (0)     0.7955    0.8750    0.8333        80
2026-08-22 04:39:10 - INFO - vulnerable (1)     0.8438    0.7500    0.7941        72
2026-08-22 04:39:10 - INFO - 
2026-08-22 04:39:10 - INFO -       accuracy                         0.8158       152
2026-08-22 04:39:10 - INFO -      macro avg     0.8196    0.8125    0.8137       152
2026-08-22 04:39:10 - INFO -   weighted avg     0.8183    0.8158    0.8148       152
2026-08-22 04:39:10 - INFO - Confusion matrix - [[tn=70, fp=10], [fn=18, tp=54]]
2026-08-22 04:39:10 - INFO - probability_positive min=0.0007 mean=0.4178 std=0.4471 max=0.9993 predicted_0=88 predicted_1=64
2026-08-22 04:39:10 - INFO - [Classification Report - split=test_at_0.5_CWE-022 - threshold=0.50]
2026-08-22 04:39:10 - INFO -                 precision    recall  f1-score   support
2026-08-22 04:39:10 - INFO - 
2026-08-22 04:39:10 - INFO -       safe (0)     0.2000    0.4000    0.2667         5
2026-08-22 04:39:10 - INFO - vulnerable (1)     0.4000    0.2000    0.2667        10
2026-08-22 04:39:10 - INFO - 
2026-08-22 04:39:10 - INFO -       accuracy                         0.2667        15
2026-08-22 04:39:10 - INFO -      macro avg     0.3000    0.3000    0.2667        15
2026-08-22 04:39:10 - INFO -   weighted avg     0.3333    0.2667    0.2667        15
2026-08-22 04:39:10 - INFO - Confusion matrix - [[tn=2, fp=3], [fn=8, tp=2]]
2026-08-22 04:39:10 - INFO - probability_positive min=0.0062 mean=0.3804 std=0.3867 max=0.9972 predicted_0=10 predicted_1=5
2026-08-22 04:39:10 - INFO - [Classification Report - split=test_at_0.5_CWE-078 - threshold=0.50]
2026-08-22 04:39:10 - INFO -                 precision    recall  f1-score   support
2026-08-22 04:39:10 - INFO - 
2026-08-22 04:39:10 - INFO -       safe (0)     0.7778    0.7778    0.7778        18
2026-08-22 04:39:10 - INFO - vulnerable (1)     0.8000    0.8000    0.8000        20
2026-08-22 04:39:10 - INFO - 
2026-08-22 04:39:10 - INFO -       accuracy                         0.7895        38
2026-08-22 04:39:10 - INFO -      macro avg     0.7889    0.7889    0.7889        38
2026-08-22 04:39:10 - INFO -   weighted avg     0.7895    0.7895    0.7895        38
2026-08-22 04:39:10 - INFO - Confusion matrix - [[tn=14, fp=4], [fn=4, tp=16]]
2026-08-22 04:39:10 - INFO - probability_positive min=0.0010 mean=0.4904 std=0.4460 max=0.9985 predicted_0=18 predicted_1=20
2026-08-22 04:39:10 - INFO - [Classification Report - split=test_at_0.5_CWE-079 - threshold=0.50]
2026-08-22 04:39:10 - INFO -                 precision    recall  f1-score   support
2026-08-22 04:39:10 - INFO - 
2026-08-22 04:39:10 - INFO -       safe (0)     0.7273    0.7273    0.7273        11
2026-08-22 04:39:10 - INFO - vulnerable (1)     0.6667    0.6667    0.6667         9
2026-08-22 04:39:10 - INFO - 
2026-08-22 04:39:10 - INFO -       accuracy                         0.7000        20
2026-08-22 04:39:10 - INFO -      macro avg     0.6970    0.6970    0.6970        20
2026-08-22 04:39:10 - INFO -   weighted avg     0.7000    0.7000    0.7000        20
2026-08-22 04:39:10 - INFO - Confusion matrix - [[tn=8, fp=3], [fn=3, tp=6]]
2026-08-22 04:39:10 - INFO - probability_positive min=0.0016 mean=0.4925 std=0.3500 max=0.9684 predicted_0=11 predicted_1=9
2026-08-22 04:39:10 - INFO - [Classification Report - split=test_at_0.5_CWE-089 - threshold=0.50]
2026-08-22 04:39:10 - INFO -                 precision    recall  f1-score   support
2026-08-22 04:39:10 - INFO - 
2026-08-22 04:39:10 - INFO -       safe (0)     0.9388    1.0000    0.9684        46
2026-08-22 04:39:10 - INFO - vulnerable (1)     1.0000    0.9091    0.9524        33
2026-08-22 04:39:10 - INFO - 
2026-08-22 04:39:10 - INFO -       accuracy                         0.9620        79
2026-08-22 04:39:10 - INFO -      macro avg     0.9694    0.9545    0.9604        79
2026-08-22 04:39:10 - INFO -   weighted avg     0.9644    0.9620    0.9617        79
2026-08-22 04:39:10 - INFO - Confusion matrix - [[tn=46, fp=0], [fn=3, tp=30]]
2026-08-22 04:39:10 - INFO - probability_positive min=0.0007 mean=0.3710 std=0.4724 max=0.9993 predicted_0=49 predicted_1=30
2026-08-22 04:39:10 - INFO - [Classification Report - split=test_at_valcal_CWE-022 - threshold=0.51]
2026-08-22 04:39:10 - INFO -                 precision    recall  f1-score   support
2026-08-22 04:39:10 - INFO - 
2026-08-22 04:39:10 - INFO -       safe (0)     0.2000    0.4000    0.2667         5
2026-08-22 04:39:10 - INFO - vulnerable (1)     0.4000    0.2000    0.2667        10
2026-08-22 04:39:10 - INFO - 
2026-08-22 04:39:10 - INFO -       accuracy                         0.2667        15
2026-08-22 04:39:10 - INFO -      macro avg     0.3000    0.3000    0.2667        15
2026-08-22 04:39:10 - INFO -   weighted avg     0.3333    0.2667    0.2667        15
2026-08-22 04:39:10 - INFO - Confusion matrix - [[tn=2, fp=3], [fn=8, tp=2]]
2026-08-22 04:39:10 - INFO - probability_positive min=0.0062 mean=0.3804 std=0.3867 max=0.9972 predicted_0=10 predicted_1=5
2026-08-22 04:39:10 - INFO - [Classification Report - split=test_at_valcal_CWE-078 - threshold=0.51]
2026-08-22 04:39:10 - INFO -                 precision    recall  f1-score   support
2026-08-22 04:39:10 - INFO - 
2026-08-22 04:39:10 - INFO -       safe (0)     0.7778    0.7778    0.7778        18
2026-08-22 04:39:10 - INFO - vulnerable (1)     0.8000    0.8000    0.8000        20
2026-08-22 04:39:10 - INFO - 
2026-08-22 04:39:10 - INFO -       accuracy                         0.7895        38
2026-08-22 04:39:10 - INFO -      macro avg     0.7889    0.7889    0.7889        38
2026-08-22 04:39:10 - INFO -   weighted avg     0.7895    0.7895    0.7895        38
2026-08-22 04:39:10 - INFO - Confusion matrix - [[tn=14, fp=4], [fn=4, tp=16]]
2026-08-22 04:39:10 - INFO - probability_positive min=0.0010 mean=0.4904 std=0.4460 max=0.9985 predicted_0=18 predicted_1=20
2026-08-22 04:39:10 - INFO - [Classification Report - split=test_at_valcal_CWE-079 - threshold=0.51]
2026-08-22 04:39:10 - INFO -                 precision    recall  f1-score   support
2026-08-22 04:39:10 - INFO - 
2026-08-22 04:39:10 - INFO -       safe (0)     0.7273    0.7273    0.7273        11
2026-08-22 04:39:10 - INFO - vulnerable (1)     0.6667    0.6667    0.6667         9
2026-08-22 04:39:10 - INFO - 
2026-08-22 04:39:10 - INFO -       accuracy                         0.7000        20
2026-08-22 04:39:10 - INFO -      macro avg     0.6970    0.6970    0.6970        20
2026-08-22 04:39:10 - INFO -   weighted avg     0.7000    0.7000    0.7000        20
2026-08-22 04:39:10 - INFO - Confusion matrix - [[tn=8, fp=3], [fn=3, tp=6]]
2026-08-22 04:39:10 - INFO - probability_positive min=0.0016 mean=0.4925 std=0.3500 max=0.9684 predicted_0=11 predicted_1=9
2026-08-22 04:39:10 - INFO - [Classification Report - split=test_at_valcal_CWE-089 - threshold=0.51]
2026-08-22 04:39:10 - INFO -                 precision    recall  f1-score   support
2026-08-22 04:39:10 - INFO - 
2026-08-22 04:39:10 - INFO -       safe (0)     0.9388    1.0000    0.9684        46
2026-08-22 04:39:10 - INFO - vulnerable (1)     1.0000    0.9091    0.9524        33
2026-08-22 04:39:10 - INFO - 
2026-08-22 04:39:10 - INFO -       accuracy                         0.9620        79
2026-08-22 04:39:10 - INFO -      macro avg     0.9694    0.9545    0.9604        79
2026-08-22 04:39:10 - INFO -   weighted avg     0.9644    0.9620    0.9617        79
2026-08-22 04:39:10 - INFO - Confusion matrix - [[tn=46, fp=0], [fn=3, tp=30]]
2026-08-22 04:39:10 - INFO - probability_positive min=0.0007 mean=0.3710 std=0.4724 max=0.9993 predicted_0=49 predicted_1=30
2026-08-22 04:39:11 - INFO - Baseline inference result saved: results/fam1_t5p/baseline/seed_42/fold3.json
2026-08-22 04:39:11 - INFO - Run finished | Phase: baseline_infer | Fold: 3 | Seed: 42 | Elapsed: 4.76s
