2026-08-22 04:11:13 - INFO - Using device: cuda
2026-08-22 04:11:13 - INFO - Run started | Run: fam1_t5p | Method: baseline | Phase: baseline_infer | Fold: 2 | Seed: 42 | Device: cuda
2026-08-22 04:11:14 - INFO - Loading Python validation data: data/sven_python_folds_norm/fold2/val.jsonl
2026-08-22 04:11:14 - INFO - Loading Python test data: data/sven_python_folds_norm/fold2/test.jsonl
2026-08-22 04:11:14 - INFO - Data split: python_val | Total: 152 | Labels: {0: 80, 1: 72} | CWEs: {'CWE-022': 15, 'CWE-078': 38, 'CWE-079': 20, 'CWE-089': 79} | Languages: {'python': 152} | Invalid CWE: 0
2026-08-22 04:11:14 - INFO - Data split: python_test | Total: 152 | Labels: {0: 74, 1: 78} | CWEs: {'CWE-022': 8, 'CWE-078': 42, 'CWE-079': 19, 'CWE-089': 83} | Languages: {'python': 152} | Invalid CWE: 0
2026-08-22 04:11:15 - INFO - Environment: {"components": {"backbone": {"frozen": 0, "total": 109607040, "trainable": 109607040}, "vul_head": {"frozen": 0, "total": 1538, "trainable": 1538}}, "cuda": "12.8", "fold": 2, "frozen_parameters": 0, "gpu": "NVIDIA GeForce RTX 5070 Ti", "hyperparameters": {"batch_size": 16, "checkpoint_path": "model/fam1_t5p/baseline/seed_42/fold2/best.pt", "data_root": "data/sven_python_folds_norm", "epochs": 10, "eval_batch_size": 16, "fold": 2, "learning_rate": 2e-05, "max_eval_samples": null, "max_grad_norm": 1.0, "max_length": 512, "max_train_samples": null, "method_name": "baseline", "min_epochs": 3, "model_name": "Salesforce/codet5p-220m", "num_workers": 0, "patience": 5, "phase": "infer", "pooling": "mean", "result_path": "results/fam1_t5p/baseline/seed_42/fold2.json", "run_name": "fam1_t5p", "seed": 42, "target_lang": "python", "test_path": null, "train_path": null, "truncation_strategy": "head_middle_tail", "val_path": null, "weight_decay": 0.01}, "mode": "baseline_inference_no_optimizer", "model_name": "Salesforce/codet5p-220m", "seed": 42, "sklearn": "1.9.0", "torch": "2.11.0+cu128", "trainable_parameters": 109608578, "transformers": "4.57.1"}
2026-08-22 04:11:17 - INFO - Evaluation time | Split: validation+threshold | Seconds: 1.42
2026-08-22 04:11:17 - INFO - [Classification Report - split=validation - threshold=0.50]
2026-08-22 04:11:17 - INFO -                 precision    recall  f1-score   support
2026-08-22 04:11:17 - INFO - 
2026-08-22 04:11:17 - INFO -       safe (0)     0.8873    0.7875    0.8344        80
2026-08-22 04:11:17 - INFO - vulnerable (1)     0.7901    0.8889    0.8366        72
2026-08-22 04:11:17 - INFO - 
2026-08-22 04:11:17 - INFO -       accuracy                         0.8355       152
2026-08-22 04:11:17 - INFO -      macro avg     0.8387    0.8382    0.8355       152
2026-08-22 04:11:17 - INFO -   weighted avg     0.8413    0.8355    0.8355       152
2026-08-22 04:11:17 - INFO - Confusion matrix - [[tn=63, fp=17], [fn=8, tp=64]]
2026-08-22 04:11:17 - INFO - probability_positive min=0.0002 mean=0.5395 std=0.4885 max=0.9999 predicted_0=71 predicted_1=81
2026-08-22 04:11:17 - INFO - [Classification Report - split=validation_calibrated - threshold=0.90]
2026-08-22 04:11:17 - INFO -                 precision    recall  f1-score   support
2026-08-22 04:11:17 - INFO - 
2026-08-22 04:11:17 - INFO -       safe (0)     0.8889    0.8000    0.8421        80
2026-08-22 04:11:17 - INFO - vulnerable (1)     0.8000    0.8889    0.8421        72
2026-08-22 04:11:17 - INFO - 
2026-08-22 04:11:17 - INFO -       accuracy                         0.8421       152
2026-08-22 04:11:17 - INFO -      macro avg     0.8444    0.8444    0.8421       152
2026-08-22 04:11:17 - INFO -   weighted avg     0.8468    0.8421    0.8421       152
2026-08-22 04:11:17 - INFO - Confusion matrix - [[tn=64, fp=16], [fn=8, tp=64]]
2026-08-22 04:11:17 - INFO - probability_positive min=0.0002 mean=0.5395 std=0.4885 max=0.9999 predicted_0=72 predicted_1=80
2026-08-22 04:11:18 - INFO - Evaluation time | Split: test | Seconds: 0.96
2026-08-22 04:11:18 - INFO - [Classification Report - split=test - threshold=0.50]
2026-08-22 04:11:18 - INFO -                 precision    recall  f1-score   support
2026-08-22 04:11:18 - INFO - 
2026-08-22 04:11:18 - INFO -       safe (0)     0.8611    0.8378    0.8493        74
2026-08-22 04:11:18 - INFO - vulnerable (1)     0.8500    0.8718    0.8608        78
2026-08-22 04:11:18 - INFO - 
2026-08-22 04:11:18 - INFO -       accuracy                         0.8553       152
2026-08-22 04:11:18 - INFO -      macro avg     0.8556    0.8548    0.8550       152
2026-08-22 04:11:18 - INFO -   weighted avg     0.8554    0.8553    0.8552       152
2026-08-22 04:11:18 - INFO - Confusion matrix - [[tn=62, fp=12], [fn=10, tp=68]]
2026-08-22 04:11:18 - INFO - probability_positive min=0.0002 mean=0.5317 std=0.4906 max=0.9999 predicted_0=72 predicted_1=80
2026-08-22 04:11:18 - INFO - [Classification Report - split=test_valcal - threshold=0.90]
2026-08-22 04:11:18 - INFO -                 precision    recall  f1-score   support
2026-08-22 04:11:18 - INFO - 
2026-08-22 04:11:18 - INFO -       safe (0)     0.8611    0.8378    0.8493        74
2026-08-22 04:11:18 - INFO - vulnerable (1)     0.8500    0.8718    0.8608        78
2026-08-22 04:11:18 - INFO - 
2026-08-22 04:11:18 - INFO -       accuracy                         0.8553       152
2026-08-22 04:11:18 - INFO -      macro avg     0.8556    0.8548    0.8550       152
2026-08-22 04:11:18 - INFO -   weighted avg     0.8554    0.8553    0.8552       152
2026-08-22 04:11:18 - INFO - Confusion matrix - [[tn=62, fp=12], [fn=10, tp=68]]
2026-08-22 04:11:18 - INFO - probability_positive min=0.0002 mean=0.5317 std=0.4906 max=0.9999 predicted_0=72 predicted_1=80
2026-08-22 04:11:18 - INFO - [Classification Report - split=test_at_0.5_CWE-022 - threshold=0.50]
2026-08-22 04:11:18 - INFO -                 precision    recall  f1-score   support
2026-08-22 04:11:18 - INFO - 
2026-08-22 04:11:18 - INFO -       safe (0)     0.5000    0.5000    0.5000         4
2026-08-22 04:11:18 - INFO - vulnerable (1)     0.5000    0.5000    0.5000         4
2026-08-22 04:11:18 - INFO - 
2026-08-22 04:11:18 - INFO -       accuracy                         0.5000         8
2026-08-22 04:11:18 - INFO -      macro avg     0.5000    0.5000    0.5000         8
2026-08-22 04:11:18 - INFO -   weighted avg     0.5000    0.5000    0.5000         8
2026-08-22 04:11:18 - INFO - Confusion matrix - [[tn=2, fp=2], [fn=2, tp=2]]
2026-08-22 04:11:18 - INFO - probability_positive min=0.0007 mean=0.4949 std=0.4935 max=0.9998 predicted_0=4 predicted_1=4
2026-08-22 04:11:18 - INFO - [Classification Report - split=test_at_0.5_CWE-078 - threshold=0.50]
2026-08-22 04:11:18 - INFO -                 precision    recall  f1-score   support
2026-08-22 04:11:18 - INFO - 
2026-08-22 04:11:18 - INFO -       safe (0)     0.8000    0.8000    0.8000        20
2026-08-22 04:11:18 - INFO - vulnerable (1)     0.8182    0.8182    0.8182        22
2026-08-22 04:11:18 - INFO - 
2026-08-22 04:11:18 - INFO -       accuracy                         0.8095        42
2026-08-22 04:11:18 - INFO -      macro avg     0.8091    0.8091    0.8091        42
2026-08-22 04:11:18 - INFO -   weighted avg     0.8095    0.8095    0.8095        42
2026-08-22 04:11:18 - INFO - Confusion matrix - [[tn=16, fp=4], [fn=4, tp=18]]
2026-08-22 04:11:18 - INFO - probability_positive min=0.0003 mean=0.5333 std=0.4881 max=0.9999 predicted_0=20 predicted_1=22
2026-08-22 04:11:18 - INFO - [Classification Report - split=test_at_0.5_CWE-079 - threshold=0.50]
2026-08-22 04:11:18 - INFO -                 precision    recall  f1-score   support
2026-08-22 04:11:18 - INFO - 
2026-08-22 04:11:18 - INFO -       safe (0)     0.7000    0.7778    0.7368         9
2026-08-22 04:11:18 - INFO - vulnerable (1)     0.7778    0.7000    0.7368        10
2026-08-22 04:11:18 - INFO - 
2026-08-22 04:11:18 - INFO -       accuracy                         0.7368        19
2026-08-22 04:11:18 - INFO -      macro avg     0.7389    0.7389    0.7368        19
2026-08-22 04:11:18 - INFO -   weighted avg     0.7409    0.7368    0.7368        19
2026-08-22 04:11:18 - INFO - Confusion matrix - [[tn=7, fp=2], [fn=3, tp=7]]
2026-08-22 04:11:18 - INFO - probability_positive min=0.0005 mean=0.4804 std=0.4788 max=0.9998 predicted_0=10 predicted_1=9
2026-08-22 04:11:18 - INFO - [Classification Report - split=test_at_0.5_CWE-089 - threshold=0.50]
2026-08-22 04:11:18 - INFO -                 precision    recall  f1-score   support
2026-08-22 04:11:18 - INFO - 
2026-08-22 04:11:18 - INFO -       safe (0)     0.9737    0.9024    0.9367        41
2026-08-22 04:11:18 - INFO - vulnerable (1)     0.9111    0.9762    0.9425        42
2026-08-22 04:11:18 - INFO - 
2026-08-22 04:11:18 - INFO -       accuracy                         0.9398        83
2026-08-22 04:11:18 - INFO -      macro avg     0.9424    0.9393    0.9396        83
2026-08-22 04:11:18 - INFO -   weighted avg     0.9420    0.9398    0.9397        83
2026-08-22 04:11:18 - INFO - Confusion matrix - [[tn=37, fp=4], [fn=1, tp=41]]
2026-08-22 04:11:18 - INFO - probability_positive min=0.0002 mean=0.5462 std=0.4933 max=0.9999 predicted_0=38 predicted_1=45
2026-08-22 04:11:18 - INFO - [Classification Report - split=test_at_valcal_CWE-022 - threshold=0.90]
2026-08-22 04:11:18 - INFO -                 precision    recall  f1-score   support
2026-08-22 04:11:18 - INFO - 
2026-08-22 04:11:18 - INFO -       safe (0)     0.5000    0.5000    0.5000         4
2026-08-22 04:11:18 - INFO - vulnerable (1)     0.5000    0.5000    0.5000         4
2026-08-22 04:11:18 - INFO - 
2026-08-22 04:11:18 - INFO -       accuracy                         0.5000         8
2026-08-22 04:11:18 - INFO -      macro avg     0.5000    0.5000    0.5000         8
2026-08-22 04:11:18 - INFO -   weighted avg     0.5000    0.5000    0.5000         8
2026-08-22 04:11:18 - INFO - Confusion matrix - [[tn=2, fp=2], [fn=2, tp=2]]
2026-08-22 04:11:18 - INFO - probability_positive min=0.0007 mean=0.4949 std=0.4935 max=0.9998 predicted_0=4 predicted_1=4
2026-08-22 04:11:18 - INFO - [Classification Report - split=test_at_valcal_CWE-078 - threshold=0.90]
2026-08-22 04:11:18 - INFO -                 precision    recall  f1-score   support
2026-08-22 04:11:18 - INFO - 
2026-08-22 04:11:18 - INFO -       safe (0)     0.8000    0.8000    0.8000        20
2026-08-22 04:11:18 - INFO - vulnerable (1)     0.8182    0.8182    0.8182        22
2026-08-22 04:11:18 - INFO - 
2026-08-22 04:11:18 - INFO -       accuracy                         0.8095        42
2026-08-22 04:11:18 - INFO -      macro avg     0.8091    0.8091    0.8091        42
2026-08-22 04:11:18 - INFO -   weighted avg     0.8095    0.8095    0.8095        42
2026-08-22 04:11:18 - INFO - Confusion matrix - [[tn=16, fp=4], [fn=4, tp=18]]
2026-08-22 04:11:18 - INFO - probability_positive min=0.0003 mean=0.5333 std=0.4881 max=0.9999 predicted_0=20 predicted_1=22
2026-08-22 04:11:18 - INFO - [Classification Report - split=test_at_valcal_CWE-079 - threshold=0.90]
2026-08-22 04:11:18 - INFO -                 precision    recall  f1-score   support
2026-08-22 04:11:18 - INFO - 
2026-08-22 04:11:18 - INFO -       safe (0)     0.7000    0.7778    0.7368         9
2026-08-22 04:11:18 - INFO - vulnerable (1)     0.7778    0.7000    0.7368        10
2026-08-22 04:11:18 - INFO - 
2026-08-22 04:11:18 - INFO -       accuracy                         0.7368        19
2026-08-22 04:11:18 - INFO -      macro avg     0.7389    0.7389    0.7368        19
2026-08-22 04:11:18 - INFO -   weighted avg     0.7409    0.7368    0.7368        19
2026-08-22 04:11:18 - INFO - Confusion matrix - [[tn=7, fp=2], [fn=3, tp=7]]
2026-08-22 04:11:18 - INFO - probability_positive min=0.0005 mean=0.4804 std=0.4788 max=0.9998 predicted_0=10 predicted_1=9
2026-08-22 04:11:18 - INFO - [Classification Report - split=test_at_valcal_CWE-089 - threshold=0.90]
2026-08-22 04:11:18 - INFO -                 precision    recall  f1-score   support
2026-08-22 04:11:18 - INFO - 
2026-08-22 04:11:18 - INFO -       safe (0)     0.9737    0.9024    0.9367        41
2026-08-22 04:11:18 - INFO - vulnerable (1)     0.9111    0.9762    0.9425        42
2026-08-22 04:11:18 - INFO - 
2026-08-22 04:11:18 - INFO -       accuracy                         0.9398        83
2026-08-22 04:11:18 - INFO -      macro avg     0.9424    0.9393    0.9396        83
2026-08-22 04:11:18 - INFO -   weighted avg     0.9420    0.9398    0.9397        83
2026-08-22 04:11:18 - INFO - Confusion matrix - [[tn=37, fp=4], [fn=1, tp=41]]
2026-08-22 04:11:18 - INFO - probability_positive min=0.0002 mean=0.5462 std=0.4933 max=0.9999 predicted_0=38 predicted_1=45
2026-08-22 04:11:18 - INFO - Baseline inference result saved: results/fam1_t5p/baseline/seed_42/fold2.json
2026-08-22 04:11:18 - INFO - Run finished | Phase: baseline_infer | Fold: 2 | Seed: 42 | Elapsed: 4.89s
