2026-08-22 03:42:29 - INFO - Using device: cuda
2026-08-22 03:42:29 - INFO - Run started | Run: fam1_t5p | Method: baseline | Phase: baseline_train | Fold: 1 | Seed: 42 | Device: cuda
2026-08-22 03:42:30 - INFO - Loading Python validation data: data/sven_python_folds_norm/fold1/val.jsonl
2026-08-22 03:42:30 - INFO - Loading Python training data: data/sven_python_folds_norm/fold1/train.jsonl
2026-08-22 03:42:30 - INFO - Data split: python_train | Total: 456 | Labels: {0: 235, 1: 221} | CWEs: {'CWE-022': 39, 'CWE-078': 123, 'CWE-079': 49, 'CWE-089': 245} | Languages: {'python': 456} | Invalid CWE: 0
2026-08-22 03:42:30 - INFO - Data split: python_val | Total: 152 | Labels: {0: 74, 1: 78} | CWEs: {'CWE-022': 8, 'CWE-078': 42, 'CWE-079': 19, 'CWE-089': 83} | Languages: {'python': 152} | Invalid CWE: 0
2026-08-22 03:42:31 - INFO - Environment: {"components": {"backbone": {"frozen": 0, "total": 109607040, "trainable": 109607040}, "vul_head": {"frozen": 0, "total": 1538, "trainable": 1538}}, "cuda": "12.8", "fold": 1, "frozen_parameters": 0, "gpu": "NVIDIA GeForce RTX 5070 Ti", "hyperparameters": {"batch_size": 16, "checkpoint_path": "model/fam1_t5p/baseline/seed_42/fold1/best.pt", "data_root": "data/sven_python_folds_norm", "epochs": 30, "eval_batch_size": 16, "fold": 1, "learning_rate": 2e-05, "max_eval_samples": null, "max_grad_norm": 1.0, "max_length": 512, "max_train_samples": null, "method_name": "baseline", "min_epochs": 3, "model_name": "Salesforce/codet5p-220m", "num_workers": 0, "patience": 5, "phase": "train", "pooling": "mean", "result_path": "results/fam1_t5p/baseline/seed_42/fold1.json", "run_name": "fam1_t5p", "seed": 42, "target_lang": "python", "test_path": null, "train_path": null, "truncation_strategy": "head_middle_tail", "val_path": null, "weight_decay": 0.01}, "mode": "baseline_train", "model_name": "Salesforce/codet5p-220m", "seed": 42, "sklearn": "1.9.0", "torch": "2.11.0+cu128", "trainable_parameters": 109608578, "transformers": "4.57.1"}
2026-08-22 03:42:31 - INFO - Training started | Phase: baseline | Epochs: 30
2026-08-22 03:42:41 - INFO - Epoch 1/30 | Train loss: 0.696732 | Val loss: 0.711881 | LR: 2.00e-05 | Best epoch: 1 | Patience: 0 | Train: 8.65s | Validation: 0.96s | Epoch: 9.77s | Total: 9.77s
2026-08-22 03:42:41 - INFO - [Classification Report - split=train epoch=1 - threshold=0.50]
2026-08-22 03:42:41 - INFO -                 precision    recall  f1-score   support
2026-08-22 03:42:41 - INFO - 
2026-08-22 03:42:41 - INFO -       safe (0)     0.5251    0.4894    0.5066       235
2026-08-22 03:42:41 - INFO - vulnerable (1)     0.4937    0.5294    0.5109       221
2026-08-22 03:42:41 - INFO - 
2026-08-22 03:42:41 - INFO -       accuracy                         0.5088       456
2026-08-22 03:42:41 - INFO -      macro avg     0.5094    0.5094    0.5088       456
2026-08-22 03:42:41 - INFO -   weighted avg     0.5099    0.5088    0.5087       456
2026-08-22 03:42:41 - INFO - Confusion matrix - [[tn=115, fp=120], [fn=104, tp=117]]
2026-08-22 03:42:41 - INFO - probability_positive min=0.3850 mean=0.5072 std=0.0413 max=0.6556 predicted_0=219 predicted_1=237
2026-08-22 03:42:41 - INFO - [Classification Report - split=validation epoch=1 - threshold=0.50]
2026-08-22 03:42:41 - INFO -                 precision    recall  f1-score   support
2026-08-22 03:42:41 - INFO - 
2026-08-22 03:42:41 - INFO -       safe (0)     0.4868    1.0000    0.6549        74
2026-08-22 03:42:41 - INFO - vulnerable (1)     0.0000    0.0000    0.0000        78
2026-08-22 03:42:41 - INFO - 
2026-08-22 03:42:41 - INFO -       accuracy                         0.4868       152
2026-08-22 03:42:41 - INFO -      macro avg     0.2434    0.5000    0.3274       152
2026-08-22 03:42:41 - INFO -   weighted avg     0.2370    0.4868    0.3188       152
2026-08-22 03:42:41 - INFO - Confusion matrix - [[tn=74, fp=0], [fn=78, tp=0]]
2026-08-22 03:42:41 - INFO - probability_positive min=0.3821 mean=0.4285 std=0.0236 max=0.4881 predicted_0=152 predicted_1=0
2026-08-22 03:42:41 - INFO - New best model | Macro-F1: 0.327434 | Epoch: 1
2026-08-22 03:42:51 - INFO - Epoch 2/30 | Train loss: 0.688177 | Val loss: 0.695850 | LR: 2.00e-05 | Best epoch: 2 | Patience: 0 | Train: 8.47s | Validation: 0.95s | Epoch: 9.64s | Total: 19.41s
2026-08-22 03:42:51 - INFO - [Classification Report - split=train epoch=2 - threshold=0.50]
2026-08-22 03:42:51 - INFO -                 precision    recall  f1-score   support
2026-08-22 03:42:51 - INFO - 
2026-08-22 03:42:51 - INFO -       safe (0)     0.5476    0.7830    0.6445       235
2026-08-22 03:42:51 - INFO - vulnerable (1)     0.5750    0.3122    0.4047       221
2026-08-22 03:42:51 - INFO - 
2026-08-22 03:42:51 - INFO -       accuracy                         0.5548       456
2026-08-22 03:42:51 - INFO -      macro avg     0.5613    0.5476    0.5246       456
2026-08-22 03:42:51 - INFO -   weighted avg     0.5609    0.5548    0.5283       456
2026-08-22 03:42:51 - INFO - Confusion matrix - [[tn=184, fp=51], [fn=152, tp=69]]
2026-08-22 03:42:51 - INFO - probability_positive min=0.3604 mean=0.4589 std=0.0518 max=0.5934 predicted_0=336 predicted_1=120
2026-08-22 03:42:51 - INFO - [Classification Report - split=validation epoch=2 - threshold=0.50]
2026-08-22 03:42:51 - INFO -                 precision    recall  f1-score   support
2026-08-22 03:42:51 - INFO - 
2026-08-22 03:42:51 - INFO -       safe (0)     0.4314    0.2973    0.3520        74
2026-08-22 03:42:51 - INFO - vulnerable (1)     0.4851    0.6282    0.5475        78
2026-08-22 03:42:51 - INFO - 
2026-08-22 03:42:51 - INFO -       accuracy                         0.4671       152
2026-08-22 03:42:51 - INFO -      macro avg     0.4583    0.4628    0.4497       152
2026-08-22 03:42:51 - INFO -   weighted avg     0.4590    0.4671    0.4523       152
2026-08-22 03:42:51 - INFO - Confusion matrix - [[tn=22, fp=52], [fn=29, tp=49]]
2026-08-22 03:42:51 - INFO - probability_positive min=0.4440 mean=0.5113 std=0.0249 max=0.5687 predicted_0=51 predicted_1=101
2026-08-22 03:42:51 - INFO - New best model | Macro-F1: 0.449743 | Epoch: 2
2026-08-22 03:43:00 - INFO - Epoch 3/30 | Train loss: 0.656395 | Val loss: 0.684033 | LR: 2.00e-05 | Best epoch: 3 | Patience: 0 | Train: 8.47s | Validation: 0.96s | Epoch: 9.65s | Total: 29.07s
2026-08-22 03:43:00 - INFO - [Classification Report - split=train epoch=3 - threshold=0.50]
2026-08-22 03:43:00 - INFO -                 precision    recall  f1-score   support
2026-08-22 03:43:00 - INFO - 
2026-08-22 03:43:00 - INFO -       safe (0)     0.6511    0.8894    0.7518       235
2026-08-22 03:43:00 - INFO - vulnerable (1)     0.8074    0.4932    0.6124       221
2026-08-22 03:43:00 - INFO - 
2026-08-22 03:43:00 - INFO -       accuracy                         0.6974       456
2026-08-22 03:43:00 - INFO -      macro avg     0.7292    0.6913    0.6821       456
2026-08-22 03:43:00 - INFO -   weighted avg     0.7268    0.6974    0.6842       456
2026-08-22 03:43:00 - INFO - Confusion matrix - [[tn=209, fp=26], [fn=112, tp=109]]
2026-08-22 03:43:00 - INFO - probability_positive min=0.3233 mean=0.4742 std=0.0505 max=0.6447 predicted_0=321 predicted_1=135
2026-08-22 03:43:00 - INFO - [Classification Report - split=validation epoch=3 - threshold=0.50]
2026-08-22 03:43:00 - INFO -                 precision    recall  f1-score   support
2026-08-22 03:43:00 - INFO - 
2026-08-22 03:43:00 - INFO -       safe (0)     0.5361    0.7027    0.6082        74
2026-08-22 03:43:00 - INFO - vulnerable (1)     0.6000    0.4231    0.4962        78
2026-08-22 03:43:00 - INFO - 
2026-08-22 03:43:00 - INFO -       accuracy                         0.5592       152
2026-08-22 03:43:00 - INFO -      macro avg     0.5680    0.5629    0.5522       152
2026-08-22 03:43:00 - INFO -   weighted avg     0.5689    0.5592    0.5507       152
2026-08-22 03:43:00 - INFO - Confusion matrix - [[tn=52, fp=22], [fn=45, tp=33]]
2026-08-22 03:43:00 - INFO - probability_positive min=0.3408 mean=0.4779 std=0.0586 max=0.6336 predicted_0=97 predicted_1=55
2026-08-22 03:43:00 - INFO - New best model | Macro-F1: 0.552214 | Epoch: 3
2026-08-22 03:43:10 - INFO - Epoch 4/30 | Train loss: 0.533907 | Val loss: 0.700304 | LR: 2.00e-05 | Best epoch: 4 | Patience: 0 | Train: 8.48s | Validation: 0.96s | Epoch: 9.66s | Total: 38.74s
2026-08-22 03:43:10 - INFO - [Classification Report - split=train epoch=4 - threshold=0.50]
2026-08-22 03:43:10 - INFO -                 precision    recall  f1-score   support
2026-08-22 03:43:10 - INFO - 
2026-08-22 03:43:10 - INFO -       safe (0)     0.7906    0.7872    0.7889       235
2026-08-22 03:43:10 - INFO - vulnerable (1)     0.7748    0.7783    0.7765       221
2026-08-22 03:43:10 - INFO - 
2026-08-22 03:43:10 - INFO -       accuracy                         0.7829       456
2026-08-22 03:43:10 - INFO -      macro avg     0.7827    0.7828    0.7827       456
2026-08-22 03:43:10 - INFO -   weighted avg     0.7829    0.7829    0.7829       456
2026-08-22 03:43:10 - INFO - Confusion matrix - [[tn=185, fp=50], [fn=49, tp=172]]
2026-08-22 03:43:10 - INFO - probability_positive min=0.0136 mean=0.4948 std=0.1911 max=0.9519 predicted_0=234 predicted_1=222
2026-08-22 03:43:10 - INFO - [Classification Report - split=validation epoch=4 - threshold=0.50]
2026-08-22 03:43:10 - INFO -                 precision    recall  f1-score   support
2026-08-22 03:43:10 - INFO - 
2026-08-22 03:43:10 - INFO -       safe (0)     0.6330    0.9324    0.7541        74
2026-08-22 03:43:10 - INFO - vulnerable (1)     0.8837    0.4872    0.6281        78
2026-08-22 03:43:10 - INFO - 
2026-08-22 03:43:10 - INFO -       accuracy                         0.7039       152
2026-08-22 03:43:10 - INFO -      macro avg     0.7584    0.7098    0.6911       152
2026-08-22 03:43:10 - INFO -   weighted avg     0.7617    0.7039    0.6894       152
2026-08-22 03:43:10 - INFO - Confusion matrix - [[tn=69, fp=5], [fn=40, tp=38]]
2026-08-22 03:43:10 - INFO - probability_positive min=0.0057 mean=0.3137 std=0.3461 max=0.9725 predicted_0=109 predicted_1=43
2026-08-22 03:43:10 - INFO - New best model | Macro-F1: 0.691099 | Epoch: 4
2026-08-22 03:43:20 - INFO - Epoch 5/30 | Train loss: 0.389586 | Val loss: 0.376369 | LR: 2.00e-05 | Best epoch: 5 | Patience: 0 | Train: 8.47s | Validation: 0.96s | Epoch: 9.65s | Total: 48.40s
2026-08-22 03:43:20 - INFO - [Classification Report - split=train epoch=5 - threshold=0.50]
2026-08-22 03:43:20 - INFO -                 precision    recall  f1-score   support
2026-08-22 03:43:20 - INFO - 
2026-08-22 03:43:20 - INFO -       safe (0)     0.8458    0.8170    0.8312       235
2026-08-22 03:43:20 - INFO - vulnerable (1)     0.8122    0.8416    0.8267       221
2026-08-22 03:43:20 - INFO - 
2026-08-22 03:43:20 - INFO -       accuracy                         0.8289       456
2026-08-22 03:43:20 - INFO -      macro avg     0.8290    0.8293    0.8289       456
2026-08-22 03:43:20 - INFO -   weighted avg     0.8295    0.8289    0.8290       456
2026-08-22 03:43:20 - INFO - Confusion matrix - [[tn=192, fp=43], [fn=35, tp=186]]
2026-08-22 03:43:20 - INFO - probability_positive min=0.0036 mean=0.4699 std=0.3924 max=0.9898 predicted_0=227 predicted_1=229
2026-08-22 03:43:20 - INFO - [Classification Report - split=validation epoch=5 - threshold=0.50]
2026-08-22 03:43:20 - INFO -                 precision    recall  f1-score   support
2026-08-22 03:43:20 - INFO - 
2026-08-22 03:43:20 - INFO -       safe (0)     0.8406    0.7838    0.8112        74
2026-08-22 03:43:20 - INFO - vulnerable (1)     0.8072    0.8590    0.8323        78
2026-08-22 03:43:20 - INFO - 
2026-08-22 03:43:20 - INFO -       accuracy                         0.8224       152
2026-08-22 03:43:20 - INFO -      macro avg     0.8239    0.8214    0.8217       152
2026-08-22 03:43:20 - INFO -   weighted avg     0.8235    0.8224    0.8220       152
2026-08-22 03:43:20 - INFO - Confusion matrix - [[tn=58, fp=16], [fn=11, tp=67]]
2026-08-22 03:43:20 - INFO - probability_positive min=0.0057 mean=0.4866 std=0.3762 max=0.9794 predicted_0=69 predicted_1=83
2026-08-22 03:43:20 - INFO - New best model | Macro-F1: 0.821743 | Epoch: 5
2026-08-22 03:43:29 - INFO - Epoch 6/30 | Train loss: 0.244276 | Val loss: 0.390194 | LR: 2.00e-05 | Best epoch: 6 | Patience: 0 | Train: 8.47s | Validation: 0.96s | Epoch: 9.64s | Total: 58.06s
2026-08-22 03:43:29 - INFO - [Classification Report - split=train epoch=6 - threshold=0.50]
2026-08-22 03:43:29 - INFO -                 precision    recall  f1-score   support
2026-08-22 03:43:29 - INFO - 
2026-08-22 03:43:29 - INFO -       safe (0)     0.9087    0.8894    0.8989       235
2026-08-22 03:43:29 - INFO - vulnerable (1)     0.8850    0.9050    0.8949       221
2026-08-22 03:43:29 - INFO - 
2026-08-22 03:43:29 - INFO -       accuracy                         0.8969       456
2026-08-22 03:43:29 - INFO -      macro avg     0.8968    0.8972    0.8969       456
2026-08-22 03:43:29 - INFO -   weighted avg     0.8972    0.8969    0.8970       456
2026-08-22 03:43:29 - INFO - Confusion matrix - [[tn=209, fp=26], [fn=21, tp=200]]
2026-08-22 03:43:29 - INFO - probability_positive min=0.0034 mean=0.4764 std=0.4064 max=0.9937 predicted_0=230 predicted_1=226
2026-08-22 03:43:29 - INFO - [Classification Report - split=validation epoch=6 - threshold=0.50]
2026-08-22 03:43:29 - INFO -                 precision    recall  f1-score   support
2026-08-22 03:43:29 - INFO - 
2026-08-22 03:43:29 - INFO -       safe (0)     0.8493    0.8378    0.8435        74
2026-08-22 03:43:29 - INFO - vulnerable (1)     0.8481    0.8590    0.8535        78
2026-08-22 03:43:29 - INFO - 
2026-08-22 03:43:29 - INFO -       accuracy                         0.8487       152
2026-08-22 03:43:29 - INFO -      macro avg     0.8487    0.8484    0.8485       152
2026-08-22 03:43:29 - INFO -   weighted avg     0.8487    0.8487    0.8487       152
2026-08-22 03:43:29 - INFO - Confusion matrix - [[tn=62, fp=12], [fn=11, tp=67]]
2026-08-22 03:43:29 - INFO - probability_positive min=0.0029 mean=0.4981 std=0.4289 max=0.9948 predicted_0=73 predicted_1=79
2026-08-22 03:43:29 - INFO - New best model | Macro-F1: 0.848520 | Epoch: 6
2026-08-22 03:43:39 - INFO - Epoch 7/30 | Train loss: 0.181567 | Val loss: 0.474746 | LR: 2.00e-05 | Best epoch: 7 | Patience: 0 | Train: 8.47s | Validation: 0.96s | Epoch: 9.65s | Total: 67.72s
2026-08-22 03:43:39 - INFO - [Classification Report - split=train epoch=7 - threshold=0.50]
2026-08-22 03:43:39 - INFO -                 precision    recall  f1-score   support
2026-08-22 03:43:39 - INFO - 
2026-08-22 03:43:39 - INFO -       safe (0)     0.9631    0.8894    0.9248       235
2026-08-22 03:43:39 - INFO - vulnerable (1)     0.8912    0.9638    0.9261       221
2026-08-22 03:43:39 - INFO - 
2026-08-22 03:43:39 - INFO -       accuracy                         0.9254       456
2026-08-22 03:43:39 - INFO -      macro avg     0.9272    0.9266    0.9254       456
2026-08-22 03:43:39 - INFO -   weighted avg     0.9283    0.9254    0.9254       456
2026-08-22 03:43:39 - INFO - Confusion matrix - [[tn=209, fp=26], [fn=8, tp=213]]
2026-08-22 03:43:39 - INFO - probability_positive min=0.0013 mean=0.5037 std=0.4534 max=0.9986 predicted_0=217 predicted_1=239
2026-08-22 03:43:39 - INFO - [Classification Report - split=validation epoch=7 - threshold=0.50]
2026-08-22 03:43:39 - INFO -                 precision    recall  f1-score   support
2026-08-22 03:43:39 - INFO - 
2026-08-22 03:43:39 - INFO -       safe (0)     0.8442    0.8784    0.8609        74
2026-08-22 03:43:39 - INFO - vulnerable (1)     0.8800    0.8462    0.8627        78
2026-08-22 03:43:39 - INFO - 
2026-08-22 03:43:39 - INFO -       accuracy                         0.8618       152
2026-08-22 03:43:39 - INFO -      macro avg     0.8621    0.8623    0.8618       152
2026-08-22 03:43:39 - INFO -   weighted avg     0.8625    0.8618    0.8619       152
2026-08-22 03:43:39 - INFO - Confusion matrix - [[tn=65, fp=9], [fn=12, tp=66]]
2026-08-22 03:43:39 - INFO - probability_positive min=0.0014 mean=0.4902 std=0.4716 max=0.9987 predicted_0=77 predicted_1=75
2026-08-22 03:43:39 - INFO - New best model | Macro-F1: 0.861836 | Epoch: 7
2026-08-22 03:43:49 - INFO - Epoch 8/30 | Train loss: 0.140519 | Val loss: 0.473155 | LR: 2.00e-05 | Best epoch: 8 | Patience: 0 | Train: 8.47s | Validation: 0.96s | Epoch: 9.64s | Total: 77.38s
2026-08-22 03:43:49 - INFO - [Classification Report - split=train epoch=8 - threshold=0.50]
2026-08-22 03:43:49 - INFO -                 precision    recall  f1-score   support
2026-08-22 03:43:49 - INFO - 
2026-08-22 03:43:49 - INFO -       safe (0)     0.9561    0.9277    0.9417       235
2026-08-22 03:43:49 - INFO - vulnerable (1)     0.9254    0.9548    0.9399       221
2026-08-22 03:43:49 - INFO - 
2026-08-22 03:43:49 - INFO -       accuracy                         0.9408       456
2026-08-22 03:43:49 - INFO -      macro avg     0.9408    0.9412    0.9408       456
2026-08-22 03:43:49 - INFO -   weighted avg     0.9413    0.9408    0.9408       456
2026-08-22 03:43:49 - INFO - Confusion matrix - [[tn=218, fp=17], [fn=10, tp=211]]
2026-08-22 03:43:49 - INFO - probability_positive min=0.0014 mean=0.4883 std=0.4701 max=0.9984 predicted_0=228 predicted_1=228
2026-08-22 03:43:49 - INFO - [Classification Report - split=validation epoch=8 - threshold=0.50]
2026-08-22 03:43:49 - INFO -                 precision    recall  f1-score   support
2026-08-22 03:43:49 - INFO - 
2026-08-22 03:43:49 - INFO -       safe (0)     0.8500    0.9189    0.8831        74
2026-08-22 03:43:49 - INFO - vulnerable (1)     0.9167    0.8462    0.8800        78
2026-08-22 03:43:49 - INFO - 
2026-08-22 03:43:49 - INFO -       accuracy                         0.8816       152
2026-08-22 03:43:49 - INFO -      macro avg     0.8833    0.8825    0.8816       152
2026-08-22 03:43:49 - INFO -   weighted avg     0.8842    0.8816    0.8815       152
2026-08-22 03:43:49 - INFO - Confusion matrix - [[tn=68, fp=6], [fn=12, tp=66]]
2026-08-22 03:43:49 - INFO - probability_positive min=0.0014 mean=0.4584 std=0.4738 max=0.9988 predicted_0=80 predicted_1=72
2026-08-22 03:43:49 - INFO - New best model | Macro-F1: 0.881558 | Epoch: 8
2026-08-22 03:43:58 - INFO - Epoch 9/30 | Train loss: 0.116854 | Val loss: 0.461728 | LR: 2.00e-05 | Best epoch: 8 | Patience: 1 | Train: 8.47s | Validation: 0.96s | Epoch: 9.43s | Total: 86.81s
2026-08-22 03:43:58 - INFO - [Classification Report - split=train epoch=9 - threshold=0.50]
2026-08-22 03:43:58 - INFO -                 precision    recall  f1-score   support
2026-08-22 03:43:58 - INFO - 
2026-08-22 03:43:58 - INFO -       safe (0)     0.9530    0.9489    0.9510       235
2026-08-22 03:43:58 - INFO - vulnerable (1)     0.9459    0.9502    0.9481       221
2026-08-22 03:43:58 - INFO - 
2026-08-22 03:43:58 - INFO -       accuracy                         0.9496       456
2026-08-22 03:43:58 - INFO -      macro avg     0.9495    0.9496    0.9495       456
2026-08-22 03:43:58 - INFO -   weighted avg     0.9496    0.9496    0.9496       456
2026-08-22 03:43:58 - INFO - Confusion matrix - [[tn=223, fp=12], [fn=11, tp=210]]
2026-08-22 03:43:58 - INFO - probability_positive min=0.0017 mean=0.4836 std=0.4695 max=0.9988 predicted_0=234 predicted_1=222
2026-08-22 03:43:58 - INFO - [Classification Report - split=validation epoch=9 - threshold=0.50]
2026-08-22 03:43:58 - INFO -                 precision    recall  f1-score   support
2026-08-22 03:43:58 - INFO - 
2026-08-22 03:43:58 - INFO -       safe (0)     0.8667    0.8784    0.8725        74
2026-08-22 03:43:58 - INFO - vulnerable (1)     0.8831    0.8718    0.8774        78
2026-08-22 03:43:58 - INFO - 
2026-08-22 03:43:58 - INFO -       accuracy                         0.8750       152
2026-08-22 03:43:58 - INFO -      macro avg     0.8749    0.8751    0.8750       152
2026-08-22 03:43:58 - INFO -   weighted avg     0.8751    0.8750    0.8750       152
2026-08-22 03:43:58 - INFO - Confusion matrix - [[tn=65, fp=9], [fn=10, tp=68]]
2026-08-22 03:43:58 - INFO - probability_positive min=0.0012 mean=0.4986 std=0.4745 max=0.9992 predicted_0=75 predicted_1=77
2026-08-22 03:44:08 - INFO - Epoch 10/30 | Train loss: 0.085247 | Val loss: 0.555153 | LR: 2.00e-05 | Best epoch: 10 | Patience: 0 | Train: 8.47s | Validation: 0.96s | Epoch: 9.66s | Total: 96.48s
2026-08-22 03:44:08 - INFO - [Classification Report - split=train epoch=10 - threshold=0.50]
2026-08-22 03:44:08 - INFO -                 precision    recall  f1-score   support
2026-08-22 03:44:08 - INFO - 
2026-08-22 03:44:08 - INFO -       safe (0)     0.9701    0.9660    0.9680       235
2026-08-22 03:44:08 - INFO - vulnerable (1)     0.9640    0.9683    0.9661       221
2026-08-22 03:44:08 - INFO - 
2026-08-22 03:44:08 - INFO -       accuracy                         0.9671       456
2026-08-22 03:44:08 - INFO -      macro avg     0.9670    0.9671    0.9671       456
2026-08-22 03:44:08 - INFO -   weighted avg     0.9671    0.9671    0.9671       456
2026-08-22 03:44:08 - INFO - Confusion matrix - [[tn=227, fp=8], [fn=7, tp=214]]
2026-08-22 03:44:08 - INFO - probability_positive min=0.0010 mean=0.4822 std=0.4815 max=0.9993 predicted_0=234 predicted_1=222
2026-08-22 03:44:08 - INFO - [Classification Report - split=validation epoch=10 - threshold=0.50]
2026-08-22 03:44:08 - INFO -                 precision    recall  f1-score   support
2026-08-22 03:44:08 - INFO - 
2026-08-22 03:44:08 - INFO -       safe (0)     0.8519    0.9324    0.8903        74
2026-08-22 03:44:08 - INFO - vulnerable (1)     0.9296    0.8462    0.8859        78
2026-08-22 03:44:08 - INFO - 
2026-08-22 03:44:08 - INFO -       accuracy                         0.8882       152
2026-08-22 03:44:08 - INFO -      macro avg     0.8907    0.8893    0.8881       152
2026-08-22 03:44:08 - INFO -   weighted avg     0.8917    0.8882    0.8881       152
2026-08-22 03:44:08 - INFO - Confusion matrix - [[tn=69, fp=5], [fn=12, tp=66]]
2026-08-22 03:44:08 - INFO - probability_positive min=0.0007 mean=0.4818 std=0.4809 max=0.9995 predicted_0=81 predicted_1=71
2026-08-22 03:44:08 - INFO - New best model | Macro-F1: 0.888114 | Epoch: 10
2026-08-22 03:44:17 - INFO - Epoch 11/30 | Train loss: 0.074707 | Val loss: 0.588787 | LR: 2.00e-05 | Best epoch: 10 | Patience: 1 | Train: 8.47s | Validation: 0.96s | Epoch: 9.42s | Total: 105.92s
2026-08-22 03:44:17 - INFO - [Classification Report - split=train epoch=11 - threshold=0.50]
2026-08-22 03:44:17 - INFO -                 precision    recall  f1-score   support
2026-08-22 03:44:17 - INFO - 
2026-08-22 03:44:17 - INFO -       safe (0)     0.9705    0.9787    0.9746       235
2026-08-22 03:44:17 - INFO - vulnerable (1)     0.9772    0.9683    0.9727       221
2026-08-22 03:44:17 - INFO - 
2026-08-22 03:44:17 - INFO -       accuracy                         0.9737       456
2026-08-22 03:44:17 - INFO -      macro avg     0.9738    0.9735    0.9737       456
2026-08-22 03:44:17 - INFO -   weighted avg     0.9737    0.9737    0.9737       456
2026-08-22 03:44:17 - INFO - Confusion matrix - [[tn=230, fp=5], [fn=7, tp=214]]
2026-08-22 03:44:17 - INFO - probability_positive min=0.0006 mean=0.4823 std=0.4887 max=0.9994 predicted_0=237 predicted_1=219
2026-08-22 03:44:17 - INFO - [Classification Report - split=validation epoch=11 - threshold=0.50]
2026-08-22 03:44:17 - INFO -                 precision    recall  f1-score   support
2026-08-22 03:44:17 - INFO - 
2026-08-22 03:44:17 - INFO -       safe (0)     0.8462    0.8919    0.8684        74
2026-08-22 03:44:17 - INFO - vulnerable (1)     0.8919    0.8462    0.8684        78
2026-08-22 03:44:17 - INFO - 
2026-08-22 03:44:17 - INFO -       accuracy                         0.8684       152
2026-08-22 03:44:17 - INFO -      macro avg     0.8690    0.8690    0.8684       152
2026-08-22 03:44:17 - INFO -   weighted avg     0.8696    0.8684    0.8684       152
2026-08-22 03:44:17 - INFO - Confusion matrix - [[tn=66, fp=8], [fn=12, tp=66]]
2026-08-22 03:44:17 - INFO - probability_positive min=0.0005 mean=0.4882 std=0.4863 max=0.9996 predicted_0=78 predicted_1=74
2026-08-22 03:44:27 - INFO - Epoch 12/30 | Train loss: 0.068188 | Val loss: 0.647191 | LR: 2.00e-05 | Best epoch: 10 | Patience: 2 | Train: 8.47s | Validation: 0.96s | Epoch: 9.42s | Total: 115.35s
2026-08-22 03:44:27 - INFO - [Classification Report - split=train epoch=12 - threshold=0.50]
2026-08-22 03:44:27 - INFO -                 precision    recall  f1-score   support
2026-08-22 03:44:27 - INFO - 
2026-08-22 03:44:27 - INFO -       safe (0)     0.9706    0.9830    0.9767       235
2026-08-22 03:44:27 - INFO - vulnerable (1)     0.9817    0.9683    0.9749       221
2026-08-22 03:44:27 - INFO - 
2026-08-22 03:44:27 - INFO -       accuracy                         0.9759       456
2026-08-22 03:44:27 - INFO -      macro avg     0.9761    0.9757    0.9758       456
2026-08-22 03:44:27 - INFO -   weighted avg     0.9759    0.9759    0.9759       456
2026-08-22 03:44:27 - INFO - Confusion matrix - [[tn=231, fp=4], [fn=7, tp=214]]
2026-08-22 03:44:27 - INFO - probability_positive min=0.0005 mean=0.4797 std=0.4921 max=0.9996 predicted_0=238 predicted_1=218
2026-08-22 03:44:27 - INFO - [Classification Report - split=validation epoch=12 - threshold=0.50]
2026-08-22 03:44:27 - INFO -                 precision    recall  f1-score   support
2026-08-22 03:44:27 - INFO - 
2026-08-22 03:44:27 - INFO -       safe (0)     0.8667    0.8784    0.8725        74
2026-08-22 03:44:27 - INFO - vulnerable (1)     0.8831    0.8718    0.8774        78
2026-08-22 03:44:27 - INFO - 
2026-08-22 03:44:27 - INFO -       accuracy                         0.8750       152
2026-08-22 03:44:27 - INFO -      macro avg     0.8749    0.8751    0.8750       152
2026-08-22 03:44:27 - INFO -   weighted avg     0.8751    0.8750    0.8750       152
2026-08-22 03:44:27 - INFO - Confusion matrix - [[tn=65, fp=9], [fn=10, tp=68]]
2026-08-22 03:44:27 - INFO - probability_positive min=0.0004 mean=0.5089 std=0.4858 max=0.9997 predicted_0=75 predicted_1=77
2026-08-22 03:44:36 - INFO - Epoch 13/30 | Train loss: 0.042854 | Val loss: 0.623579 | LR: 2.00e-05 | Best epoch: 13 | Patience: 0 | Train: 8.47s | Validation: 0.96s | Epoch: 9.65s | Total: 125.00s
2026-08-22 03:44:36 - INFO - [Classification Report - split=train epoch=13 - threshold=0.50]
2026-08-22 03:44:36 - INFO -                 precision    recall  f1-score   support
2026-08-22 03:44:36 - INFO - 
2026-08-22 03:44:36 - INFO -       safe (0)     0.9872    0.9830    0.9851       235
2026-08-22 03:44:36 - INFO - vulnerable (1)     0.9820    0.9864    0.9842       221
2026-08-22 03:44:36 - INFO - 
2026-08-22 03:44:36 - INFO -       accuracy                         0.9846       456
2026-08-22 03:44:36 - INFO -      macro avg     0.9846    0.9847    0.9846       456
2026-08-22 03:44:36 - INFO -   weighted avg     0.9847    0.9846    0.9847       456
2026-08-22 03:44:36 - INFO - Confusion matrix - [[tn=231, fp=4], [fn=3, tp=218]]
2026-08-22 03:44:36 - INFO - probability_positive min=0.0003 mean=0.4855 std=0.4934 max=0.9996 predicted_0=234 predicted_1=222
2026-08-22 03:44:36 - INFO - [Classification Report - split=validation epoch=13 - threshold=0.50]
2026-08-22 03:44:36 - INFO -                 precision    recall  f1-score   support
2026-08-22 03:44:36 - INFO - 
2026-08-22 03:44:36 - INFO -       safe (0)     0.8608    0.9189    0.8889        74
2026-08-22 03:44:36 - INFO - vulnerable (1)     0.9178    0.8590    0.8874        78
2026-08-22 03:44:36 - INFO - 
2026-08-22 03:44:36 - INFO -       accuracy                         0.8882       152
2026-08-22 03:44:36 - INFO -      macro avg     0.8893    0.8889    0.8882       152
2026-08-22 03:44:36 - INFO -   weighted avg     0.8900    0.8882    0.8881       152
2026-08-22 03:44:36 - INFO - Confusion matrix - [[tn=68, fp=6], [fn=11, tp=67]]
2026-08-22 03:44:36 - INFO - probability_positive min=0.0003 mean=0.4801 std=0.4906 max=0.9997 predicted_0=79 predicted_1=73
2026-08-22 03:44:36 - INFO - New best model | Macro-F1: 0.888153 | Epoch: 13
2026-08-22 03:44:46 - INFO - Epoch 14/30 | Train loss: 0.041491 | Val loss: 0.918701 | LR: 2.00e-05 | Best epoch: 13 | Patience: 1 | Train: 8.47s | Validation: 0.96s | Epoch: 9.42s | Total: 134.44s
2026-08-22 03:44:46 - INFO - [Classification Report - split=train epoch=14 - threshold=0.50]
2026-08-22 03:44:46 - INFO -                 precision    recall  f1-score   support
2026-08-22 03:44:46 - INFO - 
2026-08-22 03:44:46 - INFO -       safe (0)     0.9831    0.9915    0.9873       235
2026-08-22 03:44:46 - INFO - vulnerable (1)     0.9909    0.9819    0.9864       221
2026-08-22 03:44:46 - INFO - 
2026-08-22 03:44:46 - INFO -       accuracy                         0.9868       456
2026-08-22 03:44:46 - INFO -      macro avg     0.9870    0.9867    0.9868       456
2026-08-22 03:44:46 - INFO -   weighted avg     0.9869    0.9868    0.9868       456
2026-08-22 03:44:46 - INFO - Confusion matrix - [[tn=233, fp=2], [fn=4, tp=217]]
2026-08-22 03:44:46 - INFO - probability_positive min=0.0004 mean=0.4815 std=0.4914 max=0.9997 predicted_0=237 predicted_1=219
2026-08-22 03:44:46 - INFO - [Classification Report - split=validation epoch=14 - threshold=0.50]
2026-08-22 03:44:46 - INFO -                 precision    recall  f1-score   support
2026-08-22 03:44:46 - INFO - 
2026-08-22 03:44:46 - INFO -       safe (0)     0.8636    0.7703    0.8143        74
2026-08-22 03:44:46 - INFO - vulnerable (1)     0.8023    0.8846    0.8415        78
2026-08-22 03:44:46 - INFO - 
2026-08-22 03:44:46 - INFO -       accuracy                         0.8289       152
2026-08-22 03:44:46 - INFO -      macro avg     0.8330    0.8274    0.8279       152
2026-08-22 03:44:46 - INFO -   weighted avg     0.8322    0.8289    0.8282       152
2026-08-22 03:44:46 - INFO - Confusion matrix - [[tn=57, fp=17], [fn=9, tp=69]]
2026-08-22 03:44:46 - INFO - probability_positive min=0.0003 mean=0.5669 std=0.4863 max=0.9998 predicted_0=66 predicted_1=86
2026-08-22 03:44:55 - INFO - Epoch 15/30 | Train loss: 0.050669 | Val loss: 0.704526 | LR: 2.00e-05 | Best epoch: 13 | Patience: 2 | Train: 8.47s | Validation: 0.96s | Epoch: 9.43s | Total: 143.87s
2026-08-22 03:44:55 - INFO - [Classification Report - split=train epoch=15 - threshold=0.50]
2026-08-22 03:44:55 - INFO -                 precision    recall  f1-score   support
2026-08-22 03:44:55 - INFO - 
2026-08-22 03:44:55 - INFO -       safe (0)     0.9957    0.9745    0.9849       235
2026-08-22 03:44:55 - INFO - vulnerable (1)     0.9735    0.9955    0.9843       221
2026-08-22 03:44:55 - INFO - 
2026-08-22 03:44:55 - INFO -       accuracy                         0.9846       456
2026-08-22 03:44:55 - INFO -      macro avg     0.9846    0.9850    0.9846       456
2026-08-22 03:44:55 - INFO -   weighted avg     0.9849    0.9846    0.9847       456
2026-08-22 03:44:55 - INFO - Confusion matrix - [[tn=229, fp=6], [fn=1, tp=220]]
2026-08-22 03:44:55 - INFO - probability_positive min=0.0003 mean=0.4929 std=0.4928 max=0.9998 predicted_0=230 predicted_1=226
2026-08-22 03:44:55 - INFO - [Classification Report - split=validation epoch=15 - threshold=0.50]
2026-08-22 03:44:55 - INFO -                 precision    recall  f1-score   support
2026-08-22 03:44:55 - INFO - 
2026-08-22 03:44:55 - INFO -       safe (0)     0.8293    0.9189    0.8718        74
2026-08-22 03:44:55 - INFO - vulnerable (1)     0.9143    0.8205    0.8649        78
2026-08-22 03:44:55 - INFO - 
2026-08-22 03:44:55 - INFO -       accuracy                         0.8684       152
2026-08-22 03:44:55 - INFO -      macro avg     0.8718    0.8697    0.8683       152
2026-08-22 03:44:55 - INFO -   weighted avg     0.8729    0.8684    0.8682       152
2026-08-22 03:44:55 - INFO - Confusion matrix - [[tn=68, fp=6], [fn=14, tp=64]]
2026-08-22 03:44:55 - INFO - probability_positive min=0.0003 mean=0.4581 std=0.4861 max=0.9998 predicted_0=82 predicted_1=70
2026-08-22 03:45:05 - INFO - Epoch 16/30 | Train loss: 0.044272 | Val loss: 0.679993 | LR: 2.00e-05 | Best epoch: 16 | Patience: 3 | Train: 8.47s | Validation: 0.96s | Epoch: 9.65s | Total: 153.53s
2026-08-22 03:45:05 - INFO - [Classification Report - split=train epoch=16 - threshold=0.50]
2026-08-22 03:45:05 - INFO -                 precision    recall  f1-score   support
2026-08-22 03:45:05 - INFO - 
2026-08-22 03:45:05 - INFO -       safe (0)     0.9873    0.9915    0.9894       235
2026-08-22 03:45:05 - INFO - vulnerable (1)     0.9909    0.9864    0.9887       221
2026-08-22 03:45:05 - INFO - 
2026-08-22 03:45:05 - INFO -       accuracy                         0.9890       456
2026-08-22 03:45:05 - INFO -      macro avg     0.9891    0.9890    0.9890       456
2026-08-22 03:45:05 - INFO -   weighted avg     0.9890    0.9890    0.9890       456
2026-08-22 03:45:05 - INFO - Confusion matrix - [[tn=233, fp=2], [fn=3, tp=218]]
2026-08-22 03:45:05 - INFO - probability_positive min=0.0003 mean=0.4847 std=0.4957 max=0.9998 predicted_0=236 predicted_1=220
2026-08-22 03:45:05 - INFO - [Classification Report - split=validation epoch=16 - threshold=0.50]
2026-08-22 03:45:05 - INFO -                 precision    recall  f1-score   support
2026-08-22 03:45:05 - INFO - 
2026-08-22 03:45:05 - INFO -       safe (0)     0.8701    0.9054    0.8874        74
2026-08-22 03:45:05 - INFO - vulnerable (1)     0.9067    0.8718    0.8889        78
2026-08-22 03:45:05 - INFO - 
2026-08-22 03:45:05 - INFO -       accuracy                         0.8882       152
2026-08-22 03:45:05 - INFO -      macro avg     0.8884    0.8886    0.8882       152
2026-08-22 03:45:05 - INFO -   weighted avg     0.8889    0.8882    0.8882       152
2026-08-22 03:45:05 - INFO - Confusion matrix - [[tn=67, fp=7], [fn=10, tp=68]]
2026-08-22 03:45:05 - INFO - probability_positive min=0.0003 mean=0.4909 std=0.4887 max=0.9998 predicted_0=77 predicted_1=75
2026-08-22 03:45:05 - INFO - Latest tied-best checkpoint saved | Macro-F1: 0.888153 | Epoch: 16
2026-08-22 03:45:15 - INFO - Epoch 17/30 | Train loss: 0.030090 | Val loss: 0.637052 | LR: 2.00e-05 | Best epoch: 17 | Patience: 4 | Train: 8.49s | Validation: 0.96s | Epoch: 9.67s | Total: 163.21s
2026-08-22 03:45:15 - INFO - [Classification Report - split=train epoch=17 - threshold=0.50]
2026-08-22 03:45:15 - INFO -                 precision    recall  f1-score   support
2026-08-22 03:45:15 - INFO - 
2026-08-22 03:45:15 - INFO -       safe (0)     0.9830    0.9830    0.9830       235
2026-08-22 03:45:15 - INFO - vulnerable (1)     0.9819    0.9819    0.9819       221
2026-08-22 03:45:15 - INFO - 
2026-08-22 03:45:15 - INFO -       accuracy                         0.9825       456
2026-08-22 03:45:15 - INFO -      macro avg     0.9824    0.9824    0.9824       456
2026-08-22 03:45:15 - INFO -   weighted avg     0.9825    0.9825    0.9825       456
2026-08-22 03:45:15 - INFO - Confusion matrix - [[tn=231, fp=4], [fn=4, tp=217]]
2026-08-22 03:45:15 - INFO - probability_positive min=0.0003 mean=0.4842 std=0.4944 max=0.9998 predicted_0=235 predicted_1=221
2026-08-22 03:45:15 - INFO - [Classification Report - split=validation epoch=17 - threshold=0.50]
2026-08-22 03:45:15 - INFO -                 precision    recall  f1-score   support
2026-08-22 03:45:15 - INFO - 
2026-08-22 03:45:15 - INFO -       safe (0)     0.8701    0.9054    0.8874        74
2026-08-22 03:45:15 - INFO - vulnerable (1)     0.9067    0.8718    0.8889        78
2026-08-22 03:45:15 - INFO - 
2026-08-22 03:45:15 - INFO -       accuracy                         0.8882       152
2026-08-22 03:45:15 - INFO -      macro avg     0.8884    0.8886    0.8882       152
2026-08-22 03:45:15 - INFO -   weighted avg     0.8889    0.8882    0.8882       152
2026-08-22 03:45:15 - INFO - Confusion matrix - [[tn=67, fp=7], [fn=10, tp=68]]
2026-08-22 03:45:15 - INFO - probability_positive min=0.0003 mean=0.4903 std=0.4882 max=0.9998 predicted_0=77 predicted_1=75
2026-08-22 03:45:15 - INFO - Latest tied-best checkpoint saved | Macro-F1: 0.888153 | Epoch: 17
2026-08-22 03:45:24 - INFO - Epoch 18/30 | Train loss: 0.035467 | Val loss: 0.695666 | LR: 2.00e-05 | Best epoch: 17 | Patience: 5 | Train: 8.47s | Validation: 0.96s | Epoch: 9.43s | Total: 172.66s
2026-08-22 03:45:24 - INFO - [Classification Report - split=train epoch=18 - threshold=0.50]
2026-08-22 03:45:24 - INFO -                 precision    recall  f1-score   support
2026-08-22 03:45:24 - INFO - 
2026-08-22 03:45:24 - INFO -       safe (0)     0.9871    0.9787    0.9829       235
2026-08-22 03:45:24 - INFO - vulnerable (1)     0.9776    0.9864    0.9820       221
2026-08-22 03:45:24 - INFO - 
2026-08-22 03:45:24 - INFO -       accuracy                         0.9825       456
2026-08-22 03:45:24 - INFO -      macro avg     0.9824    0.9826    0.9824       456
2026-08-22 03:45:24 - INFO -   weighted avg     0.9825    0.9825    0.9825       456
2026-08-22 03:45:24 - INFO - Confusion matrix - [[tn=230, fp=5], [fn=3, tp=218]]
2026-08-22 03:45:24 - INFO - probability_positive min=0.0003 mean=0.4875 std=0.4942 max=0.9998 predicted_0=233 predicted_1=223
2026-08-22 03:45:24 - INFO - [Classification Report - split=validation epoch=18 - threshold=0.50]
2026-08-22 03:45:24 - INFO -                 precision    recall  f1-score   support
2026-08-22 03:45:24 - INFO - 
2026-08-22 03:45:24 - INFO -       safe (0)     0.8395    0.9189    0.8774        74
2026-08-22 03:45:24 - INFO - vulnerable (1)     0.9155    0.8333    0.8725        78
2026-08-22 03:45:24 - INFO - 
2026-08-22 03:45:24 - INFO -       accuracy                         0.8750       152
2026-08-22 03:45:24 - INFO -      macro avg     0.8775    0.8761    0.8750       152
2026-08-22 03:45:24 - INFO -   weighted avg     0.8785    0.8750    0.8749       152
2026-08-22 03:45:24 - INFO - Confusion matrix - [[tn=68, fp=6], [fn=13, tp=65]]
2026-08-22 03:45:24 - INFO - probability_positive min=0.0002 mean=0.4567 std=0.4866 max=0.9998 predicted_0=81 predicted_1=71
2026-08-22 03:45:24 - INFO - Early stopping | Epoch: 18 | Best epoch: 17
2026-08-22 03:45:24 - INFO - Best checkpoint saved | Path: model/fam1_t5p/baseline/seed_42/fold1/best.pt | Epoch: 17 | Val macro_f1: 0.888153
2026-08-22 03:45:24 - INFO - Training finished | Elapsed: 172.66s
2026-08-22 03:45:24 - INFO - Run finished | Phase: baseline_train | Fold: 1 | Seed: 42 | Elapsed: 174.97s
