2026-08-22 06:41:22 - INFO - Using device: cuda
2026-08-22 06:41:22 - INFO - Run started | Run: fam2_unixcoder | Method: transfer_latent_proto | Phase: phase2 | Fold: 2 | Seed: 42 | Device: cuda
2026-08-22 06:41:22 - INFO - Loading Python training data: data/sven_python_folds_norm/fold2/train.jsonl
2026-08-22 06:41:22 - INFO - Loading Python validation data: data/sven_python_folds_norm/fold2/val.jsonl
2026-08-22 06:41:22 - INFO - Data split: python_train | Total: 456 | Labels: {0: 226, 1: 230} | CWEs: {'CWE-022': 43, 'CWE-078': 124, 'CWE-079': 43, 'CWE-089': 246} | Languages: {'python': 456} | Invalid CWE: 0
2026-08-22 06:41:22 - INFO - Data split: python_val | Total: 152 | Labels: {0: 80, 1: 72} | CWEs: {'CWE-022': 15, 'CWE-078': 38, 'CWE-079': 20, 'CWE-089': 79} | Languages: {'python': 152} | Invalid CWE: 0
2026-08-22 06:41:23 - INFO - Auxiliary head width taken from checkpoint: 4
2026-08-22 06:41:24 - INFO - Loaded source checkpoint: model/fam2_unixcoder/transfer_latent_proto/seed_42/source/best.pt | Best epoch: 13 | Best Val Macro-F1: 0.696873
2026-08-22 06:41:24 - INFO - RecAdam schedule | Total steps: 870 | Steps/epoch: 29 | Anneal t0: 43 | Weights: {1: 0.10909682119561293, 29: 0.3318122278318339, 43: 0.5, 870: 1.0}
2026-08-22 06:41:24 - INFO - Environment: {"components": {"backbone": {"frozen": 0, "total": 125929728, "trainable": 125929728}, "latent_proj": {"frozen": 596744, "total": 596744, "trainable": 0}, "vul_head": {"frozen": 0, "total": 1538, "trainable": 1538}}, "cuda": "12.8", "fold": 2, "frozen_parameters": 596744, "gpu": "NVIDIA GeForce RTX 5070 Ti", "hyperparameters": {"anneal_fun": "sigmoid", "anneal_k": 0.05, "anneal_t0_ratio": 0.05, "anneal_w": 1.0, "aux_mode": "latent_proto", "batch_size": 16, "checkpoint_path": "model/fam2_unixcoder/transfer_latent_proto/seed_42/fold2/best.pt", "cwe_vocab": "fixed4", "data_path": "data/train_ccpp_filtered.jsonl", "data_root": "data/sven_python_folds_norm", "epochs": 30, "eval_batch_size": 16, "fold": 2, "freeze_backbone_layers": 0, "freeze_prototypes_steps": 0, "lambda_cwe": 0.2, "latent_temperature": 0.1, "learning_rate": 2e-05, "lora_rank": 0, "lp_epochs": 0, "lp_learning_rate": 0.001, "max_eval_samples": null, "max_grad_norm": 1.0, "max_length": 512, "max_train_samples": null, "method_name": "transfer_latent_proto", "min_epochs": 3, "model_name": "microsoft/unixcoder-base", "num_cwes": 4, "num_latent": 8, "num_workers": 0, "output_dir": "results/fam2_unixcoder/transfer_latent_proto", "patience": 5, "phase": "phase2", "phase2_optimizer": "recadam", "pooling": "cls", "pretrain_cof": 5000.0, "recadam_anchor": "source", "result_path": "results/fam2_unixcoder/transfer_latent_proto/seed_42/fold2.json", "run_name": "fam2_unixcoder", "seed": 42, "selection_metric": "macro_f1", "source_checkpoint": "model/fam2_unixcoder/transfer_latent_proto/seed_42/source/best.pt", "source_interpolation": 1.0, "strict_determinism": false, "target_lang": "python", "test_path": null, "train_path": null, "truncation_strategy": "head_middle_tail", "val_path": null, "weight_decay": 0.01}, "mode": "phase2_train", "model_name": "microsoft/unixcoder-base", "seed": 42, "sklearn": "1.9.0", "torch": "2.11.0+cu128", "trainable_parameters": 125931266, "transformers": "4.57.1"}
2026-08-22 06:41:24 - INFO - Training started | Phase: phase2 | Epochs: 30
2026-08-22 06:41:25 - INFO - RecAdam first-step safety checks passed
2026-08-22 06:41:33 - INFO - Epoch 1/30 | Train loss: 1.012833 | Val loss: 0.796133 | LR: 2.00e-05 | Best epoch: 1 | Patience: 0 | Train: 7.39s | Validation: 0.80s | Epoch: 8.39s | Total: 8.39s
2026-08-22 06:41:33 - INFO - RecAdam target-task weight at epoch end: 0.331812
2026-08-22 06:41:33 - INFO - [Classification Report - split=train epoch=1 - threshold=0.50]
2026-08-22 06:41:33 - INFO -                 precision    recall  f1-score   support
2026-08-22 06:41:33 - INFO - 
2026-08-22 06:41:33 - INFO -       safe (0)     0.6053    0.3053    0.4059       226
2026-08-22 06:41:33 - INFO - vulnerable (1)     0.5409    0.8043    0.6469       230
2026-08-22 06:41:33 - INFO - 
2026-08-22 06:41:33 - INFO -       accuracy                         0.5570       456
2026-08-22 06:41:33 - INFO -      macro avg     0.5731    0.5548    0.5264       456
2026-08-22 06:41:33 - INFO -   weighted avg     0.5728    0.5570    0.5274       456
2026-08-22 06:41:33 - INFO - Confusion matrix - [[tn=69, fp=157], [fn=45, tp=185]]
2026-08-22 06:41:33 - INFO - probability_positive min=0.0000 mean=0.6860 std=0.2777 max=0.9997 predicted_0=114 predicted_1=342
2026-08-22 06:41:33 - INFO - [Classification Report - split=validation epoch=1 - threshold=0.50]
2026-08-22 06:41:33 - INFO -                 precision    recall  f1-score   support
2026-08-22 06:41:33 - INFO - 
2026-08-22 06:41:33 - INFO -       safe (0)     0.6136    0.6750    0.6429        80
2026-08-22 06:41:33 - INFO - vulnerable (1)     0.5938    0.5278    0.5588        72
2026-08-22 06:41:33 - INFO - 
2026-08-22 06:41:33 - INFO -       accuracy                         0.6053       152
2026-08-22 06:41:33 - INFO -      macro avg     0.6037    0.6014    0.6008       152
2026-08-22 06:41:33 - INFO -   weighted avg     0.6042    0.6053    0.6031       152
2026-08-22 06:41:33 - INFO - Confusion matrix - [[tn=54, fp=26], [fn=34, tp=38]]
2026-08-22 06:41:33 - INFO - probability_positive min=0.0001 mean=0.4597 std=0.2917 max=0.9905 predicted_0=88 predicted_1=64
2026-08-22 06:41:33 - INFO - New best model | Macro-F1: 0.600840 | Epoch: 1
2026-08-22 06:41:41 - INFO - Epoch 2/30 | Train loss: 0.657393 | Val loss: 0.642708 | LR: 2.00e-05 | Best epoch: 2 | Patience: 0 | Train: 7.17s | Validation: 0.80s | Epoch: 8.24s | Total: 16.64s
2026-08-22 06:41:41 - INFO - RecAdam target-task weight at epoch end: 0.679179
2026-08-22 06:41:41 - INFO - [Classification Report - split=train epoch=2 - threshold=0.50]
2026-08-22 06:41:41 - INFO -                 precision    recall  f1-score   support
2026-08-22 06:41:41 - INFO - 
2026-08-22 06:41:41 - INFO -       safe (0)     0.6432    0.6858    0.6638       226
2026-08-22 06:41:41 - INFO - vulnerable (1)     0.6698    0.6261    0.6472       230
2026-08-22 06:41:41 - INFO - 
2026-08-22 06:41:41 - INFO -       accuracy                         0.6557       456
2026-08-22 06:41:41 - INFO -      macro avg     0.6565    0.6560    0.6555       456
2026-08-22 06:41:41 - INFO -   weighted avg     0.6566    0.6557    0.6554       456
2026-08-22 06:41:41 - INFO - Confusion matrix - [[tn=155, fp=71], [fn=86, tp=144]]
2026-08-22 06:41:41 - INFO - probability_positive min=0.0001 mean=0.4890 std=0.2493 max=0.9942 predicted_0=241 predicted_1=215
2026-08-22 06:41:41 - INFO - [Classification Report - split=validation epoch=2 - threshold=0.50]
2026-08-22 06:41:41 - INFO -                 precision    recall  f1-score   support
2026-08-22 06:41:41 - INFO - 
2026-08-22 06:41:41 - INFO -       safe (0)     0.6988    0.7250    0.7117        80
2026-08-22 06:41:41 - INFO - vulnerable (1)     0.6812    0.6528    0.6667        72
2026-08-22 06:41:41 - INFO - 
2026-08-22 06:41:41 - INFO -       accuracy                         0.6908       152
2026-08-22 06:41:41 - INFO -      macro avg     0.6900    0.6889    0.6892       152
2026-08-22 06:41:41 - INFO -   weighted avg     0.6904    0.6908    0.6903       152
2026-08-22 06:41:41 - INFO - Confusion matrix - [[tn=58, fp=22], [fn=25, tp=47]]
2026-08-22 06:41:41 - INFO - probability_positive min=0.0002 mean=0.4828 std=0.2829 max=0.9893 predicted_0=83 predicted_1=69
2026-08-22 06:41:41 - INFO - New best model | Macro-F1: 0.689162 | Epoch: 2
2026-08-22 06:41:49 - INFO - Epoch 3/30 | Train loss: 0.435986 | Val loss: 0.512284 | LR: 2.00e-05 | Best epoch: 3 | Patience: 0 | Train: 7.18s | Validation: 0.80s | Epoch: 8.25s | Total: 24.90s
2026-08-22 06:41:49 - INFO - RecAdam target-task weight at epoch end: 0.900250
2026-08-22 06:41:49 - INFO - [Classification Report - split=train epoch=3 - threshold=0.50]
2026-08-22 06:41:49 - INFO -                 precision    recall  f1-score   support
2026-08-22 06:41:49 - INFO - 
2026-08-22 06:41:49 - INFO -       safe (0)     0.8238    0.7655    0.7936       226
2026-08-22 06:41:49 - INFO - vulnerable (1)     0.7846    0.8391    0.8109       230
2026-08-22 06:41:49 - INFO - 
2026-08-22 06:41:49 - INFO -       accuracy                         0.8026       456
2026-08-22 06:41:49 - INFO -      macro avg     0.8042    0.8023    0.8023       456
2026-08-22 06:41:49 - INFO -   weighted avg     0.8040    0.8026    0.8023       456
2026-08-22 06:41:49 - INFO - Confusion matrix - [[tn=173, fp=53], [fn=37, tp=193]]
2026-08-22 06:41:49 - INFO - probability_positive min=0.0000 mean=0.5017 std=0.3179 max=0.9993 predicted_0=210 predicted_1=246
2026-08-22 06:41:49 - INFO - [Classification Report - split=validation epoch=3 - threshold=0.50]
2026-08-22 06:41:49 - INFO -                 precision    recall  f1-score   support
2026-08-22 06:41:49 - INFO - 
2026-08-22 06:41:49 - INFO -       safe (0)     0.7889    0.8875    0.8353        80
2026-08-22 06:41:49 - INFO - vulnerable (1)     0.8548    0.7361    0.7910        72
2026-08-22 06:41:49 - INFO - 
2026-08-22 06:41:49 - INFO -       accuracy                         0.8158       152
2026-08-22 06:41:49 - INFO -      macro avg     0.8219    0.8118    0.8132       152
2026-08-22 06:41:49 - INFO -   weighted avg     0.8201    0.8158    0.8143       152
2026-08-22 06:41:49 - INFO - Confusion matrix - [[tn=71, fp=9], [fn=19, tp=53]]
2026-08-22 06:41:49 - INFO - probability_positive min=0.0001 mean=0.4105 std=0.3806 max=0.9998 predicted_0=90 predicted_1=62
2026-08-22 06:41:49 - INFO - New best model | Macro-F1: 0.813169 | Epoch: 3
2026-08-22 06:41:57 - INFO - Epoch 4/30 | Train loss: 0.234461 | Val loss: 0.595555 | LR: 2.00e-05 | Best epoch: 3 | Patience: 1 | Train: 7.18s | Validation: 0.80s | Epoch: 7.97s | Total: 32.88s
2026-08-22 06:41:57 - INFO - RecAdam target-task weight at epoch end: 0.974667
2026-08-22 06:41:57 - INFO - [Classification Report - split=train epoch=4 - threshold=0.50]
2026-08-22 06:41:57 - INFO -                 precision    recall  f1-score   support
2026-08-22 06:41:57 - INFO - 
2026-08-22 06:41:57 - INFO -       safe (0)     0.9124    0.8761    0.8939       226
2026-08-22 06:41:57 - INFO - vulnerable (1)     0.8828    0.9174    0.8998       230
2026-08-22 06:41:57 - INFO - 
2026-08-22 06:41:57 - INFO -       accuracy                         0.8969       456
2026-08-22 06:41:57 - INFO -      macro avg     0.8976    0.8967    0.8968       456
2026-08-22 06:41:57 - INFO -   weighted avg     0.8975    0.8969    0.8969       456
2026-08-22 06:41:57 - INFO - Confusion matrix - [[tn=198, fp=28], [fn=19, tp=211]]
2026-08-22 06:41:57 - INFO - probability_positive min=0.0000 mean=0.5068 std=0.4205 max=1.0000 predicted_0=217 predicted_1=239
2026-08-22 06:41:57 - INFO - [Classification Report - split=validation epoch=4 - threshold=0.50]
2026-08-22 06:41:57 - INFO -                 precision    recall  f1-score   support
2026-08-22 06:41:57 - INFO - 
2026-08-22 06:41:57 - INFO -       safe (0)     0.7667    0.8625    0.8118        80
2026-08-22 06:41:57 - INFO - vulnerable (1)     0.8226    0.7083    0.7612        72
2026-08-22 06:41:57 - INFO - 
2026-08-22 06:41:57 - INFO -       accuracy                         0.7895       152
2026-08-22 06:41:57 - INFO -      macro avg     0.7946    0.7854    0.7865       152
2026-08-22 06:41:57 - INFO -   weighted avg     0.7932    0.7895    0.7878       152
2026-08-22 06:41:57 - INFO - Confusion matrix - [[tn=69, fp=11], [fn=21, tp=51]]
2026-08-22 06:41:57 - INFO - probability_positive min=0.0000 mean=0.4278 std=0.4225 max=1.0000 predicted_0=90 predicted_1=62
2026-08-22 06:42:05 - INFO - Epoch 5/30 | Train loss: 0.157230 | Val loss: 0.973845 | LR: 2.00e-05 | Best epoch: 5 | Patience: 0 | Train: 7.18s | Validation: 0.80s | Epoch: 8.25s | Total: 41.14s
2026-08-22 06:42:05 - INFO - RecAdam target-task weight at epoch end: 0.993940
2026-08-22 06:42:05 - INFO - [Classification Report - split=train epoch=5 - threshold=0.50]
2026-08-22 06:42:05 - INFO -                 precision    recall  f1-score   support
2026-08-22 06:42:05 - INFO - 
2026-08-22 06:42:05 - INFO -       safe (0)     0.9356    0.9646    0.9499       226
2026-08-22 06:42:05 - INFO - vulnerable (1)     0.9641    0.9348    0.9492       230
2026-08-22 06:42:05 - INFO - 
2026-08-22 06:42:05 - INFO -       accuracy                         0.9496       456
2026-08-22 06:42:05 - INFO -      macro avg     0.9499    0.9497    0.9496       456
2026-08-22 06:42:05 - INFO -   weighted avg     0.9500    0.9496    0.9496       456
2026-08-22 06:42:05 - INFO - Confusion matrix - [[tn=218, fp=8], [fn=15, tp=215]]
2026-08-22 06:42:05 - INFO - probability_positive min=0.0000 mean=0.4918 std=0.4593 max=1.0000 predicted_0=233 predicted_1=223
2026-08-22 06:42:05 - INFO - [Classification Report - split=validation epoch=5 - threshold=0.50]
2026-08-22 06:42:05 - INFO -                 precision    recall  f1-score   support
2026-08-22 06:42:05 - INFO - 
2026-08-22 06:42:05 - INFO -       safe (0)     0.8000    0.9000    0.8471        80
2026-08-22 06:42:05 - INFO - vulnerable (1)     0.8710    0.7500    0.8060        72
2026-08-22 06:42:05 - INFO - 
2026-08-22 06:42:05 - INFO -       accuracy                         0.8289       152
2026-08-22 06:42:05 - INFO -      macro avg     0.8355    0.8250    0.8265       152
2026-08-22 06:42:05 - INFO -   weighted avg     0.8336    0.8289    0.8276       152
2026-08-22 06:42:05 - INFO - Confusion matrix - [[tn=72, fp=8], [fn=18, tp=54]]
2026-08-22 06:42:05 - INFO - probability_positive min=0.0000 mean=0.4071 std=0.4700 max=1.0000 predicted_0=90 predicted_1=62
2026-08-22 06:42:05 - INFO - New best model | Macro-F1: 0.826514 | Epoch: 5
2026-08-22 06:42:14 - INFO - Epoch 6/30 | Train loss: 0.116267 | Val loss: 1.032983 | LR: 2.00e-05 | Best epoch: 6 | Patience: 1 | Train: 7.18s | Validation: 0.80s | Epoch: 8.24s | Total: 49.39s
2026-08-22 06:42:14 - INFO - RecAdam target-task weight at epoch end: 0.998572
2026-08-22 06:42:14 - INFO - [Classification Report - split=train epoch=6 - threshold=0.50]
2026-08-22 06:42:14 - INFO -                 precision    recall  f1-score   support
2026-08-22 06:42:14 - INFO - 
2026-08-22 06:42:14 - INFO -       safe (0)     0.9391    0.9558    0.9474       226
2026-08-22 06:42:14 - INFO - vulnerable (1)     0.9558    0.9391    0.9474       230
2026-08-22 06:42:14 - INFO - 
2026-08-22 06:42:14 - INFO -       accuracy                         0.9474       456
2026-08-22 06:42:14 - INFO -      macro avg     0.9474    0.9474    0.9474       456
2026-08-22 06:42:14 - INFO -   weighted avg     0.9475    0.9474    0.9474       456
2026-08-22 06:42:14 - INFO - Confusion matrix - [[tn=216, fp=10], [fn=14, tp=216]]
2026-08-22 06:42:14 - INFO - probability_positive min=0.0000 mean=0.4919 std=0.4804 max=1.0000 predicted_0=230 predicted_1=226
2026-08-22 06:42:14 - INFO - [Classification Report - split=validation epoch=6 - threshold=0.50]
2026-08-22 06:42:14 - INFO -                 precision    recall  f1-score   support
2026-08-22 06:42:14 - INFO - 
2026-08-22 06:42:14 - INFO -       safe (0)     0.8000    0.9000    0.8471        80
2026-08-22 06:42:14 - INFO - vulnerable (1)     0.8710    0.7500    0.8060        72
2026-08-22 06:42:14 - INFO - 
2026-08-22 06:42:14 - INFO -       accuracy                         0.8289       152
2026-08-22 06:42:14 - INFO -      macro avg     0.8355    0.8250    0.8265       152
2026-08-22 06:42:14 - INFO -   weighted avg     0.8336    0.8289    0.8276       152
2026-08-22 06:42:14 - INFO - Confusion matrix - [[tn=72, fp=8], [fn=18, tp=54]]
2026-08-22 06:42:14 - INFO - probability_positive min=0.0000 mean=0.4096 std=0.4680 max=1.0000 predicted_0=90 predicted_1=62
2026-08-22 06:42:14 - INFO - Latest tied-best checkpoint saved | Macro-F1: 0.826514 | Epoch: 6
2026-08-22 06:42:22 - INFO - Epoch 7/30 | Train loss: 0.066247 | Val loss: 1.140886 | LR: 2.00e-05 | Best epoch: 7 | Patience: 0 | Train: 7.18s | Validation: 0.80s | Epoch: 8.30s | Total: 57.70s
2026-08-22 06:42:22 - INFO - RecAdam target-task weight at epoch end: 0.999665
2026-08-22 06:42:22 - INFO - [Classification Report - split=train epoch=7 - threshold=0.50]
2026-08-22 06:42:22 - INFO -                 precision    recall  f1-score   support
2026-08-22 06:42:22 - INFO - 
2026-08-22 06:42:22 - INFO -       safe (0)     0.9736    0.9779    0.9757       226
2026-08-22 06:42:22 - INFO - vulnerable (1)     0.9782    0.9739    0.9760       230
2026-08-22 06:42:22 - INFO - 
2026-08-22 06:42:22 - INFO -       accuracy                         0.9759       456
2026-08-22 06:42:22 - INFO -      macro avg     0.9759    0.9759    0.9759       456
2026-08-22 06:42:22 - INFO -   weighted avg     0.9759    0.9759    0.9759       456
2026-08-22 06:42:22 - INFO - Confusion matrix - [[tn=221, fp=5], [fn=6, tp=224]]
2026-08-22 06:42:22 - INFO - probability_positive min=0.0000 mean=0.5040 std=0.4898 max=1.0000 predicted_0=227 predicted_1=229
2026-08-22 06:42:22 - INFO - [Classification Report - split=validation epoch=7 - threshold=0.50]
2026-08-22 06:42:22 - INFO -                 precision    recall  f1-score   support
2026-08-22 06:42:22 - INFO - 
2026-08-22 06:42:22 - INFO -       safe (0)     0.8161    0.8875    0.8503        80
2026-08-22 06:42:22 - INFO - vulnerable (1)     0.8615    0.7778    0.8175        72
2026-08-22 06:42:22 - INFO - 
2026-08-22 06:42:22 - INFO -       accuracy                         0.8355       152
2026-08-22 06:42:22 - INFO -      macro avg     0.8388    0.8326    0.8339       152
2026-08-22 06:42:22 - INFO -   weighted avg     0.8376    0.8355    0.8348       152
2026-08-22 06:42:22 - INFO - Confusion matrix - [[tn=71, fp=9], [fn=16, tp=56]]
2026-08-22 06:42:22 - INFO - probability_positive min=0.0000 mean=0.4229 std=0.4779 max=1.0000 predicted_0=87 predicted_1=65
2026-08-22 06:42:22 - INFO - New best model | Macro-F1: 0.833909 | Epoch: 7
2026-08-22 06:42:30 - INFO - Epoch 8/30 | Train loss: 0.106962 | Val loss: 1.302334 | LR: 2.00e-05 | Best epoch: 7 | Patience: 1 | Train: 7.19s | Validation: 0.80s | Epoch: 7.99s | Total: 65.70s
2026-08-22 06:42:30 - INFO - RecAdam target-task weight at epoch end: 0.999921
2026-08-22 06:42:30 - INFO - [Classification Report - split=train epoch=8 - threshold=0.50]
2026-08-22 06:42:30 - INFO -                 precision    recall  f1-score   support
2026-08-22 06:42:30 - INFO - 
2026-08-22 06:42:30 - INFO -       safe (0)     0.9821    0.9735    0.9778       226
2026-08-22 06:42:30 - INFO - vulnerable (1)     0.9741    0.9826    0.9784       230
2026-08-22 06:42:30 - INFO - 
2026-08-22 06:42:30 - INFO -       accuracy                         0.9781       456
2026-08-22 06:42:30 - INFO -      macro avg     0.9781    0.9780    0.9781       456
2026-08-22 06:42:30 - INFO -   weighted avg     0.9781    0.9781    0.9781       456
2026-08-22 06:42:30 - INFO - Confusion matrix - [[tn=220, fp=6], [fn=4, tp=226]]
2026-08-22 06:42:30 - INFO - probability_positive min=0.0000 mean=0.5081 std=0.4910 max=1.0000 predicted_0=224 predicted_1=232
2026-08-22 06:42:30 - INFO - [Classification Report - split=validation epoch=8 - threshold=0.50]
2026-08-22 06:42:30 - INFO -                 precision    recall  f1-score   support
2026-08-22 06:42:30 - INFO - 
2026-08-22 06:42:30 - INFO -       safe (0)     0.8140    0.8750    0.8434        80
2026-08-22 06:42:30 - INFO - vulnerable (1)     0.8485    0.7778    0.8116        72
2026-08-22 06:42:30 - INFO - 
2026-08-22 06:42:30 - INFO -       accuracy                         0.8289       152
2026-08-22 06:42:30 - INFO -      macro avg     0.8312    0.8264    0.8275       152
2026-08-22 06:42:30 - INFO -   weighted avg     0.8303    0.8289    0.8283       152
2026-08-22 06:42:30 - INFO - Confusion matrix - [[tn=70, fp=10], [fn=16, tp=56]]
2026-08-22 06:42:30 - INFO - probability_positive min=0.0000 mean=0.4362 std=0.4836 max=1.0000 predicted_0=86 predicted_1=66
2026-08-22 06:42:38 - INFO - Epoch 9/30 | Train loss: 0.062031 | Val loss: 1.146655 | LR: 2.00e-05 | Best epoch: 9 | Patience: 0 | Train: 7.19s | Validation: 0.80s | Epoch: 8.21s | Total: 73.91s
2026-08-22 06:42:38 - INFO - RecAdam target-task weight at epoch end: 0.999982
2026-08-22 06:42:38 - INFO - [Classification Report - split=train epoch=9 - threshold=0.50]
2026-08-22 06:42:38 - INFO -                 precision    recall  f1-score   support
2026-08-22 06:42:38 - INFO - 
2026-08-22 06:42:38 - INFO -       safe (0)     0.9825    0.9956    0.9890       226
2026-08-22 06:42:38 - INFO - vulnerable (1)     0.9956    0.9826    0.9891       230
2026-08-22 06:42:38 - INFO - 
2026-08-22 06:42:38 - INFO -       accuracy                         0.9890       456
2026-08-22 06:42:38 - INFO -      macro avg     0.9891    0.9891    0.9890       456
2026-08-22 06:42:38 - INFO -   weighted avg     0.9891    0.9890    0.9890       456
2026-08-22 06:42:38 - INFO - Confusion matrix - [[tn=225, fp=1], [fn=4, tp=226]]
2026-08-22 06:42:38 - INFO - probability_positive min=0.0000 mean=0.4950 std=0.4954 max=1.0000 predicted_0=229 predicted_1=227
2026-08-22 06:42:38 - INFO - [Classification Report - split=validation epoch=9 - threshold=0.50]
2026-08-22 06:42:38 - INFO -                 precision    recall  f1-score   support
2026-08-22 06:42:38 - INFO - 
2026-08-22 06:42:38 - INFO -       safe (0)     0.8313    0.8625    0.8466        80
2026-08-22 06:42:38 - INFO - vulnerable (1)     0.8406    0.8056    0.8227        72
2026-08-22 06:42:38 - INFO - 
2026-08-22 06:42:38 - INFO -       accuracy                         0.8355       152
2026-08-22 06:42:38 - INFO -      macro avg     0.8360    0.8340    0.8347       152
2026-08-22 06:42:38 - INFO -   weighted avg     0.8357    0.8355    0.8353       152
2026-08-22 06:42:38 - INFO - Confusion matrix - [[tn=69, fp=11], [fn=14, tp=58]]
2026-08-22 06:42:38 - INFO - probability_positive min=0.0000 mean=0.4501 std=0.4897 max=1.0000 predicted_0=83 predicted_1=69
2026-08-22 06:42:38 - INFO - New best model | Macro-F1: 0.834660 | Epoch: 9
2026-08-22 06:42:47 - INFO - Epoch 10/30 | Train loss: 0.042417 | Val loss: 1.205840 | LR: 2.00e-05 | Best epoch: 10 | Patience: 0 | Train: 7.20s | Validation: 0.80s | Epoch: 8.28s | Total: 82.20s
2026-08-22 06:42:47 - INFO - RecAdam target-task weight at epoch end: 0.999996
2026-08-22 06:42:47 - INFO - [Classification Report - split=train epoch=10 - threshold=0.50]
2026-08-22 06:42:47 - INFO -                 precision    recall  f1-score   support
2026-08-22 06:42:47 - INFO - 
2026-08-22 06:42:47 - INFO -       safe (0)     0.9868    0.9912    0.9890       226
2026-08-22 06:42:47 - INFO - vulnerable (1)     0.9913    0.9870    0.9891       230
2026-08-22 06:42:47 - INFO - 
2026-08-22 06:42:47 - INFO -       accuracy                         0.9890       456
2026-08-22 06:42:47 - INFO -      macro avg     0.9890    0.9891    0.9890       456
2026-08-22 06:42:47 - INFO -   weighted avg     0.9890    0.9890    0.9890       456
2026-08-22 06:42:47 - INFO - Confusion matrix - [[tn=224, fp=2], [fn=3, tp=227]]
2026-08-22 06:42:47 - INFO - probability_positive min=0.0000 mean=0.5033 std=0.4983 max=1.0000 predicted_0=227 predicted_1=229
2026-08-22 06:42:47 - INFO - [Classification Report - split=validation epoch=10 - threshold=0.50]
2026-08-22 06:42:47 - INFO -                 precision    recall  f1-score   support
2026-08-22 06:42:47 - INFO - 
2026-08-22 06:42:47 - INFO -       safe (0)     0.8353    0.8875    0.8606        80
2026-08-22 06:42:47 - INFO - vulnerable (1)     0.8657    0.8056    0.8345        72
2026-08-22 06:42:47 - INFO - 
2026-08-22 06:42:47 - INFO -       accuracy                         0.8487       152
2026-08-22 06:42:47 - INFO -      macro avg     0.8505    0.8465    0.8476       152
2026-08-22 06:42:47 - INFO -   weighted avg     0.8497    0.8487    0.8483       152
2026-08-22 06:42:47 - INFO - Confusion matrix - [[tn=71, fp=9], [fn=14, tp=58]]
2026-08-22 06:42:47 - INFO - probability_positive min=0.0000 mean=0.4381 std=0.4842 max=1.0000 predicted_0=85 predicted_1=67
2026-08-22 06:42:47 - INFO - New best model | Macro-F1: 0.847569 | Epoch: 10
2026-08-22 06:42:55 - INFO - Epoch 11/30 | Train loss: 0.020084 | Val loss: 1.261433 | LR: 2.00e-05 | Best epoch: 10 | Patience: 1 | Train: 7.21s | Validation: 0.80s | Epoch: 8.01s | Total: 90.22s
2026-08-22 06:42:55 - INFO - RecAdam target-task weight at epoch end: 0.999999
2026-08-22 06:42:55 - INFO - [Classification Report - split=train epoch=11 - threshold=0.50]
2026-08-22 06:42:55 - INFO -                 precision    recall  f1-score   support
2026-08-22 06:42:55 - INFO - 
2026-08-22 06:42:55 - INFO -       safe (0)     0.9956    0.9956    0.9956       226
2026-08-22 06:42:55 - INFO - vulnerable (1)     0.9957    0.9957    0.9957       230
2026-08-22 06:42:55 - INFO - 
2026-08-22 06:42:55 - INFO -       accuracy                         0.9956       456
2026-08-22 06:42:55 - INFO -      macro avg     0.9956    0.9956    0.9956       456
2026-08-22 06:42:55 - INFO -   weighted avg     0.9956    0.9956    0.9956       456
2026-08-22 06:42:55 - INFO - Confusion matrix - [[tn=225, fp=1], [fn=1, tp=229]]
2026-08-22 06:42:55 - INFO - probability_positive min=0.0000 mean=0.5045 std=0.4982 max=1.0000 predicted_0=226 predicted_1=230
2026-08-22 06:42:55 - INFO - [Classification Report - split=validation epoch=11 - threshold=0.50]
2026-08-22 06:42:55 - INFO -                 precision    recall  f1-score   support
2026-08-22 06:42:55 - INFO - 
2026-08-22 06:42:55 - INFO -       safe (0)     0.8202    0.9125    0.8639        80
2026-08-22 06:42:55 - INFO - vulnerable (1)     0.8889    0.7778    0.8296        72
2026-08-22 06:42:55 - INFO - 
2026-08-22 06:42:55 - INFO -       accuracy                         0.8487       152
2026-08-22 06:42:55 - INFO -      macro avg     0.8546    0.8451    0.8468       152
2026-08-22 06:42:55 - INFO -   weighted avg     0.8527    0.8487    0.8477       152
2026-08-22 06:42:55 - INFO - Confusion matrix - [[tn=73, fp=7], [fn=16, tp=56]]
2026-08-22 06:42:55 - INFO - probability_positive min=0.0000 mean=0.4166 std=0.4761 max=1.0000 predicted_0=89 predicted_1=63
2026-08-22 06:43:03 - INFO - Epoch 12/30 | Train loss: 0.007083 | Val loss: 1.240424 | LR: 2.00e-05 | Best epoch: 12 | Patience: 2 | Train: 7.19s | Validation: 0.80s | Epoch: 8.26s | Total: 98.49s
2026-08-22 06:43:03 - INFO - RecAdam target-task weight at epoch end: 1.000000
2026-08-22 06:43:03 - INFO - [Classification Report - split=train epoch=12 - threshold=0.50]
2026-08-22 06:43:03 - INFO -                 precision    recall  f1-score   support
2026-08-22 06:43:03 - INFO - 
2026-08-22 06:43:03 - INFO -       safe (0)     0.9912    0.9956    0.9934       226
2026-08-22 06:43:03 - INFO - vulnerable (1)     0.9956    0.9913    0.9935       230
2026-08-22 06:43:03 - INFO - 
2026-08-22 06:43:03 - INFO -       accuracy                         0.9934       456
2026-08-22 06:43:03 - INFO -      macro avg     0.9934    0.9934    0.9934       456
2026-08-22 06:43:03 - INFO -   weighted avg     0.9934    0.9934    0.9934       456
2026-08-22 06:43:03 - INFO - Confusion matrix - [[tn=225, fp=1], [fn=2, tp=228]]
2026-08-22 06:43:03 - INFO - probability_positive min=0.0000 mean=0.5029 std=0.4975 max=1.0000 predicted_0=227 predicted_1=229
2026-08-22 06:43:03 - INFO - [Classification Report - split=validation epoch=12 - threshold=0.50]
2026-08-22 06:43:03 - INFO -                 precision    recall  f1-score   support
2026-08-22 06:43:03 - INFO - 
2026-08-22 06:43:03 - INFO -       safe (0)     0.8353    0.8875    0.8606        80
2026-08-22 06:43:03 - INFO - vulnerable (1)     0.8657    0.8056    0.8345        72
2026-08-22 06:43:03 - INFO - 
2026-08-22 06:43:03 - INFO -       accuracy                         0.8487       152
2026-08-22 06:43:03 - INFO -      macro avg     0.8505    0.8465    0.8476       152
2026-08-22 06:43:03 - INFO -   weighted avg     0.8497    0.8487    0.8483       152
2026-08-22 06:43:03 - INFO - Confusion matrix - [[tn=71, fp=9], [fn=14, tp=58]]
2026-08-22 06:43:03 - INFO - probability_positive min=0.0000 mean=0.4377 std=0.4842 max=1.0000 predicted_0=85 predicted_1=67
2026-08-22 06:43:03 - INFO - Latest tied-best checkpoint saved | Macro-F1: 0.847569 | Epoch: 12
2026-08-22 06:43:11 - INFO - Epoch 13/30 | Train loss: 0.003794 | Val loss: 1.386586 | LR: 2.00e-05 | Best epoch: 13 | Patience: 0 | Train: 7.19s | Validation: 0.80s | Epoch: 8.27s | Total: 106.77s
2026-08-22 06:43:11 - INFO - RecAdam target-task weight at epoch end: 1.000000
2026-08-22 06:43:11 - INFO - [Classification Report - split=train epoch=13 - threshold=0.50]
2026-08-22 06:43:11 - INFO -                 precision    recall  f1-score   support
2026-08-22 06:43:11 - INFO - 
2026-08-22 06:43:11 - INFO -       safe (0)     0.9956    1.0000    0.9978       226
2026-08-22 06:43:11 - INFO - vulnerable (1)     1.0000    0.9957    0.9978       230
2026-08-22 06:43:11 - INFO - 
2026-08-22 06:43:11 - INFO -       accuracy                         0.9978       456
2026-08-22 06:43:11 - INFO -      macro avg     0.9978    0.9978    0.9978       456
2026-08-22 06:43:11 - INFO -   weighted avg     0.9978    0.9978    0.9978       456
2026-08-22 06:43:11 - INFO - Confusion matrix - [[tn=226, fp=0], [fn=1, tp=229]]
2026-08-22 06:43:11 - INFO - probability_positive min=0.0000 mean=0.5021 std=0.4987 max=1.0000 predicted_0=227 predicted_1=229
2026-08-22 06:43:11 - INFO - [Classification Report - split=validation epoch=13 - threshold=0.50]
2026-08-22 06:43:11 - INFO -                 precision    recall  f1-score   support
2026-08-22 06:43:11 - INFO - 
2026-08-22 06:43:11 - INFO -       safe (0)     0.8625    0.8625    0.8625        80
2026-08-22 06:43:11 - INFO - vulnerable (1)     0.8472    0.8472    0.8472        72
2026-08-22 06:43:11 - INFO - 
2026-08-22 06:43:11 - INFO -       accuracy                         0.8553       152
2026-08-22 06:43:11 - INFO -      macro avg     0.8549    0.8549    0.8549       152
2026-08-22 06:43:11 - INFO -   weighted avg     0.8553    0.8553    0.8553       152
2026-08-22 06:43:11 - INFO - Confusion matrix - [[tn=69, fp=11], [fn=11, tp=61]]
2026-08-22 06:43:11 - INFO - probability_positive min=0.0000 mean=0.4638 std=0.4917 max=1.0000 predicted_0=80 predicted_1=72
2026-08-22 06:43:11 - INFO - New best model | Macro-F1: 0.854861 | Epoch: 13
2026-08-22 06:43:19 - INFO - Epoch 14/30 | Train loss: 0.001919 | Val loss: 1.502650 | LR: 2.00e-05 | Best epoch: 13 | Patience: 1 | Train: 7.19s | Validation: 0.80s | Epoch: 7.99s | Total: 114.76s
2026-08-22 06:43:19 - INFO - RecAdam target-task weight at epoch end: 1.000000
2026-08-22 06:43:19 - INFO - [Classification Report - split=train epoch=14 - threshold=0.50]
2026-08-22 06:43:19 - INFO -                 precision    recall  f1-score   support
2026-08-22 06:43:19 - INFO - 
2026-08-22 06:43:19 - INFO -       safe (0)     1.0000    0.9956    0.9978       226
2026-08-22 06:43:19 - INFO - vulnerable (1)     0.9957    1.0000    0.9978       230
2026-08-22 06:43:19 - INFO - 
2026-08-22 06:43:19 - INFO -       accuracy                         0.9978       456
2026-08-22 06:43:19 - INFO -      macro avg     0.9978    0.9978    0.9978       456
2026-08-22 06:43:19 - INFO -   weighted avg     0.9978    0.9978    0.9978       456
2026-08-22 06:43:19 - INFO - Confusion matrix - [[tn=225, fp=1], [fn=0, tp=230]]
2026-08-22 06:43:19 - INFO - probability_positive min=0.0000 mean=0.5057 std=0.4991 max=1.0000 predicted_0=225 predicted_1=231
2026-08-22 06:43:19 - INFO - [Classification Report - split=validation epoch=14 - threshold=0.50]
2026-08-22 06:43:19 - INFO -                 precision    recall  f1-score   support
2026-08-22 06:43:19 - INFO - 
2026-08-22 06:43:19 - INFO -       safe (0)     0.8333    0.8750    0.8537        80
2026-08-22 06:43:19 - INFO - vulnerable (1)     0.8529    0.8056    0.8286        72
2026-08-22 06:43:19 - INFO - 
2026-08-22 06:43:19 - INFO -       accuracy                         0.8421       152
2026-08-22 06:43:19 - INFO -      macro avg     0.8431    0.8403    0.8411       152
2026-08-22 06:43:19 - INFO -   weighted avg     0.8426    0.8421    0.8418       152
2026-08-22 06:43:19 - INFO - Confusion matrix - [[tn=70, fp=10], [fn=14, tp=58]]
2026-08-22 06:43:19 - INFO - probability_positive min=0.0000 mean=0.4454 std=0.4878 max=1.0000 predicted_0=84 predicted_1=68
2026-08-22 06:43:27 - INFO - Epoch 15/30 | Train loss: 0.008410 | Val loss: 1.475117 | LR: 2.00e-05 | Best epoch: 13 | Patience: 2 | Train: 7.18s | Validation: 0.80s | Epoch: 7.98s | Total: 122.75s
2026-08-22 06:43:27 - INFO - RecAdam target-task weight at epoch end: 1.000000
2026-08-22 06:43:27 - INFO - [Classification Report - split=train epoch=15 - threshold=0.50]
2026-08-22 06:43:27 - INFO -                 precision    recall  f1-score   support
2026-08-22 06:43:27 - INFO - 
2026-08-22 06:43:27 - INFO -       safe (0)     0.9956    1.0000    0.9978       226
2026-08-22 06:43:27 - INFO - vulnerable (1)     1.0000    0.9957    0.9978       230
2026-08-22 06:43:27 - INFO - 
2026-08-22 06:43:27 - INFO -       accuracy                         0.9978       456
2026-08-22 06:43:27 - INFO -      macro avg     0.9978    0.9978    0.9978       456
2026-08-22 06:43:27 - INFO -   weighted avg     0.9978    0.9978    0.9978       456
2026-08-22 06:43:27 - INFO - Confusion matrix - [[tn=226, fp=0], [fn=1, tp=229]]
2026-08-22 06:43:27 - INFO - probability_positive min=0.0000 mean=0.5022 std=0.4999 max=1.0000 predicted_0=227 predicted_1=229
2026-08-22 06:43:27 - INFO - [Classification Report - split=validation epoch=15 - threshold=0.50]
2026-08-22 06:43:27 - INFO -                 precision    recall  f1-score   support
2026-08-22 06:43:27 - INFO - 
2026-08-22 06:43:27 - INFO -       safe (0)     0.8313    0.8625    0.8466        80
2026-08-22 06:43:27 - INFO - vulnerable (1)     0.8406    0.8056    0.8227        72
2026-08-22 06:43:27 - INFO - 
2026-08-22 06:43:27 - INFO -       accuracy                         0.8355       152
2026-08-22 06:43:27 - INFO -      macro avg     0.8360    0.8340    0.8347       152
2026-08-22 06:43:27 - INFO -   weighted avg     0.8357    0.8355    0.8353       152
2026-08-22 06:43:27 - INFO - Confusion matrix - [[tn=69, fp=11], [fn=14, tp=58]]
2026-08-22 06:43:27 - INFO - probability_positive min=0.0000 mean=0.4538 std=0.4895 max=1.0000 predicted_0=83 predicted_1=69
2026-08-22 06:43:35 - INFO - Epoch 16/30 | Train loss: 0.010907 | Val loss: 1.497870 | LR: 2.00e-05 | Best epoch: 13 | Patience: 3 | Train: 7.18s | Validation: 0.80s | Epoch: 7.98s | Total: 130.74s
2026-08-22 06:43:35 - INFO - RecAdam target-task weight at epoch end: 1.000000
2026-08-22 06:43:35 - INFO - [Classification Report - split=train epoch=16 - threshold=0.50]
2026-08-22 06:43:35 - INFO -                 precision    recall  f1-score   support
2026-08-22 06:43:35 - INFO - 
2026-08-22 06:43:35 - INFO -       safe (0)     0.9956    1.0000    0.9978       226
2026-08-22 06:43:35 - INFO - vulnerable (1)     1.0000    0.9957    0.9978       230
2026-08-22 06:43:35 - INFO - 
2026-08-22 06:43:35 - INFO -       accuracy                         0.9978       456
2026-08-22 06:43:35 - INFO -      macro avg     0.9978    0.9978    0.9978       456
2026-08-22 06:43:35 - INFO -   weighted avg     0.9978    0.9978    0.9978       456
2026-08-22 06:43:35 - INFO - Confusion matrix - [[tn=226, fp=0], [fn=1, tp=229]]
2026-08-22 06:43:35 - INFO - probability_positive min=0.0000 mean=0.5029 std=0.4995 max=1.0000 predicted_0=227 predicted_1=229
2026-08-22 06:43:35 - INFO - [Classification Report - split=validation epoch=16 - threshold=0.50]
2026-08-22 06:43:35 - INFO -                 precision    recall  f1-score   support
2026-08-22 06:43:35 - INFO - 
2026-08-22 06:43:35 - INFO -       safe (0)     0.8353    0.8875    0.8606        80
2026-08-22 06:43:35 - INFO - vulnerable (1)     0.8657    0.8056    0.8345        72
2026-08-22 06:43:35 - INFO - 
2026-08-22 06:43:35 - INFO -       accuracy                         0.8487       152
2026-08-22 06:43:35 - INFO -      macro avg     0.8505    0.8465    0.8476       152
2026-08-22 06:43:35 - INFO -   weighted avg     0.8497    0.8487    0.8483       152
2026-08-22 06:43:35 - INFO - Confusion matrix - [[tn=71, fp=9], [fn=14, tp=58]]
2026-08-22 06:43:35 - INFO - probability_positive min=0.0000 mean=0.4380 std=0.4861 max=1.0000 predicted_0=85 predicted_1=67
2026-08-22 06:43:43 - INFO - Epoch 17/30 | Train loss: 0.014610 | Val loss: 1.481322 | LR: 2.00e-05 | Best epoch: 13 | Patience: 4 | Train: 7.18s | Validation: 0.80s | Epoch: 7.98s | Total: 138.73s
2026-08-22 06:43:43 - INFO - RecAdam target-task weight at epoch end: 1.000000
2026-08-22 06:43:43 - INFO - [Classification Report - split=train epoch=17 - threshold=0.50]
2026-08-22 06:43:43 - INFO -                 precision    recall  f1-score   support
2026-08-22 06:43:43 - INFO - 
2026-08-22 06:43:43 - INFO -       safe (0)     1.0000    0.9956    0.9978       226
2026-08-22 06:43:43 - INFO - vulnerable (1)     0.9957    1.0000    0.9978       230
2026-08-22 06:43:43 - INFO - 
2026-08-22 06:43:43 - INFO -       accuracy                         0.9978       456
2026-08-22 06:43:43 - INFO -      macro avg     0.9978    0.9978    0.9978       456
2026-08-22 06:43:43 - INFO -   weighted avg     0.9978    0.9978    0.9978       456
2026-08-22 06:43:43 - INFO - Confusion matrix - [[tn=225, fp=1], [fn=0, tp=230]]
2026-08-22 06:43:43 - INFO - probability_positive min=0.0000 mean=0.5065 std=0.4999 max=1.0000 predicted_0=225 predicted_1=231
2026-08-22 06:43:43 - INFO - [Classification Report - split=validation epoch=17 - threshold=0.50]
2026-08-22 06:43:43 - INFO -                 precision    recall  f1-score   support
2026-08-22 06:43:43 - INFO - 
2026-08-22 06:43:43 - INFO -       safe (0)     0.8140    0.8750    0.8434        80
2026-08-22 06:43:43 - INFO - vulnerable (1)     0.8485    0.7778    0.8116        72
2026-08-22 06:43:43 - INFO - 
2026-08-22 06:43:43 - INFO -       accuracy                         0.8289       152
2026-08-22 06:43:43 - INFO -      macro avg     0.8312    0.8264    0.8275       152
2026-08-22 06:43:43 - INFO -   weighted avg     0.8303    0.8289    0.8283       152
2026-08-22 06:43:43 - INFO - Confusion matrix - [[tn=70, fp=10], [fn=16, tp=56]]
2026-08-22 06:43:43 - INFO - probability_positive min=0.0000 mean=0.4319 std=0.4819 max=1.0000 predicted_0=86 predicted_1=66
2026-08-22 06:43:51 - INFO - Epoch 18/30 | Train loss: 0.000035 | Val loss: 1.501097 | LR: 2.00e-05 | Best epoch: 13 | Patience: 5 | Train: 7.19s | Validation: 0.80s | Epoch: 7.99s | Total: 146.72s
2026-08-22 06:43:51 - INFO - RecAdam target-task weight at epoch end: 1.000000
2026-08-22 06:43:51 - INFO - [Classification Report - split=train epoch=18 - threshold=0.50]
2026-08-22 06:43:51 - INFO -                 precision    recall  f1-score   support
2026-08-22 06:43:51 - INFO - 
2026-08-22 06:43:51 - INFO -       safe (0)     1.0000    1.0000    1.0000       226
2026-08-22 06:43:51 - INFO - vulnerable (1)     1.0000    1.0000    1.0000       230
2026-08-22 06:43:51 - INFO - 
2026-08-22 06:43:51 - INFO -       accuracy                         1.0000       456
2026-08-22 06:43:51 - INFO -      macro avg     1.0000    1.0000    1.0000       456
2026-08-22 06:43:51 - INFO -   weighted avg     1.0000    1.0000    1.0000       456
2026-08-22 06:43:51 - INFO - Confusion matrix - [[tn=226, fp=0], [fn=0, tp=230]]
2026-08-22 06:43:51 - INFO - probability_positive min=0.0000 mean=0.5044 std=0.4999 max=1.0000 predicted_0=226 predicted_1=230
2026-08-22 06:43:51 - INFO - [Classification Report - split=validation epoch=18 - threshold=0.50]
2026-08-22 06:43:51 - INFO -                 precision    recall  f1-score   support
2026-08-22 06:43:51 - INFO - 
2026-08-22 06:43:51 - INFO -       safe (0)     0.8235    0.8750    0.8485        80
2026-08-22 06:43:51 - INFO - vulnerable (1)     0.8507    0.7917    0.8201        72
2026-08-22 06:43:51 - INFO - 
2026-08-22 06:43:51 - INFO -       accuracy                         0.8355       152
2026-08-22 06:43:51 - INFO -      macro avg     0.8371    0.8333    0.8343       152
2026-08-22 06:43:51 - INFO -   weighted avg     0.8364    0.8355    0.8351       152
2026-08-22 06:43:51 - INFO - Confusion matrix - [[tn=70, fp=10], [fn=15, tp=57]]
2026-08-22 06:43:51 - INFO - probability_positive min=0.0000 mean=0.4379 std=0.4830 max=1.0000 predicted_0=85 predicted_1=67
2026-08-22 06:43:51 - INFO - Early stopping | Epoch: 18 | Best epoch: 13
2026-08-22 06:43:51 - INFO - Best checkpoint saved | Path: model/fam2_unixcoder/transfer_latent_proto/seed_42/fold2/best.pt | Epoch: 13 | Val macro_f1: 0.854861
2026-08-22 06:43:51 - INFO - Training finished | Elapsed: 146.72s
2026-08-22 06:43:51 - INFO - Run finished | Phase: phase2 | Fold: 2 | Seed: 42 | Elapsed: 149.16s
