2026-08-22 11:28:33 - INFO - Using device: cuda
2026-08-22 11:28:33 - INFO - Run started | Run: fam2_codet5 | Method: transfer_latent_bottleneck | Phase: phase2 | Fold: 3 | Seed: 42 | Device: cuda
2026-08-22 11:28:33 - INFO - Loading Python training data: data/sven_python_folds_norm/fold3/train.jsonl
2026-08-22 11:28:33 - INFO - Loading Python validation data: data/sven_python_folds_norm/fold3/val.jsonl
2026-08-22 11:28:33 - INFO - Data split: python_train | Total: 456 | Labels: {0: 217, 1: 239} | CWEs: {'CWE-022': 40, 'CWE-078': 125, 'CWE-079': 49, 'CWE-089': 242} | Languages: {'python': 456} | Invalid CWE: 0
2026-08-22 11:28:33 - INFO - Data split: python_val | Total: 152 | Labels: {0: 83, 1: 69} | CWEs: {'CWE-022': 11, 'CWE-078': 41, 'CWE-079': 13, 'CWE-089': 87} | Languages: {'python': 152} | Invalid CWE: 0
2026-08-22 11:28:34 - INFO - Auxiliary head width taken from checkpoint: 4
2026-08-22 11:28:36 - INFO - Loaded source checkpoint: model/fam2_codet5/transfer_latent_bottleneck/seed_42/source/best.pt | Best epoch: 15 | Best Val Macro-F1: 0.650230
2026-08-22 11:28:36 - INFO - RecAdam schedule | Total steps: 870 | Steps/epoch: 29 | Anneal t0: 43 | Weights: {1: 0.10909682119561293, 29: 0.3318122278318339, 43: 0.5, 870: 1.0}
2026-08-22 11:28:36 - INFO - Environment: {"components": {"backbone": {"frozen": 0, "total": 109607040, "trainable": 109607040}, "cwe_head": {"frozen": 36, "total": 36, "trainable": 0}, "latent_proj": {"frozen": 6152, "total": 6152, "trainable": 0}, "vul_head": {"frozen": 0, "total": 1538, "trainable": 1538}}, "cuda": "12.8", "fold": 3, "frozen_parameters": 6188, "gpu": "NVIDIA GeForce RTX 5060 Ti", "hyperparameters": {"anneal_fun": "sigmoid", "anneal_k": 0.05, "anneal_t0_ratio": 0.05, "anneal_w": 1.0, "aux_mode": "latent_bottleneck", "batch_size": 16, "checkpoint_path": "model/fam2_codet5/transfer_latent_bottleneck/seed_42/fold3/best.pt", "cwe_vocab": "fixed4", "data_path": "data/train_ccpp_filtered.jsonl", "data_root": "data/sven_python_folds_norm", "epochs": 30, "eval_batch_size": 16, "fold": 3, "freeze_backbone_layers": 0, "freeze_prototypes_steps": 0, "lambda_cwe": 0.2, "latent_temperature": 0.1, "learning_rate": 2e-05, "lora_rank": 0, "lp_epochs": 0, "lp_learning_rate": 0.001, "max_eval_samples": null, "max_grad_norm": 1.0, "max_length": 512, "max_train_samples": null, "method_name": "transfer_latent_bottleneck", "min_epochs": 3, "model_name": "Salesforce/codet5-base", "num_cwes": 4, "num_latent": 8, "num_workers": 0, "output_dir": "results/fam2_codet5/transfer_latent_bottleneck", "patience": 5, "phase": "phase2", "phase2_optimizer": "recadam", "pooling": "mean", "pretrain_cof": 5000.0, "recadam_anchor": "source", "result_path": "results/fam2_codet5/transfer_latent_bottleneck/seed_42/fold3.json", "run_name": "fam2_codet5", "sam_rho": 0.0, "seed": 42, "selection_metric": "macro_f1", "source_checkpoint": "model/fam2_codet5/transfer_latent_bottleneck/seed_42/source/best.pt", "source_interpolation": 1.0, "strict_determinism": false, "target_lang": "python", "test_path": null, "train_path": null, "truncation_strategy": "head_middle_tail", "val_path": null, "weight_decay": 0.01}, "mode": "phase2_train", "model_name": "Salesforce/codet5-base", "seed": 42, "sklearn": "1.9.0", "torch": "2.11.0+cu128", "trainable_parameters": 109608578, "transformers": "4.57.1"}
2026-08-22 11:28:36 - INFO - Training started | Phase: phase2 | Epochs: 30
2026-08-22 11:28:38 - INFO - RecAdam first-step safety checks passed
2026-08-22 11:28:56 - INFO - Epoch 1/30 | Train loss: 0.770140 | Val loss: 0.650834 | LR: 2.00e-05 | Best epoch: 1 | Patience: 0 | Train: 17.55s | Validation: 1.96s | Epoch: 19.85s | Total: 19.85s
2026-08-22 11:28:56 - INFO - RecAdam target-task weight at epoch end: 0.331812
2026-08-22 11:28:56 - INFO - [Classification Report - split=train epoch=1 - threshold=0.50]
2026-08-22 11:28:56 - INFO -                 precision    recall  f1-score   support
2026-08-22 11:28:56 - INFO - 
2026-08-22 11:28:56 - INFO -       safe (0)     0.6058    0.2903    0.3925       217
2026-08-22 11:28:56 - INFO - vulnerable (1)     0.5625    0.8285    0.6701       239
2026-08-22 11:28:56 - INFO - 
2026-08-22 11:28:56 - INFO -       accuracy                         0.5724       456
2026-08-22 11:28:56 - INFO -      macro avg     0.5841    0.5594    0.5313       456
2026-08-22 11:28:56 - INFO -   weighted avg     0.5831    0.5724    0.5380       456
2026-08-22 11:28:56 - INFO - Confusion matrix - [[tn=63, fp=154], [fn=41, tp=198]]
2026-08-22 11:28:56 - INFO - probability_positive min=0.0042 mean=0.6144 std=0.1972 max=0.9734 predicted_0=104 predicted_1=352
2026-08-22 11:28:56 - INFO - [Classification Report - split=validation epoch=1 - threshold=0.50]
2026-08-22 11:28:56 - INFO -                 precision    recall  f1-score   support
2026-08-22 11:28:56 - INFO - 
2026-08-22 11:28:56 - INFO -       safe (0)     0.6716    0.5422    0.6000        83
2026-08-22 11:28:56 - INFO - vulnerable (1)     0.5529    0.6812    0.6104        69
2026-08-22 11:28:56 - INFO - 
2026-08-22 11:28:56 - INFO -       accuracy                         0.6053       152
2026-08-22 11:28:56 - INFO -      macro avg     0.6123    0.6117    0.6052       152
2026-08-22 11:28:56 - INFO -   weighted avg     0.6178    0.6053    0.6047       152
2026-08-22 11:28:56 - INFO - Confusion matrix - [[tn=45, fp=38], [fn=22, tp=47]]
2026-08-22 11:28:56 - INFO - probability_positive min=0.0046 mean=0.5260 std=0.2097 max=0.9294 predicted_0=67 predicted_1=85
2026-08-22 11:28:56 - INFO - New best model | Macro-F1: 0.605195 | Epoch: 1
2026-08-22 11:29:15 - INFO - Epoch 2/30 | Train loss: 0.701652 | Val loss: 0.668669 | LR: 2.00e-05 | Best epoch: 1 | Patience: 0 | Train: 17.03s | Validation: 1.97s | Epoch: 19.00s | Total: 38.86s
2026-08-22 11:29:15 - INFO - RecAdam target-task weight at epoch end: 0.679179
2026-08-22 11:29:15 - INFO - [Classification Report - split=train epoch=2 - threshold=0.50]
2026-08-22 11:29:15 - INFO -                 precision    recall  f1-score   support
2026-08-22 11:29:15 - INFO - 
2026-08-22 11:29:15 - INFO -       safe (0)     0.6158    0.5760    0.5952       217
2026-08-22 11:29:15 - INFO - vulnerable (1)     0.6364    0.6736    0.6545       239
2026-08-22 11:29:15 - INFO - 
2026-08-22 11:29:15 - INFO -       accuracy                         0.6272       456
2026-08-22 11:29:15 - INFO -      macro avg     0.6261    0.6248    0.6249       456
2026-08-22 11:29:15 - INFO -   weighted avg     0.6266    0.6272    0.6263       456
2026-08-22 11:29:15 - INFO - Confusion matrix - [[tn=125, fp=92], [fn=78, tp=161]]
2026-08-22 11:29:15 - INFO - probability_positive min=0.0053 mean=0.5132 std=0.1785 max=0.9612 predicted_0=203 predicted_1=253
2026-08-22 11:29:15 - INFO - [Classification Report - split=validation epoch=2 - threshold=0.50]
2026-08-22 11:29:15 - INFO -                 precision    recall  f1-score   support
2026-08-22 11:29:15 - INFO - 
2026-08-22 11:29:15 - INFO -       safe (0)     0.6575    0.5783    0.6154        83
2026-08-22 11:29:15 - INFO - vulnerable (1)     0.5570    0.6377    0.5946        69
2026-08-22 11:29:15 - INFO - 
2026-08-22 11:29:15 - INFO -       accuracy                         0.6053       152
2026-08-22 11:29:15 - INFO -      macro avg     0.6072    0.6080    0.6050       152
2026-08-22 11:29:15 - INFO -   weighted avg     0.6119    0.6053    0.6059       152
2026-08-22 11:29:15 - INFO - Confusion matrix - [[tn=48, fp=35], [fn=25, tp=44]]
2026-08-22 11:29:15 - INFO - probability_positive min=0.0049 mean=0.4864 std=0.1999 max=0.8950 predicted_0=73 predicted_1=79
2026-08-22 11:29:35 - INFO - Epoch 3/30 | Train loss: 0.636812 | Val loss: 0.625403 | LR: 2.00e-05 | Best epoch: 3 | Patience: 0 | Train: 17.04s | Validation: 1.97s | Epoch: 19.64s | Total: 58.51s
2026-08-22 11:29:35 - INFO - RecAdam target-task weight at epoch end: 0.900250
2026-08-22 11:29:35 - INFO - [Classification Report - split=train epoch=3 - threshold=0.50]
2026-08-22 11:29:35 - INFO -                 precision    recall  f1-score   support
2026-08-22 11:29:35 - INFO - 
2026-08-22 11:29:35 - INFO -       safe (0)     0.6725    0.5300    0.5928       217
2026-08-22 11:29:35 - INFO - vulnerable (1)     0.6421    0.7657    0.6985       239
2026-08-22 11:29:35 - INFO - 
2026-08-22 11:29:35 - INFO -       accuracy                         0.6535       456
2026-08-22 11:29:35 - INFO -      macro avg     0.6573    0.6478    0.6456       456
2026-08-22 11:29:35 - INFO -   weighted avg     0.6566    0.6535    0.6482       456
2026-08-22 11:29:35 - INFO - Confusion matrix - [[tn=115, fp=102], [fn=56, tp=183]]
2026-08-22 11:29:35 - INFO - probability_positive min=0.0054 mean=0.5270 std=0.1822 max=0.9670 predicted_0=171 predicted_1=285
2026-08-22 11:29:35 - INFO - [Classification Report - split=validation epoch=3 - threshold=0.50]
2026-08-22 11:29:35 - INFO -                 precision    recall  f1-score   support
2026-08-22 11:29:35 - INFO - 
2026-08-22 11:29:35 - INFO -       safe (0)     0.7571    0.6386    0.6928        83
2026-08-22 11:29:35 - INFO - vulnerable (1)     0.6341    0.7536    0.6887        69
2026-08-22 11:29:35 - INFO - 
2026-08-22 11:29:35 - INFO -       accuracy                         0.6908       152
2026-08-22 11:29:35 - INFO -      macro avg     0.6956    0.6961    0.6908       152
2026-08-22 11:29:35 - INFO -   weighted avg     0.7013    0.6908    0.6910       152
2026-08-22 11:29:35 - INFO - Confusion matrix - [[tn=53, fp=30], [fn=17, tp=52]]
2026-08-22 11:29:35 - INFO - probability_positive min=0.0046 mean=0.4948 std=0.2380 max=0.9789 predicted_0=70 predicted_1=82
2026-08-22 11:29:35 - INFO - New best model | Macro-F1: 0.690776 | Epoch: 3
2026-08-22 11:29:55 - INFO - Epoch 4/30 | Train loss: 0.485601 | Val loss: 0.518002 | LR: 2.00e-05 | Best epoch: 4 | Patience: 0 | Train: 17.06s | Validation: 1.97s | Epoch: 19.67s | Total: 78.21s
2026-08-22 11:29:55 - INFO - RecAdam target-task weight at epoch end: 0.974667
2026-08-22 11:29:55 - INFO - [Classification Report - split=train epoch=4 - threshold=0.50]
2026-08-22 11:29:55 - INFO -                 precision    recall  f1-score   support
2026-08-22 11:29:55 - INFO - 
2026-08-22 11:29:55 - INFO -       safe (0)     0.7876    0.7005    0.7415       217
2026-08-22 11:29:55 - INFO - vulnerable (1)     0.7529    0.8285    0.7888       239
2026-08-22 11:29:55 - INFO - 
2026-08-22 11:29:55 - INFO -       accuracy                         0.7675       456
2026-08-22 11:29:55 - INFO -      macro avg     0.7702    0.7645    0.7652       456
2026-08-22 11:29:55 - INFO -   weighted avg     0.7694    0.7675    0.7663       456
2026-08-22 11:29:55 - INFO - Confusion matrix - [[tn=152, fp=65], [fn=41, tp=198]]
2026-08-22 11:29:55 - INFO - probability_positive min=0.0053 mean=0.5259 std=0.2733 max=0.9903 predicted_0=193 predicted_1=263
2026-08-22 11:29:55 - INFO - [Classification Report - split=validation epoch=4 - threshold=0.50]
2026-08-22 11:29:55 - INFO -                 precision    recall  f1-score   support
2026-08-22 11:29:55 - INFO - 
2026-08-22 11:29:55 - INFO -       safe (0)     0.8267    0.7470    0.7848        83
2026-08-22 11:29:55 - INFO - vulnerable (1)     0.7273    0.8116    0.7671        69
2026-08-22 11:29:55 - INFO - 
2026-08-22 11:29:55 - INFO -       accuracy                         0.7763       152
2026-08-22 11:29:55 - INFO -      macro avg     0.7770    0.7793    0.7760       152
2026-08-22 11:29:55 - INFO -   weighted avg     0.7815    0.7763    0.7768       152
2026-08-22 11:29:55 - INFO - Confusion matrix - [[tn=62, fp=21], [fn=13, tp=56]]
2026-08-22 11:29:55 - INFO - probability_positive min=0.0034 mean=0.4634 std=0.3822 max=0.9935 predicted_0=75 predicted_1=77
2026-08-22 11:29:55 - INFO - New best model | Macro-F1: 0.775967 | Epoch: 4
2026-08-22 11:30:14 - INFO - Epoch 5/30 | Train loss: 0.330567 | Val loss: 0.381663 | LR: 2.00e-05 | Best epoch: 5 | Patience: 0 | Train: 17.06s | Validation: 1.97s | Epoch: 19.68s | Total: 97.91s
2026-08-22 11:30:14 - INFO - RecAdam target-task weight at epoch end: 0.993940
2026-08-22 11:30:14 - INFO - [Classification Report - split=train epoch=5 - threshold=0.50]
2026-08-22 11:30:14 - INFO -                 precision    recall  f1-score   support
2026-08-22 11:30:14 - INFO - 
2026-08-22 11:30:14 - INFO -       safe (0)     0.8779    0.8618    0.8698       217
2026-08-22 11:30:14 - INFO - vulnerable (1)     0.8765    0.8912    0.8838       239
2026-08-22 11:30:14 - INFO - 
2026-08-22 11:30:14 - INFO -       accuracy                         0.8772       456
2026-08-22 11:30:14 - INFO -      macro avg     0.8772    0.8765    0.8768       456
2026-08-22 11:30:14 - INFO -   weighted avg     0.8772    0.8772    0.8771       456
2026-08-22 11:30:14 - INFO - Confusion matrix - [[tn=187, fp=30], [fn=26, tp=213]]
2026-08-22 11:30:14 - INFO - probability_positive min=0.0035 mean=0.5150 std=0.3895 max=0.9905 predicted_0=213 predicted_1=243
2026-08-22 11:30:14 - INFO - [Classification Report - split=validation epoch=5 - threshold=0.50]
2026-08-22 11:30:14 - INFO -                 precision    recall  f1-score   support
2026-08-22 11:30:14 - INFO - 
2026-08-22 11:30:14 - INFO -       safe (0)     0.8642    0.8434    0.8537        83
2026-08-22 11:30:14 - INFO - vulnerable (1)     0.8169    0.8406    0.8286        69
2026-08-22 11:30:14 - INFO - 
2026-08-22 11:30:14 - INFO -       accuracy                         0.8421       152
2026-08-22 11:30:14 - INFO -      macro avg     0.8405    0.8420    0.8411       152
2026-08-22 11:30:14 - INFO -   weighted avg     0.8427    0.8421    0.8423       152
2026-08-22 11:30:14 - INFO - Confusion matrix - [[tn=70, fp=13], [fn=11, tp=58]]
2026-08-22 11:30:14 - INFO - probability_positive min=0.0033 mean=0.4484 std=0.4153 max=0.9953 predicted_0=81 predicted_1=71
2026-08-22 11:30:14 - INFO - New best model | Macro-F1: 0.841115 | Epoch: 5
2026-08-22 11:30:34 - INFO - Epoch 6/30 | Train loss: 0.216407 | Val loss: 0.412181 | LR: 2.00e-05 | Best epoch: 6 | Patience: 0 | Train: 17.06s | Validation: 1.97s | Epoch: 19.68s | Total: 117.62s
2026-08-22 11:30:34 - INFO - RecAdam target-task weight at epoch end: 0.998572
2026-08-22 11:30:34 - INFO - [Classification Report - split=train epoch=6 - threshold=0.50]
2026-08-22 11:30:34 - INFO -                 precision    recall  f1-score   support
2026-08-22 11:30:34 - INFO - 
2026-08-22 11:30:34 - INFO -       safe (0)     0.9050    0.9217    0.9132       217
2026-08-22 11:30:34 - INFO - vulnerable (1)     0.9277    0.9121    0.9198       239
2026-08-22 11:30:34 - INFO - 
2026-08-22 11:30:34 - INFO -       accuracy                         0.9167       456
2026-08-22 11:30:34 - INFO -      macro avg     0.9163    0.9169    0.9165       456
2026-08-22 11:30:34 - INFO -   weighted avg     0.9169    0.9167    0.9167       456
2026-08-22 11:30:34 - INFO - Confusion matrix - [[tn=200, fp=17], [fn=21, tp=218]]
2026-08-22 11:30:34 - INFO - probability_positive min=0.0045 mean=0.5134 std=0.4094 max=0.9933 predicted_0=221 predicted_1=235
2026-08-22 11:30:34 - INFO - [Classification Report - split=validation epoch=6 - threshold=0.50]
2026-08-22 11:30:34 - INFO -                 precision    recall  f1-score   support
2026-08-22 11:30:34 - INFO - 
2026-08-22 11:30:34 - INFO -       safe (0)     0.9079    0.8313    0.8679        83
2026-08-22 11:30:34 - INFO - vulnerable (1)     0.8158    0.8986    0.8552        69
2026-08-22 11:30:34 - INFO - 
2026-08-22 11:30:34 - INFO -       accuracy                         0.8618       152
2026-08-22 11:30:34 - INFO -      macro avg     0.8618    0.8649    0.8615       152
2026-08-22 11:30:34 - INFO -   weighted avg     0.8661    0.8618    0.8621       152
2026-08-22 11:30:34 - INFO - Confusion matrix - [[tn=69, fp=14], [fn=7, tp=62]]
2026-08-22 11:30:34 - INFO - probability_positive min=0.0028 mean=0.4871 std=0.4639 max=0.9971 predicted_0=76 predicted_1=76
2026-08-22 11:30:34 - INFO - New best model | Macro-F1: 0.861548 | Epoch: 6
2026-08-22 11:30:53 - INFO - Epoch 7/30 | Train loss: 0.177048 | Val loss: 0.472757 | LR: 2.00e-05 | Best epoch: 6 | Patience: 1 | Train: 17.07s | Validation: 1.97s | Epoch: 19.04s | Total: 136.69s
2026-08-22 11:30:53 - INFO - RecAdam target-task weight at epoch end: 0.999665
2026-08-22 11:30:53 - INFO - [Classification Report - split=train epoch=7 - threshold=0.50]
2026-08-22 11:30:53 - INFO -                 precision    recall  f1-score   support
2026-08-22 11:30:53 - INFO - 
2026-08-22 11:30:53 - INFO -       safe (0)     0.9299    0.9171    0.9234       217
2026-08-22 11:30:53 - INFO - vulnerable (1)     0.9256    0.9372    0.9314       239
2026-08-22 11:30:53 - INFO - 
2026-08-22 11:30:53 - INFO -       accuracy                         0.9276       456
2026-08-22 11:30:53 - INFO -      macro avg     0.9278    0.9271    0.9274       456
2026-08-22 11:30:53 - INFO -   weighted avg     0.9277    0.9276    0.9276       456
2026-08-22 11:30:53 - INFO - Confusion matrix - [[tn=199, fp=18], [fn=15, tp=224]]
2026-08-22 11:30:53 - INFO - probability_positive min=0.0034 mean=0.5288 std=0.4516 max=0.9964 predicted_0=214 predicted_1=242
2026-08-22 11:30:53 - INFO - [Classification Report - split=validation epoch=7 - threshold=0.50]
2026-08-22 11:30:53 - INFO -                 precision    recall  f1-score   support
2026-08-22 11:30:53 - INFO - 
2026-08-22 11:30:53 - INFO -       safe (0)     0.9167    0.7952    0.8516        83
2026-08-22 11:30:53 - INFO - vulnerable (1)     0.7875    0.9130    0.8456        69
2026-08-22 11:30:53 - INFO - 
2026-08-22 11:30:53 - INFO -       accuracy                         0.8487       152
2026-08-22 11:30:53 - INFO -      macro avg     0.8521    0.8541    0.8486       152
2026-08-22 11:30:53 - INFO -   weighted avg     0.8580    0.8487    0.8489       152
2026-08-22 11:30:53 - INFO - Confusion matrix - [[tn=66, fp=17], [fn=6, tp=63]]
2026-08-22 11:30:53 - INFO - probability_positive min=0.0025 mean=0.5200 std=0.4636 max=0.9978 predicted_0=72 predicted_1=80
2026-08-22 11:31:13 - INFO - Epoch 8/30 | Train loss: 0.138677 | Val loss: 0.526330 | LR: 2.00e-05 | Best epoch: 8 | Patience: 0 | Train: 17.07s | Validation: 1.97s | Epoch: 19.69s | Total: 156.39s
2026-08-22 11:31:13 - INFO - RecAdam target-task weight at epoch end: 0.999921
2026-08-22 11:31:13 - INFO - [Classification Report - split=train epoch=8 - threshold=0.50]
2026-08-22 11:31:13 - INFO -                 precision    recall  f1-score   support
2026-08-22 11:31:13 - INFO - 
2026-08-22 11:31:13 - INFO -       safe (0)     0.9757    0.9263    0.9504       217
2026-08-22 11:31:13 - INFO - vulnerable (1)     0.9360    0.9791    0.9571       239
2026-08-22 11:31:13 - INFO - 
2026-08-22 11:31:13 - INFO -       accuracy                         0.9539       456
2026-08-22 11:31:13 - INFO -      macro avg     0.9559    0.9527    0.9537       456
2026-08-22 11:31:13 - INFO -   weighted avg     0.9549    0.9539    0.9539       456
2026-08-22 11:31:13 - INFO - Confusion matrix - [[tn=201, fp=16], [fn=5, tp=234]]
2026-08-22 11:31:13 - INFO - probability_positive min=0.0029 mean=0.5423 std=0.4640 max=0.9977 predicted_0=206 predicted_1=250
2026-08-22 11:31:13 - INFO - [Classification Report - split=validation epoch=8 - threshold=0.50]
2026-08-22 11:31:13 - INFO -                 precision    recall  f1-score   support
2026-08-22 11:31:13 - INFO - 
2026-08-22 11:31:13 - INFO -       safe (0)     0.9211    0.8434    0.8805        83
2026-08-22 11:31:13 - INFO - vulnerable (1)     0.8289    0.9130    0.8690        69
2026-08-22 11:31:13 - INFO - 
2026-08-22 11:31:13 - INFO -       accuracy                         0.8750       152
2026-08-22 11:31:13 - INFO -      macro avg     0.8750    0.8782    0.8747       152
2026-08-22 11:31:13 - INFO -   weighted avg     0.8792    0.8750    0.8753       152
2026-08-22 11:31:13 - INFO - Confusion matrix - [[tn=70, fp=13], [fn=6, tp=63]]
2026-08-22 11:31:13 - INFO - probability_positive min=0.0016 mean=0.4929 std=0.4833 max=0.9984 predicted_0=76 predicted_1=76
2026-08-22 11:31:13 - INFO - New best model | Macro-F1: 0.874734 | Epoch: 8
2026-08-22 11:31:32 - INFO - Epoch 9/30 | Train loss: 0.091520 | Val loss: 0.513279 | LR: 2.00e-05 | Best epoch: 8 | Patience: 1 | Train: 17.06s | Validation: 1.97s | Epoch: 19.03s | Total: 175.46s
2026-08-22 11:31:32 - INFO - RecAdam target-task weight at epoch end: 0.999982
2026-08-22 11:31:32 - INFO - [Classification Report - split=train epoch=9 - threshold=0.50]
2026-08-22 11:31:32 - INFO -                 precision    recall  f1-score   support
2026-08-22 11:31:32 - INFO - 
2026-08-22 11:31:32 - INFO -       safe (0)     0.9633    0.9677    0.9655       217
2026-08-22 11:31:32 - INFO - vulnerable (1)     0.9706    0.9665    0.9686       239
2026-08-22 11:31:32 - INFO - 
2026-08-22 11:31:32 - INFO -       accuracy                         0.9671       456
2026-08-22 11:31:32 - INFO -      macro avg     0.9669    0.9671    0.9670       456
2026-08-22 11:31:32 - INFO -   weighted avg     0.9671    0.9671    0.9671       456
2026-08-22 11:31:32 - INFO - Confusion matrix - [[tn=210, fp=7], [fn=8, tp=231]]
2026-08-22 11:31:32 - INFO - probability_positive min=0.0022 mean=0.5254 std=0.4731 max=0.9975 predicted_0=218 predicted_1=238
2026-08-22 11:31:32 - INFO - [Classification Report - split=validation epoch=9 - threshold=0.50]
2026-08-22 11:31:32 - INFO -                 precision    recall  f1-score   support
2026-08-22 11:31:32 - INFO - 
2026-08-22 11:31:32 - INFO -       safe (0)     0.8987    0.8554    0.8765        83
2026-08-22 11:31:32 - INFO - vulnerable (1)     0.8356    0.8841    0.8592        69
2026-08-22 11:31:32 - INFO - 
2026-08-22 11:31:32 - INFO -       accuracy                         0.8684       152
2026-08-22 11:31:32 - INFO -      macro avg     0.8672    0.8697    0.8678       152
2026-08-22 11:31:32 - INFO -   weighted avg     0.8701    0.8684    0.8686       152
2026-08-22 11:31:32 - INFO - Confusion matrix - [[tn=71, fp=12], [fn=8, tp=61]]
2026-08-22 11:31:32 - INFO - probability_positive min=0.0014 mean=0.4832 std=0.4829 max=0.9984 predicted_0=79 predicted_1=73
2026-08-22 11:31:51 - INFO - Epoch 10/30 | Train loss: 0.093315 | Val loss: 0.500391 | LR: 2.00e-05 | Best epoch: 8 | Patience: 2 | Train: 17.06s | Validation: 1.97s | Epoch: 19.03s | Total: 194.50s
2026-08-22 11:31:51 - INFO - RecAdam target-task weight at epoch end: 0.999996
2026-08-22 11:31:51 - INFO - [Classification Report - split=train epoch=10 - threshold=0.50]
2026-08-22 11:31:51 - INFO -                 precision    recall  f1-score   support
2026-08-22 11:31:51 - INFO - 
2026-08-22 11:31:51 - INFO -       safe (0)     0.9631    0.9631    0.9631       217
2026-08-22 11:31:51 - INFO - vulnerable (1)     0.9665    0.9665    0.9665       239
2026-08-22 11:31:51 - INFO - 
2026-08-22 11:31:51 - INFO -       accuracy                         0.9649       456
2026-08-22 11:31:51 - INFO -      macro avg     0.9648    0.9648    0.9648       456
2026-08-22 11:31:51 - INFO -   weighted avg     0.9649    0.9649    0.9649       456
2026-08-22 11:31:51 - INFO - Confusion matrix - [[tn=209, fp=8], [fn=8, tp=231]]
2026-08-22 11:31:51 - INFO - probability_positive min=0.0017 mean=0.5193 std=0.4783 max=0.9978 predicted_0=217 predicted_1=239
2026-08-22 11:31:51 - INFO - [Classification Report - split=validation epoch=10 - threshold=0.50]
2026-08-22 11:31:51 - INFO -                 precision    recall  f1-score   support
2026-08-22 11:31:51 - INFO - 
2026-08-22 11:31:51 - INFO -       safe (0)     0.8795    0.8795    0.8795        83
2026-08-22 11:31:51 - INFO - vulnerable (1)     0.8551    0.8551    0.8551        69
2026-08-22 11:31:51 - INFO - 
2026-08-22 11:31:51 - INFO -       accuracy                         0.8684       152
2026-08-22 11:31:51 - INFO -      macro avg     0.8673    0.8673    0.8673       152
2026-08-22 11:31:51 - INFO -   weighted avg     0.8684    0.8684    0.8684       152
2026-08-22 11:31:51 - INFO - Confusion matrix - [[tn=73, fp=10], [fn=10, tp=59]]
2026-08-22 11:31:51 - INFO - probability_positive min=0.0011 mean=0.4510 std=0.4808 max=0.9986 predicted_0=83 predicted_1=69
2026-08-22 11:32:11 - INFO - Epoch 11/30 | Train loss: 0.073628 | Val loss: 0.595432 | LR: 2.00e-05 | Best epoch: 11 | Patience: 0 | Train: 17.06s | Validation: 1.97s | Epoch: 19.69s | Total: 214.20s
2026-08-22 11:32:11 - INFO - RecAdam target-task weight at epoch end: 0.999999
2026-08-22 11:32:11 - INFO - [Classification Report - split=train epoch=11 - threshold=0.50]
2026-08-22 11:32:11 - INFO -                 precision    recall  f1-score   support
2026-08-22 11:32:11 - INFO - 
2026-08-22 11:32:11 - INFO -       safe (0)     0.9724    0.9724    0.9724       217
2026-08-22 11:32:11 - INFO - vulnerable (1)     0.9749    0.9749    0.9749       239
2026-08-22 11:32:11 - INFO - 
2026-08-22 11:32:11 - INFO -       accuracy                         0.9737       456
2026-08-22 11:32:11 - INFO -      macro avg     0.9736    0.9736    0.9736       456
2026-08-22 11:32:11 - INFO -   weighted avg     0.9737    0.9737    0.9737       456
2026-08-22 11:32:11 - INFO - Confusion matrix - [[tn=211, fp=6], [fn=6, tp=233]]
2026-08-22 11:32:11 - INFO - probability_positive min=0.0013 mean=0.5241 std=0.4824 max=0.9984 predicted_0=217 predicted_1=239
2026-08-22 11:32:11 - INFO - [Classification Report - split=validation epoch=11 - threshold=0.50]
2026-08-22 11:32:11 - INFO -                 precision    recall  f1-score   support
2026-08-22 11:32:11 - INFO - 
2026-08-22 11:32:11 - INFO -       safe (0)     0.9012    0.8795    0.8902        83
2026-08-22 11:32:11 - INFO - vulnerable (1)     0.8592    0.8841    0.8714        69
2026-08-22 11:32:11 - INFO - 
2026-08-22 11:32:11 - INFO -       accuracy                         0.8816       152
2026-08-22 11:32:11 - INFO -      macro avg     0.8802    0.8818    0.8808       152
2026-08-22 11:32:11 - INFO -   weighted avg     0.8821    0.8816    0.8817       152
2026-08-22 11:32:11 - INFO - Confusion matrix - [[tn=73, fp=10], [fn=8, tp=61]]
2026-08-22 11:32:11 - INFO - probability_positive min=0.0009 mean=0.4684 std=0.4882 max=0.9991 predicted_0=81 predicted_1=71
2026-08-22 11:32:11 - INFO - New best model | Macro-F1: 0.880836 | Epoch: 11
2026-08-22 11:32:30 - INFO - Epoch 12/30 | Train loss: 0.055665 | Val loss: 0.662096 | LR: 2.00e-05 | Best epoch: 11 | Patience: 1 | Train: 17.06s | Validation: 1.97s | Epoch: 19.04s | Total: 233.26s
2026-08-22 11:32:30 - INFO - RecAdam target-task weight at epoch end: 1.000000
2026-08-22 11:32:30 - INFO - [Classification Report - split=train epoch=12 - threshold=0.50]
2026-08-22 11:32:30 - INFO -                 precision    recall  f1-score   support
2026-08-22 11:32:30 - INFO - 
2026-08-22 11:32:30 - INFO -       safe (0)     0.9859    0.9677    0.9767       217
2026-08-22 11:32:30 - INFO - vulnerable (1)     0.9712    0.9874    0.9793       239
2026-08-22 11:32:30 - INFO - 
2026-08-22 11:32:30 - INFO -       accuracy                         0.9781       456
2026-08-22 11:32:30 - INFO -      macro avg     0.9786    0.9776    0.9780       456
2026-08-22 11:32:30 - INFO -   weighted avg     0.9782    0.9781    0.9781       456
2026-08-22 11:32:30 - INFO - Confusion matrix - [[tn=210, fp=7], [fn=3, tp=236]]
2026-08-22 11:32:30 - INFO - probability_positive min=0.0011 mean=0.5280 std=0.4873 max=0.9988 predicted_0=213 predicted_1=243
2026-08-22 11:32:30 - INFO - [Classification Report - split=validation epoch=12 - threshold=0.50]
2026-08-22 11:32:30 - INFO -                 precision    recall  f1-score   support
2026-08-22 11:32:30 - INFO - 
2026-08-22 11:32:30 - INFO -       safe (0)     0.9103    0.8554    0.8820        83
2026-08-22 11:32:30 - INFO - vulnerable (1)     0.8378    0.8986    0.8671        69
2026-08-22 11:32:30 - INFO - 
2026-08-22 11:32:30 - INFO -       accuracy                         0.8750       152
2026-08-22 11:32:30 - INFO -      macro avg     0.8740    0.8770    0.8746       152
2026-08-22 11:32:30 - INFO -   weighted avg     0.8774    0.8750    0.8752       152
2026-08-22 11:32:30 - INFO - Confusion matrix - [[tn=71, fp=12], [fn=7, tp=62]]
2026-08-22 11:32:30 - INFO - probability_positive min=0.0008 mean=0.4888 std=0.4928 max=0.9992 predicted_0=78 predicted_1=74
2026-08-22 11:32:49 - INFO - Epoch 13/30 | Train loss: 0.050667 | Val loss: 0.782136 | LR: 2.00e-05 | Best epoch: 11 | Patience: 2 | Train: 17.07s | Validation: 1.97s | Epoch: 19.04s | Total: 252.31s
2026-08-22 11:32:49 - INFO - RecAdam target-task weight at epoch end: 1.000000
2026-08-22 11:32:49 - INFO - [Classification Report - split=train epoch=13 - threshold=0.50]
2026-08-22 11:32:49 - INFO -                 precision    recall  f1-score   support
2026-08-22 11:32:49 - INFO - 
2026-08-22 11:32:49 - INFO -       safe (0)     0.9816    0.9816    0.9816       217
2026-08-22 11:32:49 - INFO - vulnerable (1)     0.9833    0.9833    0.9833       239
2026-08-22 11:32:49 - INFO - 
2026-08-22 11:32:49 - INFO -       accuracy                         0.9825       456
2026-08-22 11:32:49 - INFO -      macro avg     0.9824    0.9824    0.9824       456
2026-08-22 11:32:49 - INFO -   weighted avg     0.9825    0.9825    0.9825       456
2026-08-22 11:32:49 - INFO - Confusion matrix - [[tn=213, fp=4], [fn=4, tp=235]]
2026-08-22 11:32:49 - INFO - probability_positive min=0.0010 mean=0.5227 std=0.4923 max=0.9989 predicted_0=217 predicted_1=239
2026-08-22 11:32:49 - INFO - [Classification Report - split=validation epoch=13 - threshold=0.50]
2026-08-22 11:32:49 - INFO -                 precision    recall  f1-score   support
2026-08-22 11:32:49 - INFO - 
2026-08-22 11:32:49 - INFO -       safe (0)     0.9054    0.8072    0.8535        83
2026-08-22 11:32:49 - INFO - vulnerable (1)     0.7949    0.8986    0.8435        69
2026-08-22 11:32:49 - INFO - 
2026-08-22 11:32:49 - INFO -       accuracy                         0.8487       152
2026-08-22 11:32:49 - INFO -      macro avg     0.8501    0.8529    0.8485       152
2026-08-22 11:32:49 - INFO -   weighted avg     0.8552    0.8487    0.8490       152
2026-08-22 11:32:49 - INFO - Confusion matrix - [[tn=67, fp=16], [fn=7, tp=62]]
2026-08-22 11:32:49 - INFO - probability_positive min=0.0007 mean=0.5055 std=0.4896 max=0.9994 predicted_0=74 predicted_1=78
2026-08-22 11:33:08 - INFO - Epoch 14/30 | Train loss: 0.019935 | Val loss: 0.836225 | LR: 2.00e-05 | Best epoch: 11 | Patience: 3 | Train: 17.06s | Validation: 1.97s | Epoch: 19.03s | Total: 271.36s
2026-08-22 11:33:08 - INFO - RecAdam target-task weight at epoch end: 1.000000
2026-08-22 11:33:08 - INFO - [Classification Report - split=train epoch=14 - threshold=0.50]
2026-08-22 11:33:08 - INFO -                 precision    recall  f1-score   support
2026-08-22 11:33:08 - INFO - 
2026-08-22 11:33:08 - INFO -       safe (0)     0.9954    0.9954    0.9954       217
2026-08-22 11:33:08 - INFO - vulnerable (1)     0.9958    0.9958    0.9958       239
2026-08-22 11:33:08 - INFO - 
2026-08-22 11:33:08 - INFO -       accuracy                         0.9956       456
2026-08-22 11:33:08 - INFO -      macro avg     0.9956    0.9956    0.9956       456
2026-08-22 11:33:08 - INFO -   weighted avg     0.9956    0.9956    0.9956       456
2026-08-22 11:33:08 - INFO - Confusion matrix - [[tn=216, fp=1], [fn=1, tp=238]]
2026-08-22 11:33:08 - INFO - probability_positive min=0.0009 mean=0.5243 std=0.4942 max=0.9991 predicted_0=217 predicted_1=239
2026-08-22 11:33:08 - INFO - [Classification Report - split=validation epoch=14 - threshold=0.50]
2026-08-22 11:33:08 - INFO -                 precision    recall  f1-score   support
2026-08-22 11:33:08 - INFO - 
2026-08-22 11:33:08 - INFO -       safe (0)     0.9054    0.8072    0.8535        83
2026-08-22 11:33:08 - INFO - vulnerable (1)     0.7949    0.8986    0.8435        69
2026-08-22 11:33:08 - INFO - 
2026-08-22 11:33:08 - INFO -       accuracy                         0.8487       152
2026-08-22 11:33:08 - INFO -      macro avg     0.8501    0.8529    0.8485       152
2026-08-22 11:33:08 - INFO -   weighted avg     0.8552    0.8487    0.8490       152
2026-08-22 11:33:08 - INFO - Confusion matrix - [[tn=67, fp=16], [fn=7, tp=62]]
2026-08-22 11:33:08 - INFO - probability_positive min=0.0006 mean=0.5097 std=0.4936 max=0.9995 predicted_0=74 predicted_1=78
2026-08-22 11:33:28 - INFO - Epoch 15/30 | Train loss: 0.014407 | Val loss: 0.740375 | LR: 2.00e-05 | Best epoch: 15 | Patience: 0 | Train: 17.06s | Validation: 1.97s | Epoch: 19.68s | Total: 291.05s
2026-08-22 11:33:28 - INFO - RecAdam target-task weight at epoch end: 1.000000
2026-08-22 11:33:28 - INFO - [Classification Report - split=train epoch=15 - threshold=0.50]
2026-08-22 11:33:28 - INFO -                 precision    recall  f1-score   support
2026-08-22 11:33:28 - INFO - 
2026-08-22 11:33:28 - INFO -       safe (0)     0.9954    0.9954    0.9954       217
2026-08-22 11:33:28 - INFO - vulnerable (1)     0.9958    0.9958    0.9958       239
2026-08-22 11:33:28 - INFO - 
2026-08-22 11:33:28 - INFO -       accuracy                         0.9956       456
2026-08-22 11:33:28 - INFO -      macro avg     0.9956    0.9956    0.9956       456
2026-08-22 11:33:28 - INFO -   weighted avg     0.9956    0.9956    0.9956       456
2026-08-22 11:33:28 - INFO - Confusion matrix - [[tn=216, fp=1], [fn=1, tp=238]]
2026-08-22 11:33:28 - INFO - probability_positive min=0.0008 mean=0.5226 std=0.4954 max=0.9992 predicted_0=217 predicted_1=239
2026-08-22 11:33:28 - INFO - [Classification Report - split=validation epoch=15 - threshold=0.50]
2026-08-22 11:33:28 - INFO -                 precision    recall  f1-score   support
2026-08-22 11:33:28 - INFO - 
2026-08-22 11:33:28 - INFO -       safe (0)     0.9114    0.8675    0.8889        83
2026-08-22 11:33:28 - INFO - vulnerable (1)     0.8493    0.8986    0.8732        69
2026-08-22 11:33:28 - INFO - 
2026-08-22 11:33:28 - INFO -       accuracy                         0.8816       152
2026-08-22 11:33:28 - INFO -      macro avg     0.8804    0.8830    0.8811       152
2026-08-22 11:33:28 - INFO -   weighted avg     0.8832    0.8816    0.8818       152
2026-08-22 11:33:28 - INFO - Confusion matrix - [[tn=72, fp=11], [fn=7, tp=62]]
2026-08-22 11:33:28 - INFO - probability_positive min=0.0005 mean=0.4838 std=0.4927 max=0.9995 predicted_0=79 predicted_1=73
2026-08-22 11:33:28 - INFO - New best model | Macro-F1: 0.881064 | Epoch: 15
2026-08-22 11:33:47 - INFO - Epoch 16/30 | Train loss: 0.016757 | Val loss: 0.752155 | LR: 2.00e-05 | Best epoch: 15 | Patience: 1 | Train: 17.06s | Validation: 1.97s | Epoch: 19.03s | Total: 310.12s
2026-08-22 11:33:47 - INFO - RecAdam target-task weight at epoch end: 1.000000
2026-08-22 11:33:47 - INFO - [Classification Report - split=train epoch=16 - threshold=0.50]
2026-08-22 11:33:47 - INFO -                 precision    recall  f1-score   support
2026-08-22 11:33:47 - INFO - 
2026-08-22 11:33:47 - INFO -       safe (0)     0.9954    0.9954    0.9954       217
2026-08-22 11:33:47 - INFO - vulnerable (1)     0.9958    0.9958    0.9958       239
2026-08-22 11:33:47 - INFO - 
2026-08-22 11:33:47 - INFO -       accuracy                         0.9956       456
2026-08-22 11:33:47 - INFO -      macro avg     0.9956    0.9956    0.9956       456
2026-08-22 11:33:47 - INFO -   weighted avg     0.9956    0.9956    0.9956       456
2026-08-22 11:33:47 - INFO - Confusion matrix - [[tn=216, fp=1], [fn=1, tp=238]]
2026-08-22 11:33:47 - INFO - probability_positive min=0.0007 mean=0.5244 std=0.4954 max=0.9993 predicted_0=217 predicted_1=239
2026-08-22 11:33:47 - INFO - [Classification Report - split=validation epoch=16 - threshold=0.50]
2026-08-22 11:33:47 - INFO -                 precision    recall  f1-score   support
2026-08-22 11:33:47 - INFO - 
2026-08-22 11:33:47 - INFO -       safe (0)     0.8902    0.8795    0.8848        83
2026-08-22 11:33:47 - INFO - vulnerable (1)     0.8571    0.8696    0.8633        69
2026-08-22 11:33:47 - INFO - 
2026-08-22 11:33:47 - INFO -       accuracy                         0.8750       152
2026-08-22 11:33:47 - INFO -      macro avg     0.8737    0.8745    0.8741       152
2026-08-22 11:33:47 - INFO -   weighted avg     0.8752    0.8750    0.8751       152
2026-08-22 11:33:47 - INFO - Confusion matrix - [[tn=73, fp=10], [fn=9, tp=60]]
2026-08-22 11:33:47 - INFO - probability_positive min=0.0005 mean=0.4630 std=0.4918 max=0.9996 predicted_0=82 predicted_1=70
2026-08-22 11:34:06 - INFO - Epoch 17/30 | Train loss: 0.019263 | Val loss: 0.757999 | LR: 2.00e-05 | Best epoch: 15 | Patience: 2 | Train: 17.05s | Validation: 1.97s | Epoch: 19.02s | Total: 329.15s
2026-08-22 11:34:06 - INFO - RecAdam target-task weight at epoch end: 1.000000
2026-08-22 11:34:06 - INFO - [Classification Report - split=train epoch=17 - threshold=0.50]
2026-08-22 11:34:06 - INFO -                 precision    recall  f1-score   support
2026-08-22 11:34:06 - INFO - 
2026-08-22 11:34:06 - INFO -       safe (0)     0.9954    0.9954    0.9954       217
2026-08-22 11:34:06 - INFO - vulnerable (1)     0.9958    0.9958    0.9958       239
2026-08-22 11:34:06 - INFO - 
2026-08-22 11:34:06 - INFO -       accuracy                         0.9956       456
2026-08-22 11:34:06 - INFO -      macro avg     0.9956    0.9956    0.9956       456
2026-08-22 11:34:06 - INFO -   weighted avg     0.9956    0.9956    0.9956       456
2026-08-22 11:34:06 - INFO - Confusion matrix - [[tn=216, fp=1], [fn=1, tp=238]]
2026-08-22 11:34:06 - INFO - probability_positive min=0.0005 mean=0.5253 std=0.4962 max=0.9994 predicted_0=217 predicted_1=239
2026-08-22 11:34:06 - INFO - [Classification Report - split=validation epoch=17 - threshold=0.50]
2026-08-22 11:34:06 - INFO -                 precision    recall  f1-score   support
2026-08-22 11:34:06 - INFO - 
2026-08-22 11:34:06 - INFO -       safe (0)     0.9012    0.8795    0.8902        83
2026-08-22 11:34:06 - INFO - vulnerable (1)     0.8592    0.8841    0.8714        69
2026-08-22 11:34:06 - INFO - 
2026-08-22 11:34:06 - INFO -       accuracy                         0.8816       152
2026-08-22 11:34:06 - INFO -      macro avg     0.8802    0.8818    0.8808       152
2026-08-22 11:34:06 - INFO -   weighted avg     0.8821    0.8816    0.8817       152
2026-08-22 11:34:06 - INFO - Confusion matrix - [[tn=73, fp=10], [fn=8, tp=61]]
2026-08-22 11:34:06 - INFO - probability_positive min=0.0004 mean=0.4729 std=0.4925 max=0.9996 predicted_0=81 predicted_1=71
2026-08-22 11:34:25 - INFO - Epoch 18/30 | Train loss: 0.011212 | Val loss: 0.962889 | LR: 2.00e-05 | Best epoch: 15 | Patience: 3 | Train: 17.05s | Validation: 1.97s | Epoch: 19.02s | Total: 348.19s
2026-08-22 11:34:25 - INFO - RecAdam target-task weight at epoch end: 1.000000
2026-08-22 11:34:25 - INFO - [Classification Report - split=train epoch=18 - threshold=0.50]
2026-08-22 11:34:25 - INFO -                 precision    recall  f1-score   support
2026-08-22 11:34:25 - INFO - 
2026-08-22 11:34:25 - INFO -       safe (0)     1.0000    0.9954    0.9977       217
2026-08-22 11:34:25 - INFO - vulnerable (1)     0.9958    1.0000    0.9979       239
2026-08-22 11:34:25 - INFO - 
2026-08-22 11:34:25 - INFO -       accuracy                         0.9978       456
2026-08-22 11:34:25 - INFO -      macro avg     0.9979    0.9977    0.9978       456
2026-08-22 11:34:25 - INFO -   weighted avg     0.9978    0.9978    0.9978       456
2026-08-22 11:34:25 - INFO - Confusion matrix - [[tn=216, fp=1], [fn=0, tp=239]]
2026-08-22 11:34:25 - INFO - probability_positive min=0.0006 mean=0.5245 std=0.4960 max=0.9995 predicted_0=216 predicted_1=240
2026-08-22 11:34:25 - INFO - [Classification Report - split=validation epoch=18 - threshold=0.50]
2026-08-22 11:34:25 - INFO -                 precision    recall  f1-score   support
2026-08-22 11:34:25 - INFO - 
2026-08-22 11:34:25 - INFO -       safe (0)     0.9054    0.8072    0.8535        83
2026-08-22 11:34:25 - INFO - vulnerable (1)     0.7949    0.8986    0.8435        69
2026-08-22 11:34:25 - INFO - 
2026-08-22 11:34:25 - INFO -       accuracy                         0.8487       152
2026-08-22 11:34:25 - INFO -      macro avg     0.8501    0.8529    0.8485       152
2026-08-22 11:34:25 - INFO -   weighted avg     0.8552    0.8487    0.8490       152
2026-08-22 11:34:25 - INFO - Confusion matrix - [[tn=67, fp=16], [fn=7, tp=62]]
2026-08-22 11:34:25 - INFO - probability_positive min=0.0004 mean=0.5127 std=0.4958 max=0.9997 predicted_0=74 predicted_1=78
2026-08-22 11:34:44 - INFO - Epoch 19/30 | Train loss: 0.016925 | Val loss: 0.820881 | LR: 2.00e-05 | Best epoch: 15 | Patience: 4 | Train: 17.05s | Validation: 1.97s | Epoch: 19.02s | Total: 367.22s
2026-08-22 11:34:44 - INFO - RecAdam target-task weight at epoch end: 1.000000
2026-08-22 11:34:44 - INFO - [Classification Report - split=train epoch=19 - threshold=0.50]
2026-08-22 11:34:44 - INFO -                 precision    recall  f1-score   support
2026-08-22 11:34:44 - INFO - 
2026-08-22 11:34:44 - INFO -       safe (0)     0.9954    0.9908    0.9931       217
2026-08-22 11:34:44 - INFO - vulnerable (1)     0.9917    0.9958    0.9937       239
2026-08-22 11:34:44 - INFO - 
2026-08-22 11:34:44 - INFO -       accuracy                         0.9934       456
2026-08-22 11:34:44 - INFO -      macro avg     0.9935    0.9933    0.9934       456
2026-08-22 11:34:44 - INFO -   weighted avg     0.9934    0.9934    0.9934       456
2026-08-22 11:34:44 - INFO - Confusion matrix - [[tn=215, fp=2], [fn=1, tp=238]]
2026-08-22 11:34:44 - INFO - probability_positive min=0.0005 mean=0.5254 std=0.4958 max=0.9995 predicted_0=216 predicted_1=240
2026-08-22 11:34:44 - INFO - [Classification Report - split=validation epoch=19 - threshold=0.50]
2026-08-22 11:34:44 - INFO -                 precision    recall  f1-score   support
2026-08-22 11:34:44 - INFO - 
2026-08-22 11:34:44 - INFO -       safe (0)     0.8987    0.8554    0.8765        83
2026-08-22 11:34:44 - INFO - vulnerable (1)     0.8356    0.8841    0.8592        69
2026-08-22 11:34:44 - INFO - 
2026-08-22 11:34:44 - INFO -       accuracy                         0.8684       152
2026-08-22 11:34:44 - INFO -      macro avg     0.8672    0.8697    0.8678       152
2026-08-22 11:34:44 - INFO -   weighted avg     0.8701    0.8684    0.8686       152
2026-08-22 11:34:44 - INFO - Confusion matrix - [[tn=71, fp=12], [fn=8, tp=61]]
2026-08-22 11:34:44 - INFO - probability_positive min=0.0003 mean=0.4831 std=0.4948 max=0.9997 predicted_0=79 predicted_1=73
2026-08-22 11:35:03 - INFO - Epoch 20/30 | Train loss: 0.020792 | Val loss: 1.033941 | LR: 2.00e-05 | Best epoch: 15 | Patience: 5 | Train: 17.05s | Validation: 1.97s | Epoch: 19.02s | Total: 386.25s
2026-08-22 11:35:03 - INFO - RecAdam target-task weight at epoch end: 1.000000
2026-08-22 11:35:03 - INFO - [Classification Report - split=train epoch=20 - threshold=0.50]
2026-08-22 11:35:03 - INFO -                 precision    recall  f1-score   support
2026-08-22 11:35:03 - INFO - 
2026-08-22 11:35:03 - INFO -       safe (0)     0.9954    0.9954    0.9954       217
2026-08-22 11:35:03 - INFO - vulnerable (1)     0.9958    0.9958    0.9958       239
2026-08-22 11:35:03 - INFO - 
2026-08-22 11:35:03 - INFO -       accuracy                         0.9956       456
2026-08-22 11:35:03 - INFO -      macro avg     0.9956    0.9956    0.9956       456
2026-08-22 11:35:03 - INFO -   weighted avg     0.9956    0.9956    0.9956       456
2026-08-22 11:35:03 - INFO - Confusion matrix - [[tn=216, fp=1], [fn=1, tp=238]]
2026-08-22 11:35:03 - INFO - probability_positive min=0.0005 mean=0.5224 std=0.4970 max=0.9995 predicted_0=217 predicted_1=239
2026-08-22 11:35:03 - INFO - [Classification Report - split=validation epoch=20 - threshold=0.50]
2026-08-22 11:35:03 - INFO -                 precision    recall  f1-score   support
2026-08-22 11:35:03 - INFO - 
2026-08-22 11:35:03 - INFO -       safe (0)     0.9054    0.8072    0.8535        83
2026-08-22 11:35:03 - INFO - vulnerable (1)     0.7949    0.8986    0.8435        69
2026-08-22 11:35:03 - INFO - 
2026-08-22 11:35:03 - INFO -       accuracy                         0.8487       152
2026-08-22 11:35:03 - INFO -      macro avg     0.8501    0.8529    0.8485       152
2026-08-22 11:35:03 - INFO -   weighted avg     0.8552    0.8487    0.8490       152
2026-08-22 11:35:03 - INFO - Confusion matrix - [[tn=67, fp=16], [fn=7, tp=62]]
2026-08-22 11:35:03 - INFO - probability_positive min=0.0003 mean=0.5126 std=0.4960 max=0.9997 predicted_0=74 predicted_1=78
2026-08-22 11:35:03 - INFO - Early stopping | Epoch: 20 | Best epoch: 15
2026-08-22 11:35:03 - INFO - Best checkpoint saved | Path: model/fam2_codet5/transfer_latent_bottleneck/seed_42/fold3/best.pt | Epoch: 15 | Val macro_f1: 0.881064
2026-08-22 11:35:03 - INFO - Training finished | Elapsed: 386.26s
2026-08-22 11:35:03 - INFO - Run finished | Phase: phase2 | Fold: 3 | Seed: 42 | Elapsed: 389.51s
