2026-08-22 11:12:11 - INFO - Using device: cuda
2026-08-22 11:12:11 - INFO - Run started | Run: emb1_emb | Method: transfer_none | Phase: phase2 | Fold: 4 | Seed: 42 | Device: cuda
2026-08-22 11:12:11 - INFO - Loading Python training data: data/sven_python_folds_norm/fold4/train.jsonl
2026-08-22 11:12:11 - INFO - Loading Python validation data: data/sven_python_folds_norm/fold4/val.jsonl
2026-08-22 11:12:11 - INFO - Data split: python_train | Total: 456 | Labels: {0: 225, 1: 231} | CWEs: {'CWE-022': 42, 'CWE-078': 119, 'CWE-079': 53, 'CWE-089': 242} | Languages: {'python': 456} | Invalid CWE: 0
2026-08-22 11:12:11 - INFO - Data split: python_val | Total: 152 | Labels: {0: 72, 1: 80} | CWEs: {'CWE-022': 13, 'CWE-078': 44, 'CWE-079': 16, 'CWE-089': 79} | Languages: {'python': 152} | Invalid CWE: 0
2026-08-22 11:12:12 - INFO - Auxiliary head width taken from checkpoint: 4
2026-08-22 11:12:13 - INFO - Loaded source checkpoint: model/emb1_emb/transfer_none/seed_42/source/best.pt | Best epoch: 15 | Best Val Macro-F1: 0.711857
2026-08-22 11:12:13 - INFO - RecAdam schedule | Total steps: 870 | Steps/epoch: 29 | Anneal t0: 43 | Weights: {1: 0.10909682119561293, 29: 0.3318122278318339, 43: 0.5, 870: 1.0}
2026-08-22 11:12:13 - INFO - Environment: {"components": {"backbone": {"frozen": 0, "total": 109609344, "trainable": 109609344}, "vul_head": {"frozen": 0, "total": 1538, "trainable": 1538}}, "cuda": "12.8", "fold": 4, "frozen_parameters": 0, "gpu": "NVIDIA GeForce RTX 5070 Ti", "hyperparameters": {"anneal_fun": "sigmoid", "anneal_k": 0.05, "anneal_t0_ratio": 0.05, "anneal_w": 1.0, "aux_mode": "none", "batch_size": 16, "checkpoint_path": "model/emb1_emb/transfer_none/seed_42/fold4/best.pt", "cwe_vocab": "fixed4", "data_path": "data/train_ccpp_filtered.jsonl", "data_root": "data/sven_python_folds_norm", "epochs": 30, "eval_batch_size": 16, "fold": 4, "freeze_backbone_layers": 0, "freeze_prototypes_steps": 0, "lambda_cwe": 0.2, "latent_temperature": 0.1, "learning_rate": 2e-05, "lora_rank": 0, "lp_epochs": 0, "lp_learning_rate": 0.001, "max_eval_samples": null, "max_grad_norm": 1.0, "max_length": 512, "max_train_samples": null, "method_name": "transfer_none", "min_epochs": 3, "model_name": "Salesforce/codet5p-110m-embedding", "num_cwes": 4, "num_latent": 8, "num_workers": 0, "output_dir": "results/emb1_emb/transfer_none", "patience": 5, "phase": "phase2", "phase2_optimizer": "recadam", "pooling": "mean", "pretrain_cof": 5000.0, "recadam_anchor": "source", "result_path": "results/emb1_emb/transfer_none/seed_42/fold4.json", "run_name": "emb1_emb", "sam_rho": 0.0, "seed": 42, "selection_metric": "macro_f1", "source_checkpoint": "model/emb1_emb/transfer_none/seed_42/source/best.pt", "source_interpolation": 1.0, "strict_determinism": false, "target_lang": "python", "test_path": null, "train_path": null, "truncation_strategy": "head_middle_tail", "val_path": null, "weight_decay": 0.01}, "mode": "phase2_train", "model_name": "Salesforce/codet5p-110m-embedding", "seed": 42, "sklearn": "1.9.0", "torch": "2.11.0+cu128", "trainable_parameters": 109610882, "transformers": "4.57.1"}
2026-08-22 11:12:13 - INFO - Training started | Phase: phase2 | Epochs: 30
2026-08-22 11:12:14 - INFO - RecAdam first-step safety checks passed
2026-08-22 11:12:23 - INFO - Epoch 1/30 | Train loss: 0.988915 | Val loss: 0.916684 | LR: 2.00e-05 | Best epoch: 1 | Patience: 0 | Train: 8.61s | Validation: 0.96s | Epoch: 9.73s | Total: 9.73s
2026-08-22 11:12:23 - INFO - RecAdam target-task weight at epoch end: 0.331812
2026-08-22 11:12:23 - INFO - [Classification Report - split=train epoch=1 - threshold=0.50]
2026-08-22 11:12:23 - INFO -                 precision    recall  f1-score   support
2026-08-22 11:12:23 - INFO - 
2026-08-22 11:12:23 - INFO -       safe (0)     0.5617    0.4044    0.4703       225
2026-08-22 11:12:23 - INFO - vulnerable (1)     0.5442    0.6926    0.6095       231
2026-08-22 11:12:23 - INFO - 
2026-08-22 11:12:23 - INFO -       accuracy                         0.5504       456
2026-08-22 11:12:23 - INFO -      macro avg     0.5530    0.5485    0.5399       456
2026-08-22 11:12:23 - INFO -   weighted avg     0.5529    0.5504    0.5408       456
2026-08-22 11:12:23 - INFO - Confusion matrix - [[tn=91, fp=134], [fn=71, tp=160]]
2026-08-22 11:12:23 - INFO - probability_positive min=0.0026 mean=0.6322 std=0.2511 max=0.9964 predicted_0=162 predicted_1=294
2026-08-22 11:12:23 - INFO - [Classification Report - split=validation epoch=1 - threshold=0.50]
2026-08-22 11:12:23 - INFO -                 precision    recall  f1-score   support
2026-08-22 11:12:23 - INFO - 
2026-08-22 11:12:23 - INFO -       safe (0)     0.6029    0.5694    0.5857        72
2026-08-22 11:12:23 - INFO - vulnerable (1)     0.6310    0.6625    0.6463        80
2026-08-22 11:12:23 - INFO - 
2026-08-22 11:12:23 - INFO -       accuracy                         0.6184       152
2026-08-22 11:12:23 - INFO -      macro avg     0.6169    0.6160    0.6160       152
2026-08-22 11:12:23 - INFO -   weighted avg     0.6177    0.6184    0.6176       152
2026-08-22 11:12:23 - INFO - Confusion matrix - [[tn=41, fp=31], [fn=27, tp=53]]
2026-08-22 11:12:23 - INFO - probability_positive min=0.0054 mean=0.5834 std=0.2634 max=0.9957 predicted_0=68 predicted_1=84
2026-08-22 11:12:23 - INFO - New best model | Macro-F1: 0.616028 | Epoch: 1
2026-08-22 11:12:33 - INFO - Epoch 2/30 | Train loss: 0.729886 | Val loss: 0.719293 | LR: 2.00e-05 | Best epoch: 2 | Patience: 0 | Train: 8.40s | Validation: 0.95s | Epoch: 9.60s | Total: 19.33s
2026-08-22 11:12:33 - INFO - RecAdam target-task weight at epoch end: 0.679179
2026-08-22 11:12:33 - INFO - [Classification Report - split=train epoch=2 - threshold=0.50]
2026-08-22 11:12:33 - INFO -                 precision    recall  f1-score   support
2026-08-22 11:12:33 - INFO - 
2026-08-22 11:12:33 - INFO -       safe (0)     0.5212    0.6000    0.5579       225
2026-08-22 11:12:33 - INFO - vulnerable (1)     0.5431    0.4632    0.5000       231
2026-08-22 11:12:33 - INFO - 
2026-08-22 11:12:33 - INFO -       accuracy                         0.5307       456
2026-08-22 11:12:33 - INFO -      macro avg     0.5322    0.5316    0.5289       456
2026-08-22 11:12:33 - INFO -   weighted avg     0.5323    0.5307    0.5285       456
2026-08-22 11:12:33 - INFO - Confusion matrix - [[tn=135, fp=90], [fn=124, tp=107]]
2026-08-22 11:12:33 - INFO - probability_positive min=0.0029 mean=0.5165 std=0.1669 max=0.9864 predicted_0=259 predicted_1=197
2026-08-22 11:12:33 - INFO - [Classification Report - split=validation epoch=2 - threshold=0.50]
2026-08-22 11:12:33 - INFO -                 precision    recall  f1-score   support
2026-08-22 11:12:33 - INFO - 
2026-08-22 11:12:33 - INFO -       safe (0)     0.6000    0.6667    0.6316        72
2026-08-22 11:12:33 - INFO - vulnerable (1)     0.6667    0.6000    0.6316        80
2026-08-22 11:12:33 - INFO - 
2026-08-22 11:12:33 - INFO -       accuracy                         0.6316       152
2026-08-22 11:12:33 - INFO -      macro avg     0.6333    0.6333    0.6316       152
2026-08-22 11:12:33 - INFO -   weighted avg     0.6351    0.6316    0.6316       152
2026-08-22 11:12:33 - INFO - Confusion matrix - [[tn=48, fp=24], [fn=32, tp=48]]
2026-08-22 11:12:33 - INFO - probability_positive min=0.0090 mean=0.5097 std=0.1889 max=0.9833 predicted_0=80 predicted_1=72
2026-08-22 11:12:33 - INFO - New best model | Macro-F1: 0.631579 | Epoch: 2
2026-08-22 11:12:42 - INFO - Epoch 3/30 | Train loss: 0.658619 | Val loss: 0.663363 | LR: 2.00e-05 | Best epoch: 3 | Patience: 0 | Train: 8.40s | Validation: 0.96s | Epoch: 9.63s | Total: 28.99s
2026-08-22 11:12:42 - INFO - RecAdam target-task weight at epoch end: 0.900250
2026-08-22 11:12:42 - INFO - [Classification Report - split=train epoch=3 - threshold=0.50]
2026-08-22 11:12:42 - INFO -                 precision    recall  f1-score   support
2026-08-22 11:12:42 - INFO - 
2026-08-22 11:12:42 - INFO -       safe (0)     0.5749    0.7333    0.6445       225
2026-08-22 11:12:42 - INFO - vulnerable (1)     0.6450    0.4719    0.5450       231
2026-08-22 11:12:42 - INFO - 
2026-08-22 11:12:42 - INFO -       accuracy                         0.6009       456
2026-08-22 11:12:42 - INFO -      macro avg     0.6099    0.6026    0.5948       456
2026-08-22 11:12:42 - INFO -   weighted avg     0.6104    0.6009    0.5941       456
2026-08-22 11:12:42 - INFO - Confusion matrix - [[tn=165, fp=60], [fn=122, tp=109]]
2026-08-22 11:12:42 - INFO - probability_positive min=0.0030 mean=0.4812 std=0.1614 max=0.9856 predicted_0=287 predicted_1=169
2026-08-22 11:12:42 - INFO - [Classification Report - split=validation epoch=3 - threshold=0.50]
2026-08-22 11:12:42 - INFO -                 precision    recall  f1-score   support
2026-08-22 11:12:42 - INFO - 
2026-08-22 11:12:42 - INFO -       safe (0)     0.6964    0.5417    0.6094        72
2026-08-22 11:12:42 - INFO - vulnerable (1)     0.6562    0.7875    0.7159        80
2026-08-22 11:12:42 - INFO - 
2026-08-22 11:12:42 - INFO -       accuracy                         0.6711       152
2026-08-22 11:12:42 - INFO -      macro avg     0.6763    0.6646    0.6626       152
2026-08-22 11:12:42 - INFO -   weighted avg     0.6753    0.6711    0.6654       152
2026-08-22 11:12:42 - INFO - Confusion matrix - [[tn=39, fp=33], [fn=17, tp=63]]
2026-08-22 11:12:42 - INFO - probability_positive min=0.0080 mean=0.5613 std=0.2245 max=0.9924 predicted_0=56 predicted_1=96
2026-08-22 11:12:42 - INFO - New best model | Macro-F1: 0.662642 | Epoch: 3
2026-08-22 11:12:52 - INFO - Epoch 4/30 | Train loss: 0.546588 | Val loss: 0.650339 | LR: 2.00e-05 | Best epoch: 4 | Patience: 0 | Train: 8.39s | Validation: 0.95s | Epoch: 9.57s | Total: 38.57s
2026-08-22 11:12:52 - INFO - RecAdam target-task weight at epoch end: 0.974667
2026-08-22 11:12:52 - INFO - [Classification Report - split=train epoch=4 - threshold=0.50]
2026-08-22 11:12:52 - INFO -                 precision    recall  f1-score   support
2026-08-22 11:12:52 - INFO - 
2026-08-22 11:12:52 - INFO -       safe (0)     0.6995    0.6622    0.6804       225
2026-08-22 11:12:52 - INFO - vulnerable (1)     0.6872    0.7229    0.7046       231
2026-08-22 11:12:52 - INFO - 
2026-08-22 11:12:52 - INFO -       accuracy                         0.6930       456
2026-08-22 11:12:52 - INFO -      macro avg     0.6934    0.6926    0.6925       456
2026-08-22 11:12:52 - INFO -   weighted avg     0.6933    0.6930    0.6927       456
2026-08-22 11:12:52 - INFO - Confusion matrix - [[tn=149, fp=76], [fn=64, tp=167]]
2026-08-22 11:12:52 - INFO - probability_positive min=0.0033 mean=0.5088 std=0.2450 max=0.9931 predicted_0=213 predicted_1=243
2026-08-22 11:12:52 - INFO - [Classification Report - split=validation epoch=4 - threshold=0.50]
2026-08-22 11:12:52 - INFO -                 precision    recall  f1-score   support
2026-08-22 11:12:52 - INFO - 
2026-08-22 11:12:52 - INFO -       safe (0)     0.7246    0.6944    0.7092        72
2026-08-22 11:12:52 - INFO - vulnerable (1)     0.7349    0.7625    0.7485        80
2026-08-22 11:12:52 - INFO - 
2026-08-22 11:12:52 - INFO -       accuracy                         0.7303       152
2026-08-22 11:12:52 - INFO -      macro avg     0.7298    0.7285    0.7288       152
2026-08-22 11:12:52 - INFO -   weighted avg     0.7301    0.7303    0.7299       152
2026-08-22 11:12:52 - INFO - Confusion matrix - [[tn=50, fp=22], [fn=19, tp=61]]
2026-08-22 11:12:52 - INFO - probability_positive min=0.0023 mean=0.5520 std=0.3760 max=0.9970 predicted_0=69 predicted_1=83
2026-08-22 11:12:52 - INFO - New best model | Macro-F1: 0.728843 | Epoch: 4
2026-08-22 11:13:01 - INFO - Epoch 5/30 | Train loss: 0.386114 | Val loss: 0.627871 | LR: 2.00e-05 | Best epoch: 5 | Patience: 0 | Train: 8.39s | Validation: 0.95s | Epoch: 9.57s | Total: 48.16s
2026-08-22 11:13:01 - INFO - RecAdam target-task weight at epoch end: 0.993940
2026-08-22 11:13:01 - INFO - [Classification Report - split=train epoch=5 - threshold=0.50]
2026-08-22 11:13:01 - INFO -                 precision    recall  f1-score   support
2026-08-22 11:13:01 - INFO - 
2026-08-22 11:13:01 - INFO -       safe (0)     0.8257    0.8000    0.8126       225
2026-08-22 11:13:01 - INFO - vulnerable (1)     0.8109    0.8355    0.8230       231
2026-08-22 11:13:01 - INFO - 
2026-08-22 11:13:01 - INFO -       accuracy                         0.8180       456
2026-08-22 11:13:01 - INFO -      macro avg     0.8183    0.8177    0.8178       456
2026-08-22 11:13:01 - INFO -   weighted avg     0.8182    0.8180    0.8179       456
2026-08-22 11:13:01 - INFO - Confusion matrix - [[tn=180, fp=45], [fn=38, tp=193]]
2026-08-22 11:13:01 - INFO - probability_positive min=0.0022 mean=0.5140 std=0.3732 max=0.9964 predicted_0=218 predicted_1=238
2026-08-22 11:13:01 - INFO - [Classification Report - split=validation epoch=5 - threshold=0.50]
2026-08-22 11:13:01 - INFO -                 precision    recall  f1-score   support
2026-08-22 11:13:01 - INFO - 
2026-08-22 11:13:01 - INFO -       safe (0)     0.7284    0.8194    0.7712        72
2026-08-22 11:13:01 - INFO - vulnerable (1)     0.8169    0.7250    0.7682        80
2026-08-22 11:13:01 - INFO - 
2026-08-22 11:13:01 - INFO -       accuracy                         0.7697       152
2026-08-22 11:13:01 - INFO -      macro avg     0.7726    0.7722    0.7697       152
2026-08-22 11:13:01 - INFO -   weighted avg     0.7750    0.7697    0.7696       152
2026-08-22 11:13:01 - INFO - Confusion matrix - [[tn=59, fp=13], [fn=22, tp=58]]
2026-08-22 11:13:01 - INFO - probability_positive min=0.0023 mean=0.4617 std=0.4107 max=0.9972 predicted_0=81 predicted_1=71
2026-08-22 11:13:01 - INFO - New best model | Macro-F1: 0.769727 | Epoch: 5
2026-08-22 11:13:11 - INFO - Epoch 6/30 | Train loss: 0.243141 | Val loss: 0.589525 | LR: 2.00e-05 | Best epoch: 6 | Patience: 0 | Train: 8.40s | Validation: 0.96s | Epoch: 9.57s | Total: 57.74s
2026-08-22 11:13:11 - INFO - RecAdam target-task weight at epoch end: 0.998572
2026-08-22 11:13:11 - INFO - [Classification Report - split=train epoch=6 - threshold=0.50]
2026-08-22 11:13:11 - INFO -                 precision    recall  f1-score   support
2026-08-22 11:13:11 - INFO - 
2026-08-22 11:13:11 - INFO -       safe (0)     0.8904    0.8667    0.8784       225
2026-08-22 11:13:11 - INFO - vulnerable (1)     0.8734    0.8961    0.8846       231
2026-08-22 11:13:11 - INFO - 
2026-08-22 11:13:11 - INFO -       accuracy                         0.8816       456
2026-08-22 11:13:11 - INFO -      macro avg     0.8819    0.8814    0.8815       456
2026-08-22 11:13:11 - INFO -   weighted avg     0.8818    0.8816    0.8815       456
2026-08-22 11:13:11 - INFO - Confusion matrix - [[tn=195, fp=30], [fn=24, tp=207]]
2026-08-22 11:13:11 - INFO - probability_positive min=0.0019 mean=0.4999 std=0.4149 max=0.9974 predicted_0=219 predicted_1=237
2026-08-22 11:13:11 - INFO - [Classification Report - split=validation epoch=6 - threshold=0.50]
2026-08-22 11:13:11 - INFO -                 precision    recall  f1-score   support
2026-08-22 11:13:11 - INFO - 
2026-08-22 11:13:11 - INFO -       safe (0)     0.7436    0.8056    0.7733        72
2026-08-22 11:13:11 - INFO - vulnerable (1)     0.8108    0.7500    0.7792        80
2026-08-22 11:13:11 - INFO - 
2026-08-22 11:13:11 - INFO -       accuracy                         0.7763       152
2026-08-22 11:13:11 - INFO -      macro avg     0.7772    0.7778    0.7763       152
2026-08-22 11:13:11 - INFO -   weighted avg     0.7790    0.7763    0.7764       152
2026-08-22 11:13:11 - INFO - Confusion matrix - [[tn=58, fp=14], [fn=20, tp=60]]
2026-08-22 11:13:11 - INFO - probability_positive min=0.0020 mean=0.4806 std=0.4095 max=0.9979 predicted_0=78 predicted_1=74
2026-08-22 11:13:11 - INFO - New best model | Macro-F1: 0.776277 | Epoch: 6
2026-08-22 11:13:20 - INFO - Epoch 7/30 | Train loss: 0.236672 | Val loss: 0.735334 | LR: 2.00e-05 | Best epoch: 6 | Patience: 1 | Train: 8.40s | Validation: 0.96s | Epoch: 9.35s | Total: 67.11s
2026-08-22 11:13:20 - INFO - RecAdam target-task weight at epoch end: 0.999665
2026-08-22 11:13:20 - INFO - [Classification Report - split=train epoch=7 - threshold=0.50]
2026-08-22 11:13:20 - INFO -                 precision    recall  f1-score   support
2026-08-22 11:13:20 - INFO - 
2026-08-22 11:13:20 - INFO -       safe (0)     0.9567    0.8844    0.9192       225
2026-08-22 11:13:20 - INFO - vulnerable (1)     0.8952    0.9610    0.9269       231
2026-08-22 11:13:20 - INFO - 
2026-08-22 11:13:20 - INFO -       accuracy                         0.9232       456
2026-08-22 11:13:20 - INFO -      macro avg     0.9259    0.9227    0.9230       456
2026-08-22 11:13:20 - INFO -   weighted avg     0.9255    0.9232    0.9231       456
2026-08-22 11:13:20 - INFO - Confusion matrix - [[tn=199, fp=26], [fn=9, tp=222]]
2026-08-22 11:13:20 - INFO - probability_positive min=0.0011 mean=0.5300 std=0.4536 max=0.9986 predicted_0=208 predicted_1=248
2026-08-22 11:13:20 - INFO - [Classification Report - split=validation epoch=7 - threshold=0.50]
2026-08-22 11:13:20 - INFO -                 precision    recall  f1-score   support
2026-08-22 11:13:20 - INFO - 
2026-08-22 11:13:20 - INFO -       safe (0)     0.7500    0.7917    0.7703        72
2026-08-22 11:13:20 - INFO - vulnerable (1)     0.8026    0.7625    0.7821        80
2026-08-22 11:13:20 - INFO - 
2026-08-22 11:13:20 - INFO -       accuracy                         0.7763       152
2026-08-22 11:13:20 - INFO -      macro avg     0.7763    0.7771    0.7762       152
2026-08-22 11:13:20 - INFO -   weighted avg     0.7777    0.7763    0.7765       152
2026-08-22 11:13:20 - INFO - Confusion matrix - [[tn=57, fp=15], [fn=19, tp=61]]
2026-08-22 11:13:20 - INFO - probability_positive min=0.0013 mean=0.5025 std=0.4621 max=0.9985 predicted_0=76 predicted_1=76
2026-08-22 11:13:30 - INFO - Epoch 8/30 | Train loss: 0.136043 | Val loss: 0.783758 | LR: 2.00e-05 | Best epoch: 8 | Patience: 0 | Train: 8.40s | Validation: 0.96s | Epoch: 9.57s | Total: 76.69s
2026-08-22 11:13:30 - INFO - RecAdam target-task weight at epoch end: 0.999921
2026-08-22 11:13:30 - INFO - [Classification Report - split=train epoch=8 - threshold=0.50]
2026-08-22 11:13:30 - INFO -                 precision    recall  f1-score   support
2026-08-22 11:13:30 - INFO - 
2026-08-22 11:13:30 - INFO -       safe (0)     0.9579    0.9111    0.9339       225
2026-08-22 11:13:30 - INFO - vulnerable (1)     0.9174    0.9610    0.9387       231
2026-08-22 11:13:30 - INFO - 
2026-08-22 11:13:30 - INFO -       accuracy                         0.9364       456
2026-08-22 11:13:30 - INFO -      macro avg     0.9376    0.9361    0.9363       456
2026-08-22 11:13:30 - INFO -   weighted avg     0.9374    0.9364    0.9363       456
2026-08-22 11:13:30 - INFO - Confusion matrix - [[tn=205, fp=20], [fn=9, tp=222]]
2026-08-22 11:13:30 - INFO - probability_positive min=0.0012 mean=0.5149 std=0.4596 max=0.9979 predicted_0=214 predicted_1=242
2026-08-22 11:13:30 - INFO - [Classification Report - split=validation epoch=8 - threshold=0.50]
2026-08-22 11:13:30 - INFO -                 precision    recall  f1-score   support
2026-08-22 11:13:30 - INFO - 
2026-08-22 11:13:30 - INFO -       safe (0)     0.7407    0.8333    0.7843        72
2026-08-22 11:13:30 - INFO - vulnerable (1)     0.8310    0.7375    0.7815        80
2026-08-22 11:13:30 - INFO - 
2026-08-22 11:13:30 - INFO -       accuracy                         0.7829       152
2026-08-22 11:13:30 - INFO -      macro avg     0.7859    0.7854    0.7829       152
2026-08-22 11:13:30 - INFO -   weighted avg     0.7882    0.7829    0.7828       152
2026-08-22 11:13:30 - INFO - Confusion matrix - [[tn=60, fp=12], [fn=21, tp=59]]
2026-08-22 11:13:30 - INFO - probability_positive min=0.0011 mean=0.4568 std=0.4668 max=0.9986 predicted_0=81 predicted_1=71
2026-08-22 11:13:30 - INFO - New best model | Macro-F1: 0.782885 | Epoch: 8
2026-08-22 11:13:39 - INFO - Epoch 9/30 | Train loss: 0.140182 | Val loss: 0.892356 | LR: 2.00e-05 | Best epoch: 8 | Patience: 1 | Train: 8.40s | Validation: 0.95s | Epoch: 9.35s | Total: 86.05s
2026-08-22 11:13:39 - INFO - RecAdam target-task weight at epoch end: 0.999982
2026-08-22 11:13:39 - INFO - [Classification Report - split=train epoch=9 - threshold=0.50]
2026-08-22 11:13:39 - INFO -                 precision    recall  f1-score   support
2026-08-22 11:13:39 - INFO - 
2026-08-22 11:13:39 - INFO -       safe (0)     0.9535    0.9111    0.9318       225
2026-08-22 11:13:39 - INFO - vulnerable (1)     0.9170    0.9567    0.9364       231
2026-08-22 11:13:39 - INFO - 
2026-08-22 11:13:39 - INFO -       accuracy                         0.9342       456
2026-08-22 11:13:39 - INFO -      macro avg     0.9353    0.9339    0.9341       456
2026-08-22 11:13:39 - INFO -   weighted avg     0.9350    0.9342    0.9342       456
2026-08-22 11:13:39 - INFO - Confusion matrix - [[tn=205, fp=20], [fn=10, tp=221]]
2026-08-22 11:13:39 - INFO - probability_positive min=0.0011 mean=0.5129 std=0.4706 max=0.9985 predicted_0=215 predicted_1=241
2026-08-22 11:13:39 - INFO - [Classification Report - split=validation epoch=9 - threshold=0.50]
2026-08-22 11:13:39 - INFO -                 precision    recall  f1-score   support
2026-08-22 11:13:39 - INFO - 
2026-08-22 11:13:39 - INFO -       safe (0)     0.7294    0.8611    0.7898        72
2026-08-22 11:13:39 - INFO - vulnerable (1)     0.8507    0.7125    0.7755        80
2026-08-22 11:13:39 - INFO - 
2026-08-22 11:13:39 - INFO -       accuracy                         0.7829       152
2026-08-22 11:13:39 - INFO -      macro avg     0.7901    0.7868    0.7827       152
2026-08-22 11:13:39 - INFO -   weighted avg     0.7933    0.7829    0.7823       152
2026-08-22 11:13:39 - INFO - Confusion matrix - [[tn=62, fp=10], [fn=23, tp=57]]
2026-08-22 11:13:39 - INFO - probability_positive min=0.0010 mean=0.4348 std=0.4694 max=0.9987 predicted_0=85 predicted_1=67
2026-08-22 11:13:49 - INFO - Epoch 10/30 | Train loss: 0.134289 | Val loss: 0.745737 | LR: 2.00e-05 | Best epoch: 10 | Patience: 0 | Train: 8.39s | Validation: 0.95s | Epoch: 9.57s | Total: 95.63s
2026-08-22 11:13:49 - INFO - RecAdam target-task weight at epoch end: 0.999996
2026-08-22 11:13:49 - INFO - [Classification Report - split=train epoch=10 - threshold=0.50]
2026-08-22 11:13:49 - INFO -                 precision    recall  f1-score   support
2026-08-22 11:13:49 - INFO - 
2026-08-22 11:13:49 - INFO -       safe (0)     0.9591    0.9378    0.9483       225
2026-08-22 11:13:49 - INFO - vulnerable (1)     0.9407    0.9610    0.9507       231
2026-08-22 11:13:49 - INFO - 
2026-08-22 11:13:49 - INFO -       accuracy                         0.9496       456
2026-08-22 11:13:49 - INFO -      macro avg     0.9499    0.9494    0.9495       456
2026-08-22 11:13:49 - INFO -   weighted avg     0.9498    0.9496    0.9495       456
2026-08-22 11:13:49 - INFO - Confusion matrix - [[tn=211, fp=14], [fn=9, tp=222]]
2026-08-22 11:13:49 - INFO - probability_positive min=0.0011 mean=0.5039 std=0.4724 max=0.9986 predicted_0=220 predicted_1=236
2026-08-22 11:13:49 - INFO - [Classification Report - split=validation epoch=10 - threshold=0.50]
2026-08-22 11:13:49 - INFO -                 precision    recall  f1-score   support
2026-08-22 11:13:49 - INFO - 
2026-08-22 11:13:49 - INFO -       safe (0)     0.8108    0.8333    0.8219        72
2026-08-22 11:13:49 - INFO - vulnerable (1)     0.8462    0.8250    0.8354        80
2026-08-22 11:13:49 - INFO - 
2026-08-22 11:13:49 - INFO -       accuracy                         0.8289       152
2026-08-22 11:13:49 - INFO -      macro avg     0.8285    0.8292    0.8287       152
2026-08-22 11:13:49 - INFO -   weighted avg     0.8294    0.8289    0.8290       152
2026-08-22 11:13:49 - INFO - Confusion matrix - [[tn=60, fp=12], [fn=14, tp=66]]
2026-08-22 11:13:49 - INFO - probability_positive min=0.0009 mean=0.5043 std=0.4816 max=0.9990 predicted_0=74 predicted_1=78
2026-08-22 11:13:49 - INFO - New best model | Macro-F1: 0.828680 | Epoch: 10
2026-08-22 11:13:58 - INFO - Epoch 11/30 | Train loss: 0.076649 | Val loss: 0.889185 | LR: 2.00e-05 | Best epoch: 10 | Patience: 1 | Train: 8.40s | Validation: 0.96s | Epoch: 9.35s | Total: 104.99s
2026-08-22 11:13:58 - INFO - RecAdam target-task weight at epoch end: 0.999999
2026-08-22 11:13:58 - INFO - [Classification Report - split=train epoch=11 - threshold=0.50]
2026-08-22 11:13:58 - INFO -                 precision    recall  f1-score   support
2026-08-22 11:13:58 - INFO - 
2026-08-22 11:13:58 - INFO -       safe (0)     0.9777    0.9733    0.9755       225
2026-08-22 11:13:58 - INFO - vulnerable (1)     0.9741    0.9784    0.9762       231
2026-08-22 11:13:58 - INFO - 
2026-08-22 11:13:58 - INFO -       accuracy                         0.9759       456
2026-08-22 11:13:58 - INFO -      macro avg     0.9759    0.9758    0.9759       456
2026-08-22 11:13:58 - INFO -   weighted avg     0.9759    0.9759    0.9759       456
2026-08-22 11:13:58 - INFO - Confusion matrix - [[tn=219, fp=6], [fn=5, tp=226]]
2026-08-22 11:13:58 - INFO - probability_positive min=0.0008 mean=0.5073 std=0.4839 max=0.9987 predicted_0=224 predicted_1=232
2026-08-22 11:13:58 - INFO - [Classification Report - split=validation epoch=11 - threshold=0.50]
2026-08-22 11:13:58 - INFO -                 precision    recall  f1-score   support
2026-08-22 11:13:58 - INFO - 
2026-08-22 11:13:58 - INFO -       safe (0)     0.7973    0.8194    0.8082        72
2026-08-22 11:13:58 - INFO - vulnerable (1)     0.8333    0.8125    0.8228        80
2026-08-22 11:13:58 - INFO - 
2026-08-22 11:13:58 - INFO -       accuracy                         0.8158       152
2026-08-22 11:13:58 - INFO -      macro avg     0.8153    0.8160    0.8155       152
2026-08-22 11:13:58 - INFO -   weighted avg     0.8163    0.8158    0.8159       152
2026-08-22 11:13:58 - INFO - Confusion matrix - [[tn=59, fp=13], [fn=15, tp=65]]
2026-08-22 11:13:58 - INFO - probability_positive min=0.0008 mean=0.5130 std=0.4886 max=0.9991 predicted_0=74 predicted_1=78
2026-08-22 11:14:08 - INFO - Epoch 12/30 | Train loss: 0.063718 | Val loss: 0.835235 | LR: 2.00e-05 | Best epoch: 10 | Patience: 2 | Train: 8.40s | Validation: 0.95s | Epoch: 9.35s | Total: 114.35s
2026-08-22 11:14:08 - INFO - RecAdam target-task weight at epoch end: 1.000000
2026-08-22 11:14:08 - INFO - [Classification Report - split=train epoch=12 - threshold=0.50]
2026-08-22 11:14:08 - INFO -                 precision    recall  f1-score   support
2026-08-22 11:14:08 - INFO - 
2026-08-22 11:14:08 - INFO -       safe (0)     0.9736    0.9822    0.9779       225
2026-08-22 11:14:08 - INFO - vulnerable (1)     0.9825    0.9740    0.9783       231
2026-08-22 11:14:08 - INFO - 
2026-08-22 11:14:08 - INFO -       accuracy                         0.9781       456
2026-08-22 11:14:08 - INFO -      macro avg     0.9781    0.9781    0.9781       456
2026-08-22 11:14:08 - INFO -   weighted avg     0.9781    0.9781    0.9781       456
2026-08-22 11:14:08 - INFO - Confusion matrix - [[tn=221, fp=4], [fn=6, tp=225]]
2026-08-22 11:14:08 - INFO - probability_positive min=0.0008 mean=0.5024 std=0.4875 max=0.9988 predicted_0=227 predicted_1=229
2026-08-22 11:14:08 - INFO - [Classification Report - split=validation epoch=12 - threshold=0.50]
2026-08-22 11:14:08 - INFO -                 precision    recall  f1-score   support
2026-08-22 11:14:08 - INFO - 
2026-08-22 11:14:08 - INFO -       safe (0)     0.8082    0.8194    0.8138        72
2026-08-22 11:14:08 - INFO - vulnerable (1)     0.8354    0.8250    0.8302        80
2026-08-22 11:14:08 - INFO - 
2026-08-22 11:14:08 - INFO -       accuracy                         0.8224       152
2026-08-22 11:14:08 - INFO -      macro avg     0.8218    0.8222    0.8220       152
2026-08-22 11:14:08 - INFO -   weighted avg     0.8225    0.8224    0.8224       152
2026-08-22 11:14:08 - INFO - Confusion matrix - [[tn=59, fp=13], [fn=14, tp=66]]
2026-08-22 11:14:08 - INFO - probability_positive min=0.0007 mean=0.5165 std=0.4843 max=0.9992 predicted_0=73 predicted_1=79
2026-08-22 11:14:17 - INFO - Epoch 13/30 | Train loss: 0.049597 | Val loss: 0.892109 | LR: 2.00e-05 | Best epoch: 13 | Patience: 0 | Train: 8.39s | Validation: 0.96s | Epoch: 9.57s | Total: 123.93s
2026-08-22 11:14:17 - INFO - RecAdam target-task weight at epoch end: 1.000000
2026-08-22 11:14:17 - INFO - [Classification Report - split=train epoch=13 - threshold=0.50]
2026-08-22 11:14:17 - INFO -                 precision    recall  f1-score   support
2026-08-22 11:14:17 - INFO - 
2026-08-22 11:14:17 - INFO -       safe (0)     0.9954    0.9600    0.9774       225
2026-08-22 11:14:17 - INFO - vulnerable (1)     0.9623    0.9957    0.9787       231
2026-08-22 11:14:17 - INFO - 
2026-08-22 11:14:17 - INFO -       accuracy                         0.9781       456
2026-08-22 11:14:17 - INFO -      macro avg     0.9789    0.9778    0.9780       456
2026-08-22 11:14:17 - INFO -   weighted avg     0.9786    0.9781    0.9781       456
2026-08-22 11:14:17 - INFO - Confusion matrix - [[tn=216, fp=9], [fn=1, tp=230]]
2026-08-22 11:14:17 - INFO - probability_positive min=0.0008 mean=0.5187 std=0.4868 max=0.9992 predicted_0=217 predicted_1=239
2026-08-22 11:14:17 - INFO - [Classification Report - split=validation epoch=13 - threshold=0.50]
2026-08-22 11:14:17 - INFO -                 precision    recall  f1-score   support
2026-08-22 11:14:17 - INFO - 
2026-08-22 11:14:17 - INFO -       safe (0)     0.7927    0.9028    0.8442        72
2026-08-22 11:14:17 - INFO - vulnerable (1)     0.9000    0.7875    0.8400        80
2026-08-22 11:14:17 - INFO - 
2026-08-22 11:14:17 - INFO -       accuracy                         0.8421       152
2026-08-22 11:14:17 - INFO -      macro avg     0.8463    0.8451    0.8421       152
2026-08-22 11:14:17 - INFO -   weighted avg     0.8492    0.8421    0.8420       152
2026-08-22 11:14:17 - INFO - Confusion matrix - [[tn=65, fp=7], [fn=17, tp=63]]
2026-08-22 11:14:17 - INFO - probability_positive min=0.0006 mean=0.4669 std=0.4847 max=0.9993 predicted_0=82 predicted_1=70
2026-08-22 11:14:17 - INFO - New best model | Macro-F1: 0.842078 | Epoch: 13
2026-08-22 11:14:27 - INFO - Epoch 14/30 | Train loss: 0.046823 | Val loss: 0.811081 | LR: 2.00e-05 | Best epoch: 13 | Patience: 1 | Train: 8.40s | Validation: 0.96s | Epoch: 9.35s | Total: 133.29s
2026-08-22 11:14:27 - INFO - RecAdam target-task weight at epoch end: 1.000000
2026-08-22 11:14:27 - INFO - [Classification Report - split=train epoch=14 - threshold=0.50]
2026-08-22 11:14:27 - INFO -                 precision    recall  f1-score   support
2026-08-22 11:14:27 - INFO - 
2026-08-22 11:14:27 - INFO -       safe (0)     0.9867    0.9867    0.9867       225
2026-08-22 11:14:27 - INFO - vulnerable (1)     0.9870    0.9870    0.9870       231
2026-08-22 11:14:27 - INFO - 
2026-08-22 11:14:27 - INFO -       accuracy                         0.9868       456
2026-08-22 11:14:27 - INFO -      macro avg     0.9868    0.9868    0.9868       456
2026-08-22 11:14:27 - INFO -   weighted avg     0.9868    0.9868    0.9868       456
2026-08-22 11:14:27 - INFO - Confusion matrix - [[tn=222, fp=3], [fn=3, tp=228]]
2026-08-22 11:14:27 - INFO - probability_positive min=0.0006 mean=0.5028 std=0.4931 max=0.9991 predicted_0=225 predicted_1=231
2026-08-22 11:14:27 - INFO - [Classification Report - split=validation epoch=14 - threshold=0.50]
2026-08-22 11:14:27 - INFO -                 precision    recall  f1-score   support
2026-08-22 11:14:27 - INFO - 
2026-08-22 11:14:27 - INFO -       safe (0)     0.8133    0.8472    0.8299        72
2026-08-22 11:14:27 - INFO - vulnerable (1)     0.8571    0.8250    0.8408        80
2026-08-22 11:14:27 - INFO - 
2026-08-22 11:14:27 - INFO -       accuracy                         0.8355       152
2026-08-22 11:14:27 - INFO -      macro avg     0.8352    0.8361    0.8353       152
2026-08-22 11:14:27 - INFO -   weighted avg     0.8364    0.8355    0.8356       152
2026-08-22 11:14:27 - INFO - Confusion matrix - [[tn=61, fp=11], [fn=14, tp=66]]
2026-08-22 11:14:27 - INFO - probability_positive min=0.0006 mean=0.5029 std=0.4905 max=0.9994 predicted_0=75 predicted_1=77
2026-08-22 11:14:36 - INFO - Epoch 15/30 | Train loss: 0.027178 | Val loss: 1.114334 | LR: 2.00e-05 | Best epoch: 13 | Patience: 2 | Train: 8.39s | Validation: 0.96s | Epoch: 9.35s | Total: 142.65s
2026-08-22 11:14:36 - INFO - RecAdam target-task weight at epoch end: 1.000000
2026-08-22 11:14:36 - INFO - [Classification Report - split=train epoch=15 - threshold=0.50]
2026-08-22 11:14:36 - INFO -                 precision    recall  f1-score   support
2026-08-22 11:14:36 - INFO - 
2026-08-22 11:14:36 - INFO -       safe (0)     0.9955    0.9778    0.9865       225
2026-08-22 11:14:36 - INFO - vulnerable (1)     0.9787    0.9957    0.9871       231
2026-08-22 11:14:36 - INFO - 
2026-08-22 11:14:36 - INFO -       accuracy                         0.9868       456
2026-08-22 11:14:36 - INFO -      macro avg     0.9871    0.9867    0.9868       456
2026-08-22 11:14:36 - INFO -   weighted avg     0.9870    0.9868    0.9868       456
2026-08-22 11:14:36 - INFO - Confusion matrix - [[tn=220, fp=5], [fn=1, tp=230]]
2026-08-22 11:14:36 - INFO - probability_positive min=0.0007 mean=0.5113 std=0.4916 max=0.9992 predicted_0=221 predicted_1=235
2026-08-22 11:14:36 - INFO - [Classification Report - split=validation epoch=15 - threshold=0.50]
2026-08-22 11:14:36 - INFO -                 precision    recall  f1-score   support
2026-08-22 11:14:36 - INFO - 
2026-08-22 11:14:36 - INFO -       safe (0)     0.7386    0.9028    0.8125        72
2026-08-22 11:14:36 - INFO - vulnerable (1)     0.8906    0.7125    0.7917        80
2026-08-22 11:14:36 - INFO - 
2026-08-22 11:14:36 - INFO -       accuracy                         0.8026       152
2026-08-22 11:14:36 - INFO -      macro avg     0.8146    0.8076    0.8021       152
2026-08-22 11:14:36 - INFO -   weighted avg     0.8186    0.8026    0.8015       152
2026-08-22 11:14:36 - INFO - Confusion matrix - [[tn=65, fp=7], [fn=23, tp=57]]
2026-08-22 11:14:36 - INFO - probability_positive min=0.0005 mean=0.4247 std=0.4861 max=0.9994 predicted_0=88 predicted_1=64
2026-08-22 11:14:45 - INFO - Epoch 16/30 | Train loss: 0.031245 | Val loss: 0.969934 | LR: 2.00e-05 | Best epoch: 13 | Patience: 3 | Train: 8.40s | Validation: 0.95s | Epoch: 9.35s | Total: 152.01s
2026-08-22 11:14:45 - INFO - RecAdam target-task weight at epoch end: 1.000000
2026-08-22 11:14:45 - INFO - [Classification Report - split=train epoch=16 - threshold=0.50]
2026-08-22 11:14:45 - INFO -                 precision    recall  f1-score   support
2026-08-22 11:14:45 - INFO - 
2026-08-22 11:14:45 - INFO -       safe (0)     0.9867    0.9911    0.9889       225
2026-08-22 11:14:45 - INFO - vulnerable (1)     0.9913    0.9870    0.9892       231
2026-08-22 11:14:45 - INFO - 
2026-08-22 11:14:45 - INFO -       accuracy                         0.9890       456
2026-08-22 11:14:45 - INFO -      macro avg     0.9890    0.9891    0.9890       456
2026-08-22 11:14:45 - INFO -   weighted avg     0.9890    0.9890    0.9890       456
2026-08-22 11:14:45 - INFO - Confusion matrix - [[tn=223, fp=2], [fn=3, tp=228]]
2026-08-22 11:14:45 - INFO - probability_positive min=0.0005 mean=0.5032 std=0.4959 max=0.9994 predicted_0=226 predicted_1=230
2026-08-22 11:14:45 - INFO - [Classification Report - split=validation epoch=16 - threshold=0.50]
2026-08-22 11:14:45 - INFO -                 precision    recall  f1-score   support
2026-08-22 11:14:45 - INFO - 
2026-08-22 11:14:45 - INFO -       safe (0)     0.8286    0.8056    0.8169        72
2026-08-22 11:14:45 - INFO - vulnerable (1)     0.8293    0.8500    0.8395        80
2026-08-22 11:14:45 - INFO - 
2026-08-22 11:14:45 - INFO -       accuracy                         0.8289       152
2026-08-22 11:14:45 - INFO -      macro avg     0.8289    0.8278    0.8282       152
2026-08-22 11:14:45 - INFO -   weighted avg     0.8289    0.8289    0.8288       152
2026-08-22 11:14:45 - INFO - Confusion matrix - [[tn=58, fp=14], [fn=12, tp=68]]
2026-08-22 11:14:45 - INFO - probability_positive min=0.0005 mean=0.5361 std=0.4905 max=0.9995 predicted_0=70 predicted_1=82
2026-08-22 11:14:55 - INFO - Epoch 17/30 | Train loss: 0.041842 | Val loss: 0.935588 | LR: 2.00e-05 | Best epoch: 13 | Patience: 4 | Train: 8.40s | Validation: 0.96s | Epoch: 9.35s | Total: 161.37s
2026-08-22 11:14:55 - INFO - RecAdam target-task weight at epoch end: 1.000000
2026-08-22 11:14:55 - INFO - [Classification Report - split=train epoch=17 - threshold=0.50]
2026-08-22 11:14:55 - INFO -                 precision    recall  f1-score   support
2026-08-22 11:14:55 - INFO - 
2026-08-22 11:14:55 - INFO -       safe (0)     0.9868    0.9956    0.9912       225
2026-08-22 11:14:55 - INFO - vulnerable (1)     0.9956    0.9870    0.9913       231
2026-08-22 11:14:55 - INFO - 
2026-08-22 11:14:55 - INFO -       accuracy                         0.9912       456
2026-08-22 11:14:55 - INFO -      macro avg     0.9912    0.9913    0.9912       456
2026-08-22 11:14:55 - INFO -   weighted avg     0.9913    0.9912    0.9912       456
2026-08-22 11:14:55 - INFO - Confusion matrix - [[tn=224, fp=1], [fn=3, tp=228]]
2026-08-22 11:14:55 - INFO - probability_positive min=0.0005 mean=0.5023 std=0.4957 max=0.9994 predicted_0=227 predicted_1=229
2026-08-22 11:14:55 - INFO - [Classification Report - split=validation epoch=17 - threshold=0.50]
2026-08-22 11:14:55 - INFO -                 precision    recall  f1-score   support
2026-08-22 11:14:55 - INFO - 
2026-08-22 11:14:55 - INFO -       safe (0)     0.8194    0.8194    0.8194        72
2026-08-22 11:14:55 - INFO - vulnerable (1)     0.8375    0.8375    0.8375        80
2026-08-22 11:14:55 - INFO - 
2026-08-22 11:14:55 - INFO -       accuracy                         0.8289       152
2026-08-22 11:14:55 - INFO -      macro avg     0.8285    0.8285    0.8285       152
2026-08-22 11:14:55 - INFO -   weighted avg     0.8289    0.8289    0.8289       152
2026-08-22 11:14:55 - INFO - Confusion matrix - [[tn=59, fp=13], [fn=13, tp=67]]
2026-08-22 11:14:55 - INFO - probability_positive min=0.0004 mean=0.5234 std=0.4889 max=0.9995 predicted_0=72 predicted_1=80
2026-08-22 11:15:04 - INFO - Epoch 18/30 | Train loss: 0.029956 | Val loss: 0.949697 | LR: 2.00e-05 | Best epoch: 13 | Patience: 5 | Train: 8.40s | Validation: 0.96s | Epoch: 9.35s | Total: 170.73s
2026-08-22 11:15:04 - INFO - RecAdam target-task weight at epoch end: 1.000000
2026-08-22 11:15:04 - INFO - [Classification Report - split=train epoch=18 - threshold=0.50]
2026-08-22 11:15:04 - INFO -                 precision    recall  f1-score   support
2026-08-22 11:15:04 - INFO - 
2026-08-22 11:15:04 - INFO -       safe (0)     0.9910    0.9822    0.9866       225
2026-08-22 11:15:04 - INFO - vulnerable (1)     0.9828    0.9913    0.9871       231
2026-08-22 11:15:04 - INFO - 
2026-08-22 11:15:04 - INFO -       accuracy                         0.9868       456
2026-08-22 11:15:04 - INFO -      macro avg     0.9869    0.9868    0.9868       456
2026-08-22 11:15:04 - INFO -   weighted avg     0.9869    0.9868    0.9868       456
2026-08-22 11:15:04 - INFO - Confusion matrix - [[tn=221, fp=4], [fn=2, tp=229]]
2026-08-22 11:15:04 - INFO - probability_positive min=0.0005 mean=0.5093 std=0.4947 max=0.9994 predicted_0=223 predicted_1=233
2026-08-22 11:15:04 - INFO - [Classification Report - split=validation epoch=18 - threshold=0.50]
2026-08-22 11:15:04 - INFO -                 precision    recall  f1-score   support
2026-08-22 11:15:04 - INFO - 
2026-08-22 11:15:04 - INFO -       safe (0)     0.7922    0.8472    0.8188        72
2026-08-22 11:15:04 - INFO - vulnerable (1)     0.8533    0.8000    0.8258        80
2026-08-22 11:15:04 - INFO - 
2026-08-22 11:15:04 - INFO -       accuracy                         0.8224       152
2026-08-22 11:15:04 - INFO -      macro avg     0.8228    0.8236    0.8223       152
2026-08-22 11:15:04 - INFO -   weighted avg     0.8244    0.8224    0.8225       152
2026-08-22 11:15:04 - INFO - Confusion matrix - [[tn=61, fp=11], [fn=16, tp=64]]
2026-08-22 11:15:04 - INFO - probability_positive min=0.0004 mean=0.4869 std=0.4913 max=0.9996 predicted_0=77 predicted_1=75
2026-08-22 11:15:04 - INFO - Early stopping | Epoch: 18 | Best epoch: 13
2026-08-22 11:15:04 - INFO - Best checkpoint saved | Path: model/emb1_emb/transfer_none/seed_42/fold4/best.pt | Epoch: 13 | Val macro_f1: 0.842078
2026-08-22 11:15:04 - INFO - Training finished | Elapsed: 170.73s
2026-08-22 11:15:04 - INFO - Run finished | Phase: phase2 | Fold: 4 | Seed: 42 | Elapsed: 173.08s
