2026-08-21 03:16:35 - INFO - Using device: cuda
2026-08-21 03:16:35 - INFO - Run started | Run: edit_ref_codebert | Method: transfer_none | Phase: phase1 | Fold: 1 | Seed: 42 | Device: cuda
2026-08-21 03:16:35 - INFO - Loading Phase-1 source data: data/train_ccpp_js.jsonl
2026-08-21 03:16:35 - INFO - Detected Phase-1 languages: ['ccpp', 'js']
2026-08-21 03:16:35 - INFO - Auxiliary CWE vocabulary: fixed four-way {'CWE-022': 0, 'CWE-078': 1, 'CWE-079': 2, 'CWE-089': 3}
2026-08-21 03:16:35 - INFO - Source split | Language: ccpp | Conservative pairs: 73 | Singletons: 0 | Stratified: True | Ratio: 90/10 | Seed: 42
2026-08-21 03:16:35 - INFO - Source split | Language: js | Conservative pairs: 565 | Singletons: 8 | Stratified: True | Ratio: 90/10 | Seed: 43
2026-08-21 03:16:35 - INFO - Combined source split | Languages: ['ccpp', 'js'] | Train: 1152 | Validation: 132
2026-08-21 03:16:35 - WARNING - No upstream pair/repo/commit IDs: adjacent groups are protected, but distant near-duplicate families may still cross source train/validation
2026-08-21 03:16:35 - INFO - Data split: source_train | Total: 1152 | Labels: {0: 577, 1: 575} | CWEs: {'CWE-022': 118, 'CWE-078': 168, 'CWE-079': 744, 'CWE-089': 122} | Languages: {'ccpp': 130, 'js': 1022} | Invalid CWE: 0
2026-08-21 03:16:35 - INFO - Data split: source_val | Total: 132 | Labels: {0: 66, 1: 66} | CWEs: {'CWE-022': 14, 'CWE-078': 20, 'CWE-079': 86, 'CWE-089': 12} | Languages: {'ccpp': 16, 'js': 116} | Invalid CWE: 0
2026-08-21 03:16:37 - INFO - Environment: {"components": {"backbone": {"frozen": 0, "total": 124645632, "trainable": 124645632}, "vul_head": {"frozen": 0, "total": 1538, "trainable": 1538}}, "cuda": "12.8", "fold": 1, "frozen_parameters": 0, "gpu": "NVIDIA GeForce RTX 5060 Ti", "hyperparameters": {"anneal_fun": "sigmoid", "anneal_k": 0.05, "anneal_t0_ratio": 0.05, "anneal_w": 1.0, "aux_mode": "none", "batch_size": 16, "checkpoint_path": "model/edit_ref_codebert/transfer_none/seed_42/source/best.pt", "cwe_vocab": "fixed4", "data_path": "data/train_ccpp_js.jsonl", "data_root": "data/sven_python_twin", "epochs": 15, "eval_batch_size": 16, "fold": 1, "freeze_backbone_layers": 0, "freeze_prototypes_steps": 0, "lambda_cwe": 0.2, "latent_temperature": 0.1, "learning_rate": 2e-05, "lora_rank": 0, "lp_epochs": 0, "lp_learning_rate": 0.001, "max_eval_samples": null, "max_grad_norm": 1.0, "max_length": 512, "max_train_samples": null, "method_name": "transfer_none", "min_epochs": 3, "model_name": "microsoft/codebert-base", "num_cwes": 4, "num_latent": 8, "num_workers": 0, "output_dir": "results/edit_ref_codebert/transfer_none", "patience": 5, "phase": "phase1", "phase2_optimizer": "recadam", "pooling": "cls", "pretrain_cof": 5000.0, "result_path": "results/edit_ref_codebert/transfer_none/seed_42/fold1.json", "run_name": "edit_ref_codebert", "seed": 42, "selection_metric": "macro_f1", "source_checkpoint": null, "source_interpolation": 1.0, "strict_determinism": false, "target_lang": "python", "test_path": null, "train_path": null, "truncation_strategy": "head_middle_tail", "val_path": null, "weight_decay": 0.01}, "mode": "phase1_train", "model_name": "microsoft/codebert-base", "seed": 42, "sklearn": "1.7.2", "torch": "2.11.0+cu128", "trainable_parameters": 124647170, "transformers": "4.57.1"}
2026-08-21 03:16:37 - INFO - Training started | Phase: phase1 | Epochs: 15
2026-08-21 03:17:17 - INFO - Epoch 1/15 | Train loss: 0.708811 | Val loss: 0.694672 | LR: 2.00e-05 | Best epoch: 1 | Patience: 0 | Train: 38.28s | Validation: 1.44s | Epoch: 40.04s | Total: 40.04s
2026-08-21 03:17:17 - INFO - Phase-1 losses | Vulnerability: 0.708811 | CWE: 0.000000 | Total: 0.708811
2026-08-21 03:17:17 - INFO - [Classification Report - split=train epoch=1 - threshold=0.50]
2026-08-21 03:17:17 - INFO -                 precision    recall  f1-score   support
2026-08-21 03:17:17 - INFO - 
2026-08-21 03:17:17 - INFO -       safe (0)     0.4837    0.4887    0.4862       577
2026-08-21 03:17:17 - INFO - vulnerable (1)     0.4815    0.4765    0.4790       575
2026-08-21 03:17:17 - INFO - 
2026-08-21 03:17:17 - INFO -       accuracy                         0.4826      1152
2026-08-21 03:17:17 - INFO -      macro avg     0.4826    0.4826    0.4826      1152
2026-08-21 03:17:17 - INFO -   weighted avg     0.4826    0.4826    0.4826      1152
2026-08-21 03:17:17 - INFO - Confusion matrix - [[tn=282, fp=295], [fn=301, tp=274]]
2026-08-21 03:17:17 - INFO - probability_positive min=0.2828 mean=0.5028 std=0.0790 max=0.8188 predicted_0=583 predicted_1=569
2026-08-21 03:17:17 - INFO - [Classification Report - split=validation epoch=1 - threshold=0.50]
2026-08-21 03:17:17 - INFO -                 precision    recall  f1-score   support
2026-08-21 03:17:17 - INFO - 
2026-08-21 03:17:17 - INFO -       safe (0)     0.0000    0.0000    0.0000        66
2026-08-21 03:17:17 - INFO - vulnerable (1)     0.5000    1.0000    0.6667        66
2026-08-21 03:17:17 - INFO - 
2026-08-21 03:17:17 - INFO -       accuracy                         0.5000       132
2026-08-21 03:17:17 - INFO -      macro avg     0.2500    0.5000    0.3333       132
2026-08-21 03:17:17 - INFO -   weighted avg     0.2500    0.5000    0.3333       132
2026-08-21 03:17:17 - INFO - Confusion matrix - [[tn=0, fp=66], [fn=0, tp=66]]
2026-08-21 03:17:17 - INFO - probability_positive min=0.5176 mean=0.5390 std=0.0109 max=0.5600 predicted_0=0 predicted_1=132
2026-08-21 03:17:17 - INFO - New best model | Macro-F1: 0.333333 | Epoch: 1
2026-08-21 03:17:57 - INFO - Epoch 2/15 | Train loss: 0.701232 | Val loss: 0.692720 | LR: 2.00e-05 | Best epoch: 2 | Patience: 0 | Train: 38.04s | Validation: 1.44s | Epoch: 39.99s | Total: 80.04s
2026-08-21 03:17:57 - INFO - Phase-1 losses | Vulnerability: 0.701232 | CWE: 0.000000 | Total: 0.701232
2026-08-21 03:17:57 - INFO - [Classification Report - split=train epoch=2 - threshold=0.50]
2026-08-21 03:17:57 - INFO -                 precision    recall  f1-score   support
2026-08-21 03:17:57 - INFO - 
2026-08-21 03:17:57 - INFO -       safe (0)     0.5209    0.5182    0.5195       577
2026-08-21 03:17:57 - INFO - vulnerable (1)     0.5190    0.5217    0.5204       575
2026-08-21 03:17:57 - INFO - 
2026-08-21 03:17:57 - INFO -       accuracy                         0.5200      1152
2026-08-21 03:17:57 - INFO -      macro avg     0.5200    0.5200    0.5200      1152
2026-08-21 03:17:57 - INFO -   weighted avg     0.5200    0.5200    0.5200      1152
2026-08-21 03:17:57 - INFO - Confusion matrix - [[tn=299, fp=278], [fn=275, tp=300]]
2026-08-21 03:17:57 - INFO - probability_positive min=0.1189 mean=0.4947 std=0.0800 max=0.8103 predicted_0=574 predicted_1=578
2026-08-21 03:17:57 - INFO - [Classification Report - split=validation epoch=2 - threshold=0.50]
2026-08-21 03:17:57 - INFO -                 precision    recall  f1-score   support
2026-08-21 03:17:57 - INFO - 
2026-08-21 03:17:57 - INFO -       safe (0)     0.5000    1.0000    0.6667        66
2026-08-21 03:17:57 - INFO - vulnerable (1)     0.0000    0.0000    0.0000        66
2026-08-21 03:17:57 - INFO - 
2026-08-21 03:17:57 - INFO -       accuracy                         0.5000       132
2026-08-21 03:17:57 - INFO -      macro avg     0.2500    0.5000    0.3333       132
2026-08-21 03:17:57 - INFO -   weighted avg     0.2500    0.5000    0.3333       132
2026-08-21 03:17:57 - INFO - Confusion matrix - [[tn=66, fp=0], [fn=66, tp=0]]
2026-08-21 03:17:57 - INFO - probability_positive min=0.4666 mean=0.4815 std=0.0068 max=0.4956 predicted_0=132 predicted_1=0
2026-08-21 03:17:57 - INFO - Latest tied-best checkpoint saved | Macro-F1: 0.333333 | Epoch: 2
2026-08-21 03:18:37 - INFO - Epoch 3/15 | Train loss: 0.700077 | Val loss: 0.690885 | LR: 2.00e-05 | Best epoch: 3 | Patience: 0 | Train: 38.04s | Validation: 1.44s | Epoch: 39.96s | Total: 120.02s
2026-08-21 03:18:37 - INFO - Phase-1 losses | Vulnerability: 0.700077 | CWE: 0.000000 | Total: 0.700077
2026-08-21 03:18:37 - INFO - [Classification Report - split=train epoch=3 - threshold=0.50]
2026-08-21 03:18:37 - INFO -                 precision    recall  f1-score   support
2026-08-21 03:18:37 - INFO - 
2026-08-21 03:18:37 - INFO -       safe (0)     0.4957    0.5043    0.5000       577
2026-08-21 03:18:37 - INFO - vulnerable (1)     0.4938    0.4852    0.4895       575
2026-08-21 03:18:37 - INFO - 
2026-08-21 03:18:37 - INFO -       accuracy                         0.4948      1152
2026-08-21 03:18:37 - INFO -      macro avg     0.4948    0.4948    0.4947      1152
2026-08-21 03:18:37 - INFO -   weighted avg     0.4948    0.4948    0.4947      1152
2026-08-21 03:18:37 - INFO - Confusion matrix - [[tn=291, fp=286], [fn=296, tp=279]]
2026-08-21 03:18:37 - INFO - probability_positive min=0.2472 mean=0.5000 std=0.0553 max=0.7873 predicted_0=587 predicted_1=565
2026-08-21 03:18:37 - INFO - [Classification Report - split=validation epoch=3 - threshold=0.50]
2026-08-21 03:18:37 - INFO -                 precision    recall  f1-score   support
2026-08-21 03:18:37 - INFO - 
2026-08-21 03:18:37 - INFO -       safe (0)     0.5385    0.1061    0.1772        66
2026-08-21 03:18:37 - INFO - vulnerable (1)     0.5042    0.9091    0.6486        66
2026-08-21 03:18:37 - INFO - 
2026-08-21 03:18:37 - INFO -       accuracy                         0.5076       132
2026-08-21 03:18:37 - INFO -      macro avg     0.5213    0.5076    0.4129       132
2026-08-21 03:18:37 - INFO -   weighted avg     0.5213    0.5076    0.4129       132
2026-08-21 03:18:37 - INFO - Confusion matrix - [[tn=7, fp=59], [fn=6, tp=60]]
2026-08-21 03:18:37 - INFO - probability_positive min=0.4954 mean=0.5152 std=0.0134 max=0.5599 predicted_0=13 predicted_1=119
2026-08-21 03:18:37 - INFO - New best model | Macro-F1: 0.412932 | Epoch: 3
2026-08-21 03:19:17 - INFO - Epoch 4/15 | Train loss: 0.697357 | Val loss: 0.680404 | LR: 2.00e-05 | Best epoch: 4 | Patience: 0 | Train: 38.04s | Validation: 1.44s | Epoch: 39.98s | Total: 160.01s
2026-08-21 03:19:17 - INFO - Phase-1 losses | Vulnerability: 0.697357 | CWE: 0.000000 | Total: 0.697357
2026-08-21 03:19:17 - INFO - [Classification Report - split=train epoch=4 - threshold=0.50]
2026-08-21 03:19:17 - INFO -                 precision    recall  f1-score   support
2026-08-21 03:19:17 - INFO - 
2026-08-21 03:19:17 - INFO -       safe (0)     0.5102    0.5182    0.5142       577
2026-08-21 03:19:17 - INFO - vulnerable (1)     0.5088    0.5009    0.5048       575
2026-08-21 03:19:17 - INFO - 
2026-08-21 03:19:17 - INFO -       accuracy                         0.5095      1152
2026-08-21 03:19:17 - INFO -      macro avg     0.5095    0.5095    0.5095      1152
2026-08-21 03:19:17 - INFO -   weighted avg     0.5095    0.5095    0.5095      1152
2026-08-21 03:19:17 - INFO - Confusion matrix - [[tn=299, fp=278], [fn=287, tp=288]]
2026-08-21 03:19:17 - INFO - probability_positive min=0.2006 mean=0.5010 std=0.0806 max=0.8814 predicted_0=586 predicted_1=566
2026-08-21 03:19:17 - INFO - [Classification Report - split=validation epoch=4 - threshold=0.50]
2026-08-21 03:19:17 - INFO -                 precision    recall  f1-score   support
2026-08-21 03:19:17 - INFO - 
2026-08-21 03:19:17 - INFO -       safe (0)     0.6579    0.3788    0.4808        66
2026-08-21 03:19:17 - INFO - vulnerable (1)     0.5638    0.8030    0.6625        66
2026-08-21 03:19:17 - INFO - 
2026-08-21 03:19:17 - INFO -       accuracy                         0.5909       132
2026-08-21 03:19:17 - INFO -      macro avg     0.6109    0.5909    0.5716       132
2026-08-21 03:19:17 - INFO -   weighted avg     0.6109    0.5909    0.5716       132
2026-08-21 03:19:17 - INFO - Confusion matrix - [[tn=25, fp=41], [fn=13, tp=53]]
2026-08-21 03:19:17 - INFO - probability_positive min=0.4369 mean=0.5199 std=0.0460 max=0.8278 predicted_0=38 predicted_1=94
2026-08-21 03:19:17 - INFO - New best model | Macro-F1: 0.571635 | Epoch: 4
2026-08-21 03:19:57 - INFO - Epoch 5/15 | Train loss: 0.682220 | Val loss: 0.678383 | LR: 2.00e-05 | Best epoch: 4 | Patience: 1 | Train: 38.05s | Validation: 1.44s | Epoch: 39.49s | Total: 199.52s
2026-08-21 03:19:57 - INFO - Phase-1 losses | Vulnerability: 0.682220 | CWE: 0.000000 | Total: 0.682220
2026-08-21 03:19:57 - INFO - [Classification Report - split=train epoch=5 - threshold=0.50]
2026-08-21 03:19:57 - INFO -                 precision    recall  f1-score   support
2026-08-21 03:19:57 - INFO - 
2026-08-21 03:19:57 - INFO -       safe (0)     0.5532    0.6222    0.5856       577
2026-08-21 03:19:57 - INFO - vulnerable (1)     0.5666    0.4957    0.5288       575
2026-08-21 03:19:57 - INFO - 
2026-08-21 03:19:57 - INFO -       accuracy                         0.5590      1152
2026-08-21 03:19:57 - INFO -      macro avg     0.5599    0.5589    0.5572      1152
2026-08-21 03:19:57 - INFO -   weighted avg     0.5599    0.5590    0.5573      1152
2026-08-21 03:19:57 - INFO - Confusion matrix - [[tn=359, fp=218], [fn=290, tp=285]]
2026-08-21 03:19:57 - INFO - probability_positive min=0.0951 mean=0.4914 std=0.1128 max=0.9816 predicted_0=649 predicted_1=503
2026-08-21 03:19:57 - INFO - [Classification Report - split=validation epoch=5 - threshold=0.50]
2026-08-21 03:19:57 - INFO -                 precision    recall  f1-score   support
2026-08-21 03:19:57 - INFO - 
2026-08-21 03:19:57 - INFO -       safe (0)     0.5505    0.9091    0.6857        66
2026-08-21 03:19:57 - INFO - vulnerable (1)     0.7391    0.2576    0.3820        66
2026-08-21 03:19:57 - INFO - 
2026-08-21 03:19:57 - INFO -       accuracy                         0.5833       132
2026-08-21 03:19:57 - INFO -      macro avg     0.6448    0.5833    0.5339       132
2026-08-21 03:19:57 - INFO -   weighted avg     0.6448    0.5833    0.5339       132
2026-08-21 03:19:57 - INFO - Confusion matrix - [[tn=60, fp=6], [fn=49, tp=17]]
2026-08-21 03:19:57 - INFO - probability_positive min=0.1195 mean=0.4305 std=0.0971 max=0.9087 predicted_0=109 predicted_1=23
2026-08-21 03:20:37 - INFO - Epoch 6/15 | Train loss: 0.671977 | Val loss: 0.657082 | LR: 2.00e-05 | Best epoch: 6 | Patience: 0 | Train: 38.04s | Validation: 1.44s | Epoch: 39.93s | Total: 239.45s
2026-08-21 03:20:37 - INFO - Phase-1 losses | Vulnerability: 0.671977 | CWE: 0.000000 | Total: 0.671977
2026-08-21 03:20:37 - INFO - [Classification Report - split=train epoch=6 - threshold=0.50]
2026-08-21 03:20:37 - INFO -                 precision    recall  f1-score   support
2026-08-21 03:20:37 - INFO - 
2026-08-21 03:20:37 - INFO -       safe (0)     0.5644    0.5927    0.5782       577
2026-08-21 03:20:37 - INFO - vulnerable (1)     0.5696    0.5409    0.5549       575
2026-08-21 03:20:37 - INFO - 
2026-08-21 03:20:37 - INFO -       accuracy                         0.5668      1152
2026-08-21 03:20:37 - INFO -      macro avg     0.5670    0.5668    0.5665      1152
2026-08-21 03:20:37 - INFO -   weighted avg     0.5670    0.5668    0.5665      1152
2026-08-21 03:20:37 - INFO - Confusion matrix - [[tn=342, fp=235], [fn=264, tp=311]]
2026-08-21 03:20:37 - INFO - probability_positive min=0.0335 mean=0.4968 std=0.1302 max=0.9882 predicted_0=606 predicted_1=546
2026-08-21 03:20:37 - INFO - [Classification Report - split=validation epoch=6 - threshold=0.50]
2026-08-21 03:20:37 - INFO -                 precision    recall  f1-score   support
2026-08-21 03:20:37 - INFO - 
2026-08-21 03:20:37 - INFO -       safe (0)     0.5821    0.5909    0.5865        66
2026-08-21 03:20:37 - INFO - vulnerable (1)     0.5846    0.5758    0.5802        66
2026-08-21 03:20:37 - INFO - 
2026-08-21 03:20:37 - INFO -       accuracy                         0.5833       132
2026-08-21 03:20:37 - INFO -      macro avg     0.5834    0.5833    0.5833       132
2026-08-21 03:20:37 - INFO -   weighted avg     0.5834    0.5833    0.5833       132
2026-08-21 03:20:37 - INFO - Confusion matrix - [[tn=39, fp=27], [fn=28, tp=38]]
2026-08-21 03:20:37 - INFO - probability_positive min=0.0195 mean=0.4771 std=0.1507 max=0.9931 predicted_0=67 predicted_1=65
2026-08-21 03:20:37 - INFO - New best model | Macro-F1: 0.583309 | Epoch: 6
2026-08-21 03:21:16 - INFO - Epoch 7/15 | Train loss: 0.648657 | Val loss: 0.657338 | LR: 2.00e-05 | Best epoch: 6 | Patience: 1 | Train: 38.04s | Validation: 1.44s | Epoch: 39.48s | Total: 278.96s
2026-08-21 03:21:16 - INFO - Phase-1 losses | Vulnerability: 0.648657 | CWE: 0.000000 | Total: 0.648657
2026-08-21 03:21:16 - INFO - [Classification Report - split=train epoch=7 - threshold=0.50]
2026-08-21 03:21:16 - INFO -                 precision    recall  f1-score   support
2026-08-21 03:21:16 - INFO - 
2026-08-21 03:21:16 - INFO -       safe (0)     0.6178    0.6863    0.6502       577
2026-08-21 03:21:16 - INFO - vulnerable (1)     0.6458    0.5739    0.6077       575
2026-08-21 03:21:16 - INFO - 
2026-08-21 03:21:16 - INFO -       accuracy                         0.6302      1152
2026-08-21 03:21:16 - INFO -      macro avg     0.6318    0.6301    0.6290      1152
2026-08-21 03:21:16 - INFO -   weighted avg     0.6318    0.6302    0.6290      1152
2026-08-21 03:21:16 - INFO - Confusion matrix - [[tn=396, fp=181], [fn=245, tp=330]]
2026-08-21 03:21:16 - INFO - probability_positive min=0.0408 mean=0.4892 std=0.1857 max=0.9933 predicted_0=641 predicted_1=511
2026-08-21 03:21:16 - INFO - [Classification Report - split=validation epoch=7 - threshold=0.50]
2026-08-21 03:21:16 - INFO -                 precision    recall  f1-score   support
2026-08-21 03:21:16 - INFO - 
2026-08-21 03:21:16 - INFO -       safe (0)     0.6970    0.3485    0.4646        66
2026-08-21 03:21:16 - INFO - vulnerable (1)     0.5657    0.8485    0.6788        66
2026-08-21 03:21:16 - INFO - 
2026-08-21 03:21:16 - INFO -       accuracy                         0.5985       132
2026-08-21 03:21:16 - INFO -      macro avg     0.6313    0.5985    0.5717       132
2026-08-21 03:21:16 - INFO -   weighted avg     0.6313    0.5985    0.5717       132
2026-08-21 03:21:16 - INFO - Confusion matrix - [[tn=23, fp=43], [fn=10, tp=56]]
2026-08-21 03:21:16 - INFO - probability_positive min=0.1005 mean=0.5917 std=0.1550 max=0.9951 predicted_0=33 predicted_1=99
2026-08-21 03:21:56 - INFO - Epoch 8/15 | Train loss: 0.614164 | Val loss: 0.633230 | LR: 2.00e-05 | Best epoch: 6 | Patience: 2 | Train: 38.04s | Validation: 1.44s | Epoch: 39.48s | Total: 318.45s
2026-08-21 03:21:56 - INFO - Phase-1 losses | Vulnerability: 0.614164 | CWE: 0.000000 | Total: 0.614164
2026-08-21 03:21:56 - INFO - [Classification Report - split=train epoch=8 - threshold=0.50]
2026-08-21 03:21:56 - INFO -                 precision    recall  f1-score   support
2026-08-21 03:21:56 - INFO - 
2026-08-21 03:21:56 - INFO -       safe (0)     0.6256    0.6516    0.6384       577
2026-08-21 03:21:56 - INFO - vulnerable (1)     0.6352    0.6087    0.6217       575
2026-08-21 03:21:56 - INFO - 
2026-08-21 03:21:56 - INFO -       accuracy                         0.6302      1152
2026-08-21 03:21:56 - INFO -      macro avg     0.6304    0.6302    0.6300      1152
2026-08-21 03:21:56 - INFO -   weighted avg     0.6304    0.6302    0.6300      1152
2026-08-21 03:21:56 - INFO - Confusion matrix - [[tn=376, fp=201], [fn=225, tp=350]]
2026-08-21 03:21:56 - INFO - probability_positive min=0.0187 mean=0.4964 std=0.2016 max=0.9956 predicted_0=601 predicted_1=551
2026-08-21 03:21:56 - INFO - [Classification Report - split=validation epoch=8 - threshold=0.50]
2026-08-21 03:21:56 - INFO -                 precision    recall  f1-score   support
2026-08-21 03:21:56 - INFO - 
2026-08-21 03:21:56 - INFO -       safe (0)     0.5579    0.8030    0.6584        66
2026-08-21 03:21:56 - INFO - vulnerable (1)     0.6486    0.3636    0.4660        66
2026-08-21 03:21:56 - INFO - 
2026-08-21 03:21:56 - INFO -       accuracy                         0.5833       132
2026-08-21 03:21:56 - INFO -      macro avg     0.6033    0.5833    0.5622       132
2026-08-21 03:21:56 - INFO -   weighted avg     0.6033    0.5833    0.5622       132
2026-08-21 03:21:56 - INFO - Confusion matrix - [[tn=53, fp=13], [fn=42, tp=24]]
2026-08-21 03:21:56 - INFO - probability_positive min=0.0114 mean=0.4412 std=0.1497 max=0.9555 predicted_0=95 predicted_1=37
2026-08-21 03:22:36 - INFO - Epoch 9/15 | Train loss: 0.596763 | Val loss: 0.622679 | LR: 2.00e-05 | Best epoch: 9 | Patience: 0 | Train: 38.05s | Validation: 1.44s | Epoch: 39.93s | Total: 358.38s
2026-08-21 03:22:36 - INFO - Phase-1 losses | Vulnerability: 0.596763 | CWE: 0.000000 | Total: 0.596763
2026-08-21 03:22:36 - INFO - [Classification Report - split=train epoch=9 - threshold=0.50]
2026-08-21 03:22:36 - INFO -                 precision    recall  f1-score   support
2026-08-21 03:22:36 - INFO - 
2026-08-21 03:22:36 - INFO -       safe (0)     0.6767    0.6239    0.6492       577
2026-08-21 03:22:36 - INFO - vulnerable (1)     0.6500    0.7009    0.6745       575
2026-08-21 03:22:36 - INFO - 
2026-08-21 03:22:36 - INFO -       accuracy                         0.6623      1152
2026-08-21 03:22:36 - INFO -      macro avg     0.6633    0.6624    0.6619      1152
2026-08-21 03:22:36 - INFO -   weighted avg     0.6634    0.6623    0.6618      1152
2026-08-21 03:22:36 - INFO - Confusion matrix - [[tn=360, fp=217], [fn=172, tp=403]]
2026-08-21 03:22:36 - INFO - probability_positive min=0.0057 mean=0.4807 std=0.2328 max=0.9892 predicted_0=532 predicted_1=620
2026-08-21 03:22:36 - INFO - [Classification Report - split=validation epoch=9 - threshold=0.50]
2026-08-21 03:22:36 - INFO -                 precision    recall  f1-score   support
2026-08-21 03:22:36 - INFO - 
2026-08-21 03:22:36 - INFO -       safe (0)     0.6522    0.4545    0.5357        66
2026-08-21 03:22:36 - INFO - vulnerable (1)     0.5814    0.7576    0.6579        66
2026-08-21 03:22:36 - INFO - 
2026-08-21 03:22:36 - INFO -       accuracy                         0.6061       132
2026-08-21 03:22:36 - INFO -      macro avg     0.6168    0.6061    0.5968       132
2026-08-21 03:22:36 - INFO -   weighted avg     0.6168    0.6061    0.5968       132
2026-08-21 03:22:36 - INFO - Confusion matrix - [[tn=30, fp=36], [fn=16, tp=50]]
2026-08-21 03:22:36 - INFO - probability_positive min=0.0161 mean=0.5504 std=0.1795 max=0.9904 predicted_0=46 predicted_1=86
2026-08-21 03:22:36 - INFO - New best model | Macro-F1: 0.596805 | Epoch: 9
2026-08-21 03:23:15 - INFO - Epoch 10/15 | Train loss: 0.531700 | Val loss: 0.721158 | LR: 2.00e-05 | Best epoch: 9 | Patience: 1 | Train: 38.05s | Validation: 1.44s | Epoch: 39.49s | Total: 397.89s
2026-08-21 03:23:15 - INFO - Phase-1 losses | Vulnerability: 0.531700 | CWE: 0.000000 | Total: 0.531700
2026-08-21 03:23:15 - INFO - [Classification Report - split=train epoch=10 - threshold=0.50]
2026-08-21 03:23:15 - INFO -                 precision    recall  f1-score   support
2026-08-21 03:23:15 - INFO - 
2026-08-21 03:23:15 - INFO -       safe (0)     0.7107    0.7279    0.7192       577
2026-08-21 03:23:15 - INFO - vulnerable (1)     0.7201    0.7026    0.7113       575
2026-08-21 03:23:15 - INFO - 
2026-08-21 03:23:15 - INFO -       accuracy                         0.7153      1152
2026-08-21 03:23:15 - INFO -      macro avg     0.7154    0.7153    0.7152      1152
2026-08-21 03:23:15 - INFO -   weighted avg     0.7154    0.7153    0.7152      1152
2026-08-21 03:23:15 - INFO - Confusion matrix - [[tn=420, fp=157], [fn=171, tp=404]]
2026-08-21 03:23:15 - INFO - probability_positive min=0.0080 mean=0.4921 std=0.2693 max=0.9971 predicted_0=591 predicted_1=561
2026-08-21 03:23:15 - INFO - [Classification Report - split=validation epoch=10 - threshold=0.50]
2026-08-21 03:23:15 - INFO -                 precision    recall  f1-score   support
2026-08-21 03:23:15 - INFO - 
2026-08-21 03:23:15 - INFO -       safe (0)     0.6327    0.4697    0.5391        66
2026-08-21 03:23:15 - INFO - vulnerable (1)     0.5783    0.7273    0.6443        66
2026-08-21 03:23:15 - INFO - 
2026-08-21 03:23:15 - INFO -       accuracy                         0.5985       132
2026-08-21 03:23:15 - INFO -      macro avg     0.6055    0.5985    0.5917       132
2026-08-21 03:23:15 - INFO -   weighted avg     0.6055    0.5985    0.5917       132
2026-08-21 03:23:15 - INFO - Confusion matrix - [[tn=31, fp=35], [fn=18, tp=48]]
2026-08-21 03:23:15 - INFO - probability_positive min=0.0108 mean=0.5993 std=0.2878 max=0.9964 predicted_0=49 predicted_1=83
2026-08-21 03:23:55 - INFO - Epoch 11/15 | Train loss: 0.496070 | Val loss: 0.682980 | LR: 2.00e-05 | Best epoch: 11 | Patience: 0 | Train: 38.05s | Validation: 1.45s | Epoch: 39.98s | Total: 437.87s
2026-08-21 03:23:55 - INFO - Phase-1 losses | Vulnerability: 0.496070 | CWE: 0.000000 | Total: 0.496070
2026-08-21 03:23:55 - INFO - [Classification Report - split=train epoch=11 - threshold=0.50]
2026-08-21 03:23:55 - INFO -                 precision    recall  f1-score   support
2026-08-21 03:23:55 - INFO - 
2026-08-21 03:23:55 - INFO -       safe (0)     0.7811    0.7175    0.7480       577
2026-08-21 03:23:55 - INFO - vulnerable (1)     0.7379    0.7983    0.7669       575
2026-08-21 03:23:55 - INFO - 
2026-08-21 03:23:55 - INFO -       accuracy                         0.7578      1152
2026-08-21 03:23:55 - INFO -      macro avg     0.7595    0.7579    0.7574      1152
2026-08-21 03:23:55 - INFO -   weighted avg     0.7596    0.7578    0.7574      1152
2026-08-21 03:23:55 - INFO - Confusion matrix - [[tn=414, fp=163], [fn=116, tp=459]]
2026-08-21 03:23:55 - INFO - probability_positive min=0.0034 mean=0.5103 std=0.3101 max=0.9959 predicted_0=530 predicted_1=622
2026-08-21 03:23:55 - INFO - [Classification Report - split=validation epoch=11 - threshold=0.50]
2026-08-21 03:23:55 - INFO -                 precision    recall  f1-score   support
2026-08-21 03:23:55 - INFO - 
2026-08-21 03:23:55 - INFO -       safe (0)     0.6379    0.5606    0.5968        66
2026-08-21 03:23:55 - INFO - vulnerable (1)     0.6081    0.6818    0.6429        66
2026-08-21 03:23:55 - INFO - 
2026-08-21 03:23:55 - INFO -       accuracy                         0.6212       132
2026-08-21 03:23:55 - INFO -      macro avg     0.6230    0.6212    0.6198       132
2026-08-21 03:23:55 - INFO -   weighted avg     0.6230    0.6212    0.6198       132
2026-08-21 03:23:55 - INFO - Confusion matrix - [[tn=37, fp=29], [fn=21, tp=45]]
2026-08-21 03:23:55 - INFO - probability_positive min=0.0057 mean=0.5288 std=0.2852 max=0.9965 predicted_0=58 predicted_1=74
2026-08-21 03:23:55 - INFO - New best model | Macro-F1: 0.619816 | Epoch: 11
2026-08-21 03:24:35 - INFO - Epoch 12/15 | Train loss: 0.452603 | Val loss: 0.985838 | LR: 2.00e-05 | Best epoch: 11 | Patience: 1 | Train: 38.05s | Validation: 1.44s | Epoch: 39.49s | Total: 477.38s
2026-08-21 03:24:35 - INFO - Phase-1 losses | Vulnerability: 0.452603 | CWE: 0.000000 | Total: 0.452603
2026-08-21 03:24:35 - INFO - [Classification Report - split=train epoch=12 - threshold=0.50]
2026-08-21 03:24:35 - INFO -                 precision    recall  f1-score   support
2026-08-21 03:24:35 - INFO - 
2026-08-21 03:24:35 - INFO -       safe (0)     0.7698    0.7244    0.7464       577
2026-08-21 03:24:35 - INFO - vulnerable (1)     0.7389    0.7826    0.7601       575
2026-08-21 03:24:35 - INFO - 
2026-08-21 03:24:35 - INFO -       accuracy                         0.7535      1152
2026-08-21 03:24:35 - INFO -      macro avg     0.7544    0.7535    0.7533      1152
2026-08-21 03:24:35 - INFO -   weighted avg     0.7544    0.7535    0.7533      1152
2026-08-21 03:24:35 - INFO - Confusion matrix - [[tn=418, fp=159], [fn=125, tp=450]]
2026-08-21 03:24:35 - INFO - probability_positive min=0.0020 mean=0.4931 std=0.3262 max=0.9972 predicted_0=543 predicted_1=609
2026-08-21 03:24:35 - INFO - [Classification Report - split=validation epoch=12 - threshold=0.50]
2026-08-21 03:24:35 - INFO -                 precision    recall  f1-score   support
2026-08-21 03:24:35 - INFO - 
2026-08-21 03:24:35 - INFO -       safe (0)     0.5942    0.6212    0.6074        66
2026-08-21 03:24:35 - INFO - vulnerable (1)     0.6032    0.5758    0.5891        66
2026-08-21 03:24:35 - INFO - 
2026-08-21 03:24:35 - INFO -       accuracy                         0.5985       132
2026-08-21 03:24:35 - INFO -      macro avg     0.5987    0.5985    0.5983       132
2026-08-21 03:24:35 - INFO -   weighted avg     0.5987    0.5985    0.5983       132
2026-08-21 03:24:35 - INFO - Confusion matrix - [[tn=41, fp=25], [fn=28, tp=38]]
2026-08-21 03:24:35 - INFO - probability_positive min=0.0027 mean=0.4547 std=0.3750 max=0.9965 predicted_0=69 predicted_1=63
2026-08-21 03:25:15 - INFO - Epoch 13/15 | Train loss: 0.421949 | Val loss: 0.827243 | LR: 2.00e-05 | Best epoch: 13 | Patience: 0 | Train: 38.05s | Validation: 1.44s | Epoch: 39.94s | Total: 517.33s
2026-08-21 03:25:15 - INFO - Phase-1 losses | Vulnerability: 0.421949 | CWE: 0.000000 | Total: 0.421949
2026-08-21 03:25:15 - INFO - [Classification Report - split=train epoch=13 - threshold=0.50]
2026-08-21 03:25:15 - INFO -                 precision    recall  f1-score   support
2026-08-21 03:25:15 - INFO - 
2026-08-21 03:25:15 - INFO -       safe (0)     0.7934    0.7452    0.7685       577
2026-08-21 03:25:15 - INFO - vulnerable (1)     0.7590    0.8052    0.7814       575
2026-08-21 03:25:15 - INFO - 
2026-08-21 03:25:15 - INFO -       accuracy                         0.7752      1152
2026-08-21 03:25:15 - INFO -      macro avg     0.7762    0.7752    0.7750      1152
2026-08-21 03:25:15 - INFO -   weighted avg     0.7762    0.7752    0.7750      1152
2026-08-21 03:25:15 - INFO - Confusion matrix - [[tn=430, fp=147], [fn=112, tp=463]]
2026-08-21 03:25:15 - INFO - probability_positive min=0.0012 mean=0.4878 std=0.3424 max=0.9974 predicted_0=542 predicted_1=610
2026-08-21 03:25:15 - INFO - [Classification Report - split=validation epoch=13 - threshold=0.50]
2026-08-21 03:25:15 - INFO -                 precision    recall  f1-score   support
2026-08-21 03:25:15 - INFO - 
2026-08-21 03:25:15 - INFO -       safe (0)     0.6809    0.4848    0.5664        66
2026-08-21 03:25:15 - INFO - vulnerable (1)     0.6000    0.7727    0.6755        66
2026-08-21 03:25:15 - INFO - 
2026-08-21 03:25:15 - INFO -       accuracy                         0.6288       132
2026-08-21 03:25:15 - INFO -      macro avg     0.6404    0.6288    0.6209       132
2026-08-21 03:25:15 - INFO -   weighted avg     0.6404    0.6288    0.6209       132
2026-08-21 03:25:15 - INFO - Confusion matrix - [[tn=32, fp=34], [fn=15, tp=51]]
2026-08-21 03:25:15 - INFO - probability_positive min=0.0015 mean=0.6058 std=0.3413 max=0.9979 predicted_0=47 predicted_1=85
2026-08-21 03:25:15 - INFO - New best model | Macro-F1: 0.620934 | Epoch: 13
2026-08-21 03:25:54 - INFO - Epoch 14/15 | Train loss: 0.376904 | Val loss: 1.166225 | LR: 2.00e-05 | Best epoch: 13 | Patience: 1 | Train: 38.05s | Validation: 1.44s | Epoch: 39.49s | Total: 556.83s
2026-08-21 03:25:54 - INFO - Phase-1 losses | Vulnerability: 0.376904 | CWE: 0.000000 | Total: 0.376904
2026-08-21 03:25:54 - INFO - [Classification Report - split=train epoch=14 - threshold=0.50]
2026-08-21 03:25:54 - INFO -                 precision    recall  f1-score   support
2026-08-21 03:25:54 - INFO - 
2026-08-21 03:25:54 - INFO -       safe (0)     0.8451    0.7660    0.8036       577
2026-08-21 03:25:54 - INFO - vulnerable (1)     0.7854    0.8591    0.8206       575
2026-08-21 03:25:54 - INFO - 
2026-08-21 03:25:54 - INFO -       accuracy                         0.8125      1152
2026-08-21 03:25:54 - INFO -      macro avg     0.8152    0.8126    0.8121      1152
2026-08-21 03:25:54 - INFO -   weighted avg     0.8153    0.8125    0.8121      1152
2026-08-21 03:25:54 - INFO - Confusion matrix - [[tn=442, fp=135], [fn=81, tp=494]]
2026-08-21 03:25:54 - INFO - probability_positive min=0.0010 mean=0.5088 std=0.3745 max=0.9991 predicted_0=523 predicted_1=629
2026-08-21 03:25:54 - INFO - [Classification Report - split=validation epoch=14 - threshold=0.50]
2026-08-21 03:25:54 - INFO -                 precision    recall  f1-score   support
2026-08-21 03:25:54 - INFO - 
2026-08-21 03:25:54 - INFO -       safe (0)     0.6230    0.5758    0.5984        66
2026-08-21 03:25:54 - INFO - vulnerable (1)     0.6056    0.6515    0.6277        66
2026-08-21 03:25:54 - INFO - 
2026-08-21 03:25:54 - INFO -       accuracy                         0.6136       132
2026-08-21 03:25:54 - INFO -      macro avg     0.6143    0.6136    0.6131       132
2026-08-21 03:25:54 - INFO -   weighted avg     0.6143    0.6136    0.6131       132
2026-08-21 03:25:54 - INFO - Confusion matrix - [[tn=38, fp=28], [fn=23, tp=43]]
2026-08-21 03:25:54 - INFO - probability_positive min=0.0011 mean=0.5281 std=0.4216 max=0.9984 predicted_0=61 predicted_1=71
2026-08-21 03:26:34 - INFO - Epoch 15/15 | Train loss: 0.346358 | Val loss: 0.891796 | LR: 2.00e-05 | Best epoch: 15 | Patience: 0 | Train: 38.04s | Validation: 1.44s | Epoch: 39.96s | Total: 596.80s
2026-08-21 03:26:34 - INFO - Phase-1 losses | Vulnerability: 0.346358 | CWE: 0.000000 | Total: 0.346358
2026-08-21 03:26:34 - INFO - [Classification Report - split=train epoch=15 - threshold=0.50]
2026-08-21 03:26:34 - INFO -                 precision    recall  f1-score   support
2026-08-21 03:26:34 - INFO - 
2026-08-21 03:26:34 - INFO -       safe (0)     0.8360    0.8128    0.8243       577
2026-08-21 03:26:34 - INFO - vulnerable (1)     0.8173    0.8400    0.8285       575
2026-08-21 03:26:34 - INFO - 
2026-08-21 03:26:34 - INFO -       accuracy                         0.8264      1152
2026-08-21 03:26:34 - INFO -      macro avg     0.8266    0.8264    0.8264      1152
2026-08-21 03:26:34 - INFO -   weighted avg     0.8266    0.8264    0.8264      1152
2026-08-21 03:26:34 - INFO - Confusion matrix - [[tn=469, fp=108], [fn=92, tp=483]]
2026-08-21 03:26:34 - INFO - probability_positive min=0.0005 mean=0.4919 std=0.3930 max=0.9989 predicted_0=561 predicted_1=591
2026-08-21 03:26:34 - INFO - [Classification Report - split=validation epoch=15 - threshold=0.50]
2026-08-21 03:26:34 - INFO -                 precision    recall  f1-score   support
2026-08-21 03:26:34 - INFO - 
2026-08-21 03:26:34 - INFO -       safe (0)     0.6667    0.5455    0.6000        66
2026-08-21 03:26:34 - INFO - vulnerable (1)     0.6154    0.7273    0.6667        66
2026-08-21 03:26:34 - INFO - 
2026-08-21 03:26:34 - INFO -       accuracy                         0.6364       132
2026-08-21 03:26:34 - INFO -      macro avg     0.6410    0.6364    0.6333       132
2026-08-21 03:26:34 - INFO -   weighted avg     0.6410    0.6364    0.6333       132
2026-08-21 03:26:34 - INFO - Confusion matrix - [[tn=36, fp=30], [fn=18, tp=48]]
2026-08-21 03:26:34 - INFO - probability_positive min=0.0006 mean=0.5456 std=0.3753 max=0.9991 predicted_0=54 predicted_1=78
2026-08-21 03:26:34 - INFO - New best model | Macro-F1: 0.633333 | Epoch: 15
2026-08-21 03:26:34 - INFO - Best checkpoint saved | Path: model/edit_ref_codebert/transfer_none/seed_42/source/best.pt | Epoch: 15 | Val macro_f1: 0.633333
2026-08-21 03:26:34 - INFO - Training finished | Elapsed: 596.82s
2026-08-21 03:26:34 - INFO - Run finished | Phase: phase1 | Fold: 1 | Seed: 42 | Elapsed: 599.46s
