2026-08-22 05:02:15 - INFO - Using device: cuda
2026-08-22 05:02:15 - INFO - Run started | Run: fam1_codebert | Method: transfer_latent_bottleneck | Phase: phase2 | Fold: 1 | Seed: 42 | Device: cuda
2026-08-22 05:02:15 - INFO - Loading Python training data: data/sven_python_folds_norm/fold1/train.jsonl
2026-08-22 05:02:15 - INFO - Loading Python validation data: data/sven_python_folds_norm/fold1/val.jsonl
2026-08-22 05:02:15 - INFO - Data split: python_train | Total: 456 | Labels: {0: 235, 1: 221} | CWEs: {'CWE-022': 39, 'CWE-078': 123, 'CWE-079': 49, 'CWE-089': 245} | Languages: {'python': 456} | Invalid CWE: 0
2026-08-22 05:02:15 - INFO - Data split: python_val | Total: 152 | Labels: {0: 74, 1: 78} | CWEs: {'CWE-022': 8, 'CWE-078': 42, 'CWE-079': 19, 'CWE-089': 83} | Languages: {'python': 152} | Invalid CWE: 0
2026-08-22 05:02:16 - INFO - Auxiliary head width taken from checkpoint: 4
2026-08-22 05:02:19 - INFO - Loaded source checkpoint: model/fam1_codebert/transfer_latent_bottleneck/seed_42/source/best.pt | Best epoch: 14 | Best Val Macro-F1: 0.647550
2026-08-22 05:02:19 - INFO - RecAdam schedule | Total steps: 870 | Steps/epoch: 29 | Anneal t0: 43 | Weights: {1: 0.10909682119561293, 29: 0.3318122278318339, 43: 0.5, 870: 1.0}
2026-08-22 05:02:19 - INFO - Environment: {"components": {"backbone": {"frozen": 0, "total": 124645632, "trainable": 124645632}, "cwe_head": {"frozen": 36, "total": 36, "trainable": 0}, "latent_proj": {"frozen": 6152, "total": 6152, "trainable": 0}, "vul_head": {"frozen": 0, "total": 1538, "trainable": 1538}}, "cuda": "12.8", "fold": 1, "frozen_parameters": 6188, "gpu": "NVIDIA GeForce RTX 5060 Ti", "hyperparameters": {"anneal_fun": "sigmoid", "anneal_k": 0.05, "anneal_t0_ratio": 0.05, "anneal_w": 1.0, "aux_mode": "latent_bottleneck", "batch_size": 16, "checkpoint_path": "model/fam1_codebert/transfer_latent_bottleneck/seed_42/fold1/best.pt", "cwe_vocab": "fixed4", "data_path": "data/train_ccpp_filtered.jsonl", "data_root": "data/sven_python_folds_norm", "epochs": 30, "eval_batch_size": 16, "fold": 1, "freeze_backbone_layers": 0, "freeze_prototypes_steps": 0, "lambda_cwe": 0.2, "latent_temperature": 0.1, "learning_rate": 2e-05, "lora_rank": 0, "lp_epochs": 0, "lp_learning_rate": 0.001, "max_eval_samples": null, "max_grad_norm": 1.0, "max_length": 512, "max_train_samples": null, "method_name": "transfer_latent_bottleneck", "min_epochs": 3, "model_name": "microsoft/codebert-base", "num_cwes": 4, "num_latent": 8, "num_workers": 0, "output_dir": "results/fam1_codebert/transfer_latent_bottleneck", "patience": 5, "phase": "phase2", "phase2_optimizer": "recadam", "pooling": "cls", "pretrain_cof": 5000.0, "recadam_anchor": "source", "result_path": "results/fam1_codebert/transfer_latent_bottleneck/seed_42/fold1.json", "run_name": "fam1_codebert", "seed": 42, "selection_metric": "macro_f1", "source_checkpoint": "model/fam1_codebert/transfer_latent_bottleneck/seed_42/source/best.pt", "source_interpolation": 1.0, "strict_determinism": false, "target_lang": "python", "test_path": null, "train_path": null, "truncation_strategy": "head_middle_tail", "val_path": null, "weight_decay": 0.01}, "mode": "phase2_train", "model_name": "microsoft/codebert-base", "seed": 42, "sklearn": "1.9.0", "torch": "2.11.0+cu128", "trainable_parameters": 124647170, "transformers": "4.57.1"}
2026-08-22 05:02:19 - INFO - Training started | Phase: phase2 | Epochs: 30
2026-08-22 05:02:20 - INFO - RecAdam first-step safety checks passed
2026-08-22 05:02:36 - INFO - Epoch 1/30 | Train loss: 0.757292 | Val loss: 0.755119 | LR: 2.00e-05 | Best epoch: 1 | Patience: 0 | Train: 14.76s | Validation: 1.59s | Epoch: 16.77s | Total: 16.77s
2026-08-22 05:02:36 - INFO - RecAdam target-task weight at epoch end: 0.331812
2026-08-22 05:02:36 - INFO - [Classification Report - split=train epoch=1 - threshold=0.50]
2026-08-22 05:02:36 - INFO -                 precision    recall  f1-score   support
2026-08-22 05:02:36 - INFO - 
2026-08-22 05:02:36 - INFO -       safe (0)     0.6509    0.5872    0.6174       235
2026-08-22 05:02:36 - INFO - vulnerable (1)     0.6025    0.6652    0.6323       221
2026-08-22 05:02:36 - INFO - 
2026-08-22 05:02:36 - INFO -       accuracy                         0.6250       456
2026-08-22 05:02:36 - INFO -      macro avg     0.6267    0.6262    0.6249       456
2026-08-22 05:02:36 - INFO -   weighted avg     0.6274    0.6250    0.6246       456
2026-08-22 05:02:36 - INFO - Confusion matrix - [[tn=138, fp=97], [fn=74, tp=147]]
2026-08-22 05:02:36 - INFO - probability_positive min=0.0009 mean=0.5344 std=0.3173 max=0.9987 predicted_0=212 predicted_1=244
2026-08-22 05:02:36 - INFO - [Classification Report - split=validation epoch=1 - threshold=0.50]
2026-08-22 05:02:36 - INFO -                 precision    recall  f1-score   support
2026-08-22 05:02:36 - INFO - 
2026-08-22 05:02:36 - INFO -       safe (0)     0.6250    0.5405    0.5797        74
2026-08-22 05:02:36 - INFO - vulnerable (1)     0.6136    0.6923    0.6506        78
2026-08-22 05:02:36 - INFO - 
2026-08-22 05:02:36 - INFO -       accuracy                         0.6184       152
2026-08-22 05:02:36 - INFO -      macro avg     0.6193    0.6164    0.6152       152
2026-08-22 05:02:36 - INFO -   weighted avg     0.6192    0.6184    0.6161       152
2026-08-22 05:02:36 - INFO - Confusion matrix - [[tn=40, fp=34], [fn=24, tp=54]]
2026-08-22 05:02:36 - INFO - probability_positive min=0.0005 mean=0.5353 std=0.3329 max=0.9979 predicted_0=64 predicted_1=88
2026-08-22 05:02:36 - INFO - New best model | Macro-F1: 0.615156 | Epoch: 1
2026-08-22 05:02:53 - INFO - Epoch 2/30 | Train loss: 0.658830 | Val loss: 0.618981 | LR: 2.00e-05 | Best epoch: 2 | Patience: 0 | Train: 14.36s | Validation: 1.59s | Epoch: 16.64s | Total: 33.42s
2026-08-22 05:02:53 - INFO - RecAdam target-task weight at epoch end: 0.679179
2026-08-22 05:02:53 - INFO - [Classification Report - split=train epoch=2 - threshold=0.50]
2026-08-22 05:02:53 - INFO -                 precision    recall  f1-score   support
2026-08-22 05:02:53 - INFO - 
2026-08-22 05:02:53 - INFO -       safe (0)     0.6957    0.6809    0.6882       235
2026-08-22 05:02:53 - INFO - vulnerable (1)     0.6681    0.6833    0.6756       221
2026-08-22 05:02:53 - INFO - 
2026-08-22 05:02:53 - INFO -       accuracy                         0.6820       456
2026-08-22 05:02:53 - INFO -      macro avg     0.6819    0.6821    0.6819       456
2026-08-22 05:02:53 - INFO -   weighted avg     0.6823    0.6820    0.6821       456
2026-08-22 05:02:53 - INFO - Confusion matrix - [[tn=160, fp=75], [fn=70, tp=151]]
2026-08-22 05:02:53 - INFO - probability_positive min=0.0025 mean=0.4884 std=0.2900 max=0.9974 predicted_0=230 predicted_1=226
2026-08-22 05:02:53 - INFO - [Classification Report - split=validation epoch=2 - threshold=0.50]
2026-08-22 05:02:53 - INFO -                 precision    recall  f1-score   support
2026-08-22 05:02:53 - INFO - 
2026-08-22 05:02:53 - INFO -       safe (0)     0.6667    0.7027    0.6842        74
2026-08-22 05:02:53 - INFO - vulnerable (1)     0.7027    0.6667    0.6842        78
2026-08-22 05:02:53 - INFO - 
2026-08-22 05:02:53 - INFO -       accuracy                         0.6842       152
2026-08-22 05:02:53 - INFO -      macro avg     0.6847    0.6847    0.6842       152
2026-08-22 05:02:53 - INFO -   weighted avg     0.6852    0.6842    0.6842       152
2026-08-22 05:02:53 - INFO - Confusion matrix - [[tn=52, fp=22], [fn=26, tp=52]]
2026-08-22 05:02:53 - INFO - probability_positive min=0.0023 mean=0.4754 std=0.3174 max=0.9969 predicted_0=78 predicted_1=74
2026-08-22 05:02:53 - INFO - New best model | Macro-F1: 0.684211 | Epoch: 2
2026-08-22 05:03:09 - INFO - Epoch 3/30 | Train loss: 0.529228 | Val loss: 0.452047 | LR: 2.00e-05 | Best epoch: 3 | Patience: 0 | Train: 14.37s | Validation: 1.59s | Epoch: 16.66s | Total: 50.11s
2026-08-22 05:03:09 - INFO - RecAdam target-task weight at epoch end: 0.900250
2026-08-22 05:03:09 - INFO - [Classification Report - split=train epoch=3 - threshold=0.50]
2026-08-22 05:03:09 - INFO -                 precision    recall  f1-score   support
2026-08-22 05:03:09 - INFO - 
2026-08-22 05:03:09 - INFO -       safe (0)     0.7066    0.7787    0.7409       235
2026-08-22 05:03:09 - INFO - vulnerable (1)     0.7360    0.6561    0.6938       221
2026-08-22 05:03:09 - INFO - 
2026-08-22 05:03:09 - INFO -       accuracy                         0.7193       456
2026-08-22 05:03:09 - INFO -      macro avg     0.7213    0.7174    0.7173       456
2026-08-22 05:03:09 - INFO -   weighted avg     0.7208    0.7193    0.7181       456
2026-08-22 05:03:09 - INFO - Confusion matrix - [[tn=183, fp=52], [fn=76, tp=145]]
2026-08-22 05:03:09 - INFO - probability_positive min=0.0029 mean=0.4547 std=0.3023 max=0.9957 predicted_0=259 predicted_1=197
2026-08-22 05:03:09 - INFO - [Classification Report - split=validation epoch=3 - threshold=0.50]
2026-08-22 05:03:09 - INFO -                 precision    recall  f1-score   support
2026-08-22 05:03:09 - INFO - 
2026-08-22 05:03:09 - INFO -       safe (0)     0.7403    0.7703    0.7550        74
2026-08-22 05:03:09 - INFO - vulnerable (1)     0.7733    0.7436    0.7582        78
2026-08-22 05:03:09 - INFO - 
2026-08-22 05:03:09 - INFO -       accuracy                         0.7566       152
2026-08-22 05:03:09 - INFO -      macro avg     0.7568    0.7569    0.7566       152
2026-08-22 05:03:09 - INFO -   weighted avg     0.7572    0.7566    0.7566       152
2026-08-22 05:03:09 - INFO - Confusion matrix - [[tn=57, fp=17], [fn=20, tp=58]]
2026-08-22 05:03:09 - INFO - probability_positive min=0.0072 mean=0.4905 std=0.3351 max=0.9988 predicted_0=77 predicted_1=75
2026-08-22 05:03:09 - INFO - New best model | Macro-F1: 0.756568 | Epoch: 3
2026-08-22 05:03:26 - INFO - Epoch 4/30 | Train loss: 0.353936 | Val loss: 0.416275 | LR: 2.00e-05 | Best epoch: 4 | Patience: 0 | Train: 14.37s | Validation: 1.59s | Epoch: 16.65s | Total: 66.79s
2026-08-22 05:03:26 - INFO - RecAdam target-task weight at epoch end: 0.974667
2026-08-22 05:03:26 - INFO - [Classification Report - split=train epoch=4 - threshold=0.50]
2026-08-22 05:03:26 - INFO -                 precision    recall  f1-score   support
2026-08-22 05:03:26 - INFO - 
2026-08-22 05:03:26 - INFO -       safe (0)     0.8363    0.8043    0.8200       235
2026-08-22 05:03:26 - INFO - vulnerable (1)     0.8000    0.8326    0.8160       221
2026-08-22 05:03:26 - INFO - 
2026-08-22 05:03:26 - INFO -       accuracy                         0.8180       456
2026-08-22 05:03:26 - INFO -      macro avg     0.8181    0.8184    0.8180       456
2026-08-22 05:03:26 - INFO -   weighted avg     0.8187    0.8180    0.8180       456
2026-08-22 05:03:26 - INFO - Confusion matrix - [[tn=189, fp=46], [fn=37, tp=184]]
2026-08-22 05:03:26 - INFO - probability_positive min=0.0039 mean=0.5003 std=0.3459 max=0.9989 predicted_0=226 predicted_1=230
2026-08-22 05:03:26 - INFO - [Classification Report - split=validation epoch=4 - threshold=0.50]
2026-08-22 05:03:26 - INFO -                 precision    recall  f1-score   support
2026-08-22 05:03:26 - INFO - 
2026-08-22 05:03:26 - INFO -       safe (0)     0.7975    0.8514    0.8235        74
2026-08-22 05:03:26 - INFO - vulnerable (1)     0.8493    0.7949    0.8212        78
2026-08-22 05:03:26 - INFO - 
2026-08-22 05:03:26 - INFO -       accuracy                         0.8224       152
2026-08-22 05:03:26 - INFO -      macro avg     0.8234    0.8231    0.8224       152
2026-08-22 05:03:26 - INFO -   weighted avg     0.8241    0.8224    0.8223       152
2026-08-22 05:03:26 - INFO - Confusion matrix - [[tn=63, fp=11], [fn=16, tp=62]]
2026-08-22 05:03:26 - INFO - probability_positive min=0.0013 mean=0.4841 std=0.4316 max=0.9996 predicted_0=79 predicted_1=73
2026-08-22 05:03:26 - INFO - New best model | Macro-F1: 0.822361 | Epoch: 4
2026-08-22 05:03:42 - INFO - Epoch 5/30 | Train loss: 0.255746 | Val loss: 0.439640 | LR: 2.00e-05 | Best epoch: 4 | Patience: 1 | Train: 14.37s | Validation: 1.60s | Epoch: 15.97s | Total: 82.79s
2026-08-22 05:03:42 - INFO - RecAdam target-task weight at epoch end: 0.993940
2026-08-22 05:03:42 - INFO - [Classification Report - split=train epoch=5 - threshold=0.50]
2026-08-22 05:03:42 - INFO -                 precision    recall  f1-score   support
2026-08-22 05:03:42 - INFO - 
2026-08-22 05:03:42 - INFO -       safe (0)     0.8894    0.8894    0.8894       235
2026-08-22 05:03:42 - INFO - vulnerable (1)     0.8824    0.8824    0.8824       221
2026-08-22 05:03:42 - INFO - 
2026-08-22 05:03:42 - INFO -       accuracy                         0.8860       456
2026-08-22 05:03:42 - INFO -      macro avg     0.8859    0.8859    0.8859       456
2026-08-22 05:03:42 - INFO -   weighted avg     0.8860    0.8860    0.8860       456
2026-08-22 05:03:42 - INFO - Confusion matrix - [[tn=209, fp=26], [fn=26, tp=195]]
2026-08-22 05:03:42 - INFO - probability_positive min=0.0006 mean=0.4727 std=0.4100 max=0.9994 predicted_0=235 predicted_1=221
2026-08-22 05:03:42 - INFO - [Classification Report - split=validation epoch=5 - threshold=0.50]
2026-08-22 05:03:42 - INFO -                 precision    recall  f1-score   support
2026-08-22 05:03:42 - INFO - 
2026-08-22 05:03:42 - INFO -       safe (0)     0.8219    0.8108    0.8163        74
2026-08-22 05:03:42 - INFO - vulnerable (1)     0.8228    0.8333    0.8280        78
2026-08-22 05:03:42 - INFO - 
2026-08-22 05:03:42 - INFO -       accuracy                         0.8224       152
2026-08-22 05:03:42 - INFO -      macro avg     0.8224    0.8221    0.8222       152
2026-08-22 05:03:42 - INFO -   weighted avg     0.8224    0.8224    0.8223       152
2026-08-22 05:03:42 - INFO - Confusion matrix - [[tn=60, fp=14], [fn=13, tp=65]]
2026-08-22 05:03:42 - INFO - probability_positive min=0.0007 mean=0.5069 std=0.4433 max=0.9998 predicted_0=73 predicted_1=79
2026-08-22 05:03:59 - INFO - Epoch 6/30 | Train loss: 0.169200 | Val loss: 0.593755 | LR: 2.00e-05 | Best epoch: 6 | Patience: 0 | Train: 14.36s | Validation: 1.60s | Epoch: 16.66s | Total: 99.47s
2026-08-22 05:03:59 - INFO - RecAdam target-task weight at epoch end: 0.998572
2026-08-22 05:03:59 - INFO - [Classification Report - split=train epoch=6 - threshold=0.50]
2026-08-22 05:03:59 - INFO -                 precision    recall  f1-score   support
2026-08-22 05:03:59 - INFO - 
2026-08-22 05:03:59 - INFO -       safe (0)     0.9505    0.8979    0.9234       235
2026-08-22 05:03:59 - INFO - vulnerable (1)     0.8974    0.9502    0.9231       221
2026-08-22 05:03:59 - INFO - 
2026-08-22 05:03:59 - INFO -       accuracy                         0.9232       456
2026-08-22 05:03:59 - INFO -      macro avg     0.9239    0.9240    0.9232       456
2026-08-22 05:03:59 - INFO -   weighted avg     0.9248    0.9232    0.9233       456
2026-08-22 05:03:59 - INFO - Confusion matrix - [[tn=211, fp=24], [fn=11, tp=210]]
2026-08-22 05:03:59 - INFO - probability_positive min=0.0007 mean=0.5066 std=0.4415 max=0.9997 predicted_0=222 predicted_1=234
2026-08-22 05:03:59 - INFO - [Classification Report - split=validation epoch=6 - threshold=0.50]
2026-08-22 05:03:59 - INFO -                 precision    recall  f1-score   support
2026-08-22 05:03:59 - INFO - 
2026-08-22 05:03:59 - INFO -       safe (0)     0.8333    0.8108    0.8219        74
2026-08-22 05:03:59 - INFO - vulnerable (1)     0.8250    0.8462    0.8354        78
2026-08-22 05:03:59 - INFO - 
2026-08-22 05:03:59 - INFO -       accuracy                         0.8289       152
2026-08-22 05:03:59 - INFO -      macro avg     0.8292    0.8285    0.8287       152
2026-08-22 05:03:59 - INFO -   weighted avg     0.8291    0.8289    0.8289       152
2026-08-22 05:03:59 - INFO - Confusion matrix - [[tn=60, fp=14], [fn=12, tp=66]]
2026-08-22 05:03:59 - INFO - probability_positive min=0.0003 mean=0.5219 std=0.4619 max=0.9999 predicted_0=72 predicted_1=80
2026-08-22 05:03:59 - INFO - New best model | Macro-F1: 0.828680 | Epoch: 6
2026-08-22 05:04:15 - INFO - Epoch 7/30 | Train loss: 0.140848 | Val loss: 0.716784 | LR: 2.00e-05 | Best epoch: 7 | Patience: 0 | Train: 14.37s | Validation: 1.59s | Epoch: 16.65s | Total: 116.15s
2026-08-22 05:04:15 - INFO - RecAdam target-task weight at epoch end: 0.999665
2026-08-22 05:04:15 - INFO - [Classification Report - split=train epoch=7 - threshold=0.50]
2026-08-22 05:04:15 - INFO -                 precision    recall  f1-score   support
2026-08-22 05:04:15 - INFO - 
2026-08-22 05:04:15 - INFO -       safe (0)     0.9520    0.9277    0.9397       235
2026-08-22 05:04:15 - INFO - vulnerable (1)     0.9251    0.9502    0.9375       221
2026-08-22 05:04:15 - INFO - 
2026-08-22 05:04:15 - INFO -       accuracy                         0.9386       456
2026-08-22 05:04:15 - INFO -      macro avg     0.9385    0.9389    0.9386       456
2026-08-22 05:04:15 - INFO -   weighted avg     0.9389    0.9386    0.9386       456
2026-08-22 05:04:15 - INFO - Confusion matrix - [[tn=218, fp=17], [fn=11, tp=210]]
2026-08-22 05:04:15 - INFO - probability_positive min=0.0003 mean=0.4937 std=0.4611 max=0.9998 predicted_0=229 predicted_1=227
2026-08-22 05:04:15 - INFO - [Classification Report - split=validation epoch=7 - threshold=0.50]
2026-08-22 05:04:15 - INFO -                 precision    recall  f1-score   support
2026-08-22 05:04:15 - INFO - 
2026-08-22 05:04:15 - INFO -       safe (0)     0.8267    0.8378    0.8322        74
2026-08-22 05:04:15 - INFO - vulnerable (1)     0.8442    0.8333    0.8387        78
2026-08-22 05:04:15 - INFO - 
2026-08-22 05:04:15 - INFO -       accuracy                         0.8355       152
2026-08-22 05:04:15 - INFO -      macro avg     0.8354    0.8356    0.8355       152
2026-08-22 05:04:15 - INFO -   weighted avg     0.8356    0.8355    0.8355       152
2026-08-22 05:04:15 - INFO - Confusion matrix - [[tn=62, fp=12], [fn=13, tp=65]]
2026-08-22 05:04:15 - INFO - probability_positive min=0.0002 mean=0.5164 std=0.4731 max=0.9999 predicted_0=75 predicted_1=77
2026-08-22 05:04:15 - INFO - New best model | Macro-F1: 0.835462 | Epoch: 7
2026-08-22 05:04:31 - INFO - Epoch 8/30 | Train loss: 0.119460 | Val loss: 0.797594 | LR: 2.00e-05 | Best epoch: 7 | Patience: 1 | Train: 14.37s | Validation: 1.60s | Epoch: 15.96s | Total: 132.12s
2026-08-22 05:04:31 - INFO - RecAdam target-task weight at epoch end: 0.999921
2026-08-22 05:04:31 - INFO - [Classification Report - split=train epoch=8 - threshold=0.50]
2026-08-22 05:04:31 - INFO -                 precision    recall  f1-score   support
2026-08-22 05:04:31 - INFO - 
2026-08-22 05:04:31 - INFO -       safe (0)     0.9867    0.9447    0.9652       235
2026-08-22 05:04:31 - INFO - vulnerable (1)     0.9437    0.9864    0.9646       221
2026-08-22 05:04:31 - INFO - 
2026-08-22 05:04:31 - INFO -       accuracy                         0.9649       456
2026-08-22 05:04:31 - INFO -      macro avg     0.9652    0.9656    0.9649       456
2026-08-22 05:04:31 - INFO -   weighted avg     0.9659    0.9649    0.9649       456
2026-08-22 05:04:31 - INFO - Confusion matrix - [[tn=222, fp=13], [fn=3, tp=218]]
2026-08-22 05:04:31 - INFO - probability_positive min=0.0002 mean=0.5018 std=0.4786 max=0.9999 predicted_0=225 predicted_1=231
2026-08-22 05:04:31 - INFO - [Classification Report - split=validation epoch=8 - threshold=0.50]
2026-08-22 05:04:31 - INFO -                 precision    recall  f1-score   support
2026-08-22 05:04:31 - INFO - 
2026-08-22 05:04:31 - INFO -       safe (0)     0.7975    0.8514    0.8235        74
2026-08-22 05:04:31 - INFO - vulnerable (1)     0.8493    0.7949    0.8212        78
2026-08-22 05:04:31 - INFO - 
2026-08-22 05:04:31 - INFO -       accuracy                         0.8224       152
2026-08-22 05:04:31 - INFO -      macro avg     0.8234    0.8231    0.8224       152
2026-08-22 05:04:31 - INFO -   weighted avg     0.8241    0.8224    0.8223       152
2026-08-22 05:04:31 - INFO - Confusion matrix - [[tn=63, fp=11], [fn=16, tp=62]]
2026-08-22 05:04:31 - INFO - probability_positive min=0.0001 mean=0.4827 std=0.4756 max=0.9999 predicted_0=79 predicted_1=73
2026-08-22 05:04:47 - INFO - Epoch 9/30 | Train loss: 0.083366 | Val loss: 0.995937 | LR: 2.00e-05 | Best epoch: 7 | Patience: 2 | Train: 14.36s | Validation: 1.59s | Epoch: 15.96s | Total: 148.09s
2026-08-22 05:04:47 - INFO - RecAdam target-task weight at epoch end: 0.999982
2026-08-22 05:04:47 - INFO - [Classification Report - split=train epoch=9 - threshold=0.50]
2026-08-22 05:04:47 - INFO -                 precision    recall  f1-score   support
2026-08-22 05:04:47 - INFO - 
2026-08-22 05:04:47 - INFO -       safe (0)     0.9623    0.9787    0.9705       235
2026-08-22 05:04:47 - INFO - vulnerable (1)     0.9770    0.9593    0.9680       221
2026-08-22 05:04:47 - INFO - 
2026-08-22 05:04:47 - INFO -       accuracy                         0.9693       456
2026-08-22 05:04:47 - INFO -      macro avg     0.9697    0.9690    0.9693       456
2026-08-22 05:04:47 - INFO -   weighted avg     0.9694    0.9693    0.9693       456
2026-08-22 05:04:47 - INFO - Confusion matrix - [[tn=230, fp=5], [fn=9, tp=212]]
2026-08-22 05:04:47 - INFO - probability_positive min=0.0001 mean=0.4786 std=0.4820 max=0.9999 predicted_0=239 predicted_1=217
2026-08-22 05:04:47 - INFO - [Classification Report - split=validation epoch=9 - threshold=0.50]
2026-08-22 05:04:47 - INFO -                 precision    recall  f1-score   support
2026-08-22 05:04:47 - INFO - 
2026-08-22 05:04:47 - INFO -       safe (0)     0.8108    0.8108    0.8108        74
2026-08-22 05:04:47 - INFO - vulnerable (1)     0.8205    0.8205    0.8205        78
2026-08-22 05:04:47 - INFO - 
2026-08-22 05:04:47 - INFO -       accuracy                         0.8158       152
2026-08-22 05:04:47 - INFO -      macro avg     0.8157    0.8157    0.8157       152
2026-08-22 05:04:47 - INFO -   weighted avg     0.8158    0.8158    0.8158       152
2026-08-22 05:04:47 - INFO - Confusion matrix - [[tn=60, fp=14], [fn=14, tp=64]]
2026-08-22 05:04:47 - INFO - probability_positive min=0.0000 mean=0.5210 std=0.4835 max=0.9999 predicted_0=74 predicted_1=78
2026-08-22 05:05:03 - INFO - Epoch 10/30 | Train loss: 0.081648 | Val loss: 1.105352 | LR: 2.00e-05 | Best epoch: 7 | Patience: 3 | Train: 14.36s | Validation: 1.59s | Epoch: 15.95s | Total: 164.06s
2026-08-22 05:05:03 - INFO - RecAdam target-task weight at epoch end: 0.999996
2026-08-22 05:05:03 - INFO - [Classification Report - split=train epoch=10 - threshold=0.50]
2026-08-22 05:05:03 - INFO -                 precision    recall  f1-score   support
2026-08-22 05:05:03 - INFO - 
2026-08-22 05:05:03 - INFO -       safe (0)     0.9787    0.9787    0.9787       235
2026-08-22 05:05:03 - INFO - vulnerable (1)     0.9774    0.9774    0.9774       221
2026-08-22 05:05:03 - INFO - 
2026-08-22 05:05:03 - INFO -       accuracy                         0.9781       456
2026-08-22 05:05:03 - INFO -      macro avg     0.9780    0.9780    0.9780       456
2026-08-22 05:05:03 - INFO -   weighted avg     0.9781    0.9781    0.9781       456
2026-08-22 05:05:03 - INFO - Confusion matrix - [[tn=230, fp=5], [fn=5, tp=216]]
2026-08-22 05:05:03 - INFO - probability_positive min=0.0000 mean=0.4856 std=0.4893 max=0.9999 predicted_0=235 predicted_1=221
2026-08-22 05:05:03 - INFO - [Classification Report - split=validation epoch=10 - threshold=0.50]
2026-08-22 05:05:03 - INFO -                 precision    recall  f1-score   support
2026-08-22 05:05:03 - INFO - 
2026-08-22 05:05:03 - INFO -       safe (0)     0.7821    0.8243    0.8026        74
2026-08-22 05:05:03 - INFO - vulnerable (1)     0.8243    0.7821    0.8026        78
2026-08-22 05:05:03 - INFO - 
2026-08-22 05:05:03 - INFO -       accuracy                         0.8026       152
2026-08-22 05:05:03 - INFO -      macro avg     0.8032    0.8032    0.8026       152
2026-08-22 05:05:03 - INFO -   weighted avg     0.8037    0.8026    0.8026       152
2026-08-22 05:05:03 - INFO - Confusion matrix - [[tn=61, fp=13], [fn=17, tp=61]]
2026-08-22 05:05:03 - INFO - probability_positive min=0.0000 mean=0.4833 std=0.4884 max=0.9999 predicted_0=78 predicted_1=74
2026-08-22 05:05:19 - INFO - Epoch 11/30 | Train loss: 0.098698 | Val loss: 1.017188 | LR: 2.00e-05 | Best epoch: 7 | Patience: 4 | Train: 14.36s | Validation: 1.59s | Epoch: 15.95s | Total: 180.03s
2026-08-22 05:05:19 - INFO - RecAdam target-task weight at epoch end: 0.999999
2026-08-22 05:05:19 - INFO - [Classification Report - split=train epoch=11 - threshold=0.50]
2026-08-22 05:05:19 - INFO -                 precision    recall  f1-score   support
2026-08-22 05:05:19 - INFO - 
2026-08-22 05:05:19 - INFO -       safe (0)     0.9664    0.9787    0.9725       235
2026-08-22 05:05:19 - INFO - vulnerable (1)     0.9771    0.9638    0.9704       221
2026-08-22 05:05:19 - INFO - 
2026-08-22 05:05:19 - INFO -       accuracy                         0.9715       456
2026-08-22 05:05:19 - INFO -      macro avg     0.9717    0.9713    0.9715       456
2026-08-22 05:05:19 - INFO -   weighted avg     0.9716    0.9715    0.9715       456
2026-08-22 05:05:19 - INFO - Confusion matrix - [[tn=230, fp=5], [fn=8, tp=213]]
2026-08-22 05:05:19 - INFO - probability_positive min=0.0001 mean=0.4782 std=0.4926 max=0.9999 predicted_0=238 predicted_1=218
2026-08-22 05:05:19 - INFO - [Classification Report - split=validation epoch=11 - threshold=0.50]
2026-08-22 05:05:19 - INFO -                 precision    recall  f1-score   support
2026-08-22 05:05:19 - INFO - 
2026-08-22 05:05:19 - INFO -       safe (0)     0.7647    0.8784    0.8176        74
2026-08-22 05:05:19 - INFO - vulnerable (1)     0.8657    0.7436    0.8000        78
2026-08-22 05:05:19 - INFO - 
2026-08-22 05:05:19 - INFO -       accuracy                         0.8092       152
2026-08-22 05:05:19 - INFO -      macro avg     0.8152    0.8110    0.8088       152
2026-08-22 05:05:19 - INFO -   weighted avg     0.8165    0.8092    0.8086       152
2026-08-22 05:05:19 - INFO - Confusion matrix - [[tn=65, fp=9], [fn=20, tp=58]]
2026-08-22 05:05:19 - INFO - probability_positive min=0.0000 mean=0.4375 std=0.4736 max=1.0000 predicted_0=85 predicted_1=67
2026-08-22 05:05:35 - INFO - Epoch 12/30 | Train loss: 0.030531 | Val loss: 1.248258 | LR: 2.00e-05 | Best epoch: 7 | Patience: 5 | Train: 14.37s | Validation: 1.59s | Epoch: 15.97s | Total: 196.01s
2026-08-22 05:05:35 - INFO - RecAdam target-task weight at epoch end: 1.000000
2026-08-22 05:05:35 - INFO - [Classification Report - split=train epoch=12 - threshold=0.50]
2026-08-22 05:05:35 - INFO -                 precision    recall  f1-score   support
2026-08-22 05:05:35 - INFO - 
2026-08-22 05:05:35 - INFO -       safe (0)     0.9873    0.9957    0.9915       235
2026-08-22 05:05:35 - INFO - vulnerable (1)     0.9954    0.9864    0.9909       221
2026-08-22 05:05:35 - INFO - 
2026-08-22 05:05:35 - INFO -       accuracy                         0.9912       456
2026-08-22 05:05:35 - INFO -      macro avg     0.9914    0.9911    0.9912       456
2026-08-22 05:05:35 - INFO -   weighted avg     0.9913    0.9912    0.9912       456
2026-08-22 05:05:35 - INFO - Confusion matrix - [[tn=234, fp=1], [fn=3, tp=218]]
2026-08-22 05:05:35 - INFO - probability_positive min=0.0000 mean=0.4780 std=0.4940 max=1.0000 predicted_0=237 predicted_1=219
2026-08-22 05:05:35 - INFO - [Classification Report - split=validation epoch=12 - threshold=0.50]
2026-08-22 05:05:35 - INFO -                 precision    recall  f1-score   support
2026-08-22 05:05:35 - INFO - 
2026-08-22 05:05:35 - INFO -       safe (0)     0.8356    0.8243    0.8299        74
2026-08-22 05:05:35 - INFO - vulnerable (1)     0.8354    0.8462    0.8408        78
2026-08-22 05:05:35 - INFO - 
2026-08-22 05:05:35 - INFO -       accuracy                         0.8355       152
2026-08-22 05:05:35 - INFO -      macro avg     0.8355    0.8352    0.8353       152
2026-08-22 05:05:35 - INFO -   weighted avg     0.8355    0.8355    0.8355       152
2026-08-22 05:05:35 - INFO - Confusion matrix - [[tn=61, fp=13], [fn=12, tp=66]]
2026-08-22 05:05:35 - INFO - probability_positive min=0.0000 mean=0.5155 std=0.4881 max=1.0000 predicted_0=73 predicted_1=79
2026-08-22 05:05:35 - INFO - Early stopping | Epoch: 12 | Best epoch: 7
2026-08-22 05:05:35 - INFO - Best checkpoint saved | Path: model/fam1_codebert/transfer_latent_bottleneck/seed_42/fold1/best.pt | Epoch: 7 | Val macro_f1: 0.835462
2026-08-22 05:05:35 - INFO - Training finished | Elapsed: 196.02s
2026-08-22 05:05:35 - INFO - Run finished | Phase: phase2 | Fold: 1 | Seed: 42 | Elapsed: 200.57s
