2026-08-22 10:20:48 - INFO - Using device: cuda
2026-08-22 10:20:48 - INFO - Run started | Run: emb1_emb | Method: transfer_latent_proto | Phase: phase1 | Fold: 1 | Seed: 42 | Device: cuda
2026-08-22 10:20:48 - INFO - Loading Phase-1 source data: data/train_ccpp_js.jsonl
2026-08-22 10:20:48 - INFO - Detected Phase-1 languages: ['ccpp', 'js']
2026-08-22 10:20:48 - INFO - Auxiliary CWE vocabulary: fixed four-way {'CWE-022': 0, 'CWE-078': 1, 'CWE-079': 2, 'CWE-089': 3}
2026-08-22 10:20:48 - INFO - Source split | Language: ccpp | Conservative pairs: 73 | Singletons: 0 | Stratified: True | Ratio: 90/10 | Seed: 42
2026-08-22 10:20:48 - INFO - Source split | Language: js | Conservative pairs: 565 | Singletons: 8 | Stratified: True | Ratio: 90/10 | Seed: 43
2026-08-22 10:20:48 - INFO - Combined source split | Languages: ['ccpp', 'js'] | Train: 1152 | Validation: 132
2026-08-22 10:20:48 - WARNING - No upstream pair/repo/commit IDs: adjacent groups are protected, but distant near-duplicate families may still cross source train/validation
2026-08-22 10:20:48 - INFO - Data split: source_train | Total: 1152 | Labels: {0: 577, 1: 575} | CWEs: {'CWE-022': 118, 'CWE-078': 168, 'CWE-079': 744, 'CWE-089': 122} | Languages: {'ccpp': 130, 'js': 1022} | Invalid CWE: 0
2026-08-22 10:20:48 - INFO - Data split: source_val | Total: 132 | Labels: {0: 66, 1: 66} | CWEs: {'CWE-022': 14, 'CWE-078': 20, 'CWE-079': 86, 'CWE-089': 12} | Languages: {'ccpp': 16, 'js': 116} | Invalid CWE: 0
2026-08-22 10:20:50 - INFO - Environment: {"components": {"backbone": {"frozen": 0, "total": 109609344, "trainable": 109609344}, "latent_proj": {"frozen": 0, "total": 596744, "trainable": 596744}, "vul_head": {"frozen": 0, "total": 1538, "trainable": 1538}}, "cuda": "12.8", "fold": 1, "frozen_parameters": 0, "gpu": "NVIDIA GeForce RTX 5070 Ti", "hyperparameters": {"anneal_fun": "sigmoid", "anneal_k": 0.05, "anneal_t0_ratio": 0.05, "anneal_w": 1.0, "aux_mode": "latent_proto", "batch_size": 16, "checkpoint_path": "model/emb1_emb/transfer_latent_proto/seed_42/source/best.pt", "cwe_vocab": "fixed4", "data_path": "data/train_ccpp_js.jsonl", "data_root": "data/sven_python_folds_norm", "epochs": 15, "eval_batch_size": 16, "fold": 1, "freeze_backbone_layers": 0, "freeze_prototypes_steps": 0, "lambda_cwe": 0.2, "latent_temperature": 0.1, "learning_rate": 2e-05, "lora_rank": 0, "lp_epochs": 0, "lp_learning_rate": 0.001, "max_eval_samples": null, "max_grad_norm": 1.0, "max_length": 512, "max_train_samples": null, "method_name": "transfer_latent_proto", "min_epochs": 3, "model_name": "Salesforce/codet5p-110m-embedding", "num_cwes": 4, "num_latent": 8, "num_workers": 0, "output_dir": "results/emb1_emb/transfer_latent_proto", "patience": 5, "phase": "phase1", "phase2_optimizer": "recadam", "pooling": "mean", "pretrain_cof": 5000.0, "recadam_anchor": "source", "result_path": "results/emb1_emb/transfer_latent_proto/seed_42/fold1.json", "run_name": "emb1_emb", "seed": 42, "selection_metric": "macro_f1", "source_checkpoint": null, "source_interpolation": 1.0, "strict_determinism": false, "target_lang": "python", "test_path": null, "train_path": null, "truncation_strategy": "head_middle_tail", "val_path": null, "weight_decay": 0.01}, "mode": "phase1_train", "model_name": "Salesforce/codet5p-110m-embedding", "seed": 42, "sklearn": "1.9.0", "torch": "2.11.0+cu128", "trainable_parameters": 110207626, "transformers": "4.57.1"}
2026-08-22 10:20:50 - INFO - Training started | Phase: phase1 | Epochs: 15
2026-08-22 10:21:13 - INFO - Epoch 1/15 | Train loss: 0.992937 | Val loss: 1.031222 | LR: 2.00e-05 | Best epoch: 1 | Patience: 0 | Train: 22.20s | Validation: 0.87s | Epoch: 23.30s | Total: 23.30s
2026-08-22 10:21:13 - INFO - Phase-1 losses | Vulnerability: 0.699283 | CWE: 1.468266 | Total: 0.992937
2026-08-22 10:21:13 - INFO - Latent structure | Slots used: 8/8 | Largest slot: 0.187 | NMI vs CWE: 0.0486 | NMI vs binary: 0.0035
2026-08-22 10:21:13 - INFO - [Classification Report - split=train epoch=1 - threshold=0.50]
2026-08-22 10:21:13 - INFO -                 precision    recall  f1-score   support
2026-08-22 10:21:13 - INFO - 
2026-08-22 10:21:13 - INFO -       safe (0)     0.4754    0.6360    0.5441       577
2026-08-22 10:21:13 - INFO - vulnerable (1)     0.4474    0.2957    0.3560       575
2026-08-22 10:21:13 - INFO - 
2026-08-22 10:21:13 - INFO -       accuracy                         0.4661      1152
2026-08-22 10:21:13 - INFO -      macro avg     0.4614    0.4659    0.4501      1152
2026-08-22 10:21:13 - INFO -   weighted avg     0.4614    0.4661    0.4502      1152
2026-08-22 10:21:13 - INFO - Confusion matrix - [[tn=367, fp=210], [fn=405, tp=170]]
2026-08-22 10:21:13 - INFO - probability_positive min=0.4179 mean=0.4877 std=0.0256 max=0.5868 predicted_0=772 predicted_1=380
2026-08-22 10:21:13 - INFO - [Classification Report - split=validation epoch=1 - threshold=0.50]
2026-08-22 10:21:13 - INFO -                 precision    recall  f1-score   support
2026-08-22 10:21:13 - INFO - 
2026-08-22 10:21:13 - INFO -       safe (0)     0.5714    0.1818    0.2759        66
2026-08-22 10:21:13 - INFO - vulnerable (1)     0.5135    0.8636    0.6441        66
2026-08-22 10:21:13 - INFO - 
2026-08-22 10:21:13 - INFO -       accuracy                         0.5227       132
2026-08-22 10:21:13 - INFO -      macro avg     0.5425    0.5227    0.4600       132
2026-08-22 10:21:13 - INFO -   weighted avg     0.5425    0.5227    0.4600       132
2026-08-22 10:21:13 - INFO - Confusion matrix - [[tn=12, fp=54], [fn=9, tp=57]]
2026-08-22 10:21:13 - INFO - probability_positive min=0.4323 mean=0.5134 std=0.0191 max=0.5586 predicted_0=21 predicted_1=111
2026-08-22 10:21:13 - INFO - New best model | Macro-F1: 0.459965 | Epoch: 1
2026-08-22 10:21:36 - INFO - Epoch 2/15 | Train loss: 0.886508 | Val loss: 0.982059 | LR: 2.00e-05 | Best epoch: 1 | Patience: 0 | Train: 21.89s | Validation: 0.87s | Epoch: 22.76s | Total: 46.07s
2026-08-22 10:21:36 - INFO - Phase-1 losses | Vulnerability: 0.697567 | CWE: 0.944709 | Total: 0.886508
2026-08-22 10:21:36 - INFO - Latent structure | Slots used: 8/8 | Largest slot: 0.178 | NMI vs CWE: 0.0723 | NMI vs binary: 0.0014
2026-08-22 10:21:36 - INFO - [Classification Report - split=train epoch=2 - threshold=0.50]
2026-08-22 10:21:36 - INFO -                 precision    recall  f1-score   support
2026-08-22 10:21:36 - INFO - 
2026-08-22 10:21:36 - INFO -       safe (0)     0.5111    0.4003    0.4490       577
2026-08-22 10:21:36 - INFO - vulnerable (1)     0.5057    0.6157    0.5553       575
2026-08-22 10:21:36 - INFO - 
2026-08-22 10:21:36 - INFO -       accuracy                         0.5078      1152
2026-08-22 10:21:36 - INFO -      macro avg     0.5084    0.5080    0.5021      1152
2026-08-22 10:21:36 - INFO -   weighted avg     0.5084    0.5078    0.5020      1152
2026-08-22 10:21:36 - INFO - Confusion matrix - [[tn=231, fp=346], [fn=221, tp=354]]
2026-08-22 10:21:36 - INFO - probability_positive min=0.3443 mean=0.5012 std=0.0499 max=0.6176 predicted_0=452 predicted_1=700
2026-08-22 10:21:36 - INFO - [Classification Report - split=validation epoch=2 - threshold=0.50]
2026-08-22 10:21:36 - INFO -                 precision    recall  f1-score   support
2026-08-22 10:21:36 - INFO - 
2026-08-22 10:21:36 - INFO -       safe (0)     0.5000    1.0000    0.6667        66
2026-08-22 10:21:36 - INFO - vulnerable (1)     0.0000    0.0000    0.0000        66
2026-08-22 10:21:36 - INFO - 
2026-08-22 10:21:36 - INFO -       accuracy                         0.5000       132
2026-08-22 10:21:36 - INFO -      macro avg     0.2500    0.5000    0.3333       132
2026-08-22 10:21:36 - INFO -   weighted avg     0.2500    0.5000    0.3333       132
2026-08-22 10:21:36 - INFO - Confusion matrix - [[tn=66, fp=0], [fn=66, tp=0]]
2026-08-22 10:21:36 - INFO - probability_positive min=0.3864 mean=0.4381 std=0.0236 max=0.4964 predicted_0=132 predicted_1=0
2026-08-22 10:21:59 - INFO - Epoch 3/15 | Train loss: 0.853188 | Val loss: 0.984247 | LR: 2.00e-05 | Best epoch: 3 | Patience: 0 | Train: 21.90s | Validation: 0.87s | Epoch: 23.01s | Total: 69.08s
2026-08-22 10:21:59 - INFO - Phase-1 losses | Vulnerability: 0.694960 | CWE: 0.791139 | Total: 0.853188
2026-08-22 10:21:59 - INFO - Latent structure | Slots used: 8/8 | Largest slot: 0.164 | NMI vs CWE: 0.0804 | NMI vs binary: 0.0009
2026-08-22 10:21:59 - INFO - [Classification Report - split=train epoch=3 - threshold=0.50]
2026-08-22 10:21:59 - INFO -                 precision    recall  f1-score   support
2026-08-22 10:21:59 - INFO - 
2026-08-22 10:21:59 - INFO -       safe (0)     0.5147    0.4541    0.4825       577
2026-08-22 10:21:59 - INFO - vulnerable (1)     0.5101    0.5704    0.5386       575
2026-08-22 10:21:59 - INFO - 
2026-08-22 10:21:59 - INFO -       accuracy                         0.5122      1152
2026-08-22 10:21:59 - INFO -      macro avg     0.5124    0.5123    0.5105      1152
2026-08-22 10:21:59 - INFO -   weighted avg     0.5124    0.5122    0.5105      1152
2026-08-22 10:21:59 - INFO - Confusion matrix - [[tn=262, fp=315], [fn=247, tp=328]]
2026-08-22 10:21:59 - INFO - probability_positive min=0.3889 mean=0.5023 std=0.0344 max=0.5954 predicted_0=509 predicted_1=643
2026-08-22 10:21:59 - INFO - [Classification Report - split=validation epoch=3 - threshold=0.50]
2026-08-22 10:21:59 - INFO -                 precision    recall  f1-score   support
2026-08-22 10:21:59 - INFO - 
2026-08-22 10:21:59 - INFO -       safe (0)     0.5143    0.2727    0.3564        66
2026-08-22 10:21:59 - INFO - vulnerable (1)     0.5052    0.7424    0.6012        66
2026-08-22 10:21:59 - INFO - 
2026-08-22 10:21:59 - INFO -       accuracy                         0.5076       132
2026-08-22 10:21:59 - INFO -      macro avg     0.5097    0.5076    0.4788       132
2026-08-22 10:21:59 - INFO -   weighted avg     0.5097    0.5076    0.4788       132
2026-08-22 10:21:59 - INFO - Confusion matrix - [[tn=18, fp=48], [fn=17, tp=49]]
2026-08-22 10:21:59 - INFO - probability_positive min=0.4610 mean=0.5151 std=0.0246 max=0.5858 predicted_0=35 predicted_1=97
2026-08-22 10:21:59 - INFO - New best model | Macro-F1: 0.478831 | Epoch: 3
2026-08-22 10:22:22 - INFO - Epoch 4/15 | Train loss: 0.861928 | Val loss: 1.001859 | LR: 2.00e-05 | Best epoch: 4 | Patience: 0 | Train: 21.87s | Validation: 0.87s | Epoch: 22.97s | Total: 92.06s
2026-08-22 10:22:22 - INFO - Phase-1 losses | Vulnerability: 0.692949 | CWE: 0.844893 | Total: 0.861928
2026-08-22 10:22:22 - INFO - Latent structure | Slots used: 8/8 | Largest slot: 0.155 | NMI vs CWE: 0.0976 | NMI vs binary: 0.0006
2026-08-22 10:22:22 - INFO - [Classification Report - split=train epoch=4 - threshold=0.50]
2026-08-22 10:22:22 - INFO -                 precision    recall  f1-score   support
2026-08-22 10:22:22 - INFO - 
2026-08-22 10:22:22 - INFO -       safe (0)     0.5312    0.5303    0.5308       577
2026-08-22 10:22:22 - INFO - vulnerable (1)     0.5295    0.5304    0.5300       575
2026-08-22 10:22:22 - INFO - 
2026-08-22 10:22:22 - INFO -       accuracy                         0.5304      1152
2026-08-22 10:22:22 - INFO -      macro avg     0.5304    0.5304    0.5304      1152
2026-08-22 10:22:22 - INFO -   weighted avg     0.5304    0.5304    0.5304      1152
2026-08-22 10:22:22 - INFO - Confusion matrix - [[tn=306, fp=271], [fn=270, tp=305]]
2026-08-22 10:22:22 - INFO - probability_positive min=0.3638 mean=0.4943 std=0.0537 max=0.6244 predicted_0=576 predicted_1=576
2026-08-22 10:22:22 - INFO - [Classification Report - split=validation epoch=4 - threshold=0.50]
2026-08-22 10:22:22 - INFO -                 precision    recall  f1-score   support
2026-08-22 10:22:22 - INFO - 
2026-08-22 10:22:22 - INFO -       safe (0)     0.5714    0.4848    0.5246        66
2026-08-22 10:22:22 - INFO - vulnerable (1)     0.5526    0.6364    0.5915        66
2026-08-22 10:22:22 - INFO - 
2026-08-22 10:22:22 - INFO -       accuracy                         0.5606       132
2026-08-22 10:22:22 - INFO -      macro avg     0.5620    0.5606    0.5581       132
2026-08-22 10:22:22 - INFO -   weighted avg     0.5620    0.5606    0.5581       132
2026-08-22 10:22:22 - INFO - Confusion matrix - [[tn=32, fp=34], [fn=24, tp=42]]
2026-08-22 10:22:22 - INFO - probability_positive min=0.4475 mean=0.5047 std=0.0262 max=0.5914 predicted_0=56 predicted_1=76
2026-08-22 10:22:22 - INFO - New best model | Macro-F1: 0.558070 | Epoch: 4
2026-08-22 10:22:45 - INFO - Epoch 5/15 | Train loss: 0.844897 | Val loss: 0.984297 | LR: 2.00e-05 | Best epoch: 4 | Patience: 1 | Train: 21.87s | Validation: 0.87s | Epoch: 22.74s | Total: 114.81s
2026-08-22 10:22:45 - INFO - Phase-1 losses | Vulnerability: 0.689774 | CWE: 0.775613 | Total: 0.844897
2026-08-22 10:22:45 - INFO - Latent structure | Slots used: 8/8 | Largest slot: 0.163 | NMI vs CWE: 0.1038 | NMI vs binary: 0.0005
2026-08-22 10:22:45 - INFO - [Classification Report - split=train epoch=5 - threshold=0.50]
2026-08-22 10:22:45 - INFO -                 precision    recall  f1-score   support
2026-08-22 10:22:45 - INFO - 
2026-08-22 10:22:45 - INFO -       safe (0)     0.5323    0.4853    0.5077       577
2026-08-22 10:22:45 - INFO - vulnerable (1)     0.5256    0.5722    0.5479       575
2026-08-22 10:22:45 - INFO - 
2026-08-22 10:22:45 - INFO -       accuracy                         0.5286      1152
2026-08-22 10:22:45 - INFO -      macro avg     0.5289    0.5287    0.5278      1152
2026-08-22 10:22:45 - INFO -   weighted avg     0.5289    0.5286    0.5278      1152
2026-08-22 10:22:45 - INFO - Confusion matrix - [[tn=280, fp=297], [fn=246, tp=329]]
2026-08-22 10:22:45 - INFO - probability_positive min=0.3266 mean=0.5058 std=0.0465 max=0.6501 predicted_0=526 predicted_1=626
2026-08-22 10:22:45 - INFO - [Classification Report - split=validation epoch=5 - threshold=0.50]
2026-08-22 10:22:45 - INFO -                 precision    recall  f1-score   support
2026-08-22 10:22:45 - INFO - 
2026-08-22 10:22:45 - INFO -       safe (0)     0.5169    0.9242    0.6630        66
2026-08-22 10:22:45 - INFO - vulnerable (1)     0.6429    0.1364    0.2250        66
2026-08-22 10:22:45 - INFO - 
2026-08-22 10:22:45 - INFO -       accuracy                         0.5303       132
2026-08-22 10:22:45 - INFO -      macro avg     0.5799    0.5303    0.4440       132
2026-08-22 10:22:45 - INFO -   weighted avg     0.5799    0.5303    0.4440       132
2026-08-22 10:22:45 - INFO - Confusion matrix - [[tn=61, fp=5], [fn=57, tp=9]]
2026-08-22 10:22:45 - INFO - probability_positive min=0.3362 mean=0.4553 std=0.0344 max=0.5519 predicted_0=118 predicted_1=14
2026-08-22 10:23:07 - INFO - Epoch 6/15 | Train loss: 0.837842 | Val loss: 1.024735 | LR: 2.00e-05 | Best epoch: 6 | Patience: 0 | Train: 21.85s | Validation: 0.87s | Epoch: 22.95s | Total: 137.77s
2026-08-22 10:23:07 - INFO - Phase-1 losses | Vulnerability: 0.681363 | CWE: 0.782396 | Total: 0.837842
2026-08-22 10:23:07 - INFO - Latent structure | Slots used: 8/8 | Largest slot: 0.163 | NMI vs CWE: 0.0875 | NMI vs binary: 0.0013
2026-08-22 10:23:07 - INFO - [Classification Report - split=train epoch=6 - threshold=0.50]
2026-08-22 10:23:07 - INFO -                 precision    recall  f1-score   support
2026-08-22 10:23:07 - INFO - 
2026-08-22 10:23:07 - INFO -       safe (0)     0.5375    0.5459    0.5417       577
2026-08-22 10:23:07 - INFO - vulnerable (1)     0.5371    0.5287    0.5329       575
2026-08-22 10:23:07 - INFO - 
2026-08-22 10:23:07 - INFO -       accuracy                         0.5373      1152
2026-08-22 10:23:07 - INFO -      macro avg     0.5373    0.5373    0.5373      1152
2026-08-22 10:23:07 - INFO -   weighted avg     0.5373    0.5373    0.5373      1152
2026-08-22 10:23:07 - INFO - Confusion matrix - [[tn=315, fp=262], [fn=271, tp=304]]
2026-08-22 10:23:07 - INFO - probability_positive min=0.2366 mean=0.4952 std=0.0497 max=0.6296 predicted_0=586 predicted_1=566
2026-08-22 10:23:07 - INFO - [Classification Report - split=validation epoch=6 - threshold=0.50]
2026-08-22 10:23:07 - INFO -                 precision    recall  f1-score   support
2026-08-22 10:23:07 - INFO - 
2026-08-22 10:23:07 - INFO -       safe (0)     0.5645    0.5303    0.5469        66
2026-08-22 10:23:07 - INFO - vulnerable (1)     0.5571    0.5909    0.5735        66
2026-08-22 10:23:07 - INFO - 
2026-08-22 10:23:07 - INFO -       accuracy                         0.5606       132
2026-08-22 10:23:07 - INFO -      macro avg     0.5608    0.5606    0.5602       132
2026-08-22 10:23:07 - INFO -   weighted avg     0.5608    0.5606    0.5602       132
2026-08-22 10:23:07 - INFO - Confusion matrix - [[tn=35, fp=31], [fn=27, tp=39]]
2026-08-22 10:23:07 - INFO - probability_positive min=0.2190 mean=0.4881 std=0.0667 max=0.6810 predicted_0=62 predicted_1=70
2026-08-22 10:23:07 - INFO - New best model | Macro-F1: 0.560202 | Epoch: 6
2026-08-22 10:23:30 - INFO - Epoch 7/15 | Train loss: 0.832074 | Val loss: 0.955282 | LR: 2.00e-05 | Best epoch: 6 | Patience: 1 | Train: 21.86s | Validation: 0.87s | Epoch: 22.73s | Total: 160.51s
2026-08-22 10:23:30 - INFO - Phase-1 losses | Vulnerability: 0.674382 | CWE: 0.788460 | Total: 0.832074
2026-08-22 10:23:30 - INFO - Latent structure | Slots used: 8/8 | Largest slot: 0.164 | NMI vs CWE: 0.0952 | NMI vs binary: 0.0026
2026-08-22 10:23:30 - INFO - [Classification Report - split=train epoch=7 - threshold=0.50]
2026-08-22 10:23:30 - INFO -                 precision    recall  f1-score   support
2026-08-22 10:23:30 - INFO - 
2026-08-22 10:23:30 - INFO -       safe (0)     0.5659    0.5806    0.5731       577
2026-08-22 10:23:30 - INFO - vulnerable (1)     0.5679    0.5530    0.5604       575
2026-08-22 10:23:30 - INFO - 
2026-08-22 10:23:30 - INFO -       accuracy                         0.5668      1152
2026-08-22 10:23:30 - INFO -      macro avg     0.5669    0.5668    0.5667      1152
2026-08-22 10:23:30 - INFO -   weighted avg     0.5669    0.5668    0.5668      1152
2026-08-22 10:23:30 - INFO - Confusion matrix - [[tn=335, fp=242], [fn=257, tp=318]]
2026-08-22 10:23:30 - INFO - probability_positive min=0.1407 mean=0.4858 std=0.0875 max=0.7427 predicted_0=592 predicted_1=560
2026-08-22 10:23:30 - INFO - [Classification Report - split=validation epoch=7 - threshold=0.50]
2026-08-22 10:23:30 - INFO -                 precision    recall  f1-score   support
2026-08-22 10:23:30 - INFO - 
2026-08-22 10:23:30 - INFO -       safe (0)     0.5882    0.3030    0.4000        66
2026-08-22 10:23:30 - INFO - vulnerable (1)     0.5306    0.7879    0.6341        66
2026-08-22 10:23:30 - INFO - 
2026-08-22 10:23:30 - INFO -       accuracy                         0.5455       132
2026-08-22 10:23:30 - INFO -      macro avg     0.5594    0.5455    0.5171       132
2026-08-22 10:23:30 - INFO -   weighted avg     0.5594    0.5455    0.5171       132
2026-08-22 10:23:30 - INFO - Confusion matrix - [[tn=20, fp=46], [fn=14, tp=52]]
2026-08-22 10:23:30 - INFO - probability_positive min=0.1883 mean=0.5363 std=0.0876 max=0.7650 predicted_0=34 predicted_1=98
2026-08-22 10:23:53 - INFO - Epoch 8/15 | Train loss: 0.830188 | Val loss: 0.932633 | LR: 2.00e-05 | Best epoch: 8 | Patience: 2 | Train: 21.86s | Validation: 0.87s | Epoch: 22.96s | Total: 183.48s
2026-08-22 10:23:53 - INFO - Phase-1 losses | Vulnerability: 0.668379 | CWE: 0.809047 | Total: 0.830188
2026-08-22 10:23:53 - INFO - Latent structure | Slots used: 8/8 | Largest slot: 0.155 | NMI vs CWE: 0.1075 | NMI vs binary: 0.0033
2026-08-22 10:23:53 - INFO - [Classification Report - split=train epoch=8 - threshold=0.50]
2026-08-22 10:23:53 - INFO -                 precision    recall  f1-score   support
2026-08-22 10:23:53 - INFO - 
2026-08-22 10:23:53 - INFO -       safe (0)     0.5657    0.4627    0.5091       577
2026-08-22 10:23:53 - INFO - vulnerable (1)     0.5441    0.6435    0.5896       575
2026-08-22 10:23:53 - INFO - 
2026-08-22 10:23:53 - INFO -       accuracy                         0.5530      1152
2026-08-22 10:23:53 - INFO -      macro avg     0.5549    0.5531    0.5493      1152
2026-08-22 10:23:53 - INFO -   weighted avg     0.5549    0.5530    0.5493      1152
2026-08-22 10:23:53 - INFO - Confusion matrix - [[tn=267, fp=310], [fn=205, tp=370]]
2026-08-22 10:23:53 - INFO - probability_positive min=0.1178 mean=0.5093 std=0.0986 max=0.8231 predicted_0=472 predicted_1=680
2026-08-22 10:23:53 - INFO - [Classification Report - split=validation epoch=8 - threshold=0.50]
2026-08-22 10:23:53 - INFO -                 precision    recall  f1-score   support
2026-08-22 10:23:53 - INFO - 
2026-08-22 10:23:53 - INFO -       safe (0)     0.5645    0.5303    0.5469        66
2026-08-22 10:23:53 - INFO - vulnerable (1)     0.5571    0.5909    0.5735        66
2026-08-22 10:23:53 - INFO - 
2026-08-22 10:23:53 - INFO -       accuracy                         0.5606       132
2026-08-22 10:23:53 - INFO -      macro avg     0.5608    0.5606    0.5602       132
2026-08-22 10:23:53 - INFO -   weighted avg     0.5608    0.5606    0.5602       132
2026-08-22 10:23:53 - INFO - Confusion matrix - [[tn=35, fp=31], [fn=27, tp=39]]
2026-08-22 10:23:53 - INFO - probability_positive min=0.1224 mean=0.4854 std=0.0912 max=0.7842 predicted_0=62 predicted_1=70
2026-08-22 10:23:53 - INFO - Latest tied-best checkpoint saved | Macro-F1: 0.560202 | Epoch: 8
2026-08-22 10:24:16 - INFO - Epoch 9/15 | Train loss: 0.799410 | Val loss: 0.978838 | LR: 2.00e-05 | Best epoch: 9 | Patience: 0 | Train: 21.87s | Validation: 0.88s | Epoch: 22.97s | Total: 206.46s
2026-08-22 10:24:16 - INFO - Phase-1 losses | Vulnerability: 0.660570 | CWE: 0.694199 | Total: 0.799410
2026-08-22 10:24:16 - INFO - Latent structure | Slots used: 8/8 | Largest slot: 0.159 | NMI vs CWE: 0.1019 | NMI vs binary: 0.0036
2026-08-22 10:24:16 - INFO - [Classification Report - split=train epoch=9 - threshold=0.50]
2026-08-22 10:24:16 - INFO -                 precision    recall  f1-score   support
2026-08-22 10:24:16 - INFO - 
2026-08-22 10:24:16 - INFO -       safe (0)     0.5838    0.5251    0.5529       577
2026-08-22 10:24:16 - INFO - vulnerable (1)     0.5671    0.6243    0.5944       575
2026-08-22 10:24:16 - INFO - 
2026-08-22 10:24:16 - INFO -       accuracy                         0.5747      1152
2026-08-22 10:24:16 - INFO -      macro avg     0.5755    0.5747    0.5736      1152
2026-08-22 10:24:16 - INFO -   weighted avg     0.5755    0.5747    0.5736      1152
2026-08-22 10:24:16 - INFO - Confusion matrix - [[tn=303, fp=274], [fn=216, tp=359]]
2026-08-22 10:24:16 - INFO - probability_positive min=0.0751 mean=0.4935 std=0.1165 max=0.8584 predicted_0=519 predicted_1=633
2026-08-22 10:24:16 - INFO - [Classification Report - split=validation epoch=9 - threshold=0.50]
2026-08-22 10:24:16 - INFO -                 precision    recall  f1-score   support
2026-08-22 10:24:16 - INFO - 
2026-08-22 10:24:16 - INFO -       safe (0)     0.6102    0.5455    0.5760        66
2026-08-22 10:24:16 - INFO - vulnerable (1)     0.5890    0.6515    0.6187        66
2026-08-22 10:24:16 - INFO - 
2026-08-22 10:24:16 - INFO -       accuracy                         0.5985       132
2026-08-22 10:24:16 - INFO -      macro avg     0.5996    0.5985    0.5974       132
2026-08-22 10:24:16 - INFO -   weighted avg     0.5996    0.5985    0.5974       132
2026-08-22 10:24:16 - INFO - Confusion matrix - [[tn=36, fp=30], [fn=23, tp=43]]
2026-08-22 10:24:16 - INFO - probability_positive min=0.0992 mean=0.5016 std=0.1110 max=0.8730 predicted_0=59 predicted_1=73
2026-08-22 10:24:16 - INFO - New best model | Macro-F1: 0.597353 | Epoch: 9
2026-08-22 10:24:39 - INFO - Epoch 10/15 | Train loss: 0.792527 | Val loss: 0.966292 | LR: 2.00e-05 | Best epoch: 10 | Patience: 0 | Train: 21.88s | Validation: 0.87s | Epoch: 22.98s | Total: 229.45s
2026-08-22 10:24:39 - INFO - Phase-1 losses | Vulnerability: 0.641239 | CWE: 0.756442 | Total: 0.792527
2026-08-22 10:24:39 - INFO - Latent structure | Slots used: 8/8 | Largest slot: 0.158 | NMI vs CWE: 0.0937 | NMI vs binary: 0.0062
2026-08-22 10:24:39 - INFO - [Classification Report - split=train epoch=10 - threshold=0.50]
2026-08-22 10:24:39 - INFO -                 precision    recall  f1-score   support
2026-08-22 10:24:39 - INFO - 
2026-08-22 10:24:39 - INFO -       safe (0)     0.6185    0.5563    0.5858       577
2026-08-22 10:24:39 - INFO - vulnerable (1)     0.5956    0.6557    0.6242       575
2026-08-22 10:24:39 - INFO - 
2026-08-22 10:24:39 - INFO -       accuracy                         0.6059      1152
2026-08-22 10:24:39 - INFO -      macro avg     0.6070    0.6060    0.6050      1152
2026-08-22 10:24:39 - INFO -   weighted avg     0.6071    0.6059    0.6049      1152
2026-08-22 10:24:39 - INFO - Confusion matrix - [[tn=321, fp=256], [fn=198, tp=377]]
2026-08-22 10:24:39 - INFO - probability_positive min=0.0798 mean=0.5039 std=0.1294 max=0.9114 predicted_0=519 predicted_1=633
2026-08-22 10:24:39 - INFO - [Classification Report - split=validation epoch=10 - threshold=0.50]
2026-08-22 10:24:39 - INFO -                 precision    recall  f1-score   support
2026-08-22 10:24:39 - INFO - 
2026-08-22 10:24:39 - INFO -       safe (0)     0.6207    0.5455    0.5806        66
2026-08-22 10:24:39 - INFO - vulnerable (1)     0.5946    0.6667    0.6286        66
2026-08-22 10:24:39 - INFO - 
2026-08-22 10:24:39 - INFO -       accuracy                         0.6061       132
2026-08-22 10:24:39 - INFO -      macro avg     0.6076    0.6061    0.6046       132
2026-08-22 10:24:39 - INFO -   weighted avg     0.6076    0.6061    0.6046       132
2026-08-22 10:24:39 - INFO - Confusion matrix - [[tn=36, fp=30], [fn=22, tp=44]]
2026-08-22 10:24:39 - INFO - probability_positive min=0.0650 mean=0.5045 std=0.1490 max=0.9472 predicted_0=58 predicted_1=74
2026-08-22 10:24:39 - INFO - New best model | Macro-F1: 0.604608 | Epoch: 10
2026-08-22 10:25:02 - INFO - Epoch 11/15 | Train loss: 0.763529 | Val loss: 0.951473 | LR: 2.00e-05 | Best epoch: 11 | Patience: 0 | Train: 21.87s | Validation: 0.88s | Epoch: 22.99s | Total: 252.47s
2026-08-22 10:25:02 - INFO - Phase-1 losses | Vulnerability: 0.621112 | CWE: 0.712087 | Total: 0.763529
2026-08-22 10:25:02 - INFO - Latent structure | Slots used: 8/8 | Largest slot: 0.151 | NMI vs CWE: 0.0978 | NMI vs binary: 0.0091
2026-08-22 10:25:02 - INFO - [Classification Report - split=train epoch=11 - threshold=0.50]
2026-08-22 10:25:02 - INFO -                 precision    recall  f1-score   support
2026-08-22 10:25:02 - INFO - 
2026-08-22 10:25:02 - INFO -       safe (0)     0.6171    0.5893    0.6028       577
2026-08-22 10:25:02 - INFO - vulnerable (1)     0.6057    0.6330    0.6190       575
2026-08-22 10:25:02 - INFO - 
2026-08-22 10:25:02 - INFO -       accuracy                         0.6111      1152
2026-08-22 10:25:02 - INFO -      macro avg     0.6114    0.6111    0.6109      1152
2026-08-22 10:25:02 - INFO -   weighted avg     0.6114    0.6111    0.6109      1152
2026-08-22 10:25:02 - INFO - Confusion matrix - [[tn=340, fp=237], [fn=211, tp=364]]
2026-08-22 10:25:02 - INFO - probability_positive min=0.0285 mean=0.4976 std=0.1607 max=0.9496 predicted_0=551 predicted_1=601
2026-08-22 10:25:02 - INFO - [Classification Report - split=validation epoch=11 - threshold=0.50]
2026-08-22 10:25:02 - INFO -                 precision    recall  f1-score   support
2026-08-22 10:25:02 - INFO - 
2026-08-22 10:25:02 - INFO -       safe (0)     0.6232    0.6515    0.6370        66
2026-08-22 10:25:02 - INFO - vulnerable (1)     0.6349    0.6061    0.6202        66
2026-08-22 10:25:02 - INFO - 
2026-08-22 10:25:02 - INFO -       accuracy                         0.6288       132
2026-08-22 10:25:02 - INFO -      macro avg     0.6291    0.6288    0.6286       132
2026-08-22 10:25:02 - INFO -   weighted avg     0.6291    0.6288    0.6286       132
2026-08-22 10:25:02 - INFO - Confusion matrix - [[tn=43, fp=23], [fn=26, tp=40]]
2026-08-22 10:25:02 - INFO - probability_positive min=0.0266 mean=0.4836 std=0.1790 max=0.9565 predicted_0=69 predicted_1=63
2026-08-22 10:25:02 - INFO - New best model | Macro-F1: 0.628596 | Epoch: 11
2026-08-22 10:25:25 - INFO - Epoch 12/15 | Train loss: 0.748540 | Val loss: 0.888212 | LR: 2.00e-05 | Best epoch: 12 | Patience: 0 | Train: 21.87s | Validation: 0.87s | Epoch: 22.97s | Total: 275.45s
2026-08-22 10:25:25 - INFO - Phase-1 losses | Vulnerability: 0.592997 | CWE: 0.777714 | Total: 0.748540
2026-08-22 10:25:25 - INFO - Latent structure | Slots used: 8/8 | Largest slot: 0.155 | NMI vs CWE: 0.0976 | NMI vs binary: 0.0118
2026-08-22 10:25:25 - INFO - [Classification Report - split=train epoch=12 - threshold=0.50]
2026-08-22 10:25:25 - INFO -                 precision    recall  f1-score   support
2026-08-22 10:25:25 - INFO - 
2026-08-22 10:25:25 - INFO -       safe (0)     0.6536    0.6083    0.6302       577
2026-08-22 10:25:25 - INFO - vulnerable (1)     0.6325    0.6765    0.6538       575
2026-08-22 10:25:25 - INFO - 
2026-08-22 10:25:25 - INFO -       accuracy                         0.6424      1152
2026-08-22 10:25:25 - INFO -      macro avg     0.6431    0.6424    0.6420      1152
2026-08-22 10:25:25 - INFO -   weighted avg     0.6431    0.6424    0.6420      1152
2026-08-22 10:25:25 - INFO - Confusion matrix - [[tn=351, fp=226], [fn=186, tp=389]]
2026-08-22 10:25:25 - INFO - probability_positive min=0.0231 mean=0.5105 std=0.1914 max=0.9749 predicted_0=537 predicted_1=615
2026-08-22 10:25:25 - INFO - [Classification Report - split=validation epoch=12 - threshold=0.50]
2026-08-22 10:25:25 - INFO -                 precision    recall  f1-score   support
2026-08-22 10:25:25 - INFO - 
2026-08-22 10:25:25 - INFO -       safe (0)     0.6154    0.7273    0.6667        66
2026-08-22 10:25:25 - INFO - vulnerable (1)     0.6667    0.5455    0.6000        66
2026-08-22 10:25:25 - INFO - 
2026-08-22 10:25:25 - INFO -       accuracy                         0.6364       132
2026-08-22 10:25:25 - INFO -      macro avg     0.6410    0.6364    0.6333       132
2026-08-22 10:25:25 - INFO -   weighted avg     0.6410    0.6364    0.6333       132
2026-08-22 10:25:25 - INFO - Confusion matrix - [[tn=48, fp=18], [fn=30, tp=36]]
2026-08-22 10:25:25 - INFO - probability_positive min=0.0141 mean=0.4470 std=0.1947 max=0.9764 predicted_0=78 predicted_1=54
2026-08-22 10:25:25 - INFO - New best model | Macro-F1: 0.633333 | Epoch: 12
2026-08-22 10:25:48 - INFO - Epoch 13/15 | Train loss: 0.724857 | Val loss: 0.898876 | LR: 2.00e-05 | Best epoch: 13 | Patience: 0 | Train: 21.87s | Validation: 0.87s | Epoch: 22.97s | Total: 298.43s
2026-08-22 10:25:48 - INFO - Phase-1 losses | Vulnerability: 0.569763 | CWE: 0.775467 | Total: 0.724857
2026-08-22 10:25:48 - INFO - Latent structure | Slots used: 8/8 | Largest slot: 0.174 | NMI vs CWE: 0.0958 | NMI vs binary: 0.0128
2026-08-22 10:25:48 - INFO - [Classification Report - split=train epoch=13 - threshold=0.50]
2026-08-22 10:25:48 - INFO -                 precision    recall  f1-score   support
2026-08-22 10:25:48 - INFO - 
2026-08-22 10:25:48 - INFO -       safe (0)     0.6394    0.6915    0.6644       577
2026-08-22 10:25:48 - INFO - vulnerable (1)     0.6629    0.6087    0.6346       575
2026-08-22 10:25:48 - INFO - 
2026-08-22 10:25:48 - INFO -       accuracy                         0.6502      1152
2026-08-22 10:25:48 - INFO -      macro avg     0.6512    0.6501    0.6495      1152
2026-08-22 10:25:48 - INFO -   weighted avg     0.6511    0.6502    0.6496      1152
2026-08-22 10:25:48 - INFO - Confusion matrix - [[tn=399, fp=178], [fn=225, tp=350]]
2026-08-22 10:25:48 - INFO - probability_positive min=0.0116 mean=0.4862 std=0.2304 max=0.9840 predicted_0=624 predicted_1=528
2026-08-22 10:25:48 - INFO - [Classification Report - split=validation epoch=13 - threshold=0.50]
2026-08-22 10:25:48 - INFO -                 precision    recall  f1-score   support
2026-08-22 10:25:48 - INFO - 
2026-08-22 10:25:48 - INFO -       safe (0)     0.6267    0.7121    0.6667        66
2026-08-22 10:25:48 - INFO - vulnerable (1)     0.6667    0.5758    0.6179        66
2026-08-22 10:25:48 - INFO - 
2026-08-22 10:25:48 - INFO -       accuracy                         0.6439       132
2026-08-22 10:25:48 - INFO -      macro avg     0.6467    0.6439    0.6423       132
2026-08-22 10:25:48 - INFO -   weighted avg     0.6467    0.6439    0.6423       132
2026-08-22 10:25:48 - INFO - Confusion matrix - [[tn=47, fp=19], [fn=28, tp=38]]
2026-08-22 10:25:48 - INFO - probability_positive min=0.0110 mean=0.4761 std=0.2095 max=0.9801 predicted_0=75 predicted_1=57
2026-08-22 10:25:48 - INFO - New best model | Macro-F1: 0.642276 | Epoch: 13
2026-08-22 10:26:11 - INFO - Epoch 14/15 | Train loss: 0.681003 | Val loss: 0.895004 | LR: 2.00e-05 | Best epoch: 14 | Patience: 0 | Train: 21.89s | Validation: 0.87s | Epoch: 22.99s | Total: 321.43s
2026-08-22 10:26:11 - INFO - Phase-1 losses | Vulnerability: 0.537505 | CWE: 0.717488 | Total: 0.681003
2026-08-22 10:26:11 - INFO - Latent structure | Slots used: 8/8 | Largest slot: 0.159 | NMI vs CWE: 0.0964 | NMI vs binary: 0.0283
2026-08-22 10:26:11 - INFO - [Classification Report - split=train epoch=14 - threshold=0.50]
2026-08-22 10:26:11 - INFO -                 precision    recall  f1-score   support
2026-08-22 10:26:11 - INFO - 
2026-08-22 10:26:11 - INFO -       safe (0)     0.6750    0.6516    0.6631       577
2026-08-22 10:26:11 - INFO - vulnerable (1)     0.6622    0.6852    0.6735       575
2026-08-22 10:26:11 - INFO - 
2026-08-22 10:26:11 - INFO -       accuracy                         0.6684      1152
2026-08-22 10:26:11 - INFO -      macro avg     0.6686    0.6684    0.6683      1152
2026-08-22 10:26:11 - INFO -   weighted avg     0.6686    0.6684    0.6683      1152
2026-08-22 10:26:11 - INFO - Confusion matrix - [[tn=376, fp=201], [fn=181, tp=394]]
2026-08-22 10:26:11 - INFO - probability_positive min=0.0105 mean=0.5045 std=0.2364 max=0.9846 predicted_0=557 predicted_1=595
2026-08-22 10:26:11 - INFO - [Classification Report - split=validation epoch=14 - threshold=0.50]
2026-08-22 10:26:11 - INFO -                 precision    recall  f1-score   support
2026-08-22 10:26:11 - INFO - 
2026-08-22 10:26:11 - INFO -       safe (0)     0.6724    0.5909    0.6290        66
2026-08-22 10:26:11 - INFO - vulnerable (1)     0.6351    0.7121    0.6714        66
2026-08-22 10:26:11 - INFO - 
2026-08-22 10:26:11 - INFO -       accuracy                         0.6515       132
2026-08-22 10:26:11 - INFO -      macro avg     0.6538    0.6515    0.6502       132
2026-08-22 10:26:11 - INFO -   weighted avg     0.6538    0.6515    0.6502       132
2026-08-22 10:26:11 - INFO - Confusion matrix - [[tn=39, fp=27], [fn=19, tp=47]]
2026-08-22 10:26:11 - INFO - probability_positive min=0.0077 mean=0.5478 std=0.2653 max=0.9897 predicted_0=58 predicted_1=74
2026-08-22 10:26:11 - INFO - New best model | Macro-F1: 0.650230 | Epoch: 14
2026-08-22 10:26:34 - INFO - Epoch 15/15 | Train loss: 0.639069 | Val loss: 0.890435 | LR: 2.00e-05 | Best epoch: 15 | Patience: 0 | Train: 21.89s | Validation: 0.87s | Epoch: 22.98s | Total: 344.43s
2026-08-22 10:26:34 - INFO - Phase-1 losses | Vulnerability: 0.496098 | CWE: 0.714856 | Total: 0.639069
2026-08-22 10:26:34 - INFO - Latent structure | Slots used: 8/8 | Largest slot: 0.160 | NMI vs CWE: 0.0813 | NMI vs binary: 0.0396
2026-08-22 10:26:34 - INFO - [Classification Report - split=train epoch=15 - threshold=0.50]
2026-08-22 10:26:34 - INFO -                 precision    recall  f1-score   support
2026-08-22 10:26:34 - INFO - 
2026-08-22 10:26:34 - INFO -       safe (0)     0.6983    0.7019    0.7001       577
2026-08-22 10:26:34 - INFO - vulnerable (1)     0.6993    0.6957    0.6975       575
2026-08-22 10:26:34 - INFO - 
2026-08-22 10:26:34 - INFO -       accuracy                         0.6988      1152
2026-08-22 10:26:34 - INFO -      macro avg     0.6988    0.6988    0.6988      1152
2026-08-22 10:26:34 - INFO -   weighted avg     0.6988    0.6988    0.6988      1152
2026-08-22 10:26:34 - INFO - Confusion matrix - [[tn=405, fp=172], [fn=175, tp=400]]
2026-08-22 10:26:34 - INFO - probability_positive min=0.0057 mean=0.4987 std=0.2723 max=0.9921 predicted_0=580 predicted_1=572
2026-08-22 10:26:34 - INFO - [Classification Report - split=validation epoch=15 - threshold=0.50]
2026-08-22 10:26:34 - INFO -                 precision    recall  f1-score   support
2026-08-22 10:26:34 - INFO - 
2026-08-22 10:26:34 - INFO -       safe (0)     0.6981    0.5606    0.6218        66
2026-08-22 10:26:34 - INFO - vulnerable (1)     0.6329    0.7576    0.6897        66
2026-08-22 10:26:34 - INFO - 
2026-08-22 10:26:34 - INFO -       accuracy                         0.6591       132
2026-08-22 10:26:34 - INFO -      macro avg     0.6655    0.6591    0.6558       132
2026-08-22 10:26:34 - INFO -   weighted avg     0.6655    0.6591    0.6558       132
2026-08-22 10:26:34 - INFO - Confusion matrix - [[tn=37, fp=29], [fn=16, tp=50]]
2026-08-22 10:26:34 - INFO - probability_positive min=0.0061 mean=0.5228 std=0.2660 max=0.9936 predicted_0=53 predicted_1=79
2026-08-22 10:26:34 - INFO - New best model | Macro-F1: 0.655752 | Epoch: 15
2026-08-22 10:26:34 - INFO - Best checkpoint saved | Path: model/emb1_emb/transfer_latent_proto/seed_42/source/best.pt | Epoch: 15 | Val macro_f1: 0.655752
2026-08-22 10:26:34 - INFO - Training finished | Elapsed: 344.44s
2026-08-22 10:26:34 - INFO - Run finished | Phase: phase1 | Fold: 1 | Seed: 42 | Elapsed: 346.59s
