2026-08-22 08:51:37 - INFO - Using device: cuda
2026-08-22 08:51:37 - INFO - Run started | Run: fam1_codet5 | Method: transfer_latent_bottleneck | Phase: phase2 | Fold: 5 | Seed: 42 | Device: cuda
2026-08-22 08:51:37 - INFO - Loading Python training data: data/sven_python_folds_norm/fold5/train.jsonl
2026-08-22 08:51:37 - INFO - Loading Python validation data: data/sven_python_folds_norm/fold5/val.jsonl
2026-08-22 08:51:37 - INFO - Data split: python_train | Total: 456 | Labels: {0: 237, 1: 219} | CWEs: {'CWE-022': 34, 'CWE-078': 121, 'CWE-079': 52, 'CWE-089': 249} | Languages: {'python': 456} | Invalid CWE: 0
2026-08-22 08:51:37 - INFO - Data split: python_val | Total: 152 | Labels: {0: 71, 1: 81} | CWEs: {'CWE-022': 19, 'CWE-078': 39, 'CWE-079': 14, 'CWE-089': 80} | Languages: {'python': 152} | Invalid CWE: 0
2026-08-22 08:51:39 - INFO - Auxiliary head width taken from checkpoint: 4
2026-08-22 08:51:42 - INFO - Loaded source checkpoint: model/fam1_codet5/transfer_latent_bottleneck/seed_42/source/best.pt | Best epoch: 14 | Best Val Macro-F1: 0.635611
2026-08-22 08:51:42 - INFO - RecAdam schedule | Total steps: 870 | Steps/epoch: 29 | Anneal t0: 43 | Weights: {1: 0.10909682119561293, 29: 0.3318122278318339, 43: 0.5, 870: 1.0}
2026-08-22 08:51:42 - INFO - Environment: {"components": {"backbone": {"frozen": 0, "total": 109607040, "trainable": 109607040}, "cwe_head": {"frozen": 36, "total": 36, "trainable": 0}, "latent_proj": {"frozen": 6152, "total": 6152, "trainable": 0}, "vul_head": {"frozen": 0, "total": 1538, "trainable": 1538}}, "cuda": "12.8", "fold": 5, "frozen_parameters": 6188, "gpu": "NVIDIA GeForce RTX 5060 Ti", "hyperparameters": {"anneal_fun": "sigmoid", "anneal_k": 0.05, "anneal_t0_ratio": 0.05, "anneal_w": 1.0, "aux_mode": "latent_bottleneck", "batch_size": 16, "checkpoint_path": "model/fam1_codet5/transfer_latent_bottleneck/seed_42/fold5/best.pt", "cwe_vocab": "fixed4", "data_path": "data/train_ccpp_filtered.jsonl", "data_root": "data/sven_python_folds_norm", "epochs": 30, "eval_batch_size": 16, "fold": 5, "freeze_backbone_layers": 0, "freeze_prototypes_steps": 0, "lambda_cwe": 0.2, "latent_temperature": 0.1, "learning_rate": 2e-05, "lora_rank": 0, "lp_epochs": 0, "lp_learning_rate": 0.001, "max_eval_samples": null, "max_grad_norm": 1.0, "max_length": 512, "max_train_samples": null, "method_name": "transfer_latent_bottleneck", "min_epochs": 3, "model_name": "Salesforce/codet5-base", "num_cwes": 4, "num_latent": 8, "num_workers": 0, "output_dir": "results/fam1_codet5/transfer_latent_bottleneck", "patience": 5, "phase": "phase2", "phase2_optimizer": "recadam", "pooling": "mean", "pretrain_cof": 5000.0, "recadam_anchor": "source", "result_path": "results/fam1_codet5/transfer_latent_bottleneck/seed_42/fold5.json", "run_name": "fam1_codet5", "seed": 42, "selection_metric": "macro_f1", "source_checkpoint": "model/fam1_codet5/transfer_latent_bottleneck/seed_42/source/best.pt", "source_interpolation": 1.0, "strict_determinism": false, "target_lang": "python", "test_path": null, "train_path": null, "truncation_strategy": "head_middle_tail", "val_path": null, "weight_decay": 0.01}, "mode": "phase2_train", "model_name": "Salesforce/codet5-base", "seed": 42, "sklearn": "1.9.0", "torch": "2.11.0+cu128", "trainable_parameters": 109608578, "transformers": "4.57.1"}
2026-08-22 08:51:42 - INFO - Training started | Phase: phase2 | Epochs: 30
2026-08-22 08:51:43 - INFO - RecAdam first-step safety checks passed
2026-08-22 08:52:02 - INFO - Epoch 1/30 | Train loss: 0.917165 | Val loss: 0.789640 | LR: 2.00e-05 | Best epoch: 1 | Patience: 0 | Train: 17.55s | Validation: 1.96s | Epoch: 19.83s | Total: 19.83s
2026-08-22 08:52:02 - INFO - RecAdam target-task weight at epoch end: 0.331812
2026-08-22 08:52:02 - INFO - [Classification Report - split=train epoch=1 - threshold=0.50]
2026-08-22 08:52:02 - INFO -                 precision    recall  f1-score   support
2026-08-22 08:52:02 - INFO - 
2026-08-22 08:52:02 - INFO -       safe (0)     0.5902    0.1519    0.2416       237
2026-08-22 08:52:02 - INFO - vulnerable (1)     0.4911    0.8858    0.6319       219
2026-08-22 08:52:02 - INFO - 
2026-08-22 08:52:02 - INFO -       accuracy                         0.5044       456
2026-08-22 08:52:02 - INFO -      macro avg     0.5407    0.5189    0.4368       456
2026-08-22 08:52:02 - INFO -   weighted avg     0.5426    0.5044    0.4291       456
2026-08-22 08:52:02 - INFO - Confusion matrix - [[tn=36, fp=201], [fn=25, tp=194]]
2026-08-22 08:52:02 - INFO - probability_positive min=0.0490 mean=0.7196 std=0.1822 max=0.9448 predicted_0=61 predicted_1=395
2026-08-22 08:52:02 - INFO - [Classification Report - split=validation epoch=1 - threshold=0.50]
2026-08-22 08:52:02 - INFO -                 precision    recall  f1-score   support
2026-08-22 08:52:02 - INFO - 
2026-08-22 08:52:02 - INFO -       safe (0)     0.5429    0.2676    0.3585        71
2026-08-22 08:52:02 - INFO - vulnerable (1)     0.5556    0.8025    0.6566        81
2026-08-22 08:52:02 - INFO - 
2026-08-22 08:52:02 - INFO -       accuracy                         0.5526       152
2026-08-22 08:52:02 - INFO -      macro avg     0.5492    0.5350    0.5075       152
2026-08-22 08:52:02 - INFO -   weighted avg     0.5496    0.5526    0.5173       152
2026-08-22 08:52:02 - INFO - Confusion matrix - [[tn=19, fp=52], [fn=16, tp=65]]
2026-08-22 08:52:02 - INFO - probability_positive min=0.0179 mean=0.6657 std=0.1828 max=0.9188 predicted_0=35 predicted_1=117
2026-08-22 08:52:02 - INFO - New best model | Macro-F1: 0.507528 | Epoch: 1
2026-08-22 08:52:21 - INFO - Epoch 2/30 | Train loss: 0.719859 | Val loss: 0.714893 | LR: 2.00e-05 | Best epoch: 1 | Patience: 0 | Train: 17.03s | Validation: 1.96s | Epoch: 18.98s | Total: 38.83s
2026-08-22 08:52:21 - INFO - RecAdam target-task weight at epoch end: 0.679179
2026-08-22 08:52:21 - INFO - [Classification Report - split=train epoch=2 - threshold=0.50]
2026-08-22 08:52:21 - INFO -                 precision    recall  f1-score   support
2026-08-22 08:52:21 - INFO - 
2026-08-22 08:52:21 - INFO -       safe (0)     0.5465    0.3966    0.4597       237
2026-08-22 08:52:21 - INFO - vulnerable (1)     0.4965    0.6438    0.5606       219
2026-08-22 08:52:21 - INFO - 
2026-08-22 08:52:21 - INFO -       accuracy                         0.5154       456
2026-08-22 08:52:21 - INFO -      macro avg     0.5215    0.5202    0.5101       456
2026-08-22 08:52:21 - INFO -   weighted avg     0.5225    0.5154    0.5082       456
2026-08-22 08:52:21 - INFO - Confusion matrix - [[tn=94, fp=143], [fn=78, tp=141]]
2026-08-22 08:52:21 - INFO - probability_positive min=0.0308 mean=0.5515 std=0.1547 max=0.8849 predicted_0=172 predicted_1=284
2026-08-22 08:52:21 - INFO - [Classification Report - split=validation epoch=2 - threshold=0.50]
2026-08-22 08:52:21 - INFO -                 precision    recall  f1-score   support
2026-08-22 08:52:21 - INFO - 
2026-08-22 08:52:21 - INFO -       safe (0)     0.4659    0.5775    0.5157        71
2026-08-22 08:52:21 - INFO - vulnerable (1)     0.5312    0.4198    0.4690        81
2026-08-22 08:52:21 - INFO - 
2026-08-22 08:52:21 - INFO -       accuracy                         0.4934       152
2026-08-22 08:52:21 - INFO -      macro avg     0.4986    0.4986    0.4923       152
2026-08-22 08:52:21 - INFO -   weighted avg     0.5007    0.4934    0.4908       152
2026-08-22 08:52:21 - INFO - Confusion matrix - [[tn=41, fp=30], [fn=47, tp=34]]
2026-08-22 08:52:21 - INFO - probability_positive min=0.0174 mean=0.4818 std=0.1351 max=0.7445 predicted_0=88 predicted_1=64
2026-08-22 08:52:40 - INFO - Epoch 3/30 | Train loss: 0.685004 | Val loss: 0.715644 | LR: 2.00e-05 | Best epoch: 1 | Patience: 1 | Train: 17.04s | Validation: 1.96s | Epoch: 19.00s | Total: 57.84s
2026-08-22 08:52:40 - INFO - RecAdam target-task weight at epoch end: 0.900250
2026-08-22 08:52:40 - INFO - [Classification Report - split=train epoch=3 - threshold=0.50]
2026-08-22 08:52:40 - INFO -                 precision    recall  f1-score   support
2026-08-22 08:52:40 - INFO - 
2026-08-22 08:52:40 - INFO -       safe (0)     0.5749    0.5992    0.5868       237
2026-08-22 08:52:40 - INFO - vulnerable (1)     0.5455    0.5205    0.5327       219
2026-08-22 08:52:40 - INFO - 
2026-08-22 08:52:40 - INFO -       accuracy                         0.5614       456
2026-08-22 08:52:40 - INFO -      macro avg     0.5602    0.5599    0.5597       456
2026-08-22 08:52:40 - INFO -   weighted avg     0.5608    0.5614    0.5608       456
2026-08-22 08:52:40 - INFO - Confusion matrix - [[tn=142, fp=95], [fn=105, tp=114]]
2026-08-22 08:52:40 - INFO - probability_positive min=0.0282 mean=0.4820 std=0.1315 max=0.8102 predicted_0=247 predicted_1=209
2026-08-22 08:52:40 - INFO - [Classification Report - split=validation epoch=3 - threshold=0.50]
2026-08-22 08:52:40 - INFO -                 precision    recall  f1-score   support
2026-08-22 08:52:40 - INFO - 
2026-08-22 08:52:40 - INFO -       safe (0)     0.4524    0.2676    0.3363        71
2026-08-22 08:52:40 - INFO - vulnerable (1)     0.5273    0.7160    0.6073        81
2026-08-22 08:52:40 - INFO - 
2026-08-22 08:52:40 - INFO -       accuracy                         0.5066       152
2026-08-22 08:52:40 - INFO -      macro avg     0.4898    0.4918    0.4718       152
2026-08-22 08:52:40 - INFO -   weighted avg     0.4923    0.5066    0.4807       152
2026-08-22 08:52:40 - INFO - Confusion matrix - [[tn=19, fp=52], [fn=23, tp=58]]
2026-08-22 08:52:40 - INFO - probability_positive min=0.0157 mean=0.5618 std=0.1173 max=0.8334 predicted_0=42 predicted_1=110
2026-08-22 08:52:59 - INFO - Epoch 4/30 | Train loss: 0.657526 | Val loss: 0.726837 | LR: 2.00e-05 | Best epoch: 1 | Patience: 2 | Train: 17.06s | Validation: 1.96s | Epoch: 19.02s | Total: 76.87s
2026-08-22 08:52:59 - INFO - RecAdam target-task weight at epoch end: 0.974667
2026-08-22 08:52:59 - INFO - [Classification Report - split=train epoch=4 - threshold=0.50]
2026-08-22 08:52:59 - INFO -                 precision    recall  f1-score   support
2026-08-22 08:52:59 - INFO - 
2026-08-22 08:52:59 - INFO -       safe (0)     0.5977    0.6456    0.6207       237
2026-08-22 08:52:59 - INFO - vulnerable (1)     0.5800    0.5297    0.5537       219
2026-08-22 08:52:59 - INFO - 
2026-08-22 08:52:59 - INFO -       accuracy                         0.5899       456
2026-08-22 08:52:59 - INFO -      macro avg     0.5888    0.5876    0.5872       456
2026-08-22 08:52:59 - INFO -   weighted avg     0.5892    0.5899    0.5885       456
2026-08-22 08:52:59 - INFO - Confusion matrix - [[tn=153, fp=84], [fn=103, tp=116]]
2026-08-22 08:52:59 - INFO - probability_positive min=0.0305 mean=0.4855 std=0.1205 max=0.8271 predicted_0=256 predicted_1=200
2026-08-22 08:52:59 - INFO - [Classification Report - split=validation epoch=4 - threshold=0.50]
2026-08-22 08:52:59 - INFO -                 precision    recall  f1-score   support
2026-08-22 08:52:59 - INFO - 
2026-08-22 08:52:59 - INFO -       safe (0)     0.4884    0.2958    0.3684        71
2026-08-22 08:52:59 - INFO - vulnerable (1)     0.5413    0.7284    0.6211        81
2026-08-22 08:52:59 - INFO - 
2026-08-22 08:52:59 - INFO -       accuracy                         0.5263       152
2026-08-22 08:52:59 - INFO -      macro avg     0.5148    0.5121    0.4947       152
2026-08-22 08:52:59 - INFO -   weighted avg     0.5166    0.5263    0.5030       152
2026-08-22 08:52:59 - INFO - Confusion matrix - [[tn=21, fp=50], [fn=22, tp=59]]
2026-08-22 08:52:59 - INFO - probability_positive min=0.0080 mean=0.5355 std=0.1358 max=0.8372 predicted_0=43 predicted_1=109
2026-08-22 08:53:18 - INFO - Epoch 5/30 | Train loss: 0.648422 | Val loss: 0.735890 | LR: 2.00e-05 | Best epoch: 1 | Patience: 3 | Train: 17.06s | Validation: 1.96s | Epoch: 19.02s | Total: 95.90s
2026-08-22 08:53:18 - INFO - RecAdam target-task weight at epoch end: 0.993940
2026-08-22 08:53:18 - INFO - [Classification Report - split=train epoch=5 - threshold=0.50]
2026-08-22 08:53:18 - INFO -                 precision    recall  f1-score   support
2026-08-22 08:53:18 - INFO - 
2026-08-22 08:53:18 - INFO -       safe (0)     0.5982    0.5654    0.5813       237
2026-08-22 08:53:18 - INFO - vulnerable (1)     0.5560    0.5890    0.5721       219
2026-08-22 08:53:18 - INFO - 
2026-08-22 08:53:18 - INFO -       accuracy                         0.5768       456
2026-08-22 08:53:18 - INFO -      macro avg     0.5771    0.5772    0.5767       456
2026-08-22 08:53:18 - INFO -   weighted avg     0.5780    0.5768    0.5769       456
2026-08-22 08:53:18 - INFO - Confusion matrix - [[tn=134, fp=103], [fn=90, tp=129]]
2026-08-22 08:53:18 - INFO - probability_positive min=0.0137 mean=0.4776 std=0.1536 max=0.8833 predicted_0=224 predicted_1=232
2026-08-22 08:53:18 - INFO - [Classification Report - split=validation epoch=5 - threshold=0.50]
2026-08-22 08:53:18 - INFO -                 precision    recall  f1-score   support
2026-08-22 08:53:18 - INFO - 
2026-08-22 08:53:18 - INFO -       safe (0)     0.4521    0.4648    0.4583        71
2026-08-22 08:53:18 - INFO - vulnerable (1)     0.5190    0.5062    0.5125        81
2026-08-22 08:53:18 - INFO - 
2026-08-22 08:53:18 - INFO -       accuracy                         0.4868       152
2026-08-22 08:53:18 - INFO -      macro avg     0.4855    0.4855    0.4854       152
2026-08-22 08:53:18 - INFO -   weighted avg     0.4877    0.4868    0.4872       152
2026-08-22 08:53:18 - INFO - Confusion matrix - [[tn=33, fp=38], [fn=40, tp=41]]
2026-08-22 08:53:18 - INFO - probability_positive min=0.0074 mean=0.5102 std=0.1548 max=0.8969 predicted_0=73 predicted_1=79
2026-08-22 08:53:37 - INFO - Epoch 6/30 | Train loss: 0.590593 | Val loss: 0.680990 | LR: 2.00e-05 | Best epoch: 6 | Patience: 0 | Train: 17.06s | Validation: 1.96s | Epoch: 19.66s | Total: 115.57s
2026-08-22 08:53:37 - INFO - RecAdam target-task weight at epoch end: 0.998572
2026-08-22 08:53:37 - INFO - [Classification Report - split=train epoch=6 - threshold=0.50]
2026-08-22 08:53:37 - INFO -                 precision    recall  f1-score   support
2026-08-22 08:53:37 - INFO - 
2026-08-22 08:53:37 - INFO -       safe (0)     0.6694    0.6920    0.6805       237
2026-08-22 08:53:37 - INFO - vulnerable (1)     0.6540    0.6301    0.6419       219
2026-08-22 08:53:37 - INFO - 
2026-08-22 08:53:37 - INFO -       accuracy                         0.6623       456
2026-08-22 08:53:37 - INFO -      macro avg     0.6617    0.6611    0.6612       456
2026-08-22 08:53:37 - INFO -   weighted avg     0.6620    0.6623    0.6619       456
2026-08-22 08:53:37 - INFO - Confusion matrix - [[tn=164, fp=73], [fn=81, tp=138]]
2026-08-22 08:53:37 - INFO - probability_positive min=0.0104 mean=0.4796 std=0.1957 max=0.9311 predicted_0=245 predicted_1=211
2026-08-22 08:53:37 - INFO - [Classification Report - split=validation epoch=6 - threshold=0.50]
2026-08-22 08:53:37 - INFO -                 precision    recall  f1-score   support
2026-08-22 08:53:37 - INFO - 
2026-08-22 08:53:37 - INFO -       safe (0)     0.5429    0.5352    0.5390        71
2026-08-22 08:53:37 - INFO - vulnerable (1)     0.5976    0.6049    0.6012        81
2026-08-22 08:53:37 - INFO - 
2026-08-22 08:53:37 - INFO -       accuracy                         0.5724       152
2026-08-22 08:53:37 - INFO -      macro avg     0.5702    0.5701    0.5701       152
2026-08-22 08:53:37 - INFO -   weighted avg     0.5720    0.5724    0.5722       152
2026-08-22 08:53:37 - INFO - Confusion matrix - [[tn=38, fp=33], [fn=32, tp=49]]
2026-08-22 08:53:37 - INFO - probability_positive min=0.0061 mean=0.5348 std=0.2002 max=0.9538 predicted_0=70 predicted_1=82
2026-08-22 08:53:37 - INFO - New best model | Macro-F1: 0.570117 | Epoch: 6
2026-08-22 08:53:56 - INFO - Epoch 7/30 | Train loss: 0.510661 | Val loss: 0.805178 | LR: 2.00e-05 | Best epoch: 6 | Patience: 1 | Train: 17.07s | Validation: 1.97s | Epoch: 19.04s | Total: 134.64s
2026-08-22 08:53:56 - INFO - RecAdam target-task weight at epoch end: 0.999665
2026-08-22 08:53:57 - INFO - [Classification Report - split=train epoch=7 - threshold=0.50]
2026-08-22 08:53:57 - INFO -                 precision    recall  f1-score   support
2026-08-22 08:53:57 - INFO - 
2026-08-22 08:53:57 - INFO -       safe (0)     0.7889    0.6624    0.7202       237
2026-08-22 08:53:57 - INFO - vulnerable (1)     0.6887    0.8082    0.7437       219
2026-08-22 08:53:57 - INFO - 
2026-08-22 08:53:57 - INFO -       accuracy                         0.7325       456
2026-08-22 08:53:57 - INFO -      macro avg     0.7388    0.7353    0.7319       456
2026-08-22 08:53:57 - INFO -   weighted avg     0.7408    0.7325    0.7315       456
2026-08-22 08:53:57 - INFO - Confusion matrix - [[tn=157, fp=80], [fn=42, tp=177]]
2026-08-22 08:53:57 - INFO - probability_positive min=0.0072 mean=0.5139 std=0.2511 max=0.9609 predicted_0=199 predicted_1=257
2026-08-22 08:53:57 - INFO - [Classification Report - split=validation epoch=7 - threshold=0.50]
2026-08-22 08:53:57 - INFO -                 precision    recall  f1-score   support
2026-08-22 08:53:57 - INFO - 
2026-08-22 08:53:57 - INFO -       safe (0)     0.5052    0.6901    0.5833        71
2026-08-22 08:53:57 - INFO - vulnerable (1)     0.6000    0.4074    0.4853        81
2026-08-22 08:53:57 - INFO - 
2026-08-22 08:53:57 - INFO -       accuracy                         0.5395       152
2026-08-22 08:53:57 - INFO -      macro avg     0.5526    0.5488    0.5343       152
2026-08-22 08:53:57 - INFO -   weighted avg     0.5557    0.5395    0.5311       152
2026-08-22 08:53:57 - INFO - Confusion matrix - [[tn=49, fp=22], [fn=48, tp=33]]
2026-08-22 08:53:57 - INFO - probability_positive min=0.0048 mean=0.4214 std=0.2658 max=0.9717 predicted_0=97 predicted_1=55
2026-08-22 08:54:16 - INFO - Epoch 8/30 | Train loss: 0.433988 | Val loss: 0.836234 | LR: 2.00e-05 | Best epoch: 8 | Patience: 0 | Train: 17.07s | Validation: 1.96s | Epoch: 19.68s | Total: 154.34s
2026-08-22 08:54:16 - INFO - RecAdam target-task weight at epoch end: 0.999921
2026-08-22 08:54:16 - INFO - [Classification Report - split=train epoch=8 - threshold=0.50]
2026-08-22 08:54:16 - INFO -                 precision    recall  f1-score   support
2026-08-22 08:54:16 - INFO - 
2026-08-22 08:54:16 - INFO -       safe (0)     0.7918    0.8186    0.8050       237
2026-08-22 08:54:16 - INFO - vulnerable (1)     0.7962    0.7671    0.7814       219
2026-08-22 08:54:16 - INFO - 
2026-08-22 08:54:16 - INFO -       accuracy                         0.7939       456
2026-08-22 08:54:16 - INFO -      macro avg     0.7940    0.7928    0.7932       456
2026-08-22 08:54:16 - INFO -   weighted avg     0.7939    0.7939    0.7937       456
2026-08-22 08:54:16 - INFO - Confusion matrix - [[tn=194, fp=43], [fn=51, tp=168]]
2026-08-22 08:54:16 - INFO - probability_positive min=0.0062 mean=0.4828 std=0.3112 max=0.9782 predicted_0=245 predicted_1=211
2026-08-22 08:54:16 - INFO - [Classification Report - split=validation epoch=8 - threshold=0.50]
2026-08-22 08:54:16 - INFO -                 precision    recall  f1-score   support
2026-08-22 08:54:16 - INFO - 
2026-08-22 08:54:16 - INFO -       safe (0)     0.6905    0.4085    0.5133        71
2026-08-22 08:54:16 - INFO - vulnerable (1)     0.6182    0.8395    0.7120        81
2026-08-22 08:54:16 - INFO - 
2026-08-22 08:54:16 - INFO -       accuracy                         0.6382       152
2026-08-22 08:54:16 - INFO -      macro avg     0.6543    0.6240    0.6127       152
2026-08-22 08:54:16 - INFO -   weighted avg     0.6520    0.6382    0.6192       152
2026-08-22 08:54:16 - INFO - Confusion matrix - [[tn=29, fp=42], [fn=13, tp=68]]
2026-08-22 08:54:16 - INFO - probability_positive min=0.0041 mean=0.6651 std=0.3194 max=0.9863 predicted_0=42 predicted_1=110
2026-08-22 08:54:16 - INFO - New best model | Macro-F1: 0.612658 | Epoch: 8
2026-08-22 08:54:36 - INFO - Epoch 9/30 | Train loss: 0.380112 | Val loss: 0.826186 | LR: 2.00e-05 | Best epoch: 9 | Patience: 0 | Train: 17.07s | Validation: 1.96s | Epoch: 19.67s | Total: 174.04s
2026-08-22 08:54:36 - INFO - RecAdam target-task weight at epoch end: 0.999982
2026-08-22 08:54:36 - INFO - [Classification Report - split=train epoch=9 - threshold=0.50]
2026-08-22 08:54:36 - INFO -                 precision    recall  f1-score   support
2026-08-22 08:54:36 - INFO - 
2026-08-22 08:54:36 - INFO -       safe (0)     0.8340    0.8481    0.8410       237
2026-08-22 08:54:36 - INFO - vulnerable (1)     0.8326    0.8174    0.8249       219
2026-08-22 08:54:36 - INFO - 
2026-08-22 08:54:36 - INFO -       accuracy                         0.8333       456
2026-08-22 08:54:36 - INFO -      macro avg     0.8333    0.8327    0.8329       456
2026-08-22 08:54:36 - INFO -   weighted avg     0.8333    0.8333    0.8333       456
2026-08-22 08:54:36 - INFO - Confusion matrix - [[tn=201, fp=36], [fn=40, tp=179]]
2026-08-22 08:54:36 - INFO - probability_positive min=0.0053 mean=0.4834 std=0.3603 max=0.9814 predicted_0=241 predicted_1=215
2026-08-22 08:54:36 - INFO - [Classification Report - split=validation epoch=9 - threshold=0.50]
2026-08-22 08:54:36 - INFO -                 precision    recall  f1-score   support
2026-08-22 08:54:36 - INFO - 
2026-08-22 08:54:36 - INFO -       safe (0)     0.6292    0.7887    0.7000        71
2026-08-22 08:54:36 - INFO - vulnerable (1)     0.7619    0.5926    0.6667        81
2026-08-22 08:54:36 - INFO - 
2026-08-22 08:54:36 - INFO -       accuracy                         0.6842       152
2026-08-22 08:54:36 - INFO -      macro avg     0.6956    0.6907    0.6833       152
2026-08-22 08:54:36 - INFO -   weighted avg     0.6999    0.6842    0.6822       152
2026-08-22 08:54:36 - INFO - Confusion matrix - [[tn=56, fp=15], [fn=33, tp=48]]
2026-08-22 08:54:36 - INFO - probability_positive min=0.0033 mean=0.4299 std=0.3906 max=0.9862 predicted_0=89 predicted_1=63
2026-08-22 08:54:36 - INFO - New best model | Macro-F1: 0.683333 | Epoch: 9
2026-08-22 08:54:56 - INFO - Epoch 10/30 | Train loss: 0.268649 | Val loss: 0.723325 | LR: 2.00e-05 | Best epoch: 10 | Patience: 0 | Train: 17.08s | Validation: 1.96s | Epoch: 19.67s | Total: 193.74s
2026-08-22 08:54:56 - INFO - RecAdam target-task weight at epoch end: 0.999996
2026-08-22 08:54:56 - INFO - [Classification Report - split=train epoch=10 - threshold=0.50]
2026-08-22 08:54:56 - INFO -                 precision    recall  f1-score   support
2026-08-22 08:54:56 - INFO - 
2026-08-22 08:54:56 - INFO -       safe (0)     0.9021    0.8945    0.8983       237
2026-08-22 08:54:56 - INFO - vulnerable (1)     0.8869    0.8950    0.8909       219
2026-08-22 08:54:56 - INFO - 
2026-08-22 08:54:56 - INFO -       accuracy                         0.8947       456
2026-08-22 08:54:56 - INFO -      macro avg     0.8945    0.8947    0.8946       456
2026-08-22 08:54:56 - INFO -   weighted avg     0.8948    0.8947    0.8948       456
2026-08-22 08:54:56 - INFO - Confusion matrix - [[tn=212, fp=25], [fn=23, tp=196]]
2026-08-22 08:54:56 - INFO - probability_positive min=0.0043 mean=0.4876 std=0.4086 max=0.9844 predicted_0=235 predicted_1=221
2026-08-22 08:54:56 - INFO - [Classification Report - split=validation epoch=10 - threshold=0.50]
2026-08-22 08:54:56 - INFO -                 precision    recall  f1-score   support
2026-08-22 08:54:56 - INFO - 
2026-08-22 08:54:56 - INFO -       safe (0)     0.6667    0.7887    0.7226        71
2026-08-22 08:54:56 - INFO - vulnerable (1)     0.7794    0.6543    0.7114        81
2026-08-22 08:54:56 - INFO - 
2026-08-22 08:54:56 - INFO -       accuracy                         0.7171       152
2026-08-22 08:54:56 - INFO -      macro avg     0.7230    0.7215    0.7170       152
2026-08-22 08:54:56 - INFO -   weighted avg     0.7267    0.7171    0.7166       152
2026-08-22 08:54:56 - INFO - Confusion matrix - [[tn=56, fp=15], [fn=28, tp=53]]
2026-08-22 08:54:56 - INFO - probability_positive min=0.0033 mean=0.4459 std=0.4144 max=0.9898 predicted_0=84 predicted_1=68
2026-08-22 08:54:56 - INFO - New best model | Macro-F1: 0.716995 | Epoch: 10
2026-08-22 08:55:15 - INFO - Epoch 11/30 | Train loss: 0.193657 | Val loss: 0.899661 | LR: 2.00e-05 | Best epoch: 11 | Patience: 1 | Train: 17.07s | Validation: 1.96s | Epoch: 19.67s | Total: 213.44s
2026-08-22 08:55:15 - INFO - RecAdam target-task weight at epoch end: 0.999999
2026-08-22 08:55:15 - INFO - [Classification Report - split=train epoch=11 - threshold=0.50]
2026-08-22 08:55:15 - INFO -                 precision    recall  f1-score   support
2026-08-22 08:55:15 - INFO - 
2026-08-22 08:55:15 - INFO -       safe (0)     0.9289    0.9367    0.9328       237
2026-08-22 08:55:15 - INFO - vulnerable (1)     0.9309    0.9224    0.9266       219
2026-08-22 08:55:15 - INFO - 
2026-08-22 08:55:15 - INFO -       accuracy                         0.9298       456
2026-08-22 08:55:15 - INFO -      macro avg     0.9299    0.9295    0.9297       456
2026-08-22 08:55:15 - INFO -   weighted avg     0.9298    0.9298    0.9298       456
2026-08-22 08:55:15 - INFO - Confusion matrix - [[tn=222, fp=15], [fn=17, tp=202]]
2026-08-22 08:55:15 - INFO - probability_positive min=0.0039 mean=0.4851 std=0.4347 max=0.9891 predicted_0=239 predicted_1=217
2026-08-22 08:55:15 - INFO - [Classification Report - split=validation epoch=11 - threshold=0.50]
2026-08-22 08:55:15 - INFO -                 precision    recall  f1-score   support
2026-08-22 08:55:15 - INFO - 
2026-08-22 08:55:15 - INFO -       safe (0)     0.6667    0.7887    0.7226        71
2026-08-22 08:55:15 - INFO - vulnerable (1)     0.7794    0.6543    0.7114        81
2026-08-22 08:55:15 - INFO - 
2026-08-22 08:55:15 - INFO -       accuracy                         0.7171       152
2026-08-22 08:55:15 - INFO -      macro avg     0.7230    0.7215    0.7170       152
2026-08-22 08:55:15 - INFO -   weighted avg     0.7267    0.7171    0.7166       152
2026-08-22 08:55:15 - INFO - Confusion matrix - [[tn=56, fp=15], [fn=28, tp=53]]
2026-08-22 08:55:15 - INFO - probability_positive min=0.0024 mean=0.4537 std=0.4536 max=0.9923 predicted_0=84 predicted_1=68
2026-08-22 08:55:15 - INFO - Latest tied-best checkpoint saved | Macro-F1: 0.716995 | Epoch: 11
2026-08-22 08:55:35 - INFO - Epoch 12/30 | Train loss: 0.228719 | Val loss: 0.714154 | LR: 2.00e-05 | Best epoch: 12 | Patience: 0 | Train: 17.08s | Validation: 1.96s | Epoch: 19.67s | Total: 233.15s
2026-08-22 08:55:35 - INFO - RecAdam target-task weight at epoch end: 1.000000
2026-08-22 08:55:35 - INFO - [Classification Report - split=train epoch=12 - threshold=0.50]
2026-08-22 08:55:35 - INFO -                 precision    recall  f1-score   support
2026-08-22 08:55:35 - INFO - 
2026-08-22 08:55:35 - INFO -       safe (0)     0.9091    0.9283    0.9186       237
2026-08-22 08:55:35 - INFO - vulnerable (1)     0.9206    0.8995    0.9099       219
2026-08-22 08:55:35 - INFO - 
2026-08-22 08:55:35 - INFO -       accuracy                         0.9145       456
2026-08-22 08:55:35 - INFO -      macro avg     0.9148    0.9139    0.9143       456
2026-08-22 08:55:35 - INFO -   weighted avg     0.9146    0.9145    0.9144       456
2026-08-22 08:55:35 - INFO - Confusion matrix - [[tn=220, fp=17], [fn=22, tp=197]]
2026-08-22 08:55:35 - INFO - probability_positive min=0.0034 mean=0.4711 std=0.4505 max=0.9912 predicted_0=242 predicted_1=214
2026-08-22 08:55:35 - INFO - [Classification Report - split=validation epoch=12 - threshold=0.50]
2026-08-22 08:55:35 - INFO -                 precision    recall  f1-score   support
2026-08-22 08:55:35 - INFO - 
2026-08-22 08:55:35 - INFO -       safe (0)     0.7200    0.7606    0.7397        71
2026-08-22 08:55:35 - INFO - vulnerable (1)     0.7792    0.7407    0.7595        81
2026-08-22 08:55:35 - INFO - 
2026-08-22 08:55:35 - INFO -       accuracy                         0.7500       152
2026-08-22 08:55:35 - INFO -      macro avg     0.7496    0.7507    0.7496       152
2026-08-22 08:55:35 - INFO -   weighted avg     0.7516    0.7500    0.7503       152
2026-08-22 08:55:35 - INFO - Confusion matrix - [[tn=54, fp=17], [fn=21, tp=60]]
2026-08-22 08:55:35 - INFO - probability_positive min=0.0023 mean=0.5134 std=0.4465 max=0.9930 predicted_0=75 predicted_1=77
2026-08-22 08:55:35 - INFO - New best model | Macro-F1: 0.749610 | Epoch: 12
2026-08-22 08:55:55 - INFO - Epoch 13/30 | Train loss: 0.128376 | Val loss: 0.838219 | LR: 2.00e-05 | Best epoch: 13 | Patience: 0 | Train: 17.08s | Validation: 1.96s | Epoch: 19.69s | Total: 252.87s
2026-08-22 08:55:55 - INFO - RecAdam target-task weight at epoch end: 1.000000
2026-08-22 08:55:55 - INFO - [Classification Report - split=train epoch=13 - threshold=0.50]
2026-08-22 08:55:55 - INFO -                 precision    recall  f1-score   support
2026-08-22 08:55:55 - INFO - 
2026-08-22 08:55:55 - INFO -       safe (0)     0.9454    0.9494    0.9474       237
2026-08-22 08:55:55 - INFO - vulnerable (1)     0.9450    0.9406    0.9428       219
2026-08-22 08:55:55 - INFO - 
2026-08-22 08:55:55 - INFO -       accuracy                         0.9452       456
2026-08-22 08:55:55 - INFO -      macro avg     0.9452    0.9450    0.9451       456
2026-08-22 08:55:55 - INFO -   weighted avg     0.9452    0.9452    0.9452       456
2026-08-22 08:55:55 - INFO - Confusion matrix - [[tn=225, fp=12], [fn=13, tp=206]]
2026-08-22 08:55:55 - INFO - probability_positive min=0.0026 mean=0.4807 std=0.4551 max=0.9917 predicted_0=238 predicted_1=218
2026-08-22 08:55:55 - INFO - [Classification Report - split=validation epoch=13 - threshold=0.50]
2026-08-22 08:55:55 - INFO -                 precision    recall  f1-score   support
2026-08-22 08:55:55 - INFO - 
2026-08-22 08:55:55 - INFO -       safe (0)     0.7237    0.7746    0.7483        71
2026-08-22 08:55:55 - INFO - vulnerable (1)     0.7895    0.7407    0.7643        81
2026-08-22 08:55:55 - INFO - 
2026-08-22 08:55:55 - INFO -       accuracy                         0.7566       152
2026-08-22 08:55:55 - INFO -      macro avg     0.7566    0.7577    0.7563       152
2026-08-22 08:55:55 - INFO -   weighted avg     0.7587    0.7566    0.7568       152
2026-08-22 08:55:55 - INFO - Confusion matrix - [[tn=55, fp=16], [fn=21, tp=60]]
2026-08-22 08:55:55 - INFO - probability_positive min=0.0018 mean=0.4878 std=0.4650 max=0.9956 predicted_0=76 predicted_1=76
2026-08-22 08:55:55 - INFO - New best model | Macro-F1: 0.756315 | Epoch: 13
2026-08-22 08:56:14 - INFO - Epoch 14/30 | Train loss: 0.117225 | Val loss: 1.097417 | LR: 2.00e-05 | Best epoch: 13 | Patience: 1 | Train: 17.08s | Validation: 1.97s | Epoch: 19.04s | Total: 271.94s
2026-08-22 08:56:14 - INFO - RecAdam target-task weight at epoch end: 1.000000
2026-08-22 08:56:14 - INFO - [Classification Report - split=train epoch=14 - threshold=0.50]
2026-08-22 08:56:14 - INFO -                 precision    recall  f1-score   support
2026-08-22 08:56:14 - INFO - 
2026-08-22 08:56:14 - INFO -       safe (0)     0.9502    0.9662    0.9582       237
2026-08-22 08:56:14 - INFO - vulnerable (1)     0.9628    0.9452    0.9539       219
2026-08-22 08:56:14 - INFO - 
2026-08-22 08:56:14 - INFO -       accuracy                         0.9561       456
2026-08-22 08:56:14 - INFO -      macro avg     0.9565    0.9557    0.9560       456
2026-08-22 08:56:14 - INFO -   weighted avg     0.9563    0.9561    0.9561       456
2026-08-22 08:56:14 - INFO - Confusion matrix - [[tn=229, fp=8], [fn=12, tp=207]]
2026-08-22 08:56:14 - INFO - probability_positive min=0.0024 mean=0.4672 std=0.4739 max=0.9955 predicted_0=241 predicted_1=215
2026-08-22 08:56:14 - INFO - [Classification Report - split=validation epoch=14 - threshold=0.50]
2026-08-22 08:56:14 - INFO -                 precision    recall  f1-score   support
2026-08-22 08:56:14 - INFO - 
2026-08-22 08:56:14 - INFO -       safe (0)     0.7241    0.5915    0.6512        71
2026-08-22 08:56:14 - INFO - vulnerable (1)     0.6915    0.8025    0.7429        81
2026-08-22 08:56:14 - INFO - 
2026-08-22 08:56:14 - INFO -       accuracy                         0.7039       152
2026-08-22 08:56:14 - INFO -      macro avg     0.7078    0.6970    0.6970       152
2026-08-22 08:56:14 - INFO -   weighted avg     0.7067    0.7039    0.7000       152
2026-08-22 08:56:14 - INFO - Confusion matrix - [[tn=42, fp=29], [fn=16, tp=65]]
2026-08-22 08:56:14 - INFO - probability_positive min=0.0014 mean=0.6138 std=0.4600 max=0.9972 predicted_0=58 predicted_1=94
2026-08-22 08:56:33 - INFO - Epoch 15/30 | Train loss: 0.155080 | Val loss: 0.854239 | LR: 2.00e-05 | Best epoch: 15 | Patience: 0 | Train: 17.07s | Validation: 1.96s | Epoch: 19.65s | Total: 291.61s
2026-08-22 08:56:33 - INFO - RecAdam target-task weight at epoch end: 1.000000
2026-08-22 08:56:33 - INFO - [Classification Report - split=train epoch=15 - threshold=0.50]
2026-08-22 08:56:33 - INFO -                 precision    recall  f1-score   support
2026-08-22 08:56:33 - INFO - 
2026-08-22 08:56:33 - INFO -       safe (0)     0.9780    0.9367    0.9569       237
2026-08-22 08:56:33 - INFO - vulnerable (1)     0.9345    0.9772    0.9554       219
2026-08-22 08:56:33 - INFO - 
2026-08-22 08:56:33 - INFO -       accuracy                         0.9561       456
2026-08-22 08:56:33 - INFO -      macro avg     0.9562    0.9569    0.9561       456
2026-08-22 08:56:33 - INFO -   weighted avg     0.9571    0.9561    0.9562       456
2026-08-22 08:56:33 - INFO - Confusion matrix - [[tn=222, fp=15], [fn=5, tp=214]]
2026-08-22 08:56:33 - INFO - probability_positive min=0.0017 mean=0.5008 std=0.4741 max=0.9960 predicted_0=227 predicted_1=229
2026-08-22 08:56:33 - INFO - [Classification Report - split=validation epoch=15 - threshold=0.50]
2026-08-22 08:56:33 - INFO -                 precision    recall  f1-score   support
2026-08-22 08:56:33 - INFO - 
2026-08-22 08:56:33 - INFO -       safe (0)     0.7746    0.7746    0.7746        71
2026-08-22 08:56:33 - INFO - vulnerable (1)     0.8025    0.8025    0.8025        81
2026-08-22 08:56:33 - INFO - 
2026-08-22 08:56:33 - INFO -       accuracy                         0.7895       152
2026-08-22 08:56:33 - INFO -      macro avg     0.7886    0.7886    0.7886       152
2026-08-22 08:56:33 - INFO -   weighted avg     0.7895    0.7895    0.7895       152
2026-08-22 08:56:33 - INFO - Confusion matrix - [[tn=55, fp=16], [fn=16, tp=65]]
2026-08-22 08:56:33 - INFO - probability_positive min=0.0014 mean=0.5251 std=0.4745 max=0.9969 predicted_0=71 predicted_1=81
2026-08-22 08:56:33 - INFO - New best model | Macro-F1: 0.788559 | Epoch: 15
2026-08-22 08:56:53 - INFO - Epoch 16/30 | Train loss: 0.113373 | Val loss: 1.017792 | LR: 2.00e-05 | Best epoch: 15 | Patience: 1 | Train: 17.07s | Validation: 1.96s | Epoch: 19.03s | Total: 310.68s
2026-08-22 08:56:53 - INFO - RecAdam target-task weight at epoch end: 1.000000
2026-08-22 08:56:53 - INFO - [Classification Report - split=train epoch=16 - threshold=0.50]
2026-08-22 08:56:53 - INFO -                 precision    recall  f1-score   support
2026-08-22 08:56:53 - INFO - 
2026-08-22 08:56:53 - INFO -       safe (0)     0.9661    0.9620    0.9641       237
2026-08-22 08:56:53 - INFO - vulnerable (1)     0.9591    0.9635    0.9613       219
2026-08-22 08:56:53 - INFO - 
2026-08-22 08:56:53 - INFO -       accuracy                         0.9627       456
2026-08-22 08:56:53 - INFO -      macro avg     0.9626    0.9627    0.9627       456
2026-08-22 08:56:53 - INFO -   weighted avg     0.9627    0.9627    0.9627       456
2026-08-22 08:56:53 - INFO - Confusion matrix - [[tn=228, fp=9], [fn=8, tp=211]]
2026-08-22 08:56:53 - INFO - probability_positive min=0.0015 mean=0.4824 std=0.4767 max=0.9957 predicted_0=236 predicted_1=220
2026-08-22 08:56:53 - INFO - [Classification Report - split=validation epoch=16 - threshold=0.50]
2026-08-22 08:56:53 - INFO -                 precision    recall  f1-score   support
2026-08-22 08:56:53 - INFO - 
2026-08-22 08:56:53 - INFO -       safe (0)     0.7160    0.8169    0.7632        71
2026-08-22 08:56:53 - INFO - vulnerable (1)     0.8169    0.7160    0.7632        81
2026-08-22 08:56:53 - INFO - 
2026-08-22 08:56:53 - INFO -       accuracy                         0.7632       152
2026-08-22 08:56:53 - INFO -      macro avg     0.7665    0.7665    0.7632       152
2026-08-22 08:56:53 - INFO -   weighted avg     0.7698    0.7632    0.7632       152
2026-08-22 08:56:53 - INFO - Confusion matrix - [[tn=58, fp=13], [fn=23, tp=58]]
2026-08-22 08:56:53 - INFO - probability_positive min=0.0012 mean=0.4666 std=0.4825 max=0.9973 predicted_0=81 predicted_1=71
2026-08-22 08:57:12 - INFO - Epoch 17/30 | Train loss: 0.121024 | Val loss: 0.964017 | LR: 2.00e-05 | Best epoch: 15 | Patience: 2 | Train: 17.06s | Validation: 1.96s | Epoch: 19.03s | Total: 329.72s
2026-08-22 08:57:12 - INFO - RecAdam target-task weight at epoch end: 1.000000
2026-08-22 08:57:12 - INFO - [Classification Report - split=train epoch=17 - threshold=0.50]
2026-08-22 08:57:12 - INFO -                 precision    recall  f1-score   support
2026-08-22 08:57:12 - INFO - 
2026-08-22 08:57:12 - INFO -       safe (0)     0.9536    0.9536    0.9536       237
2026-08-22 08:57:12 - INFO - vulnerable (1)     0.9498    0.9498    0.9498       219
2026-08-22 08:57:12 - INFO - 
2026-08-22 08:57:12 - INFO -       accuracy                         0.9518       456
2026-08-22 08:57:12 - INFO -      macro avg     0.9517    0.9517    0.9517       456
2026-08-22 08:57:12 - INFO -   weighted avg     0.9518    0.9518    0.9518       456
2026-08-22 08:57:12 - INFO - Confusion matrix - [[tn=226, fp=11], [fn=11, tp=208]]
2026-08-22 08:57:12 - INFO - probability_positive min=0.0019 mean=0.4757 std=0.4778 max=0.9964 predicted_0=237 predicted_1=219
2026-08-22 08:57:12 - INFO - [Classification Report - split=validation epoch=17 - threshold=0.50]
2026-08-22 08:57:12 - INFO -                 precision    recall  f1-score   support
2026-08-22 08:57:12 - INFO - 
2026-08-22 08:57:12 - INFO -       safe (0)     0.7250    0.8169    0.7682        71
2026-08-22 08:57:12 - INFO - vulnerable (1)     0.8194    0.7284    0.7712        81
2026-08-22 08:57:12 - INFO - 
2026-08-22 08:57:12 - INFO -       accuracy                         0.7697       152
2026-08-22 08:57:12 - INFO -      macro avg     0.7722    0.7726    0.7697       152
2026-08-22 08:57:12 - INFO -   weighted avg     0.7753    0.7697    0.7698       152
2026-08-22 08:57:12 - INFO - Confusion matrix - [[tn=58, fp=13], [fn=22, tp=59]]
2026-08-22 08:57:12 - INFO - probability_positive min=0.0012 mean=0.4630 std=0.4780 max=0.9975 predicted_0=80 predicted_1=72
2026-08-22 08:57:31 - INFO - Epoch 18/30 | Train loss: 0.077133 | Val loss: 0.936216 | LR: 2.00e-05 | Best epoch: 15 | Patience: 3 | Train: 17.07s | Validation: 1.96s | Epoch: 19.03s | Total: 348.77s
2026-08-22 08:57:31 - INFO - RecAdam target-task weight at epoch end: 1.000000
2026-08-22 08:57:31 - INFO - [Classification Report - split=train epoch=18 - threshold=0.50]
2026-08-22 08:57:31 - INFO -                 precision    recall  f1-score   support
2026-08-22 08:57:31 - INFO - 
2026-08-22 08:57:31 - INFO -       safe (0)     0.9829    0.9705    0.9766       237
2026-08-22 08:57:31 - INFO - vulnerable (1)     0.9685    0.9817    0.9751       219
2026-08-22 08:57:31 - INFO - 
2026-08-22 08:57:31 - INFO -       accuracy                         0.9759       456
2026-08-22 08:57:31 - INFO -      macro avg     0.9757    0.9761    0.9759       456
2026-08-22 08:57:31 - INFO -   weighted avg     0.9760    0.9759    0.9759       456
2026-08-22 08:57:31 - INFO - Confusion matrix - [[tn=230, fp=7], [fn=4, tp=215]]
2026-08-22 08:57:31 - INFO - probability_positive min=0.0016 mean=0.4799 std=0.4813 max=0.9969 predicted_0=234 predicted_1=222
2026-08-22 08:57:31 - INFO - [Classification Report - split=validation epoch=18 - threshold=0.50]
2026-08-22 08:57:31 - INFO -                 precision    recall  f1-score   support
2026-08-22 08:57:31 - INFO - 
2026-08-22 08:57:31 - INFO -       safe (0)     0.7500    0.8028    0.7755        71
2026-08-22 08:57:31 - INFO - vulnerable (1)     0.8158    0.7654    0.7898        81
2026-08-22 08:57:31 - INFO - 
2026-08-22 08:57:31 - INFO -       accuracy                         0.7829       152
2026-08-22 08:57:31 - INFO -      macro avg     0.7829    0.7841    0.7827       152
2026-08-22 08:57:31 - INFO -   weighted avg     0.7851    0.7829    0.7831       152
2026-08-22 08:57:31 - INFO - Confusion matrix - [[tn=57, fp=14], [fn=19, tp=62]]
2026-08-22 08:57:31 - INFO - probability_positive min=0.0011 mean=0.4900 std=0.4739 max=0.9981 predicted_0=76 predicted_1=76
2026-08-22 08:57:50 - INFO - Epoch 19/30 | Train loss: 0.076701 | Val loss: 1.027223 | LR: 2.00e-05 | Best epoch: 15 | Patience: 4 | Train: 17.08s | Validation: 1.97s | Epoch: 19.05s | Total: 367.83s
2026-08-22 08:57:50 - INFO - RecAdam target-task weight at epoch end: 1.000000
2026-08-22 08:57:50 - INFO - [Classification Report - split=train epoch=19 - threshold=0.50]
2026-08-22 08:57:50 - INFO -                 precision    recall  f1-score   support
2026-08-22 08:57:50 - INFO - 
2026-08-22 08:57:50 - INFO -       safe (0)     0.9746    0.9705    0.9725       237
2026-08-22 08:57:50 - INFO - vulnerable (1)     0.9682    0.9726    0.9704       219
2026-08-22 08:57:50 - INFO - 
2026-08-22 08:57:50 - INFO -       accuracy                         0.9715       456
2026-08-22 08:57:50 - INFO -      macro avg     0.9714    0.9715    0.9715       456
2026-08-22 08:57:50 - INFO -   weighted avg     0.9715    0.9715    0.9715       456
2026-08-22 08:57:50 - INFO - Confusion matrix - [[tn=230, fp=7], [fn=6, tp=213]]
2026-08-22 08:57:50 - INFO - probability_positive min=0.0013 mean=0.4776 std=0.4822 max=0.9975 predicted_0=236 predicted_1=220
2026-08-22 08:57:50 - INFO - [Classification Report - split=validation epoch=19 - threshold=0.50]
2026-08-22 08:57:50 - INFO -                 precision    recall  f1-score   support
2026-08-22 08:57:50 - INFO - 
2026-08-22 08:57:50 - INFO -       safe (0)     0.7262    0.8592    0.7871        71
2026-08-22 08:57:50 - INFO - vulnerable (1)     0.8529    0.7160    0.7785        81
2026-08-22 08:57:50 - INFO - 
2026-08-22 08:57:50 - INFO -       accuracy                         0.7829       152
2026-08-22 08:57:50 - INFO -      macro avg     0.7896    0.7876    0.7828       152
2026-08-22 08:57:50 - INFO -   weighted avg     0.7937    0.7829    0.7825       152
2026-08-22 08:57:50 - INFO - Confusion matrix - [[tn=61, fp=10], [fn=23, tp=58]]
2026-08-22 08:57:50 - INFO - probability_positive min=0.0010 mean=0.4496 std=0.4813 max=0.9983 predicted_0=84 predicted_1=68
2026-08-22 08:58:09 - INFO - Epoch 20/30 | Train loss: 0.083632 | Val loss: 0.930587 | LR: 2.00e-05 | Best epoch: 15 | Patience: 5 | Train: 17.07s | Validation: 1.96s | Epoch: 19.03s | Total: 386.87s
2026-08-22 08:58:09 - INFO - RecAdam target-task weight at epoch end: 1.000000
2026-08-22 08:58:09 - INFO - [Classification Report - split=train epoch=20 - threshold=0.50]
2026-08-22 08:58:09 - INFO -                 precision    recall  f1-score   support
2026-08-22 08:58:09 - INFO - 
2026-08-22 08:58:09 - INFO -       safe (0)     0.9667    0.9789    0.9727       237
2026-08-22 08:58:09 - INFO - vulnerable (1)     0.9769    0.9635    0.9701       219
2026-08-22 08:58:09 - INFO - 
2026-08-22 08:58:09 - INFO -       accuracy                         0.9715       456
2026-08-22 08:58:09 - INFO -      macro avg     0.9718    0.9712    0.9714       456
2026-08-22 08:58:09 - INFO -   weighted avg     0.9716    0.9715    0.9715       456
2026-08-22 08:58:09 - INFO - Confusion matrix - [[tn=232, fp=5], [fn=8, tp=211]]
2026-08-22 08:58:09 - INFO - probability_positive min=0.0013 mean=0.4715 std=0.4869 max=0.9981 predicted_0=240 predicted_1=216
2026-08-22 08:58:09 - INFO - [Classification Report - split=validation epoch=20 - threshold=0.50]
2026-08-22 08:58:09 - INFO -                 precision    recall  f1-score   support
2026-08-22 08:58:09 - INFO - 
2026-08-22 08:58:09 - INFO -       safe (0)     0.8000    0.7324    0.7647        71
2026-08-22 08:58:09 - INFO - vulnerable (1)     0.7816    0.8395    0.8095        81
2026-08-22 08:58:09 - INFO - 
2026-08-22 08:58:09 - INFO -       accuracy                         0.7895       152
2026-08-22 08:58:09 - INFO -      macro avg     0.7908    0.7860    0.7871       152
2026-08-22 08:58:09 - INFO -   weighted avg     0.7902    0.7895    0.7886       152
2026-08-22 08:58:09 - INFO - Confusion matrix - [[tn=52, fp=19], [fn=13, tp=68]]
2026-08-22 08:58:09 - INFO - probability_positive min=0.0009 mean=0.5770 std=0.4747 max=0.9987 predicted_0=65 predicted_1=87
2026-08-22 08:58:09 - INFO - Early stopping | Epoch: 20 | Best epoch: 15
2026-08-22 08:58:09 - INFO - Best checkpoint saved | Path: model/fam1_codet5/transfer_latent_bottleneck/seed_42/fold5/best.pt | Epoch: 15 | Val macro_f1: 0.788559
2026-08-22 08:58:09 - INFO - Training finished | Elapsed: 386.89s
2026-08-22 08:58:09 - INFO - Run finished | Phase: phase2 | Fold: 5 | Seed: 42 | Elapsed: 391.68s
