2026-08-21 11:39:37 - INFO - Using device: cuda
2026-08-21 11:39:37 - INFO - Run started | Run: t5p_mean_t5pm | Method: transfer_none | Phase: phase2 | Fold: 2 | Seed: 42 | Device: cuda
2026-08-21 11:39:37 - INFO - Loading Python training data: data/sven_python_folds_norm/fold2/train.jsonl
2026-08-21 11:39:37 - INFO - Loading Python validation data: data/sven_python_folds_norm/fold2/val.jsonl
2026-08-21 11:39:37 - INFO - Data split: python_train | Total: 456 | Labels: {0: 226, 1: 230} | CWEs: {'CWE-022': 43, 'CWE-078': 124, 'CWE-079': 43, 'CWE-089': 246} | Languages: {'python': 456} | Invalid CWE: 0
2026-08-21 11:39:37 - INFO - Data split: python_val | Total: 152 | Labels: {0: 80, 1: 72} | CWEs: {'CWE-022': 15, 'CWE-078': 38, 'CWE-079': 20, 'CWE-089': 79} | Languages: {'python': 152} | Invalid CWE: 0
2026-08-21 11:39:38 - INFO - Auxiliary head width taken from checkpoint: 4
2026-08-21 11:39:40 - INFO - Loaded source checkpoint: model/t5p_mean_t5pm/transfer_none/seed_42/source/best.pt | Best epoch: 15 | Best Val Macro-F1: 0.719681
2026-08-21 11:39:40 - INFO - RecAdam schedule | Total steps: 870 | Steps/epoch: 29 | Anneal t0: 43 | Weights: {1: 0.10909682119561293, 29: 0.3318122278318339, 43: 0.5, 870: 1.0}
2026-08-21 11:39:40 - INFO - Environment: {"components": {"backbone": {"frozen": 0, "total": 109607040, "trainable": 109607040}, "vul_head": {"frozen": 0, "total": 1538, "trainable": 1538}}, "cuda": "12.8", "fold": 2, "frozen_parameters": 0, "gpu": "NVIDIA GeForce RTX 5060 Ti", "hyperparameters": {"anneal_fun": "sigmoid", "anneal_k": 0.05, "anneal_t0_ratio": 0.05, "anneal_w": 1.0, "aux_mode": "none", "batch_size": 16, "checkpoint_path": "model/t5p_mean_t5pm/transfer_none/seed_42/fold2/best.pt", "cwe_vocab": "fixed4", "data_path": "data/train_ccpp_filtered.jsonl", "data_root": "data/sven_python_folds_norm", "epochs": 30, "eval_batch_size": 16, "fold": 2, "freeze_backbone_layers": 0, "freeze_prototypes_steps": 0, "lambda_cwe": 0.2, "latent_temperature": 0.1, "learning_rate": 2e-05, "lora_rank": 0, "lp_epochs": 0, "lp_learning_rate": 0.001, "max_eval_samples": null, "max_grad_norm": 1.0, "max_length": 512, "max_train_samples": null, "method_name": "transfer_none", "min_epochs": 3, "model_name": "Salesforce/codet5p-220m", "num_cwes": 4, "num_latent": 8, "num_workers": 0, "output_dir": "results/t5p_mean_t5pm/transfer_none", "patience": 5, "phase": "phase2", "phase2_optimizer": "recadam", "pooling": "mean", "pretrain_cof": 5000.0, "result_path": "results/t5p_mean_t5pm/transfer_none/seed_42/fold2.json", "run_name": "t5p_mean_t5pm", "seed": 42, "selection_metric": "macro_f1", "source_checkpoint": "model/t5p_mean_t5pm/transfer_none/seed_42/source/best.pt", "source_interpolation": 1.0, "strict_determinism": false, "target_lang": "python", "test_path": null, "train_path": null, "truncation_strategy": "head_middle_tail", "val_path": null, "weight_decay": 0.01}, "mode": "phase2_train", "model_name": "Salesforce/codet5p-220m", "seed": 42, "sklearn": "1.7.2", "torch": "2.11.0+cu128", "trainable_parameters": 109608578, "transformers": "4.57.1"}
2026-08-21 11:39:40 - INFO - Training started | Phase: phase2 | Epochs: 30
2026-08-21 11:39:41 - INFO - RecAdam first-step safety checks passed
2026-08-21 11:40:00 - INFO - Epoch 1/30 | Train loss: 1.136495 | Val loss: 0.997987 | LR: 2.00e-05 | Best epoch: 1 | Patience: 0 | Train: 17.64s | Validation: 1.97s | Epoch: 19.88s | Total: 19.88s
2026-08-21 11:40:00 - INFO - RecAdam target-task weight at epoch end: 0.331812
2026-08-21 11:40:00 - INFO - [Classification Report - split=train epoch=1 - threshold=0.50]
2026-08-21 11:40:00 - INFO -                 precision    recall  f1-score   support
2026-08-21 11:40:00 - INFO - 
2026-08-21 11:40:00 - INFO -       safe (0)     0.6972    0.4381    0.5380       226
2026-08-21 11:40:00 - INFO - vulnerable (1)     0.5955    0.8130    0.6875       230
2026-08-21 11:40:00 - INFO - 
2026-08-21 11:40:00 - INFO -       accuracy                         0.6272       456
2026-08-21 11:40:00 - INFO -      macro avg     0.6464    0.6255    0.6128       456
2026-08-21 11:40:00 - INFO -   weighted avg     0.6459    0.6272    0.6134       456
2026-08-21 11:40:00 - INFO - Confusion matrix - [[tn=99, fp=127], [fn=43, tp=187]]
2026-08-21 11:40:00 - INFO - probability_positive min=0.0007 mean=0.6742 std=0.3365 max=0.9994 predicted_0=142 predicted_1=314
2026-08-21 11:40:00 - INFO - [Classification Report - split=validation epoch=1 - threshold=0.50]
2026-08-21 11:40:00 - INFO -                 precision    recall  f1-score   support
2026-08-21 11:40:00 - INFO - 
2026-08-21 11:40:00 - INFO -       safe (0)     0.6154    0.6000    0.6076        80
2026-08-21 11:40:00 - INFO - vulnerable (1)     0.5676    0.5833    0.5753        72
2026-08-21 11:40:00 - INFO - 
2026-08-21 11:40:00 - INFO -       accuracy                         0.5921       152
2026-08-21 11:40:00 - INFO -      macro avg     0.5915    0.5917    0.5915       152
2026-08-21 11:40:00 - INFO -   weighted avg     0.5927    0.5921    0.5923       152
2026-08-21 11:40:00 - INFO - Confusion matrix - [[tn=48, fp=32], [fn=30, tp=42]]
2026-08-21 11:40:00 - INFO - probability_positive min=0.0009 mean=0.4996 std=0.3535 max=0.9991 predicted_0=78 predicted_1=74
2026-08-21 11:40:00 - INFO - New best model | Macro-F1: 0.591469 | Epoch: 1
2026-08-21 11:40:20 - INFO - Epoch 2/30 | Train loss: 0.681145 | Val loss: 0.731181 | LR: 2.00e-05 | Best epoch: 2 | Patience: 0 | Train: 17.41s | Validation: 1.97s | Epoch: 19.80s | Total: 39.68s
2026-08-21 11:40:20 - INFO - RecAdam target-task weight at epoch end: 0.679179
2026-08-21 11:40:20 - INFO - [Classification Report - split=train epoch=2 - threshold=0.50]
2026-08-21 11:40:20 - INFO -                 precision    recall  f1-score   support
2026-08-21 11:40:20 - INFO - 
2026-08-21 11:40:20 - INFO -       safe (0)     0.6667    0.6903    0.6783       226
2026-08-21 11:40:20 - INFO - vulnerable (1)     0.6847    0.6609    0.6726       230
2026-08-21 11:40:20 - INFO - 
2026-08-21 11:40:20 - INFO -       accuracy                         0.6754       456
2026-08-21 11:40:20 - INFO -      macro avg     0.6757    0.6756    0.6754       456
2026-08-21 11:40:20 - INFO -   weighted avg     0.6758    0.6754    0.6754       456
2026-08-21 11:40:20 - INFO - Confusion matrix - [[tn=156, fp=70], [fn=78, tp=152]]
2026-08-21 11:40:20 - INFO - probability_positive min=0.0011 mean=0.4870 std=0.2785 max=0.9983 predicted_0=234 predicted_1=222
2026-08-21 11:40:20 - INFO - [Classification Report - split=validation epoch=2 - threshold=0.50]
2026-08-21 11:40:20 - INFO -                 precision    recall  f1-score   support
2026-08-21 11:40:20 - INFO - 
2026-08-21 11:40:20 - INFO -       safe (0)     0.6709    0.6625    0.6667        80
2026-08-21 11:40:20 - INFO - vulnerable (1)     0.6301    0.6389    0.6345        72
2026-08-21 11:40:20 - INFO - 
2026-08-21 11:40:20 - INFO -       accuracy                         0.6513       152
2026-08-21 11:40:20 - INFO -      macro avg     0.6505    0.6507    0.6506       152
2026-08-21 11:40:20 - INFO -   weighted avg     0.6516    0.6513    0.6514       152
2026-08-21 11:40:20 - INFO - Confusion matrix - [[tn=53, fp=27], [fn=26, tp=46]]
2026-08-21 11:40:20 - INFO - probability_positive min=0.0018 mean=0.4951 std=0.3123 max=0.9969 predicted_0=79 predicted_1=73
2026-08-21 11:40:20 - INFO - New best model | Macro-F1: 0.650575 | Epoch: 2
2026-08-21 11:40:40 - INFO - Epoch 3/30 | Train loss: 0.470845 | Val loss: 0.588952 | LR: 2.00e-05 | Best epoch: 3 | Patience: 0 | Train: 17.41s | Validation: 1.96s | Epoch: 19.80s | Total: 59.50s
2026-08-21 11:40:40 - INFO - RecAdam target-task weight at epoch end: 0.900250
2026-08-21 11:40:40 - INFO - [Classification Report - split=train epoch=3 - threshold=0.50]
2026-08-21 11:40:40 - INFO -                 precision    recall  f1-score   support
2026-08-21 11:40:40 - INFO - 
2026-08-21 11:40:40 - INFO -       safe (0)     0.7848    0.7743    0.7795       226
2026-08-21 11:40:40 - INFO - vulnerable (1)     0.7811    0.7913    0.7862       230
2026-08-21 11:40:40 - INFO - 
2026-08-21 11:40:40 - INFO -       accuracy                         0.7829       456
2026-08-21 11:40:40 - INFO -      macro avg     0.7829    0.7828    0.7828       456
2026-08-21 11:40:40 - INFO -   weighted avg     0.7829    0.7829    0.7829       456
2026-08-21 11:40:40 - INFO - Confusion matrix - [[tn=175, fp=51], [fn=48, tp=182]]
2026-08-21 11:40:40 - INFO - probability_positive min=0.0014 mean=0.4987 std=0.3183 max=0.9989 predicted_0=223 predicted_1=233
2026-08-21 11:40:40 - INFO - [Classification Report - split=validation epoch=3 - threshold=0.50]
2026-08-21 11:40:40 - INFO -                 precision    recall  f1-score   support
2026-08-21 11:40:40 - INFO - 
2026-08-21 11:40:40 - INFO -       safe (0)     0.7975    0.7875    0.7925        80
2026-08-21 11:40:40 - INFO - vulnerable (1)     0.7671    0.7778    0.7724        72
2026-08-21 11:40:40 - INFO - 
2026-08-21 11:40:40 - INFO -       accuracy                         0.7829       152
2026-08-21 11:40:40 - INFO -      macro avg     0.7823    0.7826    0.7824       152
2026-08-21 11:40:40 - INFO -   weighted avg     0.7831    0.7829    0.7830       152
2026-08-21 11:40:40 - INFO - Confusion matrix - [[tn=63, fp=17], [fn=16, tp=56]]
2026-08-21 11:40:40 - INFO - probability_positive min=0.0014 mean=0.4600 std=0.3927 max=0.9993 predicted_0=79 predicted_1=73
2026-08-21 11:40:40 - INFO - New best model | Macro-F1: 0.782433 | Epoch: 3
2026-08-21 11:40:59 - INFO - Epoch 4/30 | Train loss: 0.287171 | Val loss: 0.621060 | LR: 2.00e-05 | Best epoch: 4 | Patience: 0 | Train: 17.41s | Validation: 1.97s | Epoch: 19.76s | Total: 79.28s
2026-08-21 11:40:59 - INFO - RecAdam target-task weight at epoch end: 0.974667
2026-08-21 11:40:59 - INFO - [Classification Report - split=train epoch=4 - threshold=0.50]
2026-08-21 11:40:59 - INFO -                 precision    recall  f1-score   support
2026-08-21 11:40:59 - INFO - 
2026-08-21 11:40:59 - INFO -       safe (0)     0.8789    0.8673    0.8731       226
2026-08-21 11:40:59 - INFO - vulnerable (1)     0.8712    0.8826    0.8769       230
2026-08-21 11:40:59 - INFO - 
2026-08-21 11:40:59 - INFO -       accuracy                         0.8750       456
2026-08-21 11:40:59 - INFO -      macro avg     0.8751    0.8749    0.8750       456
2026-08-21 11:40:59 - INFO -   weighted avg     0.8751    0.8750    0.8750       456
2026-08-21 11:40:59 - INFO - Confusion matrix - [[tn=196, fp=30], [fn=27, tp=203]]
2026-08-21 11:40:59 - INFO - probability_positive min=0.0013 mean=0.5091 std=0.4076 max=0.9992 predicted_0=223 predicted_1=233
2026-08-21 11:40:59 - INFO - [Classification Report - split=validation epoch=4 - threshold=0.50]
2026-08-21 11:40:59 - INFO -                 precision    recall  f1-score   support
2026-08-21 11:40:59 - INFO - 
2026-08-21 11:40:59 - INFO -       safe (0)     0.7791    0.8375    0.8072        80
2026-08-21 11:40:59 - INFO - vulnerable (1)     0.8030    0.7361    0.7681        72
2026-08-21 11:40:59 - INFO - 
2026-08-21 11:40:59 - INFO -       accuracy                         0.7895       152
2026-08-21 11:40:59 - INFO -      macro avg     0.7911    0.7868    0.7877       152
2026-08-21 11:40:59 - INFO -   weighted avg     0.7904    0.7895    0.7887       152
2026-08-21 11:40:59 - INFO - Confusion matrix - [[tn=67, fp=13], [fn=19, tp=53]]
2026-08-21 11:40:59 - INFO - probability_positive min=0.0010 mean=0.4213 std=0.4264 max=0.9995 predicted_0=86 predicted_1=66
2026-08-21 11:40:59 - INFO - New best model | Macro-F1: 0.787672 | Epoch: 4
2026-08-21 11:41:19 - INFO - Epoch 5/30 | Train loss: 0.197523 | Val loss: 0.939022 | LR: 2.00e-05 | Best epoch: 4 | Patience: 1 | Train: 17.41s | Validation: 1.96s | Epoch: 19.37s | Total: 98.67s
2026-08-21 11:41:19 - INFO - RecAdam target-task weight at epoch end: 0.993940
2026-08-21 11:41:19 - INFO - [Classification Report - split=train epoch=5 - threshold=0.50]
2026-08-21 11:41:19 - INFO -                 precision    recall  f1-score   support
2026-08-21 11:41:19 - INFO - 
2026-08-21 11:41:19 - INFO -       safe (0)     0.9214    0.9336    0.9275       226
2026-08-21 11:41:19 - INFO - vulnerable (1)     0.9339    0.9217    0.9278       230
2026-08-21 11:41:19 - INFO - 
2026-08-21 11:41:19 - INFO -       accuracy                         0.9276       456
2026-08-21 11:41:19 - INFO -      macro avg     0.9277    0.9277    0.9276       456
2026-08-21 11:41:19 - INFO -   weighted avg     0.9277    0.9276    0.9276       456
2026-08-21 11:41:19 - INFO - Confusion matrix - [[tn=211, fp=15], [fn=18, tp=212]]
2026-08-21 11:41:19 - INFO - probability_positive min=0.0009 mean=0.4923 std=0.4593 max=0.9996 predicted_0=229 predicted_1=227
2026-08-21 11:41:19 - INFO - [Classification Report - split=validation epoch=5 - threshold=0.50]
2026-08-21 11:41:19 - INFO -                 precision    recall  f1-score   support
2026-08-21 11:41:19 - INFO - 
2026-08-21 11:41:19 - INFO -       safe (0)     0.7282    0.9375    0.8197        80
2026-08-21 11:41:19 - INFO - vulnerable (1)     0.8980    0.6111    0.7273        72
2026-08-21 11:41:19 - INFO - 
2026-08-21 11:41:19 - INFO -       accuracy                         0.7829       152
2026-08-21 11:41:19 - INFO -      macro avg     0.8131    0.7743    0.7735       152
2026-08-21 11:41:19 - INFO -   weighted avg     0.8086    0.7829    0.7759       152
2026-08-21 11:41:19 - INFO - Confusion matrix - [[tn=75, fp=5], [fn=28, tp=44]]
2026-08-21 11:41:19 - INFO - probability_positive min=0.0007 mean=0.3424 std=0.4451 max=0.9997 predicted_0=103 predicted_1=49
2026-08-21 11:41:38 - INFO - Epoch 6/30 | Train loss: 0.138402 | Val loss: 0.921132 | LR: 2.00e-05 | Best epoch: 4 | Patience: 2 | Train: 17.41s | Validation: 1.97s | Epoch: 19.38s | Total: 118.06s
2026-08-21 11:41:38 - INFO - RecAdam target-task weight at epoch end: 0.998572
2026-08-21 11:41:38 - INFO - [Classification Report - split=train epoch=6 - threshold=0.50]
2026-08-21 11:41:38 - INFO -                 precision    recall  f1-score   support
2026-08-21 11:41:38 - INFO - 
2026-08-21 11:41:38 - INFO -       safe (0)     0.9391    0.9558    0.9474       226
2026-08-21 11:41:38 - INFO - vulnerable (1)     0.9558    0.9391    0.9474       230
2026-08-21 11:41:38 - INFO - 
2026-08-21 11:41:38 - INFO -       accuracy                         0.9474       456
2026-08-21 11:41:38 - INFO -      macro avg     0.9474    0.9474    0.9474       456
2026-08-21 11:41:38 - INFO -   weighted avg     0.9475    0.9474    0.9474       456
2026-08-21 11:41:38 - INFO - Confusion matrix - [[tn=216, fp=10], [fn=14, tp=216]]
2026-08-21 11:41:38 - INFO - probability_positive min=0.0009 mean=0.4969 std=0.4735 max=0.9996 predicted_0=230 predicted_1=226
2026-08-21 11:41:38 - INFO - [Classification Report - split=validation epoch=6 - threshold=0.50]
2026-08-21 11:41:38 - INFO -                 precision    recall  f1-score   support
2026-08-21 11:41:38 - INFO - 
2026-08-21 11:41:38 - INFO -       safe (0)     0.7901    0.8000    0.7950        80
2026-08-21 11:41:38 - INFO - vulnerable (1)     0.7746    0.7639    0.7692        72
2026-08-21 11:41:38 - INFO - 
2026-08-21 11:41:38 - INFO -       accuracy                         0.7829       152
2026-08-21 11:41:38 - INFO -      macro avg     0.7824    0.7819    0.7821       152
2026-08-21 11:41:38 - INFO -   weighted avg     0.7828    0.7829    0.7828       152
2026-08-21 11:41:38 - INFO - Confusion matrix - [[tn=64, fp=16], [fn=17, tp=55]]
2026-08-21 11:41:38 - INFO - probability_positive min=0.0007 mean=0.4745 std=0.4657 max=0.9998 predicted_0=81 predicted_1=71
2026-08-21 11:41:58 - INFO - Epoch 7/30 | Train loss: 0.092015 | Val loss: 0.835455 | LR: 2.00e-05 | Best epoch: 7 | Patience: 0 | Train: 17.41s | Validation: 1.96s | Epoch: 19.80s | Total: 137.86s
2026-08-21 11:41:58 - INFO - RecAdam target-task weight at epoch end: 0.999665
2026-08-21 11:41:58 - INFO - [Classification Report - split=train epoch=7 - threshold=0.50]
2026-08-21 11:41:58 - INFO -                 precision    recall  f1-score   support
2026-08-21 11:41:58 - INFO - 
2026-08-21 11:41:58 - INFO -       safe (0)     0.9509    0.9425    0.9467       226
2026-08-21 11:41:58 - INFO - vulnerable (1)     0.9440    0.9522    0.9481       230
2026-08-21 11:41:58 - INFO - 
2026-08-21 11:41:58 - INFO -       accuracy                         0.9474       456
2026-08-21 11:41:58 - INFO -      macro avg     0.9474    0.9473    0.9474       456
2026-08-21 11:41:58 - INFO -   weighted avg     0.9474    0.9474    0.9474       456
2026-08-21 11:41:58 - INFO - Confusion matrix - [[tn=213, fp=13], [fn=11, tp=219]]
2026-08-21 11:41:58 - INFO - probability_positive min=0.0008 mean=0.5099 std=0.4785 max=0.9997 predicted_0=224 predicted_1=232
2026-08-21 11:41:58 - INFO - [Classification Report - split=validation epoch=7 - threshold=0.50]
2026-08-21 11:41:58 - INFO -                 precision    recall  f1-score   support
2026-08-21 11:41:58 - INFO - 
2026-08-21 11:41:58 - INFO -       safe (0)     0.8333    0.8125    0.8228        80
2026-08-21 11:41:58 - INFO - vulnerable (1)     0.7973    0.8194    0.8082        72
2026-08-21 11:41:58 - INFO - 
2026-08-21 11:41:58 - INFO -       accuracy                         0.8158       152
2026-08-21 11:41:58 - INFO -      macro avg     0.8153    0.8160    0.8155       152
2026-08-21 11:41:58 - INFO -   weighted avg     0.8163    0.8158    0.8159       152
2026-08-21 11:41:58 - INFO - Confusion matrix - [[tn=65, fp=15], [fn=13, tp=59]]
2026-08-21 11:41:58 - INFO - probability_positive min=0.0005 mean=0.4808 std=0.4709 max=0.9998 predicted_0=78 predicted_1=74
2026-08-21 11:41:58 - INFO - New best model | Macro-F1: 0.815502 | Epoch: 7
2026-08-21 11:42:18 - INFO - Epoch 8/30 | Train loss: 0.102388 | Val loss: 0.892902 | LR: 2.00e-05 | Best epoch: 8 | Patience: 0 | Train: 17.41s | Validation: 1.97s | Epoch: 19.75s | Total: 157.63s
2026-08-21 11:42:18 - INFO - RecAdam target-task weight at epoch end: 0.999921
2026-08-21 11:42:18 - INFO - [Classification Report - split=train epoch=8 - threshold=0.50]
2026-08-21 11:42:18 - INFO -                 precision    recall  f1-score   support
2026-08-21 11:42:18 - INFO - 
2026-08-21 11:42:18 - INFO -       safe (0)     0.9520    0.9646    0.9582       226
2026-08-21 11:42:18 - INFO - vulnerable (1)     0.9648    0.9522    0.9584       230
2026-08-21 11:42:18 - INFO - 
2026-08-21 11:42:18 - INFO -       accuracy                         0.9583       456
2026-08-21 11:42:18 - INFO -      macro avg     0.9584    0.9584    0.9583       456
2026-08-21 11:42:18 - INFO -   weighted avg     0.9584    0.9583    0.9583       456
2026-08-21 11:42:18 - INFO - Confusion matrix - [[tn=218, fp=8], [fn=11, tp=219]]
2026-08-21 11:42:18 - INFO - probability_positive min=0.0006 mean=0.5026 std=0.4845 max=0.9997 predicted_0=229 predicted_1=227
2026-08-21 11:42:18 - INFO - [Classification Report - split=validation epoch=8 - threshold=0.50]
2026-08-21 11:42:18 - INFO -                 precision    recall  f1-score   support
2026-08-21 11:42:18 - INFO - 
2026-08-21 11:42:18 - INFO -       safe (0)     0.8235    0.8750    0.8485        80
2026-08-21 11:42:18 - INFO - vulnerable (1)     0.8507    0.7917    0.8201        72
2026-08-21 11:42:18 - INFO - 
2026-08-21 11:42:18 - INFO -       accuracy                         0.8355       152
2026-08-21 11:42:18 - INFO -      macro avg     0.8371    0.8333    0.8343       152
2026-08-21 11:42:18 - INFO -   weighted avg     0.8364    0.8355    0.8351       152
2026-08-21 11:42:18 - INFO - Confusion matrix - [[tn=70, fp=10], [fn=15, tp=57]]
2026-08-21 11:42:18 - INFO - probability_positive min=0.0004 mean=0.4401 std=0.4735 max=0.9998 predicted_0=85 predicted_1=67
2026-08-21 11:42:18 - INFO - New best model | Macro-F1: 0.834314 | Epoch: 8
2026-08-21 11:42:37 - INFO - Epoch 9/30 | Train loss: 0.082312 | Val loss: 1.038311 | LR: 2.00e-05 | Best epoch: 8 | Patience: 1 | Train: 17.41s | Validation: 1.97s | Epoch: 19.38s | Total: 177.03s
2026-08-21 11:42:37 - INFO - RecAdam target-task weight at epoch end: 0.999982
2026-08-21 11:42:37 - INFO - [Classification Report - split=train epoch=9 - threshold=0.50]
2026-08-21 11:42:37 - INFO -                 precision    recall  f1-score   support
2026-08-21 11:42:37 - INFO - 
2026-08-21 11:42:37 - INFO -       safe (0)     0.9779    0.9779    0.9779       226
2026-08-21 11:42:37 - INFO - vulnerable (1)     0.9783    0.9783    0.9783       230
2026-08-21 11:42:37 - INFO - 
2026-08-21 11:42:37 - INFO -       accuracy                         0.9781       456
2026-08-21 11:42:37 - INFO -      macro avg     0.9781    0.9781    0.9781       456
2026-08-21 11:42:37 - INFO -   weighted avg     0.9781    0.9781    0.9781       456
2026-08-21 11:42:37 - INFO - Confusion matrix - [[tn=221, fp=5], [fn=5, tp=225]]
2026-08-21 11:42:37 - INFO - probability_positive min=0.0004 mean=0.5013 std=0.4917 max=0.9998 predicted_0=226 predicted_1=230
2026-08-21 11:42:37 - INFO - [Classification Report - split=validation epoch=9 - threshold=0.50]
2026-08-21 11:42:37 - INFO -                 precision    recall  f1-score   support
2026-08-21 11:42:37 - INFO - 
2026-08-21 11:42:37 - INFO -       safe (0)     0.8118    0.8625    0.8364        80
2026-08-21 11:42:37 - INFO - vulnerable (1)     0.8358    0.7778    0.8058        72
2026-08-21 11:42:37 - INFO - 
2026-08-21 11:42:37 - INFO -       accuracy                         0.8224       152
2026-08-21 11:42:37 - INFO -      macro avg     0.8238    0.8201    0.8211       152
2026-08-21 11:42:37 - INFO -   weighted avg     0.8232    0.8224    0.8219       152
2026-08-21 11:42:37 - INFO - Confusion matrix - [[tn=69, fp=11], [fn=16, tp=56]]
2026-08-21 11:42:37 - INFO - probability_positive min=0.0004 mean=0.4334 std=0.4787 max=0.9998 predicted_0=85 predicted_1=67
2026-08-21 11:42:57 - INFO - Epoch 10/30 | Train loss: 0.052831 | Val loss: 1.015889 | LR: 2.00e-05 | Best epoch: 10 | Patience: 0 | Train: 17.41s | Validation: 1.97s | Epoch: 19.76s | Total: 196.79s
2026-08-21 11:42:57 - INFO - RecAdam target-task weight at epoch end: 0.999996
2026-08-21 11:42:57 - INFO - [Classification Report - split=train epoch=10 - threshold=0.50]
2026-08-21 11:42:57 - INFO -                 precision    recall  f1-score   support
2026-08-21 11:42:57 - INFO - 
2026-08-21 11:42:57 - INFO -       safe (0)     0.9697    0.9912    0.9803       226
2026-08-21 11:42:57 - INFO - vulnerable (1)     0.9911    0.9696    0.9802       230
2026-08-21 11:42:57 - INFO - 
2026-08-21 11:42:57 - INFO -       accuracy                         0.9803       456
2026-08-21 11:42:57 - INFO -      macro avg     0.9804    0.9804    0.9803       456
2026-08-21 11:42:57 - INFO -   weighted avg     0.9805    0.9803    0.9803       456
2026-08-21 11:42:57 - INFO - Confusion matrix - [[tn=224, fp=2], [fn=7, tp=223]]
2026-08-21 11:42:57 - INFO - probability_positive min=0.0004 mean=0.4977 std=0.4941 max=0.9998 predicted_0=231 predicted_1=225
2026-08-21 11:42:57 - INFO - [Classification Report - split=validation epoch=10 - threshold=0.50]
2026-08-21 11:42:57 - INFO -                 precision    recall  f1-score   support
2026-08-21 11:42:57 - INFO - 
2026-08-21 11:42:57 - INFO -       safe (0)     0.8395    0.8500    0.8447        80
2026-08-21 11:42:57 - INFO - vulnerable (1)     0.8310    0.8194    0.8252        72
2026-08-21 11:42:57 - INFO - 
2026-08-21 11:42:57 - INFO -       accuracy                         0.8355       152
2026-08-21 11:42:57 - INFO -      macro avg     0.8352    0.8347    0.8349       152
2026-08-21 11:42:57 - INFO -   weighted avg     0.8355    0.8355    0.8355       152
2026-08-21 11:42:57 - INFO - Confusion matrix - [[tn=68, fp=12], [fn=13, tp=59]]
2026-08-21 11:42:57 - INFO - probability_positive min=0.0003 mean=0.4688 std=0.4893 max=0.9998 predicted_0=81 predicted_1=71
2026-08-21 11:42:57 - INFO - New best model | Macro-F1: 0.834948 | Epoch: 10
2026-08-21 11:43:16 - INFO - Epoch 11/30 | Train loss: 0.008901 | Val loss: 1.101571 | LR: 2.00e-05 | Best epoch: 10 | Patience: 1 | Train: 17.41s | Validation: 1.96s | Epoch: 19.38s | Total: 216.18s
2026-08-21 11:43:16 - INFO - RecAdam target-task weight at epoch end: 0.999999
2026-08-21 11:43:16 - INFO - [Classification Report - split=train epoch=11 - threshold=0.50]
2026-08-21 11:43:16 - INFO -                 precision    recall  f1-score   support
2026-08-21 11:43:16 - INFO - 
2026-08-21 11:43:16 - INFO -       safe (0)     0.9956    0.9956    0.9956       226
2026-08-21 11:43:16 - INFO - vulnerable (1)     0.9957    0.9957    0.9957       230
2026-08-21 11:43:16 - INFO - 
2026-08-21 11:43:16 - INFO -       accuracy                         0.9956       456
2026-08-21 11:43:16 - INFO -      macro avg     0.9956    0.9956    0.9956       456
2026-08-21 11:43:16 - INFO -   weighted avg     0.9956    0.9956    0.9956       456
2026-08-21 11:43:16 - INFO - Confusion matrix - [[tn=225, fp=1], [fn=1, tp=229]]
2026-08-21 11:43:16 - INFO - probability_positive min=0.0003 mean=0.5052 std=0.4980 max=0.9998 predicted_0=226 predicted_1=230
2026-08-21 11:43:16 - INFO - [Classification Report - split=validation epoch=11 - threshold=0.50]
2026-08-21 11:43:16 - INFO -                 precision    recall  f1-score   support
2026-08-21 11:43:16 - INFO - 
2026-08-21 11:43:16 - INFO -       safe (0)     0.8293    0.8500    0.8395        80
2026-08-21 11:43:16 - INFO - vulnerable (1)     0.8286    0.8056    0.8169        72
2026-08-21 11:43:16 - INFO - 
2026-08-21 11:43:16 - INFO -       accuracy                         0.8289       152
2026-08-21 11:43:16 - INFO -      macro avg     0.8289    0.8278    0.8282       152
2026-08-21 11:43:16 - INFO -   weighted avg     0.8289    0.8289    0.8288       152
2026-08-21 11:43:16 - INFO - Confusion matrix - [[tn=68, fp=12], [fn=14, tp=58]]
2026-08-21 11:43:16 - INFO - probability_positive min=0.0003 mean=0.4700 std=0.4890 max=0.9999 predicted_0=82 predicted_1=70
2026-08-21 11:43:36 - INFO - Epoch 12/30 | Train loss: 0.012522 | Val loss: 1.123330 | LR: 2.00e-05 | Best epoch: 10 | Patience: 2 | Train: 17.41s | Validation: 1.96s | Epoch: 19.37s | Total: 235.57s
2026-08-21 11:43:36 - INFO - RecAdam target-task weight at epoch end: 1.000000
2026-08-21 11:43:36 - INFO - [Classification Report - split=train epoch=12 - threshold=0.50]
2026-08-21 11:43:36 - INFO -                 precision    recall  f1-score   support
2026-08-21 11:43:36 - INFO - 
2026-08-21 11:43:36 - INFO -       safe (0)     1.0000    0.9956    0.9978       226
2026-08-21 11:43:36 - INFO - vulnerable (1)     0.9957    1.0000    0.9978       230
2026-08-21 11:43:36 - INFO - 
2026-08-21 11:43:36 - INFO -       accuracy                         0.9978       456
2026-08-21 11:43:36 - INFO -      macro avg     0.9978    0.9978    0.9978       456
2026-08-21 11:43:36 - INFO -   weighted avg     0.9978    0.9978    0.9978       456
2026-08-21 11:43:36 - INFO - Confusion matrix - [[tn=225, fp=1], [fn=0, tp=230]]
2026-08-21 11:43:36 - INFO - probability_positive min=0.0003 mean=0.5076 std=0.4980 max=0.9999 predicted_0=225 predicted_1=231
2026-08-21 11:43:36 - INFO - [Classification Report - split=validation epoch=12 - threshold=0.50]
2026-08-21 11:43:36 - INFO -                 precision    recall  f1-score   support
2026-08-21 11:43:36 - INFO - 
2026-08-21 11:43:36 - INFO -       safe (0)     0.8313    0.8625    0.8466        80
2026-08-21 11:43:36 - INFO - vulnerable (1)     0.8406    0.8056    0.8227        72
2026-08-21 11:43:36 - INFO - 
2026-08-21 11:43:36 - INFO -       accuracy                         0.8355       152
2026-08-21 11:43:36 - INFO -      macro avg     0.8360    0.8340    0.8347       152
2026-08-21 11:43:36 - INFO -   weighted avg     0.8357    0.8355    0.8353       152
2026-08-21 11:43:36 - INFO - Confusion matrix - [[tn=69, fp=11], [fn=14, tp=58]]
2026-08-21 11:43:36 - INFO - probability_positive min=0.0002 mean=0.4580 std=0.4911 max=0.9999 predicted_0=83 predicted_1=69
2026-08-21 11:43:55 - INFO - Epoch 13/30 | Train loss: 0.028055 | Val loss: 1.193270 | LR: 2.00e-05 | Best epoch: 10 | Patience: 3 | Train: 17.41s | Validation: 1.97s | Epoch: 19.38s | Total: 254.95s
2026-08-21 11:43:55 - INFO - RecAdam target-task weight at epoch end: 1.000000
2026-08-21 11:43:55 - INFO - [Classification Report - split=train epoch=13 - threshold=0.50]
2026-08-21 11:43:55 - INFO -                 precision    recall  f1-score   support
2026-08-21 11:43:55 - INFO - 
2026-08-21 11:43:55 - INFO -       safe (0)     0.9912    1.0000    0.9956       226
2026-08-21 11:43:55 - INFO - vulnerable (1)     1.0000    0.9913    0.9956       230
2026-08-21 11:43:55 - INFO - 
2026-08-21 11:43:55 - INFO -       accuracy                         0.9956       456
2026-08-21 11:43:55 - INFO -      macro avg     0.9956    0.9957    0.9956       456
2026-08-21 11:43:55 - INFO -   weighted avg     0.9957    0.9956    0.9956       456
2026-08-21 11:43:55 - INFO - Confusion matrix - [[tn=226, fp=0], [fn=2, tp=228]]
2026-08-21 11:43:55 - INFO - probability_positive min=0.0002 mean=0.4997 std=0.4989 max=0.9999 predicted_0=228 predicted_1=228
2026-08-21 11:43:55 - INFO - [Classification Report - split=validation epoch=13 - threshold=0.50]
2026-08-21 11:43:55 - INFO -                 precision    recall  f1-score   support
2026-08-21 11:43:55 - INFO - 
2026-08-21 11:43:55 - INFO -       safe (0)     0.8421    0.8000    0.8205        80
2026-08-21 11:43:55 - INFO - vulnerable (1)     0.7895    0.8333    0.8108        72
2026-08-21 11:43:55 - INFO - 
2026-08-21 11:43:55 - INFO -       accuracy                         0.8158       152
2026-08-21 11:43:55 - INFO -      macro avg     0.8158    0.8167    0.8157       152
2026-08-21 11:43:55 - INFO -   weighted avg     0.8172    0.8158    0.8159       152
2026-08-21 11:43:55 - INFO - Confusion matrix - [[tn=64, fp=16], [fn=12, tp=60]]
2026-08-21 11:43:55 - INFO - probability_positive min=0.0002 mean=0.4937 std=0.4924 max=0.9999 predicted_0=76 predicted_1=76
2026-08-21 11:44:15 - INFO - Epoch 14/30 | Train loss: 0.000665 | Val loss: 1.150621 | LR: 2.00e-05 | Best epoch: 10 | Patience: 4 | Train: 17.41s | Validation: 1.96s | Epoch: 19.38s | Total: 274.34s
2026-08-21 11:44:15 - INFO - RecAdam target-task weight at epoch end: 1.000000
2026-08-21 11:44:15 - INFO - [Classification Report - split=train epoch=14 - threshold=0.50]
2026-08-21 11:44:15 - INFO -                 precision    recall  f1-score   support
2026-08-21 11:44:15 - INFO - 
2026-08-21 11:44:15 - INFO -       safe (0)     1.0000    1.0000    1.0000       226
2026-08-21 11:44:15 - INFO - vulnerable (1)     1.0000    1.0000    1.0000       230
2026-08-21 11:44:15 - INFO - 
2026-08-21 11:44:15 - INFO -       accuracy                         1.0000       456
2026-08-21 11:44:15 - INFO -      macro avg     1.0000    1.0000    1.0000       456
2026-08-21 11:44:15 - INFO -   weighted avg     1.0000    1.0000    1.0000       456
2026-08-21 11:44:15 - INFO - Confusion matrix - [[tn=226, fp=0], [fn=0, tp=230]]
2026-08-21 11:44:15 - INFO - probability_positive min=0.0002 mean=0.5047 std=0.4993 max=0.9999 predicted_0=226 predicted_1=230
2026-08-21 11:44:15 - INFO - [Classification Report - split=validation epoch=14 - threshold=0.50]
2026-08-21 11:44:15 - INFO -                 precision    recall  f1-score   support
2026-08-21 11:44:15 - INFO - 
2026-08-21 11:44:15 - INFO -       safe (0)     0.8140    0.8750    0.8434        80
2026-08-21 11:44:15 - INFO - vulnerable (1)     0.8485    0.7778    0.8116        72
2026-08-21 11:44:15 - INFO - 
2026-08-21 11:44:15 - INFO -       accuracy                         0.8289       152
2026-08-21 11:44:15 - INFO -      macro avg     0.8312    0.8264    0.8275       152
2026-08-21 11:44:15 - INFO -   weighted avg     0.8303    0.8289    0.8283       152
2026-08-21 11:44:15 - INFO - Confusion matrix - [[tn=70, fp=10], [fn=16, tp=56]]
2026-08-21 11:44:15 - INFO - probability_positive min=0.0002 mean=0.4391 std=0.4876 max=0.9999 predicted_0=86 predicted_1=66
2026-08-21 11:44:34 - INFO - Epoch 15/30 | Train loss: 0.024035 | Val loss: 1.224336 | LR: 2.00e-05 | Best epoch: 10 | Patience: 5 | Train: 17.42s | Validation: 1.96s | Epoch: 19.38s | Total: 293.72s
2026-08-21 11:44:34 - INFO - RecAdam target-task weight at epoch end: 1.000000
2026-08-21 11:44:34 - INFO - [Classification Report - split=train epoch=15 - threshold=0.50]
2026-08-21 11:44:34 - INFO -                 precision    recall  f1-score   support
2026-08-21 11:44:34 - INFO - 
2026-08-21 11:44:34 - INFO -       safe (0)     0.9956    0.9956    0.9956       226
2026-08-21 11:44:34 - INFO - vulnerable (1)     0.9957    0.9957    0.9957       230
2026-08-21 11:44:34 - INFO - 
2026-08-21 11:44:34 - INFO -       accuracy                         0.9956       456
2026-08-21 11:44:34 - INFO -      macro avg     0.9956    0.9956    0.9956       456
2026-08-21 11:44:34 - INFO -   weighted avg     0.9956    0.9956    0.9956       456
2026-08-21 11:44:34 - INFO - Confusion matrix - [[tn=225, fp=1], [fn=1, tp=229]]
2026-08-21 11:44:34 - INFO - probability_positive min=0.0002 mean=0.5044 std=0.4995 max=0.9999 predicted_0=226 predicted_1=230
2026-08-21 11:44:34 - INFO - [Classification Report - split=validation epoch=15 - threshold=0.50]
2026-08-21 11:44:34 - INFO -                 precision    recall  f1-score   support
2026-08-21 11:44:34 - INFO - 
2026-08-21 11:44:34 - INFO -       safe (0)     0.8421    0.8000    0.8205        80
2026-08-21 11:44:34 - INFO - vulnerable (1)     0.7895    0.8333    0.8108        72
2026-08-21 11:44:34 - INFO - 
2026-08-21 11:44:34 - INFO -       accuracy                         0.8158       152
2026-08-21 11:44:34 - INFO -      macro avg     0.8158    0.8167    0.8157       152
2026-08-21 11:44:34 - INFO -   weighted avg     0.8172    0.8158    0.8159       152
2026-08-21 11:44:34 - INFO - Confusion matrix - [[tn=64, fp=16], [fn=12, tp=60]]
2026-08-21 11:44:34 - INFO - probability_positive min=0.0001 mean=0.4901 std=0.4920 max=0.9999 predicted_0=76 predicted_1=76
2026-08-21 11:44:34 - INFO - Early stopping | Epoch: 15 | Best epoch: 10
2026-08-21 11:44:34 - INFO - Best checkpoint saved | Path: model/t5p_mean_t5pm/transfer_none/seed_42/fold2/best.pt | Epoch: 10 | Val macro_f1: 0.834948
2026-08-21 11:44:34 - INFO - Training finished | Elapsed: 293.73s
2026-08-21 11:44:34 - INFO - Run finished | Phase: phase2 | Fold: 2 | Seed: 42 | Elapsed: 296.78s
