2026-08-21 10:59:45 - INFO - Using device: cuda
2026-08-21 10:59:45 - INFO - Run started | Run: t5p_mean_t5pm | Method: transfer_latent_bottleneck | Phase: phase1 | Fold: 1 | Seed: 42 | Device: cuda
2026-08-21 10:59:45 - INFO - Loading Phase-1 source data: data/train_ccpp_js.jsonl
2026-08-21 10:59:45 - INFO - Detected Phase-1 languages: ['ccpp', 'js']
2026-08-21 10:59:45 - INFO - Auxiliary CWE vocabulary: fixed four-way {'CWE-022': 0, 'CWE-078': 1, 'CWE-079': 2, 'CWE-089': 3}
2026-08-21 10:59:45 - INFO - Source split | Language: ccpp | Conservative pairs: 73 | Singletons: 0 | Stratified: True | Ratio: 90/10 | Seed: 42
2026-08-21 10:59:45 - INFO - Source split | Language: js | Conservative pairs: 565 | Singletons: 8 | Stratified: True | Ratio: 90/10 | Seed: 43
2026-08-21 10:59:45 - INFO - Combined source split | Languages: ['ccpp', 'js'] | Train: 1152 | Validation: 132
2026-08-21 10:59:45 - WARNING - No upstream pair/repo/commit IDs: adjacent groups are protected, but distant near-duplicate families may still cross source train/validation
2026-08-21 10:59:45 - INFO - Data split: source_train | Total: 1152 | Labels: {0: 577, 1: 575} | CWEs: {'CWE-022': 118, 'CWE-078': 168, 'CWE-079': 744, 'CWE-089': 122} | Languages: {'ccpp': 130, 'js': 1022} | Invalid CWE: 0
2026-08-21 10:59:45 - INFO - Data split: source_val | Total: 132 | Labels: {0: 66, 1: 66} | CWEs: {'CWE-022': 14, 'CWE-078': 20, 'CWE-079': 86, 'CWE-089': 12} | Languages: {'ccpp': 16, 'js': 116} | Invalid CWE: 0
2026-08-21 10:59:48 - INFO - Environment: {"components": {"backbone": {"frozen": 0, "total": 109607040, "trainable": 109607040}, "cwe_head": {"frozen": 0, "total": 36, "trainable": 36}, "latent_proj": {"frozen": 0, "total": 6152, "trainable": 6152}, "vul_head": {"frozen": 0, "total": 1538, "trainable": 1538}}, "cuda": "12.8", "fold": 1, "frozen_parameters": 0, "gpu": "NVIDIA GeForce RTX 5060 Ti", "hyperparameters": {"anneal_fun": "sigmoid", "anneal_k": 0.05, "anneal_t0_ratio": 0.05, "anneal_w": 1.0, "aux_mode": "latent_bottleneck", "batch_size": 16, "checkpoint_path": "model/t5p_mean_t5pm/transfer_latent_bottleneck/seed_42/source/best.pt", "cwe_vocab": "fixed4", "data_path": "data/train_ccpp_js.jsonl", "data_root": "data/sven_python_folds_norm", "epochs": 15, "eval_batch_size": 16, "fold": 1, "freeze_backbone_layers": 0, "freeze_prototypes_steps": 0, "lambda_cwe": 0.2, "latent_temperature": 0.1, "learning_rate": 2e-05, "lora_rank": 0, "lp_epochs": 0, "lp_learning_rate": 0.001, "max_eval_samples": null, "max_grad_norm": 1.0, "max_length": 512, "max_train_samples": null, "method_name": "transfer_latent_bottleneck", "min_epochs": 3, "model_name": "Salesforce/codet5p-220m", "num_cwes": 4, "num_latent": 8, "num_workers": 0, "output_dir": "results/t5p_mean_t5pm/transfer_latent_bottleneck", "patience": 5, "phase": "phase1", "phase2_optimizer": "recadam", "pooling": "mean", "pretrain_cof": 5000.0, "result_path": "results/t5p_mean_t5pm/transfer_latent_bottleneck/seed_42/fold1.json", "run_name": "t5p_mean_t5pm", "seed": 42, "selection_metric": "macro_f1", "source_checkpoint": null, "source_interpolation": 1.0, "strict_determinism": false, "target_lang": "python", "test_path": null, "train_path": null, "truncation_strategy": "head_middle_tail", "val_path": null, "weight_decay": 0.01}, "mode": "phase1_train", "model_name": "Salesforce/codet5p-220m", "seed": 42, "sklearn": "1.7.2", "torch": "2.11.0+cu128", "trainable_parameters": 109614766, "transformers": "4.57.1"}
2026-08-21 10:59:48 - INFO - Training started | Phase: phase1 | Epochs: 15
2026-08-21 11:00:35 - INFO - Epoch 1/15 | Train loss: 0.947786 | Val loss: 0.913843 | LR: 2.00e-05 | Best epoch: 1 | Patience: 0 | Train: 45.37s | Validation: 1.75s | Epoch: 47.40s | Total: 47.40s
2026-08-21 11:00:35 - INFO - Phase-1 losses | Vulnerability: 0.704897 | CWE: 1.214446 | Total: 0.947786
2026-08-21 11:00:35 - INFO - Latent structure | Slots used: 2/8 | Largest slot: 0.888 | NMI vs CWE: 0.0017 | NMI vs binary: 0.0001
2026-08-21 11:00:35 - INFO - [Classification Report - split=train epoch=1 - threshold=0.50]
2026-08-21 11:00:35 - INFO -                 precision    recall  f1-score   support
2026-08-21 11:00:35 - INFO - 
2026-08-21 11:00:35 - INFO -       safe (0)     0.4608    0.4385    0.4494       577
2026-08-21 11:00:35 - INFO - vulnerable (1)     0.4627    0.4852    0.4737       575
2026-08-21 11:00:35 - INFO - 
2026-08-21 11:00:35 - INFO -       accuracy                         0.4618      1152
2026-08-21 11:00:35 - INFO -      macro avg     0.4618    0.4618    0.4615      1152
2026-08-21 11:00:35 - INFO -   weighted avg     0.4618    0.4618    0.4615      1152
2026-08-21 11:00:35 - INFO - Confusion matrix - [[tn=253, fp=324], [fn=296, tp=279]]
2026-08-21 11:00:35 - INFO - probability_positive min=0.3970 mean=0.5044 std=0.0455 max=0.6423 predicted_0=549 predicted_1=603
2026-08-21 11:00:35 - INFO - [Classification Report - split=validation epoch=1 - threshold=0.50]
2026-08-21 11:00:35 - INFO -                 precision    recall  f1-score   support
2026-08-21 11:00:35 - INFO - 
2026-08-21 11:00:35 - INFO -       safe (0)     1.0000    0.0152    0.0299        66
2026-08-21 11:00:35 - INFO - vulnerable (1)     0.5038    1.0000    0.6701        66
2026-08-21 11:00:35 - INFO - 
2026-08-21 11:00:35 - INFO -       accuracy                         0.5076       132
2026-08-21 11:00:35 - INFO -      macro avg     0.7519    0.5076    0.3500       132
2026-08-21 11:00:35 - INFO -   weighted avg     0.7519    0.5076    0.3500       132
2026-08-21 11:00:35 - INFO - Confusion matrix - [[tn=1, fp=65], [fn=0, tp=66]]
2026-08-21 11:00:35 - INFO - probability_positive min=0.4954 mean=0.5645 std=0.0306 max=0.6474 predicted_0=1 predicted_1=131
2026-08-21 11:00:35 - INFO - New best model | Macro-F1: 0.349951 | Epoch: 1
2026-08-21 11:01:22 - INFO - Epoch 2/15 | Train loss: 0.904985 | Val loss: 0.871083 | LR: 2.00e-05 | Best epoch: 1 | Patience: 0 | Train: 45.04s | Validation: 1.76s | Epoch: 46.80s | Total: 94.21s
2026-08-21 11:01:22 - INFO - Phase-1 losses | Vulnerability: 0.701422 | CWE: 1.017816 | Total: 0.904985
2026-08-21 11:01:22 - INFO - Latent structure | Slots used: 1/8 | Largest slot: 1.000 | NMI vs CWE: 0.0000 | NMI vs binary: 0.0000
2026-08-21 11:01:22 - INFO - [Classification Report - split=train epoch=2 - threshold=0.50]
2026-08-21 11:01:22 - INFO -                 precision    recall  f1-score   support
2026-08-21 11:01:22 - INFO - 
2026-08-21 11:01:22 - INFO -       safe (0)     0.5065    0.5442    0.5246       577
2026-08-21 11:01:22 - INFO - vulnerable (1)     0.5056    0.4678    0.4860       575
2026-08-21 11:01:22 - INFO - 
2026-08-21 11:01:22 - INFO -       accuracy                         0.5061      1152
2026-08-21 11:01:22 - INFO -      macro avg     0.5060    0.5060    0.5053      1152
2026-08-21 11:01:22 - INFO -   weighted avg     0.5060    0.5061    0.5054      1152
2026-08-21 11:01:22 - INFO - Confusion matrix - [[tn=314, fp=263], [fn=306, tp=269]]
2026-08-21 11:01:22 - INFO - probability_positive min=0.2763 mean=0.4829 std=0.0874 max=0.6986 predicted_0=620 predicted_1=532
2026-08-21 11:01:22 - INFO - [Classification Report - split=validation epoch=2 - threshold=0.50]
2026-08-21 11:01:22 - INFO -                 precision    recall  f1-score   support
2026-08-21 11:01:22 - INFO - 
2026-08-21 11:01:22 - INFO -       safe (0)     0.0000    0.0000    0.0000        66
2026-08-21 11:01:22 - INFO - vulnerable (1)     0.5000    1.0000    0.6667        66
2026-08-21 11:01:22 - INFO - 
2026-08-21 11:01:22 - INFO -       accuracy                         0.5000       132
2026-08-21 11:01:22 - INFO -      macro avg     0.2500    0.5000    0.3333       132
2026-08-21 11:01:22 - INFO -   weighted avg     0.2500    0.5000    0.3333       132
2026-08-21 11:01:22 - INFO - Confusion matrix - [[tn=0, fp=66], [fn=0, tp=66]]
2026-08-21 11:01:22 - INFO - probability_positive min=0.5046 mean=0.5542 std=0.0248 max=0.6079 predicted_0=0 predicted_1=132
2026-08-21 11:02:09 - INFO - Epoch 3/15 | Train loss: 0.842107 | Val loss: 0.803032 | LR: 2.00e-05 | Best epoch: 3 | Patience: 0 | Train: 45.04s | Validation: 1.75s | Epoch: 47.22s | Total: 141.43s
2026-08-21 11:02:09 - INFO - Phase-1 losses | Vulnerability: 0.698079 | CWE: 0.720140 | Total: 0.842107
2026-08-21 11:02:09 - INFO - Latent structure | Slots used: 3/8 | Largest slot: 0.854 | NMI vs CWE: 0.2522 | NMI vs binary: 0.0007
2026-08-21 11:02:09 - INFO - [Classification Report - split=train epoch=3 - threshold=0.50]
2026-08-21 11:02:09 - INFO -                 precision    recall  f1-score   support
2026-08-21 11:02:09 - INFO - 
2026-08-21 11:02:09 - INFO -       safe (0)     0.5279    0.4593    0.4912       577
2026-08-21 11:02:09 - INFO - vulnerable (1)     0.5200    0.5878    0.5518       575
2026-08-21 11:02:09 - INFO - 
2026-08-21 11:02:09 - INFO -       accuracy                         0.5234      1152
2026-08-21 11:02:09 - INFO -      macro avg     0.5239    0.5235    0.5215      1152
2026-08-21 11:02:09 - INFO -   weighted avg     0.5240    0.5234    0.5215      1152
2026-08-21 11:02:09 - INFO - Confusion matrix - [[tn=265, fp=312], [fn=237, tp=338]]
2026-08-21 11:02:09 - INFO - probability_positive min=0.3274 mean=0.5145 std=0.0645 max=0.7145 predicted_0=502 predicted_1=650
2026-08-21 11:02:09 - INFO - [Classification Report - split=validation epoch=3 - threshold=0.50]
2026-08-21 11:02:09 - INFO -                 precision    recall  f1-score   support
2026-08-21 11:02:09 - INFO - 
2026-08-21 11:02:09 - INFO -       safe (0)     0.5294    0.8182    0.6429        66
2026-08-21 11:02:09 - INFO - vulnerable (1)     0.6000    0.2727    0.3750        66
2026-08-21 11:02:09 - INFO - 
2026-08-21 11:02:09 - INFO -       accuracy                         0.5455       132
2026-08-21 11:02:09 - INFO -      macro avg     0.5647    0.5455    0.5089       132
2026-08-21 11:02:09 - INFO -   weighted avg     0.5647    0.5455    0.5089       132
2026-08-21 11:02:09 - INFO - Confusion matrix - [[tn=54, fp=12], [fn=48, tp=18]]
2026-08-21 11:02:09 - INFO - probability_positive min=0.3950 mean=0.4767 std=0.0425 max=0.6636 predicted_0=102 predicted_1=30
2026-08-21 11:02:09 - INFO - New best model | Macro-F1: 0.508929 | Epoch: 3
2026-08-21 11:02:56 - INFO - Epoch 4/15 | Train loss: 0.796818 | Val loss: 0.773204 | LR: 2.00e-05 | Best epoch: 4 | Patience: 0 | Train: 45.05s | Validation: 1.76s | Epoch: 47.19s | Total: 188.64s
2026-08-21 11:02:56 - INFO - Phase-1 losses | Vulnerability: 0.691783 | CWE: 0.525172 | Total: 0.796818
2026-08-21 11:02:56 - INFO - Latent structure | Slots used: 4/8 | Largest slot: 0.736 | NMI vs CWE: 0.5470 | NMI vs binary: 0.0008
2026-08-21 11:02:56 - INFO - [Classification Report - split=train epoch=4 - threshold=0.50]
2026-08-21 11:02:56 - INFO -                 precision    recall  f1-score   support
2026-08-21 11:02:56 - INFO - 
2026-08-21 11:02:56 - INFO -       safe (0)     0.5432    0.5009    0.5212       577
2026-08-21 11:02:56 - INFO - vulnerable (1)     0.5355    0.5774    0.5556       575
2026-08-21 11:02:56 - INFO - 
2026-08-21 11:02:56 - INFO -       accuracy                         0.5391      1152
2026-08-21 11:02:56 - INFO -      macro avg     0.5394    0.5391    0.5384      1152
2026-08-21 11:02:56 - INFO -   weighted avg     0.5394    0.5391    0.5384      1152
2026-08-21 11:02:56 - INFO - Confusion matrix - [[tn=289, fp=288], [fn=243, tp=332]]
2026-08-21 11:02:56 - INFO - probability_positive min=0.2073 mean=0.5032 std=0.1025 max=0.7647 predicted_0=532 predicted_1=620
2026-08-21 11:02:56 - INFO - [Classification Report - split=validation epoch=4 - threshold=0.50]
2026-08-21 11:02:56 - INFO -                 precision    recall  f1-score   support
2026-08-21 11:02:56 - INFO - 
2026-08-21 11:02:56 - INFO -       safe (0)     0.6000    0.4545    0.5172        66
2026-08-21 11:02:56 - INFO - vulnerable (1)     0.5610    0.6970    0.6216        66
2026-08-21 11:02:56 - INFO - 
2026-08-21 11:02:56 - INFO -       accuracy                         0.5758       132
2026-08-21 11:02:56 - INFO -      macro avg     0.5805    0.5758    0.5694       132
2026-08-21 11:02:56 - INFO -   weighted avg     0.5805    0.5758    0.5694       132
2026-08-21 11:02:56 - INFO - Confusion matrix - [[tn=30, fp=36], [fn=20, tp=46]]
2026-08-21 11:02:56 - INFO - probability_positive min=0.2987 mean=0.5175 std=0.0723 max=0.7762 predicted_0=50 predicted_1=82
2026-08-21 11:02:56 - INFO - New best model | Macro-F1: 0.569432 | Epoch: 4
2026-08-21 11:03:43 - INFO - Epoch 5/15 | Train loss: 0.755327 | Val loss: 0.768217 | LR: 2.00e-05 | Best epoch: 4 | Patience: 1 | Train: 45.05s | Validation: 1.75s | Epoch: 46.80s | Total: 235.46s
2026-08-21 11:03:43 - INFO - Phase-1 losses | Vulnerability: 0.677151 | CWE: 0.390880 | Total: 0.755327
2026-08-21 11:03:43 - INFO - Latent structure | Slots used: 4/8 | Largest slot: 0.675 | NMI vs CWE: 0.6540 | NMI vs binary: 0.0028
2026-08-21 11:03:43 - INFO - [Classification Report - split=train epoch=5 - threshold=0.50]
2026-08-21 11:03:43 - INFO -                 precision    recall  f1-score   support
2026-08-21 11:03:43 - INFO - 
2026-08-21 11:03:43 - INFO -       safe (0)     0.5789    0.5598    0.5692       577
2026-08-21 11:03:43 - INFO - vulnerable (1)     0.5724    0.5913    0.5817       575
2026-08-21 11:03:43 - INFO - 
2026-08-21 11:03:43 - INFO -       accuracy                         0.5755      1152
2026-08-21 11:03:43 - INFO -      macro avg     0.5756    0.5755    0.5754      1152
2026-08-21 11:03:43 - INFO -   weighted avg     0.5756    0.5755    0.5754      1152
2026-08-21 11:03:43 - INFO - Confusion matrix - [[tn=323, fp=254], [fn=235, tp=340]]
2026-08-21 11:03:43 - INFO - probability_positive min=0.0761 mean=0.4921 std=0.1249 max=0.8715 predicted_0=558 predicted_1=594
2026-08-21 11:03:43 - INFO - [Classification Report - split=validation epoch=5 - threshold=0.50]
2026-08-21 11:03:43 - INFO -                 precision    recall  f1-score   support
2026-08-21 11:03:43 - INFO - 
2026-08-21 11:03:43 - INFO -       safe (0)     0.5417    0.5909    0.5652        66
2026-08-21 11:03:43 - INFO - vulnerable (1)     0.5500    0.5000    0.5238        66
2026-08-21 11:03:43 - INFO - 
2026-08-21 11:03:43 - INFO -       accuracy                         0.5455       132
2026-08-21 11:03:43 - INFO -      macro avg     0.5458    0.5455    0.5445       132
2026-08-21 11:03:43 - INFO -   weighted avg     0.5458    0.5455    0.5445       132
2026-08-21 11:03:43 - INFO - Confusion matrix - [[tn=39, fp=27], [fn=33, tp=33]]
2026-08-21 11:03:43 - INFO - probability_positive min=0.0924 mean=0.4705 std=0.1554 max=0.8399 predicted_0=72 predicted_1=60
2026-08-21 11:04:30 - INFO - Epoch 6/15 | Train loss: 0.713655 | Val loss: 0.734700 | LR: 2.00e-05 | Best epoch: 6 | Patience: 0 | Train: 45.05s | Validation: 1.75s | Epoch: 47.23s | Total: 282.69s
2026-08-21 11:04:30 - INFO - Phase-1 losses | Vulnerability: 0.652074 | CWE: 0.307904 | Total: 0.713655
2026-08-21 11:04:30 - INFO - Latent structure | Slots used: 4/8 | Largest slot: 0.668 | NMI vs CWE: 0.7362 | NMI vs binary: 0.0012
2026-08-21 11:04:30 - INFO - [Classification Report - split=train epoch=6 - threshold=0.50]
2026-08-21 11:04:30 - INFO -                 precision    recall  f1-score   support
2026-08-21 11:04:30 - INFO - 
2026-08-21 11:04:30 - INFO -       safe (0)     0.5846    0.5927    0.5886       577
2026-08-21 11:04:30 - INFO - vulnerable (1)     0.5855    0.5774    0.5814       575
2026-08-21 11:04:30 - INFO - 
2026-08-21 11:04:30 - INFO -       accuracy                         0.5851      1152
2026-08-21 11:04:30 - INFO -      macro avg     0.5851    0.5851    0.5850      1152
2026-08-21 11:04:30 - INFO -   weighted avg     0.5851    0.5851    0.5850      1152
2026-08-21 11:04:30 - INFO - Confusion matrix - [[tn=342, fp=235], [fn=243, tp=332]]
2026-08-21 11:04:30 - INFO - probability_positive min=0.0370 mean=0.4985 std=0.1401 max=0.9114 predicted_0=585 predicted_1=567
2026-08-21 11:04:30 - INFO - [Classification Report - split=validation epoch=6 - threshold=0.50]
2026-08-21 11:04:30 - INFO -                 precision    recall  f1-score   support
2026-08-21 11:04:30 - INFO - 
2026-08-21 11:04:30 - INFO -       safe (0)     0.6308    0.6212    0.6260        66
2026-08-21 11:04:30 - INFO - vulnerable (1)     0.6269    0.6364    0.6316        66
2026-08-21 11:04:30 - INFO - 
2026-08-21 11:04:30 - INFO -       accuracy                         0.6288       132
2026-08-21 11:04:30 - INFO -      macro avg     0.6288    0.6288    0.6288       132
2026-08-21 11:04:30 - INFO -   weighted avg     0.6288    0.6288    0.6288       132
2026-08-21 11:04:30 - INFO - Confusion matrix - [[tn=41, fp=25], [fn=24, tp=42]]
2026-08-21 11:04:30 - INFO - probability_positive min=0.0284 mean=0.4555 std=0.1796 max=0.8780 predicted_0=65 predicted_1=67
2026-08-21 11:04:30 - INFO - New best model | Macro-F1: 0.628767 | Epoch: 6
2026-08-21 11:05:17 - INFO - Epoch 7/15 | Train loss: 0.684570 | Val loss: 0.724460 | LR: 2.00e-05 | Best epoch: 6 | Patience: 1 | Train: 45.05s | Validation: 1.75s | Epoch: 46.81s | Total: 329.52s
2026-08-21 11:05:17 - INFO - Phase-1 losses | Vulnerability: 0.635938 | CWE: 0.243158 | Total: 0.684570
2026-08-21 11:05:17 - INFO - Latent structure | Slots used: 4/8 | Largest slot: 0.660 | NMI vs CWE: 0.8093 | NMI vs binary: 0.0014
2026-08-21 11:05:17 - INFO - [Classification Report - split=train epoch=7 - threshold=0.50]
2026-08-21 11:05:17 - INFO -                 precision    recall  f1-score   support
2026-08-21 11:05:17 - INFO - 
2026-08-21 11:05:17 - INFO -       safe (0)     0.6211    0.5823    0.6011       577
2026-08-21 11:05:17 - INFO - vulnerable (1)     0.6056    0.6435    0.6239       575
2026-08-21 11:05:17 - INFO - 
2026-08-21 11:05:17 - INFO -       accuracy                         0.6128      1152
2026-08-21 11:05:17 - INFO -      macro avg     0.6133    0.6129    0.6125      1152
2026-08-21 11:05:17 - INFO -   weighted avg     0.6133    0.6128    0.6125      1152
2026-08-21 11:05:17 - INFO - Confusion matrix - [[tn=336, fp=241], [fn=205, tp=370]]
2026-08-21 11:05:17 - INFO - probability_positive min=0.0216 mean=0.5020 std=0.1870 max=0.9784 predicted_0=541 predicted_1=611
2026-08-21 11:05:17 - INFO - [Classification Report - split=validation epoch=7 - threshold=0.50]
2026-08-21 11:05:17 - INFO -                 precision    recall  f1-score   support
2026-08-21 11:05:17 - INFO - 
2026-08-21 11:05:17 - INFO -       safe (0)     0.7692    0.3030    0.4348        66
2026-08-21 11:05:17 - INFO - vulnerable (1)     0.5660    0.9091    0.6977        66
2026-08-21 11:05:17 - INFO - 
2026-08-21 11:05:17 - INFO -       accuracy                         0.6061       132
2026-08-21 11:05:17 - INFO -      macro avg     0.6676    0.6061    0.5662       132
2026-08-21 11:05:17 - INFO -   weighted avg     0.6676    0.6061    0.5662       132
2026-08-21 11:05:17 - INFO - Confusion matrix - [[tn=20, fp=46], [fn=6, tp=60]]
2026-08-21 11:05:17 - INFO - probability_positive min=0.0904 mean=0.5931 std=0.1714 max=0.9805 predicted_0=26 predicted_1=106
2026-08-21 11:06:04 - INFO - Epoch 8/15 | Train loss: 0.624356 | Val loss: 0.698399 | LR: 2.00e-05 | Best epoch: 6 | Patience: 2 | Train: 45.04s | Validation: 1.76s | Epoch: 46.80s | Total: 376.32s
2026-08-21 11:06:04 - INFO - Phase-1 losses | Vulnerability: 0.581980 | CWE: 0.211879 | Total: 0.624356
2026-08-21 11:06:04 - INFO - Latent structure | Slots used: 4/8 | Largest slot: 0.657 | NMI vs CWE: 0.8543 | NMI vs binary: 0.0006
2026-08-21 11:06:04 - INFO - [Classification Report - split=train epoch=8 - threshold=0.50]
2026-08-21 11:06:04 - INFO -                 precision    recall  f1-score   support
2026-08-21 11:06:04 - INFO - 
2026-08-21 11:06:04 - INFO -       safe (0)     0.6798    0.5962    0.6353       577
2026-08-21 11:06:04 - INFO - vulnerable (1)     0.6393    0.7183    0.6765       575
2026-08-21 11:06:04 - INFO - 
2026-08-21 11:06:04 - INFO -       accuracy                         0.6571      1152
2026-08-21 11:06:04 - INFO -      macro avg     0.6596    0.6572    0.6559      1152
2026-08-21 11:06:04 - INFO -   weighted avg     0.6596    0.6571    0.6558      1152
2026-08-21 11:06:04 - INFO - Confusion matrix - [[tn=344, fp=233], [fn=162, tp=413]]
2026-08-21 11:06:04 - INFO - probability_positive min=0.0191 mean=0.5076 std=0.2166 max=0.9777 predicted_0=506 predicted_1=646
2026-08-21 11:06:04 - INFO - [Classification Report - split=validation epoch=8 - threshold=0.50]
2026-08-21 11:06:04 - INFO -                 precision    recall  f1-score   support
2026-08-21 11:06:04 - INFO - 
2026-08-21 11:06:04 - INFO -       safe (0)     0.6000    0.6818    0.6383        66
2026-08-21 11:06:04 - INFO - vulnerable (1)     0.6316    0.5455    0.5854        66
2026-08-21 11:06:04 - INFO - 
2026-08-21 11:06:04 - INFO -       accuracy                         0.6136       132
2026-08-21 11:06:04 - INFO -      macro avg     0.6158    0.6136    0.6118       132
2026-08-21 11:06:04 - INFO -   weighted avg     0.6158    0.6136    0.6118       132
2026-08-21 11:06:04 - INFO - Confusion matrix - [[tn=45, fp=21], [fn=30, tp=36]]
2026-08-21 11:06:04 - INFO - probability_positive min=0.0138 mean=0.4491 std=0.2225 max=0.9865 predicted_0=75 predicted_1=57
2026-08-21 11:06:51 - INFO - Epoch 9/15 | Train loss: 0.593771 | Val loss: 0.721516 | LR: 2.00e-05 | Best epoch: 6 | Patience: 3 | Train: 45.05s | Validation: 1.76s | Epoch: 46.81s | Total: 423.13s
2026-08-21 11:06:51 - INFO - Phase-1 losses | Vulnerability: 0.557403 | CWE: 0.181841 | Total: 0.593771
2026-08-21 11:06:51 - INFO - Latent structure | Slots used: 4/8 | Largest slot: 0.659 | NMI vs CWE: 0.8934 | NMI vs binary: 0.0004
2026-08-21 11:06:51 - INFO - [Classification Report - split=train epoch=9 - threshold=0.50]
2026-08-21 11:06:51 - INFO -                 precision    recall  f1-score   support
2026-08-21 11:06:51 - INFO - 
2026-08-21 11:06:51 - INFO -       safe (0)     0.6992    0.6447    0.6709       577
2026-08-21 11:06:51 - INFO - vulnerable (1)     0.6694    0.7217    0.6946       575
2026-08-21 11:06:51 - INFO - 
2026-08-21 11:06:51 - INFO -       accuracy                         0.6832      1152
2026-08-21 11:06:51 - INFO -      macro avg     0.6843    0.6832    0.6827      1152
2026-08-21 11:06:51 - INFO -   weighted avg     0.6843    0.6832    0.6827      1152
2026-08-21 11:06:51 - INFO - Confusion matrix - [[tn=372, fp=205], [fn=160, tp=415]]
2026-08-21 11:06:51 - INFO - probability_positive min=0.0081 mean=0.4984 std=0.2533 max=0.9878 predicted_0=532 predicted_1=620
2026-08-21 11:06:51 - INFO - [Classification Report - split=validation epoch=9 - threshold=0.50]
2026-08-21 11:06:51 - INFO -                 precision    recall  f1-score   support
2026-08-21 11:06:51 - INFO - 
2026-08-21 11:06:51 - INFO -       safe (0)     0.7436    0.4394    0.5524        66
2026-08-21 11:06:51 - INFO - vulnerable (1)     0.6022    0.8485    0.7044        66
2026-08-21 11:06:51 - INFO - 
2026-08-21 11:06:51 - INFO -       accuracy                         0.6439       132
2026-08-21 11:06:51 - INFO -      macro avg     0.6729    0.6439    0.6284       132
2026-08-21 11:06:51 - INFO -   weighted avg     0.6729    0.6439    0.6284       132
2026-08-21 11:06:51 - INFO - Confusion matrix - [[tn=29, fp=37], [fn=10, tp=56]]
2026-08-21 11:06:51 - INFO - probability_positive min=0.0158 mean=0.5846 std=0.2668 max=0.9941 predicted_0=39 predicted_1=93
2026-08-21 11:07:38 - INFO - Epoch 10/15 | Train loss: 0.563083 | Val loss: 0.702665 | LR: 2.00e-05 | Best epoch: 10 | Patience: 0 | Train: 45.03s | Validation: 1.75s | Epoch: 47.19s | Total: 470.33s
2026-08-21 11:07:38 - INFO - Phase-1 losses | Vulnerability: 0.530435 | CWE: 0.163242 | Total: 0.563083
2026-08-21 11:07:38 - INFO - Latent structure | Slots used: 4/8 | Largest slot: 0.652 | NMI vs CWE: 0.8984 | NMI vs binary: 0.0004
2026-08-21 11:07:38 - INFO - [Classification Report - split=train epoch=10 - threshold=0.50]
2026-08-21 11:07:38 - INFO -                 precision    recall  f1-score   support
2026-08-21 11:07:38 - INFO - 
2026-08-21 11:07:38 - INFO -       safe (0)     0.6780    0.6898    0.6838       577
2026-08-21 11:07:38 - INFO - vulnerable (1)     0.6832    0.6713    0.6772       575
2026-08-21 11:07:38 - INFO - 
2026-08-21 11:07:38 - INFO -       accuracy                         0.6806      1152
2026-08-21 11:07:38 - INFO -      macro avg     0.6806    0.6805    0.6805      1152
2026-08-21 11:07:38 - INFO -   weighted avg     0.6806    0.6806    0.6805      1152
2026-08-21 11:07:38 - INFO - Confusion matrix - [[tn=398, fp=179], [fn=189, tp=386]]
2026-08-21 11:07:38 - INFO - probability_positive min=0.0063 mean=0.4940 std=0.2733 max=0.9940 predicted_0=587 predicted_1=565
2026-08-21 11:07:38 - INFO - [Classification Report - split=validation epoch=10 - threshold=0.50]
2026-08-21 11:07:38 - INFO -                 precision    recall  f1-score   support
2026-08-21 11:07:38 - INFO - 
2026-08-21 11:07:38 - INFO -       safe (0)     0.7174    0.5000    0.5893        66
2026-08-21 11:07:38 - INFO - vulnerable (1)     0.6163    0.8030    0.6974        66
2026-08-21 11:07:38 - INFO - 
2026-08-21 11:07:38 - INFO -       accuracy                         0.6515       132
2026-08-21 11:07:38 - INFO -      macro avg     0.6668    0.6515    0.6433       132
2026-08-21 11:07:38 - INFO -   weighted avg     0.6668    0.6515    0.6433       132
2026-08-21 11:07:38 - INFO - Confusion matrix - [[tn=33, fp=33], [fn=13, tp=53]]
2026-08-21 11:07:38 - INFO - probability_positive min=0.0034 mean=0.5485 std=0.2843 max=0.9948 predicted_0=46 predicted_1=86
2026-08-21 11:07:38 - INFO - New best model | Macro-F1: 0.643327 | Epoch: 10
2026-08-21 11:08:25 - INFO - Epoch 11/15 | Train loss: 0.503400 | Val loss: 0.675070 | LR: 2.00e-05 | Best epoch: 11 | Patience: 0 | Train: 45.04s | Validation: 1.76s | Epoch: 47.18s | Total: 517.53s
2026-08-21 11:08:25 - INFO - Phase-1 losses | Vulnerability: 0.474909 | CWE: 0.142454 | Total: 0.503400
2026-08-21 11:08:25 - INFO - Latent structure | Slots used: 4/8 | Largest slot: 0.643 | NMI vs CWE: 0.9386 | NMI vs binary: 0.0003
2026-08-21 11:08:25 - INFO - [Classification Report - split=train epoch=11 - threshold=0.50]
2026-08-21 11:08:25 - INFO -                 precision    recall  f1-score   support
2026-08-21 11:08:25 - INFO - 
2026-08-21 11:08:25 - INFO -       safe (0)     0.7323    0.6828    0.7067       577
2026-08-21 11:08:25 - INFO - vulnerable (1)     0.7020    0.7496    0.7250       575
2026-08-21 11:08:25 - INFO - 
2026-08-21 11:08:25 - INFO -       accuracy                         0.7161      1152
2026-08-21 11:08:25 - INFO -      macro avg     0.7171    0.7162    0.7159      1152
2026-08-21 11:08:25 - INFO -   weighted avg     0.7172    0.7161    0.7158      1152
2026-08-21 11:08:25 - INFO - Confusion matrix - [[tn=394, fp=183], [fn=144, tp=431]]
2026-08-21 11:08:25 - INFO - probability_positive min=0.0035 mean=0.5079 std=0.3059 max=0.9961 predicted_0=538 predicted_1=614
2026-08-21 11:08:25 - INFO - [Classification Report - split=validation epoch=11 - threshold=0.50]
2026-08-21 11:08:25 - INFO -                 precision    recall  f1-score   support
2026-08-21 11:08:25 - INFO - 
2026-08-21 11:08:25 - INFO -       safe (0)     0.6377    0.6667    0.6519        66
2026-08-21 11:08:25 - INFO - vulnerable (1)     0.6508    0.6212    0.6357        66
2026-08-21 11:08:25 - INFO - 
2026-08-21 11:08:25 - INFO -       accuracy                         0.6439       132
2026-08-21 11:08:25 - INFO -      macro avg     0.6442    0.6439    0.6438       132
2026-08-21 11:08:25 - INFO -   weighted avg     0.6442    0.6439    0.6438       132
2026-08-21 11:08:25 - INFO - Confusion matrix - [[tn=44, fp=22], [fn=25, tp=41]]
2026-08-21 11:08:25 - INFO - probability_positive min=0.0042 mean=0.4970 std=0.2773 max=0.9968 predicted_0=69 predicted_1=63
2026-08-21 11:08:25 - INFO - New best model | Macro-F1: 0.643755 | Epoch: 11
2026-08-21 11:09:13 - INFO - Epoch 12/15 | Train loss: 0.478940 | Val loss: 0.867072 | LR: 2.00e-05 | Best epoch: 12 | Patience: 0 | Train: 45.04s | Validation: 1.76s | Epoch: 47.33s | Total: 564.88s
2026-08-21 11:09:13 - INFO - Phase-1 losses | Vulnerability: 0.454077 | CWE: 0.124315 | Total: 0.478940
2026-08-21 11:09:13 - INFO - Latent structure | Slots used: 4/8 | Largest slot: 0.647 | NMI vs CWE: 0.9366 | NMI vs binary: 0.0003
2026-08-21 11:09:13 - INFO - [Classification Report - split=train epoch=12 - threshold=0.50]
2026-08-21 11:09:13 - INFO -                 precision    recall  f1-score   support
2026-08-21 11:09:13 - INFO - 
2026-08-21 11:09:13 - INFO -       safe (0)     0.7246    0.7158    0.7201       577
2026-08-21 11:09:13 - INFO - vulnerable (1)     0.7182    0.7270    0.7226       575
2026-08-21 11:09:13 - INFO - 
2026-08-21 11:09:13 - INFO -       accuracy                         0.7214      1152
2026-08-21 11:09:13 - INFO -      macro avg     0.7214    0.7214    0.7213      1152
2026-08-21 11:09:13 - INFO -   weighted avg     0.7214    0.7214    0.7213      1152
2026-08-21 11:09:13 - INFO - Confusion matrix - [[tn=413, fp=164], [fn=157, tp=418]]
2026-08-21 11:09:13 - INFO - probability_positive min=0.0029 mean=0.5049 std=0.3177 max=0.9982 predicted_0=570 predicted_1=582
2026-08-21 11:09:13 - INFO - [Classification Report - split=validation epoch=12 - threshold=0.50]
2026-08-21 11:09:13 - INFO -                 precision    recall  f1-score   support
2026-08-21 11:09:13 - INFO - 
2026-08-21 11:09:13 - INFO -       safe (0)     0.6571    0.6970    0.6765        66
2026-08-21 11:09:13 - INFO - vulnerable (1)     0.6774    0.6364    0.6562        66
2026-08-21 11:09:13 - INFO - 
2026-08-21 11:09:13 - INFO -       accuracy                         0.6667       132
2026-08-21 11:09:13 - INFO -      macro avg     0.6673    0.6667    0.6664       132
2026-08-21 11:09:13 - INFO -   weighted avg     0.6673    0.6667    0.6664       132
2026-08-21 11:09:13 - INFO - Confusion matrix - [[tn=46, fp=20], [fn=24, tp=42]]
2026-08-21 11:09:13 - INFO - probability_positive min=0.0016 mean=0.5348 std=0.3619 max=0.9993 predicted_0=70 predicted_1=62
2026-08-21 11:09:13 - INFO - New best model | Macro-F1: 0.666360 | Epoch: 12
2026-08-21 11:10:00 - INFO - Epoch 13/15 | Train loss: 0.443918 | Val loss: 0.773173 | LR: 2.00e-05 | Best epoch: 13 | Patience: 0 | Train: 45.03s | Validation: 1.76s | Epoch: 47.18s | Total: 612.07s
2026-08-21 11:10:00 - INFO - Phase-1 losses | Vulnerability: 0.419917 | CWE: 0.120002 | Total: 0.443918
2026-08-21 11:10:00 - INFO - Latent structure | Slots used: 4/8 | Largest slot: 0.653 | NMI vs CWE: 0.9450 | NMI vs binary: 0.0001
2026-08-21 11:10:00 - INFO - [Classification Report - split=train epoch=13 - threshold=0.50]
2026-08-21 11:10:00 - INFO -                 precision    recall  f1-score   support
2026-08-21 11:10:00 - INFO - 
2026-08-21 11:10:00 - INFO -       safe (0)     0.7600    0.7574    0.7587       577
2026-08-21 11:10:00 - INFO - vulnerable (1)     0.7574    0.7600    0.7587       575
2026-08-21 11:10:00 - INFO - 
2026-08-21 11:10:00 - INFO -       accuracy                         0.7587      1152
2026-08-21 11:10:00 - INFO -      macro avg     0.7587    0.7587    0.7587      1152
2026-08-21 11:10:00 - INFO -   weighted avg     0.7587    0.7587    0.7587      1152
2026-08-21 11:10:00 - INFO - Confusion matrix - [[tn=437, fp=140], [fn=138, tp=437]]
2026-08-21 11:10:00 - INFO - probability_positive min=0.0016 mean=0.5006 std=0.3438 max=0.9988 predicted_0=575 predicted_1=577
2026-08-21 11:10:00 - INFO - [Classification Report - split=validation epoch=13 - threshold=0.50]
2026-08-21 11:10:00 - INFO -                 precision    recall  f1-score   support
2026-08-21 11:10:00 - INFO - 
2026-08-21 11:10:00 - INFO -       safe (0)     0.7727    0.5152    0.6182        66
2026-08-21 11:10:00 - INFO - vulnerable (1)     0.6364    0.8485    0.7273        66
2026-08-21 11:10:00 - INFO - 
2026-08-21 11:10:00 - INFO -       accuracy                         0.6818       132
2026-08-21 11:10:00 - INFO -      macro avg     0.7045    0.6818    0.6727       132
2026-08-21 11:10:00 - INFO -   weighted avg     0.7045    0.6818    0.6727       132
2026-08-21 11:10:00 - INFO - Confusion matrix - [[tn=34, fp=32], [fn=10, tp=56]]
2026-08-21 11:10:00 - INFO - probability_positive min=0.0007 mean=0.5915 std=0.3365 max=0.9971 predicted_0=44 predicted_1=88
2026-08-21 11:10:00 - INFO - New best model | Macro-F1: 0.672727 | Epoch: 13
2026-08-21 11:10:47 - INFO - Epoch 14/15 | Train loss: 0.428388 | Val loss: 0.730974 | LR: 2.00e-05 | Best epoch: 13 | Patience: 1 | Train: 45.03s | Validation: 1.75s | Epoch: 46.79s | Total: 658.88s
2026-08-21 11:10:47 - INFO - Phase-1 losses | Vulnerability: 0.406413 | CWE: 0.109876 | Total: 0.428388
2026-08-21 11:10:47 - INFO - Latent structure | Slots used: 4/8 | Largest slot: 0.649 | NMI vs CWE: 0.9630 | NMI vs binary: 0.0001
2026-08-21 11:10:47 - INFO - [Classification Report - split=train epoch=14 - threshold=0.50]
2026-08-21 11:10:47 - INFO -                 precision    recall  f1-score   support
2026-08-21 11:10:47 - INFO - 
2026-08-21 11:10:47 - INFO -       safe (0)     0.7702    0.7262    0.7475       577
2026-08-21 11:10:47 - INFO - vulnerable (1)     0.7401    0.7826    0.7608       575
2026-08-21 11:10:47 - INFO - 
2026-08-21 11:10:47 - INFO -       accuracy                         0.7543      1152
2026-08-21 11:10:47 - INFO -      macro avg     0.7552    0.7544    0.7542      1152
2026-08-21 11:10:47 - INFO -   weighted avg     0.7552    0.7543    0.7542      1152
2026-08-21 11:10:47 - INFO - Confusion matrix - [[tn=419, fp=158], [fn=125, tp=450]]
2026-08-21 11:10:47 - INFO - probability_positive min=0.0012 mean=0.5106 std=0.3494 max=0.9990 predicted_0=544 predicted_1=608
2026-08-21 11:10:47 - INFO - [Classification Report - split=validation epoch=14 - threshold=0.50]
2026-08-21 11:10:47 - INFO -                 precision    recall  f1-score   support
2026-08-21 11:10:47 - INFO - 
2026-08-21 11:10:47 - INFO -       safe (0)     0.7674    0.5000    0.6055        66
2026-08-21 11:10:47 - INFO - vulnerable (1)     0.6292    0.8485    0.7226        66
2026-08-21 11:10:47 - INFO - 
2026-08-21 11:10:47 - INFO -       accuracy                         0.6742       132
2026-08-21 11:10:47 - INFO -      macro avg     0.6983    0.6742    0.6640       132
2026-08-21 11:10:47 - INFO -   weighted avg     0.6983    0.6742    0.6640       132
2026-08-21 11:10:47 - INFO - Confusion matrix - [[tn=33, fp=33], [fn=10, tp=56]]
2026-08-21 11:10:47 - INFO - probability_positive min=0.0012 mean=0.5748 std=0.3294 max=0.9985 predicted_0=43 predicted_1=89
2026-08-21 11:11:34 - INFO - Epoch 15/15 | Train loss: 0.399445 | Val loss: 0.910605 | LR: 2.00e-05 | Best epoch: 15 | Patience: 0 | Train: 45.04s | Validation: 1.75s | Epoch: 47.18s | Total: 706.06s
2026-08-21 11:11:34 - INFO - Phase-1 losses | Vulnerability: 0.378284 | CWE: 0.105803 | Total: 0.399445
2026-08-21 11:11:34 - INFO - Latent structure | Slots used: 4/8 | Largest slot: 0.649 | NMI vs CWE: 0.9616 | NMI vs binary: 0.0000
2026-08-21 11:11:34 - INFO - [Classification Report - split=train epoch=15 - threshold=0.50]
2026-08-21 11:11:34 - INFO -                 precision    recall  f1-score   support
2026-08-21 11:11:34 - INFO - 
2026-08-21 11:11:34 - INFO -       safe (0)     0.7934    0.7452    0.7685       577
2026-08-21 11:11:34 - INFO - vulnerable (1)     0.7590    0.8052    0.7814       575
2026-08-21 11:11:34 - INFO - 
2026-08-21 11:11:34 - INFO -       accuracy                         0.7752      1152
2026-08-21 11:11:34 - INFO -      macro avg     0.7762    0.7752    0.7750      1152
2026-08-21 11:11:34 - INFO -   weighted avg     0.7762    0.7752    0.7750      1152
2026-08-21 11:11:34 - INFO - Confusion matrix - [[tn=430, fp=147], [fn=112, tp=463]]
2026-08-21 11:11:34 - INFO - probability_positive min=0.0012 mean=0.5000 std=0.3591 max=0.9994 predicted_0=542 predicted_1=610
2026-08-21 11:11:34 - INFO - [Classification Report - split=validation epoch=15 - threshold=0.50]
2026-08-21 11:11:34 - INFO -                 precision    recall  f1-score   support
2026-08-21 11:11:34 - INFO - 
2026-08-21 11:11:34 - INFO -       safe (0)     0.7500    0.5909    0.6610        66
2026-08-21 11:11:34 - INFO - vulnerable (1)     0.6625    0.8030    0.7260        66
2026-08-21 11:11:34 - INFO - 
2026-08-21 11:11:34 - INFO -       accuracy                         0.6970       132
2026-08-21 11:11:34 - INFO -      macro avg     0.7063    0.6970    0.6935       132
2026-08-21 11:11:34 - INFO -   weighted avg     0.7062    0.6970    0.6935       132
2026-08-21 11:11:34 - INFO - Confusion matrix - [[tn=39, fp=27], [fn=13, tp=53]]
2026-08-21 11:11:34 - INFO - probability_positive min=0.0011 mean=0.5993 std=0.3727 max=0.9996 predicted_0=52 predicted_1=80
2026-08-21 11:11:34 - INFO - New best model | Macro-F1: 0.693522 | Epoch: 15
2026-08-21 11:11:34 - INFO - Best checkpoint saved | Path: model/t5p_mean_t5pm/transfer_latent_bottleneck/seed_42/source/best.pt | Epoch: 15 | Val macro_f1: 0.693522
2026-08-21 11:11:34 - INFO - Training finished | Elapsed: 706.08s
2026-08-21 11:11:34 - INFO - Run finished | Phase: phase1 | Fold: 1 | Seed: 42 | Elapsed: 708.53s
