2026-08-21 12:08:47 - INFO - Using device: cuda
2026-08-21 12:08:47 - INFO - Run started | Run: t5p_mean_t5pm | Method: transfer_latent_bottleneck | Phase: phase2 | Fold: 3 | Seed: 42 | Device: cuda
2026-08-21 12:08:47 - INFO - Loading Python training data: data/sven_python_folds_norm/fold3/train.jsonl
2026-08-21 12:08:47 - INFO - Loading Python validation data: data/sven_python_folds_norm/fold3/val.jsonl
2026-08-21 12:08:47 - INFO - Data split: python_train | Total: 456 | Labels: {0: 217, 1: 239} | CWEs: {'CWE-022': 40, 'CWE-078': 125, 'CWE-079': 49, 'CWE-089': 242} | Languages: {'python': 456} | Invalid CWE: 0
2026-08-21 12:08:47 - INFO - Data split: python_val | Total: 152 | Labels: {0: 83, 1: 69} | CWEs: {'CWE-022': 11, 'CWE-078': 41, 'CWE-079': 13, 'CWE-089': 87} | Languages: {'python': 152} | Invalid CWE: 0
2026-08-21 12:08:48 - INFO - Auxiliary head width taken from checkpoint: 4
2026-08-21 12:08:50 - INFO - Loaded source checkpoint: model/t5p_mean_t5pm/transfer_latent_bottleneck/seed_42/source/best.pt | Best epoch: 15 | Best Val Macro-F1: 0.693522
2026-08-21 12:08:50 - INFO - RecAdam schedule | Total steps: 870 | Steps/epoch: 29 | Anneal t0: 43 | Weights: {1: 0.10909682119561293, 29: 0.3318122278318339, 43: 0.5, 870: 1.0}
2026-08-21 12:08:50 - INFO - Environment: {"components": {"backbone": {"frozen": 0, "total": 109607040, "trainable": 109607040}, "cwe_head": {"frozen": 36, "total": 36, "trainable": 0}, "latent_proj": {"frozen": 6152, "total": 6152, "trainable": 0}, "vul_head": {"frozen": 0, "total": 1538, "trainable": 1538}}, "cuda": "12.8", "fold": 3, "frozen_parameters": 6188, "gpu": "NVIDIA GeForce RTX 5060 Ti", "hyperparameters": {"anneal_fun": "sigmoid", "anneal_k": 0.05, "anneal_t0_ratio": 0.05, "anneal_w": 1.0, "aux_mode": "latent_bottleneck", "batch_size": 16, "checkpoint_path": "model/t5p_mean_t5pm/transfer_latent_bottleneck/seed_42/fold3/best.pt", "cwe_vocab": "fixed4", "data_path": "data/train_ccpp_filtered.jsonl", "data_root": "data/sven_python_folds_norm", "epochs": 30, "eval_batch_size": 16, "fold": 3, "freeze_backbone_layers": 0, "freeze_prototypes_steps": 0, "lambda_cwe": 0.2, "latent_temperature": 0.1, "learning_rate": 2e-05, "lora_rank": 0, "lp_epochs": 0, "lp_learning_rate": 0.001, "max_eval_samples": null, "max_grad_norm": 1.0, "max_length": 512, "max_train_samples": null, "method_name": "transfer_latent_bottleneck", "min_epochs": 3, "model_name": "Salesforce/codet5p-220m", "num_cwes": 4, "num_latent": 8, "num_workers": 0, "output_dir": "results/t5p_mean_t5pm/transfer_latent_bottleneck", "patience": 5, "phase": "phase2", "phase2_optimizer": "recadam", "pooling": "mean", "pretrain_cof": 5000.0, "result_path": "results/t5p_mean_t5pm/transfer_latent_bottleneck/seed_42/fold3.json", "run_name": "t5p_mean_t5pm", "seed": 42, "selection_metric": "macro_f1", "source_checkpoint": "model/t5p_mean_t5pm/transfer_latent_bottleneck/seed_42/source/best.pt", "source_interpolation": 1.0, "strict_determinism": false, "target_lang": "python", "test_path": null, "train_path": null, "truncation_strategy": "head_middle_tail", "val_path": null, "weight_decay": 0.01}, "mode": "phase2_train", "model_name": "Salesforce/codet5p-220m", "seed": 42, "sklearn": "1.7.2", "torch": "2.11.0+cu128", "trainable_parameters": 109608578, "transformers": "4.57.1"}
2026-08-21 12:08:50 - INFO - Training started | Phase: phase2 | Epochs: 30
2026-08-21 12:08:51 - INFO - RecAdam first-step safety checks passed
2026-08-21 12:09:10 - INFO - Epoch 1/30 | Train loss: 1.152030 | Val loss: 0.736478 | LR: 2.00e-05 | Best epoch: 1 | Patience: 0 | Train: 17.62s | Validation: 1.97s | Epoch: 19.86s | Total: 19.86s
2026-08-21 12:09:10 - INFO - RecAdam target-task weight at epoch end: 0.331812
2026-08-21 12:09:10 - INFO - [Classification Report - split=train epoch=1 - threshold=0.50]
2026-08-21 12:09:10 - INFO -                 precision    recall  f1-score   support
2026-08-21 12:09:10 - INFO - 
2026-08-21 12:09:10 - INFO -       safe (0)     0.6585    0.2488    0.3612       217
2026-08-21 12:09:10 - INFO - vulnerable (1)     0.5642    0.8828    0.6884       239
2026-08-21 12:09:10 - INFO - 
2026-08-21 12:09:10 - INFO -       accuracy                         0.5811       456
2026-08-21 12:09:10 - INFO -      macro avg     0.6114    0.5658    0.5248       456
2026-08-21 12:09:10 - INFO -   weighted avg     0.6091    0.5811    0.5327       456
2026-08-21 12:09:10 - INFO - Confusion matrix - [[tn=54, fp=163], [fn=28, tp=211]]
2026-08-21 12:09:10 - INFO - probability_positive min=0.0013 mean=0.7693 std=0.2728 max=0.9994 predicted_0=82 predicted_1=374
2026-08-21 12:09:10 - INFO - [Classification Report - split=validation epoch=1 - threshold=0.50]
2026-08-21 12:09:10 - INFO -                 precision    recall  f1-score   support
2026-08-21 12:09:10 - INFO - 
2026-08-21 12:09:10 - INFO -       safe (0)     0.7358    0.4699    0.5735        83
2026-08-21 12:09:10 - INFO - vulnerable (1)     0.5556    0.7971    0.6548        69
2026-08-21 12:09:10 - INFO - 
2026-08-21 12:09:10 - INFO -       accuracy                         0.6184       152
2026-08-21 12:09:10 - INFO -      macro avg     0.6457    0.6335    0.6141       152
2026-08-21 12:09:10 - INFO -   weighted avg     0.6540    0.6184    0.6104       152
2026-08-21 12:09:10 - INFO - Confusion matrix - [[tn=39, fp=44], [fn=14, tp=55]]
2026-08-21 12:09:10 - INFO - probability_positive min=0.0005 mean=0.5964 std=0.2942 max=0.9984 predicted_0=53 predicted_1=99
2026-08-21 12:09:10 - INFO - New best model | Macro-F1: 0.614146 | Epoch: 1
2026-08-21 12:09:29 - INFO - Epoch 2/30 | Train loss: 0.673339 | Val loss: 0.674225 | LR: 2.00e-05 | Best epoch: 2 | Patience: 0 | Train: 17.40s | Validation: 1.97s | Epoch: 19.76s | Total: 39.63s
2026-08-21 12:09:29 - INFO - RecAdam target-task weight at epoch end: 0.679179
2026-08-21 12:09:29 - INFO - [Classification Report - split=train epoch=2 - threshold=0.50]
2026-08-21 12:09:29 - INFO -                 precision    recall  f1-score   support
2026-08-21 12:09:29 - INFO - 
2026-08-21 12:09:29 - INFO -       safe (0)     0.6103    0.5484    0.5777       217
2026-08-21 12:09:29 - INFO - vulnerable (1)     0.6245    0.6820    0.6520       239
2026-08-21 12:09:29 - INFO - 
2026-08-21 12:09:29 - INFO -       accuracy                         0.6184       456
2026-08-21 12:09:29 - INFO -      macro avg     0.6174    0.6152    0.6148       456
2026-08-21 12:09:29 - INFO -   weighted avg     0.6177    0.6184    0.6166       456
2026-08-21 12:09:29 - INFO - Confusion matrix - [[tn=119, fp=98], [fn=76, tp=163]]
2026-08-21 12:09:29 - INFO - probability_positive min=0.0013 mean=0.5378 std=0.2507 max=0.9985 predicted_0=195 predicted_1=261
2026-08-21 12:09:29 - INFO - [Classification Report - split=validation epoch=2 - threshold=0.50]
2026-08-21 12:09:29 - INFO -                 precision    recall  f1-score   support
2026-08-21 12:09:29 - INFO - 
2026-08-21 12:09:29 - INFO -       safe (0)     0.8222    0.4458    0.5781        83
2026-08-21 12:09:29 - INFO - vulnerable (1)     0.5701    0.8841    0.6932        69
2026-08-21 12:09:29 - INFO - 
2026-08-21 12:09:29 - INFO -       accuracy                         0.6447       152
2026-08-21 12:09:29 - INFO -      macro avg     0.6962    0.6649    0.6357       152
2026-08-21 12:09:29 - INFO -   weighted avg     0.7078    0.6447    0.6304       152
2026-08-21 12:09:29 - INFO - Confusion matrix - [[tn=37, fp=46], [fn=8, tp=61]]
2026-08-21 12:09:29 - INFO - probability_positive min=0.0013 mean=0.6169 std=0.2523 max=0.9979 predicted_0=45 predicted_1=107
2026-08-21 12:09:29 - INFO - New best model | Macro-F1: 0.635653 | Epoch: 2
2026-08-21 12:09:49 - INFO - Epoch 3/30 | Train loss: 0.594419 | Val loss: 0.523107 | LR: 2.00e-05 | Best epoch: 3 | Patience: 0 | Train: 17.40s | Validation: 1.97s | Epoch: 19.75s | Total: 59.40s
2026-08-21 12:09:49 - INFO - RecAdam target-task weight at epoch end: 0.900250
2026-08-21 12:09:49 - INFO - [Classification Report - split=train epoch=3 - threshold=0.50]
2026-08-21 12:09:49 - INFO -                 precision    recall  f1-score   support
2026-08-21 12:09:49 - INFO - 
2026-08-21 12:09:49 - INFO -       safe (0)     0.7026    0.6313    0.6650       217
2026-08-21 12:09:49 - INFO - vulnerable (1)     0.6935    0.7573    0.7240       239
2026-08-21 12:09:49 - INFO - 
2026-08-21 12:09:49 - INFO -       accuracy                         0.6974       456
2026-08-21 12:09:49 - INFO -      macro avg     0.6980    0.6943    0.6945       456
2026-08-21 12:09:49 - INFO -   weighted avg     0.6978    0.6974    0.6959       456
2026-08-21 12:09:49 - INFO - Confusion matrix - [[tn=137, fp=80], [fn=58, tp=181]]
2026-08-21 12:09:49 - INFO - probability_positive min=0.0020 mean=0.5479 std=0.2531 max=0.9958 predicted_0=195 predicted_1=261
2026-08-21 12:09:49 - INFO - [Classification Report - split=validation epoch=3 - threshold=0.50]
2026-08-21 12:09:49 - INFO -                 precision    recall  f1-score   support
2026-08-21 12:09:49 - INFO - 
2026-08-21 12:09:49 - INFO -       safe (0)     0.8154    0.6386    0.7162        83
2026-08-21 12:09:49 - INFO - vulnerable (1)     0.6552    0.8261    0.7308        69
2026-08-21 12:09:49 - INFO - 
2026-08-21 12:09:49 - INFO -       accuracy                         0.7237       152
2026-08-21 12:09:49 - INFO -      macro avg     0.7353    0.7323    0.7235       152
2026-08-21 12:09:49 - INFO -   weighted avg     0.7427    0.7237    0.7228       152
2026-08-21 12:09:49 - INFO - Confusion matrix - [[tn=53, fp=30], [fn=12, tp=57]]
2026-08-21 12:09:49 - INFO - probability_positive min=0.0017 mean=0.5346 std=0.3009 max=0.9890 predicted_0=65 predicted_1=87
2026-08-21 12:09:49 - INFO - New best model | Macro-F1: 0.723493 | Epoch: 3
2026-08-21 12:10:09 - INFO - Epoch 4/30 | Train loss: 0.416409 | Val loss: 0.361848 | LR: 2.00e-05 | Best epoch: 4 | Patience: 0 | Train: 17.41s | Validation: 1.97s | Epoch: 19.79s | Total: 79.21s
2026-08-21 12:10:09 - INFO - RecAdam target-task weight at epoch end: 0.974667
2026-08-21 12:10:09 - INFO - [Classification Report - split=train epoch=4 - threshold=0.50]
2026-08-21 12:10:09 - INFO -                 precision    recall  f1-score   support
2026-08-21 12:10:09 - INFO - 
2026-08-21 12:10:09 - INFO -       safe (0)     0.7952    0.7696    0.7822       217
2026-08-21 12:10:09 - INFO - vulnerable (1)     0.7967    0.8201    0.8082       239
2026-08-21 12:10:09 - INFO - 
2026-08-21 12:10:09 - INFO -       accuracy                         0.7961       456
2026-08-21 12:10:09 - INFO -      macro avg     0.7960    0.7948    0.7952       456
2026-08-21 12:10:09 - INFO -   weighted avg     0.7960    0.7961    0.7959       456
2026-08-21 12:10:09 - INFO - Confusion matrix - [[tn=167, fp=50], [fn=43, tp=196]]
2026-08-21 12:10:09 - INFO - probability_positive min=0.0016 mean=0.5276 std=0.3270 max=0.9986 predicted_0=210 predicted_1=246
2026-08-21 12:10:09 - INFO - [Classification Report - split=validation epoch=4 - threshold=0.50]
2026-08-21 12:10:09 - INFO -                 precision    recall  f1-score   support
2026-08-21 12:10:09 - INFO - 
2026-08-21 12:10:09 - INFO -       safe (0)     0.8488    0.8795    0.8639        83
2026-08-21 12:10:09 - INFO - vulnerable (1)     0.8485    0.8116    0.8296        69
2026-08-21 12:10:09 - INFO - 
2026-08-21 12:10:09 - INFO -       accuracy                         0.8487       152
2026-08-21 12:10:09 - INFO -      macro avg     0.8487    0.8456    0.8468       152
2026-08-21 12:10:09 - INFO -   weighted avg     0.8487    0.8487    0.8483       152
2026-08-21 12:10:09 - INFO - Confusion matrix - [[tn=73, fp=10], [fn=13, tp=56]]
2026-08-21 12:10:09 - INFO - probability_positive min=0.0008 mean=0.4680 std=0.4052 max=0.9993 predicted_0=86 predicted_1=66
2026-08-21 12:10:09 - INFO - New best model | Macro-F1: 0.846767 | Epoch: 4
2026-08-21 12:10:29 - INFO - Epoch 5/30 | Train loss: 0.303955 | Val loss: 0.369881 | LR: 2.00e-05 | Best epoch: 5 | Patience: 0 | Train: 17.40s | Validation: 1.97s | Epoch: 19.76s | Total: 98.98s
2026-08-21 12:10:29 - INFO - RecAdam target-task weight at epoch end: 0.993940
2026-08-21 12:10:29 - INFO - [Classification Report - split=train epoch=5 - threshold=0.50]
2026-08-21 12:10:29 - INFO -                 precision    recall  f1-score   support
2026-08-21 12:10:29 - INFO - 
2026-08-21 12:10:29 - INFO -       safe (0)     0.8597    0.8756    0.8676       217
2026-08-21 12:10:29 - INFO - vulnerable (1)     0.8851    0.8703    0.8776       239
2026-08-21 12:10:29 - INFO - 
2026-08-21 12:10:29 - INFO -       accuracy                         0.8728       456
2026-08-21 12:10:29 - INFO -      macro avg     0.8724    0.8729    0.8726       456
2026-08-21 12:10:29 - INFO -   weighted avg     0.8730    0.8728    0.8729       456
2026-08-21 12:10:29 - INFO - Confusion matrix - [[tn=190, fp=27], [fn=31, tp=208]]
2026-08-21 12:10:29 - INFO - probability_positive min=0.0005 mean=0.5257 std=0.4237 max=0.9995 predicted_0=221 predicted_1=235
2026-08-21 12:10:29 - INFO - [Classification Report - split=validation epoch=5 - threshold=0.50]
2026-08-21 12:10:29 - INFO -                 precision    recall  f1-score   support
2026-08-21 12:10:29 - INFO - 
2026-08-21 12:10:29 - INFO -       safe (0)     0.8824    0.9036    0.8929        83
2026-08-21 12:10:29 - INFO - vulnerable (1)     0.8806    0.8551    0.8676        69
2026-08-21 12:10:29 - INFO - 
2026-08-21 12:10:29 - INFO -       accuracy                         0.8816       152
2026-08-21 12:10:29 - INFO -      macro avg     0.8815    0.8793    0.8803       152
2026-08-21 12:10:29 - INFO -   weighted avg     0.8816    0.8816    0.8814       152
2026-08-21 12:10:29 - INFO - Confusion matrix - [[tn=75, fp=8], [fn=10, tp=59]]
2026-08-21 12:10:29 - INFO - probability_positive min=0.0002 mean=0.4517 std=0.4623 max=0.9996 predicted_0=85 predicted_1=67
2026-08-21 12:10:29 - INFO - New best model | Macro-F1: 0.880252 | Epoch: 5
2026-08-21 12:10:48 - INFO - Epoch 6/30 | Train loss: 0.209943 | Val loss: 0.506935 | LR: 2.00e-05 | Best epoch: 5 | Patience: 1 | Train: 17.40s | Validation: 1.97s | Epoch: 19.37s | Total: 118.36s
2026-08-21 12:10:48 - INFO - RecAdam target-task weight at epoch end: 0.998572
2026-08-21 12:10:48 - INFO - [Classification Report - split=train epoch=6 - threshold=0.50]
2026-08-21 12:10:48 - INFO -                 precision    recall  f1-score   support
2026-08-21 12:10:48 - INFO - 
2026-08-21 12:10:48 - INFO -       safe (0)     0.8969    0.9217    0.9091       217
2026-08-21 12:10:48 - INFO - vulnerable (1)     0.9270    0.9038    0.9153       239
2026-08-21 12:10:48 - INFO - 
2026-08-21 12:10:48 - INFO -       accuracy                         0.9123       456
2026-08-21 12:10:48 - INFO -      macro avg     0.9119    0.9127    0.9122       456
2026-08-21 12:10:48 - INFO -   weighted avg     0.9127    0.9123    0.9123       456
2026-08-21 12:10:48 - INFO - Confusion matrix - [[tn=200, fp=17], [fn=23, tp=216]]
2026-08-21 12:10:48 - INFO - probability_positive min=0.0008 mean=0.5227 std=0.4319 max=0.9995 predicted_0=223 predicted_1=233
2026-08-21 12:10:48 - INFO - [Classification Report - split=validation epoch=6 - threshold=0.50]
2026-08-21 12:10:48 - INFO -                 precision    recall  f1-score   support
2026-08-21 12:10:48 - INFO - 
2026-08-21 12:10:48 - INFO -       safe (0)     0.8974    0.8434    0.8696        83
2026-08-21 12:10:48 - INFO - vulnerable (1)     0.8243    0.8841    0.8531        69
2026-08-21 12:10:48 - INFO - 
2026-08-21 12:10:48 - INFO -       accuracy                         0.8618       152
2026-08-21 12:10:48 - INFO -      macro avg     0.8609    0.8637    0.8614       152
2026-08-21 12:10:48 - INFO -   weighted avg     0.8642    0.8618    0.8621       152
2026-08-21 12:10:48 - INFO - Confusion matrix - [[tn=70, fp=13], [fn=8, tp=61]]
2026-08-21 12:10:48 - INFO - probability_positive min=0.0004 mean=0.5156 std=0.4639 max=0.9998 predicted_0=78 predicted_1=74
2026-08-21 12:11:08 - INFO - Epoch 7/30 | Train loss: 0.197526 | Val loss: 0.749655 | LR: 2.00e-05 | Best epoch: 5 | Patience: 2 | Train: 17.40s | Validation: 1.97s | Epoch: 19.37s | Total: 137.73s
2026-08-21 12:11:08 - INFO - RecAdam target-task weight at epoch end: 0.999665
2026-08-21 12:11:08 - INFO - [Classification Report - split=train epoch=7 - threshold=0.50]
2026-08-21 12:11:08 - INFO -                 precision    recall  f1-score   support
2026-08-21 12:11:08 - INFO - 
2026-08-21 12:11:08 - INFO -       safe (0)     0.9213    0.9171    0.9192       217
2026-08-21 12:11:08 - INFO - vulnerable (1)     0.9250    0.9289    0.9269       239
2026-08-21 12:11:08 - INFO - 
2026-08-21 12:11:08 - INFO -       accuracy                         0.9232       456
2026-08-21 12:11:08 - INFO -      macro avg     0.9231    0.9230    0.9230       456
2026-08-21 12:11:08 - INFO -   weighted avg     0.9232    0.9232    0.9232       456
2026-08-21 12:11:08 - INFO - Confusion matrix - [[tn=199, fp=18], [fn=17, tp=222]]
2026-08-21 12:11:08 - INFO - probability_positive min=0.0004 mean=0.5398 std=0.4586 max=0.9997 predicted_0=216 predicted_1=240
2026-08-21 12:11:08 - INFO - [Classification Report - split=validation epoch=7 - threshold=0.50]
2026-08-21 12:11:08 - INFO -                 precision    recall  f1-score   support
2026-08-21 12:11:08 - INFO - 
2026-08-21 12:11:08 - INFO -       safe (0)     0.9296    0.7952    0.8571        83
2026-08-21 12:11:08 - INFO - vulnerable (1)     0.7901    0.9275    0.8533        69
2026-08-21 12:11:08 - INFO - 
2026-08-21 12:11:08 - INFO -       accuracy                         0.8553       152
2026-08-21 12:11:08 - INFO -      macro avg     0.8599    0.8614    0.8552       152
2026-08-21 12:11:08 - INFO -   weighted avg     0.8663    0.8553    0.8554       152
2026-08-21 12:11:08 - INFO - Confusion matrix - [[tn=66, fp=17], [fn=5, tp=64]]
2026-08-21 12:11:08 - INFO - probability_positive min=0.0003 mean=0.5415 std=0.4712 max=0.9998 predicted_0=71 predicted_1=81
2026-08-21 12:11:27 - INFO - Epoch 8/30 | Train loss: 0.157774 | Val loss: 0.715152 | LR: 2.00e-05 | Best epoch: 5 | Patience: 3 | Train: 17.40s | Validation: 1.97s | Epoch: 19.37s | Total: 157.11s
2026-08-21 12:11:27 - INFO - RecAdam target-task weight at epoch end: 0.999921
2026-08-21 12:11:27 - INFO - [Classification Report - split=train epoch=8 - threshold=0.50]
2026-08-21 12:11:27 - INFO -                 precision    recall  f1-score   support
2026-08-21 12:11:27 - INFO - 
2026-08-21 12:11:27 - INFO -       safe (0)     0.9526    0.9263    0.9393       217
2026-08-21 12:11:27 - INFO - vulnerable (1)     0.9347    0.9582    0.9463       239
2026-08-21 12:11:27 - INFO - 
2026-08-21 12:11:27 - INFO -       accuracy                         0.9430       456
2026-08-21 12:11:27 - INFO -      macro avg     0.9437    0.9422    0.9428       456
2026-08-21 12:11:27 - INFO -   weighted avg     0.9432    0.9430    0.9429       456
2026-08-21 12:11:27 - INFO - Confusion matrix - [[tn=201, fp=16], [fn=10, tp=229]]
2026-08-21 12:11:27 - INFO - probability_positive min=0.0003 mean=0.5373 std=0.4749 max=0.9997 predicted_0=211 predicted_1=245
2026-08-21 12:11:27 - INFO - [Classification Report - split=validation epoch=8 - threshold=0.50]
2026-08-21 12:11:27 - INFO -                 precision    recall  f1-score   support
2026-08-21 12:11:27 - INFO - 
2026-08-21 12:11:27 - INFO -       safe (0)     0.8933    0.8072    0.8481        83
2026-08-21 12:11:27 - INFO - vulnerable (1)     0.7922    0.8841    0.8356        69
2026-08-21 12:11:27 - INFO - 
2026-08-21 12:11:27 - INFO -       accuracy                         0.8421       152
2026-08-21 12:11:27 - INFO -      macro avg     0.8428    0.8456    0.8419       152
2026-08-21 12:11:27 - INFO -   weighted avg     0.8474    0.8421    0.8424       152
2026-08-21 12:11:27 - INFO - Confusion matrix - [[tn=67, fp=16], [fn=8, tp=61]]
2026-08-21 12:11:27 - INFO - probability_positive min=0.0002 mean=0.5055 std=0.4832 max=0.9998 predicted_0=75 predicted_1=77
2026-08-21 12:11:46 - INFO - Epoch 9/30 | Train loss: 0.129680 | Val loss: 0.864864 | LR: 2.00e-05 | Best epoch: 5 | Patience: 4 | Train: 17.40s | Validation: 1.97s | Epoch: 19.37s | Total: 176.49s
2026-08-21 12:11:46 - INFO - RecAdam target-task weight at epoch end: 0.999982
2026-08-21 12:11:46 - INFO - [Classification Report - split=train epoch=9 - threshold=0.50]
2026-08-21 12:11:46 - INFO -                 precision    recall  f1-score   support
2026-08-21 12:11:46 - INFO - 
2026-08-21 12:11:46 - INFO -       safe (0)     0.9712    0.9309    0.9506       217
2026-08-21 12:11:46 - INFO - vulnerable (1)     0.9395    0.9749    0.9569       239
2026-08-21 12:11:46 - INFO - 
2026-08-21 12:11:46 - INFO -       accuracy                         0.9539       456
2026-08-21 12:11:46 - INFO -      macro avg     0.9553    0.9529    0.9537       456
2026-08-21 12:11:46 - INFO -   weighted avg     0.9546    0.9539    0.9539       456
2026-08-21 12:11:46 - INFO - Confusion matrix - [[tn=202, fp=15], [fn=6, tp=233]]
2026-08-21 12:11:46 - INFO - probability_positive min=0.0003 mean=0.5347 std=0.4839 max=0.9997 predicted_0=208 predicted_1=248
2026-08-21 12:11:46 - INFO - [Classification Report - split=validation epoch=9 - threshold=0.50]
2026-08-21 12:11:46 - INFO -                 precision    recall  f1-score   support
2026-08-21 12:11:46 - INFO - 
2026-08-21 12:11:46 - INFO -       safe (0)     0.8904    0.7831    0.8333        83
2026-08-21 12:11:46 - INFO - vulnerable (1)     0.7722    0.8841    0.8243        69
2026-08-21 12:11:46 - INFO - 
2026-08-21 12:11:46 - INFO -       accuracy                         0.8289       152
2026-08-21 12:11:46 - INFO -      macro avg     0.8313    0.8336    0.8288       152
2026-08-21 12:11:46 - INFO -   weighted avg     0.8367    0.8289    0.8292       152
2026-08-21 12:11:46 - INFO - Confusion matrix - [[tn=65, fp=18], [fn=8, tp=61]]
2026-08-21 12:11:46 - INFO - probability_positive min=0.0002 mean=0.5190 std=0.4876 max=0.9998 predicted_0=73 predicted_1=79
2026-08-21 12:12:06 - INFO - Epoch 10/30 | Train loss: 0.124804 | Val loss: 0.629187 | LR: 2.00e-05 | Best epoch: 5 | Patience: 5 | Train: 17.40s | Validation: 1.97s | Epoch: 19.37s | Total: 195.86s
2026-08-21 12:12:06 - INFO - RecAdam target-task weight at epoch end: 0.999996
2026-08-21 12:12:06 - INFO - [Classification Report - split=train epoch=10 - threshold=0.50]
2026-08-21 12:12:06 - INFO -                 precision    recall  f1-score   support
2026-08-21 12:12:06 - INFO - 
2026-08-21 12:12:06 - INFO -       safe (0)     0.9493    0.9493    0.9493       217
2026-08-21 12:12:06 - INFO - vulnerable (1)     0.9540    0.9540    0.9540       239
2026-08-21 12:12:06 - INFO - 
2026-08-21 12:12:06 - INFO -       accuracy                         0.9518       456
2026-08-21 12:12:06 - INFO -      macro avg     0.9516    0.9516    0.9516       456
2026-08-21 12:12:06 - INFO -   weighted avg     0.9518    0.9518    0.9518       456
2026-08-21 12:12:06 - INFO - Confusion matrix - [[tn=206, fp=11], [fn=11, tp=228]]
2026-08-21 12:12:06 - INFO - probability_positive min=0.0002 mean=0.5265 std=0.4795 max=0.9997 predicted_0=217 predicted_1=239
2026-08-21 12:12:06 - INFO - [Classification Report - split=validation epoch=10 - threshold=0.50]
2026-08-21 12:12:06 - INFO -                 precision    recall  f1-score   support
2026-08-21 12:12:06 - INFO - 
2026-08-21 12:12:06 - INFO -       safe (0)     0.9167    0.7952    0.8516        83
2026-08-21 12:12:06 - INFO - vulnerable (1)     0.7875    0.9130    0.8456        69
2026-08-21 12:12:06 - INFO - 
2026-08-21 12:12:06 - INFO -       accuracy                         0.8487       152
2026-08-21 12:12:06 - INFO -      macro avg     0.8521    0.8541    0.8486       152
2026-08-21 12:12:06 - INFO -   weighted avg     0.8580    0.8487    0.8489       152
2026-08-21 12:12:06 - INFO - Confusion matrix - [[tn=66, fp=17], [fn=6, tp=63]]
2026-08-21 12:12:06 - INFO - probability_positive min=0.0002 mean=0.5274 std=0.4751 max=0.9998 predicted_0=72 predicted_1=80
2026-08-21 12:12:06 - INFO - Early stopping | Epoch: 10 | Best epoch: 5
2026-08-21 12:12:06 - INFO - Best checkpoint saved | Path: model/t5p_mean_t5pm/transfer_latent_bottleneck/seed_42/fold3/best.pt | Epoch: 5 | Val macro_f1: 0.880252
2026-08-21 12:12:06 - INFO - Training finished | Elapsed: 195.87s
2026-08-21 12:12:06 - INFO - Run finished | Phase: phase2 | Fold: 3 | Seed: 42 | Elapsed: 198.81s
