2026-08-22 12:39:00 - INFO - Using device: cuda
2026-08-22 12:39:00 - INFO - Run started | Run: fam2_codebert | Method: transfer_latent_bottleneck | Phase: phase2 | Fold: 5 | Seed: 42 | Device: cuda
2026-08-22 12:39:00 - INFO - Loading Python training data: data/sven_python_folds_norm/fold5/train.jsonl
2026-08-22 12:39:00 - INFO - Loading Python validation data: data/sven_python_folds_norm/fold5/val.jsonl
2026-08-22 12:39:00 - INFO - Data split: python_train | Total: 456 | Labels: {0: 237, 1: 219} | CWEs: {'CWE-022': 34, 'CWE-078': 121, 'CWE-079': 52, 'CWE-089': 249} | Languages: {'python': 456} | Invalid CWE: 0
2026-08-22 12:39:00 - INFO - Data split: python_val | Total: 152 | Labels: {0: 71, 1: 81} | CWEs: {'CWE-022': 19, 'CWE-078': 39, 'CWE-079': 14, 'CWE-089': 80} | Languages: {'python': 152} | Invalid CWE: 0
2026-08-22 12:39:01 - INFO - Auxiliary head width taken from checkpoint: 4
2026-08-22 12:39:03 - INFO - Loaded source checkpoint: model/fam2_codebert/transfer_latent_bottleneck/seed_42/source/best.pt | Best epoch: 2 | Best Val Macro-F1: 0.510903
2026-08-22 12:39:03 - INFO - RecAdam schedule | Total steps: 870 | Steps/epoch: 29 | Anneal t0: 43 | Weights: {1: 0.10909682119561293, 29: 0.3318122278318339, 43: 0.5, 870: 1.0}
2026-08-22 12:39:03 - INFO - Environment: {"components": {"backbone": {"frozen": 0, "total": 124645632, "trainable": 124645632}, "cwe_head": {"frozen": 36, "total": 36, "trainable": 0}, "latent_proj": {"frozen": 6152, "total": 6152, "trainable": 0}, "vul_head": {"frozen": 0, "total": 1538, "trainable": 1538}}, "cuda": "12.8", "fold": 5, "frozen_parameters": 6188, "gpu": "NVIDIA GeForce RTX 5060 Ti", "hyperparameters": {"anneal_fun": "sigmoid", "anneal_k": 0.05, "anneal_t0_ratio": 0.05, "anneal_w": 1.0, "aux_mode": "latent_bottleneck", "batch_size": 16, "checkpoint_path": "model/fam2_codebert/transfer_latent_bottleneck/seed_42/fold5/best.pt", "cwe_vocab": "fixed4", "data_path": "data/train_ccpp_filtered.jsonl", "data_root": "data/sven_python_folds_norm", "epochs": 30, "eval_batch_size": 16, "fold": 5, "freeze_backbone_layers": 0, "freeze_prototypes_steps": 0, "lambda_cwe": 0.2, "latent_temperature": 0.1, "learning_rate": 2e-05, "lora_rank": 0, "lp_epochs": 0, "lp_learning_rate": 0.001, "max_eval_samples": null, "max_grad_norm": 1.0, "max_length": 512, "max_train_samples": null, "method_name": "transfer_latent_bottleneck", "min_epochs": 3, "model_name": "microsoft/codebert-base", "num_cwes": 4, "num_latent": 8, "num_workers": 0, "output_dir": "results/fam2_codebert/transfer_latent_bottleneck", "patience": 5, "phase": "phase2", "phase2_optimizer": "recadam", "pooling": "cls", "pretrain_cof": 5000.0, "recadam_anchor": "source", "result_path": "results/fam2_codebert/transfer_latent_bottleneck/seed_42/fold5.json", "run_name": "fam2_codebert", "sam_rho": 0.0, "seed": 42, "selection_metric": "macro_f1", "source_checkpoint": "model/fam2_codebert/transfer_latent_bottleneck/seed_42/source/best.pt", "source_interpolation": 1.0, "strict_determinism": false, "target_lang": "python", "test_path": null, "train_path": null, "truncation_strategy": "head_middle_tail", "val_path": null, "weight_decay": 0.01}, "mode": "phase2_train", "model_name": "microsoft/codebert-base", "seed": 42, "sklearn": "1.9.0", "torch": "2.11.0+cu128", "trainable_parameters": 124647170, "transformers": "4.57.1"}
2026-08-22 12:39:03 - INFO - Training started | Phase: phase2 | Epochs: 30
2026-08-22 12:39:04 - INFO - RecAdam first-step safety checks passed
2026-08-22 12:39:20 - INFO - Epoch 1/30 | Train loss: 0.690168 | Val loss: 0.692617 | LR: 2.00e-05 | Best epoch: 1 | Patience: 0 | Train: 14.75s | Validation: 1.60s | Epoch: 16.76s | Total: 16.76s
2026-08-22 12:39:20 - INFO - RecAdam target-task weight at epoch end: 0.331812
2026-08-22 12:39:20 - INFO - [Classification Report - split=train epoch=1 - threshold=0.50]
2026-08-22 12:39:20 - INFO -                 precision    recall  f1-score   support
2026-08-22 12:39:20 - INFO - 
2026-08-22 12:39:20 - INFO -       safe (0)     0.5304    0.7004    0.6036       237
2026-08-22 12:39:20 - INFO - vulnerable (1)     0.5035    0.3288    0.3978       219
2026-08-22 12:39:20 - INFO - 
2026-08-22 12:39:20 - INFO -       accuracy                         0.5219       456
2026-08-22 12:39:20 - INFO -      macro avg     0.5169    0.5146    0.5007       456
2026-08-22 12:39:20 - INFO -   weighted avg     0.5175    0.5219    0.5048       456
2026-08-22 12:39:20 - INFO - Confusion matrix - [[tn=166, fp=71], [fn=147, tp=72]]
2026-08-22 12:39:20 - INFO - probability_positive min=0.3175 mean=0.4805 std=0.0452 max=0.6063 predicted_0=313 predicted_1=143
2026-08-22 12:39:20 - INFO - [Classification Report - split=validation epoch=1 - threshold=0.50]
2026-08-22 12:39:20 - INFO -                 precision    recall  f1-score   support
2026-08-22 12:39:20 - INFO - 
2026-08-22 12:39:20 - INFO -       safe (0)     0.4930    0.4930    0.4930        71
2026-08-22 12:39:20 - INFO - vulnerable (1)     0.5556    0.5556    0.5556        81
2026-08-22 12:39:20 - INFO - 
2026-08-22 12:39:20 - INFO -       accuracy                         0.5263       152
2026-08-22 12:39:20 - INFO -      macro avg     0.5243    0.5243    0.5243       152
2026-08-22 12:39:20 - INFO -   weighted avg     0.5263    0.5263    0.5263       152
2026-08-22 12:39:20 - INFO - Confusion matrix - [[tn=35, fp=36], [fn=36, tp=45]]
2026-08-22 12:39:20 - INFO - probability_positive min=0.4864 mean=0.5004 std=0.0060 max=0.5153 predicted_0=71 predicted_1=81
2026-08-22 12:39:20 - INFO - New best model | Macro-F1: 0.524257 | Epoch: 1
2026-08-22 12:39:36 - INFO - Epoch 2/30 | Train loss: 0.697492 | Val loss: 0.696584 | LR: 2.00e-05 | Best epoch: 1 | Patience: 0 | Train: 14.33s | Validation: 1.60s | Epoch: 15.93s | Total: 32.71s
2026-08-22 12:39:36 - INFO - RecAdam target-task weight at epoch end: 0.679179
2026-08-22 12:39:36 - INFO - [Classification Report - split=train epoch=2 - threshold=0.50]
2026-08-22 12:39:36 - INFO -                 precision    recall  f1-score   support
2026-08-22 12:39:36 - INFO - 
2026-08-22 12:39:36 - INFO -       safe (0)     0.5428    0.6962    0.6100       237
2026-08-22 12:39:36 - INFO - vulnerable (1)     0.5263    0.3653    0.4313       219
2026-08-22 12:39:36 - INFO - 
2026-08-22 12:39:36 - INFO -       accuracy                         0.5373       456
2026-08-22 12:39:36 - INFO -      macro avg     0.5345    0.5307    0.5206       456
2026-08-22 12:39:36 - INFO -   weighted avg     0.5349    0.5373    0.5242       456
2026-08-22 12:39:36 - INFO - Confusion matrix - [[tn=165, fp=72], [fn=139, tp=80]]
2026-08-22 12:39:36 - INFO - probability_positive min=0.2859 mean=0.4839 std=0.0486 max=0.6891 predicted_0=304 predicted_1=152
2026-08-22 12:39:36 - INFO - [Classification Report - split=validation epoch=2 - threshold=0.50]
2026-08-22 12:39:36 - INFO -                 precision    recall  f1-score   support
2026-08-22 12:39:36 - INFO - 
2026-08-22 12:39:36 - INFO -       safe (0)     0.4671    1.0000    0.6368        71
2026-08-22 12:39:36 - INFO - vulnerable (1)     0.0000    0.0000    0.0000        81
2026-08-22 12:39:36 - INFO - 
2026-08-22 12:39:36 - INFO -       accuracy                         0.4671       152
2026-08-22 12:39:36 - INFO -      macro avg     0.2336    0.5000    0.3184       152
2026-08-22 12:39:36 - INFO -   weighted avg     0.2182    0.4671    0.2974       152
2026-08-22 12:39:36 - INFO - Confusion matrix - [[tn=71, fp=0], [fn=81, tp=0]]
2026-08-22 12:39:36 - INFO - probability_positive min=0.4602 mean=0.4751 std=0.0067 max=0.4927 predicted_0=152 predicted_1=0
2026-08-22 12:39:52 - INFO - Epoch 3/30 | Train loss: 0.697744 | Val loss: 0.689717 | LR: 2.00e-05 | Best epoch: 1 | Patience: 1 | Train: 14.34s | Validation: 1.60s | Epoch: 15.94s | Total: 48.67s
2026-08-22 12:39:52 - INFO - RecAdam target-task weight at epoch end: 0.900250
2026-08-22 12:39:52 - INFO - [Classification Report - split=train epoch=3 - threshold=0.50]
2026-08-22 12:39:52 - INFO -                 precision    recall  f1-score   support
2026-08-22 12:39:52 - INFO - 
2026-08-22 12:39:52 - INFO -       safe (0)     0.5082    0.7848    0.6169       237
2026-08-22 12:39:52 - INFO - vulnerable (1)     0.4333    0.1781    0.2524       219
2026-08-22 12:39:52 - INFO - 
2026-08-22 12:39:52 - INFO -       accuracy                         0.4934       456
2026-08-22 12:39:52 - INFO -      macro avg     0.4708    0.4814    0.4347       456
2026-08-22 12:39:52 - INFO -   weighted avg     0.4722    0.4934    0.4419       456
2026-08-22 12:39:52 - INFO - Confusion matrix - [[tn=186, fp=51], [fn=180, tp=39]]
2026-08-22 12:39:52 - INFO - probability_positive min=0.3179 mean=0.4649 std=0.0451 max=0.6328 predicted_0=366 predicted_1=90
2026-08-22 12:39:52 - INFO - [Classification Report - split=validation epoch=3 - threshold=0.50]
2026-08-22 12:39:52 - INFO -                 precision    recall  f1-score   support
2026-08-22 12:39:52 - INFO - 
2026-08-22 12:39:52 - INFO -       safe (0)     0.7500    0.0423    0.0800        71
2026-08-22 12:39:52 - INFO - vulnerable (1)     0.5405    0.9877    0.6987        81
2026-08-22 12:39:52 - INFO - 
2026-08-22 12:39:52 - INFO -       accuracy                         0.5461       152
2026-08-22 12:39:52 - INFO -      macro avg     0.6453    0.5150    0.3893       152
2026-08-22 12:39:52 - INFO -   weighted avg     0.6384    0.5461    0.4097       152
2026-08-22 12:39:52 - INFO - Confusion matrix - [[tn=3, fp=68], [fn=1, tp=80]]
2026-08-22 12:39:52 - INFO - probability_positive min=0.4938 mean=0.5099 std=0.0058 max=0.5255 predicted_0=4 predicted_1=148
2026-08-22 12:40:08 - INFO - Epoch 4/30 | Train loss: 0.683644 | Val loss: 0.651012 | LR: 2.00e-05 | Best epoch: 4 | Patience: 0 | Train: 14.35s | Validation: 1.60s | Epoch: 16.35s | Total: 65.04s
2026-08-22 12:40:08 - INFO - RecAdam target-task weight at epoch end: 0.974667
2026-08-22 12:40:08 - INFO - [Classification Report - split=train epoch=4 - threshold=0.50]
2026-08-22 12:40:08 - INFO -                 precision    recall  f1-score   support
2026-08-22 12:40:08 - INFO - 
2026-08-22 12:40:08 - INFO -       safe (0)     0.5615    0.6160    0.5875       237
2026-08-22 12:40:08 - INFO - vulnerable (1)     0.5357    0.4795    0.5060       219
2026-08-22 12:40:08 - INFO - 
2026-08-22 12:40:08 - INFO -       accuracy                         0.5504       456
2026-08-22 12:40:08 - INFO -      macro avg     0.5486    0.5477    0.5468       456
2026-08-22 12:40:08 - INFO -   weighted avg     0.5491    0.5504    0.5484       456
2026-08-22 12:40:08 - INFO - Confusion matrix - [[tn=146, fp=91], [fn=114, tp=105]]
2026-08-22 12:40:08 - INFO - probability_positive min=0.2884 mean=0.4961 std=0.0511 max=0.7379 predicted_0=260 predicted_1=196
2026-08-22 12:40:08 - INFO - [Classification Report - split=validation epoch=4 - threshold=0.50]
2026-08-22 12:40:08 - INFO -                 precision    recall  f1-score   support
2026-08-22 12:40:08 - INFO - 
2026-08-22 12:40:08 - INFO -       safe (0)     0.8636    0.2676    0.4086        71
2026-08-22 12:40:08 - INFO - vulnerable (1)     0.6000    0.9630    0.7393        81
2026-08-22 12:40:08 - INFO - 
2026-08-22 12:40:08 - INFO -       accuracy                         0.6382       152
2026-08-22 12:40:08 - INFO -      macro avg     0.7318    0.6153    0.5740       152
2026-08-22 12:40:08 - INFO -   weighted avg     0.7231    0.6382    0.5848       152
2026-08-22 12:40:08 - INFO - Confusion matrix - [[tn=19, fp=52], [fn=3, tp=78]]
2026-08-22 12:40:08 - INFO - probability_positive min=0.3326 mean=0.5260 std=0.0586 max=0.5868 predicted_0=22 predicted_1=130
2026-08-22 12:40:08 - INFO - New best model | Macro-F1: 0.573969 | Epoch: 4
2026-08-22 12:40:25 - INFO - Epoch 5/30 | Train loss: 0.569209 | Val loss: 0.596163 | LR: 2.00e-05 | Best epoch: 5 | Patience: 0 | Train: 14.35s | Validation: 1.60s | Epoch: 16.70s | Total: 81.75s
2026-08-22 12:40:25 - INFO - RecAdam target-task weight at epoch end: 0.993940
2026-08-22 12:40:25 - INFO - [Classification Report - split=train epoch=5 - threshold=0.50]
2026-08-22 12:40:25 - INFO -                 precision    recall  f1-score   support
2026-08-22 12:40:25 - INFO - 
2026-08-22 12:40:25 - INFO -       safe (0)     0.7778    0.5612    0.6520       237
2026-08-22 12:40:25 - INFO - vulnerable (1)     0.6351    0.8265    0.7183       219
2026-08-22 12:40:25 - INFO - 
2026-08-22 12:40:25 - INFO -       accuracy                         0.6886       456
2026-08-22 12:40:25 - INFO -      macro avg     0.7064    0.6938    0.6851       456
2026-08-22 12:40:25 - INFO -   weighted avg     0.7092    0.6886    0.6838       456
2026-08-22 12:40:25 - INFO - Confusion matrix - [[tn=133, fp=104], [fn=38, tp=181]]
2026-08-22 12:40:25 - INFO - probability_positive min=0.0107 mean=0.4894 std=0.1911 max=0.9043 predicted_0=171 predicted_1=285
2026-08-22 12:40:25 - INFO - [Classification Report - split=validation epoch=5 - threshold=0.50]
2026-08-22 12:40:25 - INFO -                 precision    recall  f1-score   support
2026-08-22 12:40:25 - INFO - 
2026-08-22 12:40:25 - INFO -       safe (0)     0.8000    0.5070    0.6207        71
2026-08-22 12:40:25 - INFO - vulnerable (1)     0.6729    0.8889    0.7660        81
2026-08-22 12:40:25 - INFO - 
2026-08-22 12:40:25 - INFO -       accuracy                         0.7105       152
2026-08-22 12:40:25 - INFO -      macro avg     0.7364    0.6980    0.6933       152
2026-08-22 12:40:25 - INFO -   weighted avg     0.7323    0.7105    0.6981       152
2026-08-22 12:40:25 - INFO - Confusion matrix - [[tn=36, fp=35], [fn=9, tp=72]]
2026-08-22 12:40:25 - INFO - probability_positive min=0.0087 mean=0.5763 std=0.3305 max=0.9163 predicted_0=45 predicted_1=107
2026-08-22 12:40:25 - INFO - New best model | Macro-F1: 0.693324 | Epoch: 5
2026-08-22 12:40:42 - INFO - Epoch 6/30 | Train loss: 0.441988 | Val loss: 0.664358 | LR: 2.00e-05 | Best epoch: 6 | Patience: 0 | Train: 14.36s | Validation: 1.60s | Epoch: 16.70s | Total: 98.48s
2026-08-22 12:40:42 - INFO - RecAdam target-task weight at epoch end: 0.998572
2026-08-22 12:40:42 - INFO - [Classification Report - split=train epoch=6 - threshold=0.50]
2026-08-22 12:40:42 - INFO -                 precision    recall  f1-score   support
2026-08-22 12:40:42 - INFO - 
2026-08-22 12:40:42 - INFO -       safe (0)     0.8027    0.7553    0.7783       237
2026-08-22 12:40:42 - INFO - vulnerable (1)     0.7511    0.7991    0.7743       219
2026-08-22 12:40:42 - INFO - 
2026-08-22 12:40:42 - INFO -       accuracy                         0.7763       456
2026-08-22 12:40:42 - INFO -      macro avg     0.7769    0.7772    0.7763       456
2026-08-22 12:40:42 - INFO -   weighted avg     0.7779    0.7763    0.7764       456
2026-08-22 12:40:42 - INFO - Confusion matrix - [[tn=179, fp=58], [fn=44, tp=175]]
2026-08-22 12:40:42 - INFO - probability_positive min=0.0029 mean=0.4937 std=0.3335 max=0.9773 predicted_0=223 predicted_1=233
2026-08-22 12:40:42 - INFO - [Classification Report - split=validation epoch=6 - threshold=0.50]
2026-08-22 12:40:42 - INFO -                 precision    recall  f1-score   support
2026-08-22 12:40:42 - INFO - 
2026-08-22 12:40:42 - INFO -       safe (0)     0.7797    0.6479    0.7077        71
2026-08-22 12:40:42 - INFO - vulnerable (1)     0.7312    0.8395    0.7816        81
2026-08-22 12:40:42 - INFO - 
2026-08-22 12:40:42 - INFO -       accuracy                         0.7500       152
2026-08-22 12:40:42 - INFO -      macro avg     0.7554    0.7437    0.7447       152
2026-08-22 12:40:42 - INFO -   weighted avg     0.7538    0.7500    0.7471       152
2026-08-22 12:40:42 - INFO - Confusion matrix - [[tn=46, fp=25], [fn=13, tp=68]]
2026-08-22 12:40:42 - INFO - probability_positive min=0.0022 mean=0.5822 std=0.3863 max=0.9838 predicted_0=59 predicted_1=93
2026-08-22 12:40:42 - INFO - New best model | Macro-F1: 0.744651 | Epoch: 6
2026-08-22 12:40:58 - INFO - Epoch 7/30 | Train loss: 0.362320 | Val loss: 0.617209 | LR: 2.00e-05 | Best epoch: 7 | Patience: 0 | Train: 14.36s | Validation: 1.60s | Epoch: 16.70s | Total: 115.21s
2026-08-22 12:40:58 - INFO - RecAdam target-task weight at epoch end: 0.999665
2026-08-22 12:40:58 - INFO - [Classification Report - split=train epoch=7 - threshold=0.50]
2026-08-22 12:40:58 - INFO -                 precision    recall  f1-score   support
2026-08-22 12:40:58 - INFO - 
2026-08-22 12:40:58 - INFO -       safe (0)     0.8320    0.8565    0.8441       237
2026-08-22 12:40:58 - INFO - vulnerable (1)     0.8396    0.8128    0.8260       219
2026-08-22 12:40:58 - INFO - 
2026-08-22 12:40:58 - INFO -       accuracy                         0.8355       456
2026-08-22 12:40:58 - INFO -      macro avg     0.8358    0.8347    0.8350       456
2026-08-22 12:40:58 - INFO -   weighted avg     0.8356    0.8355    0.8354       456
2026-08-22 12:40:58 - INFO - Confusion matrix - [[tn=203, fp=34], [fn=41, tp=178]]
2026-08-22 12:40:58 - INFO - probability_positive min=0.0021 mean=0.4797 std=0.3848 max=0.9952 predicted_0=244 predicted_1=212
2026-08-22 12:40:58 - INFO - [Classification Report - split=validation epoch=7 - threshold=0.50]
2026-08-22 12:40:58 - INFO -                 precision    recall  f1-score   support
2026-08-22 12:40:58 - INFO - 
2026-08-22 12:40:58 - INFO -       safe (0)     0.7903    0.6901    0.7368        71
2026-08-22 12:40:58 - INFO - vulnerable (1)     0.7556    0.8395    0.7953        81
2026-08-22 12:40:58 - INFO - 
2026-08-22 12:40:58 - INFO -       accuracy                         0.7697       152
2026-08-22 12:40:58 - INFO -      macro avg     0.7729    0.7648    0.7661       152
2026-08-22 12:40:58 - INFO -   weighted avg     0.7718    0.7697    0.7680       152
2026-08-22 12:40:58 - INFO - Confusion matrix - [[tn=49, fp=22], [fn=13, tp=68]]
2026-08-22 12:40:58 - INFO - probability_positive min=0.0019 mean=0.5427 std=0.4062 max=0.9900 predicted_0=62 predicted_1=90
2026-08-22 12:40:58 - INFO - New best model | Macro-F1: 0.766082 | Epoch: 7
2026-08-22 12:41:15 - INFO - Epoch 8/30 | Train loss: 0.257877 | Val loss: 0.740089 | LR: 2.00e-05 | Best epoch: 8 | Patience: 1 | Train: 14.38s | Validation: 1.60s | Epoch: 16.72s | Total: 131.96s
2026-08-22 12:41:15 - INFO - RecAdam target-task weight at epoch end: 0.999921
2026-08-22 12:41:15 - INFO - [Classification Report - split=train epoch=8 - threshold=0.50]
2026-08-22 12:41:15 - INFO -                 precision    recall  f1-score   support
2026-08-22 12:41:15 - INFO - 
2026-08-22 12:41:15 - INFO -       safe (0)     0.9022    0.8565    0.8788       237
2026-08-22 12:41:15 - INFO - vulnerable (1)     0.8528    0.8995    0.8756       219
2026-08-22 12:41:15 - INFO - 
2026-08-22 12:41:15 - INFO -       accuracy                         0.8772       456
2026-08-22 12:41:15 - INFO -      macro avg     0.8775    0.8780    0.8772       456
2026-08-22 12:41:15 - INFO -   weighted avg     0.8785    0.8772    0.8772       456
2026-08-22 12:41:15 - INFO - Confusion matrix - [[tn=203, fp=34], [fn=22, tp=197]]
2026-08-22 12:41:15 - INFO - probability_positive min=0.0012 mean=0.4757 std=0.3972 max=0.9962 predicted_0=225 predicted_1=231
2026-08-22 12:41:15 - INFO - [Classification Report - split=validation epoch=8 - threshold=0.50]
2026-08-22 12:41:15 - INFO -                 precision    recall  f1-score   support
2026-08-22 12:41:15 - INFO - 
2026-08-22 12:41:15 - INFO -       safe (0)     0.7903    0.6901    0.7368        71
2026-08-22 12:41:15 - INFO - vulnerable (1)     0.7556    0.8395    0.7953        81
2026-08-22 12:41:15 - INFO - 
2026-08-22 12:41:15 - INFO -       accuracy                         0.7697       152
2026-08-22 12:41:15 - INFO -      macro avg     0.7729    0.7648    0.7661       152
2026-08-22 12:41:15 - INFO -   weighted avg     0.7718    0.7697    0.7680       152
2026-08-22 12:41:15 - INFO - Confusion matrix - [[tn=49, fp=22], [fn=13, tp=68]]
2026-08-22 12:41:15 - INFO - probability_positive min=0.0009 mean=0.5625 std=0.4360 max=0.9974 predicted_0=62 predicted_1=90
2026-08-22 12:41:15 - INFO - Latest tied-best checkpoint saved | Macro-F1: 0.766082 | Epoch: 8
2026-08-22 12:41:31 - INFO - Epoch 9/30 | Train loss: 0.220384 | Val loss: 0.823495 | LR: 2.00e-05 | Best epoch: 8 | Patience: 2 | Train: 14.38s | Validation: 1.60s | Epoch: 15.98s | Total: 147.98s
2026-08-22 12:41:31 - INFO - RecAdam target-task weight at epoch end: 0.999982
2026-08-22 12:41:31 - INFO - [Classification Report - split=train epoch=9 - threshold=0.50]
2026-08-22 12:41:31 - INFO -                 precision    recall  f1-score   support
2026-08-22 12:41:31 - INFO - 
2026-08-22 12:41:31 - INFO -       safe (0)     0.9381    0.8945    0.9158       237
2026-08-22 12:41:31 - INFO - vulnerable (1)     0.8913    0.9361    0.9131       219
2026-08-22 12:41:31 - INFO - 
2026-08-22 12:41:31 - INFO -       accuracy                         0.9145       456
2026-08-22 12:41:31 - INFO -      macro avg     0.9147    0.9153    0.9145       456
2026-08-22 12:41:31 - INFO -   weighted avg     0.9156    0.9145    0.9145       456
2026-08-22 12:41:31 - INFO - Confusion matrix - [[tn=212, fp=25], [fn=14, tp=205]]
2026-08-22 12:41:31 - INFO - probability_positive min=0.0010 mean=0.4931 std=0.4372 max=0.9985 predicted_0=226 predicted_1=230
2026-08-22 12:41:31 - INFO - [Classification Report - split=validation epoch=9 - threshold=0.50]
2026-08-22 12:41:31 - INFO -                 precision    recall  f1-score   support
2026-08-22 12:41:31 - INFO - 
2026-08-22 12:41:31 - INFO -       safe (0)     0.7067    0.7465    0.7260        71
2026-08-22 12:41:31 - INFO - vulnerable (1)     0.7662    0.7284    0.7468        81
2026-08-22 12:41:31 - INFO - 
2026-08-22 12:41:31 - INFO -       accuracy                         0.7368       152
2026-08-22 12:41:31 - INFO -      macro avg     0.7365    0.7374    0.7364       152
2026-08-22 12:41:31 - INFO -   weighted avg     0.7384    0.7368    0.7371       152
2026-08-22 12:41:31 - INFO - Confusion matrix - [[tn=53, fp=18], [fn=22, tp=59]]
2026-08-22 12:41:31 - INFO - probability_positive min=0.0010 mean=0.5078 std=0.4406 max=0.9988 predicted_0=75 predicted_1=77
2026-08-22 12:41:47 - INFO - Epoch 10/30 | Train loss: 0.147421 | Val loss: 1.065988 | LR: 2.00e-05 | Best epoch: 8 | Patience: 3 | Train: 14.37s | Validation: 1.61s | Epoch: 15.97s | Total: 163.96s
2026-08-22 12:41:47 - INFO - RecAdam target-task weight at epoch end: 0.999996
2026-08-22 12:41:47 - INFO - [Classification Report - split=train epoch=10 - threshold=0.50]
2026-08-22 12:41:47 - INFO -                 precision    recall  f1-score   support
2026-08-22 12:41:47 - INFO - 
2026-08-22 12:41:47 - INFO -       safe (0)     0.9295    0.9451    0.9372       237
2026-08-22 12:41:47 - INFO - vulnerable (1)     0.9395    0.9224    0.9309       219
2026-08-22 12:41:47 - INFO - 
2026-08-22 12:41:47 - INFO -       accuracy                         0.9342       456
2026-08-22 12:41:47 - INFO -      macro avg     0.9345    0.9338    0.9341       456
2026-08-22 12:41:47 - INFO -   weighted avg     0.9343    0.9342    0.9342       456
2026-08-22 12:41:47 - INFO - Confusion matrix - [[tn=224, fp=13], [fn=17, tp=202]]
2026-08-22 12:41:47 - INFO - probability_positive min=0.0004 mean=0.4657 std=0.4541 max=0.9994 predicted_0=241 predicted_1=215
2026-08-22 12:41:47 - INFO - [Classification Report - split=validation epoch=10 - threshold=0.50]
2026-08-22 12:41:47 - INFO -                 precision    recall  f1-score   support
2026-08-22 12:41:47 - INFO - 
2026-08-22 12:41:47 - INFO -       safe (0)     0.8070    0.6479    0.7188        71
2026-08-22 12:41:47 - INFO - vulnerable (1)     0.7368    0.8642    0.7955        81
2026-08-22 12:41:47 - INFO - 
2026-08-22 12:41:47 - INFO -       accuracy                         0.7632       152
2026-08-22 12:41:47 - INFO -      macro avg     0.7719    0.7560    0.7571       152
2026-08-22 12:41:47 - INFO -   weighted avg     0.7696    0.7632    0.7596       152
2026-08-22 12:41:47 - INFO - Confusion matrix - [[tn=46, fp=25], [fn=11, tp=70]]
2026-08-22 12:41:47 - INFO - probability_positive min=0.0009 mean=0.6140 std=0.4658 max=0.9995 predicted_0=57 predicted_1=95
2026-08-22 12:42:03 - INFO - Epoch 11/30 | Train loss: 0.149722 | Val loss: 1.215031 | LR: 2.00e-05 | Best epoch: 8 | Patience: 4 | Train: 14.37s | Validation: 1.61s | Epoch: 15.98s | Total: 179.96s
2026-08-22 12:42:03 - INFO - RecAdam target-task weight at epoch end: 0.999999
2026-08-22 12:42:03 - INFO - [Classification Report - split=train epoch=11 - threshold=0.50]
2026-08-22 12:42:03 - INFO -                 precision    recall  f1-score   support
2026-08-22 12:42:03 - INFO - 
2026-08-22 12:42:03 - INFO -       safe (0)     0.9569    0.9367    0.9467       237
2026-08-22 12:42:03 - INFO - vulnerable (1)     0.9330    0.9543    0.9436       219
2026-08-22 12:42:03 - INFO - 
2026-08-22 12:42:03 - INFO -       accuracy                         0.9452       456
2026-08-22 12:42:03 - INFO -      macro avg     0.9450    0.9455    0.9451       456
2026-08-22 12:42:03 - INFO -   weighted avg     0.9454    0.9452    0.9452       456
2026-08-22 12:42:03 - INFO - Confusion matrix - [[tn=222, fp=15], [fn=10, tp=209]]
2026-08-22 12:42:03 - INFO - probability_positive min=0.0003 mean=0.4935 std=0.4783 max=0.9997 predicted_0=232 predicted_1=224
2026-08-22 12:42:03 - INFO - [Classification Report - split=validation epoch=11 - threshold=0.50]
2026-08-22 12:42:03 - INFO -                 precision    recall  f1-score   support
2026-08-22 12:42:03 - INFO - 
2026-08-22 12:42:03 - INFO -       safe (0)     0.7123    0.7324    0.7222        71
2026-08-22 12:42:03 - INFO - vulnerable (1)     0.7595    0.7407    0.7500        81
2026-08-22 12:42:03 - INFO - 
2026-08-22 12:42:03 - INFO -       accuracy                         0.7368       152
2026-08-22 12:42:03 - INFO -      macro avg     0.7359    0.7366    0.7361       152
2026-08-22 12:42:03 - INFO -   weighted avg     0.7375    0.7368    0.7370       152
2026-08-22 12:42:03 - INFO - Confusion matrix - [[tn=52, fp=19], [fn=21, tp=60]]
2026-08-22 12:42:03 - INFO - probability_positive min=0.0002 mean=0.5153 std=0.4776 max=0.9998 predicted_0=73 predicted_1=79
2026-08-22 12:42:19 - INFO - Epoch 12/30 | Train loss: 0.123326 | Val loss: 1.251289 | LR: 2.00e-05 | Best epoch: 8 | Patience: 5 | Train: 14.37s | Validation: 1.61s | Epoch: 15.98s | Total: 195.95s
2026-08-22 12:42:19 - INFO - RecAdam target-task weight at epoch end: 1.000000
2026-08-22 12:42:19 - INFO - [Classification Report - split=train epoch=12 - threshold=0.50]
2026-08-22 12:42:19 - INFO -                 precision    recall  f1-score   support
2026-08-22 12:42:19 - INFO - 
2026-08-22 12:42:19 - INFO -       safe (0)     0.9664    0.9705    0.9684       237
2026-08-22 12:42:19 - INFO - vulnerable (1)     0.9679    0.9635    0.9657       219
2026-08-22 12:42:19 - INFO - 
2026-08-22 12:42:19 - INFO -       accuracy                         0.9671       456
2026-08-22 12:42:19 - INFO -      macro avg     0.9671    0.9670    0.9670       456
2026-08-22 12:42:19 - INFO -   weighted avg     0.9671    0.9671    0.9671       456
2026-08-22 12:42:19 - INFO - Confusion matrix - [[tn=230, fp=7], [fn=8, tp=211]]
2026-08-22 12:42:19 - INFO - probability_positive min=0.0002 mean=0.4744 std=0.4871 max=0.9998 predicted_0=238 predicted_1=218
2026-08-22 12:42:19 - INFO - [Classification Report - split=validation epoch=12 - threshold=0.50]
2026-08-22 12:42:19 - INFO -                 precision    recall  f1-score   support
2026-08-22 12:42:19 - INFO - 
2026-08-22 12:42:19 - INFO -       safe (0)     0.7273    0.6761    0.7007        71
2026-08-22 12:42:19 - INFO - vulnerable (1)     0.7326    0.7778    0.7545        81
2026-08-22 12:42:19 - INFO - 
2026-08-22 12:42:19 - INFO -       accuracy                         0.7303       152
2026-08-22 12:42:19 - INFO -      macro avg     0.7299    0.7269    0.7276       152
2026-08-22 12:42:19 - INFO -   weighted avg     0.7301    0.7303    0.7294       152
2026-08-22 12:42:19 - INFO - Confusion matrix - [[tn=48, fp=23], [fn=18, tp=63]]
2026-08-22 12:42:19 - INFO - probability_positive min=0.0003 mean=0.5749 std=0.4705 max=0.9997 predicted_0=66 predicted_1=86
2026-08-22 12:42:19 - INFO - Early stopping | Epoch: 12 | Best epoch: 8
2026-08-22 12:42:19 - INFO - Best checkpoint saved | Path: model/fam2_codebert/transfer_latent_bottleneck/seed_42/fold5/best.pt | Epoch: 8 | Val macro_f1: 0.766082
2026-08-22 12:42:19 - INFO - Training finished | Elapsed: 195.96s
2026-08-22 12:42:19 - INFO - Run finished | Phase: phase2 | Fold: 5 | Seed: 42 | Elapsed: 199.63s
