2026-08-22 10:25:50 - INFO - Using device: cuda
2026-08-22 10:25:50 - INFO - Run started | Run: fam2_codebert | Method: transfer_latent_bottleneck | Phase: phase2 | Fold: 1 | Seed: 42 | Device: cuda
2026-08-22 10:25:50 - INFO - Loading Python training data: data/sven_python_folds_norm/fold1/train.jsonl
2026-08-22 10:25:50 - INFO - Loading Python validation data: data/sven_python_folds_norm/fold1/val.jsonl
2026-08-22 10:25:50 - INFO - Data split: python_train | Total: 456 | Labels: {0: 235, 1: 221} | CWEs: {'CWE-022': 39, 'CWE-078': 123, 'CWE-079': 49, 'CWE-089': 245} | Languages: {'python': 456} | Invalid CWE: 0
2026-08-22 10:25:50 - INFO - Data split: python_val | Total: 152 | Labels: {0: 74, 1: 78} | CWEs: {'CWE-022': 8, 'CWE-078': 42, 'CWE-079': 19, 'CWE-089': 83} | Languages: {'python': 152} | Invalid CWE: 0
2026-08-22 10:25:51 - INFO - Auxiliary head width taken from checkpoint: 4
2026-08-22 10:25:53 - INFO - Loaded source checkpoint: model/fam2_codebert/transfer_latent_bottleneck/seed_42/source/best.pt | Best epoch: 2 | Best Val Macro-F1: 0.510903
2026-08-22 10:25:53 - INFO - RecAdam schedule | Total steps: 870 | Steps/epoch: 29 | Anneal t0: 43 | Weights: {1: 0.10909682119561293, 29: 0.3318122278318339, 43: 0.5, 870: 1.0}
2026-08-22 10:25:53 - INFO - Environment: {"components": {"backbone": {"frozen": 0, "total": 124645632, "trainable": 124645632}, "cwe_head": {"frozen": 36, "total": 36, "trainable": 0}, "latent_proj": {"frozen": 6152, "total": 6152, "trainable": 0}, "vul_head": {"frozen": 0, "total": 1538, "trainable": 1538}}, "cuda": "12.8", "fold": 1, "frozen_parameters": 6188, "gpu": "NVIDIA GeForce RTX 5060 Ti", "hyperparameters": {"anneal_fun": "sigmoid", "anneal_k": 0.05, "anneal_t0_ratio": 0.05, "anneal_w": 1.0, "aux_mode": "latent_bottleneck", "batch_size": 16, "checkpoint_path": "model/fam2_codebert/transfer_latent_bottleneck/seed_42/fold1/best.pt", "cwe_vocab": "fixed4", "data_path": "data/train_ccpp_filtered.jsonl", "data_root": "data/sven_python_folds_norm", "epochs": 30, "eval_batch_size": 16, "fold": 1, "freeze_backbone_layers": 0, "freeze_prototypes_steps": 0, "lambda_cwe": 0.2, "latent_temperature": 0.1, "learning_rate": 2e-05, "lora_rank": 0, "lp_epochs": 0, "lp_learning_rate": 0.001, "max_eval_samples": null, "max_grad_norm": 1.0, "max_length": 512, "max_train_samples": null, "method_name": "transfer_latent_bottleneck", "min_epochs": 3, "model_name": "microsoft/codebert-base", "num_cwes": 4, "num_latent": 8, "num_workers": 0, "output_dir": "results/fam2_codebert/transfer_latent_bottleneck", "patience": 5, "phase": "phase2", "phase2_optimizer": "recadam", "pooling": "cls", "pretrain_cof": 5000.0, "recadam_anchor": "source", "result_path": "results/fam2_codebert/transfer_latent_bottleneck/seed_42/fold1.json", "run_name": "fam2_codebert", "seed": 42, "selection_metric": "macro_f1", "source_checkpoint": "model/fam2_codebert/transfer_latent_bottleneck/seed_42/source/best.pt", "source_interpolation": 1.0, "strict_determinism": false, "target_lang": "python", "test_path": null, "train_path": null, "truncation_strategy": "head_middle_tail", "val_path": null, "weight_decay": 0.01}, "mode": "phase2_train", "model_name": "microsoft/codebert-base", "seed": 42, "sklearn": "1.9.0", "torch": "2.11.0+cu128", "trainable_parameters": 124647170, "transformers": "4.57.1"}
2026-08-22 10:25:53 - INFO - Training started | Phase: phase2 | Epochs: 30
2026-08-22 10:25:54 - INFO - RecAdam first-step safety checks passed
2026-08-22 10:26:10 - INFO - Epoch 1/30 | Train loss: 0.703081 | Val loss: 0.693589 | LR: 2.00e-05 | Best epoch: 1 | Patience: 0 | Train: 14.76s | Validation: 1.59s | Epoch: 16.76s | Total: 16.76s
2026-08-22 10:26:10 - INFO - RecAdam target-task weight at epoch end: 0.331812
2026-08-22 10:26:10 - INFO - [Classification Report - split=train epoch=1 - threshold=0.50]
2026-08-22 10:26:10 - INFO -                 precision    recall  f1-score   support
2026-08-22 10:26:10 - INFO - 
2026-08-22 10:26:10 - INFO -       safe (0)     0.5132    0.6638    0.5788       235
2026-08-22 10:26:10 - INFO - vulnerable (1)     0.4803    0.3303    0.3914       221
2026-08-22 10:26:10 - INFO - 
2026-08-22 10:26:10 - INFO -       accuracy                         0.5022       456
2026-08-22 10:26:10 - INFO -      macro avg     0.4967    0.4971    0.4851       456
2026-08-22 10:26:10 - INFO -   weighted avg     0.4972    0.5022    0.4880       456
2026-08-22 10:26:10 - INFO - Confusion matrix - [[tn=156, fp=79], [fn=148, tp=73]]
2026-08-22 10:26:10 - INFO - probability_positive min=0.2907 mean=0.4815 std=0.0463 max=0.6126 predicted_0=304 predicted_1=152
2026-08-22 10:26:10 - INFO - [Classification Report - split=validation epoch=1 - threshold=0.50]
2026-08-22 10:26:10 - INFO -                 precision    recall  f1-score   support
2026-08-22 10:26:10 - INFO - 
2026-08-22 10:26:10 - INFO -       safe (0)     0.4882    0.8378    0.6169        74
2026-08-22 10:26:10 - INFO - vulnerable (1)     0.5200    0.1667    0.2524        78
2026-08-22 10:26:10 - INFO - 
2026-08-22 10:26:10 - INFO -       accuracy                         0.4934       152
2026-08-22 10:26:10 - INFO -      macro avg     0.5041    0.5023    0.4347       152
2026-08-22 10:26:10 - INFO -   weighted avg     0.5045    0.4934    0.4299       152
2026-08-22 10:26:10 - INFO - Confusion matrix - [[tn=62, fp=12], [fn=65, tp=13]]
2026-08-22 10:26:10 - INFO - probability_positive min=0.4814 mean=0.4938 std=0.0059 max=0.5070 predicted_0=127 predicted_1=25
2026-08-22 10:26:10 - INFO - New best model | Macro-F1: 0.434671 | Epoch: 1
2026-08-22 10:26:26 - INFO - Epoch 2/30 | Train loss: 0.695302 | Val loss: 0.694839 | LR: 2.00e-05 | Best epoch: 1 | Patience: 0 | Train: 14.35s | Validation: 1.59s | Epoch: 15.95s | Total: 32.72s
2026-08-22 10:26:26 - INFO - RecAdam target-task weight at epoch end: 0.679179
2026-08-22 10:26:26 - INFO - [Classification Report - split=train epoch=2 - threshold=0.50]
2026-08-22 10:26:26 - INFO -                 precision    recall  f1-score   support
2026-08-22 10:26:26 - INFO - 
2026-08-22 10:26:26 - INFO -       safe (0)     0.5245    0.7277    0.6096       235
2026-08-22 10:26:26 - INFO - vulnerable (1)     0.5077    0.2986    0.3761       221
2026-08-22 10:26:26 - INFO - 
2026-08-22 10:26:26 - INFO -       accuracy                         0.5197       456
2026-08-22 10:26:26 - INFO -      macro avg     0.5161    0.5132    0.4928       456
2026-08-22 10:26:26 - INFO -   weighted avg     0.5164    0.5197    0.4964       456
2026-08-22 10:26:26 - INFO - Confusion matrix - [[tn=171, fp=64], [fn=155, tp=66]]
2026-08-22 10:26:26 - INFO - probability_positive min=0.3029 mean=0.4788 std=0.0478 max=0.6680 predicted_0=326 predicted_1=130
2026-08-22 10:26:26 - INFO - [Classification Report - split=validation epoch=2 - threshold=0.50]
2026-08-22 10:26:26 - INFO -                 precision    recall  f1-score   support
2026-08-22 10:26:26 - INFO - 
2026-08-22 10:26:26 - INFO -       safe (0)     0.4868    1.0000    0.6549        74
2026-08-22 10:26:26 - INFO - vulnerable (1)     0.0000    0.0000    0.0000        78
2026-08-22 10:26:26 - INFO - 
2026-08-22 10:26:26 - INFO -       accuracy                         0.4868       152
2026-08-22 10:26:26 - INFO -      macro avg     0.2434    0.5000    0.3274       152
2026-08-22 10:26:26 - INFO -   weighted avg     0.2370    0.4868    0.3188       152
2026-08-22 10:26:26 - INFO - Confusion matrix - [[tn=74, fp=0], [fn=78, tp=0]]
2026-08-22 10:26:26 - INFO - probability_positive min=0.4619 mean=0.4796 std=0.0086 max=0.4980 predicted_0=152 predicted_1=0
2026-08-22 10:26:42 - INFO - Epoch 3/30 | Train loss: 0.698845 | Val loss: 0.693425 | LR: 2.00e-05 | Best epoch: 1 | Patience: 1 | Train: 14.35s | Validation: 1.59s | Epoch: 15.94s | Total: 48.67s
2026-08-22 10:26:42 - INFO - RecAdam target-task weight at epoch end: 0.900250
2026-08-22 10:26:42 - INFO - [Classification Report - split=train epoch=3 - threshold=0.50]
2026-08-22 10:26:42 - INFO -                 precision    recall  f1-score   support
2026-08-22 10:26:42 - INFO - 
2026-08-22 10:26:42 - INFO -       safe (0)     0.5155    0.7787    0.6203       235
2026-08-22 10:26:42 - INFO - vulnerable (1)     0.4851    0.2217    0.3043       221
2026-08-22 10:26:42 - INFO - 
2026-08-22 10:26:42 - INFO -       accuracy                         0.5088       456
2026-08-22 10:26:42 - INFO -      macro avg     0.5003    0.5002    0.4623       456
2026-08-22 10:26:42 - INFO -   weighted avg     0.5008    0.5088    0.4672       456
2026-08-22 10:26:42 - INFO - Confusion matrix - [[tn=183, fp=52], [fn=172, tp=49]]
2026-08-22 10:26:42 - INFO - probability_positive min=0.2620 mean=0.4683 std=0.0466 max=0.6207 predicted_0=355 predicted_1=101
2026-08-22 10:26:42 - INFO - [Classification Report - split=validation epoch=3 - threshold=0.50]
2026-08-22 10:26:42 - INFO -                 precision    recall  f1-score   support
2026-08-22 10:26:42 - INFO - 
2026-08-22 10:26:42 - INFO -       safe (0)     0.4823    0.9189    0.6326        74
2026-08-22 10:26:42 - INFO - vulnerable (1)     0.4545    0.0641    0.1124        78
2026-08-22 10:26:42 - INFO - 
2026-08-22 10:26:42 - INFO -       accuracy                         0.4803       152
2026-08-22 10:26:42 - INFO -      macro avg     0.4684    0.4915    0.3725       152
2026-08-22 10:26:42 - INFO -   weighted avg     0.4680    0.4803    0.3656       152
2026-08-22 10:26:42 - INFO - Confusion matrix - [[tn=68, fp=6], [fn=73, tp=5]]
2026-08-22 10:26:42 - INFO - probability_positive min=0.4647 mean=0.4844 std=0.0102 max=0.5056 predicted_0=141 predicted_1=11
2026-08-22 10:26:59 - INFO - Epoch 4/30 | Train loss: 0.696497 | Val loss: 0.681587 | LR: 2.00e-05 | Best epoch: 4 | Patience: 0 | Train: 14.36s | Validation: 1.59s | Epoch: 16.71s | Total: 65.40s
2026-08-22 10:26:59 - INFO - RecAdam target-task weight at epoch end: 0.974667
2026-08-22 10:26:59 - INFO - [Classification Report - split=train epoch=4 - threshold=0.50]
2026-08-22 10:26:59 - INFO -                 precision    recall  f1-score   support
2026-08-22 10:26:59 - INFO - 
2026-08-22 10:26:59 - INFO -       safe (0)     0.5382    0.6596    0.5927       235
2026-08-22 10:26:59 - INFO - vulnerable (1)     0.5238    0.3982    0.4524       221
2026-08-22 10:26:59 - INFO - 
2026-08-22 10:26:59 - INFO -       accuracy                         0.5329       456
2026-08-22 10:26:59 - INFO -      macro avg     0.5310    0.5289    0.5226       456
2026-08-22 10:26:59 - INFO -   weighted avg     0.5312    0.5329    0.5247       456
2026-08-22 10:26:59 - INFO - Confusion matrix - [[tn=155, fp=80], [fn=133, tp=88]]
2026-08-22 10:26:59 - INFO - probability_positive min=0.3674 mean=0.4907 std=0.0497 max=0.7050 predicted_0=288 predicted_1=168
2026-08-22 10:26:59 - INFO - [Classification Report - split=validation epoch=4 - threshold=0.50]
2026-08-22 10:26:59 - INFO -                 precision    recall  f1-score   support
2026-08-22 10:26:59 - INFO - 
2026-08-22 10:26:59 - INFO -       safe (0)     0.7857    0.2973    0.4314        74
2026-08-22 10:26:59 - INFO - vulnerable (1)     0.5806    0.9231    0.7129        78
2026-08-22 10:26:59 - INFO - 
2026-08-22 10:26:59 - INFO -       accuracy                         0.6184       152
2026-08-22 10:26:59 - INFO -      macro avg     0.6832    0.6102    0.5721       152
2026-08-22 10:26:59 - INFO -   weighted avg     0.6805    0.6184    0.5758       152
2026-08-22 10:26:59 - INFO - Confusion matrix - [[tn=22, fp=52], [fn=6, tp=72]]
2026-08-22 10:26:59 - INFO - probability_positive min=0.4690 mean=0.5158 std=0.0175 max=0.5490 predicted_0=28 predicted_1=124
2026-08-22 10:26:59 - INFO - New best model | Macro-F1: 0.572122 | Epoch: 4
2026-08-22 10:27:15 - INFO - Epoch 5/30 | Train loss: 0.636749 | Val loss: 0.535270 | LR: 2.00e-05 | Best epoch: 5 | Patience: 0 | Train: 14.37s | Validation: 1.59s | Epoch: 16.72s | Total: 82.15s
2026-08-22 10:27:15 - INFO - RecAdam target-task weight at epoch end: 0.993940
2026-08-22 10:27:16 - INFO - [Classification Report - split=train epoch=5 - threshold=0.50]
2026-08-22 10:27:16 - INFO -                 precision    recall  f1-score   support
2026-08-22 10:27:16 - INFO - 
2026-08-22 10:27:16 - INFO -       safe (0)     0.6216    0.6851    0.6518       235
2026-08-22 10:27:16 - INFO - vulnerable (1)     0.6244    0.5566    0.5885       221
2026-08-22 10:27:16 - INFO - 
2026-08-22 10:27:16 - INFO -       accuracy                         0.6228       456
2026-08-22 10:27:16 - INFO -      macro avg     0.6230    0.6208    0.6202       456
2026-08-22 10:27:16 - INFO -   weighted avg     0.6230    0.6228    0.6211       456
2026-08-22 10:27:16 - INFO - Confusion matrix - [[tn=161, fp=74], [fn=98, tp=123]]
2026-08-22 10:27:16 - INFO - probability_positive min=0.0551 mean=0.4789 std=0.1111 max=0.7884 predicted_0=259 predicted_1=197
2026-08-22 10:27:16 - INFO - [Classification Report - split=validation epoch=5 - threshold=0.50]
2026-08-22 10:27:16 - INFO -                 precision    recall  f1-score   support
2026-08-22 10:27:16 - INFO - 
2026-08-22 10:27:16 - INFO -       safe (0)     0.6761    0.6486    0.6621        74
2026-08-22 10:27:16 - INFO - vulnerable (1)     0.6790    0.7051    0.6918        78
2026-08-22 10:27:16 - INFO - 
2026-08-22 10:27:16 - INFO -       accuracy                         0.6776       152
2026-08-22 10:27:16 - INFO -      macro avg     0.6775    0.6769    0.6769       152
2026-08-22 10:27:16 - INFO -   weighted avg     0.6776    0.6776    0.6773       152
2026-08-22 10:27:16 - INFO - Confusion matrix - [[tn=48, fp=26], [fn=23, tp=55]]
2026-08-22 10:27:16 - INFO - probability_positive min=0.0290 mean=0.4704 std=0.2585 max=0.8422 predicted_0=71 predicted_1=81
2026-08-22 10:27:16 - INFO - New best model | Macro-F1: 0.676946 | Epoch: 5
2026-08-22 10:27:32 - INFO - Epoch 6/30 | Train loss: 0.499799 | Val loss: 0.492973 | LR: 2.00e-05 | Best epoch: 6 | Patience: 0 | Train: 14.36s | Validation: 1.59s | Epoch: 16.70s | Total: 98.87s
2026-08-22 10:27:32 - INFO - RecAdam target-task weight at epoch end: 0.998572
2026-08-22 10:27:32 - INFO - [Classification Report - split=train epoch=6 - threshold=0.50]
2026-08-22 10:27:32 - INFO -                 precision    recall  f1-score   support
2026-08-22 10:27:32 - INFO - 
2026-08-22 10:27:32 - INFO -       safe (0)     0.8208    0.7404    0.7785       235
2026-08-22 10:27:32 - INFO - vulnerable (1)     0.7500    0.8281    0.7871       221
2026-08-22 10:27:32 - INFO - 
2026-08-22 10:27:32 - INFO -       accuracy                         0.7829       456
2026-08-22 10:27:32 - INFO -      macro avg     0.7854    0.7842    0.7828       456
2026-08-22 10:27:32 - INFO -   weighted avg     0.7865    0.7829    0.7827       456
2026-08-22 10:27:32 - INFO - Confusion matrix - [[tn=174, fp=61], [fn=38, tp=183]]
2026-08-22 10:27:32 - INFO - probability_positive min=0.0104 mean=0.4854 std=0.3173 max=0.9666 predicted_0=212 predicted_1=244
2026-08-22 10:27:32 - INFO - [Classification Report - split=validation epoch=6 - threshold=0.50]
2026-08-22 10:27:32 - INFO -                 precision    recall  f1-score   support
2026-08-22 10:27:32 - INFO - 
2026-08-22 10:27:32 - INFO -       safe (0)     0.7273    0.7568    0.7417        74
2026-08-22 10:27:32 - INFO - vulnerable (1)     0.7600    0.7308    0.7451        78
2026-08-22 10:27:32 - INFO - 
2026-08-22 10:27:32 - INFO -       accuracy                         0.7434       152
2026-08-22 10:27:32 - INFO -      macro avg     0.7436    0.7438    0.7434       152
2026-08-22 10:27:32 - INFO -   weighted avg     0.7441    0.7434    0.7435       152
2026-08-22 10:27:32 - INFO - Confusion matrix - [[tn=56, fp=18], [fn=21, tp=57]]
2026-08-22 10:27:32 - INFO - probability_positive min=0.0154 mean=0.4692 std=0.3438 max=0.9657 predicted_0=77 predicted_1=75
2026-08-22 10:27:32 - INFO - New best model | Macro-F1: 0.743410 | Epoch: 6
2026-08-22 10:27:49 - INFO - Epoch 7/30 | Train loss: 0.365015 | Val loss: 0.496235 | LR: 2.00e-05 | Best epoch: 7 | Patience: 0 | Train: 14.37s | Validation: 1.59s | Epoch: 16.73s | Total: 115.63s
2026-08-22 10:27:49 - INFO - RecAdam target-task weight at epoch end: 0.999665
2026-08-22 10:27:49 - INFO - [Classification Report - split=train epoch=7 - threshold=0.50]
2026-08-22 10:27:49 - INFO -                 precision    recall  f1-score   support
2026-08-22 10:27:49 - INFO - 
2026-08-22 10:27:49 - INFO -       safe (0)     0.8655    0.8213    0.8428       235
2026-08-22 10:27:49 - INFO - vulnerable (1)     0.8197    0.8643    0.8414       221
2026-08-22 10:27:49 - INFO - 
2026-08-22 10:27:49 - INFO -       accuracy                         0.8421       456
2026-08-22 10:27:49 - INFO -      macro avg     0.8426    0.8428    0.8421       456
2026-08-22 10:27:49 - INFO -   weighted avg     0.8433    0.8421    0.8421       456
2026-08-22 10:27:49 - INFO - Confusion matrix - [[tn=193, fp=42], [fn=30, tp=191]]
2026-08-22 10:27:49 - INFO - probability_positive min=0.0113 mean=0.4821 std=0.3615 max=0.9913 predicted_0=223 predicted_1=233
2026-08-22 10:27:49 - INFO - [Classification Report - split=validation epoch=7 - threshold=0.50]
2026-08-22 10:27:49 - INFO -                 precision    recall  f1-score   support
2026-08-22 10:27:49 - INFO - 
2026-08-22 10:27:49 - INFO -       safe (0)     0.7917    0.7703    0.7808        74
2026-08-22 10:27:49 - INFO - vulnerable (1)     0.7875    0.8077    0.7975        78
2026-08-22 10:27:49 - INFO - 
2026-08-22 10:27:49 - INFO -       accuracy                         0.7895       152
2026-08-22 10:27:49 - INFO -      macro avg     0.7896    0.7890    0.7891       152
2026-08-22 10:27:49 - INFO -   weighted avg     0.7895    0.7895    0.7894       152
2026-08-22 10:27:49 - INFO - Confusion matrix - [[tn=57, fp=17], [fn=15, tp=63]]
2026-08-22 10:27:49 - INFO - probability_positive min=0.0051 mean=0.4942 std=0.4264 max=0.9915 predicted_0=72 predicted_1=80
2026-08-22 10:27:49 - INFO - New best model | Macro-F1: 0.789145 | Epoch: 7
2026-08-22 10:28:06 - INFO - Epoch 8/30 | Train loss: 0.269178 | Val loss: 0.546625 | LR: 2.00e-05 | Best epoch: 8 | Patience: 0 | Train: 14.36s | Validation: 1.59s | Epoch: 16.72s | Total: 132.38s
2026-08-22 10:28:06 - INFO - RecAdam target-task weight at epoch end: 0.999921
2026-08-22 10:28:06 - INFO - [Classification Report - split=train epoch=8 - threshold=0.50]
2026-08-22 10:28:06 - INFO -                 precision    recall  f1-score   support
2026-08-22 10:28:06 - INFO - 
2026-08-22 10:28:06 - INFO -       safe (0)     0.8798    0.8723    0.8761       235
2026-08-22 10:28:06 - INFO - vulnerable (1)     0.8655    0.8733    0.8694       221
2026-08-22 10:28:06 - INFO - 
2026-08-22 10:28:06 - INFO -       accuracy                         0.8728       456
2026-08-22 10:28:06 - INFO -      macro avg     0.8726    0.8728    0.8727       456
2026-08-22 10:28:06 - INFO -   weighted avg     0.8729    0.8728    0.8728       456
2026-08-22 10:28:06 - INFO - Confusion matrix - [[tn=205, fp=30], [fn=28, tp=193]]
2026-08-22 10:28:06 - INFO - probability_positive min=0.0019 mean=0.4747 std=0.4138 max=0.9960 predicted_0=233 predicted_1=223
2026-08-22 10:28:06 - INFO - [Classification Report - split=validation epoch=8 - threshold=0.50]
2026-08-22 10:28:06 - INFO -                 precision    recall  f1-score   support
2026-08-22 10:28:06 - INFO - 
2026-08-22 10:28:06 - INFO -       safe (0)     0.8286    0.7838    0.8056        74
2026-08-22 10:28:06 - INFO - vulnerable (1)     0.8049    0.8462    0.8250        78
2026-08-22 10:28:06 - INFO - 
2026-08-22 10:28:06 - INFO -       accuracy                         0.8158       152
2026-08-22 10:28:06 - INFO -      macro avg     0.8167    0.8150    0.8153       152
2026-08-22 10:28:06 - INFO -   weighted avg     0.8164    0.8158    0.8155       152
2026-08-22 10:28:06 - INFO - Confusion matrix - [[tn=58, fp=16], [fn=12, tp=66]]
2026-08-22 10:28:06 - INFO - probability_positive min=0.0012 mean=0.5027 std=0.4427 max=0.9977 predicted_0=70 predicted_1=82
2026-08-22 10:28:06 - INFO - New best model | Macro-F1: 0.815278 | Epoch: 8
2026-08-22 10:28:22 - INFO - Epoch 9/30 | Train loss: 0.221548 | Val loss: 0.630492 | LR: 2.00e-05 | Best epoch: 8 | Patience: 1 | Train: 14.36s | Validation: 1.59s | Epoch: 15.95s | Total: 148.36s
2026-08-22 10:28:22 - INFO - RecAdam target-task weight at epoch end: 0.999982
2026-08-22 10:28:22 - INFO - [Classification Report - split=train epoch=9 - threshold=0.50]
2026-08-22 10:28:22 - INFO -                 precision    recall  f1-score   support
2026-08-22 10:28:22 - INFO - 
2026-08-22 10:28:22 - INFO -       safe (0)     0.9378    0.8979    0.9174       235
2026-08-22 10:28:22 - INFO - vulnerable (1)     0.8961    0.9367    0.9159       221
2026-08-22 10:28:22 - INFO - 
2026-08-22 10:28:22 - INFO -       accuracy                         0.9167       456
2026-08-22 10:28:22 - INFO -      macro avg     0.9169    0.9173    0.9167       456
2026-08-22 10:28:22 - INFO -   weighted avg     0.9176    0.9167    0.9167       456
2026-08-22 10:28:22 - INFO - Confusion matrix - [[tn=211, fp=24], [fn=14, tp=207]]
2026-08-22 10:28:22 - INFO - probability_positive min=0.0020 mean=0.4821 std=0.4301 max=0.9982 predicted_0=225 predicted_1=231
2026-08-22 10:28:22 - INFO - [Classification Report - split=validation epoch=9 - threshold=0.50]
2026-08-22 10:28:22 - INFO -                 precision    recall  f1-score   support
2026-08-22 10:28:22 - INFO - 
2026-08-22 10:28:22 - INFO -       safe (0)     0.8358    0.7568    0.7943        74
2026-08-22 10:28:22 - INFO - vulnerable (1)     0.7882    0.8590    0.8221        78
2026-08-22 10:28:22 - INFO - 
2026-08-22 10:28:22 - INFO -       accuracy                         0.8092       152
2026-08-22 10:28:22 - INFO -      macro avg     0.8120    0.8079    0.8082       152
2026-08-22 10:28:22 - INFO -   weighted avg     0.8114    0.8092    0.8086       152
2026-08-22 10:28:22 - INFO - Confusion matrix - [[tn=56, fp=18], [fn=11, tp=67]]
2026-08-22 10:28:22 - INFO - probability_positive min=0.0013 mean=0.5454 std=0.4577 max=0.9976 predicted_0=67 predicted_1=85
2026-08-22 10:28:38 - INFO - Epoch 10/30 | Train loss: 0.158785 | Val loss: 0.909363 | LR: 2.00e-05 | Best epoch: 8 | Patience: 2 | Train: 14.35s | Validation: 1.59s | Epoch: 15.94s | Total: 164.32s
2026-08-22 10:28:38 - INFO - RecAdam target-task weight at epoch end: 0.999996
2026-08-22 10:28:38 - INFO - [Classification Report - split=train epoch=10 - threshold=0.50]
2026-08-22 10:28:38 - INFO -                 precision    recall  f1-score   support
2026-08-22 10:28:38 - INFO - 
2026-08-22 10:28:38 - INFO -       safe (0)     0.9524    0.9362    0.9442       235
2026-08-22 10:28:38 - INFO - vulnerable (1)     0.9333    0.9502    0.9417       221
2026-08-22 10:28:38 - INFO - 
2026-08-22 10:28:38 - INFO -       accuracy                         0.9430       456
2026-08-22 10:28:38 - INFO -      macro avg     0.9429    0.9432    0.9430       456
2026-08-22 10:28:38 - INFO -   weighted avg     0.9431    0.9430    0.9430       456
2026-08-22 10:28:38 - INFO - Confusion matrix - [[tn=220, fp=15], [fn=11, tp=210]]
2026-08-22 10:28:38 - INFO - probability_positive min=0.0007 mean=0.4867 std=0.4592 max=0.9991 predicted_0=231 predicted_1=225
2026-08-22 10:28:38 - INFO - [Classification Report - split=validation epoch=10 - threshold=0.50]
2026-08-22 10:28:38 - INFO -                 precision    recall  f1-score   support
2026-08-22 10:28:38 - INFO - 
2026-08-22 10:28:38 - INFO -       safe (0)     0.8438    0.7297    0.7826        74
2026-08-22 10:28:38 - INFO - vulnerable (1)     0.7727    0.8718    0.8193        78
2026-08-22 10:28:38 - INFO - 
2026-08-22 10:28:38 - INFO -       accuracy                         0.8026       152
2026-08-22 10:28:38 - INFO -      macro avg     0.8082    0.8008    0.8009       152
2026-08-22 10:28:38 - INFO -   weighted avg     0.8073    0.8026    0.8014       152
2026-08-22 10:28:38 - INFO - Confusion matrix - [[tn=54, fp=20], [fn=10, tp=68]]
2026-08-22 10:28:38 - INFO - probability_positive min=0.0007 mean=0.5785 std=0.4755 max=0.9996 predicted_0=64 predicted_1=88
2026-08-22 10:28:54 - INFO - Epoch 11/30 | Train loss: 0.136046 | Val loss: 0.781023 | LR: 2.00e-05 | Best epoch: 8 | Patience: 3 | Train: 14.35s | Validation: 1.59s | Epoch: 15.94s | Total: 180.27s
2026-08-22 10:28:54 - INFO - RecAdam target-task weight at epoch end: 0.999999
2026-08-22 10:28:54 - INFO - [Classification Report - split=train epoch=11 - threshold=0.50]
2026-08-22 10:28:54 - INFO -                 precision    recall  f1-score   support
2026-08-22 10:28:54 - INFO - 
2026-08-22 10:28:54 - INFO -       safe (0)     0.9489    0.9489    0.9489       235
2026-08-22 10:28:54 - INFO - vulnerable (1)     0.9457    0.9457    0.9457       221
2026-08-22 10:28:54 - INFO - 
2026-08-22 10:28:54 - INFO -       accuracy                         0.9474       456
2026-08-22 10:28:54 - INFO -      macro avg     0.9473    0.9473    0.9473       456
2026-08-22 10:28:54 - INFO -   weighted avg     0.9474    0.9474    0.9474       456
2026-08-22 10:28:54 - INFO - Confusion matrix - [[tn=223, fp=12], [fn=12, tp=209]]
2026-08-22 10:28:54 - INFO - probability_positive min=0.0005 mean=0.4880 std=0.4690 max=0.9995 predicted_0=235 predicted_1=221
2026-08-22 10:28:54 - INFO - [Classification Report - split=validation epoch=11 - threshold=0.50]
2026-08-22 10:28:54 - INFO -                 precision    recall  f1-score   support
2026-08-22 10:28:54 - INFO - 
2026-08-22 10:28:54 - INFO -       safe (0)     0.8358    0.7568    0.7943        74
2026-08-22 10:28:54 - INFO - vulnerable (1)     0.7882    0.8590    0.8221        78
2026-08-22 10:28:54 - INFO - 
2026-08-22 10:28:54 - INFO -       accuracy                         0.8092       152
2026-08-22 10:28:54 - INFO -      macro avg     0.8120    0.8079    0.8082       152
2026-08-22 10:28:54 - INFO -   weighted avg     0.8114    0.8092    0.8086       152
2026-08-22 10:28:54 - INFO - Confusion matrix - [[tn=56, fp=18], [fn=11, tp=67]]
2026-08-22 10:28:54 - INFO - probability_positive min=0.0003 mean=0.5495 std=0.4719 max=0.9997 predicted_0=67 predicted_1=85
2026-08-22 10:29:10 - INFO - Epoch 12/30 | Train loss: 0.123723 | Val loss: 1.046938 | LR: 2.00e-05 | Best epoch: 8 | Patience: 4 | Train: 14.34s | Validation: 1.59s | Epoch: 15.93s | Total: 196.22s
2026-08-22 10:29:10 - INFO - RecAdam target-task weight at epoch end: 1.000000
2026-08-22 10:29:10 - INFO - [Classification Report - split=train epoch=12 - threshold=0.50]
2026-08-22 10:29:10 - INFO -                 precision    recall  f1-score   support
2026-08-22 10:29:10 - INFO - 
2026-08-22 10:29:10 - INFO -       safe (0)     0.9620    0.9702    0.9661       235
2026-08-22 10:29:10 - INFO - vulnerable (1)     0.9680    0.9593    0.9636       221
2026-08-22 10:29:10 - INFO - 
2026-08-22 10:29:10 - INFO -       accuracy                         0.9649       456
2026-08-22 10:29:10 - INFO -      macro avg     0.9650    0.9647    0.9649       456
2026-08-22 10:29:10 - INFO -   weighted avg     0.9649    0.9649    0.9649       456
2026-08-22 10:29:10 - INFO - Confusion matrix - [[tn=228, fp=7], [fn=9, tp=212]]
2026-08-22 10:29:10 - INFO - probability_positive min=0.0002 mean=0.4763 std=0.4792 max=0.9997 predicted_0=237 predicted_1=219
2026-08-22 10:29:10 - INFO - [Classification Report - split=validation epoch=12 - threshold=0.50]
2026-08-22 10:29:10 - INFO -                 precision    recall  f1-score   support
2026-08-22 10:29:10 - INFO - 
2026-08-22 10:29:10 - INFO -       safe (0)     0.7733    0.7838    0.7785        74
2026-08-22 10:29:10 - INFO - vulnerable (1)     0.7922    0.7821    0.7871        78
2026-08-22 10:29:10 - INFO - 
2026-08-22 10:29:10 - INFO -       accuracy                         0.7829       152
2026-08-22 10:29:10 - INFO -      macro avg     0.7828    0.7829    0.7828       152
2026-08-22 10:29:10 - INFO -   weighted avg     0.7830    0.7829    0.7829       152
2026-08-22 10:29:10 - INFO - Confusion matrix - [[tn=58, fp=16], [fn=17, tp=61]]
2026-08-22 10:29:10 - INFO - probability_positive min=0.0001 mean=0.5104 std=0.4856 max=0.9998 predicted_0=75 predicted_1=77
2026-08-22 10:29:26 - INFO - Epoch 13/30 | Train loss: 0.113774 | Val loss: 1.114684 | LR: 2.00e-05 | Best epoch: 8 | Patience: 5 | Train: 14.34s | Validation: 1.59s | Epoch: 15.93s | Total: 212.16s
2026-08-22 10:29:26 - INFO - RecAdam target-task weight at epoch end: 1.000000
2026-08-22 10:29:26 - INFO - [Classification Report - split=train epoch=13 - threshold=0.50]
2026-08-22 10:29:26 - INFO -                 precision    recall  f1-score   support
2026-08-22 10:29:26 - INFO - 
2026-08-22 10:29:26 - INFO -       safe (0)     0.9502    0.9745    0.9622       235
2026-08-22 10:29:26 - INFO - vulnerable (1)     0.9721    0.9457    0.9587       221
2026-08-22 10:29:26 - INFO - 
2026-08-22 10:29:26 - INFO -       accuracy                         0.9605       456
2026-08-22 10:29:26 - INFO -      macro avg     0.9612    0.9601    0.9605       456
2026-08-22 10:29:26 - INFO -   weighted avg     0.9608    0.9605    0.9605       456
2026-08-22 10:29:26 - INFO - Confusion matrix - [[tn=229, fp=6], [fn=12, tp=209]]
2026-08-22 10:29:26 - INFO - probability_positive min=0.0001 mean=0.4684 std=0.4828 max=0.9998 predicted_0=241 predicted_1=215
2026-08-22 10:29:26 - INFO - [Classification Report - split=validation epoch=13 - threshold=0.50]
2026-08-22 10:29:26 - INFO -                 precision    recall  f1-score   support
2026-08-22 10:29:26 - INFO - 
2026-08-22 10:29:26 - INFO -       safe (0)     0.8209    0.7432    0.7801        74
2026-08-22 10:29:26 - INFO - vulnerable (1)     0.7765    0.8462    0.8098        78
2026-08-22 10:29:26 - INFO - 
2026-08-22 10:29:26 - INFO -       accuracy                         0.7961       152
2026-08-22 10:29:26 - INFO -      macro avg     0.7987    0.7947    0.7950       152
2026-08-22 10:29:26 - INFO -   weighted avg     0.7981    0.7961    0.7954       152
2026-08-22 10:29:26 - INFO - Confusion matrix - [[tn=55, fp=19], [fn=12, tp=66]]
2026-08-22 10:29:26 - INFO - probability_positive min=0.0001 mean=0.5505 std=0.4846 max=0.9999 predicted_0=67 predicted_1=85
2026-08-22 10:29:26 - INFO - Early stopping | Epoch: 13 | Best epoch: 8
2026-08-22 10:29:26 - INFO - Best checkpoint saved | Path: model/fam2_codebert/transfer_latent_bottleneck/seed_42/fold1/best.pt | Epoch: 8 | Val macro_f1: 0.815278
2026-08-22 10:29:26 - INFO - Training finished | Elapsed: 212.18s
2026-08-22 10:29:26 - INFO - Run finished | Phase: phase2 | Fold: 1 | Seed: 42 | Elapsed: 215.73s
