2026-09-13 14:34:59 - INFO - Using device: cuda
2026-09-13 14:34:59 - INFO - Run started | Run: fus2w_codebert | Method: transfer_latent_bottleneck_com_l0p05_ad48_fusftrnd_adamw | Phase: phase2 | Fold: 1 | Seed: 42 | Device: cuda
2026-09-13 14:34:59 - INFO - Loading Python training data: data/sven_python_folds_norm/fold1/train.jsonl
2026-09-13 14:34:59 - INFO - Loading Python validation data: data/sven_python_folds_norm/fold1/val.jsonl
2026-09-13 14:34:59 - INFO - Data split: python_train | Total: 456 | Labels: {0: 235, 1: 221} | CWEs: {'CWE-022': 39, 'CWE-078': 123, 'CWE-079': 49, 'CWE-089': 245} | Languages: {'python': 456} | Invalid CWE: 0
2026-09-13 14:34:59 - INFO - Data split: python_val | Total: 152 | Labels: {0: 74, 1: 78} | CWEs: {'CWE-022': 8, 'CWE-078': 42, 'CWE-079': 19, 'CWE-089': 83} | Languages: {'python': 152} | Invalid CWE: 0
2026-09-13 14:34:59 - INFO - Auxiliary head width taken from checkpoint: 10
2026-09-13 14:35:02 - INFO - Dung lai adapter tu checkpoint | ten=['src'] | dim=48 | fusion=False
2026-09-13 14:35:02 - INFO - Loaded source checkpoint: model/fus2/phase1/codebert__latent_bottleneck_com_l0p05_ad48/seed_42/best.pt | Best epoch: 12 | Best Val Macro-F1: 0.575774
2026-09-13 14:35:02 - INFO - DOI CHUNG: adapter NGUON da bi thay bang nhieu Gauss cung thang do | {"adapter": "src", "match_scale": true, "seed": 42001, "tensors": 48} — moi loi ich con lai KHONG the la tri thuc Pha 1
2026-09-13 14:35:02 - INFO - ADAPTER FUSION BAT | che do=ft | 12 lop | dim=48 | mo 146793794 tham so, khoa 900770 | adapter nguon DONG BANG (0 tham so mo)
2026-09-13 14:35:02 - INFO - lambda_cwe: CLI Pha 2 = 0.2 (khong dung o Pha 2) | Pha 1 that = 0.05 — ghi theo Pha 1
2026-09-13 14:35:02 - INFO - Phase 2 optimizer: AdamW | nhom ADAPTER rieng: 22146624 tham so o lr 0.0001 (backbone/head o 2e-05)
2026-09-13 14:35:02 - INFO - Environment: {"components": {"backbone": {"frozen": 894528, "total": 147686784, "trainable": 146792256}, "cwe_head": {"frozen": 90, "total": 90, "trainable": 0}, "latent_proj": {"frozen": 6152, "total": 6152, "trainable": 0}, "vul_head": {"frozen": 0, "total": 1538, "trainable": 1538}}, "cuda": "12.8", "fold": 1, "frozen_parameters": 900770, "gpu": "NVIDIA GeForce RTX 5060 Ti", "hyperparameters": {"adamw_anneal_lr": false, "adapter_dim": 0, "adapter_lr": 0.0001, "anneal_fun": "sigmoid", "anneal_k": 0.05, "anneal_t0_ratio": 0.05, "anneal_t0_steps": 43, "anneal_w": 1.0, "asam_eta": 0.01, "aux_class_balanced": false, "aux_mode": "latent_bottleneck", "aux_weight_lr": 0.01, "aux_weight_mode": "fixed", "batch_size": 16, "checkpoint_path": "model/fus2w_codebert/transfer_latent_bottleneck_com_l0p05_ad48_fusftrnd_adamw/seed_42/fold1/best.pt", "cwe_vocab": "precomputed", "data_path": "data/train_ccpp_filtered.jsonl", "data_root": "data/sven_python_folds_norm", "epochs": 30, "eval_batch_size": 16, "feat_distill_beta": 0.0, "feat_distill_mode": "cos", "fisher_path": null, "fold": 1, "freeze_backbone_layers": 0, "freeze_prototypes_steps": 0, "fusion_frozen_params": 900770, "fusion_src_random": true, "fusion_trainable_params": 146793794, "grad_checkpointing": false, "lambda_cwe": 0.05, "lambda_cwe_phase2_cli": 0.2, "latent_temperature": 0.1, "learning_rate": 2e-05, "lora_rank": 0, "lp_epochs": 0, "lp_learning_rate": 0.001, "max_eval_samples": null, "max_grad_norm": 1.0, "max_length": 512, "max_train_samples": null, "method_name": "transfer_latent_bottleneck_com_l0p05_ad48_fusftrnd_adamw", "min_epochs": 3, "model_name": "microsoft/codebert-base", "num_cwes": 10, "num_latent": 8, "num_workers": 0, "output_dir": "results/fus2w_codebert/transfer_latent_bottleneck_com_l0p05_ad48_fusftrnd_adamw", "patience": 5, "phase": "phase2", "phase2_fusion": "ft", "phase2_gate": "off", "phase2_gate_alpha": 0.3, "phase2_gate_init": 0.0, "phase2_gate_lr": 0.01, "phase2_gate_proj": "learned", "phase2_lambda_cwe": 0.0, "phase2_optimizer": "adamw", "phase2_reinit_head": false, "phase2_steps_per_epoch": 29, "phase2_total_steps": 870, "pooling": "cls", "pretrain_cof": 5000.0, "recadam_anchor": "source", "recadam_anchor_head": "source", "replay_batch_size": 0, "replay_cwe_vocab": "fixed4", "replay_data": null, "replay_epochs": 0, "replay_lambda_cwe": 0.0, "replay_mu": 0.0, "replay_stratify": false, "result_path": "results/fus2w_codebert/transfer_latent_bottleneck_com_l0p05_ad48_fusftrnd_adamw/seed_42/fold1.json", "run_name": "fus2w_codebert", "sam_rho": 0.0, "sam_variant": "sam", "seed": 42, "selection_metric": "macro_f1", "source_best_epoch": 12, "source_best_val_macro_f1": 0.5757736986787266, "source_checkpoint": "model/fus2/phase1/codebert__latent_bottleneck_com_l0p05_ad48/seed_42/best.pt", "source_eval_data": null, "source_interp_grid": null, "source_interpolation": 1.0, "source_lambda_cwe": 0.05, "source_sam_rho": 0.0, "spd_lambda": 1.0, "spd_replace_wd": false, "strict_determinism": false, "target_lang": "python", "test_path": null, "train_path": null, "truncation_strategy": "head_middle_tail", "val_path": null, "weight_decay": 0.01}, "mode": "phase2_train", "model_name": "microsoft/codebert-base", "seed": 42, "sklearn": "1.7.2", "torch": "2.11.0+cu128", "trainable_parameters": 146793794, "transformers": "4.57.1"}
2026-09-13 14:35:02 - INFO - Training started | Phase: phase2 | Epochs: 30
2026-09-13 14:35:03 - INFO - Run finished | Phase: phase2 | Fold: 1 | Seed: 42 | Elapsed: 3.86s
Traceback (most recent call last):
  File "/workspace/MultiVD/src/train_transfer.py", line 2034, in <module>
    main()
  File "/workspace/MultiVD/src/train_transfer.py", line 2020, in main
    run_phase2(args, device)
  File "/workspace/MultiVD/src/train_transfer.py", line 1285, in run_phase2
    train_loop(
  File "/workspace/MultiVD/src/train.py", line 461, in train_loop
    train = train_one_epoch_phase2(
            ^^^^^^^^^^^^^^^^^^^^^^^
  File "/workspace/MultiVD/src/train.py", line 230, in train_one_epoch_phase2
    loss, vul_loss, aux_loss, outputs, labels, feat_loss = _phase2_target_loss(
                                                           ^^^^^^^^^^^^^^^^^^^^
  File "/workspace/MultiVD/src/train.py", line 166, in _phase2_target_loss
    outputs = model(input_ids, attention_mask, return_cwe=False, return_features=want_feat)
              ^^^^^^^^^^^^^^^^^^^^^^^^^^^^^^^^^^^^^^^^^^^^^^^^^^^^^^^^^^^^^^^^^^^^^^^^^^^^^
  File "/venv/main/lib/python3.12/site-packages/torch/nn/modules/module.py", line 1779, in _wrapped_call_impl
    return self._call_impl(*args, **kwargs)
           ^^^^^^^^^^^^^^^^^^^^^^^^^^^^^^^^
  File "/venv/main/lib/python3.12/site-packages/torch/nn/modules/module.py", line 1790, in _call_impl
    return forward_call(*args, **kwargs)
           ^^^^^^^^^^^^^^^^^^^^^^^^^^^^^
  File "/workspace/MultiVD/src/model.py", line 321, in forward
    outputs = self.backbone(input_ids=input_ids, attention_mask=attention_mask)
              ^^^^^^^^^^^^^^^^^^^^^^^^^^^^^^^^^^^^^^^^^^^^^^^^^^^^^^^^^^^^^^^^^
  File "/venv/main/lib/python3.12/site-packages/torch/nn/modules/module.py", line 1779, in _wrapped_call_impl
    return self._call_impl(*args, **kwargs)
           ^^^^^^^^^^^^^^^^^^^^^^^^^^^^^^^^
  File "/venv/main/lib/python3.12/site-packages/torch/nn/modules/module.py", line 1790, in _call_impl
    return forward_call(*args, **kwargs)
           ^^^^^^^^^^^^^^^^^^^^^^^^^^^^^
  File "/venv/main/lib/python3.12/site-packages/transformers/models/roberta/modeling_roberta.py", line 862, in forward
    encoder_outputs = self.encoder(
                      ^^^^^^^^^^^^^
  File "/venv/main/lib/python3.12/site-packages/torch/nn/modules/module.py", line 1779, in _wrapped_call_impl
    return self._call_impl(*args, **kwargs)
           ^^^^^^^^^^^^^^^^^^^^^^^^^^^^^^^^
  File "/venv/main/lib/python3.12/site-packages/torch/nn/modules/module.py", line 1790, in _call_impl
    return forward_call(*args, **kwargs)
           ^^^^^^^^^^^^^^^^^^^^^^^^^^^^^
  File "/venv/main/lib/python3.12/site-packages/transformers/models/roberta/modeling_roberta.py", line 606, in forward
    layer_outputs = layer_module(
                    ^^^^^^^^^^^^^
  File "/venv/main/lib/python3.12/site-packages/torch/nn/modules/module.py", line 1779, in _wrapped_call_impl
    return self._call_impl(*args, **kwargs)
           ^^^^^^^^^^^^^^^^^^^^^^^^^^^^^^^^
  File "/venv/main/lib/python3.12/site-packages/torch/nn/modules/module.py", line 1790, in _call_impl
    return forward_call(*args, **kwargs)
           ^^^^^^^^^^^^^^^^^^^^^^^^^^^^^
  File "/workspace/MultiVD/src/adapters.py", line 109, in forward
    h = self.fusion(h, zs)
        ^^^^^^^^^^^^^^^^^^
  File "/venv/main/lib/python3.12/site-packages/torch/nn/modules/module.py", line 1779, in _wrapped_call_impl
    return self._call_impl(*args, **kwargs)
           ^^^^^^^^^^^^^^^^^^^^^^^^^^^^^^^^
  File "/venv/main/lib/python3.12/site-packages/torch/nn/modules/module.py", line 1790, in _call_impl
    return forward_call(*args, **kwargs)
           ^^^^^^^^^^^^^^^^^^^^^^^^^^^^^
  File "/workspace/MultiVD/src/adapters.py", line 77, in forward
    return self.value((w.unsqueeze(-1) * z).sum(dim=2))  # (B, T, H)
                      ^^^^^^^^^^^^^^^^^^^^^^^^^^^^^^^^
torch.OutOfMemoryError: CUDA out of memory. Tried to allocate 24.00 MiB. GPU 0 has a total capacity of 15.49 GiB of which 15.69 MiB is free. Process 26115 has 9.71 GiB memory in use. Including non-PyTorch memory, this process has 5.74 GiB memory in use. Of the allocated memory 5.58 GiB is allocated by PyTorch, and 8.79 MiB is reserved by PyTorch but unallocated. If reserved but unallocated memory is large try setting PYTORCH_CUDA_ALLOC_CONF=expandable_segments:True to avoid fragmentation.  See documentation for Memory Management  (https://docs.pytorch.org/docs/stable/notes/cuda.html#optimizing-memory-usage-with-pytorch-cuda-alloc-conf)
2026-09-13 15:16:27 - INFO - Using device: cuda
2026-09-13 15:16:27 - INFO - Run started | Run: fus2w_codebert | Method: transfer_latent_bottleneck_com_l0p05_ad48_fusftrnd_adamw | Phase: phase2 | Fold: 1 | Seed: 42 | Device: cuda
2026-09-13 15:16:27 - INFO - Loading Python training data: data/sven_python_folds_norm/fold1/train.jsonl
2026-09-13 15:16:27 - INFO - Loading Python validation data: data/sven_python_folds_norm/fold1/val.jsonl
2026-09-13 15:16:27 - INFO - Data split: python_train | Total: 456 | Labels: {0: 235, 1: 221} | CWEs: {'CWE-022': 39, 'CWE-078': 123, 'CWE-079': 49, 'CWE-089': 245} | Languages: {'python': 456} | Invalid CWE: 0
2026-09-13 15:16:27 - INFO - Data split: python_val | Total: 152 | Labels: {0: 74, 1: 78} | CWEs: {'CWE-022': 8, 'CWE-078': 42, 'CWE-079': 19, 'CWE-089': 83} | Languages: {'python': 152} | Invalid CWE: 0
2026-09-13 15:16:27 - INFO - Auxiliary head width taken from checkpoint: 10
2026-09-13 15:16:29 - INFO - Dung lai adapter tu checkpoint | ten=['src'] | dim=48 | fusion=False
2026-09-13 15:16:29 - INFO - Loaded source checkpoint: model/fus2/phase1/codebert__latent_bottleneck_com_l0p05_ad48/seed_42/best.pt | Best epoch: 12 | Best Val Macro-F1: 0.575774
2026-09-13 15:16:29 - INFO - DOI CHUNG: adapter NGUON da bi thay bang nhieu Gauss cung thang do | {"adapter": "src", "match_scale": true, "seed": 42001, "tensors": 48} — moi loi ich con lai KHONG the la tri thuc Pha 1
2026-09-13 15:16:29 - INFO - ADAPTER FUSION BAT | che do=ft | 12 lop | dim=48 | mo 146793794 tham so, khoa 900770 | adapter nguon DONG BANG (0 tham so mo)
2026-09-13 15:16:29 - INFO - lambda_cwe: CLI Pha 2 = 0.2 (khong dung o Pha 2) | Pha 1 that = 0.05 — ghi theo Pha 1
2026-09-13 15:16:29 - INFO - Phase 2 optimizer: AdamW | nhom ADAPTER rieng: 22146624 tham so o lr 0.0001 (backbone/head o 2e-05)
2026-09-13 15:16:29 - INFO - Environment: {"components": {"backbone": {"frozen": 894528, "total": 147686784, "trainable": 146792256}, "cwe_head": {"frozen": 90, "total": 90, "trainable": 0}, "latent_proj": {"frozen": 6152, "total": 6152, "trainable": 0}, "vul_head": {"frozen": 0, "total": 1538, "trainable": 1538}}, "cuda": "12.8", "fold": 1, "frozen_parameters": 900770, "gpu": "NVIDIA GeForce RTX 5060 Ti", "hyperparameters": {"adamw_anneal_lr": false, "adapter_dim": 0, "adapter_lr": 0.0001, "anneal_fun": "sigmoid", "anneal_k": 0.05, "anneal_t0_ratio": 0.05, "anneal_t0_steps": 43, "anneal_w": 1.0, "asam_eta": 0.01, "aux_class_balanced": false, "aux_mode": "latent_bottleneck", "aux_weight_lr": 0.01, "aux_weight_mode": "fixed", "batch_size": 16, "checkpoint_path": "model/fus2w_codebert/transfer_latent_bottleneck_com_l0p05_ad48_fusftrnd_adamw/seed_42/fold1/best.pt", "cwe_vocab": "precomputed", "data_path": "data/train_ccpp_filtered.jsonl", "data_root": "data/sven_python_folds_norm", "epochs": 30, "eval_batch_size": 16, "feat_distill_beta": 0.0, "feat_distill_mode": "cos", "fisher_path": null, "fold": 1, "freeze_backbone_layers": 0, "freeze_prototypes_steps": 0, "fusion_frozen_params": 900770, "fusion_src_random": true, "fusion_trainable_params": 146793794, "grad_checkpointing": false, "lambda_cwe": 0.05, "lambda_cwe_phase2_cli": 0.2, "latent_temperature": 0.1, "learning_rate": 2e-05, "lora_rank": 0, "lp_epochs": 0, "lp_learning_rate": 0.001, "max_eval_samples": null, "max_grad_norm": 1.0, "max_length": 512, "max_train_samples": null, "method_name": "transfer_latent_bottleneck_com_l0p05_ad48_fusftrnd_adamw", "min_epochs": 3, "model_name": "microsoft/codebert-base", "num_cwes": 10, "num_latent": 8, "num_workers": 0, "output_dir": "results/fus2w_codebert/transfer_latent_bottleneck_com_l0p05_ad48_fusftrnd_adamw", "patience": 5, "phase": "phase2", "phase2_fusion": "ft", "phase2_gate": "off", "phase2_gate_alpha": 0.3, "phase2_gate_init": 0.0, "phase2_gate_lr": 0.01, "phase2_gate_proj": "learned", "phase2_lambda_cwe": 0.0, "phase2_optimizer": "adamw", "phase2_reinit_head": false, "phase2_steps_per_epoch": 29, "phase2_total_steps": 870, "pooling": "cls", "pretrain_cof": 5000.0, "recadam_anchor": "source", "recadam_anchor_head": "source", "replay_batch_size": 0, "replay_cwe_vocab": "fixed4", "replay_data": null, "replay_epochs": 0, "replay_lambda_cwe": 0.0, "replay_mu": 0.0, "replay_stratify": false, "result_path": "results/fus2w_codebert/transfer_latent_bottleneck_com_l0p05_ad48_fusftrnd_adamw/seed_42/fold1.json", "run_name": "fus2w_codebert", "sam_rho": 0.0, "sam_variant": "sam", "seed": 42, "selection_metric": "macro_f1", "source_best_epoch": 12, "source_best_val_macro_f1": 0.5757736986787266, "source_checkpoint": "model/fus2/phase1/codebert__latent_bottleneck_com_l0p05_ad48/seed_42/best.pt", "source_eval_data": null, "source_interp_grid": null, "source_interpolation": 1.0, "source_lambda_cwe": 0.05, "source_sam_rho": 0.0, "spd_lambda": 1.0, "spd_replace_wd": false, "strict_determinism": false, "target_lang": "python", "test_path": null, "train_path": null, "truncation_strategy": "head_middle_tail", "val_path": null, "weight_decay": 0.01}, "mode": "phase2_train", "model_name": "microsoft/codebert-base", "seed": 42, "sklearn": "1.7.2", "torch": "2.11.0+cu128", "trainable_parameters": 146793794, "transformers": "4.57.1"}
2026-09-13 15:16:29 - INFO - Training started | Phase: phase2 | Epochs: 30
2026-09-13 15:16:30 - INFO - RecAdam first-step safety checks passed
2026-09-13 15:16:52 - INFO - Epoch 1/30 | Train loss: 0.586826 | Val loss: 0.497667 | LR: 2.00e-05 | Best epoch: 1 | Patience: 0 | Train: 19.58s | Validation: 2.14s | Epoch: 22.27s | Total: 22.27s
2026-09-13 15:16:52 - INFO - [Classification Report - split=train epoch=1 - threshold=0.50]
2026-09-13 15:16:52 - INFO -                 precision    recall  f1-score   support
2026-09-13 15:16:52 - INFO - 
2026-09-13 15:16:52 - INFO -       safe (0)     0.7150    0.6298    0.6697       235
2026-09-13 15:16:52 - INFO - vulnerable (1)     0.6506    0.7330    0.6894       221
2026-09-13 15:16:52 - INFO - 
2026-09-13 15:16:52 - INFO -       accuracy                         0.6798       456
2026-09-13 15:16:52 - INFO -      macro avg     0.6828    0.6814    0.6795       456
2026-09-13 15:16:52 - INFO -   weighted avg     0.6838    0.6798    0.6792       456
2026-09-13 15:16:52 - INFO - Confusion matrix - [[tn=148, fp=87], [fn=59, tp=162]]
2026-09-13 15:16:52 - INFO - probability_positive min=0.0036 mean=0.4931 std=0.2706 max=0.9969 predicted_0=207 predicted_1=249
2026-09-13 15:16:52 - INFO - [Classification Report - split=validation epoch=1 - threshold=0.50]
2026-09-13 15:16:52 - INFO -                 precision    recall  f1-score   support
2026-09-13 15:16:52 - INFO - 
2026-09-13 15:16:52 - INFO -       safe (0)     0.7011    0.8243    0.7578        74
2026-09-13 15:16:52 - INFO - vulnerable (1)     0.8000    0.6667    0.7273        78
2026-09-13 15:16:52 - INFO - 
2026-09-13 15:16:52 - INFO -       accuracy                         0.7434       152
2026-09-13 15:16:52 - INFO -      macro avg     0.7506    0.7455    0.7425       152
2026-09-13 15:16:52 - INFO -   weighted avg     0.7519    0.7434    0.7421       152
2026-09-13 15:16:52 - INFO - Confusion matrix - [[tn=61, fp=13], [fn=26, tp=52]]
2026-09-13 15:16:52 - INFO - probability_positive min=0.0021 mean=0.4580 std=0.3958 max=0.9984 predicted_0=87 predicted_1=65
2026-09-13 15:16:52 - INFO - New best model | Macro-F1: 0.742518 | Epoch: 1
2026-09-13 15:17:14 - INFO - Epoch 2/30 | Train loss: 0.457560 | Val loss: 0.474707 | LR: 2.00e-05 | Best epoch: 2 | Patience: 0 | Train: 19.15s | Validation: 2.14s | Epoch: 22.18s | Total: 44.47s
2026-09-13 15:17:14 - INFO - [Classification Report - split=train epoch=2 - threshold=0.50]
2026-09-13 15:17:14 - INFO -                 precision    recall  f1-score   support
2026-09-13 15:17:14 - INFO - 
2026-09-13 15:17:14 - INFO -       safe (0)     0.8355    0.8213    0.8283       235
2026-09-13 15:17:14 - INFO - vulnerable (1)     0.8133    0.8281    0.8206       221
2026-09-13 15:17:14 - INFO - 
2026-09-13 15:17:14 - INFO -       accuracy                         0.8246       456
2026-09-13 15:17:14 - INFO -      macro avg     0.8244    0.8247    0.8245       456
2026-09-13 15:17:14 - INFO -   weighted avg     0.8248    0.8246    0.8246       456
2026-09-13 15:17:14 - INFO - Confusion matrix - [[tn=193, fp=42], [fn=38, tp=183]]
2026-09-13 15:17:14 - INFO - probability_positive min=0.0017 mean=0.4968 std=0.3844 max=0.9976 predicted_0=231 predicted_1=225
2026-09-13 15:17:14 - INFO - [Classification Report - split=validation epoch=2 - threshold=0.50]
2026-09-13 15:17:14 - INFO -                 precision    recall  f1-score   support
2026-09-13 15:17:14 - INFO - 
2026-09-13 15:17:14 - INFO -       safe (0)     0.7975    0.8514    0.8235        74
2026-09-13 15:17:14 - INFO - vulnerable (1)     0.8493    0.7949    0.8212        78
2026-09-13 15:17:14 - INFO - 
2026-09-13 15:17:14 - INFO -       accuracy                         0.8224       152
2026-09-13 15:17:14 - INFO -      macro avg     0.8234    0.8231    0.8224       152
2026-09-13 15:17:14 - INFO -   weighted avg     0.8241    0.8224    0.8223       152
2026-09-13 15:17:14 - INFO - Confusion matrix - [[tn=63, fp=11], [fn=16, tp=62]]
2026-09-13 15:17:14 - INFO - probability_positive min=0.0026 mean=0.4740 std=0.4255 max=0.9960 predicted_0=79 predicted_1=73
2026-09-13 15:17:14 - INFO - New best model | Macro-F1: 0.822361 | Epoch: 2
2026-09-13 15:17:35 - INFO - Epoch 3/30 | Train loss: 0.226061 | Val loss: 0.533736 | LR: 2.00e-05 | Best epoch: 2 | Patience: 1 | Train: 19.16s | Validation: 2.14s | Epoch: 21.30s | Total: 65.78s
2026-09-13 15:17:35 - INFO - [Classification Report - split=train epoch=3 - threshold=0.50]
2026-09-13 15:17:35 - INFO -                 precision    recall  f1-score   support
2026-09-13 15:17:35 - INFO - 
2026-09-13 15:17:35 - INFO -       safe (0)     0.9270    0.9191    0.9231       235
2026-09-13 15:17:35 - INFO - vulnerable (1)     0.9148    0.9231    0.9189       221
2026-09-13 15:17:35 - INFO - 
2026-09-13 15:17:35 - INFO -       accuracy                         0.9211       456
2026-09-13 15:17:35 - INFO -      macro avg     0.9209    0.9211    0.9210       456
2026-09-13 15:17:35 - INFO -   weighted avg     0.9211    0.9211    0.9211       456
2026-09-13 15:17:35 - INFO - Confusion matrix - [[tn=216, fp=19], [fn=17, tp=204]]
2026-09-13 15:17:35 - INFO - probability_positive min=0.0007 mean=0.4712 std=0.4244 max=0.9986 predicted_0=233 predicted_1=223
2026-09-13 15:17:35 - INFO - [Classification Report - split=validation epoch=3 - threshold=0.50]
2026-09-13 15:17:35 - INFO -                 precision    recall  f1-score   support
2026-09-13 15:17:35 - INFO - 
2026-09-13 15:17:35 - INFO -       safe (0)     0.8594    0.7432    0.7971        74
2026-09-13 15:17:35 - INFO - vulnerable (1)     0.7841    0.8846    0.8313        78
2026-09-13 15:17:35 - INFO - 
2026-09-13 15:17:35 - INFO -       accuracy                         0.8158       152
2026-09-13 15:17:35 - INFO -      macro avg     0.8217    0.8139    0.8142       152
2026-09-13 15:17:35 - INFO -   weighted avg     0.8207    0.8158    0.8147       152
2026-09-13 15:17:35 - INFO - Confusion matrix - [[tn=55, fp=19], [fn=9, tp=69]]
2026-09-13 15:17:35 - INFO - probability_positive min=0.0019 mean=0.5848 std=0.4314 max=0.9991 predicted_0=64 predicted_1=88
2026-09-13 15:17:56 - INFO - Epoch 4/30 | Train loss: 0.213155 | Val loss: 0.612975 | LR: 2.00e-05 | Best epoch: 2 | Patience: 2 | Train: 19.17s | Validation: 2.15s | Epoch: 21.31s | Total: 87.10s
2026-09-13 15:17:56 - INFO - [Classification Report - split=train epoch=4 - threshold=0.50]
2026-09-13 15:17:56 - INFO -                 precision    recall  f1-score   support
2026-09-13 15:17:56 - INFO - 
2026-09-13 15:17:56 - INFO -       safe (0)     0.9474    0.9191    0.9330       235
2026-09-13 15:17:56 - INFO - vulnerable (1)     0.9167    0.9457    0.9310       221
2026-09-13 15:17:56 - INFO - 
2026-09-13 15:17:56 - INFO -       accuracy                         0.9320       456
2026-09-13 15:17:56 - INFO -      macro avg     0.9320    0.9324    0.9320       456
2026-09-13 15:17:56 - INFO -   weighted avg     0.9325    0.9320    0.9320       456
2026-09-13 15:17:56 - INFO - Confusion matrix - [[tn=216, fp=19], [fn=12, tp=209]]
2026-09-13 15:17:56 - INFO - probability_positive min=0.0002 mean=0.4955 std=0.4663 max=0.9997 predicted_0=228 predicted_1=228
2026-09-13 15:17:56 - INFO - [Classification Report - split=validation epoch=4 - threshold=0.50]
2026-09-13 15:17:56 - INFO -                 precision    recall  f1-score   support
2026-09-13 15:17:56 - INFO - 
2026-09-13 15:17:56 - INFO -       safe (0)     0.7558    0.8784    0.8125        74
2026-09-13 15:17:56 - INFO - vulnerable (1)     0.8636    0.7308    0.7917        78
2026-09-13 15:17:56 - INFO - 
2026-09-13 15:17:56 - INFO -       accuracy                         0.8026       152
2026-09-13 15:17:56 - INFO -      macro avg     0.8097    0.8046    0.8021       152
2026-09-13 15:17:56 - INFO -   weighted avg     0.8111    0.8026    0.8018       152
2026-09-13 15:17:56 - INFO - Confusion matrix - [[tn=65, fp=9], [fn=21, tp=57]]
2026-09-13 15:17:56 - INFO - probability_positive min=0.0028 mean=0.4516 std=0.4470 max=0.9994 predicted_0=86 predicted_1=66
2026-09-13 15:18:19 - INFO - Epoch 5/30 | Train loss: 0.197229 | Val loss: 0.696252 | LR: 2.00e-05 | Best epoch: 5 | Patience: 0 | Train: 19.17s | Validation: 2.15s | Epoch: 22.13s | Total: 109.25s
2026-09-13 15:18:19 - INFO - [Classification Report - split=train epoch=5 - threshold=0.50]
2026-09-13 15:18:19 - INFO -                 precision    recall  f1-score   support
2026-09-13 15:18:19 - INFO - 
2026-09-13 15:18:19 - INFO -       safe (0)     0.9174    0.9447    0.9308       235
2026-09-13 15:18:19 - INFO - vulnerable (1)     0.9393    0.9095    0.9241       221
2026-09-13 15:18:19 - INFO - 
2026-09-13 15:18:19 - INFO -       accuracy                         0.9276       456
2026-09-13 15:18:19 - INFO -      macro avg     0.9283    0.9271    0.9275       456
2026-09-13 15:18:19 - INFO -   weighted avg     0.9280    0.9276    0.9276       456
2026-09-13 15:18:19 - INFO - Confusion matrix - [[tn=222, fp=13], [fn=20, tp=201]]
2026-09-13 15:18:19 - INFO - probability_positive min=0.0002 mean=0.4750 std=0.4624 max=0.9997 predicted_0=242 predicted_1=214
2026-09-13 15:18:19 - INFO - [Classification Report - split=validation epoch=5 - threshold=0.50]
2026-09-13 15:18:19 - INFO -                 precision    recall  f1-score   support
2026-09-13 15:18:19 - INFO - 
2026-09-13 15:18:19 - INFO -       safe (0)     0.8289    0.8514    0.8400        74
2026-09-13 15:18:19 - INFO - vulnerable (1)     0.8553    0.8333    0.8442        78
2026-09-13 15:18:19 - INFO - 
2026-09-13 15:18:19 - INFO -       accuracy                         0.8421       152
2026-09-13 15:18:19 - INFO -      macro avg     0.8421    0.8423    0.8421       152
2026-09-13 15:18:19 - INFO -   weighted avg     0.8425    0.8421    0.8421       152
2026-09-13 15:18:19 - INFO - Confusion matrix - [[tn=63, fp=11], [fn=13, tp=65]]
2026-09-13 15:18:19 - INFO - probability_positive min=0.0003 mean=0.5083 std=0.4798 max=0.9999 predicted_0=76 predicted_1=76
2026-09-13 15:18:19 - INFO - New best model | Macro-F1: 0.842078 | Epoch: 5
2026-09-13 15:18:40 - INFO - Epoch 6/30 | Train loss: 0.138153 | Val loss: 0.955834 | LR: 2.00e-05 | Best epoch: 5 | Patience: 1 | Train: 19.18s | Validation: 2.13s | Epoch: 21.32s | Total: 130.59s
2026-09-13 15:18:40 - INFO - [Classification Report - split=train epoch=6 - threshold=0.50]
2026-09-13 15:18:40 - INFO -                 precision    recall  f1-score   support
2026-09-13 15:18:40 - INFO - 
2026-09-13 15:18:40 - INFO -       safe (0)     0.9370    0.9489    0.9429       235
2026-09-13 15:18:40 - INFO - vulnerable (1)     0.9450    0.9321    0.9385       221
2026-09-13 15:18:40 - INFO - 
2026-09-13 15:18:40 - INFO -       accuracy                         0.9408       456
2026-09-13 15:18:40 - INFO -      macro avg     0.9410    0.9405    0.9407       456
2026-09-13 15:18:40 - INFO -   weighted avg     0.9408    0.9408    0.9408       456
2026-09-13 15:18:40 - INFO - Confusion matrix - [[tn=223, fp=12], [fn=15, tp=206]]
2026-09-13 15:18:40 - INFO - probability_positive min=0.0001 mean=0.4776 std=0.4766 max=0.9999 predicted_0=238 predicted_1=218
2026-09-13 15:18:40 - INFO - [Classification Report - split=validation epoch=6 - threshold=0.50]
2026-09-13 15:18:40 - INFO -                 precision    recall  f1-score   support
2026-09-13 15:18:40 - INFO - 
2026-09-13 15:18:40 - INFO -       safe (0)     0.8182    0.8514    0.8344        74
2026-09-13 15:18:40 - INFO - vulnerable (1)     0.8533    0.8205    0.8366        78
2026-09-13 15:18:40 - INFO - 
2026-09-13 15:18:40 - INFO -       accuracy                         0.8355       152
2026-09-13 15:18:40 - INFO -      macro avg     0.8358    0.8359    0.8355       152
2026-09-13 15:18:40 - INFO -   weighted avg     0.8362    0.8355    0.8355       152
2026-09-13 15:18:40 - INFO - Confusion matrix - [[tn=63, fp=11], [fn=14, tp=64]]
2026-09-13 15:18:40 - INFO - probability_positive min=0.0001 mean=0.5052 std=0.4845 max=1.0000 predicted_0=77 predicted_1=75
2026-09-13 15:19:01 - INFO - Epoch 7/30 | Train loss: 0.132677 | Val loss: 0.988403 | LR: 2.00e-05 | Best epoch: 5 | Patience: 2 | Train: 19.16s | Validation: 2.16s | Epoch: 21.32s | Total: 151.93s
2026-09-13 15:19:01 - INFO - [Classification Report - split=train epoch=7 - threshold=0.50]
2026-09-13 15:19:01 - INFO -                 precision    recall  f1-score   support
2026-09-13 15:19:01 - INFO - 
2026-09-13 15:19:01 - INFO -       safe (0)     0.9700    0.9617    0.9658       235
2026-09-13 15:19:01 - INFO - vulnerable (1)     0.9596    0.9683    0.9640       221
2026-09-13 15:19:01 - INFO - 
2026-09-13 15:19:01 - INFO -       accuracy                         0.9649       456
2026-09-13 15:19:01 - INFO -      macro avg     0.9648    0.9650    0.9649       456
2026-09-13 15:19:01 - INFO -   weighted avg     0.9650    0.9649    0.9649       456
2026-09-13 15:19:01 - INFO - Confusion matrix - [[tn=226, fp=9], [fn=7, tp=214]]
2026-09-13 15:19:01 - INFO - probability_positive min=0.0000 mean=0.4893 std=0.4900 max=1.0000 predicted_0=233 predicted_1=223
2026-09-13 15:19:01 - INFO - [Classification Report - split=validation epoch=7 - threshold=0.50]
2026-09-13 15:19:01 - INFO -                 precision    recall  f1-score   support
2026-09-13 15:19:01 - INFO - 
2026-09-13 15:19:01 - INFO -       safe (0)     0.7975    0.8514    0.8235        74
2026-09-13 15:19:01 - INFO - vulnerable (1)     0.8493    0.7949    0.8212        78
2026-09-13 15:19:01 - INFO - 
2026-09-13 15:19:01 - INFO -       accuracy                         0.8224       152
2026-09-13 15:19:01 - INFO -      macro avg     0.8234    0.8231    0.8224       152
2026-09-13 15:19:01 - INFO -   weighted avg     0.8241    0.8224    0.8223       152
2026-09-13 15:19:01 - INFO - Confusion matrix - [[tn=63, fp=11], [fn=16, tp=62]]
2026-09-13 15:19:01 - INFO - probability_positive min=0.0000 mean=0.4844 std=0.4827 max=1.0000 predicted_0=79 predicted_1=73
2026-09-13 15:19:23 - INFO - Epoch 8/30 | Train loss: 0.142806 | Val loss: 0.962963 | LR: 2.00e-05 | Best epoch: 5 | Patience: 3 | Train: 19.16s | Validation: 2.14s | Epoch: 21.31s | Total: 173.24s
2026-09-13 15:19:23 - INFO - [Classification Report - split=train epoch=8 - threshold=0.50]
2026-09-13 15:19:23 - INFO -                 precision    recall  f1-score   support
2026-09-13 15:19:23 - INFO - 
2026-09-13 15:19:23 - INFO -       safe (0)     0.9419    0.9660    0.9538       235
2026-09-13 15:19:23 - INFO - vulnerable (1)     0.9628    0.9367    0.9495       221
2026-09-13 15:19:23 - INFO - 
2026-09-13 15:19:23 - INFO -       accuracy                         0.9518       456
2026-09-13 15:19:23 - INFO -      macro avg     0.9523    0.9513    0.9517       456
2026-09-13 15:19:23 - INFO -   weighted avg     0.9520    0.9518    0.9517       456
2026-09-13 15:19:23 - INFO - Confusion matrix - [[tn=227, fp=8], [fn=14, tp=207]]
2026-09-13 15:19:23 - INFO - probability_positive min=0.0000 mean=0.4691 std=0.4846 max=1.0000 predicted_0=241 predicted_1=215
2026-09-13 15:19:23 - INFO - [Classification Report - split=validation epoch=8 - threshold=0.50]
2026-09-13 15:19:23 - INFO -                 precision    recall  f1-score   support
2026-09-13 15:19:23 - INFO - 
2026-09-13 15:19:23 - INFO -       safe (0)     0.8101    0.8649    0.8366        74
2026-09-13 15:19:23 - INFO - vulnerable (1)     0.8630    0.8077    0.8344        78
2026-09-13 15:19:23 - INFO - 
2026-09-13 15:19:23 - INFO -       accuracy                         0.8355       152
2026-09-13 15:19:23 - INFO -      macro avg     0.8366    0.8363    0.8355       152
2026-09-13 15:19:23 - INFO -   weighted avg     0.8373    0.8355    0.8355       152
2026-09-13 15:19:23 - INFO - Confusion matrix - [[tn=64, fp=10], [fn=15, tp=63]]
2026-09-13 15:19:23 - INFO - probability_positive min=0.0000 mean=0.4741 std=0.4865 max=1.0000 predicted_0=79 predicted_1=73
2026-09-13 15:19:45 - INFO - Epoch 9/30 | Train loss: 0.219192 | Val loss: 1.071920 | LR: 2.00e-05 | Best epoch: 9 | Patience: 0 | Train: 19.18s | Validation: 2.14s | Epoch: 22.20s | Total: 195.46s
2026-09-13 15:19:45 - INFO - [Classification Report - split=train epoch=9 - threshold=0.50]
2026-09-13 15:19:45 - INFO -                 precision    recall  f1-score   support
2026-09-13 15:19:45 - INFO - 
2026-09-13 15:19:45 - INFO -       safe (0)     0.9345    0.9106    0.9224       235
2026-09-13 15:19:45 - INFO - vulnerable (1)     0.9075    0.9321    0.9196       221
2026-09-13 15:19:45 - INFO - 
2026-09-13 15:19:45 - INFO -       accuracy                         0.9211       456
2026-09-13 15:19:45 - INFO -      macro avg     0.9210    0.9214    0.9210       456
2026-09-13 15:19:45 - INFO -   weighted avg     0.9214    0.9211    0.9211       456
2026-09-13 15:19:45 - INFO - Confusion matrix - [[tn=214, fp=21], [fn=15, tp=206]]
2026-09-13 15:19:45 - INFO - probability_positive min=0.0000 mean=0.4921 std=0.4767 max=1.0000 predicted_0=229 predicted_1=227
2026-09-13 15:19:45 - INFO - [Classification Report - split=validation epoch=9 - threshold=0.50]
2026-09-13 15:19:45 - INFO -                 precision    recall  f1-score   support
2026-09-13 15:19:45 - INFO - 
2026-09-13 15:19:45 - INFO -       safe (0)     0.8514    0.8514    0.8514        74
2026-09-13 15:19:45 - INFO - vulnerable (1)     0.8590    0.8590    0.8590        78
2026-09-13 15:19:45 - INFO - 
2026-09-13 15:19:45 - INFO -       accuracy                         0.8553       152
2026-09-13 15:19:45 - INFO -      macro avg     0.8552    0.8552    0.8552       152
2026-09-13 15:19:45 - INFO -   weighted avg     0.8553    0.8553    0.8553       152
2026-09-13 15:19:45 - INFO - Confusion matrix - [[tn=63, fp=11], [fn=11, tp=67]]
2026-09-13 15:19:45 - INFO - probability_positive min=0.0000 mean=0.5232 std=0.4896 max=1.0000 predicted_0=74 predicted_1=78
2026-09-13 15:19:45 - INFO - New best model | Macro-F1: 0.855163 | Epoch: 9
2026-09-13 15:20:06 - INFO - Epoch 10/30 | Train loss: 0.146972 | Val loss: 1.184123 | LR: 2.00e-05 | Best epoch: 9 | Patience: 1 | Train: 19.17s | Validation: 2.14s | Epoch: 21.31s | Total: 216.79s
2026-09-13 15:20:06 - INFO - [Classification Report - split=train epoch=10 - threshold=0.50]
2026-09-13 15:20:06 - INFO -                 precision    recall  f1-score   support
2026-09-13 15:20:06 - INFO - 
2026-09-13 15:20:06 - INFO -       safe (0)     0.9576    0.9617    0.9597       235
2026-09-13 15:20:06 - INFO - vulnerable (1)     0.9591    0.9548    0.9569       221
2026-09-13 15:20:06 - INFO - 
2026-09-13 15:20:06 - INFO -       accuracy                         0.9583       456
2026-09-13 15:20:06 - INFO -      macro avg     0.9584    0.9582    0.9583       456
2026-09-13 15:20:06 - INFO -   weighted avg     0.9583    0.9583    0.9583       456
2026-09-13 15:20:06 - INFO - Confusion matrix - [[tn=226, fp=9], [fn=10, tp=211]]
2026-09-13 15:20:06 - INFO - probability_positive min=0.0000 mean=0.4896 std=0.4873 max=1.0000 predicted_0=236 predicted_1=220
2026-09-13 15:20:06 - INFO - [Classification Report - split=validation epoch=10 - threshold=0.50]
2026-09-13 15:20:06 - INFO -                 precision    recall  f1-score   support
2026-09-13 15:20:06 - INFO - 
2026-09-13 15:20:06 - INFO -       safe (0)     0.7831    0.8784    0.8280        74
2026-09-13 15:20:06 - INFO - vulnerable (1)     0.8696    0.7692    0.8163        78
2026-09-13 15:20:06 - INFO - 
2026-09-13 15:20:06 - INFO -       accuracy                         0.8224       152
2026-09-13 15:20:06 - INFO -      macro avg     0.8263    0.8238    0.8222       152
2026-09-13 15:20:06 - INFO -   weighted avg     0.8275    0.8224    0.8220       152
2026-09-13 15:20:06 - INFO - Confusion matrix - [[tn=65, fp=9], [fn=18, tp=60]]
2026-09-13 15:20:06 - INFO - probability_positive min=0.0001 mean=0.4637 std=0.4903 max=1.0000 predicted_0=83 predicted_1=69
2026-09-13 15:20:27 - INFO - Epoch 11/30 | Train loss: 0.106148 | Val loss: 0.857580 | LR: 2.00e-05 | Best epoch: 9 | Patience: 2 | Train: 19.18s | Validation: 2.14s | Epoch: 21.32s | Total: 238.12s
2026-09-13 15:20:27 - INFO - [Classification Report - split=train epoch=11 - threshold=0.50]
2026-09-13 15:20:27 - INFO -                 precision    recall  f1-score   support
2026-09-13 15:20:27 - INFO - 
2026-09-13 15:20:27 - INFO -       safe (0)     0.9622    0.9745    0.9683       235
2026-09-13 15:20:27 - INFO - vulnerable (1)     0.9725    0.9593    0.9658       221
2026-09-13 15:20:27 - INFO - 
2026-09-13 15:20:27 - INFO -       accuracy                         0.9671       456
2026-09-13 15:20:27 - INFO -      macro avg     0.9673    0.9669    0.9671       456
2026-09-13 15:20:27 - INFO -   weighted avg     0.9672    0.9671    0.9671       456
2026-09-13 15:20:27 - INFO - Confusion matrix - [[tn=229, fp=6], [fn=9, tp=212]]
2026-09-13 15:20:27 - INFO - probability_positive min=0.0000 mean=0.4792 std=0.4893 max=1.0000 predicted_0=238 predicted_1=218
2026-09-13 15:20:27 - INFO - [Classification Report - split=validation epoch=11 - threshold=0.50]
2026-09-13 15:20:27 - INFO -                 precision    recall  f1-score   support
2026-09-13 15:20:27 - INFO - 
2026-09-13 15:20:27 - INFO -       safe (0)     0.8049    0.8919    0.8462        74
2026-09-13 15:20:27 - INFO - vulnerable (1)     0.8857    0.7949    0.8378        78
2026-09-13 15:20:27 - INFO - 
2026-09-13 15:20:27 - INFO -       accuracy                         0.8421       152
2026-09-13 15:20:27 - INFO -      macro avg     0.8453    0.8434    0.8420       152
2026-09-13 15:20:27 - INFO -   weighted avg     0.8464    0.8421    0.8419       152
2026-09-13 15:20:27 - INFO - Confusion matrix - [[tn=66, fp=8], [fn=16, tp=62]]
2026-09-13 15:20:27 - INFO - probability_positive min=0.0000 mean=0.4638 std=0.4868 max=1.0000 predicted_0=82 predicted_1=70
2026-09-13 15:20:50 - INFO - Epoch 12/30 | Train loss: 0.110757 | Val loss: 0.909822 | LR: 2.00e-05 | Best epoch: 12 | Patience: 0 | Train: 19.17s | Validation: 2.15s | Epoch: 22.19s | Total: 260.33s
2026-09-13 15:20:50 - INFO - [Classification Report - split=train epoch=12 - threshold=0.50]
2026-09-13 15:20:50 - INFO -                 precision    recall  f1-score   support
2026-09-13 15:20:50 - INFO - 
2026-09-13 15:20:50 - INFO -       safe (0)     0.9702    0.9702    0.9702       235
2026-09-13 15:20:50 - INFO - vulnerable (1)     0.9683    0.9683    0.9683       221
2026-09-13 15:20:50 - INFO - 
2026-09-13 15:20:50 - INFO -       accuracy                         0.9693       456
2026-09-13 15:20:50 - INFO -      macro avg     0.9693    0.9693    0.9693       456
2026-09-13 15:20:50 - INFO -   weighted avg     0.9693    0.9693    0.9693       456
2026-09-13 15:20:50 - INFO - Confusion matrix - [[tn=228, fp=7], [fn=7, tp=214]]
2026-09-13 15:20:50 - INFO - probability_positive min=0.0000 mean=0.4861 std=0.4894 max=1.0000 predicted_0=235 predicted_1=221
2026-09-13 15:20:50 - INFO - [Classification Report - split=validation epoch=12 - threshold=0.50]
2026-09-13 15:20:50 - INFO -                 precision    recall  f1-score   support
2026-09-13 15:20:50 - INFO - 
2026-09-13 15:20:50 - INFO -       safe (0)     0.8630    0.8514    0.8571        74
2026-09-13 15:20:50 - INFO - vulnerable (1)     0.8608    0.8718    0.8662        78
2026-09-13 15:20:50 - INFO - 
2026-09-13 15:20:50 - INFO -       accuracy                         0.8618       152
2026-09-13 15:20:50 - INFO -      macro avg     0.8619    0.8616    0.8617       152
2026-09-13 15:20:50 - INFO -   weighted avg     0.8619    0.8618    0.8618       152
2026-09-13 15:20:50 - INFO - Confusion matrix - [[tn=63, fp=11], [fn=10, tp=68]]
2026-09-13 15:20:50 - INFO - probability_positive min=0.0006 mean=0.5227 std=0.4898 max=1.0000 predicted_0=73 predicted_1=79
2026-09-13 15:20:50 - INFO - New best model | Macro-F1: 0.861692 | Epoch: 12
2026-09-13 15:21:12 - INFO - Epoch 13/30 | Train loss: 0.113327 | Val loss: 0.950085 | LR: 2.00e-05 | Best epoch: 13 | Patience: 0 | Train: 19.19s | Validation: 2.14s | Epoch: 22.19s | Total: 282.54s
2026-09-13 15:21:12 - INFO - [Classification Report - split=train epoch=13 - threshold=0.50]
2026-09-13 15:21:12 - INFO -                 precision    recall  f1-score   support
2026-09-13 15:21:12 - INFO - 
2026-09-13 15:21:12 - INFO -       safe (0)     0.9703    0.9745    0.9724       235
2026-09-13 15:21:12 - INFO - vulnerable (1)     0.9727    0.9683    0.9705       221
2026-09-13 15:21:12 - INFO - 
2026-09-13 15:21:12 - INFO -       accuracy                         0.9715       456
2026-09-13 15:21:12 - INFO -      macro avg     0.9715    0.9714    0.9715       456
2026-09-13 15:21:12 - INFO -   weighted avg     0.9715    0.9715    0.9715       456
2026-09-13 15:21:12 - INFO - Confusion matrix - [[tn=229, fp=6], [fn=7, tp=214]]
2026-09-13 15:21:12 - INFO - probability_positive min=0.0000 mean=0.4867 std=0.4926 max=1.0000 predicted_0=236 predicted_1=220
2026-09-13 15:21:12 - INFO - [Classification Report - split=validation epoch=13 - threshold=0.50]
2026-09-13 15:21:12 - INFO -                 precision    recall  f1-score   support
2026-09-13 15:21:12 - INFO - 
2026-09-13 15:21:12 - INFO -       safe (0)     0.8462    0.8919    0.8684        74
2026-09-13 15:21:12 - INFO - vulnerable (1)     0.8919    0.8462    0.8684        78
2026-09-13 15:21:12 - INFO - 
2026-09-13 15:21:12 - INFO -       accuracy                         0.8684       152
2026-09-13 15:21:12 - INFO -      macro avg     0.8690    0.8690    0.8684       152
2026-09-13 15:21:12 - INFO -   weighted avg     0.8696    0.8684    0.8684       152
2026-09-13 15:21:12 - INFO - Confusion matrix - [[tn=66, fp=8], [fn=12, tp=66]]
2026-09-13 15:21:12 - INFO - probability_positive min=0.0000 mean=0.4901 std=0.4906 max=1.0000 predicted_0=78 predicted_1=74
2026-09-13 15:21:12 - INFO - New best model | Macro-F1: 0.868421 | Epoch: 13
2026-09-13 15:21:33 - INFO - Epoch 14/30 | Train loss: 0.073363 | Val loss: 1.224376 | LR: 2.00e-05 | Best epoch: 13 | Patience: 1 | Train: 19.17s | Validation: 2.14s | Epoch: 21.31s | Total: 303.88s
2026-09-13 15:21:33 - INFO - [Classification Report - split=train epoch=14 - threshold=0.50]
2026-09-13 15:21:33 - INFO -                 precision    recall  f1-score   support
2026-09-13 15:21:33 - INFO - 
2026-09-13 15:21:33 - INFO -       safe (0)     0.9706    0.9830    0.9767       235
2026-09-13 15:21:33 - INFO - vulnerable (1)     0.9817    0.9683    0.9749       221
2026-09-13 15:21:33 - INFO - 
2026-09-13 15:21:33 - INFO -       accuracy                         0.9759       456
2026-09-13 15:21:33 - INFO -      macro avg     0.9761    0.9757    0.9758       456
2026-09-13 15:21:33 - INFO -   weighted avg     0.9759    0.9759    0.9759       456
2026-09-13 15:21:33 - INFO - Confusion matrix - [[tn=231, fp=4], [fn=7, tp=214]]
2026-09-13 15:21:33 - INFO - probability_positive min=0.0000 mean=0.4763 std=0.4935 max=1.0000 predicted_0=238 predicted_1=218
2026-09-13 15:21:33 - INFO - [Classification Report - split=validation epoch=14 - threshold=0.50]
2026-09-13 15:21:33 - INFO -                 precision    recall  f1-score   support
2026-09-13 15:21:33 - INFO - 
2026-09-13 15:21:33 - INFO -       safe (0)     0.8824    0.8108    0.8451        74
2026-09-13 15:21:33 - INFO - vulnerable (1)     0.8333    0.8974    0.8642        78
2026-09-13 15:21:33 - INFO - 
2026-09-13 15:21:33 - INFO -       accuracy                         0.8553       152
2026-09-13 15:21:33 - INFO -      macro avg     0.8578    0.8541    0.8546       152
2026-09-13 15:21:33 - INFO -   weighted avg     0.8572    0.8553    0.8549       152
2026-09-13 15:21:33 - INFO - Confusion matrix - [[tn=60, fp=14], [fn=8, tp=70]]
2026-09-13 15:21:33 - INFO - probability_positive min=0.0000 mean=0.5494 std=0.4931 max=1.0000 predicted_0=68 predicted_1=84
2026-09-13 15:21:54 - INFO - Epoch 15/30 | Train loss: 0.171270 | Val loss: 1.138726 | LR: 2.00e-05 | Best epoch: 13 | Patience: 2 | Train: 19.17s | Validation: 2.14s | Epoch: 21.31s | Total: 325.20s
2026-09-13 15:21:54 - INFO - [Classification Report - split=train epoch=15 - threshold=0.50]
2026-09-13 15:21:54 - INFO -                 precision    recall  f1-score   support
2026-09-13 15:21:54 - INFO - 
2026-09-13 15:21:54 - INFO -       safe (0)     0.9696    0.9489    0.9591       235
2026-09-13 15:21:54 - INFO - vulnerable (1)     0.9469    0.9683    0.9575       221
2026-09-13 15:21:54 - INFO - 
2026-09-13 15:21:54 - INFO -       accuracy                         0.9583       456
2026-09-13 15:21:54 - INFO -      macro avg     0.9582    0.9586    0.9583       456
2026-09-13 15:21:54 - INFO -   weighted avg     0.9586    0.9583    0.9583       456
2026-09-13 15:21:54 - INFO - Confusion matrix - [[tn=223, fp=12], [fn=7, tp=214]]
2026-09-13 15:21:54 - INFO - probability_positive min=0.0000 mean=0.4931 std=0.4883 max=1.0000 predicted_0=230 predicted_1=226
2026-09-13 15:21:54 - INFO - [Classification Report - split=validation epoch=15 - threshold=0.50]
2026-09-13 15:21:54 - INFO -                 precision    recall  f1-score   support
2026-09-13 15:21:54 - INFO - 
2026-09-13 15:21:54 - INFO -       safe (0)     0.8400    0.8514    0.8456        74
2026-09-13 15:21:54 - INFO - vulnerable (1)     0.8571    0.8462    0.8516        78
2026-09-13 15:21:54 - INFO - 
2026-09-13 15:21:54 - INFO -       accuracy                         0.8487       152
2026-09-13 15:21:54 - INFO -      macro avg     0.8486    0.8488    0.8486       152
2026-09-13 15:21:54 - INFO -   weighted avg     0.8488    0.8487    0.8487       152
2026-09-13 15:21:54 - INFO - Confusion matrix - [[tn=63, fp=11], [fn=12, tp=66]]
2026-09-13 15:21:54 - INFO - probability_positive min=0.0000 mean=0.5045 std=0.4924 max=1.0000 predicted_0=75 predicted_1=77
2026-09-13 15:22:16 - INFO - Epoch 16/30 | Train loss: 0.173953 | Val loss: 1.055430 | LR: 2.00e-05 | Best epoch: 13 | Patience: 3 | Train: 19.18s | Validation: 2.14s | Epoch: 21.32s | Total: 346.53s
2026-09-13 15:22:16 - INFO - [Classification Report - split=train epoch=16 - threshold=0.50]
2026-09-13 15:22:16 - INFO -                 precision    recall  f1-score   support
2026-09-13 15:22:16 - INFO - 
2026-09-13 15:22:16 - INFO -       safe (0)     0.9696    0.9489    0.9591       235
2026-09-13 15:22:16 - INFO - vulnerable (1)     0.9469    0.9683    0.9575       221
2026-09-13 15:22:16 - INFO - 
2026-09-13 15:22:16 - INFO -       accuracy                         0.9583       456
2026-09-13 15:22:16 - INFO -      macro avg     0.9582    0.9586    0.9583       456
2026-09-13 15:22:16 - INFO -   weighted avg     0.9586    0.9583    0.9583       456
2026-09-13 15:22:16 - INFO - Confusion matrix - [[tn=223, fp=12], [fn=7, tp=214]]
2026-09-13 15:22:16 - INFO - probability_positive min=0.0000 mean=0.4913 std=0.4898 max=1.0000 predicted_0=230 predicted_1=226
2026-09-13 15:22:16 - INFO - [Classification Report - split=validation epoch=16 - threshold=0.50]
2026-09-13 15:22:16 - INFO -                 precision    recall  f1-score   support
2026-09-13 15:22:16 - INFO - 
2026-09-13 15:22:16 - INFO -       safe (0)     0.8551    0.7973    0.8252        74
2026-09-13 15:22:16 - INFO - vulnerable (1)     0.8193    0.8718    0.8447        78
2026-09-13 15:22:16 - INFO - 
2026-09-13 15:22:16 - INFO -       accuracy                         0.8355       152
2026-09-13 15:22:16 - INFO -      macro avg     0.8372    0.8345    0.8349       152
2026-09-13 15:22:16 - INFO -   weighted avg     0.8367    0.8355    0.8352       152
2026-09-13 15:22:16 - INFO - Confusion matrix - [[tn=59, fp=15], [fn=10, tp=68]]
2026-09-13 15:22:16 - INFO - probability_positive min=0.0000 mean=0.5423 std=0.4894 max=1.0000 predicted_0=69 predicted_1=83
2026-09-13 15:22:38 - INFO - Epoch 17/30 | Train loss: 0.117552 | Val loss: 0.890930 | LR: 2.00e-05 | Best epoch: 17 | Patience: 0 | Train: 19.18s | Validation: 2.14s | Epoch: 22.24s | Total: 368.79s
2026-09-13 15:22:38 - INFO - [Classification Report - split=train epoch=17 - threshold=0.50]
2026-09-13 15:22:38 - INFO -                 precision    recall  f1-score   support
2026-09-13 15:22:38 - INFO - 
2026-09-13 15:22:38 - INFO -       safe (0)     0.9744    0.9702    0.9723       235
2026-09-13 15:22:38 - INFO - vulnerable (1)     0.9685    0.9729    0.9707       221
2026-09-13 15:22:38 - INFO - 
2026-09-13 15:22:38 - INFO -       accuracy                         0.9715       456
2026-09-13 15:22:38 - INFO -      macro avg     0.9714    0.9715    0.9715       456
2026-09-13 15:22:38 - INFO -   weighted avg     0.9715    0.9715    0.9715       456
2026-09-13 15:22:38 - INFO - Confusion matrix - [[tn=228, fp=7], [fn=6, tp=215]]
2026-09-13 15:22:38 - INFO - probability_positive min=0.0000 mean=0.4872 std=0.4931 max=1.0000 predicted_0=234 predicted_1=222
2026-09-13 15:22:38 - INFO - [Classification Report - split=validation epoch=17 - threshold=0.50]
2026-09-13 15:22:38 - INFO -                 precision    recall  f1-score   support
2026-09-13 15:22:38 - INFO - 
2026-09-13 15:22:38 - INFO -       safe (0)     0.8873    0.8514    0.8690        74
2026-09-13 15:22:38 - INFO - vulnerable (1)     0.8642    0.8974    0.8805        78
2026-09-13 15:22:38 - INFO - 
2026-09-13 15:22:38 - INFO -       accuracy                         0.8750       152
2026-09-13 15:22:38 - INFO -      macro avg     0.8758    0.8744    0.8747       152
2026-09-13 15:22:38 - INFO -   weighted avg     0.8755    0.8750    0.8749       152
2026-09-13 15:22:38 - INFO - Confusion matrix - [[tn=63, fp=11], [fn=8, tp=70]]
2026-09-13 15:22:38 - INFO - probability_positive min=0.0016 mean=0.5360 std=0.4914 max=1.0000 predicted_0=71 predicted_1=81
2026-09-13 15:22:38 - INFO - New best model | Macro-F1: 0.874734 | Epoch: 17
2026-09-13 15:22:59 - INFO - Epoch 18/30 | Train loss: 0.071222 | Val loss: 1.032234 | LR: 2.00e-05 | Best epoch: 17 | Patience: 1 | Train: 19.18s | Validation: 2.14s | Epoch: 21.32s | Total: 390.13s
2026-09-13 15:22:59 - INFO - [Classification Report - split=train epoch=18 - threshold=0.50]
2026-09-13 15:22:59 - INFO -                 precision    recall  f1-score   support
2026-09-13 15:22:59 - INFO - 
2026-09-13 15:22:59 - INFO -       safe (0)     0.9872    0.9830    0.9851       235
2026-09-13 15:22:59 - INFO - vulnerable (1)     0.9820    0.9864    0.9842       221
2026-09-13 15:22:59 - INFO - 
2026-09-13 15:22:59 - INFO -       accuracy                         0.9846       456
2026-09-13 15:22:59 - INFO -      macro avg     0.9846    0.9847    0.9846       456
2026-09-13 15:22:59 - INFO -   weighted avg     0.9847    0.9846    0.9847       456
2026-09-13 15:22:59 - INFO - Confusion matrix - [[tn=231, fp=4], [fn=3, tp=218]]
2026-09-13 15:22:59 - INFO - probability_positive min=0.0001 mean=0.4875 std=0.4955 max=1.0000 predicted_0=234 predicted_1=222
2026-09-13 15:22:59 - INFO - [Classification Report - split=validation epoch=18 - threshold=0.50]
2026-09-13 15:22:59 - INFO -                 precision    recall  f1-score   support
2026-09-13 15:22:59 - INFO - 
2026-09-13 15:22:59 - INFO -       safe (0)     0.8611    0.8378    0.8493        74
2026-09-13 15:22:59 - INFO - vulnerable (1)     0.8500    0.8718    0.8608        78
2026-09-13 15:22:59 - INFO - 
2026-09-13 15:22:59 - INFO -       accuracy                         0.8553       152
2026-09-13 15:22:59 - INFO -      macro avg     0.8556    0.8548    0.8550       152
2026-09-13 15:22:59 - INFO -   weighted avg     0.8554    0.8553    0.8552       152
2026-09-13 15:22:59 - INFO - Confusion matrix - [[tn=62, fp=12], [fn=10, tp=68]]
2026-09-13 15:22:59 - INFO - probability_positive min=0.0001 mean=0.5269 std=0.4958 max=1.0000 predicted_0=72 predicted_1=80
2026-09-13 15:23:21 - INFO - Epoch 19/30 | Train loss: 0.057998 | Val loss: 1.090747 | LR: 2.00e-05 | Best epoch: 17 | Patience: 2 | Train: 19.17s | Validation: 2.15s | Epoch: 21.32s | Total: 411.45s
2026-09-13 15:23:21 - INFO - [Classification Report - split=train epoch=19 - threshold=0.50]
2026-09-13 15:23:21 - INFO -                 precision    recall  f1-score   support
2026-09-13 15:23:21 - INFO - 
2026-09-13 15:23:21 - INFO -       safe (0)     0.9870    0.9702    0.9785       235
2026-09-13 15:23:21 - INFO - vulnerable (1)     0.9689    0.9864    0.9776       221
2026-09-13 15:23:21 - INFO - 
2026-09-13 15:23:21 - INFO -       accuracy                         0.9781       456
2026-09-13 15:23:21 - INFO -      macro avg     0.9780    0.9783    0.9781       456
2026-09-13 15:23:21 - INFO -   weighted avg     0.9782    0.9781    0.9781       456
2026-09-13 15:23:21 - INFO - Confusion matrix - [[tn=228, fp=7], [fn=3, tp=218]]
2026-09-13 15:23:21 - INFO - probability_positive min=0.0000 mean=0.4878 std=0.4932 max=1.0000 predicted_0=231 predicted_1=225
2026-09-13 15:23:21 - INFO - [Classification Report - split=validation epoch=19 - threshold=0.50]
2026-09-13 15:23:21 - INFO -                 precision    recall  f1-score   support
2026-09-13 15:23:21 - INFO - 
2026-09-13 15:23:21 - INFO -       safe (0)     0.8272    0.9054    0.8645        74
2026-09-13 15:23:21 - INFO - vulnerable (1)     0.9014    0.8205    0.8591        78
2026-09-13 15:23:21 - INFO - 
2026-09-13 15:23:21 - INFO -       accuracy                         0.8618       152
2026-09-13 15:23:21 - INFO -      macro avg     0.8643    0.8630    0.8618       152
2026-09-13 15:23:21 - INFO -   weighted avg     0.8653    0.8618    0.8617       152
2026-09-13 15:23:21 - INFO - Confusion matrix - [[tn=67, fp=7], [fn=14, tp=64]]
2026-09-13 15:23:21 - INFO - probability_positive min=0.0000 mean=0.4719 std=0.4940 max=1.0000 predicted_0=81 predicted_1=71
2026-09-13 15:23:42 - INFO - Epoch 20/30 | Train loss: 0.125081 | Val loss: 1.125008 | LR: 2.00e-05 | Best epoch: 17 | Patience: 3 | Train: 19.16s | Validation: 2.14s | Epoch: 21.30s | Total: 432.76s
2026-09-13 15:23:42 - INFO - [Classification Report - split=train epoch=20 - threshold=0.50]
2026-09-13 15:23:42 - INFO -                 precision    recall  f1-score   support
2026-09-13 15:23:42 - INFO - 
2026-09-13 15:23:42 - INFO -       safe (0)     0.9746    0.9787    0.9766       235
2026-09-13 15:23:42 - INFO - vulnerable (1)     0.9773    0.9729    0.9751       221
2026-09-13 15:23:42 - INFO - 
2026-09-13 15:23:42 - INFO -       accuracy                         0.9759       456
2026-09-13 15:23:42 - INFO -      macro avg     0.9759    0.9758    0.9759       456
2026-09-13 15:23:42 - INFO -   weighted avg     0.9759    0.9759    0.9759       456
2026-09-13 15:23:42 - INFO - Confusion matrix - [[tn=230, fp=5], [fn=6, tp=215]]
2026-09-13 15:23:42 - INFO - probability_positive min=0.0000 mean=0.4843 std=0.4947 max=1.0000 predicted_0=236 predicted_1=220
2026-09-13 15:23:42 - INFO - [Classification Report - split=validation epoch=20 - threshold=0.50]
2026-09-13 15:23:42 - INFO -                 precision    recall  f1-score   support
2026-09-13 15:23:42 - INFO - 
2026-09-13 15:23:42 - INFO -       safe (0)     0.8182    0.8514    0.8344        74
2026-09-13 15:23:42 - INFO - vulnerable (1)     0.8533    0.8205    0.8366        78
2026-09-13 15:23:42 - INFO - 
2026-09-13 15:23:42 - INFO -       accuracy                         0.8355       152
2026-09-13 15:23:42 - INFO -      macro avg     0.8358    0.8359    0.8355       152
2026-09-13 15:23:42 - INFO -   weighted avg     0.8362    0.8355    0.8355       152
2026-09-13 15:23:42 - INFO - Confusion matrix - [[tn=63, fp=11], [fn=14, tp=64]]
2026-09-13 15:23:42 - INFO - probability_positive min=0.0000 mean=0.4936 std=0.4939 max=0.9998 predicted_0=77 predicted_1=75
2026-09-13 15:24:03 - INFO - Epoch 21/30 | Train loss: 0.065870 | Val loss: 1.122702 | LR: 2.00e-05 | Best epoch: 17 | Patience: 4 | Train: 19.19s | Validation: 2.15s | Epoch: 21.34s | Total: 454.11s
2026-09-13 15:24:03 - INFO - [Classification Report - split=train epoch=21 - threshold=0.50]
2026-09-13 15:24:03 - INFO -                 precision    recall  f1-score   support
2026-09-13 15:24:03 - INFO - 
2026-09-13 15:24:03 - INFO -       safe (0)     0.9872    0.9872    0.9872       235
2026-09-13 15:24:03 - INFO - vulnerable (1)     0.9864    0.9864    0.9864       221
2026-09-13 15:24:03 - INFO - 
2026-09-13 15:24:03 - INFO -       accuracy                         0.9868       456
2026-09-13 15:24:03 - INFO -      macro avg     0.9868    0.9868    0.9868       456
2026-09-13 15:24:03 - INFO -   weighted avg     0.9868    0.9868    0.9868       456
2026-09-13 15:24:03 - INFO - Confusion matrix - [[tn=232, fp=3], [fn=3, tp=218]]
2026-09-13 15:24:03 - INFO - probability_positive min=0.0001 mean=0.4835 std=0.4964 max=1.0000 predicted_0=235 predicted_1=221
2026-09-13 15:24:03 - INFO - [Classification Report - split=validation epoch=21 - threshold=0.50]
2026-09-13 15:24:03 - INFO -                 precision    recall  f1-score   support
2026-09-13 15:24:03 - INFO - 
2026-09-13 15:24:03 - INFO -       safe (0)     0.8472    0.8243    0.8356        74
2026-09-13 15:24:03 - INFO - vulnerable (1)     0.8375    0.8590    0.8481        78
2026-09-13 15:24:03 - INFO - 
2026-09-13 15:24:03 - INFO -       accuracy                         0.8421       152
2026-09-13 15:24:03 - INFO -      macro avg     0.8424    0.8416    0.8419       152
2026-09-13 15:24:03 - INFO -   weighted avg     0.8422    0.8421    0.8420       152
2026-09-13 15:24:03 - INFO - Confusion matrix - [[tn=61, fp=13], [fn=11, tp=67]]
2026-09-13 15:24:03 - INFO - probability_positive min=0.0000 mean=0.5241 std=0.4949 max=1.0000 predicted_0=72 predicted_1=80
2026-09-13 15:24:25 - INFO - Epoch 22/30 | Train loss: 0.033054 | Val loss: 1.313451 | LR: 2.00e-05 | Best epoch: 17 | Patience: 5 | Train: 19.19s | Validation: 2.14s | Epoch: 21.33s | Total: 475.45s
2026-09-13 15:24:25 - INFO - [Classification Report - split=train epoch=22 - threshold=0.50]
2026-09-13 15:24:25 - INFO -                 precision    recall  f1-score   support
2026-09-13 15:24:25 - INFO - 
2026-09-13 15:24:25 - INFO -       safe (0)     0.9915    0.9872    0.9893       235
2026-09-13 15:24:25 - INFO - vulnerable (1)     0.9865    0.9910    0.9887       221
2026-09-13 15:24:25 - INFO - 
2026-09-13 15:24:25 - INFO -       accuracy                         0.9890       456
2026-09-13 15:24:25 - INFO -      macro avg     0.9890    0.9891    0.9890       456
2026-09-13 15:24:25 - INFO -   weighted avg     0.9890    0.9890    0.9890       456
2026-09-13 15:24:25 - INFO - Confusion matrix - [[tn=232, fp=3], [fn=2, tp=219]]
2026-09-13 15:24:25 - INFO - probability_positive min=0.0000 mean=0.4865 std=0.4950 max=1.0000 predicted_0=234 predicted_1=222
2026-09-13 15:24:25 - INFO - [Classification Report - split=validation epoch=22 - threshold=0.50]
2026-09-13 15:24:25 - INFO -                 precision    recall  f1-score   support
2026-09-13 15:24:25 - INFO - 
2026-09-13 15:24:25 - INFO -       safe (0)     0.7976    0.9054    0.8481        74
2026-09-13 15:24:25 - INFO - vulnerable (1)     0.8971    0.7821    0.8356        78
2026-09-13 15:24:25 - INFO - 
2026-09-13 15:24:25 - INFO -       accuracy                         0.8421       152
2026-09-13 15:24:25 - INFO -      macro avg     0.8473    0.8437    0.8419       152
2026-09-13 15:24:25 - INFO -   weighted avg     0.8486    0.8421    0.8417       152
2026-09-13 15:24:25 - INFO - Confusion matrix - [[tn=67, fp=7], [fn=17, tp=61]]
2026-09-13 15:24:25 - INFO - probability_positive min=0.0000 mean=0.4444 std=0.4851 max=1.0000 predicted_0=84 predicted_1=68
2026-09-13 15:24:25 - INFO - Early stopping | Epoch: 22 | Best epoch: 17
2026-09-13 15:24:25 - INFO - Best checkpoint saved | Path: model/fus2w_codebert/transfer_latent_bottleneck_com_l0p05_ad48_fusftrnd_adamw/seed_42/fold1/best.pt | Epoch: 17 | Val macro_f1: 0.874734
2026-09-13 15:24:25 - INFO - Training finished | Elapsed: 475.46s
2026-09-13 15:24:25 - INFO - Runtime ghi lai | model/fus2w_codebert/transfer_latent_bottleneck_com_l0p05_ad48_fusftrnd_adamw/seed_42/fold1/best.pt.runtime.json | 22 epoch | 21.6s/epoch | NVIDIA GeForce RTX 5060 Ti
2026-09-13 15:24:25 - INFO - Run finished | Phase: phase2 | Fold: 1 | Seed: 42 | Elapsed: 478.02s
2026-09-13 15:24:31 - INFO - Using device: cuda
2026-09-13 15:24:31 - INFO - Run started | Run: fus2w_codebert | Method: transfer_latent_bottleneck_com_l0p05_ad48_fusftrnd_adamw | Phase: test | Fold: 1 | Seed: 42 | Device: cuda
2026-09-13 15:24:31 - INFO - Loading Python validation data: data/sven_python_folds_norm/fold1/val.jsonl
2026-09-13 15:24:31 - INFO - Loading Python test data: data/sven_python_folds_norm/fold1/test.jsonl
2026-09-13 15:24:31 - INFO - Data split: python_val | Total: 152 | Labels: {0: 74, 1: 78} | CWEs: {'CWE-022': 8, 'CWE-078': 42, 'CWE-079': 19, 'CWE-089': 83} | Languages: {'python': 152} | Invalid CWE: 0
2026-09-13 15:24:31 - INFO - Data split: python_test | Total: 152 | Labels: {0: 71, 1: 81} | CWEs: {'CWE-022': 19, 'CWE-078': 39, 'CWE-079': 14, 'CWE-089': 80} | Languages: {'python': 152} | Invalid CWE: 0
2026-09-13 15:24:32 - INFO - Auxiliary head width taken from checkpoint: 10
2026-09-13 15:24:33 - INFO - Dung lai adapter tu checkpoint | ten=['src', 'tgt'] | dim=48 | fusion=True
2026-09-13 15:24:33 - INFO - Environment: {"components": {"backbone": {"frozen": 0, "total": 147686784, "trainable": 147686784}, "cwe_head": {"frozen": 90, "total": 90, "trainable": 0}, "latent_proj": {"frozen": 6152, "total": 6152, "trainable": 0}, "vul_head": {"frozen": 0, "total": 1538, "trainable": 1538}}, "cuda": "12.8", "fold": 1, "frozen_parameters": 6242, "gpu": "NVIDIA GeForce RTX 5060 Ti", "hyperparameters": {"adamw_anneal_lr": false, "adapter_dim": 0, "adapter_lr": 0.0001, "anneal_fun": "sigmoid", "anneal_k": 0.05, "anneal_t0_ratio": 0.05, "anneal_w": 1.0, "asam_eta": 0.01, "aux_class_balanced": false, "aux_mode": "latent_bottleneck", "aux_weight_lr": 0.01, "aux_weight_mode": "fixed", "batch_size": 16, "checkpoint_path": "model/fus2w_codebert/transfer_latent_bottleneck_com_l0p05_ad48_fusftrnd_adamw/seed_42/fold1/best.pt", "cwe_vocab": "precomputed", "data_path": "data/train_ccpp_filtered.jsonl", "data_root": "data/sven_python_folds_norm", "epochs": 10, "eval_batch_size": 16, "feat_distill_beta": 0.0, "feat_distill_mode": "cos", "fisher_path": null, "fold": 1, "freeze_backbone_layers": 0, "freeze_prototypes_steps": 0, "fusion_src_random": false, "grad_checkpointing": false, "lambda_cwe": 0.2, "latent_temperature": 0.1, "learning_rate": 2e-05, "lora_rank": 0, "lp_epochs": 0, "lp_learning_rate": 0.001, "max_eval_samples": null, "max_grad_norm": 1.0, "max_length": 512, "max_train_samples": null, "method_name": "transfer_latent_bottleneck_com_l0p05_ad48_fusftrnd_adamw", "min_epochs": 3, "model_name": "microsoft/codebert-base", "num_cwes": 10, "num_latent": 8, "num_workers": 0, "output_dir": "results/fus2w_codebert/transfer_latent_bottleneck_com_l0p05_ad48_fusftrnd_adamw", "patience": 5, "phase": "test", "phase2_fusion": "off", "phase2_gate": "off", "phase2_gate_alpha": 0.3, "phase2_gate_init": 0.0, "phase2_gate_lr": 0.01, "phase2_gate_proj": "learned", "phase2_lambda_cwe": 0.0, "phase2_optimizer": "recadam", "phase2_reinit_head": false, "pooling": "cls", "pretrain_cof": 5000.0, "recadam_anchor": "source", "recadam_anchor_head": "source", "replay_batch_size": 0, "replay_cwe_vocab": "fixed4", "replay_data": null, "replay_epochs": 0, "replay_lambda_cwe": 0.0, "replay_mu": 0.0, "replay_stratify": false, "result_path": "results/fus2w_codebert/transfer_latent_bottleneck_com_l0p05_ad48_fusftrnd_adamw/seed_42/fold1.json", "run_name": "fus2w_codebert", "sam_rho": 0.0, "sam_variant": "sam", "seed": 42, "selection_metric": "macro_f1", "source_checkpoint": null, "source_eval_data": null, "source_interp_grid": null, "source_interpolation": 1.0, "spd_lambda": 1.0, "spd_replace_wd": false, "strict_determinism": false, "target_lang": "python", "test_path": null, "train_path": null, "truncation_strategy": "head_middle_tail", "val_path": null, "weight_decay": 0.01}, "mode": "test_inference_no_optimizer", "model_name": "microsoft/codebert-base", "seed": 42, "sklearn": "1.7.2", "torch": "2.11.0+cu128", "trainable_parameters": 147688322, "transformers": "4.57.1"}
2026-09-13 15:24:36 - INFO - Evaluation time | Split: validation+threshold | Seconds: 2.86
2026-09-13 15:24:36 - INFO - [Classification Report - split=validation - threshold=0.50]
2026-09-13 15:24:36 - INFO -                 precision    recall  f1-score   support
2026-09-13 15:24:36 - INFO - 
2026-09-13 15:24:36 - INFO -       safe (0)     0.8873    0.8514    0.8690        74
2026-09-13 15:24:36 - INFO - vulnerable (1)     0.8642    0.8974    0.8805        78
2026-09-13 15:24:36 - INFO - 
2026-09-13 15:24:36 - INFO -       accuracy                         0.8750       152
2026-09-13 15:24:36 - INFO -      macro avg     0.8758    0.8744    0.8747       152
2026-09-13 15:24:36 - INFO -   weighted avg     0.8755    0.8750    0.8749       152
2026-09-13 15:24:36 - INFO - Confusion matrix - [[tn=63, fp=11], [fn=8, tp=70]]
2026-09-13 15:24:36 - INFO - probability_positive min=0.0016 mean=0.5360 std=0.4914 max=1.0000 predicted_0=71 predicted_1=81
2026-09-13 15:24:36 - INFO - [Classification Report - split=validation_calibrated - threshold=0.80]
2026-09-13 15:24:36 - INFO -                 precision    recall  f1-score   support
2026-09-13 15:24:36 - INFO - 
2026-09-13 15:24:36 - INFO -       safe (0)     0.8889    0.8649    0.8767        74
2026-09-13 15:24:36 - INFO - vulnerable (1)     0.8750    0.8974    0.8861        78
2026-09-13 15:24:36 - INFO - 
2026-09-13 15:24:36 - INFO -       accuracy                         0.8816       152
2026-09-13 15:24:36 - INFO -      macro avg     0.8819    0.8812    0.8814       152
2026-09-13 15:24:36 - INFO -   weighted avg     0.8818    0.8816    0.8815       152
2026-09-13 15:24:36 - INFO - Confusion matrix - [[tn=64, fp=10], [fn=8, tp=70]]
2026-09-13 15:24:36 - INFO - probability_positive min=0.0016 mean=0.5360 std=0.4914 max=1.0000 predicted_0=72 predicted_1=80
2026-09-13 15:24:38 - INFO - Evaluation time | Split: test | Seconds: 2.14
2026-09-13 15:24:38 - INFO - [Classification Report - split=test - threshold=0.50]
2026-09-13 15:24:38 - INFO -                 precision    recall  f1-score   support
2026-09-13 15:24:38 - INFO - 
2026-09-13 15:24:38 - INFO -       safe (0)     0.8615    0.7887    0.8235        71
2026-09-13 15:24:38 - INFO - vulnerable (1)     0.8276    0.8889    0.8571        81
2026-09-13 15:24:38 - INFO - 
2026-09-13 15:24:38 - INFO -       accuracy                         0.8421       152
2026-09-13 15:24:38 - INFO -      macro avg     0.8446    0.8388    0.8403       152
2026-09-13 15:24:38 - INFO -   weighted avg     0.8434    0.8421    0.8414       152
2026-09-13 15:24:38 - INFO - Confusion matrix - [[tn=56, fp=15], [fn=9, tp=72]]
2026-09-13 15:24:38 - INFO - probability_positive min=0.0020 mean=0.5784 std=0.4843 max=1.0000 predicted_0=65 predicted_1=87
2026-09-13 15:24:38 - INFO - [Classification Report - split=test_valcal - threshold=0.80]
2026-09-13 15:24:38 - INFO -                 precision    recall  f1-score   support
2026-09-13 15:24:38 - INFO - 
2026-09-13 15:24:38 - INFO -       safe (0)     0.8615    0.7887    0.8235        71
2026-09-13 15:24:38 - INFO - vulnerable (1)     0.8276    0.8889    0.8571        81
2026-09-13 15:24:38 - INFO - 
2026-09-13 15:24:38 - INFO -       accuracy                         0.8421       152
2026-09-13 15:24:38 - INFO -      macro avg     0.8446    0.8388    0.8403       152
2026-09-13 15:24:38 - INFO -   weighted avg     0.8434    0.8421    0.8414       152
2026-09-13 15:24:38 - INFO - Confusion matrix - [[tn=56, fp=15], [fn=9, tp=72]]
2026-09-13 15:24:38 - INFO - probability_positive min=0.0020 mean=0.5784 std=0.4843 max=1.0000 predicted_0=65 predicted_1=87
2026-09-13 15:24:38 - INFO - [Classification Report - split=test_at_0.5_CWE-022 - threshold=0.50]
2026-09-13 15:24:38 - INFO -                 precision    recall  f1-score   support
2026-09-13 15:24:38 - INFO - 
2026-09-13 15:24:38 - INFO -       safe (0)     0.6000    0.6000    0.6000        10
2026-09-13 15:24:38 - INFO - vulnerable (1)     0.5556    0.5556    0.5556         9
2026-09-13 15:24:38 - INFO - 
2026-09-13 15:24:38 - INFO -       accuracy                         0.5789        19
2026-09-13 15:24:38 - INFO -      macro avg     0.5778    0.5778    0.5778        19
2026-09-13 15:24:38 - INFO -   weighted avg     0.5789    0.5789    0.5789        19
2026-09-13 15:24:38 - INFO - Confusion matrix - [[tn=6, fp=4], [fn=4, tp=5]]
2026-09-13 15:24:38 - INFO - probability_positive min=0.0027 mean=0.4929 std=0.4812 max=1.0000 predicted_0=10 predicted_1=9
2026-09-13 15:24:38 - INFO - [Classification Report - split=test_at_0.5_CWE-078 - threshold=0.50]
2026-09-13 15:24:38 - INFO -                 precision    recall  f1-score   support
2026-09-13 15:24:38 - INFO - 
2026-09-13 15:24:38 - INFO -       safe (0)     0.8889    0.5333    0.6667        15
2026-09-13 15:24:38 - INFO - vulnerable (1)     0.7667    0.9583    0.8519        24
2026-09-13 15:24:38 - INFO - 
2026-09-13 15:24:38 - INFO -       accuracy                         0.7949        39
2026-09-13 15:24:38 - INFO -      macro avg     0.8278    0.7458    0.7593        39
2026-09-13 15:24:38 - INFO -   weighted avg     0.8137    0.7949    0.7806        39
2026-09-13 15:24:38 - INFO - Confusion matrix - [[tn=8, fp=7], [fn=1, tp=23]]
2026-09-13 15:24:38 - INFO - probability_positive min=0.0021 mean=0.7736 std=0.4133 max=1.0000 predicted_0=9 predicted_1=30
2026-09-13 15:24:38 - INFO - [Classification Report - split=test_at_0.5_CWE-079 - threshold=0.50]
2026-09-13 15:24:38 - INFO -                 precision    recall  f1-score   support
2026-09-13 15:24:38 - INFO - 
2026-09-13 15:24:38 - INFO -       safe (0)     0.6667    0.5714    0.6154         7
2026-09-13 15:24:38 - INFO - vulnerable (1)     0.6250    0.7143    0.6667         7
2026-09-13 15:24:38 - INFO - 
2026-09-13 15:24:38 - INFO -       accuracy                         0.6429        14
2026-09-13 15:24:38 - INFO -      macro avg     0.6458    0.6429    0.6410        14
2026-09-13 15:24:38 - INFO -   weighted avg     0.6458    0.6429    0.6410        14
2026-09-13 15:24:38 - INFO - Confusion matrix - [[tn=4, fp=3], [fn=2, tp=5]]
2026-09-13 15:24:38 - INFO - probability_positive min=0.0024 mean=0.5721 std=0.4836 max=1.0000 predicted_0=6 predicted_1=8
2026-09-13 15:24:38 - INFO - [Classification Report - split=test_at_0.5_CWE-089 - threshold=0.50]
2026-09-13 15:24:38 - INFO -                 precision    recall  f1-score   support
2026-09-13 15:24:38 - INFO - 
2026-09-13 15:24:38 - INFO -       safe (0)     0.9500    0.9744    0.9620        39
2026-09-13 15:24:38 - INFO - vulnerable (1)     0.9750    0.9512    0.9630        41
2026-09-13 15:24:38 - INFO - 
2026-09-13 15:24:38 - INFO -       accuracy                         0.9625        80
2026-09-13 15:24:38 - INFO -      macro avg     0.9625    0.9628    0.9625        80
2026-09-13 15:24:38 - INFO -   weighted avg     0.9628    0.9625    0.9625        80
2026-09-13 15:24:38 - INFO - Confusion matrix - [[tn=38, fp=1], [fn=2, tp=39]]
2026-09-13 15:24:38 - INFO - probability_positive min=0.0020 mean=0.5047 std=0.4907 max=1.0000 predicted_0=40 predicted_1=40
2026-09-13 15:24:38 - INFO - [Classification Report - split=test_at_valcal_CWE-022 - threshold=0.80]
2026-09-13 15:24:38 - INFO -                 precision    recall  f1-score   support
2026-09-13 15:24:38 - INFO - 
2026-09-13 15:24:38 - INFO -       safe (0)     0.6000    0.6000    0.6000        10
2026-09-13 15:24:38 - INFO - vulnerable (1)     0.5556    0.5556    0.5556         9
2026-09-13 15:24:38 - INFO - 
2026-09-13 15:24:38 - INFO -       accuracy                         0.5789        19
2026-09-13 15:24:38 - INFO -      macro avg     0.5778    0.5778    0.5778        19
2026-09-13 15:24:38 - INFO -   weighted avg     0.5789    0.5789    0.5789        19
2026-09-13 15:24:38 - INFO - Confusion matrix - [[tn=6, fp=4], [fn=4, tp=5]]
2026-09-13 15:24:38 - INFO - probability_positive min=0.0027 mean=0.4929 std=0.4812 max=1.0000 predicted_0=10 predicted_1=9
2026-09-13 15:24:38 - INFO - [Classification Report - split=test_at_valcal_CWE-078 - threshold=0.80]
2026-09-13 15:24:38 - INFO -                 precision    recall  f1-score   support
2026-09-13 15:24:38 - INFO - 
2026-09-13 15:24:38 - INFO -       safe (0)     0.8889    0.5333    0.6667        15
2026-09-13 15:24:38 - INFO - vulnerable (1)     0.7667    0.9583    0.8519        24
2026-09-13 15:24:38 - INFO - 
2026-09-13 15:24:38 - INFO -       accuracy                         0.7949        39
2026-09-13 15:24:38 - INFO -      macro avg     0.8278    0.7458    0.7593        39
2026-09-13 15:24:38 - INFO -   weighted avg     0.8137    0.7949    0.7806        39
2026-09-13 15:24:38 - INFO - Confusion matrix - [[tn=8, fp=7], [fn=1, tp=23]]
2026-09-13 15:24:38 - INFO - probability_positive min=0.0021 mean=0.7736 std=0.4133 max=1.0000 predicted_0=9 predicted_1=30
2026-09-13 15:24:38 - INFO - [Classification Report - split=test_at_valcal_CWE-079 - threshold=0.80]
2026-09-13 15:24:38 - INFO -                 precision    recall  f1-score   support
2026-09-13 15:24:38 - INFO - 
2026-09-13 15:24:38 - INFO -       safe (0)     0.6667    0.5714    0.6154         7
2026-09-13 15:24:38 - INFO - vulnerable (1)     0.6250    0.7143    0.6667         7
2026-09-13 15:24:38 - INFO - 
2026-09-13 15:24:38 - INFO -       accuracy                         0.6429        14
2026-09-13 15:24:38 - INFO -      macro avg     0.6458    0.6429    0.6410        14
2026-09-13 15:24:38 - INFO -   weighted avg     0.6458    0.6429    0.6410        14
2026-09-13 15:24:38 - INFO - Confusion matrix - [[tn=4, fp=3], [fn=2, tp=5]]
2026-09-13 15:24:38 - INFO - probability_positive min=0.0024 mean=0.5721 std=0.4836 max=1.0000 predicted_0=6 predicted_1=8
2026-09-13 15:24:38 - INFO - [Classification Report - split=test_at_valcal_CWE-089 - threshold=0.80]
2026-09-13 15:24:38 - INFO -                 precision    recall  f1-score   support
2026-09-13 15:24:38 - INFO - 
2026-09-13 15:24:38 - INFO -       safe (0)     0.9500    0.9744    0.9620        39
2026-09-13 15:24:38 - INFO - vulnerable (1)     0.9750    0.9512    0.9630        41
2026-09-13 15:24:38 - INFO - 
2026-09-13 15:24:38 - INFO -       accuracy                         0.9625        80
2026-09-13 15:24:38 - INFO -      macro avg     0.9625    0.9628    0.9625        80
2026-09-13 15:24:38 - INFO -   weighted avg     0.9628    0.9625    0.9625        80
2026-09-13 15:24:38 - INFO - Confusion matrix - [[tn=38, fp=1], [fn=2, tp=39]]
2026-09-13 15:24:38 - INFO - probability_positive min=0.0020 mean=0.5047 std=0.4907 max=1.0000 predicted_0=40 predicted_1=40
2026-09-13 15:24:39 - INFO - Test result saved: results/fus2w_codebert/transfer_latent_bottleneck_com_l0p05_ad48_fusftrnd_adamw/seed_42/fold1.json
2026-09-13 15:24:39 - INFO - Run finished | Phase: test | Fold: 1 | Seed: 42 | Elapsed: 7.49s
