2026-08-21 15:05:33 - INFO - Using device: cuda
2026-08-21 15:05:33 - INFO - Run started | Run: cb_lam_codebert | Method: transfer_cwe | Phase: phase2 | Fold: 3 | Seed: 42 | Device: cuda
2026-08-21 15:05:33 - INFO - Loading Python training data: data/sven_python_folds_norm/fold3/train.jsonl
2026-08-21 15:05:33 - INFO - Loading Python validation data: data/sven_python_folds_norm/fold3/val.jsonl
2026-08-21 15:05:33 - INFO - Data split: python_train | Total: 456 | Labels: {0: 217, 1: 239} | CWEs: {'CWE-022': 40, 'CWE-078': 125, 'CWE-079': 49, 'CWE-089': 242} | Languages: {'python': 456} | Invalid CWE: 0
2026-08-21 15:05:33 - INFO - Data split: python_val | Total: 152 | Labels: {0: 83, 1: 69} | CWEs: {'CWE-022': 11, 'CWE-078': 41, 'CWE-079': 13, 'CWE-089': 87} | Languages: {'python': 152} | Invalid CWE: 0
2026-08-21 15:05:34 - INFO - Auxiliary head width taken from checkpoint: 4
2026-08-21 15:05:36 - INFO - Loaded source checkpoint: model/cb_lam_codebert/transfer_cwe/seed_42/source/best.pt | Best epoch: 12 | Best Val Macro-F1: 0.674224
2026-08-21 15:05:36 - INFO - RecAdam schedule | Total steps: 870 | Steps/epoch: 29 | Anneal t0: 43 | Weights: {1: 0.10909682119561293, 29: 0.3318122278318339, 43: 0.5, 870: 1.0}
2026-08-21 15:05:36 - INFO - Environment: {"components": {"backbone": {"frozen": 0, "total": 124645632, "trainable": 124645632}, "cwe_head": {"frozen": 3076, "total": 3076, "trainable": 0}, "vul_head": {"frozen": 0, "total": 1538, "trainable": 1538}}, "cuda": "12.8", "fold": 3, "frozen_parameters": 3076, "gpu": "NVIDIA GeForce RTX 4070 Ti SUPER", "hyperparameters": {"anneal_fun": "sigmoid", "anneal_k": 0.05, "anneal_t0_ratio": 0.05, "anneal_w": 1.0, "aux_mode": "cwe", "batch_size": 16, "checkpoint_path": "model/cb_lam_codebert/transfer_cwe/seed_42/fold3/best.pt", "cwe_vocab": "fixed4", "data_path": "data/train_ccpp_filtered.jsonl", "data_root": "data/sven_python_folds_norm", "epochs": 30, "eval_batch_size": 16, "fold": 3, "freeze_backbone_layers": 0, "freeze_prototypes_steps": 0, "lambda_cwe": 0.2, "latent_temperature": 0.1, "learning_rate": 2e-05, "lora_rank": 0, "lp_epochs": 0, "lp_learning_rate": 0.001, "max_eval_samples": null, "max_grad_norm": 1.0, "max_length": 512, "max_train_samples": null, "method_name": "transfer_cwe", "min_epochs": 3, "model_name": "microsoft/codebert-base", "num_cwes": 4, "num_latent": 8, "num_workers": 0, "output_dir": "results/cb_lam_codebert/transfer_cwe", "patience": 5, "phase": "phase2", "phase2_optimizer": "recadam", "pooling": "cls", "pretrain_cof": 5000.0, "recadam_anchor": "source", "result_path": "results/cb_lam_codebert/transfer_cwe/seed_42/fold3.json", "run_name": "cb_lam_codebert", "seed": 42, "selection_metric": "macro_f1", "source_checkpoint": "model/cb_lam_codebert/transfer_cwe/seed_42/source/best.pt", "source_interpolation": 1.0, "strict_determinism": false, "target_lang": "python", "test_path": null, "train_path": null, "truncation_strategy": "head_middle_tail", "val_path": null, "weight_decay": 0.01}, "mode": "phase2_train", "model_name": "microsoft/codebert-base", "seed": 42, "sklearn": "1.7.2", "torch": "2.11.0+cu128", "trainable_parameters": 124647170, "transformers": "4.57.1"}
2026-08-21 15:05:36 - INFO - Training started | Phase: phase2 | Epochs: 30
2026-08-21 15:05:37 - INFO - RecAdam first-step safety checks passed
2026-08-21 15:05:45 - INFO - Epoch 1/30 | Train loss: 0.709166 | Val loss: 0.589694 | LR: 2.00e-05 | Best epoch: 1 | Patience: 0 | Train: 8.19s | Validation: 0.86s | Epoch: 9.38s | Total: 9.38s
2026-08-21 15:05:45 - INFO - RecAdam target-task weight at epoch end: 0.331812
2026-08-21 15:05:45 - INFO - [Classification Report - split=train epoch=1 - threshold=0.50]
2026-08-21 15:05:45 - INFO -                 precision    recall  f1-score   support
2026-08-21 15:05:45 - INFO - 
2026-08-21 15:05:45 - INFO -       safe (0)     0.6194    0.4424    0.5161       217
2026-08-21 15:05:45 - INFO - vulnerable (1)     0.5980    0.7531    0.6667       239
2026-08-21 15:05:45 - INFO - 
2026-08-21 15:05:45 - INFO -       accuracy                         0.6053       456
2026-08-21 15:05:45 - INFO -      macro avg     0.6087    0.5978    0.5914       456
2026-08-21 15:05:45 - INFO -   weighted avg     0.6082    0.6053    0.5950       456
2026-08-21 15:05:45 - INFO - Confusion matrix - [[tn=96, fp=121], [fn=59, tp=180]]
2026-08-21 15:05:45 - INFO - probability_positive min=0.0042 mean=0.6024 std=0.2369 max=0.9941 predicted_0=155 predicted_1=301
2026-08-21 15:05:45 - INFO - [Classification Report - split=validation epoch=1 - threshold=0.50]
2026-08-21 15:05:45 - INFO -                 precision    recall  f1-score   support
2026-08-21 15:05:45 - INFO - 
2026-08-21 15:05:45 - INFO -       safe (0)     0.7667    0.5542    0.6434        83
2026-08-21 15:05:45 - INFO - vulnerable (1)     0.5978    0.7971    0.6832        69
2026-08-21 15:05:45 - INFO - 
2026-08-21 15:05:45 - INFO -       accuracy                         0.6645       152
2026-08-21 15:05:45 - INFO -      macro avg     0.6822    0.6757    0.6633       152
2026-08-21 15:05:45 - INFO -   weighted avg     0.6900    0.6645    0.6615       152
2026-08-21 15:05:45 - INFO - Confusion matrix - [[tn=46, fp=37], [fn=14, tp=55]]
2026-08-21 15:05:45 - INFO - probability_positive min=0.0023 mean=0.5610 std=0.2637 max=0.9957 predicted_0=60 predicted_1=92
2026-08-21 15:05:45 - INFO - New best model | Macro-F1: 0.663293 | Epoch: 1
2026-08-21 15:05:55 - INFO - Epoch 2/30 | Train loss: 0.644356 | Val loss: 0.515908 | LR: 2.00e-05 | Best epoch: 2 | Patience: 0 | Train: 8.04s | Validation: 0.86s | Epoch: 9.41s | Total: 18.80s
2026-08-21 15:05:55 - INFO - RecAdam target-task weight at epoch end: 0.679179
2026-08-21 15:05:55 - INFO - [Classification Report - split=train epoch=2 - threshold=0.50]
2026-08-21 15:05:55 - INFO -                 precision    recall  f1-score   support
2026-08-21 15:05:55 - INFO - 
2026-08-21 15:05:55 - INFO -       safe (0)     0.6207    0.5806    0.6000       217
2026-08-21 15:05:55 - INFO - vulnerable (1)     0.6403    0.6778    0.6585       239
2026-08-21 15:05:55 - INFO - 
2026-08-21 15:05:55 - INFO -       accuracy                         0.6316       456
2026-08-21 15:05:55 - INFO -      macro avg     0.6305    0.6292    0.6293       456
2026-08-21 15:05:55 - INFO -   weighted avg     0.6310    0.6316    0.6307       456
2026-08-21 15:05:55 - INFO - Confusion matrix - [[tn=126, fp=91], [fn=77, tp=162]]
2026-08-21 15:05:55 - INFO - probability_positive min=0.0087 mean=0.5305 std=0.2235 max=0.9918 predicted_0=203 predicted_1=253
2026-08-21 15:05:55 - INFO - [Classification Report - split=validation epoch=2 - threshold=0.50]
2026-08-21 15:05:55 - INFO -                 precision    recall  f1-score   support
2026-08-21 15:05:55 - INFO - 
2026-08-21 15:05:55 - INFO -       safe (0)     0.8060    0.6506    0.7200        83
2026-08-21 15:05:55 - INFO - vulnerable (1)     0.6588    0.8116    0.7273        69
2026-08-21 15:05:55 - INFO - 
2026-08-21 15:05:55 - INFO -       accuracy                         0.7237       152
2026-08-21 15:05:55 - INFO -      macro avg     0.7324    0.7311    0.7236       152
2026-08-21 15:05:55 - INFO -   weighted avg     0.7392    0.7237    0.7233       152
2026-08-21 15:05:55 - INFO - Confusion matrix - [[tn=54, fp=29], [fn=13, tp=56]]
2026-08-21 15:05:55 - INFO - probability_positive min=0.0042 mean=0.5380 std=0.2710 max=0.9959 predicted_0=67 predicted_1=85
2026-08-21 15:05:55 - INFO - New best model | Macro-F1: 0.723636 | Epoch: 2
2026-08-21 15:06:04 - INFO - Epoch 3/30 | Train loss: 0.552507 | Val loss: 0.475850 | LR: 2.00e-05 | Best epoch: 3 | Patience: 0 | Train: 8.06s | Validation: 0.87s | Epoch: 9.43s | Total: 28.26s
2026-08-21 15:06:04 - INFO - RecAdam target-task weight at epoch end: 0.900250
2026-08-21 15:06:04 - INFO - [Classification Report - split=train epoch=3 - threshold=0.50]
2026-08-21 15:06:04 - INFO -                 precision    recall  f1-score   support
2026-08-21 15:06:04 - INFO - 
2026-08-21 15:06:04 - INFO -       safe (0)     0.7177    0.6912    0.7042       217
2026-08-21 15:06:04 - INFO - vulnerable (1)     0.7287    0.7531    0.7407       239
2026-08-21 15:06:04 - INFO - 
2026-08-21 15:06:04 - INFO -       accuracy                         0.7237       456
2026-08-21 15:06:04 - INFO -      macro avg     0.7232    0.7222    0.7225       456
2026-08-21 15:06:04 - INFO -   weighted avg     0.7235    0.7237    0.7234       456
2026-08-21 15:06:04 - INFO - Confusion matrix - [[tn=150, fp=67], [fn=59, tp=180]]
2026-08-21 15:06:04 - INFO - probability_positive min=0.0081 mean=0.5197 std=0.2547 max=0.9956 predicted_0=209 predicted_1=247
2026-08-21 15:06:04 - INFO - [Classification Report - split=validation epoch=3 - threshold=0.50]
2026-08-21 15:06:04 - INFO -                 precision    recall  f1-score   support
2026-08-21 15:06:04 - INFO - 
2026-08-21 15:06:04 - INFO -       safe (0)     0.8406    0.6988    0.7632        83
2026-08-21 15:06:04 - INFO - vulnerable (1)     0.6988    0.8406    0.7632        69
2026-08-21 15:06:04 - INFO - 
2026-08-21 15:06:04 - INFO -       accuracy                         0.7632       152
2026-08-21 15:06:04 - INFO -      macro avg     0.7697    0.7697    0.7632       152
2026-08-21 15:06:04 - INFO -   weighted avg     0.7762    0.7632    0.7632       152
2026-08-21 15:06:04 - INFO - Confusion matrix - [[tn=58, fp=25], [fn=11, tp=58]]
2026-08-21 15:06:04 - INFO - probability_positive min=0.0094 mean=0.5151 std=0.3528 max=0.9957 predicted_0=69 predicted_1=83
2026-08-21 15:06:04 - INFO - New best model | Macro-F1: 0.763158 | Epoch: 3
2026-08-21 15:06:13 - INFO - Epoch 4/30 | Train loss: 0.429302 | Val loss: 0.618807 | LR: 2.00e-05 | Best epoch: 3 | Patience: 1 | Train: 8.07s | Validation: 0.87s | Epoch: 8.94s | Total: 37.21s
2026-08-21 15:06:13 - INFO - RecAdam target-task weight at epoch end: 0.974667
2026-08-21 15:06:13 - INFO - [Classification Report - split=train epoch=4 - threshold=0.50]
2026-08-21 15:06:13 - INFO -                 precision    recall  f1-score   support
2026-08-21 15:06:13 - INFO - 
2026-08-21 15:06:13 - INFO -       safe (0)     0.8168    0.7604    0.7876       217
2026-08-21 15:06:13 - INFO - vulnerable (1)     0.7953    0.8452    0.8195       239
2026-08-21 15:06:13 - INFO - 
2026-08-21 15:06:13 - INFO -       accuracy                         0.8048       456
2026-08-21 15:06:13 - INFO -      macro avg     0.8061    0.8028    0.8035       456
2026-08-21 15:06:13 - INFO -   weighted avg     0.8055    0.8048    0.8043       456
2026-08-21 15:06:13 - INFO - Confusion matrix - [[tn=165, fp=52], [fn=37, tp=202]]
2026-08-21 15:06:13 - INFO - probability_positive min=0.0076 mean=0.5265 std=0.3339 max=0.9947 predicted_0=202 predicted_1=254
2026-08-21 15:06:13 - INFO - [Classification Report - split=validation epoch=4 - threshold=0.50]
2026-08-21 15:06:13 - INFO -                 precision    recall  f1-score   support
2026-08-21 15:06:13 - INFO - 
2026-08-21 15:06:13 - INFO -       safe (0)     0.8333    0.6627    0.7383        83
2026-08-21 15:06:13 - INFO - vulnerable (1)     0.6744    0.8406    0.7484        69
2026-08-21 15:06:13 - INFO - 
2026-08-21 15:06:13 - INFO -       accuracy                         0.7434       152
2026-08-21 15:06:13 - INFO -      macro avg     0.7539    0.7516    0.7433       152
2026-08-21 15:06:13 - INFO -   weighted avg     0.7612    0.7434    0.7429       152
2026-08-21 15:06:13 - INFO - Confusion matrix - [[tn=55, fp=28], [fn=11, tp=58]]
2026-08-21 15:06:13 - INFO - probability_positive min=0.0028 mean=0.5273 std=0.4151 max=0.9980 predicted_0=66 predicted_1=86
2026-08-21 15:06:23 - INFO - Epoch 5/30 | Train loss: 0.303954 | Val loss: 0.562715 | LR: 2.00e-05 | Best epoch: 5 | Patience: 0 | Train: 8.07s | Validation: 0.87s | Epoch: 9.44s | Total: 46.66s
2026-08-21 15:06:23 - INFO - RecAdam target-task weight at epoch end: 0.993940
2026-08-21 15:06:23 - INFO - [Classification Report - split=train epoch=5 - threshold=0.50]
2026-08-21 15:06:23 - INFO -                 precision    recall  f1-score   support
2026-08-21 15:06:23 - INFO - 
2026-08-21 15:06:23 - INFO -       safe (0)     0.8775    0.8249    0.8504       217
2026-08-21 15:06:23 - INFO - vulnerable (1)     0.8492    0.8954    0.8717       239
2026-08-21 15:06:23 - INFO - 
2026-08-21 15:06:23 - INFO -       accuracy                         0.8618       456
2026-08-21 15:06:23 - INFO -      macro avg     0.8633    0.8601    0.8610       456
2026-08-21 15:06:23 - INFO -   weighted avg     0.8626    0.8618    0.8615       456
2026-08-21 15:06:23 - INFO - Confusion matrix - [[tn=179, fp=38], [fn=25, tp=214]]
2026-08-21 15:06:23 - INFO - probability_positive min=0.0035 mean=0.5234 std=0.3902 max=0.9980 predicted_0=204 predicted_1=252
2026-08-21 15:06:23 - INFO - [Classification Report - split=validation epoch=5 - threshold=0.50]
2026-08-21 15:06:23 - INFO -                 precision    recall  f1-score   support
2026-08-21 15:06:23 - INFO - 
2026-08-21 15:06:23 - INFO -       safe (0)     0.8272    0.8072    0.8171        83
2026-08-21 15:06:23 - INFO - vulnerable (1)     0.7746    0.7971    0.7857        69
2026-08-21 15:06:23 - INFO - 
2026-08-21 15:06:23 - INFO -       accuracy                         0.8026       152
2026-08-21 15:06:23 - INFO -      macro avg     0.8009    0.8022    0.8014       152
2026-08-21 15:06:23 - INFO -   weighted avg     0.8033    0.8026    0.8028       152
2026-08-21 15:06:23 - INFO - Confusion matrix - [[tn=67, fp=16], [fn=14, tp=55]]
2026-08-21 15:06:23 - INFO - probability_positive min=0.0014 mean=0.4525 std=0.4346 max=0.9984 predicted_0=81 predicted_1=71
2026-08-21 15:06:23 - INFO - New best model | Macro-F1: 0.801394 | Epoch: 5
2026-08-21 15:06:32 - INFO - Epoch 6/30 | Train loss: 0.195131 | Val loss: 0.657202 | LR: 2.00e-05 | Best epoch: 6 | Patience: 0 | Train: 8.07s | Validation: 0.87s | Epoch: 9.45s | Total: 56.13s
2026-08-21 15:06:32 - INFO - RecAdam target-task weight at epoch end: 0.998572
2026-08-21 15:06:32 - INFO - [Classification Report - split=train epoch=6 - threshold=0.50]
2026-08-21 15:06:32 - INFO -                 precision    recall  f1-score   support
2026-08-21 15:06:32 - INFO - 
2026-08-21 15:06:32 - INFO -       safe (0)     0.9302    0.9217    0.9259       217
2026-08-21 15:06:32 - INFO - vulnerable (1)     0.9295    0.9372    0.9333       239
2026-08-21 15:06:32 - INFO - 
2026-08-21 15:06:32 - INFO -       accuracy                         0.9298       456
2026-08-21 15:06:32 - INFO -      macro avg     0.9298    0.9294    0.9296       456
2026-08-21 15:06:32 - INFO -   weighted avg     0.9298    0.9298    0.9298       456
2026-08-21 15:06:32 - INFO - Confusion matrix - [[tn=200, fp=17], [fn=15, tp=224]]
2026-08-21 15:06:32 - INFO - probability_positive min=0.0015 mean=0.5174 std=0.4253 max=0.9994 predicted_0=215 predicted_1=241
2026-08-21 15:06:32 - INFO - [Classification Report - split=validation epoch=6 - threshold=0.50]
2026-08-21 15:06:32 - INFO -                 precision    recall  f1-score   support
2026-08-21 15:06:32 - INFO - 
2026-08-21 15:06:32 - INFO -       safe (0)     0.8293    0.8193    0.8242        83
2026-08-21 15:06:32 - INFO - vulnerable (1)     0.7857    0.7971    0.7914        69
2026-08-21 15:06:32 - INFO - 
2026-08-21 15:06:32 - INFO -       accuracy                         0.8092       152
2026-08-21 15:06:32 - INFO -      macro avg     0.8075    0.8082    0.8078       152
2026-08-21 15:06:32 - INFO -   weighted avg     0.8095    0.8092    0.8093       152
2026-08-21 15:06:32 - INFO - Confusion matrix - [[tn=68, fp=15], [fn=14, tp=55]]
2026-08-21 15:06:32 - INFO - probability_positive min=0.0006 mean=0.4585 std=0.4561 max=0.9995 predicted_0=82 predicted_1=70
2026-08-21 15:06:32 - INFO - New best model | Macro-F1: 0.807805 | Epoch: 6
2026-08-21 15:06:41 - INFO - Epoch 7/30 | Train loss: 0.173364 | Val loss: 0.825809 | LR: 2.00e-05 | Best epoch: 6 | Patience: 1 | Train: 8.08s | Validation: 0.87s | Epoch: 8.94s | Total: 65.11s
2026-08-21 15:06:41 - INFO - RecAdam target-task weight at epoch end: 0.999665
2026-08-21 15:06:41 - INFO - [Classification Report - split=train epoch=7 - threshold=0.50]
2026-08-21 15:06:41 - INFO -                 precision    recall  f1-score   support
2026-08-21 15:06:41 - INFO - 
2026-08-21 15:06:41 - INFO -       safe (0)     0.9517    0.9078    0.9292       217
2026-08-21 15:06:41 - INFO - vulnerable (1)     0.9197    0.9582    0.9385       239
2026-08-21 15:06:41 - INFO - 
2026-08-21 15:06:41 - INFO -       accuracy                         0.9342       456
2026-08-21 15:06:41 - INFO -      macro avg     0.9357    0.9330    0.9339       456
2026-08-21 15:06:41 - INFO -   weighted avg     0.9349    0.9342    0.9341       456
2026-08-21 15:06:41 - INFO - Confusion matrix - [[tn=197, fp=20], [fn=10, tp=229]]
2026-08-21 15:06:41 - INFO - probability_positive min=0.0006 mean=0.5418 std=0.4632 max=0.9997 predicted_0=207 predicted_1=249
2026-08-21 15:06:41 - INFO - [Classification Report - split=validation epoch=7 - threshold=0.50]
2026-08-21 15:06:41 - INFO -                 precision    recall  f1-score   support
2026-08-21 15:06:41 - INFO - 
2026-08-21 15:06:41 - INFO -       safe (0)     0.8354    0.7952    0.8148        83
2026-08-21 15:06:41 - INFO - vulnerable (1)     0.7671    0.8116    0.7887        69
2026-08-21 15:06:41 - INFO - 
2026-08-21 15:06:41 - INFO -       accuracy                         0.8026       152
2026-08-21 15:06:41 - INFO -      macro avg     0.8013    0.8034    0.8018       152
2026-08-21 15:06:41 - INFO -   weighted avg     0.8044    0.8026    0.8030       152
2026-08-21 15:06:41 - INFO - Confusion matrix - [[tn=66, fp=17], [fn=13, tp=56]]
2026-08-21 15:06:41 - INFO - probability_positive min=0.0004 mean=0.4789 std=0.4699 max=0.9998 predicted_0=79 predicted_1=73
2026-08-21 15:06:51 - INFO - Epoch 8/30 | Train loss: 0.135409 | Val loss: 0.901088 | LR: 2.00e-05 | Best epoch: 8 | Patience: 0 | Train: 8.07s | Validation: 0.87s | Epoch: 9.45s | Total: 74.57s
2026-08-21 15:06:51 - INFO - RecAdam target-task weight at epoch end: 0.999921
2026-08-21 15:06:51 - INFO - [Classification Report - split=train epoch=8 - threshold=0.50]
2026-08-21 15:06:51 - INFO -                 precision    recall  f1-score   support
2026-08-21 15:06:51 - INFO - 
2026-08-21 15:06:51 - INFO -       safe (0)     0.9401    0.9401    0.9401       217
2026-08-21 15:06:51 - INFO - vulnerable (1)     0.9456    0.9456    0.9456       239
2026-08-21 15:06:51 - INFO - 
2026-08-21 15:06:51 - INFO -       accuracy                         0.9430       456
2026-08-21 15:06:51 - INFO -      macro avg     0.9428    0.9428    0.9428       456
2026-08-21 15:06:51 - INFO -   weighted avg     0.9430    0.9430    0.9430       456
2026-08-21 15:06:51 - INFO - Confusion matrix - [[tn=204, fp=13], [fn=13, tp=226]]
2026-08-21 15:06:51 - INFO - probability_positive min=0.0006 mean=0.5175 std=0.4719 max=0.9998 predicted_0=217 predicted_1=239
2026-08-21 15:06:51 - INFO - [Classification Report - split=validation epoch=8 - threshold=0.50]
2026-08-21 15:06:51 - INFO -                 precision    recall  f1-score   support
2026-08-21 15:06:51 - INFO - 
2026-08-21 15:06:51 - INFO -       safe (0)     0.8462    0.7952    0.8199        83
2026-08-21 15:06:51 - INFO - vulnerable (1)     0.7703    0.8261    0.7972        69
2026-08-21 15:06:51 - INFO - 
2026-08-21 15:06:51 - INFO -       accuracy                         0.8092       152
2026-08-21 15:06:51 - INFO -      macro avg     0.8082    0.8106    0.8085       152
2026-08-21 15:06:51 - INFO -   weighted avg     0.8117    0.8092    0.8096       152
2026-08-21 15:06:51 - INFO - Confusion matrix - [[tn=66, fp=17], [fn=12, tp=57]]
2026-08-21 15:06:51 - INFO - probability_positive min=0.0003 mean=0.4694 std=0.4759 max=0.9999 predicted_0=78 predicted_1=74
2026-08-21 15:06:51 - INFO - New best model | Macro-F1: 0.808539 | Epoch: 8
2026-08-21 15:07:00 - INFO - Epoch 9/30 | Train loss: 0.108249 | Val loss: 1.022089 | LR: 2.00e-05 | Best epoch: 9 | Patience: 0 | Train: 8.08s | Validation: 0.87s | Epoch: 9.45s | Total: 84.04s
2026-08-21 15:07:00 - INFO - RecAdam target-task weight at epoch end: 0.999982
2026-08-21 15:07:00 - INFO - [Classification Report - split=train epoch=9 - threshold=0.50]
2026-08-21 15:07:00 - INFO -                 precision    recall  f1-score   support
2026-08-21 15:07:00 - INFO - 
2026-08-21 15:07:00 - INFO -       safe (0)     0.9493    0.9493    0.9493       217
2026-08-21 15:07:00 - INFO - vulnerable (1)     0.9540    0.9540    0.9540       239
2026-08-21 15:07:00 - INFO - 
2026-08-21 15:07:00 - INFO -       accuracy                         0.9518       456
2026-08-21 15:07:00 - INFO -      macro avg     0.9516    0.9516    0.9516       456
2026-08-21 15:07:00 - INFO -   weighted avg     0.9518    0.9518    0.9518       456
2026-08-21 15:07:00 - INFO - Confusion matrix - [[tn=206, fp=11], [fn=11, tp=228]]
2026-08-21 15:07:00 - INFO - probability_positive min=0.0005 mean=0.5273 std=0.4755 max=0.9998 predicted_0=217 predicted_1=239
2026-08-21 15:07:00 - INFO - [Classification Report - split=validation epoch=9 - threshold=0.50]
2026-08-21 15:07:00 - INFO -                 precision    recall  f1-score   support
2026-08-21 15:07:00 - INFO - 
2026-08-21 15:07:00 - INFO -       safe (0)     0.8395    0.8193    0.8293        83
2026-08-21 15:07:00 - INFO - vulnerable (1)     0.7887    0.8116    0.8000        69
2026-08-21 15:07:00 - INFO - 
2026-08-21 15:07:00 - INFO -       accuracy                         0.8158       152
2026-08-21 15:07:00 - INFO -      macro avg     0.8141    0.8154    0.8146       152
2026-08-21 15:07:00 - INFO -   weighted avg     0.8165    0.8158    0.8160       152
2026-08-21 15:07:00 - INFO - Confusion matrix - [[tn=68, fp=15], [fn=13, tp=56]]
2026-08-21 15:07:00 - INFO - probability_positive min=0.0001 mean=0.4652 std=0.4835 max=0.9999 predicted_0=81 predicted_1=71
2026-08-21 15:07:00 - INFO - New best model | Macro-F1: 0.814634 | Epoch: 9
2026-08-21 15:07:10 - INFO - Epoch 10/30 | Train loss: 0.103262 | Val loss: 1.034468 | LR: 2.00e-05 | Best epoch: 10 | Patience: 0 | Train: 8.08s | Validation: 0.87s | Epoch: 9.46s | Total: 93.52s
2026-08-21 15:07:10 - INFO - RecAdam target-task weight at epoch end: 0.999996
2026-08-21 15:07:10 - INFO - [Classification Report - split=train epoch=10 - threshold=0.50]
2026-08-21 15:07:10 - INFO -                 precision    recall  f1-score   support
2026-08-21 15:07:10 - INFO - 
2026-08-21 15:07:10 - INFO -       safe (0)     0.9498    0.9585    0.9541       217
2026-08-21 15:07:10 - INFO - vulnerable (1)     0.9620    0.9540    0.9580       239
2026-08-21 15:07:10 - INFO - 
2026-08-21 15:07:10 - INFO -       accuracy                         0.9561       456
2026-08-21 15:07:10 - INFO -      macro avg     0.9559    0.9563    0.9561       456
2026-08-21 15:07:10 - INFO -   weighted avg     0.9562    0.9561    0.9561       456
2026-08-21 15:07:10 - INFO - Confusion matrix - [[tn=208, fp=9], [fn=11, tp=228]]
2026-08-21 15:07:10 - INFO - probability_positive min=0.0001 mean=0.5191 std=0.4835 max=0.9999 predicted_0=219 predicted_1=237
2026-08-21 15:07:10 - INFO - [Classification Report - split=validation epoch=10 - threshold=0.50]
2026-08-21 15:07:10 - INFO -                 precision    recall  f1-score   support
2026-08-21 15:07:10 - INFO - 
2026-08-21 15:07:10 - INFO -       safe (0)     0.8481    0.8072    0.8272        83
2026-08-21 15:07:10 - INFO - vulnerable (1)     0.7808    0.8261    0.8028        69
2026-08-21 15:07:10 - INFO - 
2026-08-21 15:07:10 - INFO -       accuracy                         0.8158       152
2026-08-21 15:07:10 - INFO -      macro avg     0.8145    0.8167    0.8150       152
2026-08-21 15:07:10 - INFO -   weighted avg     0.8176    0.8158    0.8161       152
2026-08-21 15:07:10 - INFO - Confusion matrix - [[tn=67, fp=16], [fn=12, tp=57]]
2026-08-21 15:07:10 - INFO - probability_positive min=0.0001 mean=0.4828 std=0.4850 max=0.9999 predicted_0=79 predicted_1=73
2026-08-21 15:07:10 - INFO - New best model | Macro-F1: 0.814989 | Epoch: 10
2026-08-21 15:07:19 - INFO - Epoch 11/30 | Train loss: 0.055103 | Val loss: 1.293584 | LR: 2.00e-05 | Best epoch: 10 | Patience: 1 | Train: 8.08s | Validation: 0.87s | Epoch: 8.95s | Total: 102.48s
2026-08-21 15:07:19 - INFO - RecAdam target-task weight at epoch end: 0.999999
2026-08-21 15:07:19 - INFO - [Classification Report - split=train epoch=11 - threshold=0.50]
2026-08-21 15:07:19 - INFO -                 precision    recall  f1-score   support
2026-08-21 15:07:19 - INFO - 
2026-08-21 15:07:19 - INFO -       safe (0)     0.9635    0.9724    0.9679       217
2026-08-21 15:07:19 - INFO - vulnerable (1)     0.9747    0.9665    0.9706       239
2026-08-21 15:07:19 - INFO - 
2026-08-21 15:07:19 - INFO -       accuracy                         0.9693       456
2026-08-21 15:07:19 - INFO -      macro avg     0.9691    0.9694    0.9692       456
2026-08-21 15:07:19 - INFO -   weighted avg     0.9693    0.9693    0.9693       456
2026-08-21 15:07:19 - INFO - Confusion matrix - [[tn=211, fp=6], [fn=8, tp=231]]
2026-08-21 15:07:19 - INFO - probability_positive min=0.0001 mean=0.5218 std=0.4871 max=0.9999 predicted_0=219 predicted_1=237
2026-08-21 15:07:19 - INFO - [Classification Report - split=validation epoch=11 - threshold=0.50]
2026-08-21 15:07:19 - INFO -                 precision    recall  f1-score   support
2026-08-21 15:07:19 - INFO - 
2026-08-21 15:07:19 - INFO -       safe (0)     0.8442    0.7831    0.8125        83
2026-08-21 15:07:19 - INFO - vulnerable (1)     0.7600    0.8261    0.7917        69
2026-08-21 15:07:19 - INFO - 
2026-08-21 15:07:19 - INFO -       accuracy                         0.8026       152
2026-08-21 15:07:19 - INFO -      macro avg     0.8021    0.8046    0.8021       152
2026-08-21 15:07:19 - INFO -   weighted avg     0.8060    0.8026    0.8030       152
2026-08-21 15:07:19 - INFO - Confusion matrix - [[tn=65, fp=18], [fn=12, tp=57]]
2026-08-21 15:07:19 - INFO - probability_positive min=0.0001 mean=0.4956 std=0.4931 max=0.9999 predicted_0=77 predicted_1=75
2026-08-21 15:07:27 - INFO - Epoch 12/30 | Train loss: 0.074641 | Val loss: 1.450749 | LR: 2.00e-05 | Best epoch: 10 | Patience: 2 | Train: 8.08s | Validation: 0.87s | Epoch: 8.95s | Total: 111.44s
2026-08-21 15:07:27 - INFO - RecAdam target-task weight at epoch end: 1.000000
2026-08-21 15:07:28 - INFO - [Classification Report - split=train epoch=12 - threshold=0.50]
2026-08-21 15:07:28 - INFO -                 precision    recall  f1-score   support
2026-08-21 15:07:28 - INFO - 
2026-08-21 15:07:28 - INFO -       safe (0)     0.9772    0.9862    0.9817       217
2026-08-21 15:07:28 - INFO - vulnerable (1)     0.9873    0.9791    0.9832       239
2026-08-21 15:07:28 - INFO - 
2026-08-21 15:07:28 - INFO -       accuracy                         0.9825       456
2026-08-21 15:07:28 - INFO -      macro avg     0.9823    0.9826    0.9824       456
2026-08-21 15:07:28 - INFO -   weighted avg     0.9825    0.9825    0.9825       456
2026-08-21 15:07:28 - INFO - Confusion matrix - [[tn=214, fp=3], [fn=5, tp=234]]
2026-08-21 15:07:28 - INFO - probability_positive min=0.0001 mean=0.5193 std=0.4936 max=0.9999 predicted_0=219 predicted_1=237
2026-08-21 15:07:28 - INFO - [Classification Report - split=validation epoch=12 - threshold=0.50]
2026-08-21 15:07:28 - INFO -                 precision    recall  f1-score   support
2026-08-21 15:07:28 - INFO - 
2026-08-21 15:07:28 - INFO -       safe (0)     0.8442    0.7831    0.8125        83
2026-08-21 15:07:28 - INFO - vulnerable (1)     0.7600    0.8261    0.7917        69
2026-08-21 15:07:28 - INFO - 
2026-08-21 15:07:28 - INFO -       accuracy                         0.8026       152
2026-08-21 15:07:28 - INFO -      macro avg     0.8021    0.8046    0.8021       152
2026-08-21 15:07:28 - INFO -   weighted avg     0.8060    0.8026    0.8030       152
2026-08-21 15:07:28 - INFO - Confusion matrix - [[tn=65, fp=18], [fn=12, tp=57]]
2026-08-21 15:07:28 - INFO - probability_positive min=0.0000 mean=0.4928 std=0.4942 max=1.0000 predicted_0=77 predicted_1=75
2026-08-21 15:07:37 - INFO - Epoch 13/30 | Train loss: 0.055240 | Val loss: 1.358587 | LR: 2.00e-05 | Best epoch: 13 | Patience: 3 | Train: 8.09s | Validation: 0.87s | Epoch: 9.46s | Total: 120.91s
2026-08-21 15:07:37 - INFO - RecAdam target-task weight at epoch end: 1.000000
2026-08-21 15:07:37 - INFO - [Classification Report - split=train epoch=13 - threshold=0.50]
2026-08-21 15:07:37 - INFO -                 precision    recall  f1-score   support
2026-08-21 15:07:37 - INFO - 
2026-08-21 15:07:37 - INFO -       safe (0)     0.9729    0.9908    0.9817       217
2026-08-21 15:07:37 - INFO - vulnerable (1)     0.9915    0.9749    0.9831       239
2026-08-21 15:07:37 - INFO - 
2026-08-21 15:07:37 - INFO -       accuracy                         0.9825       456
2026-08-21 15:07:37 - INFO -      macro avg     0.9822    0.9828    0.9824       456
2026-08-21 15:07:37 - INFO -   weighted avg     0.9826    0.9825    0.9825       456
2026-08-21 15:07:37 - INFO - Confusion matrix - [[tn=215, fp=2], [fn=6, tp=233]]
2026-08-21 15:07:37 - INFO - probability_positive min=0.0000 mean=0.5198 std=0.4941 max=1.0000 predicted_0=221 predicted_1=235
2026-08-21 15:07:37 - INFO - [Classification Report - split=validation epoch=13 - threshold=0.50]
2026-08-21 15:07:37 - INFO -                 precision    recall  f1-score   support
2026-08-21 15:07:37 - INFO - 
2026-08-21 15:07:37 - INFO -       safe (0)     0.8481    0.8072    0.8272        83
2026-08-21 15:07:37 - INFO - vulnerable (1)     0.7808    0.8261    0.8028        69
2026-08-21 15:07:37 - INFO - 
2026-08-21 15:07:37 - INFO -       accuracy                         0.8158       152
2026-08-21 15:07:37 - INFO -      macro avg     0.8145    0.8167    0.8150       152
2026-08-21 15:07:37 - INFO -   weighted avg     0.8176    0.8158    0.8161       152
2026-08-21 15:07:37 - INFO - Confusion matrix - [[tn=67, fp=16], [fn=12, tp=57]]
2026-08-21 15:07:37 - INFO - probability_positive min=0.0000 mean=0.4774 std=0.4945 max=1.0000 predicted_0=79 predicted_1=73
2026-08-21 15:07:37 - INFO - Latest tied-best checkpoint saved | Macro-F1: 0.814989 | Epoch: 13
2026-08-21 15:07:46 - INFO - Epoch 14/30 | Train loss: 0.021049 | Val loss: 1.337567 | LR: 2.00e-05 | Best epoch: 14 | Patience: 0 | Train: 8.08s | Validation: 0.87s | Epoch: 9.45s | Total: 130.39s
2026-08-21 15:07:46 - INFO - RecAdam target-task weight at epoch end: 1.000000
2026-08-21 15:07:46 - INFO - [Classification Report - split=train epoch=14 - threshold=0.50]
2026-08-21 15:07:46 - INFO -                 precision    recall  f1-score   support
2026-08-21 15:07:46 - INFO - 
2026-08-21 15:07:46 - INFO -       safe (0)     0.9953    0.9862    0.9907       217
2026-08-21 15:07:46 - INFO - vulnerable (1)     0.9876    0.9958    0.9917       239
2026-08-21 15:07:46 - INFO - 
2026-08-21 15:07:46 - INFO -       accuracy                         0.9912       456
2026-08-21 15:07:46 - INFO -      macro avg     0.9915    0.9910    0.9912       456
2026-08-21 15:07:46 - INFO -   weighted avg     0.9913    0.9912    0.9912       456
2026-08-21 15:07:46 - INFO - Confusion matrix - [[tn=214, fp=3], [fn=1, tp=238]]
2026-08-21 15:07:46 - INFO - probability_positive min=0.0001 mean=0.5279 std=0.4928 max=1.0000 predicted_0=215 predicted_1=241
2026-08-21 15:07:46 - INFO - [Classification Report - split=validation epoch=14 - threshold=0.50]
2026-08-21 15:07:46 - INFO -                 precision    recall  f1-score   support
2026-08-21 15:07:46 - INFO - 
2026-08-21 15:07:46 - INFO -       safe (0)     0.8353    0.8554    0.8452        83
2026-08-21 15:07:46 - INFO - vulnerable (1)     0.8209    0.7971    0.8088        69
2026-08-21 15:07:46 - INFO - 
2026-08-21 15:07:46 - INFO -       accuracy                         0.8289       152
2026-08-21 15:07:46 - INFO -      macro avg     0.8281    0.8263    0.8270       152
2026-08-21 15:07:46 - INFO -   weighted avg     0.8288    0.8289    0.8287       152
2026-08-21 15:07:46 - INFO - Confusion matrix - [[tn=71, fp=12], [fn=14, tp=55]]
2026-08-21 15:07:46 - INFO - probability_positive min=0.0000 mean=0.4397 std=0.4849 max=1.0000 predicted_0=85 predicted_1=67
2026-08-21 15:07:46 - INFO - New best model | Macro-F1: 0.827031 | Epoch: 14
2026-08-21 15:07:55 - INFO - Epoch 15/30 | Train loss: 0.038851 | Val loss: 1.402781 | LR: 2.00e-05 | Best epoch: 14 | Patience: 1 | Train: 8.08s | Validation: 0.87s | Epoch: 8.95s | Total: 139.36s
2026-08-21 15:07:55 - INFO - RecAdam target-task weight at epoch end: 1.000000
2026-08-21 15:07:55 - INFO - [Classification Report - split=train epoch=15 - threshold=0.50]
2026-08-21 15:07:55 - INFO -                 precision    recall  f1-score   support
2026-08-21 15:07:55 - INFO - 
2026-08-21 15:07:55 - INFO -       safe (0)     0.9817    0.9862    0.9839       217
2026-08-21 15:07:55 - INFO - vulnerable (1)     0.9874    0.9833    0.9853       239
2026-08-21 15:07:55 - INFO - 
2026-08-21 15:07:55 - INFO -       accuracy                         0.9846       456
2026-08-21 15:07:55 - INFO -      macro avg     0.9845    0.9847    0.9846       456
2026-08-21 15:07:55 - INFO -   weighted avg     0.9847    0.9846    0.9847       456
2026-08-21 15:07:55 - INFO - Confusion matrix - [[tn=214, fp=3], [fn=4, tp=235]]
2026-08-21 15:07:55 - INFO - probability_positive min=0.0000 mean=0.5216 std=0.4948 max=1.0000 predicted_0=218 predicted_1=238
2026-08-21 15:07:55 - INFO - [Classification Report - split=validation epoch=15 - threshold=0.50]
2026-08-21 15:07:55 - INFO -                 precision    recall  f1-score   support
2026-08-21 15:07:55 - INFO - 
2026-08-21 15:07:55 - INFO -       safe (0)     0.8481    0.8072    0.8272        83
2026-08-21 15:07:55 - INFO - vulnerable (1)     0.7808    0.8261    0.8028        69
2026-08-21 15:07:55 - INFO - 
2026-08-21 15:07:55 - INFO -       accuracy                         0.8158       152
2026-08-21 15:07:55 - INFO -      macro avg     0.8145    0.8167    0.8150       152
2026-08-21 15:07:55 - INFO -   weighted avg     0.8176    0.8158    0.8161       152
2026-08-21 15:07:55 - INFO - Confusion matrix - [[tn=67, fp=16], [fn=12, tp=57]]
2026-08-21 15:07:55 - INFO - probability_positive min=0.0000 mean=0.4798 std=0.4971 max=1.0000 predicted_0=79 predicted_1=73
2026-08-21 15:08:04 - INFO - Epoch 16/30 | Train loss: 0.029439 | Val loss: 1.384956 | LR: 2.00e-05 | Best epoch: 14 | Patience: 2 | Train: 8.09s | Validation: 0.87s | Epoch: 8.97s | Total: 148.34s
2026-08-21 15:08:04 - INFO - RecAdam target-task weight at epoch end: 1.000000
2026-08-21 15:08:04 - INFO - [Classification Report - split=train epoch=16 - threshold=0.50]
2026-08-21 15:08:04 - INFO -                 precision    recall  f1-score   support
2026-08-21 15:08:04 - INFO - 
2026-08-21 15:08:04 - INFO -       safe (0)     0.9908    0.9908    0.9908       217
2026-08-21 15:08:04 - INFO - vulnerable (1)     0.9916    0.9916    0.9916       239
2026-08-21 15:08:04 - INFO - 
2026-08-21 15:08:04 - INFO -       accuracy                         0.9912       456
2026-08-21 15:08:04 - INFO -      macro avg     0.9912    0.9912    0.9912       456
2026-08-21 15:08:04 - INFO -   weighted avg     0.9912    0.9912    0.9912       456
2026-08-21 15:08:04 - INFO - Confusion matrix - [[tn=215, fp=2], [fn=2, tp=237]]
2026-08-21 15:08:04 - INFO - probability_positive min=0.0000 mean=0.5245 std=0.4963 max=1.0000 predicted_0=217 predicted_1=239
2026-08-21 15:08:04 - INFO - [Classification Report - split=validation epoch=16 - threshold=0.50]
2026-08-21 15:08:04 - INFO -                 precision    recall  f1-score   support
2026-08-21 15:08:04 - INFO - 
2026-08-21 15:08:04 - INFO -       safe (0)     0.8590    0.8072    0.8323        83
2026-08-21 15:08:04 - INFO - vulnerable (1)     0.7838    0.8406    0.8112        69
2026-08-21 15:08:04 - INFO - 
2026-08-21 15:08:04 - INFO -       accuracy                         0.8224       152
2026-08-21 15:08:04 - INFO -      macro avg     0.8214    0.8239    0.8217       152
2026-08-21 15:08:04 - INFO -   weighted avg     0.8248    0.8224    0.8227       152
2026-08-21 15:08:04 - INFO - Confusion matrix - [[tn=67, fp=16], [fn=11, tp=58]]
2026-08-21 15:08:04 - INFO - probability_positive min=0.0000 mean=0.4850 std=0.4974 max=1.0000 predicted_0=78 predicted_1=74
2026-08-21 15:08:13 - INFO - Epoch 17/30 | Train loss: 0.052387 | Val loss: 1.568858 | LR: 2.00e-05 | Best epoch: 14 | Patience: 3 | Train: 8.09s | Validation: 0.87s | Epoch: 8.96s | Total: 157.31s
2026-08-21 15:08:13 - INFO - RecAdam target-task weight at epoch end: 1.000000
2026-08-21 15:08:13 - INFO - [Classification Report - split=train epoch=17 - threshold=0.50]
2026-08-21 15:08:13 - INFO -                 precision    recall  f1-score   support
2026-08-21 15:08:13 - INFO - 
2026-08-21 15:08:13 - INFO -       safe (0)     0.9907    0.9816    0.9861       217
2026-08-21 15:08:13 - INFO - vulnerable (1)     0.9834    0.9916    0.9875       239
2026-08-21 15:08:13 - INFO - 
2026-08-21 15:08:13 - INFO -       accuracy                         0.9868       456
2026-08-21 15:08:13 - INFO -      macro avg     0.9871    0.9866    0.9868       456
2026-08-21 15:08:13 - INFO -   weighted avg     0.9869    0.9868    0.9868       456
2026-08-21 15:08:13 - INFO - Confusion matrix - [[tn=213, fp=4], [fn=2, tp=237]]
2026-08-21 15:08:13 - INFO - probability_positive min=0.0000 mean=0.5268 std=0.4962 max=1.0000 predicted_0=215 predicted_1=241
2026-08-21 15:08:13 - INFO - [Classification Report - split=validation epoch=17 - threshold=0.50]
2026-08-21 15:08:13 - INFO -                 precision    recall  f1-score   support
2026-08-21 15:08:13 - INFO - 
2026-08-21 15:08:13 - INFO -       safe (0)     0.8442    0.7831    0.8125        83
2026-08-21 15:08:13 - INFO - vulnerable (1)     0.7600    0.8261    0.7917        69
2026-08-21 15:08:13 - INFO - 
2026-08-21 15:08:13 - INFO -       accuracy                         0.8026       152
2026-08-21 15:08:13 - INFO -      macro avg     0.8021    0.8046    0.8021       152
2026-08-21 15:08:13 - INFO -   weighted avg     0.8060    0.8026    0.8030       152
2026-08-21 15:08:13 - INFO - Confusion matrix - [[tn=65, fp=18], [fn=12, tp=57]]
2026-08-21 15:08:13 - INFO - probability_positive min=0.0000 mean=0.4967 std=0.4917 max=1.0000 predicted_0=77 predicted_1=75
2026-08-21 15:08:22 - INFO - Epoch 18/30 | Train loss: 0.019064 | Val loss: 1.505010 | LR: 2.00e-05 | Best epoch: 14 | Patience: 4 | Train: 8.10s | Validation: 0.87s | Epoch: 8.97s | Total: 166.28s
2026-08-21 15:08:22 - INFO - RecAdam target-task weight at epoch end: 1.000000
2026-08-21 15:08:22 - INFO - [Classification Report - split=train epoch=18 - threshold=0.50]
2026-08-21 15:08:22 - INFO -                 precision    recall  f1-score   support
2026-08-21 15:08:22 - INFO - 
2026-08-21 15:08:22 - INFO -       safe (0)     0.9954    0.9908    0.9931       217
2026-08-21 15:08:22 - INFO - vulnerable (1)     0.9917    0.9958    0.9937       239
2026-08-21 15:08:22 - INFO - 
2026-08-21 15:08:22 - INFO -       accuracy                         0.9934       456
2026-08-21 15:08:22 - INFO -      macro avg     0.9935    0.9933    0.9934       456
2026-08-21 15:08:22 - INFO -   weighted avg     0.9934    0.9934    0.9934       456
2026-08-21 15:08:22 - INFO - Confusion matrix - [[tn=215, fp=2], [fn=1, tp=238]]
2026-08-21 15:08:22 - INFO - probability_positive min=0.0000 mean=0.5255 std=0.4968 max=1.0000 predicted_0=216 predicted_1=240
2026-08-21 15:08:22 - INFO - [Classification Report - split=validation epoch=18 - threshold=0.50]
2026-08-21 15:08:22 - INFO -                 precision    recall  f1-score   support
2026-08-21 15:08:22 - INFO - 
2026-08-21 15:08:22 - INFO -       safe (0)     0.8481    0.8072    0.8272        83
2026-08-21 15:08:22 - INFO - vulnerable (1)     0.7808    0.8261    0.8028        69
2026-08-21 15:08:22 - INFO - 
2026-08-21 15:08:22 - INFO -       accuracy                         0.8158       152
2026-08-21 15:08:22 - INFO -      macro avg     0.8145    0.8167    0.8150       152
2026-08-21 15:08:22 - INFO -   weighted avg     0.8176    0.8158    0.8161       152
2026-08-21 15:08:22 - INFO - Confusion matrix - [[tn=67, fp=16], [fn=12, tp=57]]
2026-08-21 15:08:22 - INFO - probability_positive min=0.0000 mean=0.4822 std=0.4979 max=1.0000 predicted_0=79 predicted_1=73
2026-08-21 15:08:31 - INFO - Epoch 19/30 | Train loss: 0.013689 | Val loss: 1.603330 | LR: 2.00e-05 | Best epoch: 14 | Patience: 5 | Train: 8.09s | Validation: 0.87s | Epoch: 8.96s | Total: 175.25s
2026-08-21 15:08:31 - INFO - RecAdam target-task weight at epoch end: 1.000000
2026-08-21 15:08:31 - INFO - [Classification Report - split=train epoch=19 - threshold=0.50]
2026-08-21 15:08:31 - INFO -                 precision    recall  f1-score   support
2026-08-21 15:08:31 - INFO - 
2026-08-21 15:08:31 - INFO -       safe (0)     0.9954    0.9954    0.9954       217
2026-08-21 15:08:31 - INFO - vulnerable (1)     0.9958    0.9958    0.9958       239
2026-08-21 15:08:31 - INFO - 
2026-08-21 15:08:31 - INFO -       accuracy                         0.9956       456
2026-08-21 15:08:31 - INFO -      macro avg     0.9956    0.9956    0.9956       456
2026-08-21 15:08:31 - INFO -   weighted avg     0.9956    0.9956    0.9956       456
2026-08-21 15:08:31 - INFO - Confusion matrix - [[tn=216, fp=1], [fn=1, tp=238]]
2026-08-21 15:08:31 - INFO - probability_positive min=0.0000 mean=0.5248 std=0.4981 max=1.0000 predicted_0=217 predicted_1=239
2026-08-21 15:08:31 - INFO - [Classification Report - split=validation epoch=19 - threshold=0.50]
2026-08-21 15:08:31 - INFO -                 precision    recall  f1-score   support
2026-08-21 15:08:31 - INFO - 
2026-08-21 15:08:31 - INFO -       safe (0)     0.8571    0.7952    0.8250        83
2026-08-21 15:08:31 - INFO - vulnerable (1)     0.7733    0.8406    0.8056        69
2026-08-21 15:08:31 - INFO - 
2026-08-21 15:08:31 - INFO -       accuracy                         0.8158       152
2026-08-21 15:08:31 - INFO -      macro avg     0.8152    0.8179    0.8153       152
2026-08-21 15:08:31 - INFO -   weighted avg     0.8191    0.8158    0.8162       152
2026-08-21 15:08:31 - INFO - Confusion matrix - [[tn=66, fp=17], [fn=11, tp=58]]
2026-08-21 15:08:31 - INFO - probability_positive min=0.0000 mean=0.4949 std=0.4976 max=1.0000 predicted_0=77 predicted_1=75
2026-08-21 15:08:31 - INFO - Early stopping | Epoch: 19 | Best epoch: 14
2026-08-21 15:08:31 - INFO - Best checkpoint saved | Path: model/cb_lam_codebert/transfer_cwe/seed_42/fold3/best.pt | Epoch: 14 | Val macro_f1: 0.827031
2026-08-21 15:08:31 - INFO - Training finished | Elapsed: 175.26s
2026-08-21 15:08:31 - INFO - Run finished | Phase: phase2 | Fold: 3 | Seed: 42 | Elapsed: 178.06s
