2026-08-21 14:48:37 - INFO - Using device: cuda
2026-08-21 14:48:37 - INFO - Run started | Run: cb_lam_codebert | Method: transfer_cwe | Phase: phase2 | Fold: 1 | Seed: 42 | Device: cuda
2026-08-21 14:48:37 - INFO - Loading Python training data: data/sven_python_folds_norm/fold1/train.jsonl
2026-08-21 14:48:37 - INFO - Loading Python validation data: data/sven_python_folds_norm/fold1/val.jsonl
2026-08-21 14:48:37 - INFO - Data split: python_train | Total: 456 | Labels: {0: 235, 1: 221} | CWEs: {'CWE-022': 39, 'CWE-078': 123, 'CWE-079': 49, 'CWE-089': 245} | Languages: {'python': 456} | Invalid CWE: 0
2026-08-21 14:48:37 - INFO - Data split: python_val | Total: 152 | Labels: {0: 74, 1: 78} | CWEs: {'CWE-022': 8, 'CWE-078': 42, 'CWE-079': 19, 'CWE-089': 83} | Languages: {'python': 152} | Invalid CWE: 0
2026-08-21 14:48:38 - INFO - Auxiliary head width taken from checkpoint: 4
2026-08-21 14:48:39 - INFO - Loaded source checkpoint: model/cb_lam_codebert/transfer_cwe/seed_42/source/best.pt | Best epoch: 12 | Best Val Macro-F1: 0.674224
2026-08-21 14:48:39 - INFO - RecAdam schedule | Total steps: 870 | Steps/epoch: 29 | Anneal t0: 43 | Weights: {1: 0.10909682119561293, 29: 0.3318122278318339, 43: 0.5, 870: 1.0}
2026-08-21 14:48:39 - INFO - Environment: {"components": {"backbone": {"frozen": 0, "total": 124645632, "trainable": 124645632}, "cwe_head": {"frozen": 3076, "total": 3076, "trainable": 0}, "vul_head": {"frozen": 0, "total": 1538, "trainable": 1538}}, "cuda": "12.8", "fold": 1, "frozen_parameters": 3076, "gpu": "NVIDIA GeForce RTX 4070 Ti SUPER", "hyperparameters": {"anneal_fun": "sigmoid", "anneal_k": 0.05, "anneal_t0_ratio": 0.05, "anneal_w": 1.0, "aux_mode": "cwe", "batch_size": 16, "checkpoint_path": "model/cb_lam_codebert/transfer_cwe/seed_42/fold1/best.pt", "cwe_vocab": "fixed4", "data_path": "data/train_ccpp_filtered.jsonl", "data_root": "data/sven_python_folds_norm", "epochs": 30, "eval_batch_size": 16, "fold": 1, "freeze_backbone_layers": 0, "freeze_prototypes_steps": 0, "lambda_cwe": 0.2, "latent_temperature": 0.1, "learning_rate": 2e-05, "lora_rank": 0, "lp_epochs": 0, "lp_learning_rate": 0.001, "max_eval_samples": null, "max_grad_norm": 1.0, "max_length": 512, "max_train_samples": null, "method_name": "transfer_cwe", "min_epochs": 3, "model_name": "microsoft/codebert-base", "num_cwes": 4, "num_latent": 8, "num_workers": 0, "output_dir": "results/cb_lam_codebert/transfer_cwe", "patience": 5, "phase": "phase2", "phase2_optimizer": "recadam", "pooling": "cls", "pretrain_cof": 5000.0, "recadam_anchor": "source", "result_path": "results/cb_lam_codebert/transfer_cwe/seed_42/fold1.json", "run_name": "cb_lam_codebert", "seed": 42, "selection_metric": "macro_f1", "source_checkpoint": "model/cb_lam_codebert/transfer_cwe/seed_42/source/best.pt", "source_interpolation": 1.0, "strict_determinism": false, "target_lang": "python", "test_path": null, "train_path": null, "truncation_strategy": "head_middle_tail", "val_path": null, "weight_decay": 0.01}, "mode": "phase2_train", "model_name": "microsoft/codebert-base", "seed": 42, "sklearn": "1.7.2", "torch": "2.11.0+cu128", "trainable_parameters": 124647170, "transformers": "4.57.1"}
2026-08-21 14:48:39 - INFO - Training started | Phase: phase2 | Epochs: 30
2026-08-21 14:48:40 - INFO - RecAdam first-step safety checks passed
2026-08-21 14:48:49 - INFO - Epoch 1/30 | Train loss: 0.720886 | Val loss: 0.744393 | LR: 2.00e-05 | Best epoch: 1 | Patience: 0 | Train: 8.24s | Validation: 0.85s | Epoch: 9.41s | Total: 9.41s
2026-08-21 14:48:49 - INFO - RecAdam target-task weight at epoch end: 0.331812
2026-08-21 14:48:49 - INFO - [Classification Report - split=train epoch=1 - threshold=0.50]
2026-08-21 14:48:49 - INFO -                 precision    recall  f1-score   support
2026-08-21 14:48:49 - INFO - 
2026-08-21 14:48:49 - INFO -       safe (0)     0.6765    0.4894    0.5679       235
2026-08-21 14:48:49 - INFO - vulnerable (1)     0.5804    0.7511    0.6548       221
2026-08-21 14:48:49 - INFO - 
2026-08-21 14:48:49 - INFO -       accuracy                         0.6162       456
2026-08-21 14:48:49 - INFO -      macro avg     0.6284    0.6202    0.6114       456
2026-08-21 14:48:49 - INFO -   weighted avg     0.6299    0.6162    0.6100       456
2026-08-21 14:48:49 - INFO - Confusion matrix - [[tn=115, fp=120], [fn=55, tp=166]]
2026-08-21 14:48:49 - INFO - probability_positive min=0.0037 mean=0.5844 std=0.2415 max=0.9934 predicted_0=170 predicted_1=286
2026-08-21 14:48:49 - INFO - [Classification Report - split=validation epoch=1 - threshold=0.50]
2026-08-21 14:48:49 - INFO -                 precision    recall  f1-score   support
2026-08-21 14:48:49 - INFO - 
2026-08-21 14:48:49 - INFO -       safe (0)     0.6000    0.4865    0.5373        74
2026-08-21 14:48:49 - INFO - vulnerable (1)     0.5870    0.6923    0.6353        78
2026-08-21 14:48:49 - INFO - 
2026-08-21 14:48:49 - INFO -       accuracy                         0.5921       152
2026-08-21 14:48:49 - INFO -      macro avg     0.5935    0.5894    0.5863       152
2026-08-21 14:48:49 - INFO -   weighted avg     0.5933    0.5921    0.5876       152
2026-08-21 14:48:49 - INFO - Confusion matrix - [[tn=36, fp=38], [fn=24, tp=54]]
2026-08-21 14:48:49 - INFO - probability_positive min=0.0035 mean=0.5615 std=0.2810 max=0.9942 predicted_0=60 predicted_1=92
2026-08-21 14:48:49 - INFO - New best model | Macro-F1: 0.586304 | Epoch: 1
2026-08-21 14:48:58 - INFO - Epoch 2/30 | Train loss: 0.636046 | Val loss: 0.627783 | LR: 2.00e-05 | Best epoch: 2 | Patience: 0 | Train: 8.07s | Validation: 0.85s | Epoch: 9.45s | Total: 18.88s
2026-08-21 14:48:58 - INFO - RecAdam target-task weight at epoch end: 0.679179
2026-08-21 14:48:58 - INFO - [Classification Report - split=train epoch=2 - threshold=0.50]
2026-08-21 14:48:58 - INFO -                 precision    recall  f1-score   support
2026-08-21 14:48:58 - INFO - 
2026-08-21 14:48:58 - INFO -       safe (0)     0.6534    0.6979    0.6749       235
2026-08-21 14:48:58 - INFO - vulnerable (1)     0.6537    0.6063    0.6291       221
2026-08-21 14:48:58 - INFO - 
2026-08-21 14:48:58 - INFO -       accuracy                         0.6535       456
2026-08-21 14:48:58 - INFO -      macro avg     0.6535    0.6521    0.6520       456
2026-08-21 14:48:58 - INFO -   weighted avg     0.6535    0.6535    0.6527       456
2026-08-21 14:48:58 - INFO - Confusion matrix - [[tn=164, fp=71], [fn=87, tp=134]]
2026-08-21 14:48:58 - INFO - probability_positive min=0.0063 mean=0.4923 std=0.2261 max=0.9930 predicted_0=251 predicted_1=205
2026-08-21 14:48:58 - INFO - [Classification Report - split=validation epoch=2 - threshold=0.50]
2026-08-21 14:48:58 - INFO -                 precision    recall  f1-score   support
2026-08-21 14:48:58 - INFO - 
2026-08-21 14:48:58 - INFO -       safe (0)     0.6234    0.6486    0.6358        74
2026-08-21 14:48:58 - INFO - vulnerable (1)     0.6533    0.6282    0.6405        78
2026-08-21 14:48:58 - INFO - 
2026-08-21 14:48:58 - INFO -       accuracy                         0.6382       152
2026-08-21 14:48:58 - INFO -      macro avg     0.6384    0.6384    0.6381       152
2026-08-21 14:48:58 - INFO -   weighted avg     0.6387    0.6382    0.6382       152
2026-08-21 14:48:58 - INFO - Confusion matrix - [[tn=48, fp=26], [fn=29, tp=49]]
2026-08-21 14:48:58 - INFO - probability_positive min=0.0064 mean=0.5158 std=0.2800 max=0.9937 predicted_0=77 predicted_1=75
2026-08-21 14:48:58 - INFO - New best model | Macro-F1: 0.638142 | Epoch: 2
2026-08-21 14:49:08 - INFO - Epoch 3/30 | Train loss: 0.533568 | Val loss: 0.551045 | LR: 2.00e-05 | Best epoch: 3 | Patience: 0 | Train: 8.11s | Validation: 0.85s | Epoch: 9.44s | Total: 28.34s
2026-08-21 14:49:08 - INFO - RecAdam target-task weight at epoch end: 0.900250
2026-08-21 14:49:08 - INFO - [Classification Report - split=train epoch=3 - threshold=0.50]
2026-08-21 14:49:08 - INFO -                 precision    recall  f1-score   support
2026-08-21 14:49:08 - INFO - 
2026-08-21 14:49:08 - INFO -       safe (0)     0.7479    0.7574    0.7526       235
2026-08-21 14:49:08 - INFO - vulnerable (1)     0.7385    0.7285    0.7335       221
2026-08-21 14:49:08 - INFO - 
2026-08-21 14:49:08 - INFO -       accuracy                         0.7434       456
2026-08-21 14:49:08 - INFO -      macro avg     0.7432    0.7430    0.7431       456
2026-08-21 14:49:08 - INFO -   weighted avg     0.7434    0.7434    0.7434       456
2026-08-21 14:49:08 - INFO - Confusion matrix - [[tn=178, fp=57], [fn=60, tp=161]]
2026-08-21 14:49:08 - INFO - probability_positive min=0.0035 mean=0.4859 std=0.2757 max=0.9928 predicted_0=238 predicted_1=218
2026-08-21 14:49:08 - INFO - [Classification Report - split=validation epoch=3 - threshold=0.50]
2026-08-21 14:49:08 - INFO -                 precision    recall  f1-score   support
2026-08-21 14:49:08 - INFO - 
2026-08-21 14:49:08 - INFO -       safe (0)     0.7123    0.7027    0.7075        74
2026-08-21 14:49:08 - INFO - vulnerable (1)     0.7215    0.7308    0.7261        78
2026-08-21 14:49:08 - INFO - 
2026-08-21 14:49:08 - INFO -       accuracy                         0.7171       152
2026-08-21 14:49:08 - INFO -      macro avg     0.7169    0.7167    0.7168       152
2026-08-21 14:49:08 - INFO -   weighted avg     0.7170    0.7171    0.7170       152
2026-08-21 14:49:08 - INFO - Confusion matrix - [[tn=52, fp=22], [fn=21, tp=57]]
2026-08-21 14:49:08 - INFO - probability_positive min=0.0099 mean=0.5191 std=0.3425 max=0.9954 predicted_0=73 predicted_1=79
2026-08-21 14:49:08 - INFO - New best model | Macro-F1: 0.716799 | Epoch: 3
2026-08-21 14:49:17 - INFO - Epoch 4/30 | Train loss: 0.435889 | Val loss: 0.638240 | LR: 2.00e-05 | Best epoch: 4 | Patience: 0 | Train: 8.09s | Validation: 0.85s | Epoch: 9.46s | Total: 37.83s
2026-08-21 14:49:17 - INFO - RecAdam target-task weight at epoch end: 0.974667
2026-08-21 14:49:17 - INFO - [Classification Report - split=train epoch=4 - threshold=0.50]
2026-08-21 14:49:17 - INFO -                 precision    recall  f1-score   support
2026-08-21 14:49:17 - INFO - 
2026-08-21 14:49:17 - INFO -       safe (0)     0.8454    0.7447    0.7919       235
2026-08-21 14:49:17 - INFO - vulnerable (1)     0.7590    0.8552    0.8043       221
2026-08-21 14:49:17 - INFO - 
2026-08-21 14:49:17 - INFO -       accuracy                         0.7982       456
2026-08-21 14:49:17 - INFO -      macro avg     0.8022    0.7999    0.7981       456
2026-08-21 14:49:17 - INFO -   weighted avg     0.8035    0.7982    0.7979       456
2026-08-21 14:49:17 - INFO - Confusion matrix - [[tn=175, fp=60], [fn=32, tp=189]]
2026-08-21 14:49:17 - INFO - probability_positive min=0.0054 mean=0.4914 std=0.3329 max=0.9928 predicted_0=207 predicted_1=249
2026-08-21 14:49:17 - INFO - [Classification Report - split=validation epoch=4 - threshold=0.50]
2026-08-21 14:49:17 - INFO -                 precision    recall  f1-score   support
2026-08-21 14:49:17 - INFO - 
2026-08-21 14:49:17 - INFO -       safe (0)     0.7761    0.7027    0.7376        74
2026-08-21 14:49:17 - INFO - vulnerable (1)     0.7412    0.8077    0.7730        78
2026-08-21 14:49:17 - INFO - 
2026-08-21 14:49:17 - INFO -       accuracy                         0.7566       152
2026-08-21 14:49:17 - INFO -      macro avg     0.7586    0.7552    0.7553       152
2026-08-21 14:49:17 - INFO -   weighted avg     0.7582    0.7566    0.7558       152
2026-08-21 14:49:17 - INFO - Confusion matrix - [[tn=52, fp=22], [fn=15, tp=63]]
2026-08-21 14:49:17 - INFO - probability_positive min=0.0030 mean=0.5404 std=0.4223 max=0.9967 predicted_0=67 predicted_1=85
2026-08-21 14:49:17 - INFO - New best model | Macro-F1: 0.755297 | Epoch: 4
2026-08-21 14:49:27 - INFO - Epoch 5/30 | Train loss: 0.331625 | Val loss: 0.534991 | LR: 2.00e-05 | Best epoch: 5 | Patience: 0 | Train: 8.08s | Validation: 0.85s | Epoch: 9.47s | Total: 47.31s
2026-08-21 14:49:27 - INFO - RecAdam target-task weight at epoch end: 0.993940
2026-08-21 14:49:27 - INFO - [Classification Report - split=train epoch=5 - threshold=0.50]
2026-08-21 14:49:27 - INFO -                 precision    recall  f1-score   support
2026-08-21 14:49:27 - INFO - 
2026-08-21 14:49:27 - INFO -       safe (0)     0.8778    0.8255    0.8509       235
2026-08-21 14:49:27 - INFO - vulnerable (1)     0.8255    0.8778    0.8509       221
2026-08-21 14:49:27 - INFO - 
2026-08-21 14:49:27 - INFO -       accuracy                         0.8509       456
2026-08-21 14:49:27 - INFO -      macro avg     0.8517    0.8517    0.8509       456
2026-08-21 14:49:27 - INFO -   weighted avg     0.8525    0.8509    0.8509       456
2026-08-21 14:49:27 - INFO - Confusion matrix - [[tn=194, fp=41], [fn=27, tp=194]]
2026-08-21 14:49:27 - INFO - probability_positive min=0.0016 mean=0.4720 std=0.3875 max=0.9928 predicted_0=221 predicted_1=235
2026-08-21 14:49:27 - INFO - [Classification Report - split=validation epoch=5 - threshold=0.50]
2026-08-21 14:49:27 - INFO -                 precision    recall  f1-score   support
2026-08-21 14:49:27 - INFO - 
2026-08-21 14:49:27 - INFO -       safe (0)     0.7159    0.8514    0.7778        74
2026-08-21 14:49:27 - INFO - vulnerable (1)     0.8281    0.6795    0.7465        78
2026-08-21 14:49:27 - INFO - 
2026-08-21 14:49:27 - INFO -       accuracy                         0.7632       152
2026-08-21 14:49:27 - INFO -      macro avg     0.7720    0.7654    0.7621       152
2026-08-21 14:49:27 - INFO -   weighted avg     0.7735    0.7632    0.7617       152
2026-08-21 14:49:27 - INFO - Confusion matrix - [[tn=63, fp=11], [fn=25, tp=53]]
2026-08-21 14:49:27 - INFO - probability_positive min=0.0013 mean=0.4315 std=0.4077 max=0.9965 predicted_0=88 predicted_1=64
2026-08-21 14:49:27 - INFO - New best model | Macro-F1: 0.762128 | Epoch: 5
2026-08-21 14:49:36 - INFO - Epoch 6/30 | Train loss: 0.248726 | Val loss: 0.654055 | LR: 2.00e-05 | Best epoch: 6 | Patience: 0 | Train: 8.08s | Validation: 0.85s | Epoch: 9.46s | Total: 56.79s
2026-08-21 14:49:36 - INFO - RecAdam target-task weight at epoch end: 0.998572
2026-08-21 14:49:36 - INFO - [Classification Report - split=train epoch=6 - threshold=0.50]
2026-08-21 14:49:36 - INFO -                 precision    recall  f1-score   support
2026-08-21 14:49:36 - INFO - 
2026-08-21 14:49:36 - INFO -       safe (0)     0.9286    0.8851    0.9063       235
2026-08-21 14:49:36 - INFO - vulnerable (1)     0.8836    0.9276    0.9051       221
2026-08-21 14:49:36 - INFO - 
2026-08-21 14:49:36 - INFO -       accuracy                         0.9057       456
2026-08-21 14:49:36 - INFO -      macro avg     0.9061    0.9064    0.9057       456
2026-08-21 14:49:36 - INFO -   weighted avg     0.9068    0.9057    0.9057       456
2026-08-21 14:49:36 - INFO - Confusion matrix - [[tn=208, fp=27], [fn=16, tp=205]]
2026-08-21 14:49:36 - INFO - probability_positive min=0.0017 mean=0.4916 std=0.4170 max=0.9987 predicted_0=224 predicted_1=232
2026-08-21 14:49:36 - INFO - [Classification Report - split=validation epoch=6 - threshold=0.50]
2026-08-21 14:49:36 - INFO -                 precision    recall  f1-score   support
2026-08-21 14:49:36 - INFO - 
2026-08-21 14:49:36 - INFO -       safe (0)     0.7444    0.9054    0.8171        74
2026-08-21 14:49:36 - INFO - vulnerable (1)     0.8871    0.7051    0.7857        78
2026-08-21 14:49:36 - INFO - 
2026-08-21 14:49:36 - INFO -       accuracy                         0.8026       152
2026-08-21 14:49:36 - INFO -      macro avg     0.8158    0.8053    0.8014       152
2026-08-21 14:49:36 - INFO -   weighted avg     0.8176    0.8026    0.8010       152
2026-08-21 14:49:36 - INFO - Confusion matrix - [[tn=67, fp=7], [fn=23, tp=55]]
2026-08-21 14:49:36 - INFO - probability_positive min=0.0014 mean=0.4129 std=0.4444 max=0.9989 predicted_0=90 predicted_1=62
2026-08-21 14:49:36 - INFO - New best model | Macro-F1: 0.801394 | Epoch: 6
2026-08-21 14:49:46 - INFO - Epoch 7/30 | Train loss: 0.179235 | Val loss: 0.620727 | LR: 2.00e-05 | Best epoch: 7 | Patience: 0 | Train: 8.09s | Validation: 0.85s | Epoch: 9.43s | Total: 66.25s
2026-08-21 14:49:46 - INFO - RecAdam target-task weight at epoch end: 0.999665
2026-08-21 14:49:46 - INFO - [Classification Report - split=train epoch=7 - threshold=0.50]
2026-08-21 14:49:46 - INFO -                 precision    recall  f1-score   support
2026-08-21 14:49:46 - INFO - 
2026-08-21 14:49:46 - INFO -       safe (0)     0.9518    0.9234    0.9374       235
2026-08-21 14:49:46 - INFO - vulnerable (1)     0.9211    0.9502    0.9354       221
2026-08-21 14:49:46 - INFO - 
2026-08-21 14:49:46 - INFO -       accuracy                         0.9364       456
2026-08-21 14:49:46 - INFO -      macro avg     0.9364    0.9368    0.9364       456
2026-08-21 14:49:46 - INFO -   weighted avg     0.9369    0.9364    0.9364       456
2026-08-21 14:49:46 - INFO - Confusion matrix - [[tn=217, fp=18], [fn=11, tp=210]]
2026-08-21 14:49:46 - INFO - probability_positive min=0.0009 mean=0.4969 std=0.4584 max=0.9996 predicted_0=228 predicted_1=228
2026-08-21 14:49:46 - INFO - [Classification Report - split=validation epoch=7 - threshold=0.50]
2026-08-21 14:49:46 - INFO -                 precision    recall  f1-score   support
2026-08-21 14:49:46 - INFO - 
2026-08-21 14:49:46 - INFO -       safe (0)     0.8133    0.8243    0.8188        74
2026-08-21 14:49:46 - INFO - vulnerable (1)     0.8312    0.8205    0.8258        78
2026-08-21 14:49:46 - INFO - 
2026-08-21 14:49:46 - INFO -       accuracy                         0.8224       152
2026-08-21 14:49:46 - INFO -      macro avg     0.8223    0.8224    0.8223       152
2026-08-21 14:49:46 - INFO -   weighted avg     0.8225    0.8224    0.8224       152
2026-08-21 14:49:46 - INFO - Confusion matrix - [[tn=61, fp=13], [fn=14, tp=64]]
2026-08-21 14:49:46 - INFO - probability_positive min=0.0008 mean=0.4956 std=0.4619 max=0.9997 predicted_0=75 predicted_1=77
2026-08-21 14:49:46 - INFO - New best model | Macro-F1: 0.822299 | Epoch: 7
2026-08-21 14:49:55 - INFO - Epoch 8/30 | Train loss: 0.147932 | Val loss: 0.779127 | LR: 2.00e-05 | Best epoch: 8 | Patience: 0 | Train: 8.09s | Validation: 0.85s | Epoch: 9.47s | Total: 75.74s
2026-08-21 14:49:55 - INFO - RecAdam target-task weight at epoch end: 0.999921
2026-08-21 14:49:55 - INFO - [Classification Report - split=train epoch=8 - threshold=0.50]
2026-08-21 14:49:55 - INFO -                 precision    recall  f1-score   support
2026-08-21 14:49:55 - INFO - 
2026-08-21 14:49:55 - INFO -       safe (0)     0.9610    0.9447    0.9528       235
2026-08-21 14:49:55 - INFO - vulnerable (1)     0.9422    0.9593    0.9507       221
2026-08-21 14:49:55 - INFO - 
2026-08-21 14:49:55 - INFO -       accuracy                         0.9518       456
2026-08-21 14:49:55 - INFO -      macro avg     0.9516    0.9520    0.9517       456
2026-08-21 14:49:55 - INFO -   weighted avg     0.9519    0.9518    0.9518       456
2026-08-21 14:49:55 - INFO - Confusion matrix - [[tn=222, fp=13], [fn=9, tp=212]]
2026-08-21 14:49:55 - INFO - probability_positive min=0.0004 mean=0.4953 std=0.4772 max=0.9996 predicted_0=231 predicted_1=225
2026-08-21 14:49:55 - INFO - [Classification Report - split=validation epoch=8 - threshold=0.50]
2026-08-21 14:49:55 - INFO -                 precision    recall  f1-score   support
2026-08-21 14:49:55 - INFO - 
2026-08-21 14:49:55 - INFO -       safe (0)     0.7791    0.9054    0.8375        74
2026-08-21 14:49:55 - INFO - vulnerable (1)     0.8939    0.7564    0.8194        78
2026-08-21 14:49:55 - INFO - 
2026-08-21 14:49:55 - INFO -       accuracy                         0.8289       152
2026-08-21 14:49:55 - INFO -      macro avg     0.8365    0.8309    0.8285       152
2026-08-21 14:49:55 - INFO -   weighted avg     0.8380    0.8289    0.8282       152
2026-08-21 14:49:55 - INFO - Confusion matrix - [[tn=67, fp=7], [fn=19, tp=59]]
2026-08-21 14:49:55 - INFO - probability_positive min=0.0002 mean=0.4301 std=0.4666 max=0.9998 predicted_0=86 predicted_1=66
2026-08-21 14:49:55 - INFO - New best model | Macro-F1: 0.828472 | Epoch: 8
2026-08-21 14:50:05 - INFO - Epoch 9/30 | Train loss: 0.106177 | Val loss: 0.722308 | LR: 2.00e-05 | Best epoch: 9 | Patience: 0 | Train: 8.09s | Validation: 0.85s | Epoch: 9.45s | Total: 85.21s
2026-08-21 14:50:05 - INFO - RecAdam target-task weight at epoch end: 0.999982
2026-08-21 14:50:05 - INFO - [Classification Report - split=train epoch=9 - threshold=0.50]
2026-08-21 14:50:05 - INFO -                 precision    recall  f1-score   support
2026-08-21 14:50:05 - INFO - 
2026-08-21 14:50:05 - INFO -       safe (0)     0.9737    0.9447    0.9590       235
2026-08-21 14:50:05 - INFO - vulnerable (1)     0.9430    0.9729    0.9577       221
2026-08-21 14:50:05 - INFO - 
2026-08-21 14:50:05 - INFO -       accuracy                         0.9583       456
2026-08-21 14:50:05 - INFO -      macro avg     0.9583    0.9588    0.9583       456
2026-08-21 14:50:05 - INFO -   weighted avg     0.9588    0.9583    0.9583       456
2026-08-21 14:50:05 - INFO - Confusion matrix - [[tn=222, fp=13], [fn=6, tp=215]]
2026-08-21 14:50:05 - INFO - probability_positive min=0.0002 mean=0.4926 std=0.4802 max=0.9998 predicted_0=228 predicted_1=228
2026-08-21 14:50:05 - INFO - [Classification Report - split=validation epoch=9 - threshold=0.50]
2026-08-21 14:50:05 - INFO -                 precision    recall  f1-score   support
2026-08-21 14:50:05 - INFO - 
2026-08-21 14:50:05 - INFO -       safe (0)     0.8000    0.8649    0.8312        74
2026-08-21 14:50:05 - INFO - vulnerable (1)     0.8611    0.7949    0.8267        78
2026-08-21 14:50:05 - INFO - 
2026-08-21 14:50:05 - INFO -       accuracy                         0.8289       152
2026-08-21 14:50:05 - INFO -      macro avg     0.8306    0.8299    0.8289       152
2026-08-21 14:50:05 - INFO -   weighted avg     0.8314    0.8289    0.8289       152
2026-08-21 14:50:05 - INFO - Confusion matrix - [[tn=64, fp=10], [fn=16, tp=62]]
2026-08-21 14:50:05 - INFO - probability_positive min=0.0001 mean=0.4616 std=0.4752 max=0.9998 predicted_0=80 predicted_1=72
2026-08-21 14:50:05 - INFO - New best model | Macro-F1: 0.828918 | Epoch: 9
2026-08-21 14:50:14 - INFO - Epoch 10/30 | Train loss: 0.073695 | Val loss: 0.895769 | LR: 2.00e-05 | Best epoch: 9 | Patience: 1 | Train: 8.09s | Validation: 0.85s | Epoch: 8.94s | Total: 94.17s
2026-08-21 14:50:14 - INFO - RecAdam target-task weight at epoch end: 0.999996
2026-08-21 14:50:14 - INFO - [Classification Report - split=train epoch=10 - threshold=0.50]
2026-08-21 14:50:14 - INFO -                 precision    recall  f1-score   support
2026-08-21 14:50:14 - INFO - 
2026-08-21 14:50:14 - INFO -       safe (0)     0.9585    0.9830    0.9706       235
2026-08-21 14:50:14 - INFO - vulnerable (1)     0.9814    0.9548    0.9679       221
2026-08-21 14:50:14 - INFO - 
2026-08-21 14:50:14 - INFO -       accuracy                         0.9693       456
2026-08-21 14:50:14 - INFO -      macro avg     0.9700    0.9689    0.9692       456
2026-08-21 14:50:14 - INFO -   weighted avg     0.9696    0.9693    0.9693       456
2026-08-21 14:50:14 - INFO - Confusion matrix - [[tn=231, fp=4], [fn=10, tp=211]]
2026-08-21 14:50:14 - INFO - probability_positive min=0.0002 mean=0.4774 std=0.4851 max=0.9999 predicted_0=241 predicted_1=215
2026-08-21 14:50:14 - INFO - [Classification Report - split=validation epoch=10 - threshold=0.50]
2026-08-21 14:50:14 - INFO -                 precision    recall  f1-score   support
2026-08-21 14:50:14 - INFO - 
2026-08-21 14:50:14 - INFO -       safe (0)     0.7791    0.9054    0.8375        74
2026-08-21 14:50:14 - INFO - vulnerable (1)     0.8939    0.7564    0.8194        78
2026-08-21 14:50:14 - INFO - 
2026-08-21 14:50:14 - INFO -       accuracy                         0.8289       152
2026-08-21 14:50:14 - INFO -      macro avg     0.8365    0.8309    0.8285       152
2026-08-21 14:50:14 - INFO -   weighted avg     0.8380    0.8289    0.8282       152
2026-08-21 14:50:14 - INFO - Confusion matrix - [[tn=67, fp=7], [fn=19, tp=59]]
2026-08-21 14:50:14 - INFO - probability_positive min=0.0001 mean=0.4427 std=0.4794 max=0.9999 predicted_0=86 predicted_1=66
2026-08-21 14:50:23 - INFO - Epoch 11/30 | Train loss: 0.059921 | Val loss: 0.995911 | LR: 2.00e-05 | Best epoch: 9 | Patience: 2 | Train: 8.10s | Validation: 0.86s | Epoch: 8.96s | Total: 103.14s
2026-08-21 14:50:23 - INFO - RecAdam target-task weight at epoch end: 0.999999
2026-08-21 14:50:23 - INFO - [Classification Report - split=train epoch=11 - threshold=0.50]
2026-08-21 14:50:23 - INFO -                 precision    recall  f1-score   support
2026-08-21 14:50:23 - INFO - 
2026-08-21 14:50:23 - INFO -       safe (0)     0.9830    0.9830    0.9830       235
2026-08-21 14:50:23 - INFO - vulnerable (1)     0.9819    0.9819    0.9819       221
2026-08-21 14:50:23 - INFO - 
2026-08-21 14:50:23 - INFO -       accuracy                         0.9825       456
2026-08-21 14:50:23 - INFO -      macro avg     0.9824    0.9824    0.9824       456
2026-08-21 14:50:23 - INFO -   weighted avg     0.9825    0.9825    0.9825       456
2026-08-21 14:50:23 - INFO - Confusion matrix - [[tn=231, fp=4], [fn=4, tp=217]]
2026-08-21 14:50:23 - INFO - probability_positive min=0.0001 mean=0.4844 std=0.4926 max=0.9999 predicted_0=235 predicted_1=221
2026-08-21 14:50:23 - INFO - [Classification Report - split=validation epoch=11 - threshold=0.50]
2026-08-21 14:50:23 - INFO -                 precision    recall  f1-score   support
2026-08-21 14:50:23 - INFO - 
2026-08-21 14:50:23 - INFO -       safe (0)     0.7500    0.9324    0.8313        74
2026-08-21 14:50:23 - INFO - vulnerable (1)     0.9167    0.7051    0.7971        78
2026-08-21 14:50:23 - INFO - 
2026-08-21 14:50:23 - INFO -       accuracy                         0.8158       152
2026-08-21 14:50:23 - INFO -      macro avg     0.8333    0.8188    0.8142       152
2026-08-21 14:50:23 - INFO -   weighted avg     0.8355    0.8158    0.8138       152
2026-08-21 14:50:23 - INFO - Confusion matrix - [[tn=69, fp=5], [fn=23, tp=55]]
2026-08-21 14:50:23 - INFO - probability_positive min=0.0001 mean=0.3979 std=0.4730 max=0.9999 predicted_0=92 predicted_1=60
2026-08-21 14:50:32 - INFO - Epoch 12/30 | Train loss: 0.070250 | Val loss: 1.036156 | LR: 2.00e-05 | Best epoch: 9 | Patience: 3 | Train: 8.09s | Validation: 0.85s | Epoch: 8.94s | Total: 112.10s
2026-08-21 14:50:32 - INFO - RecAdam target-task weight at epoch end: 1.000000
2026-08-21 14:50:32 - INFO - [Classification Report - split=train epoch=12 - threshold=0.50]
2026-08-21 14:50:32 - INFO -                 precision    recall  f1-score   support
2026-08-21 14:50:32 - INFO - 
2026-08-21 14:50:32 - INFO -       safe (0)     0.9830    0.9830    0.9830       235
2026-08-21 14:50:32 - INFO - vulnerable (1)     0.9819    0.9819    0.9819       221
2026-08-21 14:50:32 - INFO - 
2026-08-21 14:50:32 - INFO -       accuracy                         0.9825       456
2026-08-21 14:50:32 - INFO -      macro avg     0.9824    0.9824    0.9824       456
2026-08-21 14:50:32 - INFO -   weighted avg     0.9825    0.9825    0.9825       456
2026-08-21 14:50:32 - INFO - Confusion matrix - [[tn=231, fp=4], [fn=4, tp=217]]
2026-08-21 14:50:32 - INFO - probability_positive min=0.0001 mean=0.4855 std=0.4935 max=0.9999 predicted_0=235 predicted_1=221
2026-08-21 14:50:32 - INFO - [Classification Report - split=validation epoch=12 - threshold=0.50]
2026-08-21 14:50:32 - INFO -                 precision    recall  f1-score   support
2026-08-21 14:50:32 - INFO - 
2026-08-21 14:50:32 - INFO -       safe (0)     0.7614    0.9054    0.8272        74
2026-08-21 14:50:32 - INFO - vulnerable (1)     0.8906    0.7308    0.8028        78
2026-08-21 14:50:32 - INFO - 
2026-08-21 14:50:32 - INFO -       accuracy                         0.8158       152
2026-08-21 14:50:32 - INFO -      macro avg     0.8260    0.8181    0.8150       152
2026-08-21 14:50:32 - INFO -   weighted avg     0.8277    0.8158    0.8147       152
2026-08-21 14:50:32 - INFO - Confusion matrix - [[tn=67, fp=7], [fn=21, tp=57]]
2026-08-21 14:50:32 - INFO - probability_positive min=0.0001 mean=0.4269 std=0.4846 max=0.9999 predicted_0=88 predicted_1=64
2026-08-21 14:50:41 - INFO - Epoch 13/30 | Train loss: 0.030841 | Val loss: 0.986800 | LR: 2.00e-05 | Best epoch: 9 | Patience: 4 | Train: 8.10s | Validation: 0.85s | Epoch: 8.96s | Total: 121.06s
2026-08-21 14:50:41 - INFO - RecAdam target-task weight at epoch end: 1.000000
2026-08-21 14:50:41 - INFO - [Classification Report - split=train epoch=13 - threshold=0.50]
2026-08-21 14:50:41 - INFO -                 precision    recall  f1-score   support
2026-08-21 14:50:41 - INFO - 
2026-08-21 14:50:41 - INFO -       safe (0)     0.9915    0.9872    0.9893       235
2026-08-21 14:50:41 - INFO - vulnerable (1)     0.9865    0.9910    0.9887       221
2026-08-21 14:50:41 - INFO - 
2026-08-21 14:50:41 - INFO -       accuracy                         0.9890       456
2026-08-21 14:50:41 - INFO -      macro avg     0.9890    0.9891    0.9890       456
2026-08-21 14:50:41 - INFO -   weighted avg     0.9890    0.9890    0.9890       456
2026-08-21 14:50:41 - INFO - Confusion matrix - [[tn=232, fp=3], [fn=2, tp=219]]
2026-08-21 14:50:41 - INFO - probability_positive min=0.0000 mean=0.4863 std=0.4952 max=0.9999 predicted_0=234 predicted_1=222
2026-08-21 14:50:41 - INFO - [Classification Report - split=validation epoch=13 - threshold=0.50]
2026-08-21 14:50:41 - INFO -                 precision    recall  f1-score   support
2026-08-21 14:50:41 - INFO - 
2026-08-21 14:50:41 - INFO -       safe (0)     0.7765    0.8919    0.8302        74
2026-08-21 14:50:41 - INFO - vulnerable (1)     0.8806    0.7564    0.8138        78
2026-08-21 14:50:41 - INFO - 
2026-08-21 14:50:41 - INFO -       accuracy                         0.8224       152
2026-08-21 14:50:41 - INFO -      macro avg     0.8285    0.8242    0.8220       152
2026-08-21 14:50:41 - INFO -   weighted avg     0.8299    0.8224    0.8218       152
2026-08-21 14:50:41 - INFO - Confusion matrix - [[tn=66, fp=8], [fn=19, tp=59]]
2026-08-21 14:50:41 - INFO - probability_positive min=0.0000 mean=0.4421 std=0.4833 max=0.9999 predicted_0=85 predicted_1=67
2026-08-21 14:50:49 - INFO - Epoch 14/30 | Train loss: 0.054289 | Val loss: 1.104332 | LR: 2.00e-05 | Best epoch: 9 | Patience: 5 | Train: 8.10s | Validation: 0.85s | Epoch: 8.96s | Total: 130.03s
2026-08-21 14:50:49 - INFO - RecAdam target-task weight at epoch end: 1.000000
2026-08-21 14:50:49 - INFO - [Classification Report - split=train epoch=14 - threshold=0.50]
2026-08-21 14:50:49 - INFO -                 precision    recall  f1-score   support
2026-08-21 14:50:49 - INFO - 
2026-08-21 14:50:49 - INFO -       safe (0)     0.9790    0.9915    0.9852       235
2026-08-21 14:50:49 - INFO - vulnerable (1)     0.9908    0.9774    0.9841       221
2026-08-21 14:50:49 - INFO - 
2026-08-21 14:50:49 - INFO -       accuracy                         0.9846       456
2026-08-21 14:50:49 - INFO -      macro avg     0.9849    0.9844    0.9846       456
2026-08-21 14:50:49 - INFO -   weighted avg     0.9847    0.9846    0.9846       456
2026-08-21 14:50:49 - INFO - Confusion matrix - [[tn=233, fp=2], [fn=5, tp=216]]
2026-08-21 14:50:49 - INFO - probability_positive min=0.0000 mean=0.4777 std=0.4945 max=0.9999 predicted_0=238 predicted_1=218
2026-08-21 14:50:49 - INFO - [Classification Report - split=validation epoch=14 - threshold=0.50]
2026-08-21 14:50:49 - INFO -                 precision    recall  f1-score   support
2026-08-21 14:50:49 - INFO - 
2026-08-21 14:50:49 - INFO -       safe (0)     0.7556    0.9189    0.8293        74
2026-08-21 14:50:49 - INFO - vulnerable (1)     0.9032    0.7179    0.8000        78
2026-08-21 14:50:49 - INFO - 
2026-08-21 14:50:49 - INFO -       accuracy                         0.8158       152
2026-08-21 14:50:49 - INFO -      macro avg     0.8294    0.8184    0.8146       152
2026-08-21 14:50:49 - INFO -   weighted avg     0.8313    0.8158    0.8142       152
2026-08-21 14:50:49 - INFO - Confusion matrix - [[tn=68, fp=6], [fn=22, tp=56]]
2026-08-21 14:50:49 - INFO - probability_positive min=0.0000 mean=0.4137 std=0.4794 max=0.9999 predicted_0=90 predicted_1=62
2026-08-21 14:50:49 - INFO - Early stopping | Epoch: 14 | Best epoch: 9
2026-08-21 14:50:49 - INFO - Best checkpoint saved | Path: model/cb_lam_codebert/transfer_cwe/seed_42/fold1/best.pt | Epoch: 9 | Val macro_f1: 0.828918
2026-08-21 14:50:49 - INFO - Training finished | Elapsed: 130.04s
2026-08-21 14:50:49 - INFO - Run finished | Phase: phase2 | Fold: 1 | Seed: 42 | Elapsed: 132.92s
