2026-08-22 14:33:25 - INFO - Using device: cuda
2026-08-22 14:33:25 - INFO - Run started | Run: same_emb | Method: baseline | Phase: baseline_infer | Fold: 1 | Seed: 42 | Device: cuda
2026-08-22 14:33:26 - INFO - Loading Python validation data: data/sven_python_folds_norm/fold1/val.jsonl
2026-08-22 14:33:26 - INFO - Loading Python test data: data/sven_python_folds_norm/fold1/test.jsonl
2026-08-22 14:33:26 - INFO - Data split: python_val | Total: 152 | Labels: {0: 74, 1: 78} | CWEs: {'CWE-022': 8, 'CWE-078': 42, 'CWE-079': 19, 'CWE-089': 83} | Languages: {'python': 152} | Invalid CWE: 0
2026-08-22 14:33:26 - INFO - Data split: python_test | Total: 152 | Labels: {0: 71, 1: 81} | CWEs: {'CWE-022': 19, 'CWE-078': 39, 'CWE-079': 14, 'CWE-089': 80} | Languages: {'python': 152} | Invalid CWE: 0
2026-08-22 14:33:28 - INFO - Environment: {"components": {"backbone": {"frozen": 0, "total": 109609344, "trainable": 109609344}, "vul_head": {"frozen": 0, "total": 1538, "trainable": 1538}}, "cuda": "12.8", "fold": 1, "frozen_parameters": 0, "gpu": "NVIDIA GeForce RTX 5070 Ti", "hyperparameters": {"batch_size": 16, "checkpoint_path": "model/same_emb/baseline/seed_42/fold1/best.pt", "data_root": "data/sven_python_folds_norm", "epochs": 10, "eval_batch_size": 16, "fold": 1, "learning_rate": 2e-05, "max_eval_samples": null, "max_grad_norm": 1.0, "max_length": 512, "max_train_samples": null, "method_name": "baseline", "min_epochs": 3, "model_name": "Salesforce/codet5p-110m-embedding", "num_workers": 0, "patience": 5, "phase": "infer", "pooling": "mean", "result_path": "results/same_emb/baseline/seed_42/fold1.json", "run_name": "same_emb", "seed": 42, "target_lang": "python", "test_path": null, "train_path": null, "truncation_strategy": "head_middle_tail", "val_path": null, "weight_decay": 0.01}, "mode": "baseline_inference_no_optimizer", "model_name": "Salesforce/codet5p-110m-embedding", "seed": 42, "sklearn": "1.9.0", "torch": "2.11.0+cu128", "trainable_parameters": 109610882, "transformers": "4.57.1"}
2026-08-22 14:33:30 - INFO - Evaluation time | Split: validation+threshold | Seconds: 1.47
2026-08-22 14:33:30 - INFO - [Classification Report - split=validation - threshold=0.50]
2026-08-22 14:33:30 - INFO -                 precision    recall  f1-score   support
2026-08-22 14:33:30 - INFO - 
2026-08-22 14:33:30 - INFO -       safe (0)     0.8049    0.8919    0.8462        74
2026-08-22 14:33:30 - INFO - vulnerable (1)     0.8857    0.7949    0.8378        78
2026-08-22 14:33:30 - INFO - 
2026-08-22 14:33:30 - INFO -       accuracy                         0.8421       152
2026-08-22 14:33:30 - INFO -      macro avg     0.8453    0.8434    0.8420       152
2026-08-22 14:33:30 - INFO -   weighted avg     0.8464    0.8421    0.8419       152
2026-08-22 14:33:30 - INFO - Confusion matrix - [[tn=66, fp=8], [fn=16, tp=62]]
2026-08-22 14:33:30 - INFO - probability_positive min=0.0010 mean=0.4560 std=0.4783 max=0.9986 predicted_0=82 predicted_1=70
2026-08-22 14:33:30 - INFO - [Classification Report - split=validation_calibrated - threshold=0.12]
2026-08-22 14:33:30 - INFO -                 precision    recall  f1-score   support
2026-08-22 14:33:30 - INFO - 
2026-08-22 14:33:30 - INFO -       safe (0)     0.8312    0.8649    0.8477        74
2026-08-22 14:33:30 - INFO - vulnerable (1)     0.8667    0.8333    0.8497        78
2026-08-22 14:33:30 - INFO - 
2026-08-22 14:33:30 - INFO -       accuracy                         0.8487       152
2026-08-22 14:33:30 - INFO -      macro avg     0.8489    0.8491    0.8487       152
2026-08-22 14:33:30 - INFO -   weighted avg     0.8494    0.8487    0.8487       152
2026-08-22 14:33:30 - INFO - Confusion matrix - [[tn=64, fp=10], [fn=13, tp=65]]
2026-08-22 14:33:30 - INFO - probability_positive min=0.0010 mean=0.4560 std=0.4783 max=0.9986 predicted_0=77 predicted_1=75
2026-08-22 14:33:31 - INFO - Evaluation time | Split: test | Seconds: 0.96
2026-08-22 14:33:31 - INFO - [Classification Report - split=test - threshold=0.50]
2026-08-22 14:33:31 - INFO -                 precision    recall  f1-score   support
2026-08-22 14:33:31 - INFO - 
2026-08-22 14:33:31 - INFO -       safe (0)     0.7356    0.9014    0.8101        71
2026-08-22 14:33:31 - INFO - vulnerable (1)     0.8923    0.7160    0.7945        81
2026-08-22 14:33:31 - INFO - 
2026-08-22 14:33:31 - INFO -       accuracy                         0.8026       152
2026-08-22 14:33:31 - INFO -      macro avg     0.8140    0.8087    0.8023       152
2026-08-22 14:33:31 - INFO -   weighted avg     0.8191    0.8026    0.8018       152
2026-08-22 14:33:31 - INFO - Confusion matrix - [[tn=64, fp=7], [fn=23, tp=58]]
2026-08-22 14:33:31 - INFO - probability_positive min=0.0011 mean=0.4291 std=0.4712 max=0.9987 predicted_0=87 predicted_1=65
2026-08-22 14:33:31 - INFO - [Classification Report - split=test_valcal - threshold=0.12]
2026-08-22 14:33:31 - INFO -                 precision    recall  f1-score   support
2026-08-22 14:33:31 - INFO - 
2026-08-22 14:33:31 - INFO -       safe (0)     0.7500    0.8451    0.7947        71
2026-08-22 14:33:31 - INFO - vulnerable (1)     0.8472    0.7531    0.7974        81
2026-08-22 14:33:31 - INFO - 
2026-08-22 14:33:31 - INFO -       accuracy                         0.7961       152
2026-08-22 14:33:31 - INFO -      macro avg     0.7986    0.7991    0.7960       152
2026-08-22 14:33:31 - INFO -   weighted avg     0.8018    0.7961    0.7961       152
2026-08-22 14:33:31 - INFO - Confusion matrix - [[tn=60, fp=11], [fn=20, tp=61]]
2026-08-22 14:33:31 - INFO - probability_positive min=0.0011 mean=0.4291 std=0.4712 max=0.9987 predicted_0=80 predicted_1=72
2026-08-22 14:33:31 - INFO - [Classification Report - split=test_at_0.5_CWE-022 - threshold=0.50]
2026-08-22 14:33:31 - INFO -                 precision    recall  f1-score   support
2026-08-22 14:33:31 - INFO - 
2026-08-22 14:33:31 - INFO -       safe (0)     0.5000    0.7000    0.5833        10
2026-08-22 14:33:31 - INFO - vulnerable (1)     0.4000    0.2222    0.2857         9
2026-08-22 14:33:31 - INFO - 
2026-08-22 14:33:31 - INFO -       accuracy                         0.4737        19
2026-08-22 14:33:31 - INFO -      macro avg     0.4500    0.4611    0.4345        19
2026-08-22 14:33:31 - INFO -   weighted avg     0.4526    0.4737    0.4424        19
2026-08-22 14:33:31 - INFO - Confusion matrix - [[tn=7, fp=3], [fn=7, tp=2]]
2026-08-22 14:33:31 - INFO - probability_positive min=0.0016 mean=0.3106 std=0.3466 max=0.9911 predicted_0=14 predicted_1=5
2026-08-22 14:33:31 - INFO - [Classification Report - split=test_at_0.5_CWE-078 - threshold=0.50]
2026-08-22 14:33:31 - INFO -                 precision    recall  f1-score   support
2026-08-22 14:33:31 - INFO - 
2026-08-22 14:33:31 - INFO -       safe (0)     0.6190    0.8667    0.7222        15
2026-08-22 14:33:31 - INFO - vulnerable (1)     0.8889    0.6667    0.7619        24
2026-08-22 14:33:31 - INFO - 
2026-08-22 14:33:31 - INFO -       accuracy                         0.7436        39
2026-08-22 14:33:31 - INFO -      macro avg     0.7540    0.7667    0.7421        39
2026-08-22 14:33:31 - INFO -   weighted avg     0.7851    0.7436    0.7466        39
2026-08-22 14:33:31 - INFO - Confusion matrix - [[tn=13, fp=2], [fn=8, tp=16]]
2026-08-22 14:33:31 - INFO - probability_positive min=0.0012 mean=0.4652 std=0.4885 max=0.9983 predicted_0=21 predicted_1=18
2026-08-22 14:33:31 - INFO - [Classification Report - split=test_at_0.5_CWE-079 - threshold=0.50]
2026-08-22 14:33:31 - INFO -                 precision    recall  f1-score   support
2026-08-22 14:33:31 - INFO - 
2026-08-22 14:33:31 - INFO -       safe (0)     0.5556    0.7143    0.6250         7
2026-08-22 14:33:31 - INFO - vulnerable (1)     0.6000    0.4286    0.5000         7
2026-08-22 14:33:31 - INFO - 
2026-08-22 14:33:31 - INFO -       accuracy                         0.5714        14
2026-08-22 14:33:31 - INFO -      macro avg     0.5778    0.5714    0.5625        14
2026-08-22 14:33:31 - INFO -   weighted avg     0.5778    0.5714    0.5625        14
2026-08-22 14:33:31 - INFO - Confusion matrix - [[tn=5, fp=2], [fn=4, tp=3]]
2026-08-22 14:33:31 - INFO - probability_positive min=0.0013 mean=0.3327 std=0.4418 max=0.9966 predicted_0=9 predicted_1=5
2026-08-22 14:33:31 - INFO - [Classification Report - split=test_at_0.5_CWE-089 - threshold=0.50]
2026-08-22 14:33:31 - INFO -                 precision    recall  f1-score   support
2026-08-22 14:33:31 - INFO - 
2026-08-22 14:33:31 - INFO -       safe (0)     0.9070    1.0000    0.9512        39
2026-08-22 14:33:31 - INFO - vulnerable (1)     1.0000    0.9024    0.9487        41
2026-08-22 14:33:31 - INFO - 
2026-08-22 14:33:31 - INFO -       accuracy                         0.9500        80
2026-08-22 14:33:31 - INFO -      macro avg     0.9535    0.9512    0.9500        80
2026-08-22 14:33:31 - INFO -   weighted avg     0.9547    0.9500    0.9499        80
2026-08-22 14:33:31 - INFO - Confusion matrix - [[tn=39, fp=0], [fn=4, tp=37]]
2026-08-22 14:33:31 - INFO - probability_positive min=0.0011 mean=0.4565 std=0.4863 max=0.9987 predicted_0=43 predicted_1=37
2026-08-22 14:33:31 - INFO - [Classification Report - split=test_at_valcal_CWE-022 - threshold=0.12]
2026-08-22 14:33:31 - INFO -                 precision    recall  f1-score   support
2026-08-22 14:33:31 - INFO - 
2026-08-22 14:33:31 - INFO -       safe (0)     0.4444    0.4000    0.4211        10
2026-08-22 14:33:31 - INFO - vulnerable (1)     0.4000    0.4444    0.4211         9
2026-08-22 14:33:31 - INFO - 
2026-08-22 14:33:31 - INFO -       accuracy                         0.4211        19
2026-08-22 14:33:31 - INFO -      macro avg     0.4222    0.4222    0.4211        19
2026-08-22 14:33:31 - INFO -   weighted avg     0.4234    0.4211    0.4211        19
2026-08-22 14:33:31 - INFO - Confusion matrix - [[tn=4, fp=6], [fn=5, tp=4]]
2026-08-22 14:33:31 - INFO - probability_positive min=0.0016 mean=0.3106 std=0.3466 max=0.9911 predicted_0=9 predicted_1=10
2026-08-22 14:33:31 - INFO - [Classification Report - split=test_at_valcal_CWE-078 - threshold=0.12]
2026-08-22 14:33:31 - INFO -                 precision    recall  f1-score   support
2026-08-22 14:33:31 - INFO - 
2026-08-22 14:33:31 - INFO -       safe (0)     0.6000    0.8000    0.6857        15
2026-08-22 14:33:31 - INFO - vulnerable (1)     0.8421    0.6667    0.7442        24
2026-08-22 14:33:31 - INFO - 
2026-08-22 14:33:31 - INFO -       accuracy                         0.7179        39
2026-08-22 14:33:31 - INFO -      macro avg     0.7211    0.7333    0.7150        39
2026-08-22 14:33:31 - INFO -   weighted avg     0.7490    0.7179    0.7217        39
2026-08-22 14:33:31 - INFO - Confusion matrix - [[tn=12, fp=3], [fn=8, tp=16]]
2026-08-22 14:33:31 - INFO - probability_positive min=0.0012 mean=0.4652 std=0.4885 max=0.9983 predicted_0=20 predicted_1=19
2026-08-22 14:33:31 - INFO - [Classification Report - split=test_at_valcal_CWE-079 - threshold=0.12]
2026-08-22 14:33:31 - INFO -                 precision    recall  f1-score   support
2026-08-22 14:33:31 - INFO - 
2026-08-22 14:33:31 - INFO -       safe (0)     0.5556    0.7143    0.6250         7
2026-08-22 14:33:31 - INFO - vulnerable (1)     0.6000    0.4286    0.5000         7
2026-08-22 14:33:31 - INFO - 
2026-08-22 14:33:31 - INFO -       accuracy                         0.5714        14
2026-08-22 14:33:31 - INFO -      macro avg     0.5778    0.5714    0.5625        14
2026-08-22 14:33:31 - INFO -   weighted avg     0.5778    0.5714    0.5625        14
2026-08-22 14:33:31 - INFO - Confusion matrix - [[tn=5, fp=2], [fn=4, tp=3]]
2026-08-22 14:33:31 - INFO - probability_positive min=0.0013 mean=0.3327 std=0.4418 max=0.9966 predicted_0=9 predicted_1=5
2026-08-22 14:33:31 - INFO - [Classification Report - split=test_at_valcal_CWE-089 - threshold=0.12]
2026-08-22 14:33:31 - INFO -                 precision    recall  f1-score   support
2026-08-22 14:33:31 - INFO - 
2026-08-22 14:33:31 - INFO -       safe (0)     0.9286    1.0000    0.9630        39
2026-08-22 14:33:31 - INFO - vulnerable (1)     1.0000    0.9268    0.9620        41
2026-08-22 14:33:31 - INFO - 
2026-08-22 14:33:31 - INFO -       accuracy                         0.9625        80
2026-08-22 14:33:31 - INFO -      macro avg     0.9643    0.9634    0.9625        80
2026-08-22 14:33:31 - INFO -   weighted avg     0.9652    0.9625    0.9625        80
2026-08-22 14:33:31 - INFO - Confusion matrix - [[tn=39, fp=0], [fn=3, tp=38]]
2026-08-22 14:33:31 - INFO - probability_positive min=0.0011 mean=0.4565 std=0.4863 max=0.9987 predicted_0=42 predicted_1=38
2026-08-22 14:33:31 - INFO - Baseline inference result saved: results/same_emb/baseline/seed_42/fold1.json
2026-08-22 14:33:31 - INFO - Run finished | Phase: baseline_infer | Fold: 1 | Seed: 42 | Elapsed: 5.30s
