2026-08-22 15:28:29 - INFO - Using device: cuda
2026-08-22 15:28:29 - INFO - Run started | Run: same_emb | Method: baseline | Phase: baseline_train | Fold: 5 | Seed: 42 | Device: cuda
2026-08-22 15:28:29 - INFO - Loading Python validation data: data/sven_python_folds_norm/fold5/val.jsonl
2026-08-22 15:28:29 - INFO - Loading Python training data: data/sven_python_folds_norm/fold5/train.jsonl
2026-08-22 15:28:29 - INFO - Data split: python_train | Total: 456 | Labels: {0: 237, 1: 219} | CWEs: {'CWE-022': 34, 'CWE-078': 121, 'CWE-079': 52, 'CWE-089': 249} | Languages: {'python': 456} | Invalid CWE: 0
2026-08-22 15:28:29 - INFO - Data split: python_val | Total: 152 | Labels: {0: 71, 1: 81} | CWEs: {'CWE-022': 19, 'CWE-078': 39, 'CWE-079': 14, 'CWE-089': 80} | Languages: {'python': 152} | Invalid CWE: 0
2026-08-22 15:28:31 - INFO - Environment: {"components": {"backbone": {"frozen": 0, "total": 109609344, "trainable": 109609344}, "vul_head": {"frozen": 0, "total": 1538, "trainable": 1538}}, "cuda": "12.8", "fold": 5, "frozen_parameters": 0, "gpu": "NVIDIA GeForce RTX 5070 Ti", "hyperparameters": {"batch_size": 16, "checkpoint_path": "model/same_emb/baseline/seed_42/fold5/best.pt", "data_root": "data/sven_python_folds_norm", "epochs": 30, "eval_batch_size": 16, "fold": 5, "learning_rate": 2e-05, "max_eval_samples": null, "max_grad_norm": 1.0, "max_length": 512, "max_train_samples": null, "method_name": "baseline", "min_epochs": 3, "model_name": "Salesforce/codet5p-110m-embedding", "num_workers": 0, "patience": 5, "phase": "train", "pooling": "mean", "result_path": "results/same_emb/baseline/seed_42/fold5.json", "run_name": "same_emb", "seed": 42, "target_lang": "python", "test_path": null, "train_path": null, "truncation_strategy": "head_middle_tail", "val_path": null, "weight_decay": 0.01}, "mode": "baseline_train", "model_name": "Salesforce/codet5p-110m-embedding", "seed": 42, "sklearn": "1.9.0", "torch": "2.11.0+cu128", "trainable_parameters": 109610882, "transformers": "4.57.1"}
2026-08-22 15:28:31 - INFO - Training started | Phase: baseline | Epochs: 30
2026-08-22 15:28:41 - INFO - Epoch 1/30 | Train loss: 0.702079 | Val loss: 0.698132 | LR: 2.00e-05 | Best epoch: 1 | Patience: 0 | Train: 8.69s | Validation: 0.96s | Epoch: 9.81s | Total: 9.81s
2026-08-22 15:28:41 - INFO - [Classification Report - split=train epoch=1 - threshold=0.50]
2026-08-22 15:28:41 - INFO -                 precision    recall  f1-score   support
2026-08-22 15:28:41 - INFO - 
2026-08-22 15:28:41 - INFO -       safe (0)     0.5067    0.8017    0.6209       237
2026-08-22 15:28:41 - INFO - vulnerable (1)     0.4198    0.1553    0.2267       219
2026-08-22 15:28:41 - INFO - 
2026-08-22 15:28:41 - INFO -       accuracy                         0.4912       456
2026-08-22 15:28:41 - INFO -      macro avg     0.4632    0.4785    0.4238       456
2026-08-22 15:28:41 - INFO -   weighted avg     0.4649    0.4912    0.4316       456
2026-08-22 15:28:41 - INFO - Confusion matrix - [[tn=190, fp=47], [fn=185, tp=34]]
2026-08-22 15:28:41 - INFO - probability_positive min=0.3599 mean=0.4616 std=0.0403 max=0.5588 predicted_0=375 predicted_1=81
2026-08-22 15:28:41 - INFO - [Classification Report - split=validation epoch=1 - threshold=0.50]
2026-08-22 15:28:41 - INFO -                 precision    recall  f1-score   support
2026-08-22 15:28:41 - INFO - 
2026-08-22 15:28:41 - INFO -       safe (0)     0.4133    0.4366    0.4247        71
2026-08-22 15:28:41 - INFO - vulnerable (1)     0.4805    0.4568    0.4684        81
2026-08-22 15:28:41 - INFO - 
2026-08-22 15:28:41 - INFO -       accuracy                         0.4474       152
2026-08-22 15:28:41 - INFO -      macro avg     0.4469    0.4467    0.4465       152
2026-08-22 15:28:41 - INFO -   weighted avg     0.4491    0.4474    0.4479       152
2026-08-22 15:28:41 - INFO - Confusion matrix - [[tn=31, fp=40], [fn=44, tp=37]]
2026-08-22 15:28:41 - INFO - probability_positive min=0.4556 mean=0.5003 std=0.0201 max=0.5521 predicted_0=75 predicted_1=77
2026-08-22 15:28:41 - INFO - New best model | Macro-F1: 0.446506 | Epoch: 1
2026-08-22 15:28:50 - INFO - Epoch 2/30 | Train loss: 0.688604 | Val loss: 0.723520 | LR: 2.00e-05 | Best epoch: 1 | Patience: 0 | Train: 8.46s | Validation: 0.96s | Epoch: 9.42s | Total: 19.24s
2026-08-22 15:28:50 - INFO - [Classification Report - split=train epoch=2 - threshold=0.50]
2026-08-22 15:28:50 - INFO -                 precision    recall  f1-score   support
2026-08-22 15:28:50 - INFO - 
2026-08-22 15:28:50 - INFO -       safe (0)     0.5473    0.5612    0.5542       237
2026-08-22 15:28:50 - INFO - vulnerable (1)     0.5117    0.4977    0.5046       219
2026-08-22 15:28:50 - INFO - 
2026-08-22 15:28:50 - INFO -       accuracy                         0.5307       456
2026-08-22 15:28:50 - INFO -      macro avg     0.5295    0.5294    0.5294       456
2026-08-22 15:28:50 - INFO -   weighted avg     0.5302    0.5307    0.5304       456
2026-08-22 15:28:50 - INFO - Confusion matrix - [[tn=133, fp=104], [fn=110, tp=109]]
2026-08-22 15:28:50 - INFO - probability_positive min=0.3632 mean=0.4929 std=0.0489 max=0.5957 predicted_0=243 predicted_1=213
2026-08-22 15:28:50 - INFO - [Classification Report - split=validation epoch=2 - threshold=0.50]
2026-08-22 15:28:50 - INFO -                 precision    recall  f1-score   support
2026-08-22 15:28:50 - INFO - 
2026-08-22 15:28:50 - INFO -       safe (0)     0.4600    0.9718    0.6244        71
2026-08-22 15:28:50 - INFO - vulnerable (1)     0.0000    0.0000    0.0000        81
2026-08-22 15:28:50 - INFO - 
2026-08-22 15:28:50 - INFO -       accuracy                         0.4539       152
2026-08-22 15:28:50 - INFO -      macro avg     0.2300    0.4859    0.3122       152
2026-08-22 15:28:50 - INFO -   weighted avg     0.2149    0.4539    0.2917       152
2026-08-22 15:28:50 - INFO - Confusion matrix - [[tn=69, fp=2], [fn=81, tp=0]]
2026-08-22 15:28:50 - INFO - probability_positive min=0.3706 mean=0.4363 std=0.0283 max=0.5117 predicted_0=150 predicted_1=2
2026-08-22 15:29:00 - INFO - Epoch 3/30 | Train loss: 0.671396 | Val loss: 0.713103 | LR: 2.00e-05 | Best epoch: 1 | Patience: 1 | Train: 8.47s | Validation: 0.96s | Epoch: 9.42s | Total: 28.67s
2026-08-22 15:29:00 - INFO - [Classification Report - split=train epoch=3 - threshold=0.50]
2026-08-22 15:29:00 - INFO -                 precision    recall  f1-score   support
2026-08-22 15:29:00 - INFO - 
2026-08-22 15:29:00 - INFO -       safe (0)     0.5758    0.7215    0.6404       237
2026-08-22 15:29:00 - INFO - vulnerable (1)     0.5849    0.4247    0.4921       219
2026-08-22 15:29:00 - INFO - 
2026-08-22 15:29:00 - INFO -       accuracy                         0.5789       456
2026-08-22 15:29:00 - INFO -      macro avg     0.5803    0.5731    0.5663       456
2026-08-22 15:29:00 - INFO -   weighted avg     0.5802    0.5789    0.5692       456
2026-08-22 15:29:00 - INFO - Confusion matrix - [[tn=171, fp=66], [fn=126, tp=93]]
2026-08-22 15:29:00 - INFO - probability_positive min=0.3555 mean=0.4741 std=0.0605 max=0.6745 predicted_0=297 predicted_1=159
2026-08-22 15:29:00 - INFO - [Classification Report - split=validation epoch=3 - threshold=0.50]
2026-08-22 15:29:00 - INFO -                 precision    recall  f1-score   support
2026-08-22 15:29:00 - INFO - 
2026-08-22 15:29:00 - INFO -       safe (0)     0.3333    0.0986    0.1522        71
2026-08-22 15:29:00 - INFO - vulnerable (1)     0.5115    0.8272    0.6321        81
2026-08-22 15:29:00 - INFO - 
2026-08-22 15:29:00 - INFO -       accuracy                         0.4868       152
2026-08-22 15:29:00 - INFO -      macro avg     0.4224    0.4629    0.3921       152
2026-08-22 15:29:00 - INFO -   weighted avg     0.4283    0.4868    0.4079       152
2026-08-22 15:29:00 - INFO - Confusion matrix - [[tn=7, fp=64], [fn=14, tp=67]]
2026-08-22 15:29:00 - INFO - probability_positive min=0.4333 mean=0.5385 std=0.0364 max=0.6273 predicted_0=21 predicted_1=131
2026-08-22 15:29:09 - INFO - Epoch 4/30 | Train loss: 0.657007 | Val loss: 0.718468 | LR: 2.00e-05 | Best epoch: 1 | Patience: 2 | Train: 8.46s | Validation: 0.96s | Epoch: 9.42s | Total: 38.10s
2026-08-22 15:29:09 - INFO - [Classification Report - split=train epoch=4 - threshold=0.50]
2026-08-22 15:29:09 - INFO -                 precision    recall  f1-score   support
2026-08-22 15:29:09 - INFO - 
2026-08-22 15:29:09 - INFO -       safe (0)     0.6381    0.7215    0.6772       237
2026-08-22 15:29:09 - INFO - vulnerable (1)     0.6489    0.5571    0.5995       219
2026-08-22 15:29:09 - INFO - 
2026-08-22 15:29:09 - INFO -       accuracy                         0.6425       456
2026-08-22 15:29:09 - INFO -      macro avg     0.6435    0.6393    0.6384       456
2026-08-22 15:29:09 - INFO -   weighted avg     0.6433    0.6425    0.6399       456
2026-08-22 15:29:09 - INFO - Confusion matrix - [[tn=171, fp=66], [fn=97, tp=122]]
2026-08-22 15:29:09 - INFO - probability_positive min=0.2770 mean=0.4831 std=0.0745 max=0.7020 predicted_0=268 predicted_1=188
2026-08-22 15:29:09 - INFO - [Classification Report - split=validation epoch=4 - threshold=0.50]
2026-08-22 15:29:09 - INFO -                 precision    recall  f1-score   support
2026-08-22 15:29:09 - INFO - 
2026-08-22 15:29:09 - INFO -       safe (0)     0.3824    0.3662    0.3741        71
2026-08-22 15:29:09 - INFO - vulnerable (1)     0.4643    0.4815    0.4727        81
2026-08-22 15:29:09 - INFO - 
2026-08-22 15:29:09 - INFO -       accuracy                         0.4276       152
2026-08-22 15:29:09 - INFO -      macro avg     0.4233    0.4238    0.4234       152
2026-08-22 15:29:09 - INFO -   weighted avg     0.4260    0.4276    0.4267       152
2026-08-22 15:29:09 - INFO - Confusion matrix - [[tn=26, fp=45], [fn=42, tp=39]]
2026-08-22 15:29:09 - INFO - probability_positive min=0.3266 mean=0.5145 std=0.0625 max=0.6497 predicted_0=68 predicted_1=84
2026-08-22 15:29:19 - INFO - Epoch 5/30 | Train loss: 0.603946 | Val loss: 0.655223 | LR: 2.00e-05 | Best epoch: 5 | Patience: 0 | Train: 8.46s | Validation: 0.96s | Epoch: 9.64s | Total: 47.75s
2026-08-22 15:29:19 - INFO - [Classification Report - split=train epoch=5 - threshold=0.50]
2026-08-22 15:29:19 - INFO -                 precision    recall  f1-score   support
2026-08-22 15:29:19 - INFO - 
2026-08-22 15:29:19 - INFO -       safe (0)     0.6526    0.7848    0.7126       237
2026-08-22 15:29:19 - INFO - vulnerable (1)     0.7018    0.5479    0.6154       219
2026-08-22 15:29:19 - INFO - 
2026-08-22 15:29:19 - INFO -       accuracy                         0.6711       456
2026-08-22 15:29:19 - INFO -      macro avg     0.6772    0.6664    0.6640       456
2026-08-22 15:29:19 - INFO -   weighted avg     0.6762    0.6711    0.6659       456
2026-08-22 15:29:19 - INFO - Confusion matrix - [[tn=186, fp=51], [fn=99, tp=120]]
2026-08-22 15:29:19 - INFO - probability_positive min=0.1509 mean=0.4539 std=0.1352 max=0.7999 predicted_0=285 predicted_1=171
2026-08-22 15:29:19 - INFO - [Classification Report - split=validation epoch=5 - threshold=0.50]
2026-08-22 15:29:19 - INFO -                 precision    recall  f1-score   support
2026-08-22 15:29:19 - INFO - 
2026-08-22 15:29:19 - INFO -       safe (0)     0.5614    0.4507    0.5000        71
2026-08-22 15:29:19 - INFO - vulnerable (1)     0.5895    0.6914    0.6364        81
2026-08-22 15:29:19 - INFO - 
2026-08-22 15:29:19 - INFO -       accuracy                         0.5789       152
2026-08-22 15:29:19 - INFO -      macro avg     0.5754    0.5710    0.5682       152
2026-08-22 15:29:19 - INFO -   weighted avg     0.5764    0.5789    0.5727       152
2026-08-22 15:29:19 - INFO - Confusion matrix - [[tn=32, fp=39], [fn=25, tp=56]]
2026-08-22 15:29:19 - INFO - probability_positive min=0.0847 mean=0.5398 std=0.1615 max=0.8181 predicted_0=57 predicted_1=95
2026-08-22 15:29:19 - INFO - New best model | Macro-F1: 0.568182 | Epoch: 5
2026-08-22 15:29:28 - INFO - Epoch 6/30 | Train loss: 0.448788 | Val loss: 0.642113 | LR: 2.00e-05 | Best epoch: 6 | Patience: 0 | Train: 8.47s | Validation: 0.96s | Epoch: 9.65s | Total: 57.41s
2026-08-22 15:29:28 - INFO - [Classification Report - split=train epoch=6 - threshold=0.50]
2026-08-22 15:29:28 - INFO -                 precision    recall  f1-score   support
2026-08-22 15:29:28 - INFO - 
2026-08-22 15:29:28 - INFO -       safe (0)     0.8050    0.8186    0.8117       237
2026-08-22 15:29:28 - INFO - vulnerable (1)     0.8000    0.7854    0.7926       219
2026-08-22 15:29:28 - INFO - 
2026-08-22 15:29:28 - INFO -       accuracy                         0.8026       456
2026-08-22 15:29:28 - INFO -      macro avg     0.8025    0.8020    0.8022       456
2026-08-22 15:29:28 - INFO -   weighted avg     0.8026    0.8026    0.8025       456
2026-08-22 15:29:28 - INFO - Confusion matrix - [[tn=194, fp=43], [fn=47, tp=172]]
2026-08-22 15:29:28 - INFO - probability_positive min=0.0248 mean=0.4648 std=0.2817 max=0.9557 predicted_0=241 predicted_1=215
2026-08-22 15:29:28 - INFO - [Classification Report - split=validation epoch=6 - threshold=0.50]
2026-08-22 15:29:28 - INFO -                 precision    recall  f1-score   support
2026-08-22 15:29:28 - INFO - 
2026-08-22 15:29:28 - INFO -       safe (0)     0.6267    0.6620    0.6438        71
2026-08-22 15:29:28 - INFO - vulnerable (1)     0.6883    0.6543    0.6709        81
2026-08-22 15:29:28 - INFO - 
2026-08-22 15:29:28 - INFO -       accuracy                         0.6579       152
2026-08-22 15:29:28 - INFO -      macro avg     0.6575    0.6581    0.6574       152
2026-08-22 15:29:28 - INFO -   weighted avg     0.6595    0.6579    0.6583       152
2026-08-22 15:29:28 - INFO - Confusion matrix - [[tn=47, fp=24], [fn=28, tp=53]]
2026-08-22 15:29:28 - INFO - probability_positive min=0.0147 mean=0.4823 std=0.3493 max=0.9600 predicted_0=75 predicted_1=77
2026-08-22 15:29:28 - INFO - New best model | Macro-F1: 0.657361 | Epoch: 6
2026-08-22 15:29:38 - INFO - Epoch 7/30 | Train loss: 0.286463 | Val loss: 0.585161 | LR: 2.00e-05 | Best epoch: 7 | Patience: 0 | Train: 8.47s | Validation: 0.96s | Epoch: 9.65s | Total: 67.07s
2026-08-22 15:29:38 - INFO - [Classification Report - split=train epoch=7 - threshold=0.50]
2026-08-22 15:29:38 - INFO -                 precision    recall  f1-score   support
2026-08-22 15:29:38 - INFO - 
2026-08-22 15:29:38 - INFO -       safe (0)     0.8841    0.8692    0.8766       237
2026-08-22 15:29:38 - INFO - vulnerable (1)     0.8610    0.8767    0.8688       219
2026-08-22 15:29:38 - INFO - 
2026-08-22 15:29:38 - INFO -       accuracy                         0.8728       456
2026-08-22 15:29:38 - INFO -      macro avg     0.8726    0.8730    0.8727       456
2026-08-22 15:29:38 - INFO -   weighted avg     0.8730    0.8728    0.8728       456
2026-08-22 15:29:38 - INFO - Confusion matrix - [[tn=206, fp=31], [fn=27, tp=192]]
2026-08-22 15:29:38 - INFO - probability_positive min=0.0113 mean=0.4868 std=0.3896 max=0.9778 predicted_0=233 predicted_1=223
2026-08-22 15:29:38 - INFO - [Classification Report - split=validation epoch=7 - threshold=0.50]
2026-08-22 15:29:38 - INFO -                 precision    recall  f1-score   support
2026-08-22 15:29:38 - INFO - 
2026-08-22 15:29:38 - INFO -       safe (0)     0.7241    0.5915    0.6512        71
2026-08-22 15:29:38 - INFO - vulnerable (1)     0.6915    0.8025    0.7429        81
2026-08-22 15:29:38 - INFO - 
2026-08-22 15:29:38 - INFO -       accuracy                         0.7039       152
2026-08-22 15:29:38 - INFO -      macro avg     0.7078    0.6970    0.6970       152
2026-08-22 15:29:38 - INFO -   weighted avg     0.7067    0.7039    0.7000       152
2026-08-22 15:29:38 - INFO - Confusion matrix - [[tn=42, fp=29], [fn=16, tp=65]]
2026-08-22 15:29:38 - INFO - probability_positive min=0.0070 mean=0.5803 std=0.3794 max=0.9844 predicted_0=58 predicted_1=94
2026-08-22 15:29:38 - INFO - New best model | Macro-F1: 0.697010 | Epoch: 7
2026-08-22 15:29:48 - INFO - Epoch 8/30 | Train loss: 0.235163 | Val loss: 0.759251 | LR: 2.00e-05 | Best epoch: 8 | Patience: 0 | Train: 8.47s | Validation: 0.96s | Epoch: 9.65s | Total: 76.72s
2026-08-22 15:29:48 - INFO - [Classification Report - split=train epoch=8 - threshold=0.50]
2026-08-22 15:29:48 - INFO -                 precision    recall  f1-score   support
2026-08-22 15:29:48 - INFO - 
2026-08-22 15:29:48 - INFO -       safe (0)     0.8958    0.9072    0.9015       237
2026-08-22 15:29:48 - INFO - vulnerable (1)     0.8981    0.8858    0.8920       219
2026-08-22 15:29:48 - INFO - 
2026-08-22 15:29:48 - INFO -       accuracy                         0.8969       456
2026-08-22 15:29:48 - INFO -      macro avg     0.8970    0.8965    0.8967       456
2026-08-22 15:29:48 - INFO -   weighted avg     0.8969    0.8969    0.8969       456
2026-08-22 15:29:48 - INFO - Confusion matrix - [[tn=215, fp=22], [fn=25, tp=194]]
2026-08-22 15:29:48 - INFO - probability_positive min=0.0052 mean=0.4675 std=0.4229 max=0.9883 predicted_0=240 predicted_1=216
2026-08-22 15:29:48 - INFO - [Classification Report - split=validation epoch=8 - threshold=0.50]
2026-08-22 15:29:48 - INFO -                 precision    recall  f1-score   support
2026-08-22 15:29:48 - INFO - 
2026-08-22 15:29:48 - INFO -       safe (0)     0.6747    0.7887    0.7273        71
2026-08-22 15:29:48 - INFO - vulnerable (1)     0.7826    0.6667    0.7200        81
2026-08-22 15:29:48 - INFO - 
2026-08-22 15:29:48 - INFO -       accuracy                         0.7237       152
2026-08-22 15:29:48 - INFO -      macro avg     0.7287    0.7277    0.7236       152
2026-08-22 15:29:48 - INFO -   weighted avg     0.7322    0.7237    0.7234       152
2026-08-22 15:29:48 - INFO - Confusion matrix - [[tn=56, fp=15], [fn=27, tp=54]]
2026-08-22 15:29:48 - INFO - probability_positive min=0.0037 mean=0.4278 std=0.4242 max=0.9924 predicted_0=83 predicted_1=69
2026-08-22 15:29:48 - INFO - New best model | Macro-F1: 0.723636 | Epoch: 8
2026-08-22 15:29:57 - INFO - Epoch 9/30 | Train loss: 0.172649 | Val loss: 0.850161 | LR: 2.00e-05 | Best epoch: 8 | Patience: 1 | Train: 8.47s | Validation: 0.96s | Epoch: 9.42s | Total: 86.16s
2026-08-22 15:29:57 - INFO - [Classification Report - split=train epoch=9 - threshold=0.50]
2026-08-22 15:29:57 - INFO -                 precision    recall  f1-score   support
2026-08-22 15:29:57 - INFO - 
2026-08-22 15:29:57 - INFO -       safe (0)     0.9316    0.9198    0.9257       237
2026-08-22 15:29:57 - INFO - vulnerable (1)     0.9144    0.9269    0.9206       219
2026-08-22 15:29:57 - INFO - 
2026-08-22 15:29:57 - INFO -       accuracy                         0.9232       456
2026-08-22 15:29:57 - INFO -      macro avg     0.9230    0.9234    0.9232       456
2026-08-22 15:29:57 - INFO -   weighted avg     0.9234    0.9232    0.9233       456
2026-08-22 15:29:57 - INFO - Confusion matrix - [[tn=218, fp=19], [fn=16, tp=203]]
2026-08-22 15:29:57 - INFO - probability_positive min=0.0038 mean=0.4822 std=0.4468 max=0.9950 predicted_0=234 predicted_1=222
2026-08-22 15:29:57 - INFO - [Classification Report - split=validation epoch=9 - threshold=0.50]
2026-08-22 15:29:57 - INFO -                 precision    recall  f1-score   support
2026-08-22 15:29:57 - INFO - 
2026-08-22 15:29:57 - INFO -       safe (0)     0.6364    0.8873    0.7412        71
2026-08-22 15:29:57 - INFO - vulnerable (1)     0.8491    0.5556    0.6716        81
2026-08-22 15:29:57 - INFO - 
2026-08-22 15:29:57 - INFO -       accuracy                         0.7105       152
2026-08-22 15:29:57 - INFO -      macro avg     0.7427    0.7214    0.7064       152
2026-08-22 15:29:57 - INFO -   weighted avg     0.7497    0.7105    0.7041       152
2026-08-22 15:29:57 - INFO - Confusion matrix - [[tn=63, fp=8], [fn=36, tp=45]]
2026-08-22 15:29:57 - INFO - probability_positive min=0.0029 mean=0.3581 std=0.4051 max=0.9937 predicted_0=99 predicted_1=53
2026-08-22 15:30:07 - INFO - Epoch 10/30 | Train loss: 0.143471 | Val loss: 0.688597 | LR: 2.00e-05 | Best epoch: 10 | Patience: 0 | Train: 8.47s | Validation: 0.96s | Epoch: 9.65s | Total: 95.82s
2026-08-22 15:30:07 - INFO - [Classification Report - split=train epoch=10 - threshold=0.50]
2026-08-22 15:30:07 - INFO -                 precision    recall  f1-score   support
2026-08-22 15:30:07 - INFO - 
2026-08-22 15:30:07 - INFO -       safe (0)     0.9380    0.9578    0.9478       237
2026-08-22 15:30:07 - INFO - vulnerable (1)     0.9533    0.9315    0.9423       219
2026-08-22 15:30:07 - INFO - 
2026-08-22 15:30:07 - INFO -       accuracy                         0.9452       456
2026-08-22 15:30:07 - INFO -      macro avg     0.9456    0.9447    0.9450       456
2026-08-22 15:30:07 - INFO -   weighted avg     0.9453    0.9452    0.9451       456
2026-08-22 15:30:07 - INFO - Confusion matrix - [[tn=227, fp=10], [fn=15, tp=204]]
2026-08-22 15:30:07 - INFO - probability_positive min=0.0028 mean=0.4681 std=0.4539 max=0.9956 predicted_0=242 predicted_1=214
2026-08-22 15:30:07 - INFO - [Classification Report - split=validation epoch=10 - threshold=0.50]
2026-08-22 15:30:07 - INFO -                 precision    recall  f1-score   support
2026-08-22 15:30:07 - INFO - 
2026-08-22 15:30:07 - INFO -       safe (0)     0.7895    0.6338    0.7031        71
2026-08-22 15:30:07 - INFO - vulnerable (1)     0.7263    0.8519    0.7841        81
2026-08-22 15:30:07 - INFO - 
2026-08-22 15:30:07 - INFO -       accuracy                         0.7500       152
2026-08-22 15:30:07 - INFO -      macro avg     0.7579    0.7428    0.7436       152
2026-08-22 15:30:07 - INFO -   weighted avg     0.7558    0.7500    0.7463       152
2026-08-22 15:30:07 - INFO - Confusion matrix - [[tn=45, fp=26], [fn=12, tp=69]]
2026-08-22 15:30:07 - INFO - probability_positive min=0.0022 mean=0.6153 std=0.4348 max=0.9970 predicted_0=57 predicted_1=95
2026-08-22 15:30:07 - INFO - New best model | Macro-F1: 0.743608 | Epoch: 10
2026-08-22 15:30:16 - INFO - Epoch 11/30 | Train loss: 0.121066 | Val loss: 1.001785 | LR: 2.00e-05 | Best epoch: 10 | Patience: 1 | Train: 8.47s | Validation: 0.96s | Epoch: 9.42s | Total: 105.25s
2026-08-22 15:30:16 - INFO - [Classification Report - split=train epoch=11 - threshold=0.50]
2026-08-22 15:30:16 - INFO -                 precision    recall  f1-score   support
2026-08-22 15:30:16 - INFO - 
2026-08-22 15:30:16 - INFO -       safe (0)     0.9534    0.9494    0.9514       237
2026-08-22 15:30:16 - INFO - vulnerable (1)     0.9455    0.9498    0.9476       219
2026-08-22 15:30:16 - INFO - 
2026-08-22 15:30:16 - INFO -       accuracy                         0.9496       456
2026-08-22 15:30:16 - INFO -      macro avg     0.9494    0.9496    0.9495       456
2026-08-22 15:30:16 - INFO -   weighted avg     0.9496    0.9496    0.9496       456
2026-08-22 15:30:16 - INFO - Confusion matrix - [[tn=225, fp=12], [fn=11, tp=208]]
2026-08-22 15:30:16 - INFO - probability_positive min=0.0019 mean=0.4795 std=0.4701 max=0.9964 predicted_0=236 predicted_1=220
2026-08-22 15:30:16 - INFO - [Classification Report - split=validation epoch=11 - threshold=0.50]
2026-08-22 15:30:16 - INFO -                 precision    recall  f1-score   support
2026-08-22 15:30:16 - INFO - 
2026-08-22 15:30:16 - INFO -       safe (0)     0.6633    0.9155    0.7692        71
2026-08-22 15:30:16 - INFO - vulnerable (1)     0.8889    0.5926    0.7111        81
2026-08-22 15:30:16 - INFO - 
2026-08-22 15:30:16 - INFO -       accuracy                         0.7434       152
2026-08-22 15:30:16 - INFO -      macro avg     0.7761    0.7540    0.7402       152
2026-08-22 15:30:16 - INFO -   weighted avg     0.7835    0.7434    0.7383       152
2026-08-22 15:30:16 - INFO - Confusion matrix - [[tn=65, fp=6], [fn=33, tp=48]]
2026-08-22 15:30:16 - INFO - probability_positive min=0.0016 mean=0.3595 std=0.4395 max=0.9976 predicted_0=98 predicted_1=54
2026-08-22 15:30:26 - INFO - Epoch 12/30 | Train loss: 0.080293 | Val loss: 0.894486 | LR: 2.00e-05 | Best epoch: 12 | Patience: 0 | Train: 8.47s | Validation: 0.96s | Epoch: 9.64s | Total: 114.90s
2026-08-22 15:30:26 - INFO - [Classification Report - split=train epoch=12 - threshold=0.50]
2026-08-22 15:30:26 - INFO -                 precision    recall  f1-score   support
2026-08-22 15:30:26 - INFO - 
2026-08-22 15:30:26 - INFO -       safe (0)     0.9625    0.9747    0.9686       237
2026-08-22 15:30:26 - INFO - vulnerable (1)     0.9722    0.9589    0.9655       219
2026-08-22 15:30:26 - INFO - 
2026-08-22 15:30:26 - INFO -       accuracy                         0.9671       456
2026-08-22 15:30:26 - INFO -      macro avg     0.9674    0.9668    0.9670       456
2026-08-22 15:30:26 - INFO -   weighted avg     0.9672    0.9671    0.9671       456
2026-08-22 15:30:26 - INFO - Confusion matrix - [[tn=231, fp=6], [fn=9, tp=210]]
2026-08-22 15:30:26 - INFO - probability_positive min=0.0022 mean=0.4780 std=0.4725 max=0.9975 predicted_0=240 predicted_1=216
2026-08-22 15:30:26 - INFO - [Classification Report - split=validation epoch=12 - threshold=0.50]
2026-08-22 15:30:26 - INFO -                 precision    recall  f1-score   support
2026-08-22 15:30:26 - INFO - 
2026-08-22 15:30:26 - INFO -       safe (0)     0.7179    0.7887    0.7517        71
2026-08-22 15:30:26 - INFO - vulnerable (1)     0.7973    0.7284    0.7613        81
2026-08-22 15:30:26 - INFO - 
2026-08-22 15:30:26 - INFO -       accuracy                         0.7566       152
2026-08-22 15:30:26 - INFO -      macro avg     0.7576    0.7586    0.7565       152
2026-08-22 15:30:26 - INFO -   weighted avg     0.7602    0.7566    0.7568       152
2026-08-22 15:30:26 - INFO - Confusion matrix - [[tn=56, fp=15], [fn=22, tp=59]]
2026-08-22 15:30:26 - INFO - probability_positive min=0.0014 mean=0.4930 std=0.4640 max=0.9983 predicted_0=78 predicted_1=74
2026-08-22 15:30:26 - INFO - New best model | Macro-F1: 0.756484 | Epoch: 12
2026-08-22 15:30:36 - INFO - Epoch 13/30 | Train loss: 0.067827 | Val loss: 0.873156 | LR: 2.00e-05 | Best epoch: 13 | Patience: 0 | Train: 8.47s | Validation: 0.96s | Epoch: 9.65s | Total: 124.56s
2026-08-22 15:30:36 - INFO - [Classification Report - split=train epoch=13 - threshold=0.50]
2026-08-22 15:30:36 - INFO -                 precision    recall  f1-score   support
2026-08-22 15:30:36 - INFO - 
2026-08-22 15:30:36 - INFO -       safe (0)     0.9786    0.9662    0.9724       237
2026-08-22 15:30:36 - INFO - vulnerable (1)     0.9640    0.9772    0.9705       219
2026-08-22 15:30:36 - INFO - 
2026-08-22 15:30:36 - INFO -       accuracy                         0.9715       456
2026-08-22 15:30:36 - INFO -      macro avg     0.9713    0.9717    0.9715       456
2026-08-22 15:30:36 - INFO -   weighted avg     0.9716    0.9715    0.9715       456
2026-08-22 15:30:36 - INFO - Confusion matrix - [[tn=229, fp=8], [fn=5, tp=214]]
2026-08-22 15:30:36 - INFO - probability_positive min=0.0016 mean=0.4827 std=0.4811 max=0.9981 predicted_0=234 predicted_1=222
2026-08-22 15:30:36 - INFO - [Classification Report - split=validation epoch=13 - threshold=0.50]
2026-08-22 15:30:36 - INFO -                 precision    recall  f1-score   support
2026-08-22 15:30:36 - INFO - 
2026-08-22 15:30:36 - INFO -       safe (0)     0.7403    0.8028    0.7703        71
2026-08-22 15:30:36 - INFO - vulnerable (1)     0.8133    0.7531    0.7821        81
2026-08-22 15:30:36 - INFO - 
2026-08-22 15:30:36 - INFO -       accuracy                         0.7763       152
2026-08-22 15:30:36 - INFO -      macro avg     0.7768    0.7780    0.7762       152
2026-08-22 15:30:36 - INFO -   weighted avg     0.7792    0.7763    0.7765       152
2026-08-22 15:30:36 - INFO - Confusion matrix - [[tn=57, fp=14], [fn=20, tp=61]]
2026-08-22 15:30:36 - INFO - probability_positive min=0.0011 mean=0.4926 std=0.4695 max=0.9986 predicted_0=77 predicted_1=75
2026-08-22 15:30:36 - INFO - New best model | Macro-F1: 0.776161 | Epoch: 13
2026-08-22 15:30:45 - INFO - Epoch 14/30 | Train loss: 0.070647 | Val loss: 0.947114 | LR: 2.00e-05 | Best epoch: 13 | Patience: 1 | Train: 8.47s | Validation: 0.96s | Epoch: 9.43s | Total: 134.00s
2026-08-22 15:30:45 - INFO - [Classification Report - split=train epoch=14 - threshold=0.50]
2026-08-22 15:30:45 - INFO -                 precision    recall  f1-score   support
2026-08-22 15:30:45 - INFO - 
2026-08-22 15:30:45 - INFO -       safe (0)     0.9708    0.9831    0.9769       237
2026-08-22 15:30:45 - INFO - vulnerable (1)     0.9815    0.9680    0.9747       219
2026-08-22 15:30:45 - INFO - 
2026-08-22 15:30:45 - INFO -       accuracy                         0.9759       456
2026-08-22 15:30:45 - INFO -      macro avg     0.9762    0.9756    0.9758       456
2026-08-22 15:30:45 - INFO -   weighted avg     0.9759    0.9759    0.9759       456
2026-08-22 15:30:45 - INFO - Confusion matrix - [[tn=233, fp=4], [fn=7, tp=212]]
2026-08-22 15:30:45 - INFO - probability_positive min=0.0013 mean=0.4744 std=0.4851 max=0.9984 predicted_0=240 predicted_1=216
2026-08-22 15:30:45 - INFO - [Classification Report - split=validation epoch=14 - threshold=0.50]
2026-08-22 15:30:45 - INFO -                 precision    recall  f1-score   support
2026-08-22 15:30:45 - INFO - 
2026-08-22 15:30:45 - INFO -       safe (0)     0.7576    0.7042    0.7299        71
2026-08-22 15:30:45 - INFO - vulnerable (1)     0.7558    0.8025    0.7784        81
2026-08-22 15:30:45 - INFO - 
2026-08-22 15:30:45 - INFO -       accuracy                         0.7566       152
2026-08-22 15:30:45 - INFO -      macro avg     0.7567    0.7533    0.7542       152
2026-08-22 15:30:45 - INFO -   weighted avg     0.7566    0.7566    0.7558       152
2026-08-22 15:30:45 - INFO - Confusion matrix - [[tn=50, fp=21], [fn=16, tp=65]]
2026-08-22 15:30:45 - INFO - probability_positive min=0.0010 mean=0.5663 std=0.4711 max=0.9989 predicted_0=66 predicted_1=86
2026-08-22 15:30:55 - INFO - Epoch 15/30 | Train loss: 0.073055 | Val loss: 0.897376 | LR: 2.00e-05 | Best epoch: 15 | Patience: 0 | Train: 8.46s | Validation: 0.96s | Epoch: 9.64s | Total: 143.65s
2026-08-22 15:30:55 - INFO - [Classification Report - split=train epoch=15 - threshold=0.50]
2026-08-22 15:30:55 - INFO -                 precision    recall  f1-score   support
2026-08-22 15:30:55 - INFO - 
2026-08-22 15:30:55 - INFO -       safe (0)     0.9826    0.9536    0.9679       237
2026-08-22 15:30:55 - INFO - vulnerable (1)     0.9513    0.9817    0.9663       219
2026-08-22 15:30:55 - INFO - 
2026-08-22 15:30:55 - INFO -       accuracy                         0.9671       456
2026-08-22 15:30:55 - INFO -      macro avg     0.9670    0.9677    0.9671       456
2026-08-22 15:30:55 - INFO -   weighted avg     0.9676    0.9671    0.9671       456
2026-08-22 15:30:55 - INFO - Confusion matrix - [[tn=226, fp=11], [fn=4, tp=215]]
2026-08-22 15:30:55 - INFO - probability_positive min=0.0011 mean=0.4893 std=0.4861 max=0.9988 predicted_0=230 predicted_1=226
2026-08-22 15:30:55 - INFO - [Classification Report - split=validation epoch=15 - threshold=0.50]
2026-08-22 15:30:55 - INFO -                 precision    recall  f1-score   support
2026-08-22 15:30:55 - INFO - 
2026-08-22 15:30:55 - INFO -       safe (0)     0.8125    0.7324    0.7704        71
2026-08-22 15:30:55 - INFO - vulnerable (1)     0.7841    0.8519    0.8166        81
2026-08-22 15:30:55 - INFO - 
2026-08-22 15:30:55 - INFO -       accuracy                         0.7961       152
2026-08-22 15:30:55 - INFO -      macro avg     0.7983    0.7921    0.7935       152
2026-08-22 15:30:55 - INFO -   weighted avg     0.7974    0.7961    0.7950       152
2026-08-22 15:30:55 - INFO - Confusion matrix - [[tn=52, fp=19], [fn=12, tp=69]]
2026-08-22 15:30:55 - INFO - probability_positive min=0.0009 mean=0.5761 std=0.4654 max=0.9990 predicted_0=64 predicted_1=88
2026-08-22 15:30:55 - INFO - New best model | Macro-F1: 0.793469 | Epoch: 15
2026-08-22 15:31:04 - INFO - Epoch 16/30 | Train loss: 0.054250 | Val loss: 1.133594 | LR: 2.00e-05 | Best epoch: 15 | Patience: 1 | Train: 8.46s | Validation: 0.96s | Epoch: 9.43s | Total: 153.09s
2026-08-22 15:31:04 - INFO - [Classification Report - split=train epoch=16 - threshold=0.50]
2026-08-22 15:31:04 - INFO -                 precision    recall  f1-score   support
2026-08-22 15:31:04 - INFO - 
2026-08-22 15:31:04 - INFO -       safe (0)     0.9872    0.9789    0.9831       237
2026-08-22 15:31:04 - INFO - vulnerable (1)     0.9774    0.9863    0.9818       219
2026-08-22 15:31:04 - INFO - 
2026-08-22 15:31:04 - INFO -       accuracy                         0.9825       456
2026-08-22 15:31:04 - INFO -      macro avg     0.9823    0.9826    0.9824       456
2026-08-22 15:31:04 - INFO -   weighted avg     0.9825    0.9825    0.9825       456
2026-08-22 15:31:04 - INFO - Confusion matrix - [[tn=232, fp=5], [fn=3, tp=216]]
2026-08-22 15:31:04 - INFO - probability_positive min=0.0009 mean=0.4810 std=0.4890 max=0.9988 predicted_0=235 predicted_1=221
2026-08-22 15:31:04 - INFO - [Classification Report - split=validation epoch=16 - threshold=0.50]
2026-08-22 15:31:04 - INFO -                 precision    recall  f1-score   support
2026-08-22 15:31:04 - INFO - 
2026-08-22 15:31:04 - INFO -       safe (0)     0.7000    0.8873    0.7826        71
2026-08-22 15:31:04 - INFO - vulnerable (1)     0.8710    0.6667    0.7552        81
2026-08-22 15:31:04 - INFO - 
2026-08-22 15:31:04 - INFO -       accuracy                         0.7697       152
2026-08-22 15:31:04 - INFO -      macro avg     0.7855    0.7770    0.7689       152
2026-08-22 15:31:04 - INFO -   weighted avg     0.7911    0.7697    0.7680       152
2026-08-22 15:31:04 - INFO - Confusion matrix - [[tn=63, fp=8], [fn=27, tp=54]]
2026-08-22 15:31:04 - INFO - probability_positive min=0.0008 mean=0.4105 std=0.4781 max=0.9991 predicted_0=90 predicted_1=62
2026-08-22 15:31:14 - INFO - Epoch 17/30 | Train loss: 0.077906 | Val loss: 0.958599 | LR: 2.00e-05 | Best epoch: 15 | Patience: 2 | Train: 8.46s | Validation: 0.96s | Epoch: 9.42s | Total: 162.52s
2026-08-22 15:31:14 - INFO - [Classification Report - split=train epoch=17 - threshold=0.50]
2026-08-22 15:31:14 - INFO -                 precision    recall  f1-score   support
2026-08-22 15:31:14 - INFO - 
2026-08-22 15:31:14 - INFO -       safe (0)     0.9828    0.9620    0.9723       237
2026-08-22 15:31:14 - INFO - vulnerable (1)     0.9598    0.9817    0.9707       219
2026-08-22 15:31:14 - INFO - 
2026-08-22 15:31:14 - INFO -       accuracy                         0.9715       456
2026-08-22 15:31:14 - INFO -      macro avg     0.9713    0.9719    0.9715       456
2026-08-22 15:31:14 - INFO -   weighted avg     0.9717    0.9715    0.9715       456
2026-08-22 15:31:14 - INFO - Confusion matrix - [[tn=228, fp=9], [fn=4, tp=215]]
2026-08-22 15:31:14 - INFO - probability_positive min=0.0009 mean=0.4935 std=0.4898 max=0.9990 predicted_0=232 predicted_1=224
2026-08-22 15:31:14 - INFO - [Classification Report - split=validation epoch=17 - threshold=0.50]
2026-08-22 15:31:14 - INFO -                 precision    recall  f1-score   support
2026-08-22 15:31:14 - INFO - 
2026-08-22 15:31:14 - INFO -       safe (0)     0.7195    0.8310    0.7712        71
2026-08-22 15:31:14 - INFO - vulnerable (1)     0.8286    0.7160    0.7682        81
2026-08-22 15:31:14 - INFO - 
2026-08-22 15:31:14 - INFO -       accuracy                         0.7697       152
2026-08-22 15:31:14 - INFO -      macro avg     0.7740    0.7735    0.7697       152
2026-08-22 15:31:14 - INFO -   weighted avg     0.7776    0.7697    0.7696       152
2026-08-22 15:31:14 - INFO - Confusion matrix - [[tn=59, fp=12], [fn=23, tp=58]]
2026-08-22 15:31:14 - INFO - probability_positive min=0.0007 mean=0.4593 std=0.4724 max=0.9991 predicted_0=82 predicted_1=70
2026-08-22 15:31:23 - INFO - Epoch 18/30 | Train loss: 0.033928 | Val loss: 0.971744 | LR: 2.00e-05 | Best epoch: 15 | Patience: 3 | Train: 8.47s | Validation: 0.96s | Epoch: 9.42s | Total: 171.95s
2026-08-22 15:31:23 - INFO - [Classification Report - split=train epoch=18 - threshold=0.50]
2026-08-22 15:31:23 - INFO -                 precision    recall  f1-score   support
2026-08-22 15:31:23 - INFO - 
2026-08-22 15:31:23 - INFO -       safe (0)     0.9873    0.9831    0.9852       237
2026-08-22 15:31:23 - INFO - vulnerable (1)     0.9818    0.9863    0.9841       219
2026-08-22 15:31:23 - INFO - 
2026-08-22 15:31:23 - INFO -       accuracy                         0.9846       456
2026-08-22 15:31:23 - INFO -      macro avg     0.9846    0.9847    0.9846       456
2026-08-22 15:31:23 - INFO -   weighted avg     0.9847    0.9846    0.9847       456
2026-08-22 15:31:23 - INFO - Confusion matrix - [[tn=233, fp=4], [fn=3, tp=216]]
2026-08-22 15:31:23 - INFO - probability_positive min=0.0009 mean=0.4836 std=0.4893 max=0.9991 predicted_0=236 predicted_1=220
2026-08-22 15:31:23 - INFO - [Classification Report - split=validation epoch=18 - threshold=0.50]
2026-08-22 15:31:23 - INFO -                 precision    recall  f1-score   support
2026-08-22 15:31:23 - INFO - 
2026-08-22 15:31:23 - INFO -       safe (0)     0.7342    0.8169    0.7733        71
2026-08-22 15:31:23 - INFO - vulnerable (1)     0.8219    0.7407    0.7792        81
2026-08-22 15:31:23 - INFO - 
2026-08-22 15:31:23 - INFO -       accuracy                         0.7763       152
2026-08-22 15:31:23 - INFO -      macro avg     0.7780    0.7788    0.7763       152
2026-08-22 15:31:23 - INFO -   weighted avg     0.7809    0.7763    0.7765       152
2026-08-22 15:31:23 - INFO - Confusion matrix - [[tn=58, fp=13], [fn=21, tp=60]]
2026-08-22 15:31:23 - INFO - probability_positive min=0.0007 mean=0.4872 std=0.4771 max=0.9992 predicted_0=79 predicted_1=73
2026-08-22 15:31:32 - INFO - Epoch 19/30 | Train loss: 0.024286 | Val loss: 1.065916 | LR: 2.00e-05 | Best epoch: 15 | Patience: 4 | Train: 8.47s | Validation: 0.96s | Epoch: 9.43s | Total: 181.38s
2026-08-22 15:31:32 - INFO - [Classification Report - split=train epoch=19 - threshold=0.50]
2026-08-22 15:31:32 - INFO -                 precision    recall  f1-score   support
2026-08-22 15:31:32 - INFO - 
2026-08-22 15:31:32 - INFO -       safe (0)     0.9957    0.9873    0.9915       237
2026-08-22 15:31:32 - INFO - vulnerable (1)     0.9864    0.9954    0.9909       219
2026-08-22 15:31:32 - INFO - 
2026-08-22 15:31:32 - INFO -       accuracy                         0.9912       456
2026-08-22 15:31:32 - INFO -      macro avg     0.9911    0.9914    0.9912       456
2026-08-22 15:31:32 - INFO -   weighted avg     0.9913    0.9912    0.9912       456
2026-08-22 15:31:32 - INFO - Confusion matrix - [[tn=234, fp=3], [fn=1, tp=218]]
2026-08-22 15:31:32 - INFO - probability_positive min=0.0008 mean=0.4807 std=0.4933 max=0.9990 predicted_0=235 predicted_1=221
2026-08-22 15:31:32 - INFO - [Classification Report - split=validation epoch=19 - threshold=0.50]
2026-08-22 15:31:32 - INFO -                 precision    recall  f1-score   support
2026-08-22 15:31:32 - INFO - 
2026-08-22 15:31:32 - INFO -       safe (0)     0.7229    0.8451    0.7792        71
2026-08-22 15:31:32 - INFO - vulnerable (1)     0.8406    0.7160    0.7733        81
2026-08-22 15:31:32 - INFO - 
2026-08-22 15:31:32 - INFO -       accuracy                         0.7763       152
2026-08-22 15:31:32 - INFO -      macro avg     0.7817    0.7806    0.7763       152
2026-08-22 15:31:32 - INFO -   weighted avg     0.7856    0.7763    0.7761       152
2026-08-22 15:31:32 - INFO - Confusion matrix - [[tn=60, fp=11], [fn=23, tp=58]]
2026-08-22 15:31:32 - INFO - probability_positive min=0.0006 mean=0.4544 std=0.4789 max=0.9993 predicted_0=83 predicted_1=69
2026-08-22 15:31:42 - INFO - Epoch 20/30 | Train loss: 0.019173 | Val loss: 0.999868 | LR: 2.00e-05 | Best epoch: 20 | Patience: 0 | Train: 8.46s | Validation: 0.96s | Epoch: 9.65s | Total: 191.03s
2026-08-22 15:31:42 - INFO - [Classification Report - split=train epoch=20 - threshold=0.50]
2026-08-22 15:31:42 - INFO -                 precision    recall  f1-score   support
2026-08-22 15:31:42 - INFO - 
2026-08-22 15:31:42 - INFO -       safe (0)     0.9833    0.9958    0.9895       237
2026-08-22 15:31:42 - INFO - vulnerable (1)     0.9954    0.9817    0.9885       219
2026-08-22 15:31:42 - INFO - 
2026-08-22 15:31:42 - INFO -       accuracy                         0.9890       456
2026-08-22 15:31:42 - INFO -      macro avg     0.9894    0.9888    0.9890       456
2026-08-22 15:31:42 - INFO -   weighted avg     0.9891    0.9890    0.9890       456
2026-08-22 15:31:42 - INFO - Confusion matrix - [[tn=236, fp=1], [fn=4, tp=215]]
2026-08-22 15:31:42 - INFO - probability_positive min=0.0008 mean=0.4751 std=0.4942 max=0.9991 predicted_0=240 predicted_1=216
2026-08-22 15:31:42 - INFO - [Classification Report - split=validation epoch=20 - threshold=0.50]
2026-08-22 15:31:42 - INFO -                 precision    recall  f1-score   support
2026-08-22 15:31:42 - INFO - 
2026-08-22 15:31:42 - INFO -       safe (0)     0.7857    0.7746    0.7801        71
2026-08-22 15:31:42 - INFO - vulnerable (1)     0.8049    0.8148    0.8098        81
2026-08-22 15:31:42 - INFO - 
2026-08-22 15:31:42 - INFO -       accuracy                         0.7961       152
2026-08-22 15:31:42 - INFO -      macro avg     0.7953    0.7947    0.7950       152
2026-08-22 15:31:42 - INFO -   weighted avg     0.7959    0.7961    0.7960       152
2026-08-22 15:31:42 - INFO - Confusion matrix - [[tn=55, fp=16], [fn=15, tp=66]]
2026-08-22 15:31:42 - INFO - probability_positive min=0.0005 mean=0.5402 std=0.4747 max=0.9994 predicted_0=70 predicted_1=82
2026-08-22 15:31:42 - INFO - New best model | Macro-F1: 0.794979 | Epoch: 20
2026-08-22 15:31:51 - INFO - Epoch 21/30 | Train loss: 0.022008 | Val loss: 1.351702 | LR: 2.00e-05 | Best epoch: 20 | Patience: 1 | Train: 8.47s | Validation: 0.96s | Epoch: 9.43s | Total: 200.47s
2026-08-22 15:31:51 - INFO - [Classification Report - split=train epoch=21 - threshold=0.50]
2026-08-22 15:31:51 - INFO -                 precision    recall  f1-score   support
2026-08-22 15:31:51 - INFO - 
2026-08-22 15:31:51 - INFO -       safe (0)     0.9916    0.9958    0.9937       237
2026-08-22 15:31:51 - INFO - vulnerable (1)     0.9954    0.9909    0.9931       219
2026-08-22 15:31:51 - INFO - 
2026-08-22 15:31:51 - INFO -       accuracy                         0.9934       456
2026-08-22 15:31:51 - INFO -      macro avg     0.9935    0.9933    0.9934       456
2026-08-22 15:31:51 - INFO -   weighted avg     0.9934    0.9934    0.9934       456
2026-08-22 15:31:51 - INFO - Confusion matrix - [[tn=236, fp=1], [fn=2, tp=217]]
2026-08-22 15:31:51 - INFO - probability_positive min=0.0006 mean=0.4802 std=0.4947 max=0.9993 predicted_0=238 predicted_1=218
2026-08-22 15:31:51 - INFO - [Classification Report - split=validation epoch=21 - threshold=0.50]
2026-08-22 15:31:51 - INFO -                 precision    recall  f1-score   support
2026-08-22 15:31:51 - INFO - 
2026-08-22 15:31:51 - INFO -       safe (0)     0.6977    0.8451    0.7643        71
2026-08-22 15:31:51 - INFO - vulnerable (1)     0.8333    0.6790    0.7483        81
2026-08-22 15:31:51 - INFO - 
2026-08-22 15:31:51 - INFO -       accuracy                         0.7566       152
2026-08-22 15:31:51 - INFO -      macro avg     0.7655    0.7620    0.7563       152
2026-08-22 15:31:51 - INFO -   weighted avg     0.7700    0.7566    0.7558       152
2026-08-22 15:31:51 - INFO - Confusion matrix - [[tn=60, fp=11], [fn=26, tp=55]]
2026-08-22 15:31:51 - INFO - probability_positive min=0.0005 mean=0.4395 std=0.4816 max=0.9994 predicted_0=86 predicted_1=66
2026-08-22 15:32:01 - INFO - Epoch 22/30 | Train loss: 0.023628 | Val loss: 1.071259 | LR: 2.00e-05 | Best epoch: 22 | Patience: 0 | Train: 8.47s | Validation: 0.96s | Epoch: 9.65s | Total: 210.13s
2026-08-22 15:32:01 - INFO - [Classification Report - split=train epoch=22 - threshold=0.50]
2026-08-22 15:32:01 - INFO -                 precision    recall  f1-score   support
2026-08-22 15:32:01 - INFO - 
2026-08-22 15:32:01 - INFO -       safe (0)     0.9874    0.9916    0.9895       237
2026-08-22 15:32:01 - INFO - vulnerable (1)     0.9908    0.9863    0.9886       219
2026-08-22 15:32:01 - INFO - 
2026-08-22 15:32:01 - INFO -       accuracy                         0.9890       456
2026-08-22 15:32:01 - INFO -      macro avg     0.9891    0.9889    0.9890       456
2026-08-22 15:32:01 - INFO -   weighted avg     0.9890    0.9890    0.9890       456
2026-08-22 15:32:01 - INFO - Confusion matrix - [[tn=235, fp=2], [fn=3, tp=216]]
2026-08-22 15:32:01 - INFO - probability_positive min=0.0006 mean=0.4799 std=0.4954 max=0.9993 predicted_0=238 predicted_1=218
2026-08-22 15:32:01 - INFO - [Classification Report - split=validation epoch=22 - threshold=0.50]
2026-08-22 15:32:01 - INFO -                 precision    recall  f1-score   support
2026-08-22 15:32:01 - INFO - 
2026-08-22 15:32:01 - INFO -       safe (0)     0.8182    0.7606    0.7883        71
2026-08-22 15:32:01 - INFO - vulnerable (1)     0.8023    0.8519    0.8263        81
2026-08-22 15:32:01 - INFO - 
2026-08-22 15:32:01 - INFO -       accuracy                         0.8092       152
2026-08-22 15:32:01 - INFO -      macro avg     0.8103    0.8062    0.8073       152
2026-08-22 15:32:01 - INFO -   weighted avg     0.8097    0.8092    0.8086       152
2026-08-22 15:32:01 - INFO - Confusion matrix - [[tn=54, fp=17], [fn=12, tp=69]]
2026-08-22 15:32:01 - INFO - probability_positive min=0.0005 mean=0.5551 std=0.4752 max=0.9995 predicted_0=66 predicted_1=86
2026-08-22 15:32:01 - INFO - New best model | Macro-F1: 0.807334 | Epoch: 22
2026-08-22 15:32:11 - INFO - Epoch 23/30 | Train loss: 0.018295 | Val loss: 1.158627 | LR: 2.00e-05 | Best epoch: 22 | Patience: 1 | Train: 8.48s | Validation: 0.96s | Epoch: 9.44s | Total: 219.58s
2026-08-22 15:32:11 - INFO - [Classification Report - split=train epoch=23 - threshold=0.50]
2026-08-22 15:32:11 - INFO -                 precision    recall  f1-score   support
2026-08-22 15:32:11 - INFO - 
2026-08-22 15:32:11 - INFO -       safe (0)     0.9874    0.9916    0.9895       237
2026-08-22 15:32:11 - INFO - vulnerable (1)     0.9908    0.9863    0.9886       219
2026-08-22 15:32:11 - INFO - 
2026-08-22 15:32:11 - INFO -       accuracy                         0.9890       456
2026-08-22 15:32:11 - INFO -      macro avg     0.9891    0.9889    0.9890       456
2026-08-22 15:32:11 - INFO -   weighted avg     0.9890    0.9890    0.9890       456
2026-08-22 15:32:11 - INFO - Confusion matrix - [[tn=235, fp=2], [fn=3, tp=216]]
2026-08-22 15:32:11 - INFO - probability_positive min=0.0005 mean=0.4792 std=0.4947 max=0.9993 predicted_0=238 predicted_1=218
2026-08-22 15:32:11 - INFO - [Classification Report - split=validation epoch=23 - threshold=0.50]
2026-08-22 15:32:11 - INFO -                 precision    recall  f1-score   support
2026-08-22 15:32:11 - INFO - 
2026-08-22 15:32:11 - INFO -       safe (0)     0.7407    0.8451    0.7895        71
2026-08-22 15:32:11 - INFO - vulnerable (1)     0.8451    0.7407    0.7895        81
2026-08-22 15:32:11 - INFO - 
2026-08-22 15:32:11 - INFO -       accuracy                         0.7895       152
2026-08-22 15:32:11 - INFO -      macro avg     0.7929    0.7929    0.7895       152
2026-08-22 15:32:11 - INFO -   weighted avg     0.7963    0.7895    0.7895       152
2026-08-22 15:32:11 - INFO - Confusion matrix - [[tn=60, fp=11], [fn=21, tp=60]]
2026-08-22 15:32:11 - INFO - probability_positive min=0.0004 mean=0.4773 std=0.4852 max=0.9995 predicted_0=81 predicted_1=71
2026-08-22 15:32:20 - INFO - Epoch 24/30 | Train loss: 0.012069 | Val loss: 1.198386 | LR: 2.00e-05 | Best epoch: 22 | Patience: 2 | Train: 8.47s | Validation: 0.96s | Epoch: 9.43s | Total: 229.01s
2026-08-22 15:32:20 - INFO - [Classification Report - split=train epoch=24 - threshold=0.50]
2026-08-22 15:32:20 - INFO -                 precision    recall  f1-score   support
2026-08-22 15:32:20 - INFO - 
2026-08-22 15:32:20 - INFO -       safe (0)     0.9916    1.0000    0.9958       237
2026-08-22 15:32:20 - INFO - vulnerable (1)     1.0000    0.9909    0.9954       219
2026-08-22 15:32:20 - INFO - 
2026-08-22 15:32:20 - INFO -       accuracy                         0.9956       456
2026-08-22 15:32:20 - INFO -      macro avg     0.9958    0.9954    0.9956       456
2026-08-22 15:32:20 - INFO -   weighted avg     0.9957    0.9956    0.9956       456
2026-08-22 15:32:20 - INFO - Confusion matrix - [[tn=237, fp=0], [fn=2, tp=217]]
2026-08-22 15:32:20 - INFO - probability_positive min=0.0005 mean=0.4782 std=0.4954 max=0.9994 predicted_0=239 predicted_1=217
2026-08-22 15:32:20 - INFO - [Classification Report - split=validation epoch=24 - threshold=0.50]
2026-08-22 15:32:20 - INFO -                 precision    recall  f1-score   support
2026-08-22 15:32:20 - INFO - 
2026-08-22 15:32:20 - INFO -       safe (0)     0.7468    0.8310    0.7867        71
2026-08-22 15:32:20 - INFO - vulnerable (1)     0.8356    0.7531    0.7922        81
2026-08-22 15:32:20 - INFO - 
2026-08-22 15:32:20 - INFO -       accuracy                         0.7895       152
2026-08-22 15:32:20 - INFO -      macro avg     0.7912    0.7920    0.7894       152
2026-08-22 15:32:20 - INFO -   weighted avg     0.7941    0.7895    0.7896       152
2026-08-22 15:32:20 - INFO - Confusion matrix - [[tn=59, fp=12], [fn=20, tp=61]]
2026-08-22 15:32:20 - INFO - probability_positive min=0.0004 mean=0.4867 std=0.4882 max=0.9996 predicted_0=79 predicted_1=73
2026-08-22 15:32:29 - INFO - Epoch 25/30 | Train loss: 0.005088 | Val loss: 1.369541 | LR: 2.00e-05 | Best epoch: 22 | Patience: 3 | Train: 8.47s | Validation: 0.96s | Epoch: 9.42s | Total: 238.44s
2026-08-22 15:32:29 - INFO - [Classification Report - split=train epoch=25 - threshold=0.50]
2026-08-22 15:32:29 - INFO -                 precision    recall  f1-score   support
2026-08-22 15:32:29 - INFO - 
2026-08-22 15:32:29 - INFO -       safe (0)     1.0000    0.9958    0.9979       237
2026-08-22 15:32:29 - INFO - vulnerable (1)     0.9955    1.0000    0.9977       219
2026-08-22 15:32:29 - INFO - 
2026-08-22 15:32:29 - INFO -       accuracy                         0.9978       456
2026-08-22 15:32:29 - INFO -      macro avg     0.9977    0.9979    0.9978       456
2026-08-22 15:32:29 - INFO -   weighted avg     0.9978    0.9978    0.9978       456
2026-08-22 15:32:29 - INFO - Confusion matrix - [[tn=236, fp=1], [fn=0, tp=219]]
2026-08-22 15:32:29 - INFO - probability_positive min=0.0005 mean=0.4820 std=0.4970 max=0.9994 predicted_0=236 predicted_1=220
2026-08-22 15:32:29 - INFO - [Classification Report - split=validation epoch=25 - threshold=0.50]
2026-08-22 15:32:29 - INFO -                 precision    recall  f1-score   support
2026-08-22 15:32:29 - INFO - 
2026-08-22 15:32:29 - INFO -       safe (0)     0.7111    0.9014    0.7950        71
2026-08-22 15:32:29 - INFO - vulnerable (1)     0.8871    0.6790    0.7692        81
2026-08-22 15:32:29 - INFO - 
2026-08-22 15:32:29 - INFO -       accuracy                         0.7829       152
2026-08-22 15:32:29 - INFO -      macro avg     0.7991    0.7902    0.7821       152
2026-08-22 15:32:29 - INFO -   weighted avg     0.8049    0.7829    0.7813       152
2026-08-22 15:32:29 - INFO - Confusion matrix - [[tn=64, fp=7], [fn=26, tp=55]]
2026-08-22 15:32:29 - INFO - probability_positive min=0.0004 mean=0.4107 std=0.4851 max=0.9996 predicted_0=90 predicted_1=62
2026-08-22 15:32:39 - INFO - Epoch 26/30 | Train loss: 0.006767 | Val loss: 1.110008 | LR: 2.00e-05 | Best epoch: 26 | Patience: 0 | Train: 8.47s | Validation: 0.96s | Epoch: 9.65s | Total: 248.10s
2026-08-22 15:32:39 - INFO - [Classification Report - split=train epoch=26 - threshold=0.50]
2026-08-22 15:32:39 - INFO -                 precision    recall  f1-score   support
2026-08-22 15:32:39 - INFO - 
2026-08-22 15:32:39 - INFO -       safe (0)     0.9958    0.9958    0.9958       237
2026-08-22 15:32:39 - INFO - vulnerable (1)     0.9954    0.9954    0.9954       219
2026-08-22 15:32:39 - INFO - 
2026-08-22 15:32:39 - INFO -       accuracy                         0.9956       456
2026-08-22 15:32:39 - INFO -      macro avg     0.9956    0.9956    0.9956       456
2026-08-22 15:32:39 - INFO -   weighted avg     0.9956    0.9956    0.9956       456
2026-08-22 15:32:39 - INFO - Confusion matrix - [[tn=236, fp=1], [fn=1, tp=218]]
2026-08-22 15:32:39 - INFO - probability_positive min=0.0004 mean=0.4799 std=0.4974 max=0.9996 predicted_0=237 predicted_1=219
2026-08-22 15:32:39 - INFO - [Classification Report - split=validation epoch=26 - threshold=0.50]
2026-08-22 15:32:39 - INFO -                 precision    recall  f1-score   support
2026-08-22 15:32:39 - INFO - 
2026-08-22 15:32:39 - INFO -       safe (0)     0.7722    0.8592    0.8133        71
2026-08-22 15:32:39 - INFO - vulnerable (1)     0.8630    0.7778    0.8182        81
2026-08-22 15:32:39 - INFO - 
2026-08-22 15:32:39 - INFO -       accuracy                         0.8158       152
2026-08-22 15:32:39 - INFO -      macro avg     0.8176    0.8185    0.8158       152
2026-08-22 15:32:39 - INFO -   weighted avg     0.8206    0.8158    0.8159       152
2026-08-22 15:32:39 - INFO - Confusion matrix - [[tn=61, fp=10], [fn=18, tp=63]]
2026-08-22 15:32:39 - INFO - probability_positive min=0.0003 mean=0.4780 std=0.4833 max=0.9996 predicted_0=79 predicted_1=73
2026-08-22 15:32:39 - INFO - New best model | Macro-F1: 0.815758 | Epoch: 26
2026-08-22 15:32:49 - INFO - Epoch 27/30 | Train loss: 0.003579 | Val loss: 1.149103 | LR: 2.00e-05 | Best epoch: 26 | Patience: 1 | Train: 8.47s | Validation: 0.96s | Epoch: 9.43s | Total: 257.53s
2026-08-22 15:32:49 - INFO - [Classification Report - split=train epoch=27 - threshold=0.50]
2026-08-22 15:32:49 - INFO -                 precision    recall  f1-score   support
2026-08-22 15:32:49 - INFO - 
2026-08-22 15:32:49 - INFO -       safe (0)     0.9958    1.0000    0.9979       237
2026-08-22 15:32:49 - INFO - vulnerable (1)     1.0000    0.9954    0.9977       219
2026-08-22 15:32:49 - INFO - 
2026-08-22 15:32:49 - INFO -       accuracy                         0.9978       456
2026-08-22 15:32:49 - INFO -      macro avg     0.9979    0.9977    0.9978       456
2026-08-22 15:32:49 - INFO -   weighted avg     0.9978    0.9978    0.9978       456
2026-08-22 15:32:49 - INFO - Confusion matrix - [[tn=237, fp=0], [fn=1, tp=218]]
2026-08-22 15:32:49 - INFO - probability_positive min=0.0004 mean=0.4793 std=0.4979 max=0.9995 predicted_0=238 predicted_1=218
2026-08-22 15:32:49 - INFO - [Classification Report - split=validation epoch=27 - threshold=0.50]
2026-08-22 15:32:49 - INFO -                 precision    recall  f1-score   support
2026-08-22 15:32:49 - INFO - 
2026-08-22 15:32:49 - INFO -       safe (0)     0.7625    0.8592    0.8079        71
2026-08-22 15:32:49 - INFO - vulnerable (1)     0.8611    0.7654    0.8105        81
2026-08-22 15:32:49 - INFO - 
2026-08-22 15:32:49 - INFO -       accuracy                         0.8092       152
2026-08-22 15:32:49 - INFO -      macro avg     0.8118    0.8123    0.8092       152
2026-08-22 15:32:49 - INFO -   weighted avg     0.8150    0.8092    0.8093       152
2026-08-22 15:32:49 - INFO - Confusion matrix - [[tn=61, fp=10], [fn=19, tp=62]]
2026-08-22 15:32:49 - INFO - probability_positive min=0.0003 mean=0.4746 std=0.4849 max=0.9996 predicted_0=80 predicted_1=72
2026-08-22 15:32:58 - INFO - Epoch 28/30 | Train loss: 0.002835 | Val loss: 1.347244 | LR: 2.00e-05 | Best epoch: 26 | Patience: 2 | Train: 8.47s | Validation: 0.96s | Epoch: 9.43s | Total: 266.97s
2026-08-22 15:32:58 - INFO - [Classification Report - split=train epoch=28 - threshold=0.50]
2026-08-22 15:32:58 - INFO -                 precision    recall  f1-score   support
2026-08-22 15:32:58 - INFO - 
2026-08-22 15:32:58 - INFO -       safe (0)     1.0000    1.0000    1.0000       237
2026-08-22 15:32:58 - INFO - vulnerable (1)     1.0000    1.0000    1.0000       219
2026-08-22 15:32:58 - INFO - 
2026-08-22 15:32:58 - INFO -       accuracy                         1.0000       456
2026-08-22 15:32:58 - INFO -      macro avg     1.0000    1.0000    1.0000       456
2026-08-22 15:32:58 - INFO -   weighted avg     1.0000    1.0000    1.0000       456
2026-08-22 15:32:58 - INFO - Confusion matrix - [[tn=237, fp=0], [fn=0, tp=219]]
2026-08-22 15:32:58 - INFO - probability_positive min=0.0004 mean=0.4807 std=0.4978 max=0.9995 predicted_0=237 predicted_1=219
2026-08-22 15:32:58 - INFO - [Classification Report - split=validation epoch=28 - threshold=0.50]
2026-08-22 15:32:58 - INFO -                 precision    recall  f1-score   support
2026-08-22 15:32:58 - INFO - 
2026-08-22 15:32:58 - INFO -       safe (0)     0.7176    0.8592    0.7821        71
2026-08-22 15:32:58 - INFO - vulnerable (1)     0.8507    0.7037    0.7703        81
2026-08-22 15:32:58 - INFO - 
2026-08-22 15:32:58 - INFO -       accuracy                         0.7763       152
2026-08-22 15:32:58 - INFO -      macro avg     0.7842    0.7814    0.7762       152
2026-08-22 15:32:58 - INFO -   weighted avg     0.7886    0.7763    0.7758       152
2026-08-22 15:32:58 - INFO - Confusion matrix - [[tn=61, fp=10], [fn=24, tp=57]]
2026-08-22 15:32:58 - INFO - probability_positive min=0.0003 mean=0.4494 std=0.4903 max=0.9997 predicted_0=85 predicted_1=67
2026-08-22 15:33:08 - INFO - Epoch 29/30 | Train loss: 0.003998 | Val loss: 1.133372 | LR: 2.00e-05 | Best epoch: 29 | Patience: 0 | Train: 8.47s | Validation: 0.96s | Epoch: 9.65s | Total: 276.62s
2026-08-22 15:33:08 - INFO - [Classification Report - split=train epoch=29 - threshold=0.50]
2026-08-22 15:33:08 - INFO -                 precision    recall  f1-score   support
2026-08-22 15:33:08 - INFO - 
2026-08-22 15:33:08 - INFO -       safe (0)     0.9958    1.0000    0.9979       237
2026-08-22 15:33:08 - INFO - vulnerable (1)     1.0000    0.9954    0.9977       219
2026-08-22 15:33:08 - INFO - 
2026-08-22 15:33:08 - INFO -       accuracy                         0.9978       456
2026-08-22 15:33:08 - INFO -      macro avg     0.9979    0.9977    0.9978       456
2026-08-22 15:33:08 - INFO -   weighted avg     0.9978    0.9978    0.9978       456
2026-08-22 15:33:08 - INFO - Confusion matrix - [[tn=237, fp=0], [fn=1, tp=218]]
2026-08-22 15:33:08 - INFO - probability_positive min=0.0004 mean=0.4791 std=0.4980 max=0.9996 predicted_0=238 predicted_1=218
2026-08-22 15:33:08 - INFO - [Classification Report - split=validation epoch=29 - threshold=0.50]
2026-08-22 15:33:08 - INFO -                 precision    recall  f1-score   support
2026-08-22 15:33:08 - INFO - 
2026-08-22 15:33:08 - INFO -       safe (0)     0.7821    0.8592    0.8188        71
2026-08-22 15:33:08 - INFO - vulnerable (1)     0.8649    0.7901    0.8258        81
2026-08-22 15:33:08 - INFO - 
2026-08-22 15:33:08 - INFO -       accuracy                         0.8224       152
2026-08-22 15:33:08 - INFO -      macro avg     0.8235    0.8246    0.8223       152
2026-08-22 15:33:08 - INFO -   weighted avg     0.8262    0.8224    0.8225       152
2026-08-22 15:33:08 - INFO - Confusion matrix - [[tn=61, fp=10], [fn=17, tp=64]]
2026-08-22 15:33:08 - INFO - probability_positive min=0.0003 mean=0.4828 std=0.4849 max=0.9997 predicted_0=78 predicted_1=74
2026-08-22 15:33:08 - INFO - New best model | Macro-F1: 0.822299 | Epoch: 29
2026-08-22 15:33:17 - INFO - Epoch 30/30 | Train loss: 0.001018 | Val loss: 1.145428 | LR: 2.00e-05 | Best epoch: 30 | Patience: 0 | Train: 8.47s | Validation: 0.96s | Epoch: 9.65s | Total: 286.28s
2026-08-22 15:33:17 - INFO - [Classification Report - split=train epoch=30 - threshold=0.50]
2026-08-22 15:33:17 - INFO -                 precision    recall  f1-score   support
2026-08-22 15:33:17 - INFO - 
2026-08-22 15:33:17 - INFO -       safe (0)     1.0000    1.0000    1.0000       237
2026-08-22 15:33:17 - INFO - vulnerable (1)     1.0000    1.0000    1.0000       219
2026-08-22 15:33:17 - INFO - 
2026-08-22 15:33:17 - INFO -       accuracy                         1.0000       456
2026-08-22 15:33:17 - INFO -      macro avg     1.0000    1.0000    1.0000       456
2026-08-22 15:33:17 - INFO -   weighted avg     1.0000    1.0000    1.0000       456
2026-08-22 15:33:17 - INFO - Confusion matrix - [[tn=237, fp=0], [fn=0, tp=219]]
2026-08-22 15:33:17 - INFO - probability_positive min=0.0004 mean=0.4805 std=0.4986 max=0.9996 predicted_0=237 predicted_1=219
2026-08-22 15:33:17 - INFO - [Classification Report - split=validation epoch=30 - threshold=0.50]
2026-08-22 15:33:17 - INFO -                 precision    recall  f1-score   support
2026-08-22 15:33:17 - INFO - 
2026-08-22 15:33:17 - INFO -       safe (0)     0.8133    0.8592    0.8356        71
2026-08-22 15:33:17 - INFO - vulnerable (1)     0.8701    0.8272    0.8481        81
2026-08-22 15:33:17 - INFO - 
2026-08-22 15:33:17 - INFO -       accuracy                         0.8421       152
2026-08-22 15:33:17 - INFO -      macro avg     0.8417    0.8432    0.8419       152
2026-08-22 15:33:17 - INFO -   weighted avg     0.8436    0.8421    0.8423       152
2026-08-22 15:33:17 - INFO - Confusion matrix - [[tn=61, fp=10], [fn=14, tp=67]]
2026-08-22 15:33:17 - INFO - probability_positive min=0.0003 mean=0.4952 std=0.4899 max=0.9997 predicted_0=75 predicted_1=77
2026-08-22 15:33:17 - INFO - New best model | Macro-F1: 0.841859 | Epoch: 30
2026-08-22 15:33:17 - INFO - Best checkpoint saved | Path: model/same_emb/baseline/seed_42/fold5/best.pt | Epoch: 30 | Val macro_f1: 0.841859
2026-08-22 15:33:17 - INFO - Training finished | Elapsed: 286.29s
2026-08-22 15:33:17 - INFO - Run finished | Phase: baseline_train | Fold: 5 | Seed: 42 | Elapsed: 288.68s
