2026-08-22 06:14:07 - INFO - Using device: cuda
2026-08-22 06:14:07 - INFO - Run started | Run: fam1_codet5 | Method: baseline | Phase: baseline_train | Fold: 3 | Seed: 42 | Device: cuda
2026-08-22 06:14:08 - INFO - Loading Python validation data: data/sven_python_folds_norm/fold3/val.jsonl
2026-08-22 06:14:08 - INFO - Loading Python training data: data/sven_python_folds_norm/fold3/train.jsonl
2026-08-22 06:14:08 - INFO - Data split: python_train | Total: 456 | Labels: {0: 217, 1: 239} | CWEs: {'CWE-022': 40, 'CWE-078': 125, 'CWE-079': 49, 'CWE-089': 242} | Languages: {'python': 456} | Invalid CWE: 0
2026-08-22 06:14:08 - INFO - Data split: python_val | Total: 152 | Labels: {0: 83, 1: 69} | CWEs: {'CWE-022': 11, 'CWE-078': 41, 'CWE-079': 13, 'CWE-089': 87} | Languages: {'python': 152} | Invalid CWE: 0
2026-08-22 06:14:10 - INFO - Environment: {"components": {"backbone": {"frozen": 0, "total": 109607040, "trainable": 109607040}, "vul_head": {"frozen": 0, "total": 1538, "trainable": 1538}}, "cuda": "12.8", "fold": 3, "frozen_parameters": 0, "gpu": "NVIDIA GeForce RTX 5060 Ti", "hyperparameters": {"batch_size": 16, "checkpoint_path": "model/fam1_codet5/baseline/seed_42/fold3/best.pt", "data_root": "data/sven_python_folds_norm", "epochs": 30, "eval_batch_size": 16, "fold": 3, "learning_rate": 2e-05, "max_eval_samples": null, "max_grad_norm": 1.0, "max_length": 512, "max_train_samples": null, "method_name": "baseline", "min_epochs": 3, "model_name": "Salesforce/codet5-base", "num_workers": 0, "patience": 5, "phase": "train", "pooling": "mean", "result_path": "results/fam1_codet5/baseline/seed_42/fold3.json", "run_name": "fam1_codet5", "seed": 42, "target_lang": "python", "test_path": null, "train_path": null, "truncation_strategy": "head_middle_tail", "val_path": null, "weight_decay": 0.01}, "mode": "baseline_train", "model_name": "Salesforce/codet5-base", "seed": 42, "sklearn": "1.9.0", "torch": "2.11.0+cu128", "trainable_parameters": 109608578, "transformers": "4.57.1"}
2026-08-22 06:14:10 - INFO - Training started | Phase: baseline | Epochs: 30
2026-08-22 06:14:30 - INFO - Epoch 1/30 | Train loss: 0.697786 | Val loss: 0.687543 | LR: 2.00e-05 | Best epoch: 1 | Patience: 0 | Train: 17.69s | Validation: 1.96s | Epoch: 19.99s | Total: 19.99s
2026-08-22 06:14:30 - INFO - [Classification Report - split=train epoch=1 - threshold=0.50]
2026-08-22 06:14:30 - INFO -                 precision    recall  f1-score   support
2026-08-22 06:14:30 - INFO - 
2026-08-22 06:14:30 - INFO -       safe (0)     0.4828    0.1290    0.2036       217
2026-08-22 06:14:30 - INFO - vulnerable (1)     0.5251    0.8745    0.6562       239
2026-08-22 06:14:30 - INFO - 
2026-08-22 06:14:30 - INFO -       accuracy                         0.5197       456
2026-08-22 06:14:30 - INFO -      macro avg     0.5039    0.5018    0.4299       456
2026-08-22 06:14:30 - INFO -   weighted avg     0.5050    0.5197    0.4408       456
2026-08-22 06:14:30 - INFO - Confusion matrix - [[tn=28, fp=189], [fn=30, tp=209]]
2026-08-22 06:14:30 - INFO - probability_positive min=0.4584 mean=0.5401 std=0.0332 max=0.6107 predicted_0=58 predicted_1=398
2026-08-22 06:14:30 - INFO - [Classification Report - split=validation epoch=1 - threshold=0.50]
2026-08-22 06:14:30 - INFO -                 precision    recall  f1-score   support
2026-08-22 06:14:30 - INFO - 
2026-08-22 06:14:30 - INFO -       safe (0)     0.5556    0.9639    0.7048        83
2026-08-22 06:14:30 - INFO - vulnerable (1)     0.6250    0.0725    0.1299        69
2026-08-22 06:14:30 - INFO - 
2026-08-22 06:14:30 - INFO -       accuracy                         0.5592       152
2026-08-22 06:14:30 - INFO -      macro avg     0.5903    0.5182    0.4174       152
2026-08-22 06:14:30 - INFO -   weighted avg     0.5871    0.5592    0.4438       152
2026-08-22 06:14:30 - INFO - Confusion matrix - [[tn=80, fp=3], [fn=64, tp=5]]
2026-08-22 06:14:30 - INFO - probability_positive min=0.4481 mean=0.4820 std=0.0123 max=0.5336 predicted_0=144 predicted_1=8
2026-08-22 06:14:30 - INFO - New best model | Macro-F1: 0.417358 | Epoch: 1
2026-08-22 06:14:49 - INFO - Epoch 2/30 | Train loss: 0.688831 | Val loss: 0.701975 | LR: 2.00e-05 | Best epoch: 1 | Patience: 0 | Train: 17.19s | Validation: 1.96s | Epoch: 19.15s | Total: 39.16s
2026-08-22 06:14:49 - INFO - [Classification Report - split=train epoch=2 - threshold=0.50]
2026-08-22 06:14:49 - INFO -                 precision    recall  f1-score   support
2026-08-22 06:14:49 - INFO - 
2026-08-22 06:14:49 - INFO -       safe (0)     0.4979    0.5346    0.5156       217
2026-08-22 06:14:49 - INFO - vulnerable (1)     0.5471    0.5105    0.5281       239
2026-08-22 06:14:49 - INFO - 
2026-08-22 06:14:49 - INFO -       accuracy                         0.5219       456
2026-08-22 06:14:49 - INFO -      macro avg     0.5225    0.5225    0.5218       456
2026-08-22 06:14:49 - INFO -   weighted avg     0.5237    0.5219    0.5222       456
2026-08-22 06:14:49 - INFO - Confusion matrix - [[tn=116, fp=101], [fn=117, tp=122]]
2026-08-22 06:14:49 - INFO - probability_positive min=0.4452 mean=0.5007 std=0.0183 max=0.5547 predicted_0=233 predicted_1=223
2026-08-22 06:14:49 - INFO - [Classification Report - split=validation epoch=2 - threshold=0.50]
2026-08-22 06:14:49 - INFO -                 precision    recall  f1-score   support
2026-08-22 06:14:49 - INFO - 
2026-08-22 06:14:49 - INFO -       safe (0)     0.5000    0.0120    0.0235        83
2026-08-22 06:14:49 - INFO - vulnerable (1)     0.4533    0.9855    0.6210        69
2026-08-22 06:14:49 - INFO - 
2026-08-22 06:14:49 - INFO -       accuracy                         0.4539       152
2026-08-22 06:14:49 - INFO -      macro avg     0.4767    0.4988    0.3223       152
2026-08-22 06:14:49 - INFO -   weighted avg     0.4788    0.4539    0.2948       152
2026-08-22 06:14:49 - INFO - Confusion matrix - [[tn=1, fp=82], [fn=1, tp=68]]
2026-08-22 06:14:49 - INFO - probability_positive min=0.4944 mean=0.5339 std=0.0152 max=0.5714 predicted_0=2 predicted_1=150
2026-08-22 06:15:09 - INFO - Epoch 3/30 | Train loss: 0.685584 | Val loss: 0.693959 | LR: 2.00e-05 | Best epoch: 3 | Patience: 0 | Train: 17.21s | Validation: 1.96s | Epoch: 19.78s | Total: 58.96s
2026-08-22 06:15:09 - INFO - [Classification Report - split=train epoch=3 - threshold=0.50]
2026-08-22 06:15:09 - INFO -                 precision    recall  f1-score   support
2026-08-22 06:15:09 - INFO - 
2026-08-22 06:15:09 - INFO -       safe (0)     0.5753    0.1935    0.2897       217
2026-08-22 06:15:09 - INFO - vulnerable (1)     0.5431    0.8703    0.6688       239
2026-08-22 06:15:09 - INFO - 
2026-08-22 06:15:09 - INFO -       accuracy                         0.5482       456
2026-08-22 06:15:09 - INFO -      macro avg     0.5592    0.5319    0.4792       456
2026-08-22 06:15:09 - INFO -   weighted avg     0.5584    0.5482    0.4884       456
2026-08-22 06:15:09 - INFO - Confusion matrix - [[tn=42, fp=175], [fn=31, tp=208]]
2026-08-22 06:15:09 - INFO - probability_positive min=0.4228 mean=0.5348 std=0.0331 max=0.6056 predicted_0=73 predicted_1=383
2026-08-22 06:15:09 - INFO - [Classification Report - split=validation epoch=3 - threshold=0.50]
2026-08-22 06:15:09 - INFO -                 precision    recall  f1-score   support
2026-08-22 06:15:09 - INFO - 
2026-08-22 06:15:09 - INFO -       safe (0)     0.5556    0.4819    0.5161        83
2026-08-22 06:15:09 - INFO - vulnerable (1)     0.4625    0.5362    0.4966        69
2026-08-22 06:15:09 - INFO - 
2026-08-22 06:15:09 - INFO -       accuracy                         0.5066       152
2026-08-22 06:15:09 - INFO -      macro avg     0.5090    0.5091    0.5064       152
2026-08-22 06:15:09 - INFO -   weighted avg     0.5133    0.5066    0.5073       152
2026-08-22 06:15:09 - INFO - Confusion matrix - [[tn=40, fp=43], [fn=32, tp=37]]
2026-08-22 06:15:09 - INFO - probability_positive min=0.4491 mean=0.4999 std=0.0198 max=0.5453 predicted_0=72 predicted_1=80
2026-08-22 06:15:09 - INFO - New best model | Macro-F1: 0.506387 | Epoch: 3
2026-08-22 06:15:28 - INFO - Epoch 4/30 | Train loss: 0.675693 | Val loss: 0.703654 | LR: 2.00e-05 | Best epoch: 3 | Patience: 1 | Train: 17.24s | Validation: 1.97s | Epoch: 19.21s | Total: 78.19s
2026-08-22 06:15:28 - INFO - [Classification Report - split=train epoch=4 - threshold=0.50]
2026-08-22 06:15:28 - INFO -                 precision    recall  f1-score   support
2026-08-22 06:15:28 - INFO - 
2026-08-22 06:15:28 - INFO -       safe (0)     0.6821    0.5438    0.6051       217
2026-08-22 06:15:28 - INFO - vulnerable (1)     0.6502    0.7699    0.7050       239
2026-08-22 06:15:28 - INFO - 
2026-08-22 06:15:28 - INFO -       accuracy                         0.6623       456
2026-08-22 06:15:28 - INFO -      macro avg     0.6661    0.6568    0.6551       456
2026-08-22 06:15:28 - INFO -   weighted avg     0.6654    0.6623    0.6575       456
2026-08-22 06:15:28 - INFO - Confusion matrix - [[tn=118, fp=99], [fn=55, tp=184]]
2026-08-22 06:15:28 - INFO - probability_positive min=0.4247 mean=0.5057 std=0.0267 max=0.5908 predicted_0=173 predicted_1=283
2026-08-22 06:15:28 - INFO - [Classification Report - split=validation epoch=4 - threshold=0.50]
2026-08-22 06:15:28 - INFO -                 precision    recall  f1-score   support
2026-08-22 06:15:28 - INFO - 
2026-08-22 06:15:28 - INFO -       safe (0)     0.5833    0.0843    0.1474        83
2026-08-22 06:15:28 - INFO - vulnerable (1)     0.4571    0.9275    0.6124        69
2026-08-22 06:15:28 - INFO - 
2026-08-22 06:15:28 - INFO -       accuracy                         0.4671       152
2026-08-22 06:15:28 - INFO -      macro avg     0.5202    0.5059    0.3799       152
2026-08-22 06:15:28 - INFO -   weighted avg     0.5260    0.4671    0.3585       152
2026-08-22 06:15:28 - INFO - Confusion matrix - [[tn=7, fp=76], [fn=5, tp=64]]
2026-08-22 06:15:28 - INFO - probability_positive min=0.4572 mean=0.5368 std=0.0272 max=0.5999 predicted_0=12 predicted_1=140
2026-08-22 06:15:48 - INFO - Epoch 5/30 | Train loss: 0.664764 | Val loss: 0.687510 | LR: 2.00e-05 | Best epoch: 5 | Patience: 0 | Train: 17.22s | Validation: 1.97s | Epoch: 19.78s | Total: 97.99s
2026-08-22 06:15:48 - INFO - [Classification Report - split=train epoch=5 - threshold=0.50]
2026-08-22 06:15:48 - INFO -                 precision    recall  f1-score   support
2026-08-22 06:15:48 - INFO - 
2026-08-22 06:15:48 - INFO -       safe (0)     0.9138    0.2442    0.3855       217
2026-08-22 06:15:48 - INFO - vulnerable (1)     0.5879    0.9791    0.7347       239
2026-08-22 06:15:48 - INFO - 
2026-08-22 06:15:48 - INFO -       accuracy                         0.6294       456
2026-08-22 06:15:48 - INFO -      macro avg     0.7509    0.6117    0.5601       456
2026-08-22 06:15:48 - INFO -   weighted avg     0.7430    0.6294    0.5685       456
2026-08-22 06:15:48 - INFO - Confusion matrix - [[tn=53, fp=164], [fn=5, tp=234]]
2026-08-22 06:15:48 - INFO - probability_positive min=0.3824 mean=0.5384 std=0.0367 max=0.6227 predicted_0=58 predicted_1=398
2026-08-22 06:15:48 - INFO - [Classification Report - split=validation epoch=5 - threshold=0.50]
2026-08-22 06:15:48 - INFO -                 precision    recall  f1-score   support
2026-08-22 06:15:48 - INFO - 
2026-08-22 06:15:48 - INFO -       safe (0)     0.5843    0.6265    0.6047        83
2026-08-22 06:15:48 - INFO - vulnerable (1)     0.5079    0.4638    0.4848        69
2026-08-22 06:15:48 - INFO - 
2026-08-22 06:15:48 - INFO -       accuracy                         0.5526       152
2026-08-22 06:15:48 - INFO -      macro avg     0.5461    0.5451    0.5447       152
2026-08-22 06:15:48 - INFO -   weighted avg     0.5496    0.5526    0.5503       152
2026-08-22 06:15:48 - INFO - Confusion matrix - [[tn=52, fp=31], [fn=37, tp=32]]
2026-08-22 06:15:48 - INFO - probability_positive min=0.3899 mean=0.4902 std=0.0377 max=0.5852 predicted_0=89 predicted_1=63
2026-08-22 06:15:48 - INFO - New best model | Macro-F1: 0.544750 | Epoch: 5
2026-08-22 06:16:08 - INFO - Epoch 6/30 | Train loss: 0.648060 | Val loss: 0.667235 | LR: 2.00e-05 | Best epoch: 6 | Patience: 0 | Train: 17.22s | Validation: 1.97s | Epoch: 19.78s | Total: 117.80s
2026-08-22 06:16:08 - INFO - [Classification Report - split=train epoch=6 - threshold=0.50]
2026-08-22 06:16:08 - INFO -                 precision    recall  f1-score   support
2026-08-22 06:16:08 - INFO - 
2026-08-22 06:16:08 - INFO -       safe (0)     0.6685    0.5576    0.6080       217
2026-08-22 06:16:08 - INFO - vulnerable (1)     0.6509    0.7490    0.6965       239
2026-08-22 06:16:08 - INFO - 
2026-08-22 06:16:08 - INFO -       accuracy                         0.6579       456
2026-08-22 06:16:08 - INFO -      macro avg     0.6597    0.6533    0.6523       456
2026-08-22 06:16:08 - INFO -   weighted avg     0.6593    0.6579    0.6544       456
2026-08-22 06:16:08 - INFO - Confusion matrix - [[tn=121, fp=96], [fn=60, tp=179]]
2026-08-22 06:16:08 - INFO - probability_positive min=0.2812 mean=0.5142 std=0.0621 max=0.6524 predicted_0=181 predicted_1=275
2026-08-22 06:16:08 - INFO - [Classification Report - split=validation epoch=6 - threshold=0.50]
2026-08-22 06:16:08 - INFO -                 precision    recall  f1-score   support
2026-08-22 06:16:08 - INFO - 
2026-08-22 06:16:08 - INFO -       safe (0)     0.6389    0.5542    0.5935        83
2026-08-22 06:16:08 - INFO - vulnerable (1)     0.5375    0.6232    0.5772        69
2026-08-22 06:16:08 - INFO - 
2026-08-22 06:16:08 - INFO -       accuracy                         0.5855       152
2026-08-22 06:16:08 - INFO -      macro avg     0.5882    0.5887    0.5854       152
2026-08-22 06:16:08 - INFO -   weighted avg     0.5929    0.5855    0.5861       152
2026-08-22 06:16:08 - INFO - Confusion matrix - [[tn=46, fp=37], [fn=26, tp=43]]
2026-08-22 06:16:08 - INFO - probability_positive min=0.3163 mean=0.4983 std=0.0707 max=0.6512 predicted_0=72 predicted_1=80
2026-08-22 06:16:08 - INFO - New best model | Macro-F1: 0.585365 | Epoch: 6
2026-08-22 06:16:28 - INFO - Epoch 7/30 | Train loss: 0.561111 | Val loss: 0.534066 | LR: 2.00e-05 | Best epoch: 7 | Patience: 0 | Train: 17.23s | Validation: 1.97s | Epoch: 19.78s | Total: 137.60s
2026-08-22 06:16:28 - INFO - [Classification Report - split=train epoch=7 - threshold=0.50]
2026-08-22 06:16:28 - INFO -                 precision    recall  f1-score   support
2026-08-22 06:16:28 - INFO - 
2026-08-22 06:16:28 - INFO -       safe (0)     0.7772    0.6912    0.7317       217
2026-08-22 06:16:28 - INFO - vulnerable (1)     0.7452    0.8201    0.7809       239
2026-08-22 06:16:28 - INFO - 
2026-08-22 06:16:28 - INFO -       accuracy                         0.7588       456
2026-08-22 06:16:28 - INFO -      macro avg     0.7612    0.7557    0.7563       456
2026-08-22 06:16:28 - INFO -   weighted avg     0.7605    0.7588    0.7575       456
2026-08-22 06:16:28 - INFO - Confusion matrix - [[tn=150, fp=67], [fn=43, tp=196]]
2026-08-22 06:16:28 - INFO - probability_positive min=0.0923 mean=0.5136 std=0.1453 max=0.8565 predicted_0=193 predicted_1=263
2026-08-22 06:16:28 - INFO - [Classification Report - split=validation epoch=7 - threshold=0.50]
2026-08-22 06:16:28 - INFO -                 precision    recall  f1-score   support
2026-08-22 06:16:28 - INFO - 
2026-08-22 06:16:28 - INFO -       safe (0)     0.8254    0.6265    0.7123        83
2026-08-22 06:16:28 - INFO - vulnerable (1)     0.6517    0.8406    0.7342        69
2026-08-22 06:16:28 - INFO - 
2026-08-22 06:16:28 - INFO -       accuracy                         0.7237       152
2026-08-22 06:16:28 - INFO -      macro avg     0.7385    0.7335    0.7233       152
2026-08-22 06:16:28 - INFO -   weighted avg     0.7465    0.7237    0.7222       152
2026-08-22 06:16:28 - INFO - Confusion matrix - [[tn=52, fp=31], [fn=11, tp=58]]
2026-08-22 06:16:28 - INFO - probability_positive min=0.0760 mean=0.5362 std=0.2484 max=0.9304 predicted_0=63 predicted_1=89
2026-08-22 06:16:28 - INFO - New best model | Macro-F1: 0.723253 | Epoch: 7
2026-08-22 06:16:47 - INFO - Epoch 8/30 | Train loss: 0.420396 | Val loss: 0.438547 | LR: 2.00e-05 | Best epoch: 8 | Patience: 0 | Train: 17.23s | Validation: 1.96s | Epoch: 19.78s | Total: 157.42s
2026-08-22 06:16:47 - INFO - [Classification Report - split=train epoch=8 - threshold=0.50]
2026-08-22 06:16:47 - INFO -                 precision    recall  f1-score   support
2026-08-22 06:16:47 - INFO - 
2026-08-22 06:16:47 - INFO -       safe (0)     0.8267    0.7696    0.7971       217
2026-08-22 06:16:47 - INFO - vulnerable (1)     0.8031    0.8536    0.8276       239
2026-08-22 06:16:47 - INFO - 
2026-08-22 06:16:47 - INFO -       accuracy                         0.8136       456
2026-08-22 06:16:47 - INFO -      macro avg     0.8149    0.8116    0.8124       456
2026-08-22 06:16:47 - INFO -   weighted avg     0.8144    0.8136    0.8131       456
2026-08-22 06:16:48 - INFO - Confusion matrix - [[tn=167, fp=50], [fn=35, tp=204]]
2026-08-22 06:16:48 - INFO - probability_positive min=0.0214 mean=0.5310 std=0.3072 max=0.9601 predicted_0=202 predicted_1=254
2026-08-22 06:16:48 - INFO - [Classification Report - split=validation epoch=8 - threshold=0.50]
2026-08-22 06:16:48 - INFO -                 precision    recall  f1-score   support
2026-08-22 06:16:48 - INFO - 
2026-08-22 06:16:48 - INFO -       safe (0)     0.8630    0.7590    0.8077        83
2026-08-22 06:16:48 - INFO - vulnerable (1)     0.7468    0.8551    0.7973        69
2026-08-22 06:16:48 - INFO - 
2026-08-22 06:16:48 - INFO -       accuracy                         0.8026       152
2026-08-22 06:16:48 - INFO -      macro avg     0.8049    0.8071    0.8025       152
2026-08-22 06:16:48 - INFO -   weighted avg     0.8103    0.8026    0.8030       152
2026-08-22 06:16:48 - INFO - Confusion matrix - [[tn=63, fp=20], [fn=10, tp=59]]
2026-08-22 06:16:48 - INFO - probability_positive min=0.0155 mean=0.4951 std=0.3522 max=0.9745 predicted_0=73 predicted_1=79
2026-08-22 06:16:48 - INFO - New best model | Macro-F1: 0.802495 | Epoch: 8
2026-08-22 06:17:07 - INFO - Epoch 9/30 | Train loss: 0.357044 | Val loss: 0.373443 | LR: 2.00e-05 | Best epoch: 9 | Patience: 0 | Train: 17.22s | Validation: 1.97s | Epoch: 19.77s | Total: 177.22s
2026-08-22 06:17:07 - INFO - [Classification Report - split=train epoch=9 - threshold=0.50]
2026-08-22 06:17:07 - INFO -                 precision    recall  f1-score   support
2026-08-22 06:17:07 - INFO - 
2026-08-22 06:17:07 - INFO -       safe (0)     0.8515    0.7926    0.8210       217
2026-08-22 06:17:07 - INFO - vulnerable (1)     0.8228    0.8745    0.8479       239
2026-08-22 06:17:07 - INFO - 
2026-08-22 06:17:07 - INFO -       accuracy                         0.8355       456
2026-08-22 06:17:07 - INFO -      macro avg     0.8372    0.8336    0.8344       456
2026-08-22 06:17:07 - INFO -   weighted avg     0.8365    0.8355    0.8351       456
2026-08-22 06:17:07 - INFO - Confusion matrix - [[tn=172, fp=45], [fn=30, tp=209]]
2026-08-22 06:17:07 - INFO - probability_positive min=0.0162 mean=0.5296 std=0.3514 max=0.9800 predicted_0=202 predicted_1=254
2026-08-22 06:17:07 - INFO - [Classification Report - split=validation epoch=9 - threshold=0.50]
2026-08-22 06:17:07 - INFO -                 precision    recall  f1-score   support
2026-08-22 06:17:07 - INFO - 
2026-08-22 06:17:07 - INFO -       safe (0)     0.8816    0.8072    0.8428        83
2026-08-22 06:17:07 - INFO - vulnerable (1)     0.7895    0.8696    0.8276        69
2026-08-22 06:17:07 - INFO - 
2026-08-22 06:17:07 - INFO -       accuracy                         0.8355       152
2026-08-22 06:17:07 - INFO -      macro avg     0.8355    0.8384    0.8352       152
2026-08-22 06:17:07 - INFO -   weighted avg     0.8398    0.8355    0.8359       152
2026-08-22 06:17:07 - INFO - Confusion matrix - [[tn=67, fp=16], [fn=9, tp=60]]
2026-08-22 06:17:07 - INFO - probability_positive min=0.0103 mean=0.4820 std=0.3974 max=0.9876 predicted_0=76 predicted_1=76
2026-08-22 06:17:07 - INFO - New best model | Macro-F1: 0.835177 | Epoch: 9
2026-08-22 06:17:27 - INFO - Epoch 10/30 | Train loss: 0.314671 | Val loss: 0.358805 | LR: 2.00e-05 | Best epoch: 9 | Patience: 1 | Train: 17.23s | Validation: 1.96s | Epoch: 19.19s | Total: 196.44s
2026-08-22 06:17:27 - INFO - [Classification Report - split=train epoch=10 - threshold=0.50]
2026-08-22 06:17:27 - INFO -                 precision    recall  f1-score   support
2026-08-22 06:17:27 - INFO - 
2026-08-22 06:17:27 - INFO -       safe (0)     0.8468    0.8664    0.8565       217
2026-08-22 06:17:27 - INFO - vulnerable (1)     0.8761    0.8577    0.8668       239
2026-08-22 06:17:27 - INFO - 
2026-08-22 06:17:27 - INFO -       accuracy                         0.8618       456
2026-08-22 06:17:27 - INFO -      macro avg     0.8615    0.8621    0.8616       456
2026-08-22 06:17:27 - INFO -   weighted avg     0.8622    0.8618    0.8619       456
2026-08-22 06:17:27 - INFO - Confusion matrix - [[tn=188, fp=29], [fn=34, tp=205]]
2026-08-22 06:17:27 - INFO - probability_positive min=0.0084 mean=0.5052 std=0.4077 max=0.9885 predicted_0=222 predicted_1=234
2026-08-22 06:17:27 - INFO - [Classification Report - split=validation epoch=10 - threshold=0.50]
2026-08-22 06:17:27 - INFO -                 precision    recall  f1-score   support
2026-08-22 06:17:27 - INFO - 
2026-08-22 06:17:27 - INFO -       safe (0)     0.8193    0.8193    0.8193        83
2026-08-22 06:17:27 - INFO - vulnerable (1)     0.7826    0.7826    0.7826        69
2026-08-22 06:17:27 - INFO - 
2026-08-22 06:17:27 - INFO -       accuracy                         0.8026       152
2026-08-22 06:17:27 - INFO -      macro avg     0.8009    0.8009    0.8009       152
2026-08-22 06:17:27 - INFO -   weighted avg     0.8026    0.8026    0.8026       152
2026-08-22 06:17:27 - INFO - Confusion matrix - [[tn=68, fp=15], [fn=15, tp=54]]
2026-08-22 06:17:27 - INFO - probability_positive min=0.0065 mean=0.4510 std=0.4039 max=0.9899 predicted_0=83 predicted_1=69
2026-08-22 06:17:46 - INFO - Epoch 11/30 | Train loss: 0.215845 | Val loss: 0.448668 | LR: 2.00e-05 | Best epoch: 9 | Patience: 2 | Train: 17.23s | Validation: 1.97s | Epoch: 19.20s | Total: 215.66s
2026-08-22 06:17:46 - INFO - [Classification Report - split=train epoch=11 - threshold=0.50]
2026-08-22 06:17:46 - INFO -                 precision    recall  f1-score   support
2026-08-22 06:17:46 - INFO - 
2026-08-22 06:17:46 - INFO -       safe (0)     0.9212    0.8618    0.8905       217
2026-08-22 06:17:46 - INFO - vulnerable (1)     0.8814    0.9331    0.9065       239
2026-08-22 06:17:46 - INFO - 
2026-08-22 06:17:46 - INFO -       accuracy                         0.8991       456
2026-08-22 06:17:46 - INFO -      macro avg     0.9013    0.8974    0.8985       456
2026-08-22 06:17:46 - INFO -   weighted avg     0.9003    0.8991    0.8989       456
2026-08-22 06:17:46 - INFO - Confusion matrix - [[tn=187, fp=30], [fn=16, tp=223]]
2026-08-22 06:17:46 - INFO - probability_positive min=0.0056 mean=0.5245 std=0.4084 max=0.9896 predicted_0=203 predicted_1=253
2026-08-22 06:17:46 - INFO - [Classification Report - split=validation epoch=11 - threshold=0.50]
2026-08-22 06:17:46 - INFO -                 precision    recall  f1-score   support
2026-08-22 06:17:46 - INFO - 
2026-08-22 06:17:46 - INFO -       safe (0)     0.8442    0.7831    0.8125        83
2026-08-22 06:17:46 - INFO - vulnerable (1)     0.7600    0.8261    0.7917        69
2026-08-22 06:17:46 - INFO - 
2026-08-22 06:17:46 - INFO -       accuracy                         0.8026       152
2026-08-22 06:17:46 - INFO -      macro avg     0.8021    0.8046    0.8021       152
2026-08-22 06:17:46 - INFO -   weighted avg     0.8060    0.8026    0.8030       152
2026-08-22 06:17:46 - INFO - Confusion matrix - [[tn=65, fp=18], [fn=12, tp=57]]
2026-08-22 06:17:46 - INFO - probability_positive min=0.0041 mean=0.4808 std=0.4426 max=0.9954 predicted_0=77 predicted_1=75
2026-08-22 06:18:05 - INFO - Epoch 12/30 | Train loss: 0.202572 | Val loss: 0.668017 | LR: 2.00e-05 | Best epoch: 9 | Patience: 3 | Train: 17.22s | Validation: 1.96s | Epoch: 19.18s | Total: 234.85s
2026-08-22 06:18:05 - INFO - [Classification Report - split=train epoch=12 - threshold=0.50]
2026-08-22 06:18:05 - INFO -                 precision    recall  f1-score   support
2026-08-22 06:18:05 - INFO - 
2026-08-22 06:18:05 - INFO -       safe (0)     0.9041    0.9124    0.9083       217
2026-08-22 06:18:05 - INFO - vulnerable (1)     0.9198    0.9121    0.9160       239
2026-08-22 06:18:05 - INFO - 
2026-08-22 06:18:05 - INFO -       accuracy                         0.9123       456
2026-08-22 06:18:05 - INFO -      macro avg     0.9120    0.9123    0.9121       456
2026-08-22 06:18:05 - INFO -   weighted avg     0.9123    0.9123    0.9123       456
2026-08-22 06:18:05 - INFO - Confusion matrix - [[tn=198, fp=19], [fn=21, tp=218]]
2026-08-22 06:18:05 - INFO - probability_positive min=0.0048 mean=0.5122 std=0.4361 max=0.9945 predicted_0=219 predicted_1=237
2026-08-22 06:18:05 - INFO - [Classification Report - split=validation epoch=12 - threshold=0.50]
2026-08-22 06:18:05 - INFO -                 precision    recall  f1-score   support
2026-08-22 06:18:05 - INFO - 
2026-08-22 06:18:05 - INFO -       safe (0)     0.9434    0.6024    0.7353        83
2026-08-22 06:18:05 - INFO - vulnerable (1)     0.6667    0.9565    0.7857        69
2026-08-22 06:18:05 - INFO - 
2026-08-22 06:18:05 - INFO -       accuracy                         0.7632       152
2026-08-22 06:18:05 - INFO -      macro avg     0.8050    0.7795    0.7605       152
2026-08-22 06:18:05 - INFO -   weighted avg     0.8178    0.7632    0.7582       152
2026-08-22 06:18:05 - INFO - Confusion matrix - [[tn=50, fp=33], [fn=3, tp=66]]
2026-08-22 06:18:05 - INFO - probability_positive min=0.0041 mean=0.6407 std=0.4182 max=0.9969 predicted_0=53 predicted_1=99
2026-08-22 06:18:24 - INFO - Epoch 13/30 | Train loss: 0.177405 | Val loss: 0.495519 | LR: 2.00e-05 | Best epoch: 9 | Patience: 4 | Train: 17.22s | Validation: 1.97s | Epoch: 19.19s | Total: 254.06s
2026-08-22 06:18:24 - INFO - [Classification Report - split=train epoch=13 - threshold=0.50]
2026-08-22 06:18:24 - INFO -                 precision    recall  f1-score   support
2026-08-22 06:18:24 - INFO - 
2026-08-22 06:18:24 - INFO -       safe (0)     0.9187    0.8848    0.9014       217
2026-08-22 06:18:24 - INFO - vulnerable (1)     0.8988    0.9289    0.9136       239
2026-08-22 06:18:24 - INFO - 
2026-08-22 06:18:24 - INFO -       accuracy                         0.9079       456
2026-08-22 06:18:24 - INFO -      macro avg     0.9087    0.9068    0.9075       456
2026-08-22 06:18:24 - INFO -   weighted avg     0.9082    0.9079    0.9078       456
2026-08-22 06:18:24 - INFO - Confusion matrix - [[tn=192, fp=25], [fn=17, tp=222]]
2026-08-22 06:18:24 - INFO - probability_positive min=0.0044 mean=0.5264 std=0.4335 max=0.9954 predicted_0=209 predicted_1=247
2026-08-22 06:18:24 - INFO - [Classification Report - split=validation epoch=13 - threshold=0.50]
2026-08-22 06:18:24 - INFO -                 precision    recall  f1-score   support
2026-08-22 06:18:24 - INFO - 
2026-08-22 06:18:24 - INFO -       safe (0)     0.8732    0.7470    0.8052        83
2026-08-22 06:18:24 - INFO - vulnerable (1)     0.7407    0.8696    0.8000        69
2026-08-22 06:18:24 - INFO - 
2026-08-22 06:18:24 - INFO -       accuracy                         0.8026       152
2026-08-22 06:18:24 - INFO -      macro avg     0.8070    0.8083    0.8026       152
2026-08-22 06:18:24 - INFO -   weighted avg     0.8131    0.8026    0.8028       152
2026-08-22 06:18:24 - INFO - Confusion matrix - [[tn=62, fp=21], [fn=9, tp=60]]
2026-08-22 06:18:24 - INFO - probability_positive min=0.0030 mean=0.5253 std=0.4520 max=0.9975 predicted_0=71 predicted_1=81
2026-08-22 06:18:43 - INFO - Epoch 14/30 | Train loss: 0.143259 | Val loss: 0.672160 | LR: 2.00e-05 | Best epoch: 9 | Patience: 5 | Train: 17.22s | Validation: 1.97s | Epoch: 19.18s | Total: 273.26s
2026-08-22 06:18:43 - INFO - [Classification Report - split=train epoch=14 - threshold=0.50]
2026-08-22 06:18:43 - INFO -                 precision    recall  f1-score   support
2026-08-22 06:18:43 - INFO - 
2026-08-22 06:18:43 - INFO -       safe (0)     0.9256    0.9171    0.9213       217
2026-08-22 06:18:43 - INFO - vulnerable (1)     0.9253    0.9331    0.9292       239
2026-08-22 06:18:43 - INFO - 
2026-08-22 06:18:43 - INFO -       accuracy                         0.9254       456
2026-08-22 06:18:43 - INFO -      macro avg     0.9254    0.9251    0.9252       456
2026-08-22 06:18:43 - INFO -   weighted avg     0.9254    0.9254    0.9254       456
2026-08-22 06:18:43 - INFO - Confusion matrix - [[tn=199, fp=18], [fn=16, tp=223]]
2026-08-22 06:18:43 - INFO - probability_positive min=0.0031 mean=0.5232 std=0.4519 max=0.9972 predicted_0=215 predicted_1=241
2026-08-22 06:18:43 - INFO - [Classification Report - split=validation epoch=14 - threshold=0.50]
2026-08-22 06:18:43 - INFO -                 precision    recall  f1-score   support
2026-08-22 06:18:43 - INFO - 
2026-08-22 06:18:43 - INFO -       safe (0)     0.9206    0.6988    0.7945        83
2026-08-22 06:18:43 - INFO - vulnerable (1)     0.7191    0.9275    0.8101        69
2026-08-22 06:18:43 - INFO - 
2026-08-22 06:18:43 - INFO -       accuracy                         0.8026       152
2026-08-22 06:18:43 - INFO -      macro avg     0.8199    0.8132    0.8023       152
2026-08-22 06:18:43 - INFO -   weighted avg     0.8291    0.8026    0.8016       152
2026-08-22 06:18:43 - INFO - Confusion matrix - [[tn=58, fp=25], [fn=5, tp=64]]
2026-08-22 06:18:43 - INFO - probability_positive min=0.0022 mean=0.5805 std=0.4581 max=0.9983 predicted_0=63 predicted_1=89
2026-08-22 06:18:43 - INFO - Early stopping | Epoch: 14 | Best epoch: 9
2026-08-22 06:18:43 - INFO - Best checkpoint saved | Path: model/fam1_codet5/baseline/seed_42/fold3/best.pt | Epoch: 9 | Val macro_f1: 0.835177
2026-08-22 06:18:43 - INFO - Training finished | Elapsed: 273.27s
2026-08-22 06:18:43 - INFO - Run finished | Phase: baseline_train | Fold: 3 | Seed: 42 | Elapsed: 276.59s
