2026-08-21 09:40:48 - INFO - Using device: cuda
2026-08-21 09:40:48 - INFO - Run started | Run: t5base_mean_codet5m | Method: baseline | Phase: baseline_train | Fold: 2 | Seed: 42 | Device: cuda
2026-08-21 09:40:49 - INFO - Loading Python validation data: data/sven_python_folds_norm/fold2/val.jsonl
2026-08-21 09:40:49 - INFO - Loading Python training data: data/sven_python_folds_norm/fold2/train.jsonl
2026-08-21 09:40:49 - INFO - Data split: python_train | Total: 456 | Labels: {0: 226, 1: 230} | CWEs: {'CWE-022': 43, 'CWE-078': 124, 'CWE-079': 43, 'CWE-089': 246} | Languages: {'python': 456} | Invalid CWE: 0
2026-08-21 09:40:49 - INFO - Data split: python_val | Total: 152 | Labels: {0: 80, 1: 72} | CWEs: {'CWE-022': 15, 'CWE-078': 38, 'CWE-079': 20, 'CWE-089': 79} | Languages: {'python': 152} | Invalid CWE: 0
2026-08-21 09:40:51 - INFO - Environment: {"components": {"backbone": {"frozen": 0, "total": 109607040, "trainable": 109607040}, "vul_head": {"frozen": 0, "total": 1538, "trainable": 1538}}, "cuda": "12.8", "fold": 2, "frozen_parameters": 0, "gpu": "NVIDIA GeForce RTX 4070 Ti SUPER", "hyperparameters": {"batch_size": 16, "checkpoint_path": "model/t5base_mean_codet5m/baseline/seed_42/fold2/best.pt", "data_root": "data/sven_python_folds_norm", "epochs": 30, "eval_batch_size": 16, "fold": 2, "learning_rate": 2e-05, "max_eval_samples": null, "max_grad_norm": 1.0, "max_length": 512, "max_train_samples": null, "method_name": "baseline", "min_epochs": 3, "model_name": "Salesforce/codet5-base", "num_workers": 0, "patience": 5, "phase": "train", "pooling": "mean", "result_path": "results/t5base_mean_codet5m/baseline/seed_42/fold2.json", "run_name": "t5base_mean_codet5m", "seed": 42, "target_lang": "python", "test_path": null, "train_path": null, "truncation_strategy": "head_middle_tail", "val_path": null, "weight_decay": 0.01}, "mode": "baseline_train", "model_name": "Salesforce/codet5-base", "seed": 42, "sklearn": "1.7.2", "torch": "2.11.0+cu128", "trainable_parameters": 109608578, "transformers": "4.57.1"}
2026-08-21 09:40:51 - INFO - Training started | Phase: baseline | Epochs: 30
2026-08-21 09:41:02 - INFO - Epoch 1/30 | Train loss: 0.695260 | Val loss: 0.696590 | LR: 2.00e-05 | Best epoch: 1 | Patience: 0 | Train: 9.99s | Validation: 1.06s | Epoch: 11.32s | Total: 11.32s
2026-08-21 09:41:02 - INFO - [Classification Report - split=train epoch=1 - threshold=0.50]
2026-08-21 09:41:02 - INFO -                 precision    recall  f1-score   support
2026-08-21 09:41:02 - INFO - 
2026-08-21 09:41:02 - INFO -       safe (0)     0.5000    0.1726    0.2566       226
2026-08-21 09:41:02 - INFO - vulnerable (1)     0.5053    0.8304    0.6283       230
2026-08-21 09:41:02 - INFO - 
2026-08-21 09:41:02 - INFO -       accuracy                         0.5044       456
2026-08-21 09:41:02 - INFO -      macro avg     0.5026    0.5015    0.4424       456
2026-08-21 09:41:02 - INFO -   weighted avg     0.5027    0.5044    0.4441       456
2026-08-21 09:41:02 - INFO - Confusion matrix - [[tn=39, fp=187], [fn=39, tp=191]]
2026-08-21 09:41:02 - INFO - probability_positive min=0.4494 mean=0.5242 std=0.0243 max=0.5819 predicted_0=78 predicted_1=378
2026-08-21 09:41:02 - INFO - [Classification Report - split=validation epoch=1 - threshold=0.50]
2026-08-21 09:41:02 - INFO -                 precision    recall  f1-score   support
2026-08-21 09:41:02 - INFO - 
2026-08-21 09:41:02 - INFO -       safe (0)     0.5177    0.9125    0.6606        80
2026-08-21 09:41:02 - INFO - vulnerable (1)     0.3636    0.0556    0.0964        72
2026-08-21 09:41:02 - INFO - 
2026-08-21 09:41:02 - INFO -       accuracy                         0.5066       152
2026-08-21 09:41:02 - INFO -      macro avg     0.4407    0.4840    0.3785       152
2026-08-21 09:41:02 - INFO -   weighted avg     0.4447    0.5066    0.3934       152
2026-08-21 09:41:02 - INFO - Confusion matrix - [[tn=73, fp=7], [fn=68, tp=4]]
2026-08-21 09:41:02 - INFO - probability_positive min=0.4300 mean=0.4671 std=0.0222 max=0.5287 predicted_0=141 predicted_1=11
2026-08-21 09:41:02 - INFO - New best model | Macro-F1: 0.378510 | Epoch: 1
2026-08-21 09:41:14 - INFO - Epoch 2/30 | Train loss: 0.687349 | Val loss: 0.700880 | LR: 2.00e-05 | Best epoch: 2 | Patience: 0 | Train: 9.80s | Validation: 1.06s | Epoch: 11.29s | Total: 22.62s
2026-08-21 09:41:14 - INFO - [Classification Report - split=train epoch=2 - threshold=0.50]
2026-08-21 09:41:14 - INFO -                 precision    recall  f1-score   support
2026-08-21 09:41:14 - INFO - 
2026-08-21 09:41:14 - INFO -       safe (0)     0.5269    0.8673    0.6555       226
2026-08-21 09:41:14 - INFO - vulnerable (1)     0.6429    0.2348    0.3439       230
2026-08-21 09:41:14 - INFO - 
2026-08-21 09:41:14 - INFO -       accuracy                         0.5482       456
2026-08-21 09:41:14 - INFO -      macro avg     0.5849    0.5510    0.4997       456
2026-08-21 09:41:14 - INFO -   weighted avg     0.5854    0.5482    0.4984       456
2026-08-21 09:41:14 - INFO - Confusion matrix - [[tn=196, fp=30], [fn=176, tp=54]]
2026-08-21 09:41:14 - INFO - probability_positive min=0.4080 mean=0.4746 std=0.0284 max=0.5587 predicted_0=372 predicted_1=84
2026-08-21 09:41:14 - INFO - [Classification Report - split=validation epoch=2 - threshold=0.50]
2026-08-21 09:41:14 - INFO -                 precision    recall  f1-score   support
2026-08-21 09:41:14 - INFO - 
2026-08-21 09:41:14 - INFO -       safe (0)     0.4118    0.2625    0.3206        80
2026-08-21 09:41:14 - INFO - vulnerable (1)     0.4158    0.5833    0.4855        72
2026-08-21 09:41:14 - INFO - 
2026-08-21 09:41:14 - INFO -       accuracy                         0.4145       152
2026-08-21 09:41:14 - INFO -      macro avg     0.4138    0.4229    0.4031       152
2026-08-21 09:41:14 - INFO -   weighted avg     0.4137    0.4145    0.3987       152
2026-08-21 09:41:14 - INFO - Confusion matrix - [[tn=21, fp=59], [fn=30, tp=42]]
2026-08-21 09:41:14 - INFO - probability_positive min=0.4685 mean=0.5114 std=0.0216 max=0.5754 predicted_0=51 predicted_1=101
2026-08-21 09:41:14 - INFO - New best model | Macro-F1: 0.403080 | Epoch: 2
2026-08-21 09:41:25 - INFO - Epoch 3/30 | Train loss: 0.686549 | Val loss: 0.699517 | LR: 2.00e-05 | Best epoch: 3 | Patience: 0 | Train: 9.81s | Validation: 1.06s | Epoch: 11.30s | Total: 33.94s
2026-08-21 09:41:25 - INFO - [Classification Report - split=train epoch=3 - threshold=0.50]
2026-08-21 09:41:25 - INFO -                 precision    recall  f1-score   support
2026-08-21 09:41:25 - INFO - 
2026-08-21 09:41:25 - INFO -       safe (0)     0.5806    0.3186    0.4114       226
2026-08-21 09:41:25 - INFO - vulnerable (1)     0.5361    0.7739    0.6335       230
2026-08-21 09:41:25 - INFO - 
2026-08-21 09:41:25 - INFO -       accuracy                         0.5482       456
2026-08-21 09:41:25 - INFO -      macro avg     0.5584    0.5462    0.5224       456
2026-08-21 09:41:25 - INFO -   weighted avg     0.5582    0.5482    0.5234       456
2026-08-21 09:41:25 - INFO - Confusion matrix - [[tn=72, fp=154], [fn=52, tp=178]]
2026-08-21 09:41:25 - INFO - probability_positive min=0.3915 mean=0.5255 std=0.0399 max=0.6021 predicted_0=124 predicted_1=332
2026-08-21 09:41:25 - INFO - [Classification Report - split=validation epoch=3 - threshold=0.50]
2026-08-21 09:41:25 - INFO -                 precision    recall  f1-score   support
2026-08-21 09:41:25 - INFO - 
2026-08-21 09:41:25 - INFO -       safe (0)     0.5271    0.8500    0.6507        80
2026-08-21 09:41:25 - INFO - vulnerable (1)     0.4783    0.1528    0.2316        72
2026-08-21 09:41:25 - INFO - 
2026-08-21 09:41:25 - INFO -       accuracy                         0.5197       152
2026-08-21 09:41:25 - INFO -      macro avg     0.5027    0.5014    0.4411       152
2026-08-21 09:41:25 - INFO -   weighted avg     0.5040    0.5197    0.4522       152
2026-08-21 09:41:25 - INFO - Confusion matrix - [[tn=68, fp=12], [fn=61, tp=11]]
2026-08-21 09:41:25 - INFO - probability_positive min=0.4177 mean=0.4720 std=0.0292 max=0.5697 predicted_0=129 predicted_1=23
2026-08-21 09:41:25 - INFO - New best model | Macro-F1: 0.441148 | Epoch: 3
2026-08-21 09:41:36 - INFO - Epoch 4/30 | Train loss: 0.673323 | Val loss: 0.706812 | LR: 2.00e-05 | Best epoch: 3 | Patience: 1 | Train: 9.82s | Validation: 1.06s | Epoch: 10.88s | Total: 44.83s
2026-08-21 09:41:36 - INFO - [Classification Report - split=train epoch=4 - threshold=0.50]
2026-08-21 09:41:36 - INFO -                 precision    recall  f1-score   support
2026-08-21 09:41:36 - INFO - 
2026-08-21 09:41:36 - INFO -       safe (0)     0.6129    0.6726    0.6414       226
2026-08-21 09:41:36 - INFO - vulnerable (1)     0.6442    0.5826    0.6119       230
2026-08-21 09:41:36 - INFO - 
2026-08-21 09:41:36 - INFO -       accuracy                         0.6272       456
2026-08-21 09:41:36 - INFO -      macro avg     0.6286    0.6276    0.6266       456
2026-08-21 09:41:36 - INFO -   weighted avg     0.6287    0.6272    0.6265       456
2026-08-21 09:41:36 - INFO - Confusion matrix - [[tn=152, fp=74], [fn=96, tp=134]]
2026-08-21 09:41:36 - INFO - probability_positive min=0.3892 mean=0.4993 std=0.0323 max=0.6053 predicted_0=248 predicted_1=208
2026-08-21 09:41:36 - INFO - [Classification Report - split=validation epoch=4 - threshold=0.50]
2026-08-21 09:41:36 - INFO -                 precision    recall  f1-score   support
2026-08-21 09:41:36 - INFO - 
2026-08-21 09:41:36 - INFO -       safe (0)     0.3871    0.1500    0.2162        80
2026-08-21 09:41:36 - INFO - vulnerable (1)     0.4380    0.7361    0.5492        72
2026-08-21 09:41:36 - INFO - 
2026-08-21 09:41:36 - INFO -       accuracy                         0.4276       152
2026-08-21 09:41:36 - INFO -      macro avg     0.4126    0.4431    0.3827       152
2026-08-21 09:41:36 - INFO -   weighted avg     0.4112    0.4276    0.3740       152
2026-08-21 09:41:36 - INFO - Confusion matrix - [[tn=12, fp=68], [fn=19, tp=53]]
2026-08-21 09:41:36 - INFO - probability_positive min=0.4687 mean=0.5255 std=0.0294 max=0.6294 predicted_0=31 predicted_1=121
2026-08-21 09:41:47 - INFO - Epoch 5/30 | Train loss: 0.661868 | Val loss: 0.703122 | LR: 2.00e-05 | Best epoch: 3 | Patience: 2 | Train: 9.82s | Validation: 1.06s | Epoch: 10.88s | Total: 55.72s
2026-08-21 09:41:47 - INFO - [Classification Report - split=train epoch=5 - threshold=0.50]
2026-08-21 09:41:47 - INFO -                 precision    recall  f1-score   support
2026-08-21 09:41:47 - INFO - 
2026-08-21 09:41:47 - INFO -       safe (0)     0.6716    0.5973    0.6323       226
2026-08-21 09:41:47 - INFO - vulnerable (1)     0.6431    0.7130    0.6763       230
2026-08-21 09:41:47 - INFO - 
2026-08-21 09:41:47 - INFO -       accuracy                         0.6557       456
2026-08-21 09:41:47 - INFO -      macro avg     0.6574    0.6552    0.6543       456
2026-08-21 09:41:47 - INFO -   weighted avg     0.6573    0.6557    0.6545       456
2026-08-21 09:41:47 - INFO - Confusion matrix - [[tn=135, fp=91], [fn=66, tp=164]]
2026-08-21 09:41:47 - INFO - probability_positive min=0.3571 mean=0.5085 std=0.0443 max=0.6494 predicted_0=201 predicted_1=255
2026-08-21 09:41:47 - INFO - [Classification Report - split=validation epoch=5 - threshold=0.50]
2026-08-21 09:41:47 - INFO -                 precision    recall  f1-score   support
2026-08-21 09:41:47 - INFO - 
2026-08-21 09:41:47 - INFO -       safe (0)     0.5234    0.8375    0.6442        80
2026-08-21 09:41:47 - INFO - vulnerable (1)     0.4583    0.1528    0.2292        72
2026-08-21 09:41:47 - INFO - 
2026-08-21 09:41:47 - INFO -       accuracy                         0.5132       152
2026-08-21 09:41:47 - INFO -      macro avg     0.4909    0.4951    0.4367       152
2026-08-21 09:41:47 - INFO -   weighted avg     0.4926    0.5132    0.4476       152
2026-08-21 09:41:47 - INFO - Confusion matrix - [[tn=67, fp=13], [fn=61, tp=11]]
2026-08-21 09:41:47 - INFO - probability_positive min=0.3587 mean=0.4511 std=0.0493 max=0.6349 predicted_0=128 predicted_1=24
2026-08-21 09:41:58 - INFO - Epoch 6/30 | Train loss: 0.636811 | Val loss: 0.690180 | LR: 2.00e-05 | Best epoch: 6 | Patience: 0 | Train: 9.82s | Validation: 1.06s | Epoch: 11.23s | Total: 66.96s
2026-08-21 09:41:58 - INFO - [Classification Report - split=train epoch=6 - threshold=0.50]
2026-08-21 09:41:58 - INFO -                 precision    recall  f1-score   support
2026-08-21 09:41:58 - INFO - 
2026-08-21 09:41:58 - INFO -       safe (0)     0.6729    0.8009    0.7313       226
2026-08-21 09:41:58 - INFO - vulnerable (1)     0.7594    0.6174    0.6811       230
2026-08-21 09:41:58 - INFO - 
2026-08-21 09:41:58 - INFO -       accuracy                         0.7083       456
2026-08-21 09:41:58 - INFO -      macro avg     0.7161    0.7091    0.7062       456
2026-08-21 09:41:58 - INFO -   weighted avg     0.7165    0.7083    0.7060       456
2026-08-21 09:41:58 - INFO - Confusion matrix - [[tn=181, fp=45], [fn=88, tp=142]]
2026-08-21 09:41:58 - INFO - probability_positive min=0.2892 mean=0.4885 std=0.0697 max=0.7000 predicted_0=269 predicted_1=187
2026-08-21 09:41:58 - INFO - [Classification Report - split=validation epoch=6 - threshold=0.50]
2026-08-21 09:41:58 - INFO -                 precision    recall  f1-score   support
2026-08-21 09:41:58 - INFO - 
2026-08-21 09:41:58 - INFO -       safe (0)     0.5694    0.5125    0.5395        80
2026-08-21 09:41:58 - INFO - vulnerable (1)     0.5125    0.5694    0.5395        72
2026-08-21 09:41:58 - INFO - 
2026-08-21 09:41:58 - INFO -       accuracy                         0.5395       152
2026-08-21 09:41:58 - INFO -      macro avg     0.5410    0.5410    0.5395       152
2026-08-21 09:41:58 - INFO -   weighted avg     0.5425    0.5395    0.5395       152
2026-08-21 09:41:58 - INFO - Confusion matrix - [[tn=41, fp=39], [fn=31, tp=41]]
2026-08-21 09:41:58 - INFO - probability_positive min=0.2985 mean=0.4995 std=0.0750 max=0.7359 predicted_0=72 predicted_1=80
2026-08-21 09:41:58 - INFO - New best model | Macro-F1: 0.539474 | Epoch: 6
2026-08-21 09:42:09 - INFO - Epoch 7/30 | Train loss: 0.546419 | Val loss: 0.580162 | LR: 2.00e-05 | Best epoch: 7 | Patience: 0 | Train: 9.82s | Validation: 1.06s | Epoch: 11.32s | Total: 78.29s
2026-08-21 09:42:09 - INFO - [Classification Report - split=train epoch=7 - threshold=0.50]
2026-08-21 09:42:09 - INFO -                 precision    recall  f1-score   support
2026-08-21 09:42:09 - INFO - 
2026-08-21 09:42:09 - INFO -       safe (0)     0.7437    0.7832    0.7629       226
2026-08-21 09:42:09 - INFO - vulnerable (1)     0.7752    0.7348    0.7545       230
2026-08-21 09:42:09 - INFO - 
2026-08-21 09:42:09 - INFO -       accuracy                         0.7588       456
2026-08-21 09:42:09 - INFO -      macro avg     0.7595    0.7590    0.7587       456
2026-08-21 09:42:09 - INFO -   weighted avg     0.7596    0.7588    0.7587       456
2026-08-21 09:42:09 - INFO - Confusion matrix - [[tn=177, fp=49], [fn=61, tp=169]]
2026-08-21 09:42:09 - INFO - probability_positive min=0.0940 mean=0.4979 std=0.1659 max=0.9076 predicted_0=238 predicted_1=218
2026-08-21 09:42:09 - INFO - [Classification Report - split=validation epoch=7 - threshold=0.50]
2026-08-21 09:42:09 - INFO -                 precision    recall  f1-score   support
2026-08-21 09:42:09 - INFO - 
2026-08-21 09:42:09 - INFO -       safe (0)     0.7162    0.6625    0.6883        80
2026-08-21 09:42:09 - INFO - vulnerable (1)     0.6538    0.7083    0.6800        72
2026-08-21 09:42:09 - INFO - 
2026-08-21 09:42:09 - INFO -       accuracy                         0.6842       152
2026-08-21 09:42:09 - INFO -      macro avg     0.6850    0.6854    0.6842       152
2026-08-21 09:42:09 - INFO -   weighted avg     0.6867    0.6842    0.6844       152
2026-08-21 09:42:09 - INFO - Confusion matrix - [[tn=53, fp=27], [fn=21, tp=51]]
2026-08-21 09:42:09 - INFO - probability_positive min=0.0639 mean=0.5175 std=0.2568 max=0.9216 predicted_0=74 predicted_1=78
2026-08-21 09:42:09 - INFO - New best model | Macro-F1: 0.684156 | Epoch: 7
2026-08-21 09:42:21 - INFO - Epoch 8/30 | Train loss: 0.406712 | Val loss: 0.555734 | LR: 2.00e-05 | Best epoch: 8 | Patience: 0 | Train: 9.83s | Validation: 1.06s | Epoch: 11.32s | Total: 89.63s
2026-08-21 09:42:21 - INFO - [Classification Report - split=train epoch=8 - threshold=0.50]
2026-08-21 09:42:21 - INFO -                 precision    recall  f1-score   support
2026-08-21 09:42:21 - INFO - 
2026-08-21 09:42:21 - INFO -       safe (0)     0.8522    0.7655    0.8065       226
2026-08-21 09:42:21 - INFO - vulnerable (1)     0.7905    0.8696    0.8282       230
2026-08-21 09:42:21 - INFO - 
2026-08-21 09:42:21 - INFO -       accuracy                         0.8180       456
2026-08-21 09:42:21 - INFO -      macro avg     0.8214    0.8175    0.8173       456
2026-08-21 09:42:21 - INFO -   weighted avg     0.8211    0.8180    0.8174       456
2026-08-21 09:42:21 - INFO - Confusion matrix - [[tn=173, fp=53], [fn=30, tp=200]]
2026-08-21 09:42:21 - INFO - probability_positive min=0.0220 mean=0.5288 std=0.3213 max=0.9632 predicted_0=203 predicted_1=253
2026-08-21 09:42:21 - INFO - [Classification Report - split=validation epoch=8 - threshold=0.50]
2026-08-21 09:42:21 - INFO -                 precision    recall  f1-score   support
2026-08-21 09:42:21 - INFO - 
2026-08-21 09:42:21 - INFO -       safe (0)     0.7174    0.8250    0.7674        80
2026-08-21 09:42:21 - INFO - vulnerable (1)     0.7667    0.6389    0.6970        72
2026-08-21 09:42:21 - INFO - 
2026-08-21 09:42:21 - INFO -       accuracy                         0.7368       152
2026-08-21 09:42:21 - INFO -      macro avg     0.7420    0.7319    0.7322       152
2026-08-21 09:42:21 - INFO -   weighted avg     0.7407    0.7368    0.7341       152
2026-08-21 09:42:21 - INFO - Confusion matrix - [[tn=66, fp=14], [fn=26, tp=46]]
2026-08-21 09:42:21 - INFO - probability_positive min=0.0161 mean=0.4010 std=0.3447 max=0.9689 predicted_0=92 predicted_1=60
2026-08-21 09:42:21 - INFO - New best model | Macro-F1: 0.732206 | Epoch: 8
2026-08-21 09:42:32 - INFO - Epoch 9/30 | Train loss: 0.318459 | Val loss: 0.656200 | LR: 2.00e-05 | Best epoch: 8 | Patience: 1 | Train: 9.82s | Validation: 1.06s | Epoch: 10.88s | Total: 100.53s
2026-08-21 09:42:32 - INFO - [Classification Report - split=train epoch=9 - threshold=0.50]
2026-08-21 09:42:32 - INFO -                 precision    recall  f1-score   support
2026-08-21 09:42:32 - INFO - 
2026-08-21 09:42:32 - INFO -       safe (0)     0.8727    0.8496    0.8610       226
2026-08-21 09:42:32 - INFO - vulnerable (1)     0.8559    0.8783    0.8670       230
2026-08-21 09:42:32 - INFO - 
2026-08-21 09:42:32 - INFO -       accuracy                         0.8640       456
2026-08-21 09:42:32 - INFO -      macro avg     0.8643    0.8639    0.8640       456
2026-08-21 09:42:32 - INFO -   weighted avg     0.8643    0.8640    0.8640       456
2026-08-21 09:42:32 - INFO - Confusion matrix - [[tn=192, fp=34], [fn=28, tp=202]]
2026-08-21 09:42:32 - INFO - probability_positive min=0.0181 mean=0.5015 std=0.3759 max=0.9819 predicted_0=220 predicted_1=236
2026-08-21 09:42:32 - INFO - [Classification Report - split=validation epoch=9 - threshold=0.50]
2026-08-21 09:42:32 - INFO -                 precision    recall  f1-score   support
2026-08-21 09:42:32 - INFO - 
2026-08-21 09:42:32 - INFO -       safe (0)     0.6606    0.9000    0.7619        80
2026-08-21 09:42:32 - INFO - vulnerable (1)     0.8140    0.4861    0.6087        72
2026-08-21 09:42:32 - INFO - 
2026-08-21 09:42:32 - INFO -       accuracy                         0.7039       152
2026-08-21 09:42:32 - INFO -      macro avg     0.7373    0.6931    0.6853       152
2026-08-21 09:42:32 - INFO -   weighted avg     0.7332    0.7039    0.6893       152
2026-08-21 09:42:32 - INFO - Confusion matrix - [[tn=72, fp=8], [fn=37, tp=35]]
2026-08-21 09:42:32 - INFO - probability_positive min=0.0102 mean=0.2925 std=0.3356 max=0.9787 predicted_0=109 predicted_1=43
2026-08-21 09:42:43 - INFO - Epoch 10/30 | Train loss: 0.242333 | Val loss: 0.597530 | LR: 2.00e-05 | Best epoch: 10 | Patience: 0 | Train: 9.82s | Validation: 1.06s | Epoch: 11.31s | Total: 111.85s
2026-08-21 09:42:43 - INFO - [Classification Report - split=train epoch=10 - threshold=0.50]
2026-08-21 09:42:43 - INFO -                 precision    recall  f1-score   support
2026-08-21 09:42:43 - INFO - 
2026-08-21 09:42:43 - INFO -       safe (0)     0.8947    0.9027    0.8987       226
2026-08-21 09:42:43 - INFO - vulnerable (1)     0.9035    0.8957    0.8996       230
2026-08-21 09:42:43 - INFO - 
2026-08-21 09:42:43 - INFO -       accuracy                         0.8991       456
2026-08-21 09:42:43 - INFO -      macro avg     0.8991    0.8992    0.8991       456
2026-08-21 09:42:43 - INFO -   weighted avg     0.8992    0.8991    0.8991       456
2026-08-21 09:42:43 - INFO - Confusion matrix - [[tn=204, fp=22], [fn=24, tp=206]]
2026-08-21 09:42:43 - INFO - probability_positive min=0.0076 mean=0.4826 std=0.4134 max=0.9873 predicted_0=228 predicted_1=228
2026-08-21 09:42:43 - INFO - [Classification Report - split=validation epoch=10 - threshold=0.50]
2026-08-21 09:42:43 - INFO -                 precision    recall  f1-score   support
2026-08-21 09:42:43 - INFO - 
2026-08-21 09:42:43 - INFO -       safe (0)     0.7821    0.7625    0.7722        80
2026-08-21 09:42:43 - INFO - vulnerable (1)     0.7432    0.7639    0.7534        72
2026-08-21 09:42:43 - INFO - 
2026-08-21 09:42:43 - INFO -       accuracy                         0.7632       152
2026-08-21 09:42:43 - INFO -      macro avg     0.7626    0.7632    0.7628       152
2026-08-21 09:42:43 - INFO -   weighted avg     0.7637    0.7632    0.7633       152
2026-08-21 09:42:43 - INFO - Confusion matrix - [[tn=61, fp=19], [fn=17, tp=55]]
2026-08-21 09:42:43 - INFO - probability_positive min=0.0055 mean=0.4775 std=0.4224 max=0.9927 predicted_0=78 predicted_1=74
2026-08-21 09:42:43 - INFO - New best model | Macro-F1: 0.762788 | Epoch: 10
2026-08-21 09:42:54 - INFO - Epoch 11/30 | Train loss: 0.201990 | Val loss: 0.657504 | LR: 2.00e-05 | Best epoch: 11 | Patience: 0 | Train: 9.82s | Validation: 1.06s | Epoch: 11.29s | Total: 123.16s
2026-08-21 09:42:54 - INFO - [Classification Report - split=train epoch=11 - threshold=0.50]
2026-08-21 09:42:54 - INFO -                 precision    recall  f1-score   support
2026-08-21 09:42:54 - INFO - 
2026-08-21 09:42:54 - INFO -       safe (0)     0.9249    0.8717    0.8975       226
2026-08-21 09:42:54 - INFO - vulnerable (1)     0.8807    0.9304    0.9049       230
2026-08-21 09:42:54 - INFO - 
2026-08-21 09:42:54 - INFO -       accuracy                         0.9013       456
2026-08-21 09:42:54 - INFO -      macro avg     0.9028    0.9011    0.9012       456
2026-08-21 09:42:54 - INFO -   weighted avg     0.9026    0.9013    0.9012       456
2026-08-21 09:42:54 - INFO - Confusion matrix - [[tn=197, fp=29], [fn=16, tp=214]]
2026-08-21 09:42:54 - INFO - probability_positive min=0.0059 mean=0.5251 std=0.4388 max=0.9930 predicted_0=213 predicted_1=243
2026-08-21 09:42:54 - INFO - [Classification Report - split=validation epoch=11 - threshold=0.50]
2026-08-21 09:42:54 - INFO -                 precision    recall  f1-score   support
2026-08-21 09:42:54 - INFO - 
2026-08-21 09:42:54 - INFO -       safe (0)     0.7368    0.8750    0.8000        80
2026-08-21 09:42:54 - INFO - vulnerable (1)     0.8246    0.6528    0.7287        72
2026-08-21 09:42:54 - INFO - 
2026-08-21 09:42:54 - INFO -       accuracy                         0.7697       152
2026-08-21 09:42:54 - INFO -      macro avg     0.7807    0.7639    0.7643       152
2026-08-21 09:42:54 - INFO -   weighted avg     0.7784    0.7697    0.7662       152
2026-08-21 09:42:54 - INFO - Confusion matrix - [[tn=70, fp=10], [fn=25, tp=47]]
2026-08-21 09:42:54 - INFO - probability_positive min=0.0039 mean=0.3845 std=0.4230 max=0.9946 predicted_0=95 predicted_1=57
2026-08-21 09:42:54 - INFO - New best model | Macro-F1: 0.764341 | Epoch: 11
2026-08-21 09:43:05 - INFO - Epoch 12/30 | Train loss: 0.181108 | Val loss: 0.535382 | LR: 2.00e-05 | Best epoch: 12 | Patience: 0 | Train: 9.82s | Validation: 1.06s | Epoch: 11.31s | Total: 134.49s
2026-08-21 09:43:05 - INFO - [Classification Report - split=train epoch=12 - threshold=0.50]
2026-08-21 09:43:05 - INFO -                 precision    recall  f1-score   support
2026-08-21 09:43:05 - INFO - 
2026-08-21 09:43:05 - INFO -       safe (0)     0.9134    0.9336    0.9234       226
2026-08-21 09:43:05 - INFO - vulnerable (1)     0.9333    0.9130    0.9231       230
2026-08-21 09:43:05 - INFO - 
2026-08-21 09:43:05 - INFO -       accuracy                         0.9232       456
2026-08-21 09:43:05 - INFO -      macro avg     0.9234    0.9233    0.9232       456
2026-08-21 09:43:05 - INFO -   weighted avg     0.9235    0.9232    0.9232       456
2026-08-21 09:43:05 - INFO - Confusion matrix - [[tn=211, fp=15], [fn=20, tp=210]]
2026-08-21 09:43:05 - INFO - probability_positive min=0.0053 mean=0.4926 std=0.4358 max=0.9942 predicted_0=231 predicted_1=225
2026-08-21 09:43:05 - INFO - [Classification Report - split=validation epoch=12 - threshold=0.50]
2026-08-21 09:43:05 - INFO -                 precision    recall  f1-score   support
2026-08-21 09:43:05 - INFO - 
2026-08-21 09:43:05 - INFO -       safe (0)     0.8286    0.7250    0.7733        80
2026-08-21 09:43:05 - INFO - vulnerable (1)     0.7317    0.8333    0.7792        72
2026-08-21 09:43:05 - INFO - 
2026-08-21 09:43:05 - INFO -       accuracy                         0.7763       152
2026-08-21 09:43:05 - INFO -      macro avg     0.7801    0.7792    0.7763       152
2026-08-21 09:43:05 - INFO -   weighted avg     0.7827    0.7763    0.7761       152
2026-08-21 09:43:05 - INFO - Confusion matrix - [[tn=58, fp=22], [fn=12, tp=60]]
2026-08-21 09:43:05 - INFO - probability_positive min=0.0038 mean=0.5038 std=0.4207 max=0.9956 predicted_0=70 predicted_1=82
2026-08-21 09:43:05 - INFO - New best model | Macro-F1: 0.776277 | Epoch: 12
2026-08-21 09:43:16 - INFO - Epoch 13/30 | Train loss: 0.167610 | Val loss: 0.778362 | LR: 2.00e-05 | Best epoch: 12 | Patience: 1 | Train: 9.82s | Validation: 1.06s | Epoch: 10.88s | Total: 145.39s
2026-08-21 09:43:16 - INFO - [Classification Report - split=train epoch=13 - threshold=0.50]
2026-08-21 09:43:16 - INFO -                 precision    recall  f1-score   support
2026-08-21 09:43:16 - INFO - 
2026-08-21 09:43:16 - INFO -       safe (0)     0.9324    0.9159    0.9241       226
2026-08-21 09:43:16 - INFO - vulnerable (1)     0.9188    0.9348    0.9267       230
2026-08-21 09:43:16 - INFO - 
2026-08-21 09:43:16 - INFO -       accuracy                         0.9254       456
2026-08-21 09:43:16 - INFO -      macro avg     0.9256    0.9254    0.9254       456
2026-08-21 09:43:16 - INFO -   weighted avg     0.9256    0.9254    0.9254       456
2026-08-21 09:43:16 - INFO - Confusion matrix - [[tn=207, fp=19], [fn=15, tp=215]]
2026-08-21 09:43:16 - INFO - probability_positive min=0.0041 mean=0.5082 std=0.4516 max=0.9964 predicted_0=222 predicted_1=234
2026-08-21 09:43:16 - INFO - [Classification Report - split=validation epoch=13 - threshold=0.50]
2026-08-21 09:43:16 - INFO -                 precision    recall  f1-score   support
2026-08-21 09:43:16 - INFO - 
2026-08-21 09:43:16 - INFO -       safe (0)     0.7347    0.9000    0.8090        80
2026-08-21 09:43:16 - INFO - vulnerable (1)     0.8519    0.6389    0.7302        72
2026-08-21 09:43:16 - INFO - 
2026-08-21 09:43:16 - INFO -       accuracy                         0.7763       152
2026-08-21 09:43:16 - INFO -      macro avg     0.7933    0.7694    0.7696       152
2026-08-21 09:43:16 - INFO -   weighted avg     0.7902    0.7763    0.7716       152
2026-08-21 09:43:16 - INFO - Confusion matrix - [[tn=72, fp=8], [fn=26, tp=46]]
2026-08-21 09:43:16 - INFO - probability_positive min=0.0025 mean=0.3518 std=0.4324 max=0.9973 predicted_0=98 predicted_1=54
2026-08-21 09:43:28 - INFO - Epoch 14/30 | Train loss: 0.123078 | Val loss: 0.637439 | LR: 2.00e-05 | Best epoch: 14 | Patience: 0 | Train: 9.82s | Validation: 1.06s | Epoch: 11.32s | Total: 156.72s
2026-08-21 09:43:28 - INFO - [Classification Report - split=train epoch=14 - threshold=0.50]
2026-08-21 09:43:28 - INFO -                 precision    recall  f1-score   support
2026-08-21 09:43:28 - INFO - 
2026-08-21 09:43:28 - INFO -       safe (0)     0.9231    0.9558    0.9391       226
2026-08-21 09:43:28 - INFO - vulnerable (1)     0.9550    0.9217    0.9381       230
2026-08-21 09:43:28 - INFO - 
2026-08-21 09:43:28 - INFO -       accuracy                         0.9386       456
2026-08-21 09:43:28 - INFO -      macro avg     0.9390    0.9387    0.9386       456
2026-08-21 09:43:28 - INFO -   weighted avg     0.9392    0.9386    0.9386       456
2026-08-21 09:43:28 - INFO - Confusion matrix - [[tn=216, fp=10], [fn=18, tp=212]]
2026-08-21 09:43:28 - INFO - probability_positive min=0.0031 mean=0.4948 std=0.4580 max=0.9969 predicted_0=234 predicted_1=222
2026-08-21 09:43:28 - INFO - [Classification Report - split=validation epoch=14 - threshold=0.50]
2026-08-21 09:43:28 - INFO -                 precision    recall  f1-score   support
2026-08-21 09:43:28 - INFO - 
2026-08-21 09:43:28 - INFO -       safe (0)     0.7841    0.8625    0.8214        80
2026-08-21 09:43:28 - INFO - vulnerable (1)     0.8281    0.7361    0.7794        72
2026-08-21 09:43:28 - INFO - 
2026-08-21 09:43:28 - INFO -       accuracy                         0.8026       152
2026-08-21 09:43:28 - INFO -      macro avg     0.8061    0.7993    0.8004       152
2026-08-21 09:43:28 - INFO -   weighted avg     0.8049    0.8026    0.8015       152
2026-08-21 09:43:28 - INFO - Confusion matrix - [[tn=69, fp=11], [fn=19, tp=53]]
2026-08-21 09:43:28 - INFO - probability_positive min=0.0020 mean=0.4461 std=0.4493 max=0.9981 predicted_0=88 predicted_1=64
2026-08-21 09:43:28 - INFO - New best model | Macro-F1: 0.800420 | Epoch: 14
2026-08-21 09:43:39 - INFO - Epoch 15/30 | Train loss: 0.127247 | Val loss: 0.728869 | LR: 2.00e-05 | Best epoch: 14 | Patience: 1 | Train: 9.83s | Validation: 1.06s | Epoch: 10.89s | Total: 167.62s
2026-08-21 09:43:39 - INFO - [Classification Report - split=train epoch=15 - threshold=0.50]
2026-08-21 09:43:39 - INFO -                 precision    recall  f1-score   support
2026-08-21 09:43:39 - INFO - 
2026-08-21 09:43:39 - INFO -       safe (0)     0.9432    0.9558    0.9495       226
2026-08-21 09:43:39 - INFO - vulnerable (1)     0.9559    0.9435    0.9497       230
2026-08-21 09:43:39 - INFO - 
2026-08-21 09:43:39 - INFO -       accuracy                         0.9496       456
2026-08-21 09:43:39 - INFO -      macro avg     0.9496    0.9496    0.9496       456
2026-08-21 09:43:39 - INFO -   weighted avg     0.9496    0.9496    0.9496       456
2026-08-21 09:43:39 - INFO - Confusion matrix - [[tn=216, fp=10], [fn=13, tp=217]]
2026-08-21 09:43:39 - INFO - probability_positive min=0.0024 mean=0.4949 std=0.4678 max=0.9976 predicted_0=229 predicted_1=227
2026-08-21 09:43:39 - INFO - [Classification Report - split=validation epoch=15 - threshold=0.50]
2026-08-21 09:43:39 - INFO -                 precision    recall  f1-score   support
2026-08-21 09:43:39 - INFO - 
2026-08-21 09:43:39 - INFO -       safe (0)     0.7347    0.9000    0.8090        80
2026-08-21 09:43:39 - INFO - vulnerable (1)     0.8519    0.6389    0.7302        72
2026-08-21 09:43:39 - INFO - 
2026-08-21 09:43:39 - INFO -       accuracy                         0.7763       152
2026-08-21 09:43:39 - INFO -      macro avg     0.7933    0.7694    0.7696       152
2026-08-21 09:43:39 - INFO -   weighted avg     0.7902    0.7763    0.7716       152
2026-08-21 09:43:39 - INFO - Confusion matrix - [[tn=72, fp=8], [fn=26, tp=46]]
2026-08-21 09:43:39 - INFO - probability_positive min=0.0017 mean=0.3716 std=0.4407 max=0.9983 predicted_0=98 predicted_1=54
2026-08-21 09:43:50 - INFO - Epoch 16/30 | Train loss: 0.100289 | Val loss: 0.849058 | LR: 2.00e-05 | Best epoch: 14 | Patience: 2 | Train: 9.83s | Validation: 1.06s | Epoch: 10.89s | Total: 178.52s
2026-08-21 09:43:50 - INFO - [Classification Report - split=train epoch=16 - threshold=0.50]
2026-08-21 09:43:50 - INFO -                 precision    recall  f1-score   support
2026-08-21 09:43:50 - INFO - 
2026-08-21 09:43:50 - INFO -       safe (0)     0.9600    0.9558    0.9579       226
2026-08-21 09:43:50 - INFO - vulnerable (1)     0.9567    0.9609    0.9588       230
2026-08-21 09:43:50 - INFO - 
2026-08-21 09:43:50 - INFO -       accuracy                         0.9583       456
2026-08-21 09:43:50 - INFO -      macro avg     0.9584    0.9583    0.9583       456
2026-08-21 09:43:50 - INFO -   weighted avg     0.9583    0.9583    0.9583       456
2026-08-21 09:43:50 - INFO - Confusion matrix - [[tn=216, fp=10], [fn=9, tp=221]]
2026-08-21 09:43:50 - INFO - probability_positive min=0.0020 mean=0.5065 std=0.4713 max=0.9984 predicted_0=225 predicted_1=231
2026-08-21 09:43:50 - INFO - [Classification Report - split=validation epoch=16 - threshold=0.50]
2026-08-21 09:43:50 - INFO -                 precision    recall  f1-score   support
2026-08-21 09:43:50 - INFO - 
2026-08-21 09:43:50 - INFO -       safe (0)     0.7604    0.9125    0.8295        80
2026-08-21 09:43:50 - INFO - vulnerable (1)     0.8750    0.6806    0.7656        72
2026-08-21 09:43:50 - INFO - 
2026-08-21 09:43:50 - INFO -       accuracy                         0.8026       152
2026-08-21 09:43:50 - INFO -      macro avg     0.8177    0.7965    0.7976       152
2026-08-21 09:43:50 - INFO -   weighted avg     0.8147    0.8026    0.7993       152
2026-08-21 09:43:50 - INFO - Confusion matrix - [[tn=73, fp=7], [fn=23, tp=49]]
2026-08-21 09:43:50 - INFO - probability_positive min=0.0014 mean=0.3587 std=0.4456 max=0.9988 predicted_0=96 predicted_1=56
2026-08-21 09:44:00 - INFO - Epoch 17/30 | Train loss: 0.093382 | Val loss: 0.893644 | LR: 2.00e-05 | Best epoch: 14 | Patience: 3 | Train: 9.83s | Validation: 1.06s | Epoch: 10.89s | Total: 189.42s
2026-08-21 09:44:00 - INFO - [Classification Report - split=train epoch=17 - threshold=0.50]
2026-08-21 09:44:00 - INFO -                 precision    recall  f1-score   support
2026-08-21 09:44:00 - INFO - 
2026-08-21 09:44:00 - INFO -       safe (0)     0.9520    0.9646    0.9582       226
2026-08-21 09:44:00 - INFO - vulnerable (1)     0.9648    0.9522    0.9584       230
2026-08-21 09:44:00 - INFO - 
2026-08-21 09:44:00 - INFO -       accuracy                         0.9583       456
2026-08-21 09:44:00 - INFO -      macro avg     0.9584    0.9584    0.9583       456
2026-08-21 09:44:00 - INFO -   weighted avg     0.9584    0.9583    0.9583       456
2026-08-21 09:44:00 - INFO - Confusion matrix - [[tn=218, fp=8], [fn=11, tp=219]]
2026-08-21 09:44:00 - INFO - probability_positive min=0.0018 mean=0.4951 std=0.4770 max=0.9983 predicted_0=229 predicted_1=227
2026-08-21 09:44:00 - INFO - [Classification Report - split=validation epoch=17 - threshold=0.50]
2026-08-21 09:44:00 - INFO -                 precision    recall  f1-score   support
2026-08-21 09:44:00 - INFO - 
2026-08-21 09:44:00 - INFO -       safe (0)     0.7327    0.9250    0.8177        80
2026-08-21 09:44:00 - INFO - vulnerable (1)     0.8824    0.6250    0.7317        72
2026-08-21 09:44:00 - INFO - 
2026-08-21 09:44:00 - INFO -       accuracy                         0.7829       152
2026-08-21 09:44:00 - INFO -      macro avg     0.8075    0.7750    0.7747       152
2026-08-21 09:44:00 - INFO -   weighted avg     0.8036    0.7829    0.7770       152
2026-08-21 09:44:00 - INFO - Confusion matrix - [[tn=74, fp=6], [fn=27, tp=45]]
2026-08-21 09:44:00 - INFO - probability_positive min=0.0012 mean=0.3305 std=0.4387 max=0.9989 predicted_0=101 predicted_1=51
2026-08-21 09:44:12 - INFO - Epoch 18/30 | Train loss: 0.102353 | Val loss: 0.639273 | LR: 2.00e-05 | Best epoch: 18 | Patience: 0 | Train: 9.83s | Validation: 1.06s | Epoch: 11.30s | Total: 200.73s
2026-08-21 09:44:12 - INFO - [Classification Report - split=train epoch=18 - threshold=0.50]
2026-08-21 09:44:12 - INFO -                 precision    recall  f1-score   support
2026-08-21 09:44:12 - INFO - 
2026-08-21 09:44:12 - INFO -       safe (0)     0.9471    0.9513    0.9492       226
2026-08-21 09:44:12 - INFO - vulnerable (1)     0.9520    0.9478    0.9499       230
2026-08-21 09:44:12 - INFO - 
2026-08-21 09:44:12 - INFO -       accuracy                         0.9496       456
2026-08-21 09:44:12 - INFO -      macro avg     0.9496    0.9496    0.9496       456
2026-08-21 09:44:12 - INFO -   weighted avg     0.9496    0.9496    0.9496       456
2026-08-21 09:44:12 - INFO - Confusion matrix - [[tn=215, fp=11], [fn=12, tp=218]]
2026-08-21 09:44:12 - INFO - probability_positive min=0.0014 mean=0.5013 std=0.4755 max=0.9987 predicted_0=227 predicted_1=229
2026-08-21 09:44:12 - INFO - [Classification Report - split=validation epoch=18 - threshold=0.50]
2026-08-21 09:44:12 - INFO -                 precision    recall  f1-score   support
2026-08-21 09:44:12 - INFO - 
2026-08-21 09:44:12 - INFO -       safe (0)     0.8072    0.8375    0.8221        80
2026-08-21 09:44:12 - INFO - vulnerable (1)     0.8116    0.7778    0.7943        72
2026-08-21 09:44:12 - INFO - 
2026-08-21 09:44:12 - INFO -       accuracy                         0.8092       152
2026-08-21 09:44:12 - INFO -      macro avg     0.8094    0.8076    0.8082       152
2026-08-21 09:44:12 - INFO -   weighted avg     0.8093    0.8092    0.8089       152
2026-08-21 09:44:12 - INFO - Confusion matrix - [[tn=67, fp=13], [fn=16, tp=56]]
2026-08-21 09:44:12 - INFO - probability_positive min=0.0012 mean=0.4550 std=0.4620 max=0.9991 predicted_0=83 predicted_1=69
2026-08-21 09:44:12 - INFO - New best model | Macro-F1: 0.808206 | Epoch: 18
2026-08-21 09:44:23 - INFO - Epoch 19/30 | Train loss: 0.067576 | Val loss: 0.765856 | LR: 2.00e-05 | Best epoch: 19 | Patience: 0 | Train: 9.83s | Validation: 1.06s | Epoch: 11.31s | Total: 212.07s
2026-08-21 09:44:23 - INFO - [Classification Report - split=train epoch=19 - threshold=0.50]
2026-08-21 09:44:23 - INFO -                 precision    recall  f1-score   support
2026-08-21 09:44:23 - INFO - 
2026-08-21 09:44:23 - INFO -       safe (0)     0.9732    0.9646    0.9689       226
2026-08-21 09:44:23 - INFO - vulnerable (1)     0.9655    0.9739    0.9697       230
2026-08-21 09:44:23 - INFO - 
2026-08-21 09:44:23 - INFO -       accuracy                         0.9693       456
2026-08-21 09:44:23 - INFO -      macro avg     0.9694    0.9693    0.9693       456
2026-08-21 09:44:23 - INFO -   weighted avg     0.9693    0.9693    0.9693       456
2026-08-21 09:44:23 - INFO - Confusion matrix - [[tn=218, fp=8], [fn=6, tp=224]]
2026-08-21 09:44:23 - INFO - probability_positive min=0.0015 mean=0.5057 std=0.4798 max=0.9987 predicted_0=224 predicted_1=232
2026-08-21 09:44:23 - INFO - [Classification Report - split=validation epoch=19 - threshold=0.50]
2026-08-21 09:44:23 - INFO -                 precision    recall  f1-score   support
2026-08-21 09:44:23 - INFO - 
2026-08-21 09:44:23 - INFO -       safe (0)     0.8023    0.8625    0.8313        80
2026-08-21 09:44:23 - INFO - vulnerable (1)     0.8333    0.7639    0.7971        72
2026-08-21 09:44:23 - INFO - 
2026-08-21 09:44:23 - INFO -       accuracy                         0.8158       152
2026-08-21 09:44:23 - INFO -      macro avg     0.8178    0.8132    0.8142       152
2026-08-21 09:44:23 - INFO -   weighted avg     0.8170    0.8158    0.8151       152
2026-08-21 09:44:23 - INFO - Confusion matrix - [[tn=69, fp=11], [fn=17, tp=55]]
2026-08-21 09:44:23 - INFO - probability_positive min=0.0009 mean=0.4350 std=0.4718 max=0.9993 predicted_0=86 predicted_1=66
2026-08-21 09:44:23 - INFO - New best model | Macro-F1: 0.814213 | Epoch: 19
2026-08-21 09:44:34 - INFO - Epoch 20/30 | Train loss: 0.057811 | Val loss: 0.797110 | LR: 2.00e-05 | Best epoch: 20 | Patience: 0 | Train: 9.83s | Validation: 1.06s | Epoch: 11.32s | Total: 223.41s
2026-08-21 09:44:34 - INFO - [Classification Report - split=train epoch=20 - threshold=0.50]
2026-08-21 09:44:34 - INFO -                 precision    recall  f1-score   support
2026-08-21 09:44:34 - INFO - 
2026-08-21 09:44:34 - INFO -       safe (0)     0.9864    0.9646    0.9754       226
2026-08-21 09:44:34 - INFO - vulnerable (1)     0.9660    0.9870    0.9763       230
2026-08-21 09:44:34 - INFO - 
2026-08-21 09:44:34 - INFO -       accuracy                         0.9759       456
2026-08-21 09:44:34 - INFO -      macro avg     0.9762    0.9758    0.9759       456
2026-08-21 09:44:34 - INFO -   weighted avg     0.9761    0.9759    0.9759       456
2026-08-21 09:44:34 - INFO - Confusion matrix - [[tn=218, fp=8], [fn=3, tp=227]]
2026-08-21 09:44:34 - INFO - probability_positive min=0.0012 mean=0.5113 std=0.4870 max=0.9990 predicted_0=221 predicted_1=235
2026-08-21 09:44:34 - INFO - [Classification Report - split=validation epoch=20 - threshold=0.50]
2026-08-21 09:44:34 - INFO -                 precision    recall  f1-score   support
2026-08-21 09:44:34 - INFO - 
2026-08-21 09:44:34 - INFO -       safe (0)     0.8202    0.9125    0.8639        80
2026-08-21 09:44:34 - INFO - vulnerable (1)     0.8889    0.7778    0.8296        72
2026-08-21 09:44:34 - INFO - 
2026-08-21 09:44:34 - INFO -       accuracy                         0.8487       152
2026-08-21 09:44:34 - INFO -      macro avg     0.8546    0.8451    0.8468       152
2026-08-21 09:44:34 - INFO -   weighted avg     0.8527    0.8487    0.8477       152
2026-08-21 09:44:34 - INFO - Confusion matrix - [[tn=73, fp=7], [fn=16, tp=56]]
2026-08-21 09:44:34 - INFO - probability_positive min=0.0008 mean=0.4138 std=0.4752 max=0.9994 predicted_0=89 predicted_1=63
2026-08-21 09:44:34 - INFO - New best model | Macro-F1: 0.846767 | Epoch: 20
2026-08-21 09:44:45 - INFO - Epoch 21/30 | Train loss: 0.077515 | Val loss: 0.886160 | LR: 2.00e-05 | Best epoch: 20 | Patience: 1 | Train: 9.83s | Validation: 1.06s | Epoch: 10.89s | Total: 234.32s
2026-08-21 09:44:45 - INFO - [Classification Report - split=train epoch=21 - threshold=0.50]
2026-08-21 09:44:45 - INFO -                 precision    recall  f1-score   support
2026-08-21 09:44:45 - INFO - 
2026-08-21 09:44:45 - INFO -       safe (0)     0.9692    0.9735    0.9713       226
2026-08-21 09:44:45 - INFO - vulnerable (1)     0.9738    0.9696    0.9717       230
2026-08-21 09:44:45 - INFO - 
2026-08-21 09:44:45 - INFO -       accuracy                         0.9715       456
2026-08-21 09:44:45 - INFO -      macro avg     0.9715    0.9715    0.9715       456
2026-08-21 09:44:45 - INFO -   weighted avg     0.9715    0.9715    0.9715       456
2026-08-21 09:44:45 - INFO - Confusion matrix - [[tn=220, fp=6], [fn=7, tp=223]]
2026-08-21 09:44:45 - INFO - probability_positive min=0.0010 mean=0.5002 std=0.4884 max=0.9990 predicted_0=227 predicted_1=229
2026-08-21 09:44:45 - INFO - [Classification Report - split=validation epoch=21 - threshold=0.50]
2026-08-21 09:44:45 - INFO -                 precision    recall  f1-score   support
2026-08-21 09:44:45 - INFO - 
2026-08-21 09:44:45 - INFO -       safe (0)     0.7660    0.9000    0.8276        80
2026-08-21 09:44:45 - INFO - vulnerable (1)     0.8621    0.6944    0.7692        72
2026-08-21 09:44:45 - INFO - 
2026-08-21 09:44:45 - INFO -       accuracy                         0.8026       152
2026-08-21 09:44:45 - INFO -      macro avg     0.8140    0.7972    0.7984       152
2026-08-21 09:44:45 - INFO -   weighted avg     0.8115    0.8026    0.7999       152
2026-08-21 09:44:45 - INFO - Confusion matrix - [[tn=72, fp=8], [fn=22, tp=50]]
2026-08-21 09:44:45 - INFO - probability_positive min=0.0007 mean=0.3848 std=0.4687 max=0.9994 predicted_0=94 predicted_1=58
2026-08-21 09:44:56 - INFO - Epoch 22/30 | Train loss: 0.043023 | Val loss: 0.938663 | LR: 2.00e-05 | Best epoch: 20 | Patience: 2 | Train: 9.83s | Validation: 1.06s | Epoch: 10.89s | Total: 245.22s
2026-08-21 09:44:56 - INFO - [Classification Report - split=train epoch=22 - threshold=0.50]
2026-08-21 09:44:56 - INFO -                 precision    recall  f1-score   support
2026-08-21 09:44:56 - INFO - 
2026-08-21 09:44:56 - INFO -       safe (0)     0.9910    0.9779    0.9844       226
2026-08-21 09:44:56 - INFO - vulnerable (1)     0.9785    0.9913    0.9849       230
2026-08-21 09:44:56 - INFO - 
2026-08-21 09:44:56 - INFO -       accuracy                         0.9846       456
2026-08-21 09:44:56 - INFO -      macro avg     0.9848    0.9846    0.9846       456
2026-08-21 09:44:56 - INFO -   weighted avg     0.9847    0.9846    0.9846       456
2026-08-21 09:44:56 - INFO - Confusion matrix - [[tn=221, fp=5], [fn=2, tp=228]]
2026-08-21 09:44:56 - INFO - probability_positive min=0.0009 mean=0.5079 std=0.4889 max=0.9991 predicted_0=223 predicted_1=233
2026-08-21 09:44:56 - INFO - [Classification Report - split=validation epoch=22 - threshold=0.50]
2026-08-21 09:44:56 - INFO -                 precision    recall  f1-score   support
2026-08-21 09:44:56 - INFO - 
2026-08-21 09:44:56 - INFO -       safe (0)     0.7766    0.9125    0.8391        80
2026-08-21 09:44:56 - INFO - vulnerable (1)     0.8793    0.7083    0.7846        72
2026-08-21 09:44:56 - INFO - 
2026-08-21 09:44:56 - INFO -       accuracy                         0.8158       152
2026-08-21 09:44:56 - INFO -      macro avg     0.8280    0.8104    0.8118       152
2026-08-21 09:44:56 - INFO -   weighted avg     0.8253    0.8158    0.8133       152
2026-08-21 09:44:56 - INFO - Confusion matrix - [[tn=73, fp=7], [fn=21, tp=51]]
2026-08-21 09:44:56 - INFO - probability_positive min=0.0006 mean=0.3924 std=0.4706 max=0.9994 predicted_0=94 predicted_1=58
2026-08-21 09:45:07 - INFO - Epoch 23/30 | Train loss: 0.029440 | Val loss: 0.920930 | LR: 2.00e-05 | Best epoch: 20 | Patience: 3 | Train: 9.83s | Validation: 1.06s | Epoch: 10.89s | Total: 256.12s
2026-08-21 09:45:07 - INFO - [Classification Report - split=train epoch=23 - threshold=0.50]
2026-08-21 09:45:07 - INFO -                 precision    recall  f1-score   support
2026-08-21 09:45:07 - INFO - 
2026-08-21 09:45:07 - INFO -       safe (0)     0.9866    0.9779    0.9822       226
2026-08-21 09:45:07 - INFO - vulnerable (1)     0.9784    0.9870    0.9827       230
2026-08-21 09:45:07 - INFO - 
2026-08-21 09:45:07 - INFO -       accuracy                         0.9825       456
2026-08-21 09:45:07 - INFO -      macro avg     0.9825    0.9824    0.9825       456
2026-08-21 09:45:07 - INFO -   weighted avg     0.9825    0.9825    0.9825       456
2026-08-21 09:45:07 - INFO - Confusion matrix - [[tn=221, fp=5], [fn=3, tp=227]]
2026-08-21 09:45:07 - INFO - probability_positive min=0.0008 mean=0.5026 std=0.4912 max=0.9992 predicted_0=224 predicted_1=232
2026-08-21 09:45:07 - INFO - [Classification Report - split=validation epoch=23 - threshold=0.50]
2026-08-21 09:45:07 - INFO -                 precision    recall  f1-score   support
2026-08-21 09:45:07 - INFO - 
2026-08-21 09:45:07 - INFO -       safe (0)     0.7931    0.8625    0.8263        80
2026-08-21 09:45:07 - INFO - vulnerable (1)     0.8308    0.7500    0.7883        72
2026-08-21 09:45:07 - INFO - 
2026-08-21 09:45:07 - INFO -       accuracy                         0.8092       152
2026-08-21 09:45:07 - INFO -      macro avg     0.8119    0.8063    0.8073       152
2026-08-21 09:45:07 - INFO -   weighted avg     0.8109    0.8092    0.8083       152
2026-08-21 09:45:07 - INFO - Confusion matrix - [[tn=69, fp=11], [fn=18, tp=54]]
2026-08-21 09:45:07 - INFO - probability_positive min=0.0006 mean=0.4339 std=0.4791 max=0.9995 predicted_0=87 predicted_1=65
2026-08-21 09:45:18 - INFO - Epoch 24/30 | Train loss: 0.028590 | Val loss: 0.954268 | LR: 2.00e-05 | Best epoch: 20 | Patience: 4 | Train: 9.83s | Validation: 1.06s | Epoch: 10.89s | Total: 267.02s
2026-08-21 09:45:18 - INFO - [Classification Report - split=train epoch=24 - threshold=0.50]
2026-08-21 09:45:18 - INFO -                 precision    recall  f1-score   support
2026-08-21 09:45:18 - INFO - 
2026-08-21 09:45:18 - INFO -       safe (0)     0.9868    0.9956    0.9912       226
2026-08-21 09:45:18 - INFO - vulnerable (1)     0.9956    0.9870    0.9913       230
2026-08-21 09:45:18 - INFO - 
2026-08-21 09:45:18 - INFO -       accuracy                         0.9912       456
2026-08-21 09:45:18 - INFO -      macro avg     0.9912    0.9913    0.9912       456
2026-08-21 09:45:18 - INFO -   weighted avg     0.9913    0.9912    0.9912       456
2026-08-21 09:45:18 - INFO - Confusion matrix - [[tn=225, fp=1], [fn=3, tp=227]]
2026-08-21 09:45:18 - INFO - probability_positive min=0.0007 mean=0.5017 std=0.4945 max=0.9993 predicted_0=228 predicted_1=228
2026-08-21 09:45:18 - INFO - [Classification Report - split=validation epoch=24 - threshold=0.50]
2026-08-21 09:45:18 - INFO -                 precision    recall  f1-score   support
2026-08-21 09:45:18 - INFO - 
2026-08-21 09:45:18 - INFO -       safe (0)     0.8068    0.8875    0.8452        80
2026-08-21 09:45:18 - INFO - vulnerable (1)     0.8594    0.7639    0.8088        72
2026-08-21 09:45:18 - INFO - 
2026-08-21 09:45:18 - INFO -       accuracy                         0.8289       152
2026-08-21 09:45:18 - INFO -      macro avg     0.8331    0.8257    0.8270       152
2026-08-21 09:45:18 - INFO -   weighted avg     0.8317    0.8289    0.8280       152
2026-08-21 09:45:18 - INFO - Confusion matrix - [[tn=71, fp=9], [fn=17, tp=55]]
2026-08-21 09:45:18 - INFO - probability_positive min=0.0005 mean=0.4205 std=0.4760 max=0.9995 predicted_0=88 predicted_1=64
2026-08-21 09:45:29 - INFO - Epoch 25/30 | Train loss: 0.012295 | Val loss: 1.006409 | LR: 2.00e-05 | Best epoch: 20 | Patience: 5 | Train: 9.83s | Validation: 1.06s | Epoch: 10.89s | Total: 277.91s
2026-08-21 09:45:29 - INFO - [Classification Report - split=train epoch=25 - threshold=0.50]
2026-08-21 09:45:29 - INFO -                 precision    recall  f1-score   support
2026-08-21 09:45:29 - INFO - 
2026-08-21 09:45:29 - INFO -       safe (0)     0.9956    0.9956    0.9956       226
2026-08-21 09:45:29 - INFO - vulnerable (1)     0.9957    0.9957    0.9957       230
2026-08-21 09:45:29 - INFO - 
2026-08-21 09:45:29 - INFO -       accuracy                         0.9956       456
2026-08-21 09:45:29 - INFO -      macro avg     0.9956    0.9956    0.9956       456
2026-08-21 09:45:29 - INFO -   weighted avg     0.9956    0.9956    0.9956       456
2026-08-21 09:45:29 - INFO - Confusion matrix - [[tn=225, fp=1], [fn=1, tp=229]]
2026-08-21 09:45:29 - INFO - probability_positive min=0.0007 mean=0.5049 std=0.4954 max=0.9995 predicted_0=226 predicted_1=230
2026-08-21 09:45:29 - INFO - [Classification Report - split=validation epoch=25 - threshold=0.50]
2026-08-21 09:45:29 - INFO -                 precision    recall  f1-score   support
2026-08-21 09:45:29 - INFO - 
2026-08-21 09:45:29 - INFO -       safe (0)     0.8250    0.8250    0.8250        80
2026-08-21 09:45:29 - INFO - vulnerable (1)     0.8056    0.8056    0.8056        72
2026-08-21 09:45:29 - INFO - 
2026-08-21 09:45:29 - INFO -       accuracy                         0.8158       152
2026-08-21 09:45:29 - INFO -      macro avg     0.8153    0.8153    0.8153       152
2026-08-21 09:45:29 - INFO -   weighted avg     0.8158    0.8158    0.8158       152
2026-08-21 09:45:29 - INFO - Confusion matrix - [[tn=66, fp=14], [fn=14, tp=58]]
2026-08-21 09:45:29 - INFO - probability_positive min=0.0004 mean=0.4665 std=0.4844 max=0.9996 predicted_0=80 predicted_1=72
2026-08-21 09:45:29 - INFO - Early stopping | Epoch: 25 | Best epoch: 20
2026-08-21 09:45:29 - INFO - Best checkpoint saved | Path: model/t5base_mean_codet5m/baseline/seed_42/fold2/best.pt | Epoch: 20 | Val macro_f1: 0.846767
2026-08-21 09:45:29 - INFO - Training finished | Elapsed: 277.92s
2026-08-21 09:45:29 - INFO - Run finished | Phase: baseline_train | Fold: 2 | Seed: 42 | Elapsed: 280.43s
