2026-08-22 10:40:57 - INFO - Using device: cuda
2026-08-22 10:40:57 - INFO - Run started | Run: emb1_emb | Method: baseline | Phase: baseline_infer | Fold: 2 | Seed: 42 | Device: cuda
2026-08-22 10:40:58 - INFO - Loading Python validation data: data/sven_python_folds_norm/fold2/val.jsonl
2026-08-22 10:40:58 - INFO - Loading Python test data: data/sven_python_folds_norm/fold2/test.jsonl
2026-08-22 10:40:58 - INFO - Data split: python_val | Total: 152 | Labels: {0: 80, 1: 72} | CWEs: {'CWE-022': 15, 'CWE-078': 38, 'CWE-079': 20, 'CWE-089': 79} | Languages: {'python': 152} | Invalid CWE: 0
2026-08-22 10:40:58 - INFO - Data split: python_test | Total: 152 | Labels: {0: 74, 1: 78} | CWEs: {'CWE-022': 8, 'CWE-078': 42, 'CWE-079': 19, 'CWE-089': 83} | Languages: {'python': 152} | Invalid CWE: 0
2026-08-22 10:41:00 - INFO - Environment: {"components": {"backbone": {"frozen": 0, "total": 109609344, "trainable": 109609344}, "vul_head": {"frozen": 0, "total": 1538, "trainable": 1538}}, "cuda": "12.8", "fold": 2, "frozen_parameters": 0, "gpu": "NVIDIA GeForce RTX 5070 Ti", "hyperparameters": {"batch_size": 16, "checkpoint_path": "model/emb1_emb/baseline/seed_42/fold2/best.pt", "data_root": "data/sven_python_folds_norm", "epochs": 10, "eval_batch_size": 16, "fold": 2, "learning_rate": 2e-05, "max_eval_samples": null, "max_grad_norm": 1.0, "max_length": 512, "max_train_samples": null, "method_name": "baseline", "min_epochs": 3, "model_name": "Salesforce/codet5p-110m-embedding", "num_workers": 0, "patience": 5, "phase": "infer", "pooling": "mean", "result_path": "results/emb1_emb/baseline/seed_42/fold2.json", "run_name": "emb1_emb", "seed": 42, "target_lang": "python", "test_path": null, "train_path": null, "truncation_strategy": "head_middle_tail", "val_path": null, "weight_decay": 0.01}, "mode": "baseline_inference_no_optimizer", "model_name": "Salesforce/codet5p-110m-embedding", "seed": 42, "sklearn": "1.9.0", "torch": "2.11.0+cu128", "trainable_parameters": 109610882, "transformers": "4.57.1"}
2026-08-22 10:41:02 - INFO - Evaluation time | Split: validation+threshold | Seconds: 1.53
2026-08-22 10:41:02 - INFO - [Classification Report - split=validation - threshold=0.50]
2026-08-22 10:41:02 - INFO -                 precision    recall  f1-score   support
2026-08-22 10:41:02 - INFO - 
2026-08-22 10:41:02 - INFO -       safe (0)     0.8701    0.8375    0.8535        80
2026-08-22 10:41:02 - INFO - vulnerable (1)     0.8267    0.8611    0.8435        72
2026-08-22 10:41:02 - INFO - 
2026-08-22 10:41:02 - INFO -       accuracy                         0.8487       152
2026-08-22 10:41:02 - INFO -      macro avg     0.8484    0.8493    0.8485       152
2026-08-22 10:41:02 - INFO -   weighted avg     0.8495    0.8487    0.8488       152
2026-08-22 10:41:02 - INFO - Confusion matrix - [[tn=67, fp=13], [fn=10, tp=62]]
2026-08-22 10:41:02 - INFO - probability_positive min=0.0004 mean=0.4907 std=0.4923 max=0.9996 predicted_0=77 predicted_1=75
2026-08-22 10:41:02 - INFO - [Classification Report - split=validation_calibrated - threshold=0.17]
2026-08-22 10:41:02 - INFO -                 precision    recall  f1-score   support
2026-08-22 10:41:02 - INFO - 
2026-08-22 10:41:02 - INFO -       safe (0)     0.8701    0.8375    0.8535        80
2026-08-22 10:41:02 - INFO - vulnerable (1)     0.8267    0.8611    0.8435        72
2026-08-22 10:41:02 - INFO - 
2026-08-22 10:41:02 - INFO -       accuracy                         0.8487       152
2026-08-22 10:41:02 - INFO -      macro avg     0.8484    0.8493    0.8485       152
2026-08-22 10:41:02 - INFO -   weighted avg     0.8495    0.8487    0.8488       152
2026-08-22 10:41:02 - INFO - Confusion matrix - [[tn=67, fp=13], [fn=10, tp=62]]
2026-08-22 10:41:02 - INFO - probability_positive min=0.0004 mean=0.4907 std=0.4923 max=0.9996 predicted_0=77 predicted_1=75
2026-08-22 10:41:03 - INFO - Evaluation time | Split: test | Seconds: 0.96
2026-08-22 10:41:03 - INFO - [Classification Report - split=test - threshold=0.50]
2026-08-22 10:41:03 - INFO -                 precision    recall  f1-score   support
2026-08-22 10:41:03 - INFO - 
2026-08-22 10:41:03 - INFO -       safe (0)     0.8472    0.8243    0.8356        74
2026-08-22 10:41:03 - INFO - vulnerable (1)     0.8375    0.8590    0.8481        78
2026-08-22 10:41:03 - INFO - 
2026-08-22 10:41:03 - INFO -       accuracy                         0.8421       152
2026-08-22 10:41:03 - INFO -      macro avg     0.8424    0.8416    0.8419       152
2026-08-22 10:41:03 - INFO -   weighted avg     0.8422    0.8421    0.8420       152
2026-08-22 10:41:03 - INFO - Confusion matrix - [[tn=61, fp=13], [fn=11, tp=67]]
2026-08-22 10:41:03 - INFO - probability_positive min=0.0004 mean=0.5252 std=0.4937 max=0.9996 predicted_0=72 predicted_1=80
2026-08-22 10:41:03 - INFO - [Classification Report - split=test_valcal - threshold=0.17]
2026-08-22 10:41:03 - INFO -                 precision    recall  f1-score   support
2026-08-22 10:41:03 - INFO - 
2026-08-22 10:41:03 - INFO -       safe (0)     0.8451    0.8108    0.8276        74
2026-08-22 10:41:03 - INFO - vulnerable (1)     0.8272    0.8590    0.8428        78
2026-08-22 10:41:03 - INFO - 
2026-08-22 10:41:03 - INFO -       accuracy                         0.8355       152
2026-08-22 10:41:03 - INFO -      macro avg     0.8361    0.8349    0.8352       152
2026-08-22 10:41:03 - INFO -   weighted avg     0.8359    0.8355    0.8354       152
2026-08-22 10:41:03 - INFO - Confusion matrix - [[tn=60, fp=14], [fn=11, tp=67]]
2026-08-22 10:41:03 - INFO - probability_positive min=0.0004 mean=0.5252 std=0.4937 max=0.9996 predicted_0=71 predicted_1=81
2026-08-22 10:41:03 - INFO - [Classification Report - split=test_at_0.5_CWE-022 - threshold=0.50]
2026-08-22 10:41:03 - INFO -                 precision    recall  f1-score   support
2026-08-22 10:41:03 - INFO - 
2026-08-22 10:41:03 - INFO -       safe (0)     0.2000    0.2500    0.2222         4
2026-08-22 10:41:03 - INFO - vulnerable (1)     0.0000    0.0000    0.0000         4
2026-08-22 10:41:03 - INFO - 
2026-08-22 10:41:03 - INFO -       accuracy                         0.1250         8
2026-08-22 10:41:03 - INFO -      macro avg     0.1000    0.1250    0.1111         8
2026-08-22 10:41:03 - INFO -   weighted avg     0.1000    0.1250    0.1111         8
2026-08-22 10:41:03 - INFO - Confusion matrix - [[tn=1, fp=3], [fn=4, tp=0]]
2026-08-22 10:41:03 - INFO - probability_positive min=0.0005 mean=0.3931 std=0.4716 max=0.9995 predicted_0=5 predicted_1=3
2026-08-22 10:41:03 - INFO - [Classification Report - split=test_at_0.5_CWE-078 - threshold=0.50]
2026-08-22 10:41:03 - INFO -                 precision    recall  f1-score   support
2026-08-22 10:41:03 - INFO - 
2026-08-22 10:41:03 - INFO -       safe (0)     0.8095    0.8500    0.8293        20
2026-08-22 10:41:03 - INFO - vulnerable (1)     0.8571    0.8182    0.8372        22
2026-08-22 10:41:03 - INFO - 
2026-08-22 10:41:03 - INFO -       accuracy                         0.8333        42
2026-08-22 10:41:03 - INFO -      macro avg     0.8333    0.8341    0.8332        42
2026-08-22 10:41:03 - INFO -   weighted avg     0.8345    0.8333    0.8334        42
2026-08-22 10:41:03 - INFO - Confusion matrix - [[tn=17, fp=3], [fn=4, tp=18]]
2026-08-22 10:41:03 - INFO - probability_positive min=0.0004 mean=0.4984 std=0.4977 max=0.9996 predicted_0=21 predicted_1=21
2026-08-22 10:41:03 - INFO - [Classification Report - split=test_at_0.5_CWE-079 - threshold=0.50]
2026-08-22 10:41:03 - INFO -                 precision    recall  f1-score   support
2026-08-22 10:41:03 - INFO - 
2026-08-22 10:41:03 - INFO -       safe (0)     0.7500    0.6667    0.7059         9
2026-08-22 10:41:03 - INFO - vulnerable (1)     0.7273    0.8000    0.7619        10
2026-08-22 10:41:03 - INFO - 
2026-08-22 10:41:03 - INFO -       accuracy                         0.7368        19
2026-08-22 10:41:03 - INFO -      macro avg     0.7386    0.7333    0.7339        19
2026-08-22 10:41:03 - INFO -   weighted avg     0.7380    0.7368    0.7354        19
2026-08-22 10:41:03 - INFO - Confusion matrix - [[tn=6, fp=3], [fn=2, tp=8]]
2026-08-22 10:41:03 - INFO - probability_positive min=0.0006 mean=0.5561 std=0.4774 max=0.9995 predicted_0=8 predicted_1=11
2026-08-22 10:41:03 - INFO - [Classification Report - split=test_at_0.5_CWE-089 - threshold=0.50]
2026-08-22 10:41:03 - INFO -                 precision    recall  f1-score   support
2026-08-22 10:41:03 - INFO - 
2026-08-22 10:41:03 - INFO -       safe (0)     0.9737    0.9024    0.9367        41
2026-08-22 10:41:03 - INFO - vulnerable (1)     0.9111    0.9762    0.9425        42
2026-08-22 10:41:03 - INFO - 
2026-08-22 10:41:03 - INFO -       accuracy                         0.9398        83
2026-08-22 10:41:03 - INFO -      macro avg     0.9424    0.9393    0.9396        83
2026-08-22 10:41:03 - INFO -   weighted avg     0.9420    0.9398    0.9397        83
2026-08-22 10:41:03 - INFO - Confusion matrix - [[tn=37, fp=4], [fn=1, tp=41]]
2026-08-22 10:41:03 - INFO - probability_positive min=0.0004 mean=0.5445 std=0.4947 max=0.9996 predicted_0=38 predicted_1=45
2026-08-22 10:41:03 - INFO - [Classification Report - split=test_at_valcal_CWE-022 - threshold=0.17]
2026-08-22 10:41:03 - INFO -                 precision    recall  f1-score   support
2026-08-22 10:41:03 - INFO - 
2026-08-22 10:41:03 - INFO -       safe (0)     0.2000    0.2500    0.2222         4
2026-08-22 10:41:03 - INFO - vulnerable (1)     0.0000    0.0000    0.0000         4
2026-08-22 10:41:03 - INFO - 
2026-08-22 10:41:03 - INFO -       accuracy                         0.1250         8
2026-08-22 10:41:03 - INFO -      macro avg     0.1000    0.1250    0.1111         8
2026-08-22 10:41:03 - INFO -   weighted avg     0.1000    0.1250    0.1111         8
2026-08-22 10:41:03 - INFO - Confusion matrix - [[tn=1, fp=3], [fn=4, tp=0]]
2026-08-22 10:41:03 - INFO - probability_positive min=0.0005 mean=0.3931 std=0.4716 max=0.9995 predicted_0=5 predicted_1=3
2026-08-22 10:41:03 - INFO - [Classification Report - split=test_at_valcal_CWE-078 - threshold=0.17]
2026-08-22 10:41:03 - INFO -                 precision    recall  f1-score   support
2026-08-22 10:41:03 - INFO - 
2026-08-22 10:41:03 - INFO -       safe (0)     0.8095    0.8500    0.8293        20
2026-08-22 10:41:03 - INFO - vulnerable (1)     0.8571    0.8182    0.8372        22
2026-08-22 10:41:03 - INFO - 
2026-08-22 10:41:03 - INFO -       accuracy                         0.8333        42
2026-08-22 10:41:03 - INFO -      macro avg     0.8333    0.8341    0.8332        42
2026-08-22 10:41:03 - INFO -   weighted avg     0.8345    0.8333    0.8334        42
2026-08-22 10:41:03 - INFO - Confusion matrix - [[tn=17, fp=3], [fn=4, tp=18]]
2026-08-22 10:41:03 - INFO - probability_positive min=0.0004 mean=0.4984 std=0.4977 max=0.9996 predicted_0=21 predicted_1=21
2026-08-22 10:41:03 - INFO - [Classification Report - split=test_at_valcal_CWE-079 - threshold=0.17]
2026-08-22 10:41:03 - INFO -                 precision    recall  f1-score   support
2026-08-22 10:41:03 - INFO - 
2026-08-22 10:41:03 - INFO -       safe (0)     0.7500    0.6667    0.7059         9
2026-08-22 10:41:03 - INFO - vulnerable (1)     0.7273    0.8000    0.7619        10
2026-08-22 10:41:03 - INFO - 
2026-08-22 10:41:03 - INFO -       accuracy                         0.7368        19
2026-08-22 10:41:03 - INFO -      macro avg     0.7386    0.7333    0.7339        19
2026-08-22 10:41:03 - INFO -   weighted avg     0.7380    0.7368    0.7354        19
2026-08-22 10:41:03 - INFO - Confusion matrix - [[tn=6, fp=3], [fn=2, tp=8]]
2026-08-22 10:41:03 - INFO - probability_positive min=0.0006 mean=0.5561 std=0.4774 max=0.9995 predicted_0=8 predicted_1=11
2026-08-22 10:41:03 - INFO - [Classification Report - split=test_at_valcal_CWE-089 - threshold=0.17]
2026-08-22 10:41:03 - INFO -                 precision    recall  f1-score   support
2026-08-22 10:41:03 - INFO - 
2026-08-22 10:41:03 - INFO -       safe (0)     0.9730    0.8780    0.9231        41
2026-08-22 10:41:03 - INFO - vulnerable (1)     0.8913    0.9762    0.9318        42
2026-08-22 10:41:03 - INFO - 
2026-08-22 10:41:03 - INFO -       accuracy                         0.9277        83
2026-08-22 10:41:03 - INFO -      macro avg     0.9321    0.9271    0.9274        83
2026-08-22 10:41:03 - INFO -   weighted avg     0.9316    0.9277    0.9275        83
2026-08-22 10:41:03 - INFO - Confusion matrix - [[tn=36, fp=5], [fn=1, tp=41]]
2026-08-22 10:41:03 - INFO - probability_positive min=0.0004 mean=0.5445 std=0.4947 max=0.9996 predicted_0=37 predicted_1=46
2026-08-22 10:41:03 - INFO - Baseline inference result saved: results/emb1_emb/baseline/seed_42/fold2.json
2026-08-22 10:41:03 - INFO - Run finished | Phase: baseline_infer | Fold: 2 | Seed: 42 | Elapsed: 5.23s
