2026-08-21 11:31:10 - INFO - Using device: cuda
2026-08-21 11:31:10 - INFO - Run started | Run: unix_unixcoder | Method: baseline | Phase: baseline_infer | Fold: 2 | Seed: 42 | Device: cuda
2026-08-21 11:31:11 - INFO - Loading Python validation data: data/sven_python_folds_norm/fold2/val.jsonl
2026-08-21 11:31:11 - INFO - Loading Python test data: data/sven_python_folds_norm/fold2/test.jsonl
2026-08-21 11:31:11 - INFO - Data split: python_val | Total: 152 | Labels: {0: 80, 1: 72} | CWEs: {'CWE-022': 15, 'CWE-078': 38, 'CWE-079': 20, 'CWE-089': 79} | Languages: {'python': 152} | Invalid CWE: 0
2026-08-21 11:31:11 - INFO - Data split: python_test | Total: 152 | Labels: {0: 74, 1: 78} | CWEs: {'CWE-022': 8, 'CWE-078': 42, 'CWE-079': 19, 'CWE-089': 83} | Languages: {'python': 152} | Invalid CWE: 0
2026-08-21 11:31:12 - INFO - Environment: {"components": {"backbone": {"frozen": 0, "total": 125929728, "trainable": 125929728}, "vul_head": {"frozen": 0, "total": 1538, "trainable": 1538}}, "cuda": "12.8", "fold": 2, "frozen_parameters": 0, "gpu": "NVIDIA GeForce RTX 4070 Ti SUPER", "hyperparameters": {"batch_size": 16, "checkpoint_path": "model/unix_unixcoder/baseline/seed_42/fold2/best.pt", "data_root": "data/sven_python_folds_norm", "epochs": 10, "eval_batch_size": 16, "fold": 2, "learning_rate": 2e-05, "max_eval_samples": null, "max_grad_norm": 1.0, "max_length": 512, "max_train_samples": null, "method_name": "baseline", "min_epochs": 3, "model_name": "microsoft/unixcoder-base", "num_workers": 0, "patience": 5, "phase": "infer", "pooling": "cls", "result_path": "results/unix_unixcoder/baseline/seed_42/fold2.json", "run_name": "unix_unixcoder", "seed": 42, "target_lang": "python", "test_path": null, "train_path": null, "truncation_strategy": "head_middle_tail", "val_path": null, "weight_decay": 0.01}, "mode": "baseline_inference_no_optimizer", "model_name": "microsoft/unixcoder-base", "seed": 42, "sklearn": "1.7.2", "torch": "2.11.0+cu128", "trainable_parameters": 125931266, "transformers": "4.57.1"}
2026-08-21 11:31:14 - INFO - Evaluation time | Split: validation+threshold | Seconds: 1.53
2026-08-21 11:31:14 - INFO - [Classification Report - split=validation - threshold=0.50]
2026-08-21 11:31:14 - INFO -                 precision    recall  f1-score   support
2026-08-21 11:31:14 - INFO - 
2026-08-21 11:31:14 - INFO -       safe (0)     0.8846    0.8625    0.8734        80
2026-08-21 11:31:14 - INFO - vulnerable (1)     0.8514    0.8750    0.8630        72
2026-08-21 11:31:14 - INFO - 
2026-08-21 11:31:14 - INFO -       accuracy                         0.8684       152
2026-08-21 11:31:14 - INFO -      macro avg     0.8680    0.8688    0.8682       152
2026-08-21 11:31:14 - INFO -   weighted avg     0.8689    0.8684    0.8685       152
2026-08-21 11:31:14 - INFO - Confusion matrix - [[tn=69, fp=11], [fn=9, tp=63]]
2026-08-21 11:31:14 - INFO - probability_positive min=0.0000 mean=0.4816 std=0.4909 max=1.0000 predicted_0=78 predicted_1=74
2026-08-21 11:31:14 - INFO - [Classification Report - split=validation_calibrated - threshold=0.05]
2026-08-21 11:31:14 - INFO -                 precision    recall  f1-score   support
2026-08-21 11:31:14 - INFO - 
2026-08-21 11:31:14 - INFO -       safe (0)     0.9067    0.8500    0.8774        80
2026-08-21 11:31:14 - INFO - vulnerable (1)     0.8442    0.9028    0.8725        72
2026-08-21 11:31:14 - INFO - 
2026-08-21 11:31:14 - INFO -       accuracy                         0.8750       152
2026-08-21 11:31:14 - INFO -      macro avg     0.8754    0.8764    0.8750       152
2026-08-21 11:31:14 - INFO -   weighted avg     0.8771    0.8750    0.8751       152
2026-08-21 11:31:14 - INFO - Confusion matrix - [[tn=68, fp=12], [fn=7, tp=65]]
2026-08-21 11:31:14 - INFO - probability_positive min=0.0000 mean=0.4816 std=0.4909 max=1.0000 predicted_0=75 predicted_1=77
2026-08-21 11:31:15 - INFO - Evaluation time | Split: test | Seconds: 0.84
2026-08-21 11:31:15 - INFO - [Classification Report - split=test - threshold=0.50]
2026-08-21 11:31:15 - INFO -                 precision    recall  f1-score   support
2026-08-21 11:31:15 - INFO - 
2026-08-21 11:31:15 - INFO -       safe (0)     0.8514    0.8514    0.8514        74
2026-08-21 11:31:15 - INFO - vulnerable (1)     0.8590    0.8590    0.8590        78
2026-08-21 11:31:15 - INFO - 
2026-08-21 11:31:15 - INFO -       accuracy                         0.8553       152
2026-08-21 11:31:15 - INFO -      macro avg     0.8552    0.8552    0.8552       152
2026-08-21 11:31:15 - INFO -   weighted avg     0.8553    0.8553    0.8553       152
2026-08-21 11:31:15 - INFO - Confusion matrix - [[tn=63, fp=11], [fn=11, tp=67]]
2026-08-21 11:31:15 - INFO - probability_positive min=0.0000 mean=0.5084 std=0.4948 max=1.0000 predicted_0=74 predicted_1=78
2026-08-21 11:31:15 - INFO - [Classification Report - split=test_valcal - threshold=0.05]
2026-08-21 11:31:15 - INFO -                 precision    recall  f1-score   support
2026-08-21 11:31:15 - INFO - 
2026-08-21 11:31:15 - INFO -       safe (0)     0.8493    0.8378    0.8435        74
2026-08-21 11:31:15 - INFO - vulnerable (1)     0.8481    0.8590    0.8535        78
2026-08-21 11:31:15 - INFO - 
2026-08-21 11:31:15 - INFO -       accuracy                         0.8487       152
2026-08-21 11:31:15 - INFO -      macro avg     0.8487    0.8484    0.8485       152
2026-08-21 11:31:15 - INFO -   weighted avg     0.8487    0.8487    0.8487       152
2026-08-21 11:31:15 - INFO - Confusion matrix - [[tn=62, fp=12], [fn=11, tp=67]]
2026-08-21 11:31:15 - INFO - probability_positive min=0.0000 mean=0.5084 std=0.4948 max=1.0000 predicted_0=73 predicted_1=79
2026-08-21 11:31:15 - INFO - [Classification Report - split=test_at_0.5_CWE-022 - threshold=0.50]
2026-08-21 11:31:15 - INFO -                 precision    recall  f1-score   support
2026-08-21 11:31:15 - INFO - 
2026-08-21 11:31:15 - INFO -       safe (0)     0.2500    0.2500    0.2500         4
2026-08-21 11:31:15 - INFO - vulnerable (1)     0.2500    0.2500    0.2500         4
2026-08-21 11:31:15 - INFO - 
2026-08-21 11:31:15 - INFO -       accuracy                         0.2500         8
2026-08-21 11:31:15 - INFO -      macro avg     0.2500    0.2500    0.2500         8
2026-08-21 11:31:15 - INFO -   weighted avg     0.2500    0.2500    0.2500         8
2026-08-21 11:31:15 - INFO - Confusion matrix - [[tn=1, fp=3], [fn=3, tp=1]]
2026-08-21 11:31:15 - INFO - probability_positive min=0.0000 mean=0.5015 std=0.4979 max=1.0000 predicted_0=4 predicted_1=4
2026-08-21 11:31:15 - INFO - [Classification Report - split=test_at_0.5_CWE-078 - threshold=0.50]
2026-08-21 11:31:15 - INFO -                 precision    recall  f1-score   support
2026-08-21 11:31:15 - INFO - 
2026-08-21 11:31:15 - INFO -       safe (0)     0.8095    0.8500    0.8293        20
2026-08-21 11:31:15 - INFO - vulnerable (1)     0.8571    0.8182    0.8372        22
2026-08-21 11:31:15 - INFO - 
2026-08-21 11:31:15 - INFO -       accuracy                         0.8333        42
2026-08-21 11:31:15 - INFO -      macro avg     0.8333    0.8341    0.8332        42
2026-08-21 11:31:15 - INFO -   weighted avg     0.8345    0.8333    0.8334        42
2026-08-21 11:31:15 - INFO - Confusion matrix - [[tn=17, fp=3], [fn=4, tp=18]]
2026-08-21 11:31:15 - INFO - probability_positive min=0.0000 mean=0.5002 std=0.4998 max=1.0000 predicted_0=21 predicted_1=21
2026-08-21 11:31:15 - INFO - [Classification Report - split=test_at_0.5_CWE-079 - threshold=0.50]
2026-08-21 11:31:15 - INFO -                 precision    recall  f1-score   support
2026-08-21 11:31:15 - INFO - 
2026-08-21 11:31:15 - INFO -       safe (0)     0.6667    0.6667    0.6667         9
2026-08-21 11:31:15 - INFO - vulnerable (1)     0.7000    0.7000    0.7000        10
2026-08-21 11:31:15 - INFO - 
2026-08-21 11:31:15 - INFO -       accuracy                         0.6842        19
2026-08-21 11:31:15 - INFO -      macro avg     0.6833    0.6833    0.6833        19
2026-08-21 11:31:15 - INFO -   weighted avg     0.6842    0.6842    0.6842        19
2026-08-21 11:31:15 - INFO - Confusion matrix - [[tn=6, fp=3], [fn=3, tp=7]]
2026-08-21 11:31:15 - INFO - probability_positive min=0.0000 mean=0.4869 std=0.4587 max=1.0000 predicted_0=9 predicted_1=10
2026-08-21 11:31:15 - INFO - [Classification Report - split=test_at_0.5_CWE-089 - threshold=0.50]
2026-08-21 11:31:15 - INFO -                 precision    recall  f1-score   support
2026-08-21 11:31:15 - INFO - 
2026-08-21 11:31:15 - INFO -       safe (0)     0.9750    0.9512    0.9630        41
2026-08-21 11:31:15 - INFO - vulnerable (1)     0.9535    0.9762    0.9647        42
2026-08-21 11:31:15 - INFO - 
2026-08-21 11:31:15 - INFO -       accuracy                         0.9639        83
2026-08-21 11:31:15 - INFO -      macro avg     0.9642    0.9637    0.9638        83
2026-08-21 11:31:15 - INFO -   weighted avg     0.9641    0.9639    0.9638        83
2026-08-21 11:31:15 - INFO - Confusion matrix - [[tn=39, fp=2], [fn=1, tp=41]]
2026-08-21 11:31:15 - INFO - probability_positive min=0.0000 mean=0.5181 std=0.4997 max=1.0000 predicted_0=40 predicted_1=43
2026-08-21 11:31:15 - INFO - [Classification Report - split=test_at_valcal_CWE-022 - threshold=0.05]
2026-08-21 11:31:15 - INFO -                 precision    recall  f1-score   support
2026-08-21 11:31:15 - INFO - 
2026-08-21 11:31:15 - INFO -       safe (0)     0.2500    0.2500    0.2500         4
2026-08-21 11:31:15 - INFO - vulnerable (1)     0.2500    0.2500    0.2500         4
2026-08-21 11:31:15 - INFO - 
2026-08-21 11:31:15 - INFO -       accuracy                         0.2500         8
2026-08-21 11:31:15 - INFO -      macro avg     0.2500    0.2500    0.2500         8
2026-08-21 11:31:15 - INFO -   weighted avg     0.2500    0.2500    0.2500         8
2026-08-21 11:31:15 - INFO - Confusion matrix - [[tn=1, fp=3], [fn=3, tp=1]]
2026-08-21 11:31:15 - INFO - probability_positive min=0.0000 mean=0.5015 std=0.4979 max=1.0000 predicted_0=4 predicted_1=4
2026-08-21 11:31:15 - INFO - [Classification Report - split=test_at_valcal_CWE-078 - threshold=0.05]
2026-08-21 11:31:15 - INFO -                 precision    recall  f1-score   support
2026-08-21 11:31:15 - INFO - 
2026-08-21 11:31:15 - INFO -       safe (0)     0.8095    0.8500    0.8293        20
2026-08-21 11:31:15 - INFO - vulnerable (1)     0.8571    0.8182    0.8372        22
2026-08-21 11:31:15 - INFO - 
2026-08-21 11:31:15 - INFO -       accuracy                         0.8333        42
2026-08-21 11:31:15 - INFO -      macro avg     0.8333    0.8341    0.8332        42
2026-08-21 11:31:15 - INFO -   weighted avg     0.8345    0.8333    0.8334        42
2026-08-21 11:31:15 - INFO - Confusion matrix - [[tn=17, fp=3], [fn=4, tp=18]]
2026-08-21 11:31:15 - INFO - probability_positive min=0.0000 mean=0.5002 std=0.4998 max=1.0000 predicted_0=21 predicted_1=21
2026-08-21 11:31:15 - INFO - [Classification Report - split=test_at_valcal_CWE-079 - threshold=0.05]
2026-08-21 11:31:15 - INFO -                 precision    recall  f1-score   support
2026-08-21 11:31:15 - INFO - 
2026-08-21 11:31:15 - INFO -       safe (0)     0.6250    0.5556    0.5882         9
2026-08-21 11:31:15 - INFO - vulnerable (1)     0.6364    0.7000    0.6667        10
2026-08-21 11:31:15 - INFO - 
2026-08-21 11:31:15 - INFO -       accuracy                         0.6316        19
2026-08-21 11:31:15 - INFO -      macro avg     0.6307    0.6278    0.6275        19
2026-08-21 11:31:15 - INFO -   weighted avg     0.6310    0.6316    0.6295        19
2026-08-21 11:31:15 - INFO - Confusion matrix - [[tn=5, fp=4], [fn=3, tp=7]]
2026-08-21 11:31:15 - INFO - probability_positive min=0.0000 mean=0.4869 std=0.4587 max=1.0000 predicted_0=8 predicted_1=11
2026-08-21 11:31:15 - INFO - [Classification Report - split=test_at_valcal_CWE-089 - threshold=0.05]
2026-08-21 11:31:15 - INFO -                 precision    recall  f1-score   support
2026-08-21 11:31:15 - INFO - 
2026-08-21 11:31:15 - INFO -       safe (0)     0.9750    0.9512    0.9630        41
2026-08-21 11:31:15 - INFO - vulnerable (1)     0.9535    0.9762    0.9647        42
2026-08-21 11:31:15 - INFO - 
2026-08-21 11:31:15 - INFO -       accuracy                         0.9639        83
2026-08-21 11:31:15 - INFO -      macro avg     0.9642    0.9637    0.9638        83
2026-08-21 11:31:15 - INFO -   weighted avg     0.9641    0.9639    0.9638        83
2026-08-21 11:31:15 - INFO - Confusion matrix - [[tn=39, fp=2], [fn=1, tp=41]]
2026-08-21 11:31:15 - INFO - probability_positive min=0.0000 mean=0.5181 std=0.4997 max=1.0000 predicted_0=40 predicted_1=43
2026-08-21 11:31:15 - INFO - Baseline inference result saved: results/unix_unixcoder/baseline/seed_42/fold2.json
2026-08-21 11:31:15 - INFO - Run finished | Phase: baseline_infer | Fold: 2 | Seed: 42 | Elapsed: 4.87s
