2026-08-21 11:17:07 - INFO - Using device: cuda
2026-08-21 11:17:07 - INFO - Run started | Run: unix_unixcoder | Method: baseline | Phase: baseline_train | Fold: 1 | Seed: 42 | Device: cuda
2026-08-21 11:17:08 - INFO - Loading Python validation data: data/sven_python_folds_norm/fold1/val.jsonl
2026-08-21 11:17:08 - INFO - Loading Python training data: data/sven_python_folds_norm/fold1/train.jsonl
2026-08-21 11:17:08 - INFO - Data split: python_train | Total: 456 | Labels: {0: 235, 1: 221} | CWEs: {'CWE-022': 39, 'CWE-078': 123, 'CWE-079': 49, 'CWE-089': 245} | Languages: {'python': 456} | Invalid CWE: 0
2026-08-21 11:17:08 - INFO - Data split: python_val | Total: 152 | Labels: {0: 74, 1: 78} | CWEs: {'CWE-022': 8, 'CWE-078': 42, 'CWE-079': 19, 'CWE-089': 83} | Languages: {'python': 152} | Invalid CWE: 0
2026-08-21 11:17:10 - INFO - Environment: {"components": {"backbone": {"frozen": 0, "total": 125929728, "trainable": 125929728}, "vul_head": {"frozen": 0, "total": 1538, "trainable": 1538}}, "cuda": "12.8", "fold": 1, "frozen_parameters": 0, "gpu": "NVIDIA GeForce RTX 4070 Ti SUPER", "hyperparameters": {"batch_size": 16, "checkpoint_path": "model/unix_unixcoder/baseline/seed_42/fold1/best.pt", "data_root": "data/sven_python_folds_norm", "epochs": 30, "eval_batch_size": 16, "fold": 1, "learning_rate": 2e-05, "max_eval_samples": null, "max_grad_norm": 1.0, "max_length": 512, "max_train_samples": null, "method_name": "baseline", "min_epochs": 3, "model_name": "microsoft/unixcoder-base", "num_workers": 0, "patience": 5, "phase": "train", "pooling": "cls", "result_path": "results/unix_unixcoder/baseline/seed_42/fold1.json", "run_name": "unix_unixcoder", "seed": 42, "target_lang": "python", "test_path": null, "train_path": null, "truncation_strategy": "head_middle_tail", "val_path": null, "weight_decay": 0.01}, "mode": "baseline_train", "model_name": "microsoft/unixcoder-base", "seed": 42, "sklearn": "1.7.2", "torch": "2.11.0+cu128", "trainable_parameters": 125931266, "transformers": "4.57.1"}
2026-08-21 11:17:10 - INFO - Training started | Phase: baseline | Epochs: 30
2026-08-21 11:17:19 - INFO - Epoch 1/30 | Train loss: 0.796210 | Val loss: 0.755439 | LR: 2.00e-05 | Best epoch: 1 | Patience: 0 | Train: 8.30s | Validation: 0.84s | Epoch: 9.47s | Total: 9.47s
2026-08-21 11:17:19 - INFO - [Classification Report - split=train epoch=1 - threshold=0.50]
2026-08-21 11:17:19 - INFO -                 precision    recall  f1-score   support
2026-08-21 11:17:19 - INFO - 
2026-08-21 11:17:19 - INFO -       safe (0)     0.4895    0.4936    0.4915       235
2026-08-21 11:17:19 - INFO - vulnerable (1)     0.4566    0.4525    0.4545       221
2026-08-21 11:17:19 - INFO - 
2026-08-21 11:17:19 - INFO -       accuracy                         0.4737       456
2026-08-21 11:17:19 - INFO -      macro avg     0.4730    0.4731    0.4730       456
2026-08-21 11:17:19 - INFO -   weighted avg     0.4735    0.4737    0.4736       456
2026-08-21 11:17:19 - INFO - Confusion matrix - [[tn=116, fp=119], [fn=121, tp=100]]
2026-08-21 11:17:19 - INFO - probability_positive min=0.0692 mean=0.4988 std=0.1845 max=0.9790 predicted_0=237 predicted_1=219
2026-08-21 11:17:19 - INFO - [Classification Report - split=validation epoch=1 - threshold=0.50]
2026-08-21 11:17:19 - INFO -                 precision    recall  f1-score   support
2026-08-21 11:17:19 - INFO - 
2026-08-21 11:17:19 - INFO -       safe (0)     0.4818    0.8919    0.6256        74
2026-08-21 11:17:19 - INFO - vulnerable (1)     0.4667    0.0897    0.1505        78
2026-08-21 11:17:19 - INFO - 
2026-08-21 11:17:19 - INFO -       accuracy                         0.4803       152
2026-08-21 11:17:19 - INFO -      macro avg     0.4742    0.4908    0.3881       152
2026-08-21 11:17:19 - INFO -   weighted avg     0.4740    0.4803    0.3818       152
2026-08-21 11:17:19 - INFO - Confusion matrix - [[tn=66, fp=8], [fn=71, tp=7]]
2026-08-21 11:17:19 - INFO - probability_positive min=0.2226 mean=0.4047 std=0.0745 max=0.6066 predicted_0=137 predicted_1=15
2026-08-21 11:17:19 - INFO - New best model | Macro-F1: 0.388065 | Epoch: 1
2026-08-21 11:17:28 - INFO - Epoch 2/30 | Train loss: 0.707865 | Val loss: 0.766791 | LR: 2.00e-05 | Best epoch: 1 | Patience: 0 | Train: 8.09s | Validation: 0.85s | Epoch: 8.93s | Total: 18.41s
2026-08-21 11:17:28 - INFO - [Classification Report - split=train epoch=2 - threshold=0.50]
2026-08-21 11:17:28 - INFO -                 precision    recall  f1-score   support
2026-08-21 11:17:28 - INFO - 
2026-08-21 11:17:28 - INFO -       safe (0)     0.5438    0.6340    0.5855       235
2026-08-21 11:17:28 - INFO - vulnerable (1)     0.5275    0.4344    0.4764       221
2026-08-21 11:17:28 - INFO - 
2026-08-21 11:17:28 - INFO -       accuracy                         0.5373       456
2026-08-21 11:17:28 - INFO -      macro avg     0.5356    0.5342    0.5309       456
2026-08-21 11:17:28 - INFO -   weighted avg     0.5359    0.5373    0.5326       456
2026-08-21 11:17:28 - INFO - Confusion matrix - [[tn=149, fp=86], [fn=125, tp=96]]
2026-08-21 11:17:28 - INFO - probability_positive min=0.1448 mean=0.4686 std=0.1187 max=0.7685 predicted_0=274 predicted_1=182
2026-08-21 11:17:28 - INFO - [Classification Report - split=validation epoch=2 - threshold=0.50]
2026-08-21 11:17:28 - INFO -                 precision    recall  f1-score   support
2026-08-21 11:17:28 - INFO - 
2026-08-21 11:17:28 - INFO -       safe (0)     0.4545    0.8108    0.5825        74
2026-08-21 11:17:28 - INFO - vulnerable (1)     0.3000    0.0769    0.1224        78
2026-08-21 11:17:28 - INFO - 
2026-08-21 11:17:28 - INFO -       accuracy                         0.4342       152
2026-08-21 11:17:28 - INFO -      macro avg     0.3773    0.4439    0.3525       152
2026-08-21 11:17:28 - INFO -   weighted avg     0.3752    0.4342    0.3464       152
2026-08-21 11:17:28 - INFO - Confusion matrix - [[tn=60, fp=14], [fn=72, tp=6]]
2026-08-21 11:17:28 - INFO - probability_positive min=0.2204 mean=0.4039 std=0.0770 max=0.6028 predicted_0=132 predicted_1=20
2026-08-21 11:17:38 - INFO - Epoch 3/30 | Train loss: 0.629524 | Val loss: 0.702411 | LR: 2.00e-05 | Best epoch: 3 | Patience: 0 | Train: 8.11s | Validation: 0.85s | Epoch: 9.50s | Total: 27.92s
2026-08-21 11:17:38 - INFO - [Classification Report - split=train epoch=3 - threshold=0.50]
2026-08-21 11:17:38 - INFO -                 precision    recall  f1-score   support
2026-08-21 11:17:38 - INFO - 
2026-08-21 11:17:38 - INFO -       safe (0)     0.6639    0.6723    0.6681       235
2026-08-21 11:17:38 - INFO - vulnerable (1)     0.6468    0.6380    0.6424       221
2026-08-21 11:17:38 - INFO - 
2026-08-21 11:17:38 - INFO -       accuracy                         0.6557       456
2026-08-21 11:17:38 - INFO -      macro avg     0.6553    0.6552    0.6552       456
2026-08-21 11:17:38 - INFO -   weighted avg     0.6556    0.6557    0.6556       456
2026-08-21 11:17:38 - INFO - Confusion matrix - [[tn=158, fp=77], [fn=80, tp=141]]
2026-08-21 11:17:38 - INFO - probability_positive min=0.1503 mean=0.4913 std=0.1460 max=0.8635 predicted_0=238 predicted_1=218
2026-08-21 11:17:38 - INFO - [Classification Report - split=validation epoch=3 - threshold=0.50]
2026-08-21 11:17:38 - INFO -                 precision    recall  f1-score   support
2026-08-21 11:17:38 - INFO - 
2026-08-21 11:17:38 - INFO -       safe (0)     0.5402    0.6351    0.5839        74
2026-08-21 11:17:38 - INFO - vulnerable (1)     0.5846    0.4872    0.5315        78
2026-08-21 11:17:38 - INFO - 
2026-08-21 11:17:38 - INFO -       accuracy                         0.5592       152
2026-08-21 11:17:38 - INFO -      macro avg     0.5624    0.5612    0.5577       152
2026-08-21 11:17:38 - INFO -   weighted avg     0.5630    0.5592    0.5570       152
2026-08-21 11:17:38 - INFO - Confusion matrix - [[tn=47, fp=27], [fn=40, tp=38]]
2026-08-21 11:17:38 - INFO - probability_positive min=0.1145 mean=0.4760 std=0.1550 max=0.8908 predicted_0=87 predicted_1=65
2026-08-21 11:17:38 - INFO - New best model | Macro-F1: 0.557660 | Epoch: 3
2026-08-21 11:17:47 - INFO - Epoch 4/30 | Train loss: 0.438878 | Val loss: 0.566609 | LR: 2.00e-05 | Best epoch: 4 | Patience: 0 | Train: 8.11s | Validation: 0.85s | Epoch: 9.50s | Total: 37.43s
2026-08-21 11:17:47 - INFO - [Classification Report - split=train epoch=4 - threshold=0.50]
2026-08-21 11:17:47 - INFO -                 precision    recall  f1-score   support
2026-08-21 11:17:47 - INFO - 
2026-08-21 11:17:47 - INFO -       safe (0)     0.7908    0.8043    0.7975       235
2026-08-21 11:17:47 - INFO - vulnerable (1)     0.7880    0.7738    0.7808       221
2026-08-21 11:17:47 - INFO - 
2026-08-21 11:17:47 - INFO -       accuracy                         0.7895       456
2026-08-21 11:17:47 - INFO -      macro avg     0.7894    0.7890    0.7891       456
2026-08-21 11:17:47 - INFO -   weighted avg     0.7894    0.7895    0.7894       456
2026-08-21 11:17:47 - INFO - Confusion matrix - [[tn=189, fp=46], [fn=50, tp=171]]
2026-08-21 11:17:47 - INFO - probability_positive min=0.0005 mean=0.4984 std=0.3089 max=0.9986 predicted_0=239 predicted_1=217
2026-08-21 11:17:47 - INFO - [Classification Report - split=validation epoch=4 - threshold=0.50]
2026-08-21 11:17:47 - INFO -                 precision    recall  f1-score   support
2026-08-21 11:17:47 - INFO - 
2026-08-21 11:17:47 - INFO -       safe (0)     0.6364    0.8514    0.7283        74
2026-08-21 11:17:47 - INFO - vulnerable (1)     0.7925    0.5385    0.6412        78
2026-08-21 11:17:47 - INFO - 
2026-08-21 11:17:47 - INFO -       accuracy                         0.6908       152
2026-08-21 11:17:47 - INFO -      macro avg     0.7144    0.6949    0.6848       152
2026-08-21 11:17:47 - INFO -   weighted avg     0.7165    0.6908    0.6836       152
2026-08-21 11:17:47 - INFO - Confusion matrix - [[tn=63, fp=11], [fn=36, tp=42]]
2026-08-21 11:17:47 - INFO - probability_positive min=0.0001 mean=0.3732 std=0.3560 max=0.9968 predicted_0=99 predicted_1=53
2026-08-21 11:17:47 - INFO - New best model | Macro-F1: 0.684773 | Epoch: 4
2026-08-21 11:17:57 - INFO - Epoch 5/30 | Train loss: 0.363160 | Val loss: 0.394488 | LR: 2.00e-05 | Best epoch: 5 | Patience: 0 | Train: 8.10s | Validation: 0.85s | Epoch: 9.49s | Total: 46.94s
2026-08-21 11:17:57 - INFO - [Classification Report - split=train epoch=5 - threshold=0.50]
2026-08-21 11:17:57 - INFO -                 precision    recall  f1-score   support
2026-08-21 11:17:57 - INFO - 
2026-08-21 11:17:57 - INFO -       safe (0)     0.8263    0.8298    0.8280       235
2026-08-21 11:17:57 - INFO - vulnerable (1)     0.8182    0.8145    0.8163       221
2026-08-21 11:17:57 - INFO - 
2026-08-21 11:17:57 - INFO -       accuracy                         0.8224       456
2026-08-21 11:17:57 - INFO -      macro avg     0.8222    0.8221    0.8222       456
2026-08-21 11:17:57 - INFO -   weighted avg     0.8224    0.8224    0.8224       456
2026-08-21 11:17:57 - INFO - Confusion matrix - [[tn=195, fp=40], [fn=41, tp=180]]
2026-08-21 11:17:57 - INFO - probability_positive min=0.0000 mean=0.4730 std=0.4101 max=0.9999 predicted_0=236 predicted_1=220
2026-08-21 11:17:57 - INFO - [Classification Report - split=validation epoch=5 - threshold=0.50]
2026-08-21 11:17:57 - INFO -                 precision    recall  f1-score   support
2026-08-21 11:17:57 - INFO - 
2026-08-21 11:17:57 - INFO -       safe (0)     0.9153    0.7297    0.8120        74
2026-08-21 11:17:57 - INFO - vulnerable (1)     0.7849    0.9359    0.8538        78
2026-08-21 11:17:57 - INFO - 
2026-08-21 11:17:57 - INFO -       accuracy                         0.8355       152
2026-08-21 11:17:57 - INFO -      macro avg     0.8501    0.8328    0.8329       152
2026-08-21 11:17:57 - INFO -   weighted avg     0.8484    0.8355    0.8335       152
2026-08-21 11:17:57 - INFO - Confusion matrix - [[tn=54, fp=20], [fn=5, tp=73]]
2026-08-21 11:17:57 - INFO - probability_positive min=0.0001 mean=0.5648 std=0.4021 max=0.9998 predicted_0=59 predicted_1=93
2026-08-21 11:17:57 - INFO - New best model | Macro-F1: 0.832916 | Epoch: 5
2026-08-21 11:18:06 - INFO - Epoch 6/30 | Train loss: 0.208347 | Val loss: 0.477880 | LR: 2.00e-05 | Best epoch: 5 | Patience: 1 | Train: 8.11s | Validation: 0.85s | Epoch: 8.95s | Total: 55.91s
2026-08-21 11:18:06 - INFO - [Classification Report - split=train epoch=6 - threshold=0.50]
2026-08-21 11:18:06 - INFO -                 precision    recall  f1-score   support
2026-08-21 11:18:06 - INFO - 
2026-08-21 11:18:06 - INFO -       safe (0)     0.9244    0.8851    0.9043       235
2026-08-21 11:18:06 - INFO - vulnerable (1)     0.8831    0.9231    0.9027       221
2026-08-21 11:18:06 - INFO - 
2026-08-21 11:18:06 - INFO -       accuracy                         0.9035       456
2026-08-21 11:18:06 - INFO -      macro avg     0.9038    0.9041    0.9035       456
2026-08-21 11:18:06 - INFO -   weighted avg     0.9044    0.9035    0.9035       456
2026-08-21 11:18:06 - INFO - Confusion matrix - [[tn=208, fp=27], [fn=17, tp=204]]
2026-08-21 11:18:06 - INFO - probability_positive min=0.0000 mean=0.4914 std=0.4315 max=1.0000 predicted_0=225 predicted_1=231
2026-08-21 11:18:06 - INFO - [Classification Report - split=validation epoch=6 - threshold=0.50]
2026-08-21 11:18:06 - INFO -                 precision    recall  f1-score   support
2026-08-21 11:18:06 - INFO - 
2026-08-21 11:18:06 - INFO -       safe (0)     0.8507    0.7703    0.8085        74
2026-08-21 11:18:06 - INFO - vulnerable (1)     0.8000    0.8718    0.8344        78
2026-08-21 11:18:06 - INFO - 
2026-08-21 11:18:06 - INFO -       accuracy                         0.8224       152
2026-08-21 11:18:06 - INFO -      macro avg     0.8254    0.8210    0.8214       152
2026-08-21 11:18:06 - INFO -   weighted avg     0.8247    0.8224    0.8218       152
2026-08-21 11:18:06 - INFO - Confusion matrix - [[tn=57, fp=17], [fn=10, tp=68]]
2026-08-21 11:18:06 - INFO - probability_positive min=0.0000 mean=0.5401 std=0.4431 max=1.0000 predicted_0=67 predicted_1=85
2026-08-21 11:18:15 - INFO - Epoch 7/30 | Train loss: 0.167786 | Val loss: 0.554245 | LR: 2.00e-05 | Best epoch: 7 | Patience: 0 | Train: 8.11s | Validation: 0.85s | Epoch: 9.50s | Total: 65.42s
2026-08-21 11:18:15 - INFO - [Classification Report - split=train epoch=7 - threshold=0.50]
2026-08-21 11:18:15 - INFO -                 precision    recall  f1-score   support
2026-08-21 11:18:15 - INFO - 
2026-08-21 11:18:15 - INFO -       safe (0)     0.9509    0.9064    0.9281       235
2026-08-21 11:18:15 - INFO - vulnerable (1)     0.9052    0.9502    0.9272       221
2026-08-21 11:18:15 - INFO - 
2026-08-21 11:18:15 - INFO -       accuracy                         0.9276       456
2026-08-21 11:18:15 - INFO -      macro avg     0.9280    0.9283    0.9276       456
2026-08-21 11:18:15 - INFO -   weighted avg     0.9287    0.9276    0.9276       456
2026-08-21 11:18:15 - INFO - Confusion matrix - [[tn=213, fp=22], [fn=11, tp=210]]
2026-08-21 11:18:15 - INFO - probability_positive min=0.0000 mean=0.4993 std=0.4543 max=1.0000 predicted_0=224 predicted_1=232
2026-08-21 11:18:15 - INFO - [Classification Report - split=validation epoch=7 - threshold=0.50]
2026-08-21 11:18:15 - INFO -                 precision    recall  f1-score   support
2026-08-21 11:18:15 - INFO - 
2026-08-21 11:18:15 - INFO -       safe (0)     0.8267    0.8378    0.8322        74
2026-08-21 11:18:15 - INFO - vulnerable (1)     0.8442    0.8333    0.8387        78
2026-08-21 11:18:15 - INFO - 
2026-08-21 11:18:15 - INFO -       accuracy                         0.8355       152
2026-08-21 11:18:15 - INFO -      macro avg     0.8354    0.8356    0.8355       152
2026-08-21 11:18:15 - INFO -   weighted avg     0.8356    0.8355    0.8355       152
2026-08-21 11:18:15 - INFO - Confusion matrix - [[tn=62, fp=12], [fn=13, tp=65]]
2026-08-21 11:18:15 - INFO - probability_positive min=0.0000 mean=0.5013 std=0.4479 max=1.0000 predicted_0=75 predicted_1=77
2026-08-21 11:18:15 - INFO - New best model | Macro-F1: 0.835462 | Epoch: 7
2026-08-21 11:18:24 - INFO - Epoch 8/30 | Train loss: 0.145595 | Val loss: 0.918662 | LR: 2.00e-05 | Best epoch: 7 | Patience: 1 | Train: 8.11s | Validation: 0.85s | Epoch: 8.96s | Total: 74.43s
2026-08-21 11:18:24 - INFO - [Classification Report - split=train epoch=8 - threshold=0.50]
2026-08-21 11:18:24 - INFO -                 precision    recall  f1-score   support
2026-08-21 11:18:24 - INFO - 
2026-08-21 11:18:24 - INFO -       safe (0)     0.9367    0.9447    0.9407       235
2026-08-21 11:18:24 - INFO - vulnerable (1)     0.9406    0.9321    0.9364       221
2026-08-21 11:18:24 - INFO - 
2026-08-21 11:18:24 - INFO -       accuracy                         0.9386       456
2026-08-21 11:18:24 - INFO -      macro avg     0.9387    0.9384    0.9385       456
2026-08-21 11:18:24 - INFO -   weighted avg     0.9386    0.9386    0.9386       456
2026-08-21 11:18:24 - INFO - Confusion matrix - [[tn=222, fp=13], [fn=15, tp=206]]
2026-08-21 11:18:24 - INFO - probability_positive min=0.0000 mean=0.4852 std=0.4631 max=1.0000 predicted_0=237 predicted_1=219
2026-08-21 11:18:24 - INFO - [Classification Report - split=validation epoch=8 - threshold=0.50]
2026-08-21 11:18:24 - INFO -                 precision    recall  f1-score   support
2026-08-21 11:18:24 - INFO - 
2026-08-21 11:18:24 - INFO -       safe (0)     0.7333    0.8919    0.8049        74
2026-08-21 11:18:24 - INFO - vulnerable (1)     0.8710    0.6923    0.7714        78
2026-08-21 11:18:24 - INFO - 
2026-08-21 11:18:24 - INFO -       accuracy                         0.7895       152
2026-08-21 11:18:24 - INFO -      macro avg     0.8022    0.7921    0.7882       152
2026-08-21 11:18:24 - INFO -   weighted avg     0.8040    0.7895    0.7877       152
2026-08-21 11:18:24 - INFO - Confusion matrix - [[tn=66, fp=8], [fn=24, tp=54]]
2026-08-21 11:18:24 - INFO - probability_positive min=0.0000 mean=0.4228 std=0.4541 max=1.0000 predicted_0=90 predicted_1=62
2026-08-21 11:18:34 - INFO - Epoch 9/30 | Train loss: 0.164532 | Val loss: 0.682426 | LR: 2.00e-05 | Best epoch: 9 | Patience: 0 | Train: 8.12s | Validation: 0.85s | Epoch: 9.50s | Total: 83.94s
2026-08-21 11:18:34 - INFO - [Classification Report - split=train epoch=9 - threshold=0.50]
2026-08-21 11:18:34 - INFO -                 precision    recall  f1-score   support
2026-08-21 11:18:34 - INFO - 
2026-08-21 11:18:34 - INFO -       safe (0)     0.9250    0.9447    0.9347       235
2026-08-21 11:18:34 - INFO - vulnerable (1)     0.9398    0.9186    0.9291       221
2026-08-21 11:18:34 - INFO - 
2026-08-21 11:18:34 - INFO -       accuracy                         0.9320       456
2026-08-21 11:18:34 - INFO -      macro avg     0.9324    0.9316    0.9319       456
2026-08-21 11:18:34 - INFO -   weighted avg     0.9322    0.9320    0.9320       456
2026-08-21 11:18:34 - INFO - Confusion matrix - [[tn=222, fp=13], [fn=18, tp=203]]
2026-08-21 11:18:34 - INFO - probability_positive min=0.0000 mean=0.4751 std=0.4712 max=1.0000 predicted_0=240 predicted_1=216
2026-08-21 11:18:34 - INFO - [Classification Report - split=validation epoch=9 - threshold=0.50]
2026-08-21 11:18:34 - INFO -                 precision    recall  f1-score   support
2026-08-21 11:18:34 - INFO - 
2026-08-21 11:18:34 - INFO -       safe (0)     0.8696    0.8108    0.8392        74
2026-08-21 11:18:34 - INFO - vulnerable (1)     0.8313    0.8846    0.8571        78
2026-08-21 11:18:34 - INFO - 
2026-08-21 11:18:34 - INFO -       accuracy                         0.8487       152
2026-08-21 11:18:34 - INFO -      macro avg     0.8504    0.8477    0.8482       152
2026-08-21 11:18:34 - INFO -   weighted avg     0.8499    0.8487    0.8484       152
2026-08-21 11:18:34 - INFO - Confusion matrix - [[tn=60, fp=14], [fn=9, tp=69]]
2026-08-21 11:18:34 - INFO - probability_positive min=0.0000 mean=0.5089 std=0.4630 max=1.0000 predicted_0=69 predicted_1=83
2026-08-21 11:18:34 - INFO - New best model | Macro-F1: 0.848152 | Epoch: 9
2026-08-21 11:18:43 - INFO - Epoch 10/30 | Train loss: 0.095081 | Val loss: 0.660212 | LR: 2.00e-05 | Best epoch: 10 | Patience: 0 | Train: 8.11s | Validation: 0.85s | Epoch: 9.46s | Total: 93.44s
2026-08-21 11:18:43 - INFO - [Classification Report - split=train epoch=10 - threshold=0.50]
2026-08-21 11:18:43 - INFO -                 precision    recall  f1-score   support
2026-08-21 11:18:43 - INFO - 
2026-08-21 11:18:43 - INFO -       safe (0)     0.9534    0.9574    0.9554       235
2026-08-21 11:18:43 - INFO - vulnerable (1)     0.9545    0.9502    0.9524       221
2026-08-21 11:18:43 - INFO - 
2026-08-21 11:18:43 - INFO -       accuracy                         0.9539       456
2026-08-21 11:18:43 - INFO -      macro avg     0.9540    0.9538    0.9539       456
2026-08-21 11:18:43 - INFO -   weighted avg     0.9539    0.9539    0.9539       456
2026-08-21 11:18:43 - INFO - Confusion matrix - [[tn=225, fp=10], [fn=11, tp=210]]
2026-08-21 11:18:43 - INFO - probability_positive min=0.0000 mean=0.4904 std=0.4737 max=1.0000 predicted_0=236 predicted_1=220
2026-08-21 11:18:43 - INFO - [Classification Report - split=validation epoch=10 - threshold=0.50]
2026-08-21 11:18:43 - INFO -                 precision    recall  f1-score   support
2026-08-21 11:18:43 - INFO - 
2026-08-21 11:18:43 - INFO -       safe (0)     0.8611    0.8378    0.8493        74
2026-08-21 11:18:43 - INFO - vulnerable (1)     0.8500    0.8718    0.8608        78
2026-08-21 11:18:43 - INFO - 
2026-08-21 11:18:43 - INFO -       accuracy                         0.8553       152
2026-08-21 11:18:43 - INFO -      macro avg     0.8556    0.8548    0.8550       152
2026-08-21 11:18:43 - INFO -   weighted avg     0.8554    0.8553    0.8552       152
2026-08-21 11:18:43 - INFO - Confusion matrix - [[tn=62, fp=12], [fn=10, tp=68]]
2026-08-21 11:18:43 - INFO - probability_positive min=0.0000 mean=0.5097 std=0.4716 max=1.0000 predicted_0=72 predicted_1=80
2026-08-21 11:18:43 - INFO - New best model | Macro-F1: 0.855037 | Epoch: 10
2026-08-21 11:18:53 - INFO - Epoch 11/30 | Train loss: 0.091055 | Val loss: 0.658174 | LR: 2.00e-05 | Best epoch: 11 | Patience: 0 | Train: 8.11s | Validation: 0.85s | Epoch: 9.46s | Total: 102.92s
2026-08-21 11:18:53 - INFO - [Classification Report - split=train epoch=11 - threshold=0.50]
2026-08-21 11:18:53 - INFO -                 precision    recall  f1-score   support
2026-08-21 11:18:53 - INFO - 
2026-08-21 11:18:53 - INFO -       safe (0)     0.9870    0.9660    0.9763       235
2026-08-21 11:18:53 - INFO - vulnerable (1)     0.9646    0.9864    0.9754       221
2026-08-21 11:18:53 - INFO - 
2026-08-21 11:18:53 - INFO -       accuracy                         0.9759       456
2026-08-21 11:18:53 - INFO -      macro avg     0.9758    0.9762    0.9759       456
2026-08-21 11:18:53 - INFO -   weighted avg     0.9761    0.9759    0.9759       456
2026-08-21 11:18:53 - INFO - Confusion matrix - [[tn=227, fp=8], [fn=3, tp=218]]
2026-08-21 11:18:53 - INFO - probability_positive min=0.0000 mean=0.4913 std=0.4880 max=1.0000 predicted_0=230 predicted_1=226
2026-08-21 11:18:53 - INFO - [Classification Report - split=validation epoch=11 - threshold=0.50]
2026-08-21 11:18:53 - INFO -                 precision    recall  f1-score   support
2026-08-21 11:18:53 - INFO - 
2026-08-21 11:18:53 - INFO -       safe (0)     0.8971    0.8243    0.8592        74
2026-08-21 11:18:53 - INFO - vulnerable (1)     0.8452    0.9103    0.8765        78
2026-08-21 11:18:53 - INFO - 
2026-08-21 11:18:53 - INFO -       accuracy                         0.8684       152
2026-08-21 11:18:53 - INFO -      macro avg     0.8711    0.8673    0.8678       152
2026-08-21 11:18:53 - INFO -   weighted avg     0.8705    0.8684    0.8681       152
2026-08-21 11:18:53 - INFO - Confusion matrix - [[tn=61, fp=13], [fn=7, tp=71]]
2026-08-21 11:18:53 - INFO - probability_positive min=0.0000 mean=0.5554 std=0.4848 max=1.0000 predicted_0=68 predicted_1=84
2026-08-21 11:18:53 - INFO - New best model | Macro-F1: 0.867849 | Epoch: 11
2026-08-21 11:19:02 - INFO - Epoch 12/30 | Train loss: 0.068061 | Val loss: 0.773403 | LR: 2.00e-05 | Best epoch: 12 | Patience: 0 | Train: 8.11s | Validation: 0.85s | Epoch: 9.47s | Total: 112.42s
2026-08-21 11:19:02 - INFO - [Classification Report - split=train epoch=12 - threshold=0.50]
2026-08-21 11:19:02 - INFO -                 precision    recall  f1-score   support
2026-08-21 11:19:02 - INFO - 
2026-08-21 11:19:02 - INFO -       safe (0)     0.9664    0.9787    0.9725       235
2026-08-21 11:19:02 - INFO - vulnerable (1)     0.9771    0.9638    0.9704       221
2026-08-21 11:19:02 - INFO - 
2026-08-21 11:19:02 - INFO -       accuracy                         0.9715       456
2026-08-21 11:19:02 - INFO -      macro avg     0.9717    0.9713    0.9715       456
2026-08-21 11:19:02 - INFO -   weighted avg     0.9716    0.9715    0.9715       456
2026-08-21 11:19:02 - INFO - Confusion matrix - [[tn=230, fp=5], [fn=8, tp=213]]
2026-08-21 11:19:02 - INFO - probability_positive min=0.0000 mean=0.4794 std=0.4901 max=1.0000 predicted_0=238 predicted_1=218
2026-08-21 11:19:02 - INFO - [Classification Report - split=validation epoch=12 - threshold=0.50]
2026-08-21 11:19:02 - INFO -                 precision    recall  f1-score   support
2026-08-21 11:19:02 - INFO - 
2026-08-21 11:19:02 - INFO -       safe (0)     0.8750    0.8514    0.8630        74
2026-08-21 11:19:02 - INFO - vulnerable (1)     0.8625    0.8846    0.8734        78
2026-08-21 11:19:02 - INFO - 
2026-08-21 11:19:02 - INFO -       accuracy                         0.8684       152
2026-08-21 11:19:02 - INFO -      macro avg     0.8688    0.8680    0.8682       152
2026-08-21 11:19:02 - INFO -   weighted avg     0.8686    0.8684    0.8684       152
2026-08-21 11:19:02 - INFO - Confusion matrix - [[tn=63, fp=11], [fn=9, tp=69]]
2026-08-21 11:19:02 - INFO - probability_positive min=0.0000 mean=0.5082 std=0.4726 max=1.0000 predicted_0=72 predicted_1=80
2026-08-21 11:19:02 - INFO - New best model | Macro-F1: 0.868216 | Epoch: 12
2026-08-21 11:19:12 - INFO - Epoch 13/30 | Train loss: 0.037616 | Val loss: 0.756900 | LR: 2.00e-05 | Best epoch: 13 | Patience: 0 | Train: 8.10s | Validation: 0.84s | Epoch: 9.48s | Total: 121.92s
2026-08-21 11:19:12 - INFO - [Classification Report - split=train epoch=13 - threshold=0.50]
2026-08-21 11:19:12 - INFO -                 precision    recall  f1-score   support
2026-08-21 11:19:12 - INFO - 
2026-08-21 11:19:12 - INFO -       safe (0)     0.9831    0.9872    0.9851       235
2026-08-21 11:19:12 - INFO - vulnerable (1)     0.9864    0.9819    0.9841       221
2026-08-21 11:19:12 - INFO - 
2026-08-21 11:19:12 - INFO -       accuracy                         0.9846       456
2026-08-21 11:19:12 - INFO -      macro avg     0.9847    0.9846    0.9846       456
2026-08-21 11:19:12 - INFO -   weighted avg     0.9847    0.9846    0.9846       456
2026-08-21 11:19:12 - INFO - Confusion matrix - [[tn=232, fp=3], [fn=4, tp=217]]
2026-08-21 11:19:12 - INFO - probability_positive min=0.0000 mean=0.4862 std=0.4943 max=1.0000 predicted_0=236 predicted_1=220
2026-08-21 11:19:12 - INFO - [Classification Report - split=validation epoch=13 - threshold=0.50]
2026-08-21 11:19:12 - INFO -                 precision    recall  f1-score   support
2026-08-21 11:19:12 - INFO - 
2026-08-21 11:19:12 - INFO -       safe (0)     0.8846    0.9324    0.9079        74
2026-08-21 11:19:12 - INFO - vulnerable (1)     0.9324    0.8846    0.9079        78
2026-08-21 11:19:12 - INFO - 
2026-08-21 11:19:12 - INFO -       accuracy                         0.9079       152
2026-08-21 11:19:12 - INFO -      macro avg     0.9085    0.9085    0.9079       152
2026-08-21 11:19:12 - INFO -   weighted avg     0.9092    0.9079    0.9079       152
2026-08-21 11:19:12 - INFO - Confusion matrix - [[tn=69, fp=5], [fn=9, tp=69]]
2026-08-21 11:19:12 - INFO - probability_positive min=0.0000 mean=0.4945 std=0.4786 max=1.0000 predicted_0=78 predicted_1=74
2026-08-21 11:19:12 - INFO - New best model | Macro-F1: 0.907895 | Epoch: 13
2026-08-21 11:19:21 - INFO - Epoch 14/30 | Train loss: 0.011450 | Val loss: 1.007711 | LR: 2.00e-05 | Best epoch: 13 | Patience: 1 | Train: 8.11s | Validation: 0.85s | Epoch: 8.96s | Total: 130.93s
2026-08-21 11:19:21 - INFO - [Classification Report - split=train epoch=14 - threshold=0.50]
2026-08-21 11:19:21 - INFO -                 precision    recall  f1-score   support
2026-08-21 11:19:21 - INFO - 
2026-08-21 11:19:21 - INFO -       safe (0)     0.9957    0.9957    0.9957       235
2026-08-21 11:19:21 - INFO - vulnerable (1)     0.9955    0.9955    0.9955       221
2026-08-21 11:19:21 - INFO - 
2026-08-21 11:19:21 - INFO -       accuracy                         0.9956       456
2026-08-21 11:19:21 - INFO -      macro avg     0.9956    0.9956    0.9956       456
2026-08-21 11:19:21 - INFO -   weighted avg     0.9956    0.9956    0.9956       456
2026-08-21 11:19:21 - INFO - Confusion matrix - [[tn=234, fp=1], [fn=1, tp=220]]
2026-08-21 11:19:21 - INFO - probability_positive min=0.0000 mean=0.4841 std=0.4956 max=1.0000 predicted_0=235 predicted_1=221
2026-08-21 11:19:21 - INFO - [Classification Report - split=validation epoch=14 - threshold=0.50]
2026-08-21 11:19:21 - INFO -                 precision    recall  f1-score   support
2026-08-21 11:19:21 - INFO - 
2026-08-21 11:19:21 - INFO -       safe (0)     0.8788    0.7838    0.8286        74
2026-08-21 11:19:21 - INFO - vulnerable (1)     0.8140    0.8974    0.8537        78
2026-08-21 11:19:21 - INFO - 
2026-08-21 11:19:21 - INFO -       accuracy                         0.8421       152
2026-08-21 11:19:21 - INFO -      macro avg     0.8464    0.8406    0.8411       152
2026-08-21 11:19:21 - INFO -   weighted avg     0.8455    0.8421    0.8414       152
2026-08-21 11:19:21 - INFO - Confusion matrix - [[tn=58, fp=16], [fn=8, tp=70]]
2026-08-21 11:19:21 - INFO - probability_positive min=0.0000 mean=0.5602 std=0.4804 max=1.0000 predicted_0=66 predicted_1=86
2026-08-21 11:19:30 - INFO - Epoch 15/30 | Train loss: 0.032603 | Val loss: 1.314181 | LR: 2.00e-05 | Best epoch: 13 | Patience: 2 | Train: 8.10s | Validation: 0.85s | Epoch: 8.95s | Total: 139.88s
2026-08-21 11:19:30 - INFO - [Classification Report - split=train epoch=15 - threshold=0.50]
2026-08-21 11:19:30 - INFO -                 precision    recall  f1-score   support
2026-08-21 11:19:30 - INFO - 
2026-08-21 11:19:30 - INFO -       safe (0)     0.9915    0.9872    0.9893       235
2026-08-21 11:19:30 - INFO - vulnerable (1)     0.9865    0.9910    0.9887       221
2026-08-21 11:19:30 - INFO - 
2026-08-21 11:19:30 - INFO -       accuracy                         0.9890       456
2026-08-21 11:19:30 - INFO -      macro avg     0.9890    0.9891    0.9890       456
2026-08-21 11:19:30 - INFO -   weighted avg     0.9890    0.9890    0.9890       456
2026-08-21 11:19:30 - INFO - Confusion matrix - [[tn=232, fp=3], [fn=2, tp=219]]
2026-08-21 11:19:30 - INFO - probability_positive min=0.0000 mean=0.4865 std=0.4981 max=1.0000 predicted_0=234 predicted_1=222
2026-08-21 11:19:30 - INFO - [Classification Report - split=validation epoch=15 - threshold=0.50]
2026-08-21 11:19:30 - INFO -                 precision    recall  f1-score   support
2026-08-21 11:19:30 - INFO - 
2026-08-21 11:19:30 - INFO -       safe (0)     0.8161    0.9595    0.8820        74
2026-08-21 11:19:30 - INFO - vulnerable (1)     0.9538    0.7949    0.8671        78
2026-08-21 11:19:30 - INFO - 
2026-08-21 11:19:30 - INFO -       accuracy                         0.8750       152
2026-08-21 11:19:30 - INFO -      macro avg     0.8850    0.8772    0.8746       152
2026-08-21 11:19:30 - INFO -   weighted avg     0.8868    0.8750    0.8744       152
2026-08-21 11:19:30 - INFO - Confusion matrix - [[tn=71, fp=3], [fn=16, tp=62]]
2026-08-21 11:19:30 - INFO - probability_positive min=0.0000 mean=0.4256 std=0.4862 max=1.0000 predicted_0=87 predicted_1=65
2026-08-21 11:19:39 - INFO - Epoch 16/30 | Train loss: 0.019016 | Val loss: 1.024421 | LR: 2.00e-05 | Best epoch: 13 | Patience: 3 | Train: 8.11s | Validation: 0.85s | Epoch: 8.95s | Total: 148.85s
2026-08-21 11:19:39 - INFO - [Classification Report - split=train epoch=16 - threshold=0.50]
2026-08-21 11:19:39 - INFO -                 precision    recall  f1-score   support
2026-08-21 11:19:39 - INFO - 
2026-08-21 11:19:39 - INFO -       safe (0)     0.9958    1.0000    0.9979       235
2026-08-21 11:19:39 - INFO - vulnerable (1)     1.0000    0.9955    0.9977       221
2026-08-21 11:19:39 - INFO - 
2026-08-21 11:19:39 - INFO -       accuracy                         0.9978       456
2026-08-21 11:19:39 - INFO -      macro avg     0.9979    0.9977    0.9978       456
2026-08-21 11:19:39 - INFO -   weighted avg     0.9978    0.9978    0.9978       456
2026-08-21 11:19:39 - INFO - Confusion matrix - [[tn=235, fp=0], [fn=1, tp=220]]
2026-08-21 11:19:39 - INFO - probability_positive min=0.0000 mean=0.4829 std=0.4985 max=1.0000 predicted_0=236 predicted_1=220
2026-08-21 11:19:39 - INFO - [Classification Report - split=validation epoch=16 - threshold=0.50]
2026-08-21 11:19:39 - INFO -                 precision    recall  f1-score   support
2026-08-21 11:19:39 - INFO - 
2026-08-21 11:19:39 - INFO -       safe (0)     0.8873    0.8514    0.8690        74
2026-08-21 11:19:39 - INFO - vulnerable (1)     0.8642    0.8974    0.8805        78
2026-08-21 11:19:39 - INFO - 
2026-08-21 11:19:39 - INFO -       accuracy                         0.8750       152
2026-08-21 11:19:39 - INFO -      macro avg     0.8758    0.8744    0.8747       152
2026-08-21 11:19:39 - INFO -   weighted avg     0.8755    0.8750    0.8749       152
2026-08-21 11:19:39 - INFO - Confusion matrix - [[tn=63, fp=11], [fn=8, tp=70]]
2026-08-21 11:19:39 - INFO - probability_positive min=0.0000 mean=0.5304 std=0.4914 max=1.0000 predicted_0=71 predicted_1=81
2026-08-21 11:19:48 - INFO - Epoch 17/30 | Train loss: 0.003437 | Val loss: 1.264521 | LR: 2.00e-05 | Best epoch: 13 | Patience: 4 | Train: 8.11s | Validation: 0.85s | Epoch: 8.96s | Total: 157.82s
2026-08-21 11:19:48 - INFO - [Classification Report - split=train epoch=17 - threshold=0.50]
2026-08-21 11:19:48 - INFO -                 precision    recall  f1-score   support
2026-08-21 11:19:48 - INFO - 
2026-08-21 11:19:48 - INFO -       safe (0)     1.0000    0.9957    0.9979       235
2026-08-21 11:19:48 - INFO - vulnerable (1)     0.9955    1.0000    0.9977       221
2026-08-21 11:19:48 - INFO - 
2026-08-21 11:19:48 - INFO -       accuracy                         0.9978       456
2026-08-21 11:19:48 - INFO -      macro avg     0.9977    0.9979    0.9978       456
2026-08-21 11:19:48 - INFO -   weighted avg     0.9978    0.9978    0.9978       456
2026-08-21 11:19:48 - INFO - Confusion matrix - [[tn=234, fp=1], [fn=0, tp=221]]
2026-08-21 11:19:48 - INFO - probability_positive min=0.0000 mean=0.4867 std=0.4987 max=1.0000 predicted_0=234 predicted_1=222
2026-08-21 11:19:48 - INFO - [Classification Report - split=validation epoch=17 - threshold=0.50]
2026-08-21 11:19:48 - INFO -                 precision    recall  f1-score   support
2026-08-21 11:19:48 - INFO - 
2026-08-21 11:19:48 - INFO -       safe (0)     0.8372    0.9730    0.9000        74
2026-08-21 11:19:48 - INFO - vulnerable (1)     0.9697    0.8205    0.8889        78
2026-08-21 11:19:48 - INFO - 
2026-08-21 11:19:48 - INFO -       accuracy                         0.8947       152
2026-08-21 11:19:48 - INFO -      macro avg     0.9035    0.8967    0.8944       152
2026-08-21 11:19:48 - INFO -   weighted avg     0.9052    0.8947    0.8943       152
2026-08-21 11:19:48 - INFO - Confusion matrix - [[tn=72, fp=2], [fn=14, tp=64]]
2026-08-21 11:19:48 - INFO - probability_positive min=0.0000 mean=0.4323 std=0.4838 max=1.0000 predicted_0=86 predicted_1=66
2026-08-21 11:19:57 - INFO - Epoch 18/30 | Train loss: 0.042629 | Val loss: 1.102520 | LR: 2.00e-05 | Best epoch: 13 | Patience: 5 | Train: 8.11s | Validation: 0.85s | Epoch: 8.95s | Total: 166.78s
2026-08-21 11:19:57 - INFO - [Classification Report - split=train epoch=18 - threshold=0.50]
2026-08-21 11:19:57 - INFO -                 precision    recall  f1-score   support
2026-08-21 11:19:57 - INFO - 
2026-08-21 11:19:57 - INFO -       safe (0)     0.9915    0.9915    0.9915       235
2026-08-21 11:19:57 - INFO - vulnerable (1)     0.9910    0.9910    0.9910       221
2026-08-21 11:19:57 - INFO - 
2026-08-21 11:19:57 - INFO -       accuracy                         0.9912       456
2026-08-21 11:19:57 - INFO -      macro avg     0.9912    0.9912    0.9912       456
2026-08-21 11:19:57 - INFO -   weighted avg     0.9912    0.9912    0.9912       456
2026-08-21 11:19:57 - INFO - Confusion matrix - [[tn=233, fp=2], [fn=2, tp=219]]
2026-08-21 11:19:57 - INFO - probability_positive min=0.0000 mean=0.4853 std=0.4976 max=1.0000 predicted_0=235 predicted_1=221
2026-08-21 11:19:57 - INFO - [Classification Report - split=validation epoch=18 - threshold=0.50]
2026-08-21 11:19:57 - INFO -                 precision    recall  f1-score   support
2026-08-21 11:19:57 - INFO - 
2026-08-21 11:19:57 - INFO -       safe (0)     0.8590    0.9054    0.8816        74
2026-08-21 11:19:57 - INFO - vulnerable (1)     0.9054    0.8590    0.8816        78
2026-08-21 11:19:57 - INFO - 
2026-08-21 11:19:57 - INFO -       accuracy                         0.8816       152
2026-08-21 11:19:57 - INFO -      macro avg     0.8822    0.8822    0.8816       152
2026-08-21 11:19:57 - INFO -   weighted avg     0.8828    0.8816    0.8816       152
2026-08-21 11:19:57 - INFO - Confusion matrix - [[tn=67, fp=7], [fn=11, tp=67]]
2026-08-21 11:19:57 - INFO - probability_positive min=0.0000 mean=0.4814 std=0.4883 max=1.0000 predicted_0=78 predicted_1=74
2026-08-21 11:19:57 - INFO - Early stopping | Epoch: 18 | Best epoch: 13
2026-08-21 11:19:57 - INFO - Best checkpoint saved | Path: model/unix_unixcoder/baseline/seed_42/fold1/best.pt | Epoch: 13 | Val macro_f1: 0.907895
2026-08-21 11:19:57 - INFO - Training finished | Elapsed: 166.79s
2026-08-21 11:19:57 - INFO - Run finished | Phase: baseline_train | Fold: 1 | Seed: 42 | Elapsed: 169.26s
