2026-08-21 04:38:57 - INFO - Using device: cuda
2026-08-21 04:38:57 - INFO - Run started | Run: edit_new_codebert | Method: transfer_cwe | Phase: phase2 | Fold: 2 | Seed: 42 | Device: cuda
2026-08-21 04:38:57 - INFO - Loading Python training data: data/sven_python_twin/fold2/train.jsonl
2026-08-21 04:38:57 - INFO - Loading Python validation data: data/sven_python_twin/fold2/val.jsonl
2026-08-21 04:38:57 - INFO - Data split: python_train | Total: 455 | Labels: {0: 224, 1: 231} | CWEs: {'CWE-022': 40, 'CWE-078': 122, 'CWE-079': 49, 'CWE-089': 244} | Languages: {'python': 455} | Invalid CWE: 0
2026-08-21 04:38:57 - INFO - Data split: python_val | Total: 152 | Labels: {0: 79, 1: 73} | CWEs: {'CWE-022': 13, 'CWE-078': 41, 'CWE-079': 16, 'CWE-089': 82} | Languages: {'python': 152} | Invalid CWE: 0
2026-08-21 04:38:58 - INFO - Auxiliary head width taken from checkpoint: 4
2026-08-21 04:39:00 - INFO - Loaded source checkpoint: model/edit_new_codebert/transfer_cwe/seed_42/source/best.pt | Best epoch: 14 | Best Val Macro-F1: 0.621818
2026-08-21 04:39:00 - INFO - RecAdam schedule | Total steps: 870 | Steps/epoch: 29 | Anneal t0: 43 | Weights: {1: 0.10909682119561293, 29: 0.3318122278318339, 43: 0.5, 870: 1.0}
2026-08-21 04:39:00 - INFO - Environment: {"components": {"backbone": {"frozen": 0, "total": 124645632, "trainable": 124645632}, "cwe_head": {"frozen": 3076, "total": 3076, "trainable": 0}, "vul_head": {"frozen": 0, "total": 1538, "trainable": 1538}}, "cuda": "12.8", "fold": 2, "frozen_parameters": 3076, "gpu": "NVIDIA GeForce RTX 5060 Ti", "hyperparameters": {"anneal_fun": "sigmoid", "anneal_k": 0.05, "anneal_t0_ratio": 0.05, "anneal_w": 1.0, "aux_mode": "cwe", "batch_size": 16, "checkpoint_path": "model/edit_new_codebert/transfer_cwe/seed_42/fold2/best.pt", "cwe_vocab": "fixed4", "data_path": "data/train_ccpp_filtered.jsonl", "data_root": "data/sven_python_twin", "epochs": 30, "eval_batch_size": 16, "fold": 2, "freeze_backbone_layers": 0, "freeze_prototypes_steps": 0, "lambda_cwe": 0.2, "latent_temperature": 0.1, "learning_rate": 2e-05, "lora_rank": 0, "lp_epochs": 0, "lp_learning_rate": 0.001, "max_eval_samples": null, "max_grad_norm": 1.0, "max_length": 512, "max_train_samples": null, "method_name": "transfer_cwe", "min_epochs": 3, "model_name": "microsoft/codebert-base", "num_cwes": 4, "num_latent": 8, "num_workers": 0, "output_dir": "results/edit_new_codebert/transfer_cwe", "patience": 5, "phase": "phase2", "phase2_optimizer": "recadam", "pooling": "cls", "pretrain_cof": 5000.0, "result_path": "results/edit_new_codebert/transfer_cwe/seed_42/fold2.json", "run_name": "edit_new_codebert", "seed": 42, "selection_metric": "macro_f1", "source_checkpoint": "model/edit_new_codebert/transfer_cwe/seed_42/source/best.pt", "source_interpolation": 1.0, "strict_determinism": false, "target_lang": "python", "test_path": null, "train_path": null, "truncation_strategy": "head_middle_tail", "val_path": null, "weight_decay": 0.01}, "mode": "phase2_train", "model_name": "microsoft/codebert-base", "seed": 42, "sklearn": "1.7.2", "torch": "2.11.0+cu128", "trainable_parameters": 124647170, "transformers": "4.57.1"}
2026-08-21 04:39:00 - INFO - Training started | Phase: phase2 | Epochs: 30
2026-08-21 04:39:00 - INFO - RecAdam first-step safety checks passed
2026-08-21 04:39:16 - INFO - Epoch 1/30 | Train loss: 1.004943 | Val loss: 0.777481 | LR: 2.00e-05 | Best epoch: 1 | Patience: 0 | Train: 14.93s | Validation: 1.60s | Epoch: 16.85s | Total: 16.85s
2026-08-21 04:39:16 - INFO - RecAdam target-task weight at epoch end: 0.331812
2026-08-21 04:39:16 - INFO - [Classification Report - split=train epoch=1 - threshold=0.50]
2026-08-21 04:39:16 - INFO -                 precision    recall  f1-score   support
2026-08-21 04:39:16 - INFO - 
2026-08-21 04:39:16 - INFO -       safe (0)     0.6429    0.4420    0.5238       224
2026-08-21 04:39:16 - INFO - vulnerable (1)     0.5847    0.7619    0.6617       231
2026-08-21 04:39:16 - INFO - 
2026-08-21 04:39:16 - INFO -       accuracy                         0.6044       455
2026-08-21 04:39:16 - INFO -      macro avg     0.6138    0.6019    0.5927       455
2026-08-21 04:39:16 - INFO -   weighted avg     0.6133    0.6044    0.5938       455
2026-08-21 04:39:16 - INFO - Confusion matrix - [[tn=99, fp=125], [fn=55, tp=176]]
2026-08-21 04:39:16 - INFO - probability_positive min=0.0007 mean=0.6369 std=0.3438 max=0.9994 predicted_0=154 predicted_1=301
2026-08-21 04:39:16 - INFO - [Classification Report - split=validation epoch=1 - threshold=0.50]
2026-08-21 04:39:16 - INFO -                 precision    recall  f1-score   support
2026-08-21 04:39:16 - INFO - 
2026-08-21 04:39:16 - INFO -       safe (0)     0.7541    0.5823    0.6571        79
2026-08-21 04:39:16 - INFO - vulnerable (1)     0.6374    0.7945    0.7073        73
2026-08-21 04:39:16 - INFO - 
2026-08-21 04:39:16 - INFO -       accuracy                         0.6842       152
2026-08-21 04:39:16 - INFO -      macro avg     0.6957    0.6884    0.6822       152
2026-08-21 04:39:16 - INFO -   weighted avg     0.6980    0.6842    0.6812       152
2026-08-21 04:39:16 - INFO - Confusion matrix - [[tn=46, fp=33], [fn=15, tp=58]]
2026-08-21 04:39:16 - INFO - probability_positive min=0.0013 mean=0.5716 std=0.3692 max=0.9977 predicted_0=61 predicted_1=91
2026-08-21 04:39:16 - INFO - New best model | Macro-F1: 0.682230 | Epoch: 1
2026-08-21 04:39:33 - INFO - Epoch 2/30 | Train loss: 0.589509 | Val loss: 0.641208 | LR: 2.00e-05 | Best epoch: 2 | Patience: 0 | Train: 14.70s | Validation: 1.60s | Epoch: 16.78s | Total: 33.63s
2026-08-21 04:39:33 - INFO - RecAdam target-task weight at epoch end: 0.679179
2026-08-21 04:39:33 - INFO - [Classification Report - split=train epoch=2 - threshold=0.50]
2026-08-21 04:39:33 - INFO -                 precision    recall  f1-score   support
2026-08-21 04:39:33 - INFO - 
2026-08-21 04:39:33 - INFO -       safe (0)     0.6875    0.6875    0.6875       224
2026-08-21 04:39:33 - INFO - vulnerable (1)     0.6970    0.6970    0.6970       231
2026-08-21 04:39:33 - INFO - 
2026-08-21 04:39:33 - INFO -       accuracy                         0.6923       455
2026-08-21 04:39:33 - INFO -      macro avg     0.6922    0.6922    0.6922       455
2026-08-21 04:39:33 - INFO -   weighted avg     0.6923    0.6923    0.6923       455
2026-08-21 04:39:33 - INFO - Confusion matrix - [[tn=154, fp=70], [fn=70, tp=161]]
2026-08-21 04:39:33 - INFO - probability_positive min=0.0006 mean=0.5130 std=0.3231 max=0.9956 predicted_0=224 predicted_1=231
2026-08-21 04:39:33 - INFO - [Classification Report - split=validation epoch=2 - threshold=0.50]
2026-08-21 04:39:33 - INFO -                 precision    recall  f1-score   support
2026-08-21 04:39:33 - INFO - 
2026-08-21 04:39:33 - INFO -       safe (0)     0.7532    0.7342    0.7436        79
2026-08-21 04:39:33 - INFO - vulnerable (1)     0.7200    0.7397    0.7297        73
2026-08-21 04:39:33 - INFO - 
2026-08-21 04:39:33 - INFO -       accuracy                         0.7368       152
2026-08-21 04:39:33 - INFO -      macro avg     0.7366    0.7370    0.7367       152
2026-08-21 04:39:33 - INFO -   weighted avg     0.7373    0.7368    0.7369       152
2026-08-21 04:39:33 - INFO - Confusion matrix - [[tn=58, fp=21], [fn=19, tp=54]]
2026-08-21 04:39:33 - INFO - probability_positive min=0.0012 mean=0.4812 std=0.3741 max=0.9966 predicted_0=77 predicted_1=75
2026-08-21 04:39:33 - INFO - New best model | Macro-F1: 0.736660 | Epoch: 2
2026-08-21 04:39:50 - INFO - Epoch 3/30 | Train loss: 0.444813 | Val loss: 0.544415 | LR: 2.00e-05 | Best epoch: 3 | Patience: 0 | Train: 14.70s | Validation: 1.60s | Epoch: 16.77s | Total: 50.42s
2026-08-21 04:39:50 - INFO - RecAdam target-task weight at epoch end: 0.900250
2026-08-21 04:39:50 - INFO - [Classification Report - split=train epoch=3 - threshold=0.50]
2026-08-21 04:39:50 - INFO -                 precision    recall  f1-score   support
2026-08-21 04:39:50 - INFO - 
2026-08-21 04:39:50 - INFO -       safe (0)     0.7837    0.7277    0.7546       224
2026-08-21 04:39:50 - INFO - vulnerable (1)     0.7530    0.8052    0.7782       231
2026-08-21 04:39:50 - INFO - 
2026-08-21 04:39:50 - INFO -       accuracy                         0.7670       455
2026-08-21 04:39:50 - INFO -      macro avg     0.7683    0.7664    0.7664       455
2026-08-21 04:39:50 - INFO -   weighted avg     0.7681    0.7670    0.7666       455
2026-08-21 04:39:50 - INFO - Confusion matrix - [[tn=163, fp=61], [fn=45, tp=186]]
2026-08-21 04:39:50 - INFO - probability_positive min=0.0008 mean=0.5017 std=0.3555 max=0.9984 predicted_0=208 predicted_1=247
2026-08-21 04:39:50 - INFO - [Classification Report - split=validation epoch=3 - threshold=0.50]
2026-08-21 04:39:50 - INFO -                 precision    recall  f1-score   support
2026-08-21 04:39:50 - INFO - 
2026-08-21 04:39:50 - INFO -       safe (0)     0.8028    0.7215    0.7600        79
2026-08-21 04:39:50 - INFO - vulnerable (1)     0.7284    0.8082    0.7662        73
2026-08-21 04:39:50 - INFO - 
2026-08-21 04:39:50 - INFO -       accuracy                         0.7632       152
2026-08-21 04:39:50 - INFO -      macro avg     0.7656    0.7649    0.7631       152
2026-08-21 04:39:50 - INFO -   weighted avg     0.7671    0.7632    0.7630       152
2026-08-21 04:39:50 - INFO - Confusion matrix - [[tn=57, fp=22], [fn=14, tp=59]]
2026-08-21 04:39:50 - INFO - probability_positive min=0.0010 mean=0.5161 std=0.3922 max=0.9985 predicted_0=71 predicted_1=81
2026-08-21 04:39:50 - INFO - New best model | Macro-F1: 0.763117 | Epoch: 3
2026-08-21 04:40:06 - INFO - Epoch 4/30 | Train loss: 0.321226 | Val loss: 0.608903 | LR: 2.00e-05 | Best epoch: 3 | Patience: 1 | Train: 14.70s | Validation: 1.60s | Epoch: 16.30s | Total: 66.74s
2026-08-21 04:40:06 - INFO - RecAdam target-task weight at epoch end: 0.974667
2026-08-21 04:40:06 - INFO - [Classification Report - split=train epoch=4 - threshold=0.50]
2026-08-21 04:40:06 - INFO -                 precision    recall  f1-score   support
2026-08-21 04:40:06 - INFO - 
2026-08-21 04:40:06 - INFO -       safe (0)     0.8670    0.8438    0.8552       224
2026-08-21 04:40:06 - INFO - vulnerable (1)     0.8523    0.8745    0.8632       231
2026-08-21 04:40:06 - INFO - 
2026-08-21 04:40:06 - INFO -       accuracy                         0.8593       455
2026-08-21 04:40:06 - INFO -      macro avg     0.8596    0.8591    0.8592       455
2026-08-21 04:40:06 - INFO -   weighted avg     0.8595    0.8593    0.8593       455
2026-08-21 04:40:06 - INFO - Confusion matrix - [[tn=189, fp=35], [fn=29, tp=202]]
2026-08-21 04:40:06 - INFO - probability_positive min=0.0011 mean=0.4974 std=0.3840 max=0.9989 predicted_0=218 predicted_1=237
2026-08-21 04:40:06 - INFO - [Classification Report - split=validation epoch=4 - threshold=0.50]
2026-08-21 04:40:06 - INFO -                 precision    recall  f1-score   support
2026-08-21 04:40:06 - INFO - 
2026-08-21 04:40:06 - INFO -       safe (0)     0.8116    0.7089    0.7568        79
2026-08-21 04:40:06 - INFO - vulnerable (1)     0.7229    0.8219    0.7692        73
2026-08-21 04:40:06 - INFO - 
2026-08-21 04:40:06 - INFO -       accuracy                         0.7632       152
2026-08-21 04:40:06 - INFO -      macro avg     0.7672    0.7654    0.7630       152
2026-08-21 04:40:06 - INFO -   weighted avg     0.7690    0.7632    0.7627       152
2026-08-21 04:40:06 - INFO - Confusion matrix - [[tn=56, fp=23], [fn=13, tp=60]]
2026-08-21 04:40:06 - INFO - probability_positive min=0.0003 mean=0.5174 std=0.4385 max=0.9993 predicted_0=69 predicted_1=83
2026-08-21 04:40:23 - INFO - Epoch 5/30 | Train loss: 0.197505 | Val loss: 0.824224 | LR: 2.00e-05 | Best epoch: 5 | Patience: 0 | Train: 14.70s | Validation: 1.60s | Epoch: 16.74s | Total: 83.48s
2026-08-21 04:40:23 - INFO - RecAdam target-task weight at epoch end: 0.993940
2026-08-21 04:40:23 - INFO - [Classification Report - split=train epoch=5 - threshold=0.50]
2026-08-21 04:40:23 - INFO -                 precision    recall  f1-score   support
2026-08-21 04:40:23 - INFO - 
2026-08-21 04:40:23 - INFO -       safe (0)     0.9395    0.9018    0.9203       224
2026-08-21 04:40:23 - INFO - vulnerable (1)     0.9083    0.9437    0.9257       231
2026-08-21 04:40:23 - INFO - 
2026-08-21 04:40:23 - INFO -       accuracy                         0.9231       455
2026-08-21 04:40:23 - INFO -      macro avg     0.9239    0.9228    0.9230       455
2026-08-21 04:40:23 - INFO -   weighted avg     0.9237    0.9231    0.9230       455
2026-08-21 04:40:23 - INFO - Confusion matrix - [[tn=202, fp=22], [fn=13, tp=218]]
2026-08-21 04:40:23 - INFO - probability_positive min=0.0003 mean=0.5004 std=0.4326 max=0.9993 predicted_0=215 predicted_1=240
2026-08-21 04:40:23 - INFO - [Classification Report - split=validation epoch=5 - threshold=0.50]
2026-08-21 04:40:23 - INFO -                 precision    recall  f1-score   support
2026-08-21 04:40:23 - INFO - 
2026-08-21 04:40:23 - INFO -       safe (0)     0.8507    0.7215    0.7808        79
2026-08-21 04:40:23 - INFO - vulnerable (1)     0.7412    0.8630    0.7975        73
2026-08-21 04:40:23 - INFO - 
2026-08-21 04:40:23 - INFO -       accuracy                         0.7895       152
2026-08-21 04:40:23 - INFO -      macro avg     0.7960    0.7923    0.7891       152
2026-08-21 04:40:23 - INFO -   weighted avg     0.7981    0.7895    0.7888       152
2026-08-21 04:40:23 - INFO - Confusion matrix - [[tn=57, fp=22], [fn=10, tp=63]]
2026-08-21 04:40:23 - INFO - probability_positive min=0.0002 mean=0.5480 std=0.4662 max=0.9997 predicted_0=67 predicted_1=85
2026-08-21 04:40:23 - INFO - New best model | Macro-F1: 0.789145 | Epoch: 5
2026-08-21 04:40:40 - INFO - Epoch 6/30 | Train loss: 0.149436 | Val loss: 0.889085 | LR: 2.00e-05 | Best epoch: 6 | Patience: 0 | Train: 14.70s | Validation: 1.60s | Epoch: 16.77s | Total: 100.27s
2026-08-21 04:40:40 - INFO - RecAdam target-task weight at epoch end: 0.998572
2026-08-21 04:40:40 - INFO - [Classification Report - split=train epoch=6 - threshold=0.50]
2026-08-21 04:40:40 - INFO -                 precision    recall  f1-score   support
2026-08-21 04:40:40 - INFO - 
2026-08-21 04:40:40 - INFO -       safe (0)     0.9444    0.9107    0.9273       224
2026-08-21 04:40:40 - INFO - vulnerable (1)     0.9163    0.9481    0.9319       231
2026-08-21 04:40:40 - INFO - 
2026-08-21 04:40:40 - INFO -       accuracy                         0.9297       455
2026-08-21 04:40:40 - INFO -      macro avg     0.9304    0.9294    0.9296       455
2026-08-21 04:40:40 - INFO -   weighted avg     0.9302    0.9297    0.9296       455
2026-08-21 04:40:40 - INFO - Confusion matrix - [[tn=204, fp=20], [fn=12, tp=219]]
2026-08-21 04:40:40 - INFO - probability_positive min=0.0002 mean=0.5156 std=0.4622 max=0.9997 predicted_0=216 predicted_1=239
2026-08-21 04:40:40 - INFO - [Classification Report - split=validation epoch=6 - threshold=0.50]
2026-08-21 04:40:40 - INFO -                 precision    recall  f1-score   support
2026-08-21 04:40:40 - INFO - 
2026-08-21 04:40:40 - INFO -       safe (0)     0.8267    0.7848    0.8052        79
2026-08-21 04:40:40 - INFO - vulnerable (1)     0.7792    0.8219    0.8000        73
2026-08-21 04:40:40 - INFO - 
2026-08-21 04:40:40 - INFO -       accuracy                         0.8026       152
2026-08-21 04:40:40 - INFO -      macro avg     0.8029    0.8034    0.8026       152
2026-08-21 04:40:40 - INFO -   weighted avg     0.8039    0.8026    0.8027       152
2026-08-21 04:40:40 - INFO - Confusion matrix - [[tn=62, fp=17], [fn=13, tp=60]]
2026-08-21 04:40:40 - INFO - probability_positive min=0.0001 mean=0.4995 std=0.4711 max=0.9998 predicted_0=75 predicted_1=77
2026-08-21 04:40:40 - INFO - New best model | Macro-F1: 0.802597 | Epoch: 6
2026-08-21 04:40:56 - INFO - Epoch 7/30 | Train loss: 0.151381 | Val loss: 0.747673 | LR: 2.00e-05 | Best epoch: 6 | Patience: 1 | Train: 14.70s | Validation: 1.60s | Epoch: 16.30s | Total: 116.58s
2026-08-21 04:40:56 - INFO - RecAdam target-task weight at epoch end: 0.999665
2026-08-21 04:40:56 - INFO - [Classification Report - split=train epoch=7 - threshold=0.50]
2026-08-21 04:40:56 - INFO -                 precision    recall  f1-score   support
2026-08-21 04:40:56 - INFO - 
2026-08-21 04:40:56 - INFO -       safe (0)     0.9500    0.9330    0.9414       224
2026-08-21 04:40:56 - INFO - vulnerable (1)     0.9362    0.9524    0.9442       231
2026-08-21 04:40:56 - INFO - 
2026-08-21 04:40:56 - INFO -       accuracy                         0.9429       455
2026-08-21 04:40:56 - INFO -      macro avg     0.9431    0.9427    0.9428       455
2026-08-21 04:40:56 - INFO -   weighted avg     0.9430    0.9429    0.9428       455
2026-08-21 04:40:56 - INFO - Confusion matrix - [[tn=209, fp=15], [fn=11, tp=220]]
2026-08-21 04:40:56 - INFO - probability_positive min=0.0001 mean=0.5095 std=0.4748 max=0.9998 predicted_0=220 predicted_1=235
2026-08-21 04:40:56 - INFO - [Classification Report - split=validation epoch=7 - threshold=0.50]
2026-08-21 04:40:56 - INFO -                 precision    recall  f1-score   support
2026-08-21 04:40:56 - INFO - 
2026-08-21 04:40:56 - INFO -       safe (0)     0.8429    0.7468    0.7919        79
2026-08-21 04:40:56 - INFO - vulnerable (1)     0.7561    0.8493    0.8000        73
2026-08-21 04:40:56 - INFO - 
2026-08-21 04:40:56 - INFO -       accuracy                         0.7961       152
2026-08-21 04:40:56 - INFO -      macro avg     0.7995    0.7981    0.7960       152
2026-08-21 04:40:56 - INFO -   weighted avg     0.8012    0.7961    0.7958       152
2026-08-21 04:40:56 - INFO - Confusion matrix - [[tn=59, fp=20], [fn=11, tp=62]]
2026-08-21 04:40:56 - INFO - probability_positive min=0.0001 mean=0.5205 std=0.4653 max=0.9999 predicted_0=70 predicted_1=82
2026-08-21 04:41:13 - INFO - Epoch 8/30 | Train loss: 0.125802 | Val loss: 1.069253 | LR: 2.00e-05 | Best epoch: 8 | Patience: 0 | Train: 14.70s | Validation: 1.60s | Epoch: 16.77s | Total: 133.36s
2026-08-21 04:41:13 - INFO - RecAdam target-task weight at epoch end: 0.999921
2026-08-21 04:41:13 - INFO - [Classification Report - split=train epoch=8 - threshold=0.50]
2026-08-21 04:41:13 - INFO -                 precision    recall  f1-score   support
2026-08-21 04:41:13 - INFO - 
2026-08-21 04:41:13 - INFO -       safe (0)     0.9725    0.9464    0.9593       224
2026-08-21 04:41:13 - INFO - vulnerable (1)     0.9494    0.9740    0.9615       231
2026-08-21 04:41:13 - INFO - 
2026-08-21 04:41:13 - INFO -       accuracy                         0.9604       455
2026-08-21 04:41:13 - INFO -      macro avg     0.9609    0.9602    0.9604       455
2026-08-21 04:41:13 - INFO -   weighted avg     0.9607    0.9604    0.9604       455
2026-08-21 04:41:13 - INFO - Confusion matrix - [[tn=212, fp=12], [fn=6, tp=225]]
2026-08-21 04:41:13 - INFO - probability_positive min=0.0001 mean=0.5137 std=0.4825 max=0.9999 predicted_0=218 predicted_1=237
2026-08-21 04:41:13 - INFO - [Classification Report - split=validation epoch=8 - threshold=0.50]
2026-08-21 04:41:13 - INFO -                 precision    recall  f1-score   support
2026-08-21 04:41:13 - INFO - 
2026-08-21 04:41:13 - INFO -       safe (0)     0.8472    0.7722    0.8079        79
2026-08-21 04:41:13 - INFO - vulnerable (1)     0.7750    0.8493    0.8105        73
2026-08-21 04:41:13 - INFO - 
2026-08-21 04:41:13 - INFO -       accuracy                         0.8092       152
2026-08-21 04:41:13 - INFO -      macro avg     0.8111    0.8107    0.8092       152
2026-08-21 04:41:13 - INFO -   weighted avg     0.8125    0.8092    0.8092       152
2026-08-21 04:41:13 - INFO - Confusion matrix - [[tn=61, fp=18], [fn=11, tp=62]]
2026-08-21 04:41:13 - INFO - probability_positive min=0.0001 mean=0.5281 std=0.4861 max=0.9999 predicted_0=72 predicted_1=80
2026-08-21 04:41:13 - INFO - New best model | Macro-F1: 0.809202 | Epoch: 8
2026-08-21 04:41:30 - INFO - Epoch 9/30 | Train loss: 0.083030 | Val loss: 1.214334 | LR: 2.00e-05 | Best epoch: 9 | Patience: 0 | Train: 14.70s | Validation: 1.60s | Epoch: 16.73s | Total: 150.11s
2026-08-21 04:41:30 - INFO - RecAdam target-task weight at epoch end: 0.999982
2026-08-21 04:41:30 - INFO - [Classification Report - split=train epoch=9 - threshold=0.50]
2026-08-21 04:41:30 - INFO -                 precision    recall  f1-score   support
2026-08-21 04:41:30 - INFO - 
2026-08-21 04:41:30 - INFO -       safe (0)     0.9604    0.9732    0.9667       224
2026-08-21 04:41:30 - INFO - vulnerable (1)     0.9737    0.9610    0.9673       231
2026-08-21 04:41:30 - INFO - 
2026-08-21 04:41:30 - INFO -       accuracy                         0.9670       455
2026-08-21 04:41:30 - INFO -      macro avg     0.9670    0.9671    0.9670       455
2026-08-21 04:41:30 - INFO -   weighted avg     0.9671    0.9670    0.9670       455
2026-08-21 04:41:30 - INFO - Confusion matrix - [[tn=218, fp=6], [fn=9, tp=222]]
2026-08-21 04:41:30 - INFO - probability_positive min=0.0001 mean=0.5072 std=0.4851 max=0.9999 predicted_0=227 predicted_1=228
2026-08-21 04:41:30 - INFO - [Classification Report - split=validation epoch=9 - threshold=0.50]
2026-08-21 04:41:30 - INFO -                 precision    recall  f1-score   support
2026-08-21 04:41:30 - INFO - 
2026-08-21 04:41:30 - INFO -       safe (0)     0.8824    0.7595    0.8163        79
2026-08-21 04:41:30 - INFO - vulnerable (1)     0.7738    0.8904    0.8280        73
2026-08-21 04:41:30 - INFO - 
2026-08-21 04:41:30 - INFO -       accuracy                         0.8224       152
2026-08-21 04:41:30 - INFO -      macro avg     0.8281    0.8250    0.8222       152
2026-08-21 04:41:30 - INFO -   weighted avg     0.8302    0.8224    0.8219       152
2026-08-21 04:41:30 - INFO - Confusion matrix - [[tn=60, fp=19], [fn=8, tp=65]]
2026-08-21 04:41:30 - INFO - probability_positive min=0.0000 mean=0.5476 std=0.4877 max=0.9999 predicted_0=68 predicted_1=84
2026-08-21 04:41:30 - INFO - New best model | Macro-F1: 0.822176 | Epoch: 9
2026-08-21 04:41:46 - INFO - Epoch 10/30 | Train loss: 0.064206 | Val loss: 1.150738 | LR: 2.00e-05 | Best epoch: 9 | Patience: 1 | Train: 14.70s | Validation: 1.60s | Epoch: 16.30s | Total: 166.42s
2026-08-21 04:41:46 - INFO - RecAdam target-task weight at epoch end: 0.999996
2026-08-21 04:41:46 - INFO - [Classification Report - split=train epoch=10 - threshold=0.50]
2026-08-21 04:41:46 - INFO -                 precision    recall  f1-score   support
2026-08-21 04:41:46 - INFO - 
2026-08-21 04:41:46 - INFO -       safe (0)     0.9817    0.9598    0.9707       224
2026-08-21 04:41:46 - INFO - vulnerable (1)     0.9619    0.9827    0.9722       231
2026-08-21 04:41:46 - INFO - 
2026-08-21 04:41:46 - INFO -       accuracy                         0.9714       455
2026-08-21 04:41:46 - INFO -      macro avg     0.9718    0.9713    0.9714       455
2026-08-21 04:41:46 - INFO -   weighted avg     0.9716    0.9714    0.9714       455
2026-08-21 04:41:46 - INFO - Confusion matrix - [[tn=215, fp=9], [fn=4, tp=227]]
2026-08-21 04:41:46 - INFO - probability_positive min=0.0001 mean=0.5149 std=0.4885 max=0.9999 predicted_0=219 predicted_1=236
2026-08-21 04:41:46 - INFO - [Classification Report - split=validation epoch=10 - threshold=0.50]
2026-08-21 04:41:46 - INFO -                 precision    recall  f1-score   support
2026-08-21 04:41:46 - INFO - 
2026-08-21 04:41:46 - INFO -       safe (0)     0.8571    0.7595    0.8054        79
2026-08-21 04:41:46 - INFO - vulnerable (1)     0.7683    0.8630    0.8129        73
2026-08-21 04:41:46 - INFO - 
2026-08-21 04:41:46 - INFO -       accuracy                         0.8092       152
2026-08-21 04:41:46 - INFO -      macro avg     0.8127    0.8113    0.8091       152
2026-08-21 04:41:46 - INFO -   weighted avg     0.8145    0.8092    0.8090       152
2026-08-21 04:41:46 - INFO - Confusion matrix - [[tn=60, fp=19], [fn=10, tp=63]]
2026-08-21 04:41:46 - INFO - probability_positive min=0.0000 mean=0.5319 std=0.4848 max=0.9999 predicted_0=70 predicted_1=82
2026-08-21 04:42:02 - INFO - Epoch 11/30 | Train loss: 0.060188 | Val loss: 1.375515 | LR: 2.00e-05 | Best epoch: 9 | Patience: 2 | Train: 14.70s | Validation: 1.60s | Epoch: 16.30s | Total: 182.72s
2026-08-21 04:42:02 - INFO - RecAdam target-task weight at epoch end: 0.999999
2026-08-21 04:42:02 - INFO - [Classification Report - split=train epoch=11 - threshold=0.50]
2026-08-21 04:42:02 - INFO -                 precision    recall  f1-score   support
2026-08-21 04:42:02 - INFO - 
2026-08-21 04:42:02 - INFO -       safe (0)     0.9821    0.9777    0.9799       224
2026-08-21 04:42:02 - INFO - vulnerable (1)     0.9784    0.9827    0.9806       231
2026-08-21 04:42:02 - INFO - 
2026-08-21 04:42:02 - INFO -       accuracy                         0.9802       455
2026-08-21 04:42:02 - INFO -      macro avg     0.9803    0.9802    0.9802       455
2026-08-21 04:42:02 - INFO -   weighted avg     0.9802    0.9802    0.9802       455
2026-08-21 04:42:02 - INFO - Confusion matrix - [[tn=219, fp=5], [fn=4, tp=227]]
2026-08-21 04:42:02 - INFO - probability_positive min=0.0000 mean=0.5120 std=0.4916 max=0.9999 predicted_0=223 predicted_1=232
2026-08-21 04:42:02 - INFO - [Classification Report - split=validation epoch=11 - threshold=0.50]
2026-08-21 04:42:02 - INFO -                 precision    recall  f1-score   support
2026-08-21 04:42:02 - INFO - 
2026-08-21 04:42:02 - INFO -       safe (0)     0.8451    0.7595    0.8000        79
2026-08-21 04:42:02 - INFO - vulnerable (1)     0.7654    0.8493    0.8052        73
2026-08-21 04:42:02 - INFO - 
2026-08-21 04:42:02 - INFO -       accuracy                         0.8026       152
2026-08-21 04:42:02 - INFO -      macro avg     0.8053    0.8044    0.8026       152
2026-08-21 04:42:02 - INFO -   weighted avg     0.8068    0.8026    0.8025       152
2026-08-21 04:42:02 - INFO - Confusion matrix - [[tn=60, fp=19], [fn=11, tp=62]]
2026-08-21 04:42:02 - INFO - probability_positive min=0.0000 mean=0.5327 std=0.4934 max=1.0000 predicted_0=71 predicted_1=81
2026-08-21 04:42:19 - INFO - Epoch 12/30 | Train loss: 0.063504 | Val loss: 1.320554 | LR: 2.00e-05 | Best epoch: 9 | Patience: 3 | Train: 14.70s | Validation: 1.60s | Epoch: 16.30s | Total: 199.03s
2026-08-21 04:42:19 - INFO - RecAdam target-task weight at epoch end: 1.000000
2026-08-21 04:42:19 - INFO - [Classification Report - split=train epoch=12 - threshold=0.50]
2026-08-21 04:42:19 - INFO -                 precision    recall  f1-score   support
2026-08-21 04:42:19 - INFO - 
2026-08-21 04:42:19 - INFO -       safe (0)     0.9778    0.9821    0.9800       224
2026-08-21 04:42:19 - INFO - vulnerable (1)     0.9826    0.9784    0.9805       231
2026-08-21 04:42:19 - INFO - 
2026-08-21 04:42:19 - INFO -       accuracy                         0.9802       455
2026-08-21 04:42:19 - INFO -      macro avg     0.9802    0.9802    0.9802       455
2026-08-21 04:42:19 - INFO -   weighted avg     0.9802    0.9802    0.9802       455
2026-08-21 04:42:19 - INFO - Confusion matrix - [[tn=220, fp=4], [fn=5, tp=226]]
2026-08-21 04:42:19 - INFO - probability_positive min=0.0000 mean=0.5078 std=0.4934 max=1.0000 predicted_0=225 predicted_1=230
2026-08-21 04:42:19 - INFO - [Classification Report - split=validation epoch=12 - threshold=0.50]
2026-08-21 04:42:19 - INFO -                 precision    recall  f1-score   support
2026-08-21 04:42:19 - INFO - 
2026-08-21 04:42:19 - INFO -       safe (0)     0.8451    0.7595    0.8000        79
2026-08-21 04:42:19 - INFO - vulnerable (1)     0.7654    0.8493    0.8052        73
2026-08-21 04:42:19 - INFO - 
2026-08-21 04:42:19 - INFO -       accuracy                         0.8026       152
2026-08-21 04:42:19 - INFO -      macro avg     0.8053    0.8044    0.8026       152
2026-08-21 04:42:19 - INFO -   weighted avg     0.8068    0.8026    0.8025       152
2026-08-21 04:42:19 - INFO - Confusion matrix - [[tn=60, fp=19], [fn=11, tp=62]]
2026-08-21 04:42:19 - INFO - probability_positive min=0.0000 mean=0.5235 std=0.4918 max=1.0000 predicted_0=71 predicted_1=81
2026-08-21 04:42:35 - INFO - Epoch 13/30 | Train loss: 0.034092 | Val loss: 1.286664 | LR: 2.00e-05 | Best epoch: 13 | Patience: 0 | Train: 14.70s | Validation: 1.60s | Epoch: 16.77s | Total: 215.81s
2026-08-21 04:42:35 - INFO - RecAdam target-task weight at epoch end: 1.000000
2026-08-21 04:42:35 - INFO - [Classification Report - split=train epoch=13 - threshold=0.50]
2026-08-21 04:42:35 - INFO -                 precision    recall  f1-score   support
2026-08-21 04:42:35 - INFO - 
2026-08-21 04:42:35 - INFO -       safe (0)     0.9821    0.9821    0.9821       224
2026-08-21 04:42:35 - INFO - vulnerable (1)     0.9827    0.9827    0.9827       231
2026-08-21 04:42:35 - INFO - 
2026-08-21 04:42:35 - INFO -       accuracy                         0.9824       455
2026-08-21 04:42:35 - INFO -      macro avg     0.9824    0.9824    0.9824       455
2026-08-21 04:42:35 - INFO -   weighted avg     0.9824    0.9824    0.9824       455
2026-08-21 04:42:35 - INFO - Confusion matrix - [[tn=220, fp=4], [fn=4, tp=227]]
2026-08-21 04:42:35 - INFO - probability_positive min=0.0000 mean=0.5061 std=0.4947 max=1.0000 predicted_0=224 predicted_1=231
2026-08-21 04:42:35 - INFO - [Classification Report - split=validation epoch=13 - threshold=0.50]
2026-08-21 04:42:35 - INFO -                 precision    recall  f1-score   support
2026-08-21 04:42:35 - INFO - 
2026-08-21 04:42:35 - INFO -       safe (0)     0.8955    0.7595    0.8219        79
2026-08-21 04:42:35 - INFO - vulnerable (1)     0.7765    0.9041    0.8354        73
2026-08-21 04:42:35 - INFO - 
2026-08-21 04:42:35 - INFO -       accuracy                         0.8289       152
2026-08-21 04:42:35 - INFO -      macro avg     0.8360    0.8318    0.8287       152
2026-08-21 04:42:35 - INFO -   weighted avg     0.8383    0.8289    0.8284       152
2026-08-21 04:42:35 - INFO - Confusion matrix - [[tn=60, fp=19], [fn=7, tp=66]]
2026-08-21 04:42:35 - INFO - probability_positive min=0.0000 mean=0.5509 std=0.4872 max=1.0000 predicted_0=67 predicted_1=85
2026-08-21 04:42:35 - INFO - New best model | Macro-F1: 0.828680 | Epoch: 13
2026-08-21 04:42:52 - INFO - Epoch 14/30 | Train loss: 0.039674 | Val loss: 1.464692 | LR: 2.00e-05 | Best epoch: 13 | Patience: 1 | Train: 14.70s | Validation: 1.60s | Epoch: 16.30s | Total: 232.12s
2026-08-21 04:42:52 - INFO - RecAdam target-task weight at epoch end: 1.000000
2026-08-21 04:42:52 - INFO - [Classification Report - split=train epoch=14 - threshold=0.50]
2026-08-21 04:42:52 - INFO -                 precision    recall  f1-score   support
2026-08-21 04:42:52 - INFO - 
2026-08-21 04:42:52 - INFO -       safe (0)     1.0000    0.9777    0.9887       224
2026-08-21 04:42:52 - INFO - vulnerable (1)     0.9788    1.0000    0.9893       231
2026-08-21 04:42:52 - INFO - 
2026-08-21 04:42:52 - INFO -       accuracy                         0.9890       455
2026-08-21 04:42:52 - INFO -      macro avg     0.9894    0.9888    0.9890       455
2026-08-21 04:42:52 - INFO -   weighted avg     0.9892    0.9890    0.9890       455
2026-08-21 04:42:52 - INFO - Confusion matrix - [[tn=219, fp=5], [fn=0, tp=231]]
2026-08-21 04:42:52 - INFO - probability_positive min=0.0000 mean=0.5159 std=0.4965 max=1.0000 predicted_0=219 predicted_1=236
2026-08-21 04:42:52 - INFO - [Classification Report - split=validation epoch=14 - threshold=0.50]
2026-08-21 04:42:52 - INFO -                 precision    recall  f1-score   support
2026-08-21 04:42:52 - INFO - 
2026-08-21 04:42:52 - INFO -       safe (0)     0.8243    0.7722    0.7974        79
2026-08-21 04:42:52 - INFO - vulnerable (1)     0.7692    0.8219    0.7947        73
2026-08-21 04:42:52 - INFO - 
2026-08-21 04:42:52 - INFO -       accuracy                         0.7961       152
2026-08-21 04:42:52 - INFO -      macro avg     0.7968    0.7970    0.7960       152
2026-08-21 04:42:52 - INFO -   weighted avg     0.7979    0.7961    0.7961       152
2026-08-21 04:42:52 - INFO - Confusion matrix - [[tn=61, fp=18], [fn=13, tp=60]]
2026-08-21 04:42:52 - INFO - probability_positive min=0.0000 mean=0.5126 std=0.4933 max=1.0000 predicted_0=74 predicted_1=78
2026-08-21 04:43:08 - INFO - Epoch 15/30 | Train loss: 0.048229 | Val loss: 1.274356 | LR: 2.00e-05 | Best epoch: 13 | Patience: 2 | Train: 14.70s | Validation: 1.60s | Epoch: 16.30s | Total: 248.43s
2026-08-21 04:43:08 - INFO - RecAdam target-task weight at epoch end: 1.000000
2026-08-21 04:43:08 - INFO - [Classification Report - split=train epoch=15 - threshold=0.50]
2026-08-21 04:43:08 - INFO -                 precision    recall  f1-score   support
2026-08-21 04:43:08 - INFO - 
2026-08-21 04:43:08 - INFO -       safe (0)     0.9910    0.9866    0.9888       224
2026-08-21 04:43:08 - INFO - vulnerable (1)     0.9871    0.9913    0.9892       231
2026-08-21 04:43:08 - INFO - 
2026-08-21 04:43:08 - INFO -       accuracy                         0.9890       455
2026-08-21 04:43:08 - INFO -      macro avg     0.9891    0.9890    0.9890       455
2026-08-21 04:43:08 - INFO -   weighted avg     0.9890    0.9890    0.9890       455
2026-08-21 04:43:08 - INFO - Confusion matrix - [[tn=221, fp=3], [fn=2, tp=229]]
2026-08-21 04:43:08 - INFO - probability_positive min=0.0000 mean=0.5073 std=0.4970 max=1.0000 predicted_0=223 predicted_1=232
2026-08-21 04:43:08 - INFO - [Classification Report - split=validation epoch=15 - threshold=0.50]
2026-08-21 04:43:08 - INFO -                 precision    recall  f1-score   support
2026-08-21 04:43:08 - INFO - 
2026-08-21 04:43:08 - INFO -       safe (0)     0.8378    0.7848    0.8105        79
2026-08-21 04:43:08 - INFO - vulnerable (1)     0.7821    0.8356    0.8079        73
2026-08-21 04:43:08 - INFO - 
2026-08-21 04:43:08 - INFO -       accuracy                         0.8092       152
2026-08-21 04:43:08 - INFO -      macro avg     0.8099    0.8102    0.8092       152
2026-08-21 04:43:08 - INFO -   weighted avg     0.8110    0.8092    0.8093       152
2026-08-21 04:43:08 - INFO - Confusion matrix - [[tn=62, fp=17], [fn=12, tp=61]]
2026-08-21 04:43:08 - INFO - probability_positive min=0.0000 mean=0.5079 std=0.4884 max=1.0000 predicted_0=74 predicted_1=78
2026-08-21 04:43:24 - INFO - Epoch 16/30 | Train loss: 0.037183 | Val loss: 1.531567 | LR: 2.00e-05 | Best epoch: 13 | Patience: 3 | Train: 14.70s | Validation: 1.60s | Epoch: 16.30s | Total: 264.73s
2026-08-21 04:43:24 - INFO - RecAdam target-task weight at epoch end: 1.000000
2026-08-21 04:43:24 - INFO - [Classification Report - split=train epoch=16 - threshold=0.50]
2026-08-21 04:43:24 - INFO -                 precision    recall  f1-score   support
2026-08-21 04:43:24 - INFO - 
2026-08-21 04:43:24 - INFO -       safe (0)     0.9911    0.9911    0.9911       224
2026-08-21 04:43:24 - INFO - vulnerable (1)     0.9913    0.9913    0.9913       231
2026-08-21 04:43:24 - INFO - 
2026-08-21 04:43:24 - INFO -       accuracy                         0.9912       455
2026-08-21 04:43:24 - INFO -      macro avg     0.9912    0.9912    0.9912       455
2026-08-21 04:43:24 - INFO -   weighted avg     0.9912    0.9912    0.9912       455
2026-08-21 04:43:24 - INFO - Confusion matrix - [[tn=222, fp=2], [fn=2, tp=229]]
2026-08-21 04:43:24 - INFO - probability_positive min=0.0000 mean=0.5059 std=0.4961 max=1.0000 predicted_0=224 predicted_1=231
2026-08-21 04:43:24 - INFO - [Classification Report - split=validation epoch=16 - threshold=0.50]
2026-08-21 04:43:24 - INFO -                 precision    recall  f1-score   support
2026-08-21 04:43:24 - INFO - 
2026-08-21 04:43:24 - INFO -       safe (0)     0.8676    0.7468    0.8027        79
2026-08-21 04:43:24 - INFO - vulnerable (1)     0.7619    0.8767    0.8153        73
2026-08-21 04:43:24 - INFO - 
2026-08-21 04:43:24 - INFO -       accuracy                         0.8092       152
2026-08-21 04:43:24 - INFO -      macro avg     0.8148    0.8118    0.8090       152
2026-08-21 04:43:24 - INFO -   weighted avg     0.8169    0.8092    0.8088       152
2026-08-21 04:43:24 - INFO - Confusion matrix - [[tn=59, fp=20], [fn=9, tp=64]]
2026-08-21 04:43:24 - INFO - probability_positive min=0.0000 mean=0.5526 std=0.4921 max=1.0000 predicted_0=68 predicted_1=84
2026-08-21 04:43:41 - INFO - Epoch 17/30 | Train loss: 0.026730 | Val loss: 1.477133 | LR: 2.00e-05 | Best epoch: 13 | Patience: 4 | Train: 14.70s | Validation: 1.60s | Epoch: 16.30s | Total: 281.04s
2026-08-21 04:43:41 - INFO - RecAdam target-task weight at epoch end: 1.000000
2026-08-21 04:43:41 - INFO - [Classification Report - split=train epoch=17 - threshold=0.50]
2026-08-21 04:43:41 - INFO -                 precision    recall  f1-score   support
2026-08-21 04:43:41 - INFO - 
2026-08-21 04:43:41 - INFO -       safe (0)     0.9955    0.9866    0.9910       224
2026-08-21 04:43:41 - INFO - vulnerable (1)     0.9871    0.9957    0.9914       231
2026-08-21 04:43:41 - INFO - 
2026-08-21 04:43:41 - INFO -       accuracy                         0.9912       455
2026-08-21 04:43:41 - INFO -      macro avg     0.9913    0.9911    0.9912       455
2026-08-21 04:43:41 - INFO -   weighted avg     0.9912    0.9912    0.9912       455
2026-08-21 04:43:41 - INFO - Confusion matrix - [[tn=221, fp=3], [fn=1, tp=230]]
2026-08-21 04:43:41 - INFO - probability_positive min=0.0000 mean=0.5121 std=0.4950 max=1.0000 predicted_0=222 predicted_1=233
2026-08-21 04:43:41 - INFO - [Classification Report - split=validation epoch=17 - threshold=0.50]
2026-08-21 04:43:41 - INFO -                 precision    recall  f1-score   support
2026-08-21 04:43:41 - INFO - 
2026-08-21 04:43:41 - INFO -       safe (0)     0.8158    0.7848    0.8000        79
2026-08-21 04:43:41 - INFO - vulnerable (1)     0.7763    0.8082    0.7919        73
2026-08-21 04:43:41 - INFO - 
2026-08-21 04:43:41 - INFO -       accuracy                         0.7961       152
2026-08-21 04:43:41 - INFO -      macro avg     0.7961    0.7965    0.7960       152
2026-08-21 04:43:41 - INFO -   weighted avg     0.7968    0.7961    0.7961       152
2026-08-21 04:43:41 - INFO - Confusion matrix - [[tn=62, fp=17], [fn=14, tp=59]]
2026-08-21 04:43:41 - INFO - probability_positive min=0.0000 mean=0.4987 std=0.4935 max=1.0000 predicted_0=76 predicted_1=76
2026-08-21 04:43:57 - INFO - Epoch 18/30 | Train loss: 0.021316 | Val loss: 1.333580 | LR: 2.00e-05 | Best epoch: 13 | Patience: 5 | Train: 14.70s | Validation: 1.60s | Epoch: 16.30s | Total: 297.34s
2026-08-21 04:43:57 - INFO - RecAdam target-task weight at epoch end: 1.000000
2026-08-21 04:43:57 - INFO - [Classification Report - split=train epoch=18 - threshold=0.50]
2026-08-21 04:43:57 - INFO -                 precision    recall  f1-score   support
2026-08-21 04:43:57 - INFO - 
2026-08-21 04:43:57 - INFO -       safe (0)     0.9955    0.9821    0.9888       224
2026-08-21 04:43:57 - INFO - vulnerable (1)     0.9829    0.9957    0.9892       231
2026-08-21 04:43:57 - INFO - 
2026-08-21 04:43:57 - INFO -       accuracy                         0.9890       455
2026-08-21 04:43:57 - INFO -      macro avg     0.9892    0.9889    0.9890       455
2026-08-21 04:43:57 - INFO -   weighted avg     0.9891    0.9890    0.9890       455
2026-08-21 04:43:57 - INFO - Confusion matrix - [[tn=220, fp=4], [fn=1, tp=230]]
2026-08-21 04:43:57 - INFO - probability_positive min=0.0000 mean=0.5114 std=0.4970 max=1.0000 predicted_0=221 predicted_1=234
2026-08-21 04:43:57 - INFO - [Classification Report - split=validation epoch=18 - threshold=0.50]
2026-08-21 04:43:57 - INFO -                 precision    recall  f1-score   support
2026-08-21 04:43:57 - INFO - 
2026-08-21 04:43:57 - INFO -       safe (0)     0.8289    0.7975    0.8129        79
2026-08-21 04:43:57 - INFO - vulnerable (1)     0.7895    0.8219    0.8054        73
2026-08-21 04:43:57 - INFO - 
2026-08-21 04:43:57 - INFO -       accuracy                         0.8092       152
2026-08-21 04:43:57 - INFO -      macro avg     0.8092    0.8097    0.8091       152
2026-08-21 04:43:57 - INFO -   weighted avg     0.8100    0.8092    0.8093       152
2026-08-21 04:43:57 - INFO - Confusion matrix - [[tn=63, fp=16], [fn=13, tp=60]]
2026-08-21 04:43:57 - INFO - probability_positive min=0.0000 mean=0.4958 std=0.4884 max=1.0000 predicted_0=76 predicted_1=76
2026-08-21 04:43:57 - INFO - Early stopping | Epoch: 18 | Best epoch: 13
2026-08-21 04:43:57 - INFO - Best checkpoint saved | Path: model/edit_new_codebert/transfer_cwe/seed_42/fold2/best.pt | Epoch: 13 | Val macro_f1: 0.828680
2026-08-21 04:43:57 - INFO - Training finished | Elapsed: 297.35s
2026-08-21 04:43:57 - INFO - Run finished | Phase: phase2 | Fold: 2 | Seed: 42 | Elapsed: 300.32s
