2026-08-21 14:51:03 - INFO - Using device: cuda
2026-08-21 14:51:03 - INFO - Run started | Run: cb_lam_codebert | Method: baseline | Phase: baseline_train | Fold: 2 | Seed: 42 | Device: cuda
2026-08-21 14:51:04 - INFO - Loading Python validation data: data/sven_python_folds_norm/fold2/val.jsonl
2026-08-21 14:51:04 - INFO - Loading Python training data: data/sven_python_folds_norm/fold2/train.jsonl
2026-08-21 14:51:04 - INFO - Data split: python_train | Total: 456 | Labels: {0: 226, 1: 230} | CWEs: {'CWE-022': 43, 'CWE-078': 124, 'CWE-079': 43, 'CWE-089': 246} | Languages: {'python': 456} | Invalid CWE: 0
2026-08-21 14:51:04 - INFO - Data split: python_val | Total: 152 | Labels: {0: 80, 1: 72} | CWEs: {'CWE-022': 15, 'CWE-078': 38, 'CWE-079': 20, 'CWE-089': 79} | Languages: {'python': 152} | Invalid CWE: 0
2026-08-21 14:51:05 - INFO - Environment: {"components": {"backbone": {"frozen": 0, "total": 124645632, "trainable": 124645632}, "vul_head": {"frozen": 0, "total": 1538, "trainable": 1538}}, "cuda": "12.8", "fold": 2, "frozen_parameters": 0, "gpu": "NVIDIA GeForce RTX 4070 Ti SUPER", "hyperparameters": {"batch_size": 16, "checkpoint_path": "model/cb_lam_codebert/baseline/seed_42/fold2/best.pt", "data_root": "data/sven_python_folds_norm", "epochs": 30, "eval_batch_size": 16, "fold": 2, "learning_rate": 2e-05, "max_eval_samples": null, "max_grad_norm": 1.0, "max_length": 512, "max_train_samples": null, "method_name": "baseline", "min_epochs": 3, "model_name": "microsoft/codebert-base", "num_workers": 0, "patience": 5, "phase": "train", "pooling": "cls", "result_path": "results/cb_lam_codebert/baseline/seed_42/fold2.json", "run_name": "cb_lam_codebert", "seed": 42, "target_lang": "python", "test_path": null, "train_path": null, "truncation_strategy": "head_middle_tail", "val_path": null, "weight_decay": 0.01}, "mode": "baseline_train", "model_name": "microsoft/codebert-base", "seed": 42, "sklearn": "1.7.2", "torch": "2.11.0+cu128", "trainable_parameters": 124647170, "transformers": "4.57.1"}
2026-08-21 14:51:05 - INFO - Training started | Phase: baseline | Epochs: 30
2026-08-21 14:51:15 - INFO - Epoch 1/30 | Train loss: 0.700360 | Val loss: 0.689973 | LR: 2.00e-05 | Best epoch: 1 | Patience: 0 | Train: 8.26s | Validation: 0.87s | Epoch: 9.45s | Total: 9.45s
2026-08-21 14:51:15 - INFO - [Classification Report - split=train epoch=1 - threshold=0.50]
2026-08-21 14:51:15 - INFO -                 precision    recall  f1-score   support
2026-08-21 14:51:15 - INFO - 
2026-08-21 14:51:15 - INFO -       safe (0)     0.5231    0.5000    0.5113       226
2026-08-21 14:51:15 - INFO - vulnerable (1)     0.5292    0.5522    0.5404       230
2026-08-21 14:51:15 - INFO - 
2026-08-21 14:51:15 - INFO -       accuracy                         0.5263       456
2026-08-21 14:51:15 - INFO -      macro avg     0.5262    0.5261    0.5259       456
2026-08-21 14:51:15 - INFO -   weighted avg     0.5262    0.5263    0.5260       456
2026-08-21 14:51:15 - INFO - Confusion matrix - [[tn=113, fp=113], [fn=103, tp=127]]
2026-08-21 14:51:15 - INFO - probability_positive min=0.3036 mean=0.5049 std=0.0803 max=0.7355 predicted_0=216 predicted_1=240
2026-08-21 14:51:15 - INFO - [Classification Report - split=validation epoch=1 - threshold=0.50]
2026-08-21 14:51:15 - INFO -                 precision    recall  f1-score   support
2026-08-21 14:51:15 - INFO - 
2026-08-21 14:51:15 - INFO -       safe (0)     0.5306    0.9750    0.6872        80
2026-08-21 14:51:15 - INFO - vulnerable (1)     0.6000    0.0417    0.0779        72
2026-08-21 14:51:15 - INFO - 
2026-08-21 14:51:15 - INFO -       accuracy                         0.5329       152
2026-08-21 14:51:15 - INFO -      macro avg     0.5653    0.5083    0.3826       152
2026-08-21 14:51:15 - INFO -   weighted avg     0.5635    0.5329    0.3986       152
2026-08-21 14:51:15 - INFO - Confusion matrix - [[tn=78, fp=2], [fn=69, tp=3]]
2026-08-21 14:51:15 - INFO - probability_positive min=0.4037 mean=0.4447 std=0.0228 max=0.5099 predicted_0=147 predicted_1=5
2026-08-21 14:51:15 - INFO - New best model | Macro-F1: 0.382573 | Epoch: 1
2026-08-21 14:51:24 - INFO - Epoch 2/30 | Train loss: 0.665558 | Val loss: 0.628523 | LR: 2.00e-05 | Best epoch: 2 | Patience: 0 | Train: 8.11s | Validation: 0.87s | Epoch: 9.49s | Total: 18.96s
2026-08-21 14:51:24 - INFO - [Classification Report - split=train epoch=2 - threshold=0.50]
2026-08-21 14:51:24 - INFO -                 precision    recall  f1-score   support
2026-08-21 14:51:24 - INFO - 
2026-08-21 14:51:24 - INFO -       safe (0)     0.5911    0.6460    0.6173       226
2026-08-21 14:51:24 - INFO - vulnerable (1)     0.6172    0.5609    0.5877       230
2026-08-21 14:51:24 - INFO - 
2026-08-21 14:51:24 - INFO -       accuracy                         0.6031       456
2026-08-21 14:51:24 - INFO -      macro avg     0.6042    0.6034    0.6025       456
2026-08-21 14:51:24 - INFO -   weighted avg     0.6043    0.6031    0.6024       456
2026-08-21 14:51:24 - INFO - Confusion matrix - [[tn=146, fp=80], [fn=101, tp=129]]
2026-08-21 14:51:24 - INFO - probability_positive min=0.2515 mean=0.4989 std=0.0846 max=0.7665 predicted_0=247 predicted_1=209
2026-08-21 14:51:24 - INFO - [Classification Report - split=validation epoch=2 - threshold=0.50]
2026-08-21 14:51:24 - INFO -                 precision    recall  f1-score   support
2026-08-21 14:51:24 - INFO - 
2026-08-21 14:51:24 - INFO -       safe (0)     0.7049    0.5375    0.6099        80
2026-08-21 14:51:24 - INFO - vulnerable (1)     0.5934    0.7500    0.6626        72
2026-08-21 14:51:24 - INFO - 
2026-08-21 14:51:24 - INFO -       accuracy                         0.6382       152
2026-08-21 14:51:24 - INFO -      macro avg     0.6492    0.6438    0.6363       152
2026-08-21 14:51:24 - INFO -   weighted avg     0.6521    0.6382    0.6349       152
2026-08-21 14:51:24 - INFO - Confusion matrix - [[tn=43, fp=37], [fn=18, tp=54]]
2026-08-21 14:51:24 - INFO - probability_positive min=0.1895 mean=0.5331 std=0.1709 max=0.8280 predicted_0=61 predicted_1=91
2026-08-21 14:51:24 - INFO - New best model | Macro-F1: 0.636253 | Epoch: 2
2026-08-21 14:51:34 - INFO - Epoch 3/30 | Train loss: 0.545152 | Val loss: 0.573837 | LR: 2.00e-05 | Best epoch: 3 | Patience: 0 | Train: 8.12s | Validation: 0.87s | Epoch: 9.48s | Total: 28.47s
2026-08-21 14:51:34 - INFO - [Classification Report - split=train epoch=3 - threshold=0.50]
2026-08-21 14:51:34 - INFO -                 precision    recall  f1-score   support
2026-08-21 14:51:34 - INFO - 
2026-08-21 14:51:34 - INFO -       safe (0)     0.7653    0.6637    0.7109       226
2026-08-21 14:51:34 - INFO - vulnerable (1)     0.7077    0.8000    0.7510       230
2026-08-21 14:51:34 - INFO - 
2026-08-21 14:51:34 - INFO -       accuracy                         0.7325       456
2026-08-21 14:51:34 - INFO -      macro avg     0.7365    0.7319    0.7310       456
2026-08-21 14:51:34 - INFO -   weighted avg     0.7362    0.7325    0.7311       456
2026-08-21 14:51:34 - INFO - Confusion matrix - [[tn=150, fp=76], [fn=46, tp=184]]
2026-08-21 14:51:34 - INFO - probability_positive min=0.0320 mean=0.5156 std=0.2726 max=0.9572 predicted_0=196 predicted_1=260
2026-08-21 14:51:34 - INFO - [Classification Report - split=validation epoch=3 - threshold=0.50]
2026-08-21 14:51:34 - INFO -                 precision    recall  f1-score   support
2026-08-21 14:51:34 - INFO - 
2026-08-21 14:51:34 - INFO -       safe (0)     0.7705    0.5875    0.6667        80
2026-08-21 14:51:34 - INFO - vulnerable (1)     0.6374    0.8056    0.7117        72
2026-08-21 14:51:34 - INFO - 
2026-08-21 14:51:34 - INFO -       accuracy                         0.6908       152
2026-08-21 14:51:34 - INFO -      macro avg     0.7039    0.6965    0.6892       152
2026-08-21 14:51:34 - INFO -   weighted avg     0.7074    0.6908    0.6880       152
2026-08-21 14:51:34 - INFO - Confusion matrix - [[tn=47, fp=33], [fn=14, tp=58]]
2026-08-21 14:51:34 - INFO - probability_positive min=0.0285 mean=0.5172 std=0.2909 max=0.9248 predicted_0=61 predicted_1=91
2026-08-21 14:51:34 - INFO - New best model | Macro-F1: 0.689162 | Epoch: 3
2026-08-21 14:51:43 - INFO - Epoch 4/30 | Train loss: 0.376898 | Val loss: 0.692887 | LR: 2.00e-05 | Best epoch: 4 | Patience: 1 | Train: 8.13s | Validation: 0.87s | Epoch: 9.52s | Total: 38.02s
2026-08-21 14:51:43 - INFO - [Classification Report - split=train epoch=4 - threshold=0.50]
2026-08-21 14:51:43 - INFO -                 precision    recall  f1-score   support
2026-08-21 14:51:43 - INFO - 
2026-08-21 14:51:43 - INFO -       safe (0)     0.8611    0.8230    0.8416       226
2026-08-21 14:51:43 - INFO - vulnerable (1)     0.8333    0.8696    0.8511       230
2026-08-21 14:51:43 - INFO - 
2026-08-21 14:51:43 - INFO -       accuracy                         0.8465       456
2026-08-21 14:51:43 - INFO -      macro avg     0.8472    0.8463    0.8463       456
2026-08-21 14:51:43 - INFO -   weighted avg     0.8471    0.8465    0.8464       456
2026-08-21 14:51:43 - INFO - Confusion matrix - [[tn=186, fp=40], [fn=30, tp=200]]
2026-08-21 14:51:43 - INFO - probability_positive min=0.0058 mean=0.5033 std=0.3410 max=0.9918 predicted_0=216 predicted_1=240
2026-08-21 14:51:43 - INFO - [Classification Report - split=validation epoch=4 - threshold=0.50]
2026-08-21 14:51:43 - INFO -                 precision    recall  f1-score   support
2026-08-21 14:51:43 - INFO - 
2026-08-21 14:51:43 - INFO -       safe (0)     0.6988    0.7250    0.7117        80
2026-08-21 14:51:43 - INFO - vulnerable (1)     0.6812    0.6528    0.6667        72
2026-08-21 14:51:43 - INFO - 
2026-08-21 14:51:43 - INFO -       accuracy                         0.6908       152
2026-08-21 14:51:43 - INFO -      macro avg     0.6900    0.6889    0.6892       152
2026-08-21 14:51:43 - INFO -   weighted avg     0.6904    0.6908    0.6903       152
2026-08-21 14:51:43 - INFO - Confusion matrix - [[tn=58, fp=22], [fn=25, tp=47]]
2026-08-21 14:51:43 - INFO - probability_positive min=0.0031 mean=0.4604 std=0.3989 max=0.9950 predicted_0=83 predicted_1=69
2026-08-21 14:51:43 - INFO - Latest tied-best checkpoint saved | Macro-F1: 0.689162 | Epoch: 4
2026-08-21 14:51:53 - INFO - Epoch 5/30 | Train loss: 0.326330 | Val loss: 0.796946 | LR: 2.00e-05 | Best epoch: 5 | Patience: 0 | Train: 8.13s | Validation: 0.87s | Epoch: 9.52s | Total: 47.55s
2026-08-21 14:51:53 - INFO - [Classification Report - split=train epoch=5 - threshold=0.50]
2026-08-21 14:51:53 - INFO -                 precision    recall  f1-score   support
2026-08-21 14:51:53 - INFO - 
2026-08-21 14:51:53 - INFO -       safe (0)     0.8584    0.8584    0.8584       226
2026-08-21 14:51:53 - INFO - vulnerable (1)     0.8609    0.8609    0.8609       230
2026-08-21 14:51:53 - INFO - 
2026-08-21 14:51:53 - INFO -       accuracy                         0.8596       456
2026-08-21 14:51:53 - INFO -      macro avg     0.8596    0.8596    0.8596       456
2026-08-21 14:51:53 - INFO -   weighted avg     0.8596    0.8596    0.8596       456
2026-08-21 14:51:53 - INFO - Confusion matrix - [[tn=194, fp=32], [fn=32, tp=198]]
2026-08-21 14:51:53 - INFO - probability_positive min=0.0027 mean=0.4984 std=0.4028 max=0.9971 predicted_0=226 predicted_1=230
2026-08-21 14:51:53 - INFO - [Classification Report - split=validation epoch=5 - threshold=0.50]
2026-08-21 14:51:53 - INFO -                 precision    recall  f1-score   support
2026-08-21 14:51:53 - INFO - 
2026-08-21 14:51:53 - INFO -       safe (0)     0.7000    0.8750    0.7778        80
2026-08-21 14:51:53 - INFO - vulnerable (1)     0.8077    0.5833    0.6774        72
2026-08-21 14:51:53 - INFO - 
2026-08-21 14:51:53 - INFO -       accuracy                         0.7368       152
2026-08-21 14:51:53 - INFO -      macro avg     0.7538    0.7292    0.7276       152
2026-08-21 14:51:53 - INFO -   weighted avg     0.7510    0.7368    0.7302       152
2026-08-21 14:51:53 - INFO - Confusion matrix - [[tn=70, fp=10], [fn=30, tp=42]]
2026-08-21 14:51:53 - INFO - probability_positive min=0.0022 mean=0.3466 std=0.4095 max=0.9945 predicted_0=100 predicted_1=52
2026-08-21 14:51:53 - INFO - New best model | Macro-F1: 0.727599 | Epoch: 5
2026-08-21 14:52:03 - INFO - Epoch 6/30 | Train loss: 0.214849 | Val loss: 0.768043 | LR: 2.00e-05 | Best epoch: 6 | Patience: 0 | Train: 8.13s | Validation: 0.87s | Epoch: 9.53s | Total: 57.11s
2026-08-21 14:52:03 - INFO - [Classification Report - split=train epoch=6 - threshold=0.50]
2026-08-21 14:52:03 - INFO -                 precision    recall  f1-score   support
2026-08-21 14:52:03 - INFO - 
2026-08-21 14:52:03 - INFO -       safe (0)     0.9193    0.9071    0.9131       226
2026-08-21 14:52:03 - INFO - vulnerable (1)     0.9099    0.9217    0.9158       230
2026-08-21 14:52:03 - INFO - 
2026-08-21 14:52:03 - INFO -       accuracy                         0.9145       456
2026-08-21 14:52:03 - INFO -      macro avg     0.9146    0.9144    0.9145       456
2026-08-21 14:52:03 - INFO -   weighted avg     0.9145    0.9145    0.9145       456
2026-08-21 14:52:03 - INFO - Confusion matrix - [[tn=205, fp=21], [fn=18, tp=212]]
2026-08-21 14:52:03 - INFO - probability_positive min=0.0028 mean=0.5011 std=0.4342 max=0.9988 predicted_0=223 predicted_1=233
2026-08-21 14:52:03 - INFO - [Classification Report - split=validation epoch=6 - threshold=0.50]
2026-08-21 14:52:03 - INFO -                 precision    recall  f1-score   support
2026-08-21 14:52:03 - INFO - 
2026-08-21 14:52:03 - INFO -       safe (0)     0.7662    0.7375    0.7516        80
2026-08-21 14:52:03 - INFO - vulnerable (1)     0.7200    0.7500    0.7347        72
2026-08-21 14:52:03 - INFO - 
2026-08-21 14:52:03 - INFO -       accuracy                         0.7434       152
2026-08-21 14:52:03 - INFO -      macro avg     0.7431    0.7438    0.7431       152
2026-08-21 14:52:03 - INFO -   weighted avg     0.7443    0.7434    0.7436       152
2026-08-21 14:52:03 - INFO - Confusion matrix - [[tn=59, fp=21], [fn=18, tp=54]]
2026-08-21 14:52:03 - INFO - probability_positive min=0.0028 mean=0.5086 std=0.4372 max=0.9989 predicted_0=77 predicted_1=75
2026-08-21 14:52:03 - INFO - New best model | Macro-F1: 0.743143 | Epoch: 6
2026-08-21 14:52:12 - INFO - Epoch 7/30 | Train loss: 0.193828 | Val loss: 0.839082 | LR: 2.00e-05 | Best epoch: 6 | Patience: 1 | Train: 8.14s | Validation: 0.87s | Epoch: 9.00s | Total: 66.13s
2026-08-21 14:52:12 - INFO - [Classification Report - split=train epoch=7 - threshold=0.50]
2026-08-21 14:52:12 - INFO -                 precision    recall  f1-score   support
2026-08-21 14:52:12 - INFO - 
2026-08-21 14:52:12 - INFO -       safe (0)     0.9248    0.9248    0.9248       226
2026-08-21 14:52:12 - INFO - vulnerable (1)     0.9261    0.9261    0.9261       230
2026-08-21 14:52:12 - INFO - 
2026-08-21 14:52:12 - INFO -       accuracy                         0.9254       456
2026-08-21 14:52:12 - INFO -      macro avg     0.9254    0.9254    0.9254       456
2026-08-21 14:52:12 - INFO -   weighted avg     0.9254    0.9254    0.9254       456
2026-08-21 14:52:12 - INFO - Confusion matrix - [[tn=209, fp=17], [fn=17, tp=213]]
2026-08-21 14:52:12 - INFO - probability_positive min=0.0015 mean=0.5157 std=0.4532 max=0.9995 predicted_0=226 predicted_1=230
2026-08-21 14:52:12 - INFO - [Classification Report - split=validation epoch=7 - threshold=0.50]
2026-08-21 14:52:12 - INFO -                 precision    recall  f1-score   support
2026-08-21 14:52:12 - INFO - 
2026-08-21 14:52:12 - INFO -       safe (0)     0.7253    0.8250    0.7719        80
2026-08-21 14:52:12 - INFO - vulnerable (1)     0.7705    0.6528    0.7068        72
2026-08-21 14:52:12 - INFO - 
2026-08-21 14:52:12 - INFO -       accuracy                         0.7434       152
2026-08-21 14:52:12 - INFO -      macro avg     0.7479    0.7389    0.7393       152
2026-08-21 14:52:12 - INFO -   weighted avg     0.7467    0.7434    0.7411       152
2026-08-21 14:52:12 - INFO - Confusion matrix - [[tn=66, fp=14], [fn=25, tp=47]]
2026-08-21 14:52:12 - INFO - probability_positive min=0.0014 mean=0.4191 std=0.4399 max=0.9993 predicted_0=91 predicted_1=61
2026-08-21 14:52:21 - INFO - Epoch 8/30 | Train loss: 0.135183 | Val loss: 1.209261 | LR: 2.00e-05 | Best epoch: 6 | Patience: 2 | Train: 8.13s | Validation: 0.87s | Epoch: 9.00s | Total: 75.14s
2026-08-21 14:52:21 - INFO - [Classification Report - split=train epoch=8 - threshold=0.50]
2026-08-21 14:52:21 - INFO -                 precision    recall  f1-score   support
2026-08-21 14:52:21 - INFO - 
2026-08-21 14:52:21 - INFO -       safe (0)     0.9467    0.9425    0.9446       226
2026-08-21 14:52:21 - INFO - vulnerable (1)     0.9437    0.9478    0.9458       230
2026-08-21 14:52:21 - INFO - 
2026-08-21 14:52:21 - INFO -       accuracy                         0.9452       456
2026-08-21 14:52:21 - INFO -      macro avg     0.9452    0.9452    0.9452       456
2026-08-21 14:52:21 - INFO -   weighted avg     0.9452    0.9452    0.9452       456
2026-08-21 14:52:21 - INFO - Confusion matrix - [[tn=213, fp=13], [fn=12, tp=218]]
2026-08-21 14:52:21 - INFO - probability_positive min=0.0007 mean=0.5063 std=0.4610 max=0.9993 predicted_0=225 predicted_1=231
2026-08-21 14:52:21 - INFO - [Classification Report - split=validation epoch=8 - threshold=0.50]
2026-08-21 14:52:21 - INFO -                 precision    recall  f1-score   support
2026-08-21 14:52:21 - INFO - 
2026-08-21 14:52:21 - INFO -       safe (0)     0.7128    0.8375    0.7701        80
2026-08-21 14:52:21 - INFO - vulnerable (1)     0.7759    0.6250    0.6923        72
2026-08-21 14:52:21 - INFO - 
2026-08-21 14:52:21 - INFO -       accuracy                         0.7368       152
2026-08-21 14:52:21 - INFO -      macro avg     0.7443    0.7312    0.7312       152
2026-08-21 14:52:21 - INFO -   weighted avg     0.7427    0.7368    0.7333       152
2026-08-21 14:52:21 - INFO - Confusion matrix - [[tn=67, fp=13], [fn=27, tp=45]]
2026-08-21 14:52:21 - INFO - probability_positive min=0.0003 mean=0.3782 std=0.4550 max=0.9995 predicted_0=94 predicted_1=58
2026-08-21 14:52:30 - INFO - Epoch 9/30 | Train loss: 0.136825 | Val loss: 1.202471 | LR: 2.00e-05 | Best epoch: 6 | Patience: 3 | Train: 8.15s | Validation: 0.87s | Epoch: 9.02s | Total: 84.16s
2026-08-21 14:52:30 - INFO - [Classification Report - split=train epoch=9 - threshold=0.50]
2026-08-21 14:52:30 - INFO -                 precision    recall  f1-score   support
2026-08-21 14:52:30 - INFO - 
2026-08-21 14:52:30 - INFO -       safe (0)     0.9507    0.9381    0.9443       226
2026-08-21 14:52:30 - INFO - vulnerable (1)     0.9399    0.9522    0.9460       230
2026-08-21 14:52:30 - INFO - 
2026-08-21 14:52:30 - INFO -       accuracy                         0.9452       456
2026-08-21 14:52:30 - INFO -      macro avg     0.9453    0.9451    0.9452       456
2026-08-21 14:52:30 - INFO -   weighted avg     0.9452    0.9452    0.9452       456
2026-08-21 14:52:30 - INFO - Confusion matrix - [[tn=212, fp=14], [fn=11, tp=219]]
2026-08-21 14:52:30 - INFO - probability_positive min=0.0004 mean=0.5150 std=0.4747 max=0.9998 predicted_0=223 predicted_1=233
2026-08-21 14:52:30 - INFO - [Classification Report - split=validation epoch=9 - threshold=0.50]
2026-08-21 14:52:30 - INFO -                 precision    recall  f1-score   support
2026-08-21 14:52:30 - INFO - 
2026-08-21 14:52:30 - INFO -       safe (0)     0.7204    0.8375    0.7746        80
2026-08-21 14:52:30 - INFO - vulnerable (1)     0.7797    0.6389    0.7023        72
2026-08-21 14:52:30 - INFO - 
2026-08-21 14:52:30 - INFO -       accuracy                         0.7434       152
2026-08-21 14:52:30 - INFO -      macro avg     0.7500    0.7382    0.7384       152
2026-08-21 14:52:30 - INFO -   weighted avg     0.7485    0.7434    0.7403       152
2026-08-21 14:52:30 - INFO - Confusion matrix - [[tn=67, fp=13], [fn=26, tp=46]]
2026-08-21 14:52:30 - INFO - probability_positive min=0.0002 mean=0.3894 std=0.4644 max=0.9999 predicted_0=93 predicted_1=59
2026-08-21 14:52:39 - INFO - Epoch 10/30 | Train loss: 0.147625 | Val loss: 1.453043 | LR: 2.00e-05 | Best epoch: 6 | Patience: 4 | Train: 8.14s | Validation: 0.87s | Epoch: 9.01s | Total: 93.18s
2026-08-21 14:52:39 - INFO - [Classification Report - split=train epoch=10 - threshold=0.50]
2026-08-21 14:52:39 - INFO -                 precision    recall  f1-score   support
2026-08-21 14:52:39 - INFO - 
2026-08-21 14:52:39 - INFO -       safe (0)     0.9602    0.9602    0.9602       226
2026-08-21 14:52:39 - INFO - vulnerable (1)     0.9609    0.9609    0.9609       230
2026-08-21 14:52:39 - INFO - 
2026-08-21 14:52:39 - INFO -       accuracy                         0.9605       456
2026-08-21 14:52:39 - INFO -      macro avg     0.9605    0.9605    0.9605       456
2026-08-21 14:52:39 - INFO -   weighted avg     0.9605    0.9605    0.9605       456
2026-08-21 14:52:39 - INFO - Confusion matrix - [[tn=217, fp=9], [fn=9, tp=221]]
2026-08-21 14:52:39 - INFO - probability_positive min=0.0001 mean=0.5002 std=0.4845 max=0.9999 predicted_0=226 predicted_1=230
2026-08-21 14:52:39 - INFO - [Classification Report - split=validation epoch=10 - threshold=0.50]
2026-08-21 14:52:39 - INFO -                 precision    recall  f1-score   support
2026-08-21 14:52:39 - INFO - 
2026-08-21 14:52:39 - INFO -       safe (0)     0.6869    0.8500    0.7598        80
2026-08-21 14:52:39 - INFO - vulnerable (1)     0.7736    0.5694    0.6560        72
2026-08-21 14:52:39 - INFO - 
2026-08-21 14:52:39 - INFO -       accuracy                         0.7171       152
2026-08-21 14:52:39 - INFO -      macro avg     0.7302    0.7097    0.7079       152
2026-08-21 14:52:39 - INFO -   weighted avg     0.7279    0.7171    0.7106       152
2026-08-21 14:52:39 - INFO - Confusion matrix - [[tn=68, fp=12], [fn=31, tp=41]]
2026-08-21 14:52:39 - INFO - probability_positive min=0.0001 mean=0.3534 std=0.4608 max=0.9998 predicted_0=99 predicted_1=53
2026-08-21 14:52:48 - INFO - Epoch 11/30 | Train loss: 0.097257 | Val loss: 1.445718 | LR: 2.00e-05 | Best epoch: 6 | Patience: 5 | Train: 8.15s | Validation: 0.87s | Epoch: 9.02s | Total: 102.22s
2026-08-21 14:52:48 - INFO - [Classification Report - split=train epoch=11 - threshold=0.50]
2026-08-21 14:52:48 - INFO -                 precision    recall  f1-score   support
2026-08-21 14:52:48 - INFO - 
2026-08-21 14:52:48 - INFO -       safe (0)     0.9604    0.9646    0.9625       226
2026-08-21 14:52:48 - INFO - vulnerable (1)     0.9651    0.9609    0.9630       230
2026-08-21 14:52:48 - INFO - 
2026-08-21 14:52:48 - INFO -       accuracy                         0.9627       456
2026-08-21 14:52:48 - INFO -      macro avg     0.9627    0.9627    0.9627       456
2026-08-21 14:52:48 - INFO -   weighted avg     0.9627    0.9627    0.9627       456
2026-08-21 14:52:48 - INFO - Confusion matrix - [[tn=218, fp=8], [fn=9, tp=221]]
2026-08-21 14:52:48 - INFO - probability_positive min=0.0002 mean=0.5038 std=0.4827 max=0.9999 predicted_0=227 predicted_1=229
2026-08-21 14:52:48 - INFO - [Classification Report - split=validation epoch=11 - threshold=0.50]
2026-08-21 14:52:48 - INFO -                 precision    recall  f1-score   support
2026-08-21 14:52:48 - INFO - 
2026-08-21 14:52:48 - INFO -       safe (0)     0.6837    0.8375    0.7528        80
2026-08-21 14:52:48 - INFO - vulnerable (1)     0.7593    0.5694    0.6508        72
2026-08-21 14:52:48 - INFO - 
2026-08-21 14:52:48 - INFO -       accuracy                         0.7105       152
2026-08-21 14:52:48 - INFO -      macro avg     0.7215    0.7035    0.7018       152
2026-08-21 14:52:48 - INFO -   weighted avg     0.7195    0.7105    0.7045       152
2026-08-21 14:52:48 - INFO - Confusion matrix - [[tn=67, fp=13], [fn=31, tp=41]]
2026-08-21 14:52:48 - INFO - probability_positive min=0.0001 mean=0.3659 std=0.4587 max=0.9999 predicted_0=98 predicted_1=54
2026-08-21 14:52:48 - INFO - Early stopping | Epoch: 11 | Best epoch: 6
2026-08-21 14:52:48 - INFO - Best checkpoint saved | Path: model/cb_lam_codebert/baseline/seed_42/fold2/best.pt | Epoch: 6 | Val macro_f1: 0.743143
2026-08-21 14:52:48 - INFO - Training finished | Elapsed: 102.23s
2026-08-21 14:52:48 - INFO - Run finished | Phase: baseline_train | Fold: 2 | Seed: 42 | Elapsed: 104.72s
