2026-08-21 13:52:35 - INFO - Using device: cuda
2026-08-21 13:52:35 - INFO - Run started | Run: parent_new_t5pm | Method: transfer_cwe | Phase: phase2 | Fold: 3 | Seed: 42 | Device: cuda
2026-08-21 13:52:35 - INFO - Loading Python training data: data/sven_python_folds_norm/fold3/train.jsonl
2026-08-21 13:52:35 - INFO - Loading Python validation data: data/sven_python_folds_norm/fold3/val.jsonl
2026-08-21 13:52:35 - INFO - Data split: python_train | Total: 456 | Labels: {0: 217, 1: 239} | CWEs: {'CWE-022': 40, 'CWE-078': 125, 'CWE-079': 49, 'CWE-089': 242} | Languages: {'python': 456} | Invalid CWE: 0
2026-08-21 13:52:35 - INFO - Data split: python_val | Total: 152 | Labels: {0: 83, 1: 69} | CWEs: {'CWE-022': 11, 'CWE-078': 41, 'CWE-079': 13, 'CWE-089': 87} | Languages: {'python': 152} | Invalid CWE: 0
2026-08-21 13:52:35 - INFO - Auxiliary head width taken from checkpoint: 9
2026-08-21 13:52:37 - INFO - Loaded source checkpoint: model/parent_new_t5pm/transfer_cwe/seed_42/source/best.pt | Best epoch: 15 | Best Val Macro-F1: 0.536519
2026-08-21 13:52:37 - INFO - RecAdam schedule | Total steps: 870 | Steps/epoch: 29 | Anneal t0: 43 | Weights: {1: 0.10909682119561293, 29: 0.3318122278318339, 43: 0.5, 870: 1.0}
2026-08-21 13:52:37 - INFO - Environment: {"components": {"backbone": {"frozen": 0, "total": 109607040, "trainable": 109607040}, "cwe_head": {"frozen": 6921, "total": 6921, "trainable": 0}, "vul_head": {"frozen": 0, "total": 1538, "trainable": 1538}}, "cuda": "12.8", "fold": 3, "frozen_parameters": 6921, "gpu": "NVIDIA GeForce RTX 4070 Ti SUPER", "hyperparameters": {"anneal_fun": "sigmoid", "anneal_k": 0.05, "anneal_t0_ratio": 0.05, "anneal_w": 1.0, "aux_mode": "cwe", "batch_size": 16, "checkpoint_path": "model/parent_new_t5pm/transfer_cwe/seed_42/fold3/best.pt", "cwe_vocab": "precomputed", "data_path": "data/train_ccpp_filtered.jsonl", "data_root": "data/sven_python_folds_norm", "epochs": 30, "eval_batch_size": 16, "fold": 3, "freeze_backbone_layers": 0, "freeze_prototypes_steps": 0, "lambda_cwe": 0.2, "latent_temperature": 0.1, "learning_rate": 2e-05, "lora_rank": 0, "lp_epochs": 0, "lp_learning_rate": 0.001, "max_eval_samples": null, "max_grad_norm": 1.0, "max_length": 512, "max_train_samples": null, "method_name": "transfer_cwe", "min_epochs": 3, "model_name": "Salesforce/codet5p-220m", "num_cwes": 9, "num_latent": 8, "num_workers": 0, "output_dir": "results/parent_new_t5pm/transfer_cwe", "patience": 5, "phase": "phase2", "phase2_optimizer": "recadam", "pooling": "mean", "pretrain_cof": 5000.0, "recadam_anchor": "source", "result_path": "results/parent_new_t5pm/transfer_cwe/seed_42/fold3.json", "run_name": "parent_new_t5pm", "seed": 42, "selection_metric": "macro_f1", "source_checkpoint": "model/parent_new_t5pm/transfer_cwe/seed_42/source/best.pt", "source_interpolation": 1.0, "strict_determinism": false, "target_lang": "python", "test_path": null, "train_path": null, "truncation_strategy": "head_middle_tail", "val_path": null, "weight_decay": 0.01}, "mode": "phase2_train", "model_name": "Salesforce/codet5p-220m", "seed": 42, "sklearn": "1.7.2", "torch": "2.11.0+cu128", "trainable_parameters": 109608578, "transformers": "4.57.1"}
2026-08-21 13:52:37 - INFO - Training started | Phase: phase2 | Epochs: 30
2026-08-21 13:52:38 - INFO - RecAdam first-step safety checks passed
2026-08-21 13:52:49 - INFO - Epoch 1/30 | Train loss: 0.720740 | Val loss: 0.700969 | LR: 2.00e-05 | Best epoch: 1 | Patience: 0 | Train: 9.81s | Validation: 1.06s | Epoch: 11.15s | Total: 11.15s
2026-08-21 13:52:49 - INFO - RecAdam target-task weight at epoch end: 0.331812
2026-08-21 13:52:49 - INFO - [Classification Report - split=train epoch=1 - threshold=0.50]
2026-08-21 13:52:49 - INFO -                 precision    recall  f1-score   support
2026-08-21 13:52:49 - INFO - 
2026-08-21 13:52:49 - INFO -       safe (0)     0.5044    0.2627    0.3455       217
2026-08-21 13:52:49 - INFO - vulnerable (1)     0.5335    0.7657    0.6289       239
2026-08-21 13:52:49 - INFO - 
2026-08-21 13:52:49 - INFO -       accuracy                         0.5263       456
2026-08-21 13:52:49 - INFO -      macro avg     0.5190    0.5142    0.4872       456
2026-08-21 13:52:49 - INFO -   weighted avg     0.5197    0.5263    0.4940       456
2026-08-21 13:52:49 - INFO - Confusion matrix - [[tn=57, fp=160], [fn=56, tp=183]]
2026-08-21 13:52:49 - INFO - probability_positive min=0.1415 mean=0.5657 std=0.1010 max=0.8312 predicted_0=113 predicted_1=343
2026-08-21 13:52:49 - INFO - [Classification Report - split=validation epoch=1 - threshold=0.50]
2026-08-21 13:52:49 - INFO -                 precision    recall  f1-score   support
2026-08-21 13:52:49 - INFO - 
2026-08-21 13:52:49 - INFO -       safe (0)     0.5660    0.3614    0.4412        83
2026-08-21 13:52:49 - INFO - vulnerable (1)     0.4646    0.6667    0.5476        69
2026-08-21 13:52:49 - INFO - 
2026-08-21 13:52:49 - INFO -       accuracy                         0.5000       152
2026-08-21 13:52:49 - INFO -      macro avg     0.5153    0.5141    0.4944       152
2026-08-21 13:52:49 - INFO -   weighted avg     0.5200    0.5000    0.4895       152
2026-08-21 13:52:49 - INFO - Confusion matrix - [[tn=30, fp=53], [fn=23, tp=46]]
2026-08-21 13:52:49 - INFO - probability_positive min=0.0565 mean=0.5304 std=0.1025 max=0.7297 predicted_0=53 predicted_1=99
2026-08-21 13:52:49 - INFO - New best model | Macro-F1: 0.494398 | Epoch: 1
2026-08-21 13:53:00 - INFO - Epoch 2/30 | Train loss: 0.708279 | Val loss: 0.696199 | LR: 2.00e-05 | Best epoch: 2 | Patience: 0 | Train: 9.67s | Validation: 1.06s | Epoch: 11.15s | Total: 22.31s
2026-08-21 13:53:00 - INFO - RecAdam target-task weight at epoch end: 0.679179
2026-08-21 13:53:00 - INFO - [Classification Report - split=train epoch=2 - threshold=0.50]
2026-08-21 13:53:00 - INFO -                 precision    recall  f1-score   support
2026-08-21 13:53:00 - INFO - 
2026-08-21 13:53:00 - INFO -       safe (0)     0.4863    0.4101    0.4450       217
2026-08-21 13:53:00 - INFO - vulnerable (1)     0.5311    0.6067    0.5664       239
2026-08-21 13:53:00 - INFO - 
2026-08-21 13:53:00 - INFO -       accuracy                         0.5132       456
2026-08-21 13:53:00 - INFO -      macro avg     0.5087    0.5084    0.5057       456
2026-08-21 13:53:00 - INFO -   weighted avg     0.5098    0.5132    0.5086       456
2026-08-21 13:53:00 - INFO - Confusion matrix - [[tn=89, fp=128], [fn=94, tp=145]]
2026-08-21 13:53:00 - INFO - probability_positive min=0.1443 mean=0.5227 std=0.0786 max=0.7504 predicted_0=183 predicted_1=273
2026-08-21 13:53:00 - INFO - [Classification Report - split=validation epoch=2 - threshold=0.50]
2026-08-21 13:53:00 - INFO -                 precision    recall  f1-score   support
2026-08-21 13:53:00 - INFO - 
2026-08-21 13:53:00 - INFO -       safe (0)     0.6190    0.3133    0.4160        83
2026-08-21 13:53:00 - INFO - vulnerable (1)     0.4818    0.7681    0.5922        69
2026-08-21 13:53:00 - INFO - 
2026-08-21 13:53:00 - INFO -       accuracy                         0.5197       152
2026-08-21 13:53:00 - INFO -      macro avg     0.5504    0.5407    0.5041       152
2026-08-21 13:53:00 - INFO -   weighted avg     0.5568    0.5197    0.4960       152
2026-08-21 13:53:00 - INFO - Confusion matrix - [[tn=26, fp=57], [fn=16, tp=53]]
2026-08-21 13:53:00 - INFO - probability_positive min=0.0898 mean=0.5226 std=0.0717 max=0.6353 predicted_0=42 predicted_1=110
2026-08-21 13:53:00 - INFO - New best model | Macro-F1: 0.504089 | Epoch: 2
2026-08-21 13:53:10 - INFO - Epoch 3/30 | Train loss: 0.693529 | Val loss: 0.713748 | LR: 2.00e-05 | Best epoch: 2 | Patience: 1 | Train: 9.68s | Validation: 1.06s | Epoch: 10.74s | Total: 33.07s
2026-08-21 13:53:10 - INFO - RecAdam target-task weight at epoch end: 0.900250
2026-08-21 13:53:10 - INFO - [Classification Report - split=train epoch=3 - threshold=0.50]
2026-08-21 13:53:10 - INFO -                 precision    recall  f1-score   support
2026-08-21 13:53:10 - INFO - 
2026-08-21 13:53:10 - INFO -       safe (0)     0.5000    0.2627    0.3444       217
2026-08-21 13:53:10 - INFO - vulnerable (1)     0.5322    0.7615    0.6265       239
2026-08-21 13:53:10 - INFO - 
2026-08-21 13:53:10 - INFO -       accuracy                         0.5241       456
2026-08-21 13:53:10 - INFO -      macro avg     0.5161    0.5121    0.4855       456
2026-08-21 13:53:10 - INFO -   weighted avg     0.5169    0.5241    0.4923       456
2026-08-21 13:53:10 - INFO - Confusion matrix - [[tn=57, fp=160], [fn=57, tp=182]]
2026-08-21 13:53:10 - INFO - probability_positive min=0.2566 mean=0.5335 std=0.0599 max=0.7454 predicted_0=114 predicted_1=342
2026-08-21 13:53:10 - INFO - [Classification Report - split=validation epoch=3 - threshold=0.50]
2026-08-21 13:53:10 - INFO -                 precision    recall  f1-score   support
2026-08-21 13:53:10 - INFO - 
2026-08-21 13:53:10 - INFO -       safe (0)     0.5750    0.2771    0.3740        83
2026-08-21 13:53:10 - INFO - vulnerable (1)     0.4643    0.7536    0.5746        69
2026-08-21 13:53:10 - INFO - 
2026-08-21 13:53:10 - INFO -       accuracy                         0.4934       152
2026-08-21 13:53:10 - INFO -      macro avg     0.5196    0.5154    0.4743       152
2026-08-21 13:53:10 - INFO -   weighted avg     0.5247    0.4934    0.4650       152
2026-08-21 13:53:10 - INFO - Confusion matrix - [[tn=23, fp=60], [fn=17, tp=52]]
2026-08-21 13:53:10 - INFO - probability_positive min=0.1136 mean=0.5293 std=0.0686 max=0.6488 predicted_0=40 predicted_1=112
2026-08-21 13:53:21 - INFO - Epoch 4/30 | Train loss: 0.685971 | Val loss: 0.744624 | LR: 2.00e-05 | Best epoch: 2 | Patience: 2 | Train: 9.69s | Validation: 1.06s | Epoch: 10.75s | Total: 43.83s
2026-08-21 13:53:21 - INFO - RecAdam target-task weight at epoch end: 0.974667
2026-08-21 13:53:21 - INFO - [Classification Report - split=train epoch=4 - threshold=0.50]
2026-08-21 13:53:21 - INFO -                 precision    recall  f1-score   support
2026-08-21 13:53:21 - INFO - 
2026-08-21 13:53:21 - INFO -       safe (0)     0.5241    0.4516    0.4851       217
2026-08-21 13:53:21 - INFO - vulnerable (1)     0.5576    0.6276    0.5906       239
2026-08-21 13:53:21 - INFO - 
2026-08-21 13:53:21 - INFO -       accuracy                         0.5439       456
2026-08-21 13:53:21 - INFO -      macro avg     0.5408    0.5396    0.5378       456
2026-08-21 13:53:21 - INFO -   weighted avg     0.5417    0.5439    0.5404       456
2026-08-21 13:53:21 - INFO - Confusion matrix - [[tn=98, fp=119], [fn=89, tp=150]]
2026-08-21 13:53:21 - INFO - probability_positive min=0.1289 mean=0.5174 std=0.0712 max=0.7699 predicted_0=187 predicted_1=269
2026-08-21 13:53:21 - INFO - [Classification Report - split=validation epoch=4 - threshold=0.50]
2026-08-21 13:53:21 - INFO -                 precision    recall  f1-score   support
2026-08-21 13:53:21 - INFO - 
2026-08-21 13:53:21 - INFO -       safe (0)     0.5263    0.1205    0.1961        83
2026-08-21 13:53:21 - INFO - vulnerable (1)     0.4511    0.8696    0.5941        69
2026-08-21 13:53:21 - INFO - 
2026-08-21 13:53:21 - INFO -       accuracy                         0.4605       152
2026-08-21 13:53:21 - INFO -      macro avg     0.4887    0.4950    0.3951       152
2026-08-21 13:53:21 - INFO -   weighted avg     0.4922    0.4605    0.3767       152
2026-08-21 13:53:21 - INFO - Confusion matrix - [[tn=10, fp=73], [fn=9, tp=60]]
2026-08-21 13:53:21 - INFO - probability_positive min=0.1123 mean=0.5798 std=0.0811 max=0.6822 predicted_0=19 predicted_1=133
2026-08-21 13:53:32 - INFO - Epoch 5/30 | Train loss: 0.660724 | Val loss: 0.788792 | LR: 2.00e-05 | Best epoch: 2 | Patience: 3 | Train: 9.69s | Validation: 1.06s | Epoch: 10.75s | Total: 54.59s
2026-08-21 13:53:32 - INFO - RecAdam target-task weight at epoch end: 0.993940
2026-08-21 13:53:32 - INFO - [Classification Report - split=train epoch=5 - threshold=0.50]
2026-08-21 13:53:32 - INFO -                 precision    recall  f1-score   support
2026-08-21 13:53:32 - INFO - 
2026-08-21 13:53:32 - INFO -       safe (0)     0.5753    0.3871    0.4628       217
2026-08-21 13:53:32 - INFO - vulnerable (1)     0.5710    0.7406    0.6448       239
2026-08-21 13:53:32 - INFO - 
2026-08-21 13:53:32 - INFO -       accuracy                         0.5724       456
2026-08-21 13:53:32 - INFO -      macro avg     0.5732    0.5638    0.5538       456
2026-08-21 13:53:32 - INFO -   weighted avg     0.5730    0.5724    0.5582       456
2026-08-21 13:53:32 - INFO - Confusion matrix - [[tn=84, fp=133], [fn=62, tp=177]]
2026-08-21 13:53:32 - INFO - probability_positive min=0.0702 mean=0.5362 std=0.0974 max=0.8730 predicted_0=146 predicted_1=310
2026-08-21 13:53:32 - INFO - [Classification Report - split=validation epoch=5 - threshold=0.50]
2026-08-21 13:53:32 - INFO -                 precision    recall  f1-score   support
2026-08-21 13:53:32 - INFO - 
2026-08-21 13:53:32 - INFO -       safe (0)     0.4688    0.5422    0.5028        83
2026-08-21 13:53:32 - INFO - vulnerable (1)     0.3214    0.2609    0.2880        69
2026-08-21 13:53:32 - INFO - 
2026-08-21 13:53:32 - INFO -       accuracy                         0.4145       152
2026-08-21 13:53:32 - INFO -      macro avg     0.3951    0.4015    0.3954       152
2026-08-21 13:53:32 - INFO -   weighted avg     0.4019    0.4145    0.4053       152
2026-08-21 13:53:32 - INFO - Confusion matrix - [[tn=45, fp=38], [fn=51, tp=18]]
2026-08-21 13:53:32 - INFO - probability_positive min=0.0348 mean=0.4749 std=0.1266 max=0.8085 predicted_0=96 predicted_1=56
2026-08-21 13:53:43 - INFO - Epoch 6/30 | Train loss: 0.610141 | Val loss: 0.815020 | LR: 2.00e-05 | Best epoch: 6 | Patience: 0 | Train: 9.70s | Validation: 1.06s | Epoch: 11.19s | Total: 65.79s
2026-08-21 13:53:43 - INFO - RecAdam target-task weight at epoch end: 0.998572
2026-08-21 13:53:43 - INFO - [Classification Report - split=train epoch=6 - threshold=0.50]
2026-08-21 13:53:43 - INFO -                 precision    recall  f1-score   support
2026-08-21 13:53:43 - INFO - 
2026-08-21 13:53:43 - INFO -       safe (0)     0.6516    0.6636    0.6575       217
2026-08-21 13:53:43 - INFO - vulnerable (1)     0.6894    0.6778    0.6835       239
2026-08-21 13:53:43 - INFO - 
2026-08-21 13:53:43 - INFO -       accuracy                         0.6711       456
2026-08-21 13:53:43 - INFO -      macro avg     0.6705    0.6707    0.6705       456
2026-08-21 13:53:43 - INFO -   weighted avg     0.6714    0.6711    0.6712       456
2026-08-21 13:53:43 - INFO - Confusion matrix - [[tn=144, fp=73], [fn=77, tp=162]]
2026-08-21 13:53:43 - INFO - probability_positive min=0.0219 mean=0.5092 std=0.1448 max=0.9132 predicted_0=221 predicted_1=235
2026-08-21 13:53:43 - INFO - [Classification Report - split=validation epoch=6 - threshold=0.50]
2026-08-21 13:53:43 - INFO -                 precision    recall  f1-score   support
2026-08-21 13:53:43 - INFO - 
2026-08-21 13:53:43 - INFO -       safe (0)     0.5506    0.5904    0.5698        83
2026-08-21 13:53:43 - INFO - vulnerable (1)     0.4603    0.4203    0.4394        69
2026-08-21 13:53:43 - INFO - 
2026-08-21 13:53:43 - INFO -       accuracy                         0.5132       152
2026-08-21 13:53:43 - INFO -      macro avg     0.5054    0.5053    0.5046       152
2026-08-21 13:53:43 - INFO -   weighted avg     0.5096    0.5132    0.5106       152
2026-08-21 13:53:43 - INFO - Confusion matrix - [[tn=49, fp=34], [fn=40, tp=29]]
2026-08-21 13:53:43 - INFO - probability_positive min=0.0129 mean=0.4588 std=0.2102 max=0.8919 predicted_0=89 predicted_1=63
2026-08-21 13:53:43 - INFO - New best model | Macro-F1: 0.504581 | Epoch: 6
2026-08-21 13:53:54 - INFO - Epoch 7/30 | Train loss: 0.457922 | Val loss: 0.689549 | LR: 2.00e-05 | Best epoch: 7 | Patience: 0 | Train: 9.69s | Validation: 1.06s | Epoch: 11.18s | Total: 76.99s
2026-08-21 13:53:54 - INFO - RecAdam target-task weight at epoch end: 0.999665
2026-08-21 13:53:54 - INFO - [Classification Report - split=train epoch=7 - threshold=0.50]
2026-08-21 13:53:54 - INFO -                 precision    recall  f1-score   support
2026-08-21 13:53:54 - INFO - 
2026-08-21 13:53:54 - INFO -       safe (0)     0.7854    0.7419    0.7630       217
2026-08-21 13:53:54 - INFO - vulnerable (1)     0.7769    0.8159    0.7959       239
2026-08-21 13:53:54 - INFO - 
2026-08-21 13:53:54 - INFO -       accuracy                         0.7807       456
2026-08-21 13:53:54 - INFO -      macro avg     0.7811    0.7789    0.7795       456
2026-08-21 13:53:54 - INFO -   weighted avg     0.7809    0.7807    0.7803       456
2026-08-21 13:53:54 - INFO - Confusion matrix - [[tn=161, fp=56], [fn=44, tp=195]]
2026-08-21 13:53:54 - INFO - probability_positive min=0.0102 mean=0.5220 std=0.2746 max=0.9677 predicted_0=205 predicted_1=251
2026-08-21 13:53:54 - INFO - [Classification Report - split=validation epoch=7 - threshold=0.50]
2026-08-21 13:53:54 - INFO -                 precision    recall  f1-score   support
2026-08-21 13:53:54 - INFO - 
2026-08-21 13:53:54 - INFO -       safe (0)     0.6932    0.7349    0.7135        83
2026-08-21 13:53:54 - INFO - vulnerable (1)     0.6562    0.6087    0.6316        69
2026-08-21 13:53:54 - INFO - 
2026-08-21 13:53:54 - INFO -       accuracy                         0.6776       152
2026-08-21 13:53:54 - INFO -      macro avg     0.6747    0.6718    0.6725       152
2026-08-21 13:53:54 - INFO -   weighted avg     0.6764    0.6776    0.6763       152
2026-08-21 13:53:54 - INFO - Confusion matrix - [[tn=61, fp=22], [fn=27, tp=42]]
2026-08-21 13:53:54 - INFO - probability_positive min=0.0115 mean=0.4461 std=0.3473 max=0.9818 predicted_0=88 predicted_1=64
2026-08-21 13:53:54 - INFO - New best model | Macro-F1: 0.672515 | Epoch: 7
2026-08-21 13:54:06 - INFO - Epoch 8/30 | Train loss: 0.261044 | Val loss: 0.743545 | LR: 2.00e-05 | Best epoch: 8 | Patience: 0 | Train: 9.69s | Validation: 1.06s | Epoch: 11.19s | Total: 88.19s
2026-08-21 13:54:06 - INFO - RecAdam target-task weight at epoch end: 0.999921
2026-08-21 13:54:06 - INFO - [Classification Report - split=train epoch=8 - threshold=0.50]
2026-08-21 13:54:06 - INFO -                 precision    recall  f1-score   support
2026-08-21 13:54:06 - INFO - 
2026-08-21 13:54:06 - INFO -       safe (0)     0.8899    0.8940    0.8920       217
2026-08-21 13:54:06 - INFO - vulnerable (1)     0.9034    0.8996    0.9015       239
2026-08-21 13:54:06 - INFO - 
2026-08-21 13:54:06 - INFO -       accuracy                         0.8969       456
2026-08-21 13:54:06 - INFO -      macro avg     0.8966    0.8968    0.8967       456
2026-08-21 13:54:06 - INFO -   weighted avg     0.8970    0.8969    0.8969       456
2026-08-21 13:54:06 - INFO - Confusion matrix - [[tn=194, fp=23], [fn=24, tp=215]]
2026-08-21 13:54:06 - INFO - probability_positive min=0.0045 mean=0.5187 std=0.3859 max=0.9857 predicted_0=218 predicted_1=238
2026-08-21 13:54:06 - INFO - [Classification Report - split=validation epoch=8 - threshold=0.50]
2026-08-21 13:54:06 - INFO -                 precision    recall  f1-score   support
2026-08-21 13:54:06 - INFO - 
2026-08-21 13:54:06 - INFO -       safe (0)     0.7531    0.7349    0.7439        83
2026-08-21 13:54:06 - INFO - vulnerable (1)     0.6901    0.7101    0.7000        69
2026-08-21 13:54:06 - INFO - 
2026-08-21 13:54:06 - INFO -       accuracy                         0.7237       152
2026-08-21 13:54:06 - INFO -      macro avg     0.7216    0.7225    0.7220       152
2026-08-21 13:54:06 - INFO -   weighted avg     0.7245    0.7237    0.7240       152
2026-08-21 13:54:06 - INFO - Confusion matrix - [[tn=61, fp=22], [fn=20, tp=49]]
2026-08-21 13:54:06 - INFO - probability_positive min=0.0033 mean=0.4759 std=0.4352 max=0.9911 predicted_0=81 predicted_1=71
2026-08-21 13:54:06 - INFO - New best model | Macro-F1: 0.721951 | Epoch: 8
2026-08-21 13:54:17 - INFO - Epoch 9/30 | Train loss: 0.181904 | Val loss: 0.798837 | LR: 2.00e-05 | Best epoch: 9 | Patience: 0 | Train: 9.69s | Validation: 1.06s | Epoch: 11.13s | Total: 99.35s
2026-08-21 13:54:17 - INFO - RecAdam target-task weight at epoch end: 0.999982
2026-08-21 13:54:17 - INFO - [Classification Report - split=train epoch=9 - threshold=0.50]
2026-08-21 13:54:17 - INFO -                 precision    recall  f1-score   support
2026-08-21 13:54:17 - INFO - 
2026-08-21 13:54:17 - INFO -       safe (0)     0.9517    0.9078    0.9292       217
2026-08-21 13:54:17 - INFO - vulnerable (1)     0.9197    0.9582    0.9385       239
2026-08-21 13:54:17 - INFO - 
2026-08-21 13:54:17 - INFO -       accuracy                         0.9342       456
2026-08-21 13:54:17 - INFO -      macro avg     0.9357    0.9330    0.9339       456
2026-08-21 13:54:17 - INFO -   weighted avg     0.9349    0.9342    0.9341       456
2026-08-21 13:54:17 - INFO - Confusion matrix - [[tn=197, fp=20], [fn=10, tp=229]]
2026-08-21 13:54:17 - INFO - probability_positive min=0.0037 mean=0.5372 std=0.4395 max=0.9943 predicted_0=207 predicted_1=249
2026-08-21 13:54:17 - INFO - [Classification Report - split=validation epoch=9 - threshold=0.50]
2026-08-21 13:54:17 - INFO -                 precision    recall  f1-score   support
2026-08-21 13:54:17 - INFO - 
2026-08-21 13:54:17 - INFO -       safe (0)     0.8148    0.7952    0.8049        83
2026-08-21 13:54:17 - INFO - vulnerable (1)     0.7606    0.7826    0.7714        69
2026-08-21 13:54:17 - INFO - 
2026-08-21 13:54:17 - INFO -       accuracy                         0.7895       152
2026-08-21 13:54:17 - INFO -      macro avg     0.7877    0.7889    0.7882       152
2026-08-21 13:54:17 - INFO -   weighted avg     0.7902    0.7895    0.7897       152
2026-08-21 13:54:17 - INFO - Confusion matrix - [[tn=66, fp=17], [fn=15, tp=54]]
2026-08-21 13:54:17 - INFO - probability_positive min=0.0021 mean=0.4591 std=0.4667 max=0.9960 predicted_0=81 predicted_1=71
2026-08-21 13:54:17 - INFO - New best model | Macro-F1: 0.788153 | Epoch: 9
2026-08-21 13:54:27 - INFO - Epoch 10/30 | Train loss: 0.130635 | Val loss: 0.929863 | LR: 2.00e-05 | Best epoch: 9 | Patience: 1 | Train: 9.69s | Validation: 1.06s | Epoch: 10.75s | Total: 110.10s
2026-08-21 13:54:27 - INFO - RecAdam target-task weight at epoch end: 0.999996
2026-08-21 13:54:27 - INFO - [Classification Report - split=train epoch=10 - threshold=0.50]
2026-08-21 13:54:27 - INFO -                 precision    recall  f1-score   support
2026-08-21 13:54:27 - INFO - 
2026-08-21 13:54:27 - INFO -       safe (0)     0.9488    0.9401    0.9444       217
2026-08-21 13:54:27 - INFO - vulnerable (1)     0.9461    0.9540    0.9500       239
2026-08-21 13:54:27 - INFO - 
2026-08-21 13:54:27 - INFO -       accuracy                         0.9474       456
2026-08-21 13:54:27 - INFO -      macro avg     0.9474    0.9470    0.9472       456
2026-08-21 13:54:27 - INFO -   weighted avg     0.9474    0.9474    0.9474       456
2026-08-21 13:54:27 - INFO - Confusion matrix - [[tn=204, fp=13], [fn=11, tp=228]]
2026-08-21 13:54:27 - INFO - probability_positive min=0.0018 mean=0.5261 std=0.4716 max=0.9971 predicted_0=215 predicted_1=241
2026-08-21 13:54:27 - INFO - [Classification Report - split=validation epoch=10 - threshold=0.50]
2026-08-21 13:54:27 - INFO -                 precision    recall  f1-score   support
2026-08-21 13:54:27 - INFO - 
2026-08-21 13:54:27 - INFO -       safe (0)     0.7419    0.8313    0.7841        83
2026-08-21 13:54:27 - INFO - vulnerable (1)     0.7627    0.6522    0.7031        69
2026-08-21 13:54:27 - INFO - 
2026-08-21 13:54:27 - INFO -       accuracy                         0.7500       152
2026-08-21 13:54:27 - INFO -      macro avg     0.7523    0.7417    0.7436       152
2026-08-21 13:54:27 - INFO -   weighted avg     0.7514    0.7500    0.7473       152
2026-08-21 13:54:27 - INFO - Confusion matrix - [[tn=69, fp=14], [fn=24, tp=45]]
2026-08-21 13:54:27 - INFO - probability_positive min=0.0011 mean=0.3980 std=0.4492 max=0.9973 predicted_0=93 predicted_1=59
2026-08-21 13:54:38 - INFO - Epoch 11/30 | Train loss: 0.118029 | Val loss: 0.890693 | LR: 2.00e-05 | Best epoch: 9 | Patience: 2 | Train: 9.69s | Validation: 1.06s | Epoch: 10.75s | Total: 120.86s
2026-08-21 13:54:38 - INFO - RecAdam target-task weight at epoch end: 0.999999
2026-08-21 13:54:38 - INFO - [Classification Report - split=train epoch=11 - threshold=0.50]
2026-08-21 13:54:38 - INFO -                 precision    recall  f1-score   support
2026-08-21 13:54:38 - INFO - 
2026-08-21 13:54:38 - INFO -       safe (0)     0.9452    0.9539    0.9495       217
2026-08-21 13:54:38 - INFO - vulnerable (1)     0.9578    0.9498    0.9538       239
2026-08-21 13:54:38 - INFO - 
2026-08-21 13:54:38 - INFO -       accuracy                         0.9518       456
2026-08-21 13:54:38 - INFO -      macro avg     0.9515    0.9519    0.9517       456
2026-08-21 13:54:38 - INFO -   weighted avg     0.9518    0.9518    0.9518       456
2026-08-21 13:54:38 - INFO - Confusion matrix - [[tn=207, fp=10], [fn=12, tp=227]]
2026-08-21 13:54:38 - INFO - probability_positive min=0.0015 mean=0.5210 std=0.4763 max=0.9977 predicted_0=219 predicted_1=237
2026-08-21 13:54:38 - INFO - [Classification Report - split=validation epoch=11 - threshold=0.50]
2026-08-21 13:54:38 - INFO -                 precision    recall  f1-score   support
2026-08-21 13:54:38 - INFO - 
2026-08-21 13:54:38 - INFO -       safe (0)     0.7976    0.8072    0.8024        83
2026-08-21 13:54:38 - INFO - vulnerable (1)     0.7647    0.7536    0.7591        69
2026-08-21 13:54:38 - INFO - 
2026-08-21 13:54:38 - INFO -       accuracy                         0.7829       152
2026-08-21 13:54:38 - INFO -      macro avg     0.7812    0.7804    0.7808       152
2026-08-21 13:54:38 - INFO -   weighted avg     0.7827    0.7829    0.7828       152
2026-08-21 13:54:38 - INFO - Confusion matrix - [[tn=67, fp=16], [fn=17, tp=52]]
2026-08-21 13:54:38 - INFO - probability_positive min=0.0009 mean=0.4466 std=0.4745 max=0.9979 predicted_0=84 predicted_1=68
2026-08-21 13:54:49 - INFO - Epoch 12/30 | Train loss: 0.102921 | Val loss: 0.942426 | LR: 2.00e-05 | Best epoch: 12 | Patience: 0 | Train: 9.69s | Validation: 1.06s | Epoch: 11.18s | Total: 132.05s
2026-08-21 13:54:49 - INFO - RecAdam target-task weight at epoch end: 1.000000
2026-08-21 13:54:49 - INFO - [Classification Report - split=train epoch=12 - threshold=0.50]
2026-08-21 13:54:49 - INFO -                 precision    recall  f1-score   support
2026-08-21 13:54:49 - INFO - 
2026-08-21 13:54:49 - INFO -       safe (0)     0.9552    0.9816    0.9682       217
2026-08-21 13:54:49 - INFO - vulnerable (1)     0.9828    0.9582    0.9703       239
2026-08-21 13:54:49 - INFO - 
2026-08-21 13:54:49 - INFO -       accuracy                         0.9693       456
2026-08-21 13:54:49 - INFO -      macro avg     0.9690    0.9699    0.9693       456
2026-08-21 13:54:49 - INFO -   weighted avg     0.9697    0.9693    0.9693       456
2026-08-21 13:54:49 - INFO - Confusion matrix - [[tn=213, fp=4], [fn=10, tp=229]]
2026-08-21 13:54:49 - INFO - probability_positive min=0.0010 mean=0.5113 std=0.4851 max=0.9981 predicted_0=223 predicted_1=233
2026-08-21 13:54:49 - INFO - [Classification Report - split=validation epoch=12 - threshold=0.50]
2026-08-21 13:54:49 - INFO -                 precision    recall  f1-score   support
2026-08-21 13:54:49 - INFO - 
2026-08-21 13:54:49 - INFO -       safe (0)     0.8395    0.8193    0.8293        83
2026-08-21 13:54:49 - INFO - vulnerable (1)     0.7887    0.8116    0.8000        69
2026-08-21 13:54:49 - INFO - 
2026-08-21 13:54:49 - INFO -       accuracy                         0.8158       152
2026-08-21 13:54:49 - INFO -      macro avg     0.8141    0.8154    0.8146       152
2026-08-21 13:54:49 - INFO -   weighted avg     0.8165    0.8158    0.8160       152
2026-08-21 13:54:49 - INFO - Confusion matrix - [[tn=68, fp=15], [fn=13, tp=56]]
2026-08-21 13:54:49 - INFO - probability_positive min=0.0007 mean=0.4707 std=0.4853 max=0.9987 predicted_0=81 predicted_1=71
2026-08-21 13:54:49 - INFO - New best model | Macro-F1: 0.814634 | Epoch: 12
2026-08-21 13:55:01 - INFO - Epoch 13/30 | Train loss: 0.070053 | Val loss: 0.943028 | LR: 2.00e-05 | Best epoch: 13 | Patience: 0 | Train: 9.69s | Validation: 1.06s | Epoch: 11.18s | Total: 143.25s
2026-08-21 13:55:01 - INFO - RecAdam target-task weight at epoch end: 1.000000
2026-08-21 13:55:01 - INFO - [Classification Report - split=train epoch=13 - threshold=0.50]
2026-08-21 13:55:01 - INFO -                 precision    recall  f1-score   support
2026-08-21 13:55:01 - INFO - 
2026-08-21 13:55:01 - INFO -       safe (0)     0.9680    0.9770    0.9725       217
2026-08-21 13:55:01 - INFO - vulnerable (1)     0.9789    0.9707    0.9748       239
2026-08-21 13:55:01 - INFO - 
2026-08-21 13:55:01 - INFO -       accuracy                         0.9737       456
2026-08-21 13:55:01 - INFO -      macro avg     0.9735    0.9738    0.9736       456
2026-08-21 13:55:01 - INFO -   weighted avg     0.9737    0.9737    0.9737       456
2026-08-21 13:55:01 - INFO - Confusion matrix - [[tn=212, fp=5], [fn=7, tp=232]]
2026-08-21 13:55:01 - INFO - probability_positive min=0.0011 mean=0.5232 std=0.4854 max=0.9988 predicted_0=219 predicted_1=237
2026-08-21 13:55:01 - INFO - [Classification Report - split=validation epoch=13 - threshold=0.50]
2026-08-21 13:55:01 - INFO -                 precision    recall  f1-score   support
2026-08-21 13:55:01 - INFO - 
2026-08-21 13:55:01 - INFO -       safe (0)     0.8684    0.7952    0.8302        83
2026-08-21 13:55:01 - INFO - vulnerable (1)     0.7763    0.8551    0.8138        69
2026-08-21 13:55:01 - INFO - 
2026-08-21 13:55:01 - INFO -       accuracy                         0.8224       152
2026-08-21 13:55:01 - INFO -      macro avg     0.8224    0.8251    0.8220       152
2026-08-21 13:55:01 - INFO -   weighted avg     0.8266    0.8224    0.8227       152
2026-08-21 13:55:01 - INFO - Confusion matrix - [[tn=66, fp=17], [fn=10, tp=59]]
2026-08-21 13:55:01 - INFO - probability_positive min=0.0006 mean=0.5015 std=0.4885 max=0.9991 predicted_0=76 predicted_1=76
2026-08-21 13:55:01 - INFO - New best model | Macro-F1: 0.821991 | Epoch: 13
2026-08-21 13:55:11 - INFO - Epoch 14/30 | Train loss: 0.059287 | Val loss: 1.047185 | LR: 2.00e-05 | Best epoch: 13 | Patience: 1 | Train: 9.69s | Validation: 1.06s | Epoch: 10.75s | Total: 154.02s
2026-08-21 13:55:11 - INFO - RecAdam target-task weight at epoch end: 1.000000
2026-08-21 13:55:11 - INFO - [Classification Report - split=train epoch=14 - threshold=0.50]
2026-08-21 13:55:11 - INFO -                 precision    recall  f1-score   support
2026-08-21 13:55:11 - INFO - 
2026-08-21 13:55:11 - INFO -       safe (0)     0.9638    0.9816    0.9726       217
2026-08-21 13:55:11 - INFO - vulnerable (1)     0.9830    0.9665    0.9747       239
2026-08-21 13:55:11 - INFO - 
2026-08-21 13:55:11 - INFO -       accuracy                         0.9737       456
2026-08-21 13:55:11 - INFO -      macro avg     0.9734    0.9740    0.9736       456
2026-08-21 13:55:11 - INFO -   weighted avg     0.9739    0.9737    0.9737       456
2026-08-21 13:55:11 - INFO - Confusion matrix - [[tn=213, fp=4], [fn=8, tp=231]]
2026-08-21 13:55:11 - INFO - probability_positive min=0.0007 mean=0.5166 std=0.4878 max=0.9990 predicted_0=221 predicted_1=235
2026-08-21 13:55:11 - INFO - [Classification Report - split=validation epoch=14 - threshold=0.50]
2026-08-21 13:55:11 - INFO -                 precision    recall  f1-score   support
2026-08-21 13:55:11 - INFO - 
2026-08-21 13:55:11 - INFO -       safe (0)     0.8873    0.7590    0.8182        83
2026-08-21 13:55:11 - INFO - vulnerable (1)     0.7531    0.8841    0.8133        69
2026-08-21 13:55:11 - INFO - 
2026-08-21 13:55:11 - INFO -       accuracy                         0.8158       152
2026-08-21 13:55:11 - INFO -      macro avg     0.8202    0.8215    0.8158       152
2026-08-21 13:55:11 - INFO -   weighted avg     0.8264    0.8158    0.8160       152
2026-08-21 13:55:11 - INFO - Confusion matrix - [[tn=63, fp=20], [fn=8, tp=61]]
2026-08-21 13:55:11 - INFO - probability_positive min=0.0005 mean=0.5294 std=0.4865 max=0.9993 predicted_0=71 predicted_1=81
2026-08-21 13:55:22 - INFO - Epoch 15/30 | Train loss: 0.050560 | Val loss: 1.049161 | LR: 2.00e-05 | Best epoch: 13 | Patience: 2 | Train: 9.69s | Validation: 1.06s | Epoch: 10.75s | Total: 164.78s
2026-08-21 13:55:22 - INFO - RecAdam target-task weight at epoch end: 1.000000
2026-08-21 13:55:22 - INFO - [Classification Report - split=train epoch=15 - threshold=0.50]
2026-08-21 13:55:22 - INFO -                 precision    recall  f1-score   support
2026-08-21 13:55:22 - INFO - 
2026-08-21 13:55:22 - INFO -       safe (0)     0.9769    0.9724    0.9746       217
2026-08-21 13:55:22 - INFO - vulnerable (1)     0.9750    0.9791    0.9770       239
2026-08-21 13:55:22 - INFO - 
2026-08-21 13:55:22 - INFO -       accuracy                         0.9759       456
2026-08-21 13:55:22 - INFO -      macro avg     0.9759    0.9757    0.9758       456
2026-08-21 13:55:22 - INFO -   weighted avg     0.9759    0.9759    0.9759       456
2026-08-21 13:55:22 - INFO - Confusion matrix - [[tn=211, fp=6], [fn=5, tp=234]]
2026-08-21 13:55:22 - INFO - probability_positive min=0.0006 mean=0.5290 std=0.4883 max=0.9992 predicted_0=216 predicted_1=240
2026-08-21 13:55:22 - INFO - [Classification Report - split=validation epoch=15 - threshold=0.50]
2026-08-21 13:55:22 - INFO -                 precision    recall  f1-score   support
2026-08-21 13:55:22 - INFO - 
2026-08-21 13:55:22 - INFO -       safe (0)     0.8462    0.7952    0.8199        83
2026-08-21 13:55:22 - INFO - vulnerable (1)     0.7703    0.8261    0.7972        69
2026-08-21 13:55:22 - INFO - 
2026-08-21 13:55:22 - INFO -       accuracy                         0.8092       152
2026-08-21 13:55:22 - INFO -      macro avg     0.8082    0.8106    0.8085       152
2026-08-21 13:55:22 - INFO -   weighted avg     0.8117    0.8092    0.8096       152
2026-08-21 13:55:22 - INFO - Confusion matrix - [[tn=66, fp=17], [fn=12, tp=57]]
2026-08-21 13:55:22 - INFO - probability_positive min=0.0004 mean=0.4827 std=0.4912 max=0.9994 predicted_0=78 predicted_1=74
2026-08-21 13:55:33 - INFO - Epoch 16/30 | Train loss: 0.045455 | Val loss: 1.097492 | LR: 2.00e-05 | Best epoch: 13 | Patience: 3 | Train: 9.69s | Validation: 1.06s | Epoch: 10.74s | Total: 175.53s
2026-08-21 13:55:33 - INFO - RecAdam target-task weight at epoch end: 1.000000
2026-08-21 13:55:33 - INFO - [Classification Report - split=train epoch=16 - threshold=0.50]
2026-08-21 13:55:33 - INFO -                 precision    recall  f1-score   support
2026-08-21 13:55:33 - INFO - 
2026-08-21 13:55:33 - INFO -       safe (0)     0.9860    0.9770    0.9815       217
2026-08-21 13:55:33 - INFO - vulnerable (1)     0.9793    0.9874    0.9833       239
2026-08-21 13:55:33 - INFO - 
2026-08-21 13:55:33 - INFO -       accuracy                         0.9825       456
2026-08-21 13:55:33 - INFO -      macro avg     0.9826    0.9822    0.9824       456
2026-08-21 13:55:33 - INFO -   weighted avg     0.9825    0.9825    0.9825       456
2026-08-21 13:55:33 - INFO - Confusion matrix - [[tn=212, fp=5], [fn=3, tp=236]]
2026-08-21 13:55:33 - INFO - probability_positive min=0.0007 mean=0.5237 std=0.4909 max=0.9994 predicted_0=215 predicted_1=241
2026-08-21 13:55:33 - INFO - [Classification Report - split=validation epoch=16 - threshold=0.50]
2026-08-21 13:55:33 - INFO -                 precision    recall  f1-score   support
2026-08-21 13:55:33 - INFO - 
2026-08-21 13:55:33 - INFO -       safe (0)     0.8395    0.8193    0.8293        83
2026-08-21 13:55:33 - INFO - vulnerable (1)     0.7887    0.8116    0.8000        69
2026-08-21 13:55:33 - INFO - 
2026-08-21 13:55:33 - INFO -       accuracy                         0.8158       152
2026-08-21 13:55:33 - INFO -      macro avg     0.8141    0.8154    0.8146       152
2026-08-21 13:55:33 - INFO -   weighted avg     0.8165    0.8158    0.8160       152
2026-08-21 13:55:33 - INFO - Confusion matrix - [[tn=68, fp=15], [fn=13, tp=56]]
2026-08-21 13:55:33 - INFO - probability_positive min=0.0004 mean=0.4679 std=0.4889 max=0.9995 predicted_0=81 predicted_1=71
2026-08-21 13:55:44 - INFO - Epoch 17/30 | Train loss: 0.029027 | Val loss: 1.075943 | LR: 2.00e-05 | Best epoch: 13 | Patience: 4 | Train: 9.69s | Validation: 1.06s | Epoch: 10.74s | Total: 186.28s
2026-08-21 13:55:44 - INFO - RecAdam target-task weight at epoch end: 1.000000
2026-08-21 13:55:44 - INFO - [Classification Report - split=train epoch=17 - threshold=0.50]
2026-08-21 13:55:44 - INFO -                 precision    recall  f1-score   support
2026-08-21 13:55:44 - INFO - 
2026-08-21 13:55:44 - INFO -       safe (0)     0.9860    0.9724    0.9791       217
2026-08-21 13:55:44 - INFO - vulnerable (1)     0.9752    0.9874    0.9813       239
2026-08-21 13:55:44 - INFO - 
2026-08-21 13:55:44 - INFO -       accuracy                         0.9803       456
2026-08-21 13:55:44 - INFO -      macro avg     0.9806    0.9799    0.9802       456
2026-08-21 13:55:44 - INFO -   weighted avg     0.9803    0.9803    0.9803       456
2026-08-21 13:55:44 - INFO - Confusion matrix - [[tn=211, fp=6], [fn=3, tp=236]]
2026-08-21 13:55:44 - INFO - probability_positive min=0.0005 mean=0.5282 std=0.4916 max=0.9994 predicted_0=214 predicted_1=242
2026-08-21 13:55:44 - INFO - [Classification Report - split=validation epoch=17 - threshold=0.50]
2026-08-21 13:55:44 - INFO -                 precision    recall  f1-score   support
2026-08-21 13:55:44 - INFO - 
2026-08-21 13:55:44 - INFO -       safe (0)     0.8590    0.8072    0.8323        83
2026-08-21 13:55:44 - INFO - vulnerable (1)     0.7838    0.8406    0.8112        69
2026-08-21 13:55:44 - INFO - 
2026-08-21 13:55:44 - INFO -       accuracy                         0.8224       152
2026-08-21 13:55:44 - INFO -      macro avg     0.8214    0.8239    0.8217       152
2026-08-21 13:55:44 - INFO -   weighted avg     0.8248    0.8224    0.8227       152
2026-08-21 13:55:44 - INFO - Confusion matrix - [[tn=67, fp=16], [fn=11, tp=58]]
2026-08-21 13:55:44 - INFO - probability_positive min=0.0003 mean=0.4876 std=0.4936 max=0.9996 predicted_0=78 predicted_1=74
2026-08-21 13:55:55 - INFO - Epoch 18/30 | Train loss: 0.024717 | Val loss: 1.121459 | LR: 2.00e-05 | Best epoch: 18 | Patience: 0 | Train: 9.69s | Validation: 1.06s | Epoch: 11.19s | Total: 197.48s
2026-08-21 13:55:55 - INFO - RecAdam target-task weight at epoch end: 1.000000
2026-08-21 13:55:55 - INFO - [Classification Report - split=train epoch=18 - threshold=0.50]
2026-08-21 13:55:55 - INFO -                 precision    recall  f1-score   support
2026-08-21 13:55:55 - INFO - 
2026-08-21 13:55:55 - INFO -       safe (0)     0.9907    0.9816    0.9861       217
2026-08-21 13:55:55 - INFO - vulnerable (1)     0.9834    0.9916    0.9875       239
2026-08-21 13:55:55 - INFO - 
2026-08-21 13:55:55 - INFO -       accuracy                         0.9868       456
2026-08-21 13:55:55 - INFO -      macro avg     0.9871    0.9866    0.9868       456
2026-08-21 13:55:55 - INFO -   weighted avg     0.9869    0.9868    0.9868       456
2026-08-21 13:55:55 - INFO - Confusion matrix - [[tn=213, fp=4], [fn=2, tp=237]]
2026-08-21 13:55:55 - INFO - probability_positive min=0.0004 mean=0.5243 std=0.4928 max=0.9995 predicted_0=215 predicted_1=241
2026-08-21 13:55:55 - INFO - [Classification Report - split=validation epoch=18 - threshold=0.50]
2026-08-21 13:55:55 - INFO -                 precision    recall  f1-score   support
2026-08-21 13:55:55 - INFO - 
2026-08-21 13:55:55 - INFO -       safe (0)     0.8701    0.8072    0.8375        83
2026-08-21 13:55:55 - INFO - vulnerable (1)     0.7867    0.8551    0.8194        69
2026-08-21 13:55:55 - INFO - 
2026-08-21 13:55:55 - INFO -       accuracy                         0.8289       152
2026-08-21 13:55:55 - INFO -      macro avg     0.8284    0.8312    0.8285       152
2026-08-21 13:55:55 - INFO -   weighted avg     0.8322    0.8289    0.8293       152
2026-08-21 13:55:55 - INFO - Confusion matrix - [[tn=67, fp=16], [fn=10, tp=59]]
2026-08-21 13:55:55 - INFO - probability_positive min=0.0003 mean=0.4944 std=0.4973 max=0.9997 predicted_0=77 predicted_1=75
2026-08-21 13:55:55 - INFO - New best model | Macro-F1: 0.828472 | Epoch: 18
2026-08-21 13:56:06 - INFO - Epoch 19/30 | Train loss: 0.018026 | Val loss: 1.196607 | LR: 2.00e-05 | Best epoch: 19 | Patience: 1 | Train: 9.69s | Validation: 1.06s | Epoch: 11.18s | Total: 208.67s
2026-08-21 13:56:06 - INFO - RecAdam target-task weight at epoch end: 1.000000
2026-08-21 13:56:06 - INFO - [Classification Report - split=train epoch=19 - threshold=0.50]
2026-08-21 13:56:06 - INFO -                 precision    recall  f1-score   support
2026-08-21 13:56:06 - INFO - 
2026-08-21 13:56:06 - INFO -       safe (0)     0.9863    0.9954    0.9908       217
2026-08-21 13:56:06 - INFO - vulnerable (1)     0.9958    0.9874    0.9916       239
2026-08-21 13:56:06 - INFO - 
2026-08-21 13:56:06 - INFO -       accuracy                         0.9912       456
2026-08-21 13:56:06 - INFO -      macro avg     0.9910    0.9914    0.9912       456
2026-08-21 13:56:06 - INFO -   weighted avg     0.9913    0.9912    0.9912       456
2026-08-21 13:56:06 - INFO - Confusion matrix - [[tn=216, fp=1], [fn=3, tp=236]]
2026-08-21 13:56:06 - INFO - probability_positive min=0.0003 mean=0.5223 std=0.4932 max=0.9996 predicted_0=219 predicted_1=237
2026-08-21 13:56:06 - INFO - [Classification Report - split=validation epoch=19 - threshold=0.50]
2026-08-21 13:56:06 - INFO -                 precision    recall  f1-score   support
2026-08-21 13:56:06 - INFO - 
2026-08-21 13:56:06 - INFO -       safe (0)     0.8701    0.8072    0.8375        83
2026-08-21 13:56:06 - INFO - vulnerable (1)     0.7867    0.8551    0.8194        69
2026-08-21 13:56:06 - INFO - 
2026-08-21 13:56:06 - INFO -       accuracy                         0.8289       152
2026-08-21 13:56:06 - INFO -      macro avg     0.8284    0.8312    0.8285       152
2026-08-21 13:56:06 - INFO -   weighted avg     0.8322    0.8289    0.8293       152
2026-08-21 13:56:06 - INFO - Confusion matrix - [[tn=67, fp=16], [fn=10, tp=59]]
2026-08-21 13:56:06 - INFO - probability_positive min=0.0002 mean=0.4936 std=0.4977 max=0.9997 predicted_0=77 predicted_1=75
2026-08-21 13:56:06 - INFO - Latest tied-best checkpoint saved | Macro-F1: 0.828472 | Epoch: 19
2026-08-21 13:56:17 - INFO - Epoch 20/30 | Train loss: 0.013416 | Val loss: 1.150919 | LR: 2.00e-05 | Best epoch: 20 | Patience: 0 | Train: 9.69s | Validation: 1.06s | Epoch: 11.18s | Total: 219.87s
2026-08-21 13:56:17 - INFO - RecAdam target-task weight at epoch end: 1.000000
2026-08-21 13:56:17 - INFO - [Classification Report - split=train epoch=20 - threshold=0.50]
2026-08-21 13:56:17 - INFO -                 precision    recall  f1-score   support
2026-08-21 13:56:17 - INFO - 
2026-08-21 13:56:17 - INFO -       safe (0)     0.9863    0.9954    0.9908       217
2026-08-21 13:56:17 - INFO - vulnerable (1)     0.9958    0.9874    0.9916       239
2026-08-21 13:56:17 - INFO - 
2026-08-21 13:56:17 - INFO -       accuracy                         0.9912       456
2026-08-21 13:56:17 - INFO -      macro avg     0.9910    0.9914    0.9912       456
2026-08-21 13:56:17 - INFO -   weighted avg     0.9913    0.9912    0.9912       456
2026-08-21 13:56:17 - INFO - Confusion matrix - [[tn=216, fp=1], [fn=3, tp=236]]
2026-08-21 13:56:17 - INFO - probability_positive min=0.0003 mean=0.5237 std=0.4940 max=0.9997 predicted_0=219 predicted_1=237
2026-08-21 13:56:17 - INFO - [Classification Report - split=validation epoch=20 - threshold=0.50]
2026-08-21 13:56:17 - INFO -                 precision    recall  f1-score   support
2026-08-21 13:56:17 - INFO - 
2026-08-21 13:56:17 - INFO -       safe (0)     0.8816    0.8072    0.8428        83
2026-08-21 13:56:17 - INFO - vulnerable (1)     0.7895    0.8696    0.8276        69
2026-08-21 13:56:17 - INFO - 
2026-08-21 13:56:17 - INFO -       accuracy                         0.8355       152
2026-08-21 13:56:17 - INFO -      macro avg     0.8355    0.8384    0.8352       152
2026-08-21 13:56:17 - INFO -   weighted avg     0.8398    0.8355    0.8359       152
2026-08-21 13:56:17 - INFO - Confusion matrix - [[tn=67, fp=16], [fn=9, tp=60]]
2026-08-21 13:56:17 - INFO - probability_positive min=0.0002 mean=0.4994 std=0.4977 max=0.9998 predicted_0=76 predicted_1=76
2026-08-21 13:56:17 - INFO - New best model | Macro-F1: 0.835177 | Epoch: 20
2026-08-21 13:56:28 - INFO - Epoch 21/30 | Train loss: 0.026625 | Val loss: 1.180741 | LR: 2.00e-05 | Best epoch: 20 | Patience: 1 | Train: 9.69s | Validation: 1.06s | Epoch: 10.74s | Total: 230.63s
2026-08-21 13:56:28 - INFO - RecAdam target-task weight at epoch end: 1.000000
2026-08-21 13:56:28 - INFO - [Classification Report - split=train epoch=21 - threshold=0.50]
2026-08-21 13:56:28 - INFO -                 precision    recall  f1-score   support
2026-08-21 13:56:28 - INFO - 
2026-08-21 13:56:28 - INFO -       safe (0)     0.9907    0.9862    0.9885       217
2026-08-21 13:56:28 - INFO - vulnerable (1)     0.9875    0.9916    0.9896       239
2026-08-21 13:56:28 - INFO - 
2026-08-21 13:56:28 - INFO -       accuracy                         0.9890       456
2026-08-21 13:56:28 - INFO -      macro avg     0.9891    0.9889    0.9890       456
2026-08-21 13:56:28 - INFO -   weighted avg     0.9890    0.9890    0.9890       456
2026-08-21 13:56:28 - INFO - Confusion matrix - [[tn=214, fp=3], [fn=2, tp=237]]
2026-08-21 13:56:28 - INFO - probability_positive min=0.0003 mean=0.5271 std=0.4956 max=0.9997 predicted_0=216 predicted_1=240
2026-08-21 13:56:28 - INFO - [Classification Report - split=validation epoch=21 - threshold=0.50]
2026-08-21 13:56:28 - INFO -                 precision    recall  f1-score   support
2026-08-21 13:56:28 - INFO - 
2026-08-21 13:56:28 - INFO -       safe (0)     0.8395    0.8193    0.8293        83
2026-08-21 13:56:28 - INFO - vulnerable (1)     0.7887    0.8116    0.8000        69
2026-08-21 13:56:28 - INFO - 
2026-08-21 13:56:28 - INFO -       accuracy                         0.8158       152
2026-08-21 13:56:28 - INFO -      macro avg     0.8141    0.8154    0.8146       152
2026-08-21 13:56:28 - INFO -   weighted avg     0.8165    0.8158    0.8160       152
2026-08-21 13:56:28 - INFO - Confusion matrix - [[tn=68, fp=15], [fn=13, tp=56]]
2026-08-21 13:56:28 - INFO - probability_positive min=0.0002 mean=0.4629 std=0.4893 max=0.9997 predicted_0=81 predicted_1=71
2026-08-21 13:56:39 - INFO - Epoch 22/30 | Train loss: 0.011600 | Val loss: 1.167236 | LR: 2.00e-05 | Best epoch: 22 | Patience: 0 | Train: 9.69s | Validation: 1.06s | Epoch: 11.19s | Total: 241.83s
2026-08-21 13:56:39 - INFO - RecAdam target-task weight at epoch end: 1.000000
2026-08-21 13:56:39 - INFO - [Classification Report - split=train epoch=22 - threshold=0.50]
2026-08-21 13:56:39 - INFO -                 precision    recall  f1-score   support
2026-08-21 13:56:39 - INFO - 
2026-08-21 13:56:39 - INFO -       safe (0)     0.9954    0.9908    0.9931       217
2026-08-21 13:56:39 - INFO - vulnerable (1)     0.9917    0.9958    0.9937       239
2026-08-21 13:56:39 - INFO - 
2026-08-21 13:56:39 - INFO -       accuracy                         0.9934       456
2026-08-21 13:56:39 - INFO -      macro avg     0.9935    0.9933    0.9934       456
2026-08-21 13:56:39 - INFO -   weighted avg     0.9934    0.9934    0.9934       456
2026-08-21 13:56:39 - INFO - Confusion matrix - [[tn=215, fp=2], [fn=1, tp=238]]
2026-08-21 13:56:39 - INFO - probability_positive min=0.0002 mean=0.5252 std=0.4946 max=0.9997 predicted_0=216 predicted_1=240
2026-08-21 13:56:39 - INFO - [Classification Report - split=validation epoch=22 - threshold=0.50]
2026-08-21 13:56:39 - INFO -                 precision    recall  f1-score   support
2026-08-21 13:56:39 - INFO - 
2026-08-21 13:56:39 - INFO -       safe (0)     0.8933    0.8072    0.8481        83
2026-08-21 13:56:39 - INFO - vulnerable (1)     0.7922    0.8841    0.8356        69
2026-08-21 13:56:39 - INFO - 
2026-08-21 13:56:39 - INFO -       accuracy                         0.8421       152
2026-08-21 13:56:39 - INFO -      macro avg     0.8428    0.8456    0.8419       152
2026-08-21 13:56:39 - INFO -   weighted avg     0.8474    0.8421    0.8424       152
2026-08-21 13:56:39 - INFO - Confusion matrix - [[tn=67, fp=16], [fn=8, tp=61]]
2026-08-21 13:56:39 - INFO - probability_positive min=0.0002 mean=0.5033 std=0.4952 max=0.9998 predicted_0=75 predicted_1=77
2026-08-21 13:56:39 - INFO - New best model | Macro-F1: 0.841859 | Epoch: 22
2026-08-21 13:56:50 - INFO - Epoch 23/30 | Train loss: 0.006235 | Val loss: 1.162905 | LR: 2.00e-05 | Best epoch: 22 | Patience: 1 | Train: 9.68s | Validation: 1.06s | Epoch: 10.74s | Total: 252.59s
2026-08-21 13:56:50 - INFO - RecAdam target-task weight at epoch end: 1.000000
2026-08-21 13:56:50 - INFO - [Classification Report - split=train epoch=23 - threshold=0.50]
2026-08-21 13:56:50 - INFO -                 precision    recall  f1-score   support
2026-08-21 13:56:50 - INFO - 
2026-08-21 13:56:50 - INFO -       safe (0)     1.0000    1.0000    1.0000       217
2026-08-21 13:56:50 - INFO - vulnerable (1)     1.0000    1.0000    1.0000       239
2026-08-21 13:56:50 - INFO - 
2026-08-21 13:56:50 - INFO -       accuracy                         1.0000       456
2026-08-21 13:56:50 - INFO -      macro avg     1.0000    1.0000    1.0000       456
2026-08-21 13:56:50 - INFO -   weighted avg     1.0000    1.0000    1.0000       456
2026-08-21 13:56:50 - INFO - Confusion matrix - [[tn=217, fp=0], [fn=0, tp=239]]
2026-08-21 13:56:50 - INFO - probability_positive min=0.0002 mean=0.5247 std=0.4964 max=0.9998 predicted_0=217 predicted_1=239
2026-08-21 13:56:50 - INFO - [Classification Report - split=validation epoch=23 - threshold=0.50]
2026-08-21 13:56:50 - INFO -                 precision    recall  f1-score   support
2026-08-21 13:56:50 - INFO - 
2026-08-21 13:56:50 - INFO -       safe (0)     0.8718    0.8193    0.8447        83
2026-08-21 13:56:50 - INFO - vulnerable (1)     0.7973    0.8551    0.8252        69
2026-08-21 13:56:50 - INFO - 
2026-08-21 13:56:50 - INFO -       accuracy                         0.8355       152
2026-08-21 13:56:50 - INFO -      macro avg     0.8345    0.8372    0.8349       152
2026-08-21 13:56:50 - INFO -   weighted avg     0.8380    0.8355    0.8358       152
2026-08-21 13:56:50 - INFO - Confusion matrix - [[tn=68, fp=15], [fn=10, tp=59]]
2026-08-21 13:56:50 - INFO - probability_positive min=0.0002 mean=0.4871 std=0.4972 max=0.9998 predicted_0=78 predicted_1=74
2026-08-21 13:57:01 - INFO - Epoch 24/30 | Train loss: 0.004943 | Val loss: 1.167151 | LR: 2.00e-05 | Best epoch: 22 | Patience: 2 | Train: 9.69s | Validation: 1.06s | Epoch: 10.74s | Total: 263.34s
2026-08-21 13:57:01 - INFO - RecAdam target-task weight at epoch end: 1.000000
2026-08-21 13:57:01 - INFO - [Classification Report - split=train epoch=24 - threshold=0.50]
2026-08-21 13:57:01 - INFO -                 precision    recall  f1-score   support
2026-08-21 13:57:01 - INFO - 
2026-08-21 13:57:01 - INFO -       safe (0)     0.9954    1.0000    0.9977       217
2026-08-21 13:57:01 - INFO - vulnerable (1)     1.0000    0.9958    0.9979       239
2026-08-21 13:57:01 - INFO - 
2026-08-21 13:57:01 - INFO -       accuracy                         0.9978       456
2026-08-21 13:57:01 - INFO -      macro avg     0.9977    0.9979    0.9978       456
2026-08-21 13:57:01 - INFO -   weighted avg     0.9978    0.9978    0.9978       456
2026-08-21 13:57:01 - INFO - Confusion matrix - [[tn=217, fp=0], [fn=1, tp=238]]
2026-08-21 13:57:01 - INFO - probability_positive min=0.0002 mean=0.5241 std=0.4972 max=0.9998 predicted_0=218 predicted_1=238
2026-08-21 13:57:01 - INFO - [Classification Report - split=validation epoch=24 - threshold=0.50]
2026-08-21 13:57:01 - INFO -                 precision    recall  f1-score   support
2026-08-21 13:57:01 - INFO - 
2026-08-21 13:57:01 - INFO -       safe (0)     0.8831    0.8193    0.8500        83
2026-08-21 13:57:01 - INFO - vulnerable (1)     0.8000    0.8696    0.8333        69
2026-08-21 13:57:01 - INFO - 
2026-08-21 13:57:01 - INFO -       accuracy                         0.8421       152
2026-08-21 13:57:01 - INFO -      macro avg     0.8416    0.8444    0.8417       152
2026-08-21 13:57:01 - INFO -   weighted avg     0.8454    0.8421    0.8424       152
2026-08-21 13:57:01 - INFO - Confusion matrix - [[tn=68, fp=15], [fn=9, tp=60]]
2026-08-21 13:57:01 - INFO - probability_positive min=0.0001 mean=0.4971 std=0.4943 max=0.9998 predicted_0=77 predicted_1=75
2026-08-21 13:57:11 - INFO - Epoch 25/30 | Train loss: 0.004112 | Val loss: 1.240378 | LR: 2.00e-05 | Best epoch: 22 | Patience: 3 | Train: 9.69s | Validation: 1.06s | Epoch: 10.75s | Total: 274.10s
2026-08-21 13:57:11 - INFO - RecAdam target-task weight at epoch end: 1.000000
2026-08-21 13:57:11 - INFO - [Classification Report - split=train epoch=25 - threshold=0.50]
2026-08-21 13:57:11 - INFO -                 precision    recall  f1-score   support
2026-08-21 13:57:11 - INFO - 
2026-08-21 13:57:11 - INFO -       safe (0)     0.9954    0.9954    0.9954       217
2026-08-21 13:57:11 - INFO - vulnerable (1)     0.9958    0.9958    0.9958       239
2026-08-21 13:57:11 - INFO - 
2026-08-21 13:57:11 - INFO -       accuracy                         0.9956       456
2026-08-21 13:57:11 - INFO -      macro avg     0.9956    0.9956    0.9956       456
2026-08-21 13:57:11 - INFO -   weighted avg     0.9956    0.9956    0.9956       456
2026-08-21 13:57:11 - INFO - Confusion matrix - [[tn=216, fp=1], [fn=1, tp=238]]
2026-08-21 13:57:11 - INFO - probability_positive min=0.0002 mean=0.5240 std=0.4979 max=0.9998 predicted_0=217 predicted_1=239
2026-08-21 13:57:11 - INFO - [Classification Report - split=validation epoch=25 - threshold=0.50]
2026-08-21 13:57:11 - INFO -                 precision    recall  f1-score   support
2026-08-21 13:57:11 - INFO - 
2026-08-21 13:57:11 - INFO -       safe (0)     0.8718    0.8193    0.8447        83
2026-08-21 13:57:11 - INFO - vulnerable (1)     0.7973    0.8551    0.8252        69
2026-08-21 13:57:11 - INFO - 
2026-08-21 13:57:11 - INFO -       accuracy                         0.8355       152
2026-08-21 13:57:11 - INFO -      macro avg     0.8345    0.8372    0.8349       152
2026-08-21 13:57:11 - INFO -   weighted avg     0.8380    0.8355    0.8358       152
2026-08-21 13:57:11 - INFO - Confusion matrix - [[tn=68, fp=15], [fn=10, tp=59]]
2026-08-21 13:57:11 - INFO - probability_positive min=0.0001 mean=0.4898 std=0.4966 max=0.9998 predicted_0=78 predicted_1=74
2026-08-21 13:57:22 - INFO - Epoch 26/30 | Train loss: 0.003331 | Val loss: 1.249356 | LR: 2.00e-05 | Best epoch: 22 | Patience: 4 | Train: 9.69s | Validation: 1.06s | Epoch: 10.75s | Total: 284.86s
2026-08-21 13:57:22 - INFO - RecAdam target-task weight at epoch end: 1.000000
2026-08-21 13:57:22 - INFO - [Classification Report - split=train epoch=26 - threshold=0.50]
2026-08-21 13:57:22 - INFO -                 precision    recall  f1-score   support
2026-08-21 13:57:22 - INFO - 
2026-08-21 13:57:22 - INFO -       safe (0)     0.9954    1.0000    0.9977       217
2026-08-21 13:57:22 - INFO - vulnerable (1)     1.0000    0.9958    0.9979       239
2026-08-21 13:57:22 - INFO - 
2026-08-21 13:57:22 - INFO -       accuracy                         0.9978       456
2026-08-21 13:57:22 - INFO -      macro avg     0.9977    0.9979    0.9978       456
2026-08-21 13:57:22 - INFO -   weighted avg     0.9978    0.9978    0.9978       456
2026-08-21 13:57:22 - INFO - Confusion matrix - [[tn=217, fp=0], [fn=1, tp=238]]
2026-08-21 13:57:22 - INFO - probability_positive min=0.0001 mean=0.5240 std=0.4980 max=0.9998 predicted_0=218 predicted_1=238
2026-08-21 13:57:22 - INFO - [Classification Report - split=validation epoch=26 - threshold=0.50]
2026-08-21 13:57:22 - INFO -                 precision    recall  f1-score   support
2026-08-21 13:57:22 - INFO - 
2026-08-21 13:57:22 - INFO -       safe (0)     0.8718    0.8193    0.8447        83
2026-08-21 13:57:22 - INFO - vulnerable (1)     0.7973    0.8551    0.8252        69
2026-08-21 13:57:22 - INFO - 
2026-08-21 13:57:22 - INFO -       accuracy                         0.8355       152
2026-08-21 13:57:22 - INFO -      macro avg     0.8345    0.8372    0.8349       152
2026-08-21 13:57:22 - INFO -   weighted avg     0.8380    0.8355    0.8358       152
2026-08-21 13:57:22 - INFO - Confusion matrix - [[tn=68, fp=15], [fn=10, tp=59]]
2026-08-21 13:57:22 - INFO - probability_positive min=0.0001 mean=0.4905 std=0.4964 max=0.9999 predicted_0=78 predicted_1=74
2026-08-21 13:57:33 - INFO - Epoch 27/30 | Train loss: 0.004144 | Val loss: 1.267772 | LR: 2.00e-05 | Best epoch: 22 | Patience: 5 | Train: 9.69s | Validation: 1.06s | Epoch: 10.75s | Total: 295.62s
2026-08-21 13:57:33 - INFO - RecAdam target-task weight at epoch end: 1.000000
2026-08-21 13:57:33 - INFO - [Classification Report - split=train epoch=27 - threshold=0.50]
2026-08-21 13:57:33 - INFO -                 precision    recall  f1-score   support
2026-08-21 13:57:33 - INFO - 
2026-08-21 13:57:33 - INFO -       safe (0)     1.0000    0.9954    0.9977       217
2026-08-21 13:57:33 - INFO - vulnerable (1)     0.9958    1.0000    0.9979       239
2026-08-21 13:57:33 - INFO - 
2026-08-21 13:57:33 - INFO -       accuracy                         0.9978       456
2026-08-21 13:57:33 - INFO -      macro avg     0.9979    0.9977    0.9978       456
2026-08-21 13:57:33 - INFO -   weighted avg     0.9978    0.9978    0.9978       456
2026-08-21 13:57:33 - INFO - Confusion matrix - [[tn=216, fp=1], [fn=0, tp=239]]
2026-08-21 13:57:33 - INFO - probability_positive min=0.0002 mean=0.5246 std=0.4980 max=0.9999 predicted_0=216 predicted_1=240
2026-08-21 13:57:33 - INFO - [Classification Report - split=validation epoch=27 - threshold=0.50]
2026-08-21 13:57:33 - INFO -                 precision    recall  f1-score   support
2026-08-21 13:57:33 - INFO - 
2026-08-21 13:57:33 - INFO -       safe (0)     0.8718    0.8193    0.8447        83
2026-08-21 13:57:33 - INFO - vulnerable (1)     0.7973    0.8551    0.8252        69
2026-08-21 13:57:33 - INFO - 
2026-08-21 13:57:33 - INFO -       accuracy                         0.8355       152
2026-08-21 13:57:33 - INFO -      macro avg     0.8345    0.8372    0.8349       152
2026-08-21 13:57:33 - INFO -   weighted avg     0.8380    0.8355    0.8358       152
2026-08-21 13:57:33 - INFO - Confusion matrix - [[tn=68, fp=15], [fn=10, tp=59]]
2026-08-21 13:57:33 - INFO - probability_positive min=0.0001 mean=0.4879 std=0.4965 max=0.9999 predicted_0=78 predicted_1=74
2026-08-21 13:57:33 - INFO - Early stopping | Epoch: 27 | Best epoch: 22
2026-08-21 13:57:33 - INFO - Best checkpoint saved | Path: model/parent_new_t5pm/transfer_cwe/seed_42/fold3/best.pt | Epoch: 22 | Val macro_f1: 0.841859
2026-08-21 13:57:33 - INFO - Training finished | Elapsed: 295.63s
2026-08-21 13:57:33 - INFO - Run finished | Phase: phase2 | Fold: 3 | Seed: 42 | Elapsed: 298.44s
