2026-08-21 15:46:24 - INFO - Using device: cuda
2026-08-21 15:46:24 - INFO - Run started | Run: t5base_s12_codet5m | Method: transfer_cwe | Phase: phase2 | Fold: 1 | Seed: 12 | Device: cuda
2026-08-21 15:46:24 - INFO - Loading Python training data: data/sven_python_folds_norm/fold1/train.jsonl
2026-08-21 15:46:24 - INFO - Loading Python validation data: data/sven_python_folds_norm/fold1/val.jsonl
2026-08-21 15:46:24 - INFO - Data split: python_train | Total: 456 | Labels: {0: 235, 1: 221} | CWEs: {'CWE-022': 39, 'CWE-078': 123, 'CWE-079': 49, 'CWE-089': 245} | Languages: {'python': 456} | Invalid CWE: 0
2026-08-21 15:46:24 - INFO - Data split: python_val | Total: 152 | Labels: {0: 74, 1: 78} | CWEs: {'CWE-022': 8, 'CWE-078': 42, 'CWE-079': 19, 'CWE-089': 83} | Languages: {'python': 152} | Invalid CWE: 0
2026-08-21 15:46:24 - INFO - Auxiliary head width taken from checkpoint: 4
2026-08-21 15:46:27 - INFO - Loaded source checkpoint: model/t5base_s12_codet5m/transfer_cwe/seed_12/source/best.pt | Best epoch: 15 | Best Val Macro-F1: 0.657499
2026-08-21 15:46:27 - INFO - RecAdam schedule | Total steps: 870 | Steps/epoch: 29 | Anneal t0: 43 | Weights: {1: 0.10909682119561293, 29: 0.3318122278318339, 43: 0.5, 870: 1.0}
2026-08-21 15:46:27 - INFO - Environment: {"components": {"backbone": {"frozen": 0, "total": 109607040, "trainable": 109607040}, "cwe_head": {"frozen": 3076, "total": 3076, "trainable": 0}, "vul_head": {"frozen": 0, "total": 1538, "trainable": 1538}}, "cuda": "12.8", "fold": 1, "frozen_parameters": 3076, "gpu": "NVIDIA GeForce RTX 4070 Ti SUPER", "hyperparameters": {"anneal_fun": "sigmoid", "anneal_k": 0.05, "anneal_t0_ratio": 0.05, "anneal_w": 1.0, "aux_mode": "cwe", "batch_size": 16, "checkpoint_path": "model/t5base_s12_codet5m/transfer_cwe/seed_12/fold1/best.pt", "cwe_vocab": "fixed4", "data_path": "data/train_ccpp_filtered.jsonl", "data_root": "data/sven_python_folds_norm", "epochs": 30, "eval_batch_size": 16, "fold": 1, "freeze_backbone_layers": 0, "freeze_prototypes_steps": 0, "lambda_cwe": 0.2, "latent_temperature": 0.1, "learning_rate": 2e-05, "lora_rank": 0, "lp_epochs": 0, "lp_learning_rate": 0.001, "max_eval_samples": null, "max_grad_norm": 1.0, "max_length": 512, "max_train_samples": null, "method_name": "transfer_cwe", "min_epochs": 3, "model_name": "Salesforce/codet5-base", "num_cwes": 4, "num_latent": 8, "num_workers": 0, "output_dir": "results/t5base_s12_codet5m/transfer_cwe", "patience": 5, "phase": "phase2", "phase2_optimizer": "recadam", "pooling": "mean", "pretrain_cof": 5000.0, "recadam_anchor": "source", "result_path": "results/t5base_s12_codet5m/transfer_cwe/seed_12/fold1.json", "run_name": "t5base_s12_codet5m", "seed": 12, "selection_metric": "macro_f1", "source_checkpoint": "model/t5base_s12_codet5m/transfer_cwe/seed_12/source/best.pt", "source_interpolation": 1.0, "strict_determinism": false, "target_lang": "python", "test_path": null, "train_path": null, "truncation_strategy": "head_middle_tail", "val_path": null, "weight_decay": 0.01}, "mode": "phase2_train", "model_name": "Salesforce/codet5-base", "seed": 12, "sklearn": "1.7.2", "torch": "2.11.0+cu128", "trainable_parameters": 109608578, "transformers": "4.57.1"}
2026-08-21 15:46:27 - INFO - Training started | Phase: phase2 | Epochs: 30
2026-08-21 15:46:27 - INFO - RecAdam first-step safety checks passed
2026-08-21 15:46:38 - INFO - Epoch 1/30 | Train loss: 0.810033 | Val loss: 0.757799 | LR: 2.00e-05 | Best epoch: 1 | Patience: 0 | Train: 9.89s | Validation: 1.04s | Epoch: 11.21s | Total: 11.21s
2026-08-21 15:46:38 - INFO - RecAdam target-task weight at epoch end: 0.331812
2026-08-21 15:46:38 - INFO - [Classification Report - split=train epoch=1 - threshold=0.50]
2026-08-21 15:46:38 - INFO -                 precision    recall  f1-score   support
2026-08-21 15:46:38 - INFO - 
2026-08-21 15:46:38 - INFO -       safe (0)     0.6103    0.3532    0.4474       235
2026-08-21 15:46:38 - INFO - vulnerable (1)     0.5250    0.7602    0.6211       221
2026-08-21 15:46:38 - INFO - 
2026-08-21 15:46:38 - INFO -       accuracy                         0.5504       456
2026-08-21 15:46:38 - INFO -      macro avg     0.5676    0.5567    0.5343       456
2026-08-21 15:46:38 - INFO -   weighted avg     0.5690    0.5504    0.5316       456
2026-08-21 15:46:38 - INFO - Confusion matrix - [[tn=83, fp=152], [fn=53, tp=168]]
2026-08-21 15:46:38 - INFO - probability_positive min=0.0047 mean=0.5852 std=0.2345 max=0.9530 predicted_0=136 predicted_1=320
2026-08-21 15:46:38 - INFO - [Classification Report - split=validation epoch=1 - threshold=0.50]
2026-08-21 15:46:38 - INFO -                 precision    recall  f1-score   support
2026-08-21 15:46:38 - INFO - 
2026-08-21 15:46:38 - INFO -       safe (0)     0.5185    0.3784    0.4375        74
2026-08-21 15:46:38 - INFO - vulnerable (1)     0.5306    0.6667    0.5909        78
2026-08-21 15:46:38 - INFO - 
2026-08-21 15:46:38 - INFO -       accuracy                         0.5263       152
2026-08-21 15:46:38 - INFO -      macro avg     0.5246    0.5225    0.5142       152
2026-08-21 15:46:38 - INFO -   weighted avg     0.5247    0.5263    0.5162       152
2026-08-21 15:46:38 - INFO - Confusion matrix - [[tn=28, fp=46], [fn=26, tp=52]]
2026-08-21 15:46:38 - INFO - probability_positive min=0.0025 mean=0.5570 std=0.2143 max=0.9445 predicted_0=54 predicted_1=98
2026-08-21 15:46:38 - INFO - New best model | Macro-F1: 0.514205 | Epoch: 1
2026-08-21 15:46:49 - INFO - Epoch 2/30 | Train loss: 0.720572 | Val loss: 0.684791 | LR: 2.00e-05 | Best epoch: 2 | Patience: 0 | Train: 9.69s | Validation: 1.04s | Epoch: 11.17s | Total: 22.39s
2026-08-21 15:46:49 - INFO - RecAdam target-task weight at epoch end: 0.679179
2026-08-21 15:46:49 - INFO - [Classification Report - split=train epoch=2 - threshold=0.50]
2026-08-21 15:46:49 - INFO -                 precision    recall  f1-score   support
2026-08-21 15:46:49 - INFO - 
2026-08-21 15:46:49 - INFO -       safe (0)     0.5947    0.5745    0.5844       235
2026-08-21 15:46:49 - INFO - vulnerable (1)     0.5633    0.5837    0.5733       221
2026-08-21 15:46:49 - INFO - 
2026-08-21 15:46:49 - INFO -       accuracy                         0.5789       456
2026-08-21 15:46:49 - INFO -      macro avg     0.5790    0.5791    0.5789       456
2026-08-21 15:46:49 - INFO -   weighted avg     0.5795    0.5789    0.5790       456
2026-08-21 15:46:49 - INFO - Confusion matrix - [[tn=135, fp=100], [fn=92, tp=129]]
2026-08-21 15:46:49 - INFO - probability_positive min=0.0051 mean=0.4940 std=0.1951 max=0.8978 predicted_0=227 predicted_1=229
2026-08-21 15:46:49 - INFO - [Classification Report - split=validation epoch=2 - threshold=0.50]
2026-08-21 15:46:49 - INFO -                 precision    recall  f1-score   support
2026-08-21 15:46:49 - INFO - 
2026-08-21 15:46:49 - INFO -       safe (0)     0.5692    0.5000    0.5324        74
2026-08-21 15:46:49 - INFO - vulnerable (1)     0.5747    0.6410    0.6061        78
2026-08-21 15:46:49 - INFO - 
2026-08-21 15:46:49 - INFO -       accuracy                         0.5724       152
2026-08-21 15:46:49 - INFO -      macro avg     0.5720    0.5705    0.5692       152
2026-08-21 15:46:49 - INFO -   weighted avg     0.5720    0.5724    0.5702       152
2026-08-21 15:46:49 - INFO - Confusion matrix - [[tn=37, fp=37], [fn=28, tp=50]]
2026-08-21 15:46:49 - INFO - probability_positive min=0.0032 mean=0.5209 std=0.1601 max=0.8598 predicted_0=65 predicted_1=87
2026-08-21 15:46:49 - INFO - New best model | Macro-F1: 0.569217 | Epoch: 2
2026-08-21 15:47:00 - INFO - Epoch 3/30 | Train loss: 0.670830 | Val loss: 0.643644 | LR: 2.00e-05 | Best epoch: 3 | Patience: 0 | Train: 9.70s | Validation: 1.04s | Epoch: 11.18s | Total: 33.60s
2026-08-21 15:47:00 - INFO - RecAdam target-task weight at epoch end: 0.900250
2026-08-21 15:47:00 - INFO - [Classification Report - split=train epoch=3 - threshold=0.50]
2026-08-21 15:47:00 - INFO -                 precision    recall  f1-score   support
2026-08-21 15:47:00 - INFO - 
2026-08-21 15:47:00 - INFO -       safe (0)     0.6463    0.6298    0.6379       235
2026-08-21 15:47:00 - INFO - vulnerable (1)     0.6167    0.6335    0.6250       221
2026-08-21 15:47:00 - INFO - 
2026-08-21 15:47:00 - INFO -       accuracy                         0.6316       456
2026-08-21 15:47:00 - INFO -      macro avg     0.6315    0.6316    0.6315       456
2026-08-21 15:47:00 - INFO -   weighted avg     0.6320    0.6316    0.6317       456
2026-08-21 15:47:00 - INFO - Confusion matrix - [[tn=148, fp=87], [fn=81, tp=140]]
2026-08-21 15:47:00 - INFO - probability_positive min=0.0058 mean=0.4778 std=0.1697 max=0.8876 predicted_0=229 predicted_1=227
2026-08-21 15:47:00 - INFO - [Classification Report - split=validation epoch=3 - threshold=0.50]
2026-08-21 15:47:00 - INFO -                 precision    recall  f1-score   support
2026-08-21 15:47:00 - INFO - 
2026-08-21 15:47:00 - INFO -       safe (0)     0.6111    0.5946    0.6027        74
2026-08-21 15:47:00 - INFO - vulnerable (1)     0.6250    0.6410    0.6329        78
2026-08-21 15:47:00 - INFO - 
2026-08-21 15:47:00 - INFO -       accuracy                         0.6184       152
2026-08-21 15:47:00 - INFO -      macro avg     0.6181    0.6178    0.6178       152
2026-08-21 15:47:00 - INFO -   weighted avg     0.6182    0.6184    0.6182       152
2026-08-21 15:47:00 - INFO - Confusion matrix - [[tn=44, fp=30], [fn=28, tp=50]]
2026-08-21 15:47:00 - INFO - probability_positive min=0.0033 mean=0.4989 std=0.1586 max=0.8762 predicted_0=72 predicted_1=80
2026-08-21 15:47:00 - INFO - New best model | Macro-F1: 0.617826 | Epoch: 3
2026-08-21 15:47:11 - INFO - Epoch 4/30 | Train loss: 0.540854 | Val loss: 0.508783 | LR: 2.00e-05 | Best epoch: 4 | Patience: 0 | Train: 9.70s | Validation: 1.04s | Epoch: 11.18s | Total: 44.82s
2026-08-21 15:47:11 - INFO - RecAdam target-task weight at epoch end: 0.974667
2026-08-21 15:47:11 - INFO - [Classification Report - split=train epoch=4 - threshold=0.50]
2026-08-21 15:47:11 - INFO -                 precision    recall  f1-score   support
2026-08-21 15:47:11 - INFO - 
2026-08-21 15:47:11 - INFO -       safe (0)     0.7682    0.7191    0.7429       235
2026-08-21 15:47:11 - INFO - vulnerable (1)     0.7203    0.7692    0.7440       221
2026-08-21 15:47:11 - INFO - 
2026-08-21 15:47:11 - INFO -       accuracy                         0.7434       456
2026-08-21 15:47:11 - INFO -      macro avg     0.7443    0.7442    0.7434       456
2026-08-21 15:47:11 - INFO -   weighted avg     0.7450    0.7434    0.7434       456
2026-08-21 15:47:11 - INFO - Confusion matrix - [[tn=169, fp=66], [fn=51, tp=170]]
2026-08-21 15:47:11 - INFO - probability_positive min=0.0061 mean=0.4752 std=0.2193 max=0.9481 predicted_0=220 predicted_1=236
2026-08-21 15:47:11 - INFO - [Classification Report - split=validation epoch=4 - threshold=0.50]
2026-08-21 15:47:11 - INFO -                 precision    recall  f1-score   support
2026-08-21 15:47:11 - INFO - 
2026-08-21 15:47:11 - INFO -       safe (0)     0.7262    0.8243    0.7722        74
2026-08-21 15:47:11 - INFO - vulnerable (1)     0.8088    0.7051    0.7534        78
2026-08-21 15:47:11 - INFO - 
2026-08-21 15:47:11 - INFO -       accuracy                         0.7632       152
2026-08-21 15:47:11 - INFO -      macro avg     0.7675    0.7647    0.7628       152
2026-08-21 15:47:11 - INFO -   weighted avg     0.7686    0.7632    0.7625       152
2026-08-21 15:47:11 - INFO - Confusion matrix - [[tn=61, fp=13], [fn=23, tp=55]]
2026-08-21 15:47:11 - INFO - probability_positive min=0.0024 mean=0.4168 std=0.2896 max=0.9424 predicted_0=84 predicted_1=68
2026-08-21 15:47:11 - INFO - New best model | Macro-F1: 0.762788 | Epoch: 4
2026-08-21 15:47:23 - INFO - Epoch 5/30 | Train loss: 0.332769 | Val loss: 0.503611 | LR: 2.00e-05 | Best epoch: 5 | Patience: 0 | Train: 9.70s | Validation: 1.04s | Epoch: 11.14s | Total: 55.97s
2026-08-21 15:47:23 - INFO - RecAdam target-task weight at epoch end: 0.993940
2026-08-21 15:47:23 - INFO - [Classification Report - split=train epoch=5 - threshold=0.50]
2026-08-21 15:47:23 - INFO -                 precision    recall  f1-score   support
2026-08-21 15:47:23 - INFO - 
2026-08-21 15:47:23 - INFO -       safe (0)     0.9000    0.8426    0.8703       235
2026-08-21 15:47:23 - INFO - vulnerable (1)     0.8432    0.9005    0.8709       221
2026-08-21 15:47:23 - INFO - 
2026-08-21 15:47:23 - INFO -       accuracy                         0.8706       456
2026-08-21 15:47:23 - INFO -      macro avg     0.8716    0.8715    0.8706       456
2026-08-21 15:47:23 - INFO -   weighted avg     0.8725    0.8706    0.8706       456
2026-08-21 15:47:23 - INFO - Confusion matrix - [[tn=198, fp=37], [fn=22, tp=199]]
2026-08-21 15:47:23 - INFO - probability_positive min=0.0037 mean=0.4931 std=0.3725 max=0.9901 predicted_0=220 predicted_1=236
2026-08-21 15:47:23 - INFO - [Classification Report - split=validation epoch=5 - threshold=0.50]
2026-08-21 15:47:23 - INFO -                 precision    recall  f1-score   support
2026-08-21 15:47:23 - INFO - 
2026-08-21 15:47:23 - INFO -       safe (0)     0.7253    0.8919    0.8000        74
2026-08-21 15:47:23 - INFO - vulnerable (1)     0.8689    0.6795    0.7626        78
2026-08-21 15:47:23 - INFO - 
2026-08-21 15:47:23 - INFO -       accuracy                         0.7829       152
2026-08-21 15:47:23 - INFO -      macro avg     0.7971    0.7857    0.7813       152
2026-08-21 15:47:23 - INFO -   weighted avg     0.7990    0.7829    0.7808       152
2026-08-21 15:47:23 - INFO - Confusion matrix - [[tn=66, fp=8], [fn=25, tp=53]]
2026-08-21 15:47:23 - INFO - probability_positive min=0.0019 mean=0.4123 std=0.3918 max=0.9914 predicted_0=91 predicted_1=61
2026-08-21 15:47:23 - INFO - New best model | Macro-F1: 0.781295 | Epoch: 5
2026-08-21 15:47:34 - INFO - Epoch 6/30 | Train loss: 0.245105 | Val loss: 0.505602 | LR: 2.00e-05 | Best epoch: 6 | Patience: 0 | Train: 9.70s | Validation: 1.05s | Epoch: 11.19s | Total: 67.17s
2026-08-21 15:47:34 - INFO - RecAdam target-task weight at epoch end: 0.998572
2026-08-21 15:47:34 - INFO - [Classification Report - split=train epoch=6 - threshold=0.50]
2026-08-21 15:47:34 - INFO -                 precision    recall  f1-score   support
2026-08-21 15:47:34 - INFO - 
2026-08-21 15:47:34 - INFO -       safe (0)     0.8913    0.8723    0.8817       235
2026-08-21 15:47:34 - INFO - vulnerable (1)     0.8673    0.8869    0.8770       221
2026-08-21 15:47:34 - INFO - 
2026-08-21 15:47:34 - INFO -       accuracy                         0.8794       456
2026-08-21 15:47:34 - INFO -      macro avg     0.8793    0.8796    0.8793       456
2026-08-21 15:47:34 - INFO -   weighted avg     0.8796    0.8794    0.8794       456
2026-08-21 15:47:34 - INFO - Confusion matrix - [[tn=205, fp=30], [fn=25, tp=196]]
2026-08-21 15:47:34 - INFO - probability_positive min=0.0028 mean=0.4707 std=0.4146 max=0.9909 predicted_0=230 predicted_1=226
2026-08-21 15:47:34 - INFO - [Classification Report - split=validation epoch=6 - threshold=0.50]
2026-08-21 15:47:34 - INFO -                 precision    recall  f1-score   support
2026-08-21 15:47:34 - INFO - 
2026-08-21 15:47:34 - INFO -       safe (0)     0.8333    0.8108    0.8219        74
2026-08-21 15:47:34 - INFO - vulnerable (1)     0.8250    0.8462    0.8354        78
2026-08-21 15:47:34 - INFO - 
2026-08-21 15:47:34 - INFO -       accuracy                         0.8289       152
2026-08-21 15:47:34 - INFO -      macro avg     0.8292    0.8285    0.8287       152
2026-08-21 15:47:34 - INFO -   weighted avg     0.8291    0.8289    0.8289       152
2026-08-21 15:47:34 - INFO - Confusion matrix - [[tn=60, fp=14], [fn=12, tp=66]]
2026-08-21 15:47:34 - INFO - probability_positive min=0.0017 mean=0.5072 std=0.4423 max=0.9937 predicted_0=72 predicted_1=80
2026-08-21 15:47:34 - INFO - New best model | Macro-F1: 0.828680 | Epoch: 6
2026-08-21 15:47:45 - INFO - Epoch 7/30 | Train loss: 0.186969 | Val loss: 0.663328 | LR: 2.00e-05 | Best epoch: 6 | Patience: 1 | Train: 9.70s | Validation: 1.05s | Epoch: 10.75s | Total: 77.93s
2026-08-21 15:47:45 - INFO - RecAdam target-task weight at epoch end: 0.999665
2026-08-21 15:47:45 - INFO - [Classification Report - split=train epoch=7 - threshold=0.50]
2026-08-21 15:47:45 - INFO -                 precision    recall  f1-score   support
2026-08-21 15:47:45 - INFO - 
2026-08-21 15:47:45 - INFO -       safe (0)     0.9550    0.9021    0.9278       235
2026-08-21 15:47:45 - INFO - vulnerable (1)     0.9017    0.9548    0.9275       221
2026-08-21 15:47:45 - INFO - 
2026-08-21 15:47:45 - INFO -       accuracy                         0.9276       456
2026-08-21 15:47:45 - INFO -      macro avg     0.9283    0.9284    0.9276       456
2026-08-21 15:47:45 - INFO -   weighted avg     0.9291    0.9276    0.9276       456
2026-08-21 15:47:45 - INFO - Confusion matrix - [[tn=212, fp=23], [fn=10, tp=211]]
2026-08-21 15:47:45 - INFO - probability_positive min=0.0020 mean=0.4894 std=0.4354 max=0.9941 predicted_0=222 predicted_1=234
2026-08-21 15:47:45 - INFO - [Classification Report - split=validation epoch=7 - threshold=0.50]
2026-08-21 15:47:45 - INFO -                 precision    recall  f1-score   support
2026-08-21 15:47:45 - INFO - 
2026-08-21 15:47:45 - INFO -       safe (0)     0.7442    0.8649    0.8000        74
2026-08-21 15:47:45 - INFO - vulnerable (1)     0.8485    0.7179    0.7778        78
2026-08-21 15:47:45 - INFO - 
2026-08-21 15:47:45 - INFO -       accuracy                         0.7895       152
2026-08-21 15:47:45 - INFO -      macro avg     0.7963    0.7914    0.7889       152
2026-08-21 15:47:45 - INFO -   weighted avg     0.7977    0.7895    0.7886       152
2026-08-21 15:47:45 - INFO - Confusion matrix - [[tn=64, fp=10], [fn=22, tp=56]]
2026-08-21 15:47:45 - INFO - probability_positive min=0.0015 mean=0.4248 std=0.4510 max=0.9954 predicted_0=86 predicted_1=66
2026-08-21 15:47:55 - INFO - Epoch 8/30 | Train loss: 0.154858 | Val loss: 0.723542 | LR: 2.00e-05 | Best epoch: 6 | Patience: 2 | Train: 9.71s | Validation: 1.04s | Epoch: 10.75s | Total: 88.69s
2026-08-21 15:47:55 - INFO - RecAdam target-task weight at epoch end: 0.999921
2026-08-21 15:47:55 - INFO - [Classification Report - split=train epoch=8 - threshold=0.50]
2026-08-21 15:47:55 - INFO -                 precision    recall  f1-score   support
2026-08-21 15:47:55 - INFO - 
2026-08-21 15:47:55 - INFO -       safe (0)     0.9362    0.9362    0.9362       235
2026-08-21 15:47:55 - INFO - vulnerable (1)     0.9321    0.9321    0.9321       221
2026-08-21 15:47:55 - INFO - 
2026-08-21 15:47:55 - INFO -       accuracy                         0.9342       456
2026-08-21 15:47:55 - INFO -      macro avg     0.9341    0.9341    0.9341       456
2026-08-21 15:47:55 - INFO -   weighted avg     0.9342    0.9342    0.9342       456
2026-08-21 15:47:55 - INFO - Confusion matrix - [[tn=220, fp=15], [fn=15, tp=206]]
2026-08-21 15:47:55 - INFO - probability_positive min=0.0020 mean=0.4733 std=0.4602 max=0.9946 predicted_0=235 predicted_1=221
2026-08-21 15:47:55 - INFO - [Classification Report - split=validation epoch=8 - threshold=0.50]
2026-08-21 15:47:55 - INFO -                 precision    recall  f1-score   support
2026-08-21 15:47:55 - INFO - 
2026-08-21 15:47:55 - INFO -       safe (0)     0.7750    0.8378    0.8052        74
2026-08-21 15:47:55 - INFO - vulnerable (1)     0.8333    0.7692    0.8000        78
2026-08-21 15:47:55 - INFO - 
2026-08-21 15:47:55 - INFO -       accuracy                         0.8026       152
2026-08-21 15:47:55 - INFO -      macro avg     0.8042    0.8035    0.8026       152
2026-08-21 15:47:55 - INFO -   weighted avg     0.8049    0.8026    0.8025       152
2026-08-21 15:47:55 - INFO - Confusion matrix - [[tn=62, fp=12], [fn=18, tp=60]]
2026-08-21 15:47:55 - INFO - probability_positive min=0.0012 mean=0.4741 std=0.4679 max=0.9970 predicted_0=80 predicted_1=72
2026-08-21 15:48:07 - INFO - Epoch 9/30 | Train loss: 0.137528 | Val loss: 0.595216 | LR: 2.00e-05 | Best epoch: 9 | Patience: 0 | Train: 9.71s | Validation: 1.05s | Epoch: 11.18s | Total: 99.89s
2026-08-21 15:48:07 - INFO - RecAdam target-task weight at epoch end: 0.999982
2026-08-21 15:48:07 - INFO - [Classification Report - split=train epoch=9 - threshold=0.50]
2026-08-21 15:48:07 - INFO -                 precision    recall  f1-score   support
2026-08-21 15:48:07 - INFO - 
2026-08-21 15:48:07 - INFO -       safe (0)     0.9598    0.9149    0.9368       235
2026-08-21 15:48:07 - INFO - vulnerable (1)     0.9138    0.9593    0.9360       221
2026-08-21 15:48:07 - INFO - 
2026-08-21 15:48:07 - INFO -       accuracy                         0.9364       456
2026-08-21 15:48:07 - INFO -      macro avg     0.9368    0.9371    0.9364       456
2026-08-21 15:48:07 - INFO -   weighted avg     0.9375    0.9364    0.9364       456
2026-08-21 15:48:07 - INFO - Confusion matrix - [[tn=215, fp=20], [fn=9, tp=212]]
2026-08-21 15:48:07 - INFO - probability_positive min=0.0018 mean=0.4968 std=0.4673 max=0.9956 predicted_0=224 predicted_1=232
2026-08-21 15:48:07 - INFO - [Classification Report - split=validation epoch=9 - threshold=0.50]
2026-08-21 15:48:07 - INFO -                 precision    recall  f1-score   support
2026-08-21 15:48:07 - INFO - 
2026-08-21 15:48:07 - INFO -       safe (0)     0.8451    0.8108    0.8276        74
2026-08-21 15:48:07 - INFO - vulnerable (1)     0.8272    0.8590    0.8428        78
2026-08-21 15:48:07 - INFO - 
2026-08-21 15:48:07 - INFO -       accuracy                         0.8355       152
2026-08-21 15:48:07 - INFO -      macro avg     0.8361    0.8349    0.8352       152
2026-08-21 15:48:07 - INFO -   weighted avg     0.8359    0.8355    0.8354       152
2026-08-21 15:48:07 - INFO - Confusion matrix - [[tn=60, fp=14], [fn=11, tp=67]]
2026-08-21 15:48:07 - INFO - probability_positive min=0.0012 mean=0.5151 std=0.4731 max=0.9974 predicted_0=71 predicted_1=81
2026-08-21 15:48:07 - INFO - New best model | Macro-F1: 0.835177 | Epoch: 9
2026-08-21 15:48:18 - INFO - Epoch 10/30 | Train loss: 0.136992 | Val loss: 0.641304 | LR: 2.00e-05 | Best epoch: 10 | Patience: 0 | Train: 9.71s | Validation: 1.05s | Epoch: 11.15s | Total: 111.06s
2026-08-21 15:48:18 - INFO - RecAdam target-task weight at epoch end: 0.999996
2026-08-21 15:48:18 - INFO - [Classification Report - split=train epoch=10 - threshold=0.50]
2026-08-21 15:48:18 - INFO -                 precision    recall  f1-score   support
2026-08-21 15:48:18 - INFO - 
2026-08-21 15:48:18 - INFO -       safe (0)     0.9561    0.9277    0.9417       235
2026-08-21 15:48:18 - INFO - vulnerable (1)     0.9254    0.9548    0.9399       221
2026-08-21 15:48:18 - INFO - 
2026-08-21 15:48:18 - INFO -       accuracy                         0.9408       456
2026-08-21 15:48:18 - INFO -      macro avg     0.9408    0.9412    0.9408       456
2026-08-21 15:48:18 - INFO -   weighted avg     0.9413    0.9408    0.9408       456
2026-08-21 15:48:18 - INFO - Confusion matrix - [[tn=218, fp=17], [fn=10, tp=211]]
2026-08-21 15:48:18 - INFO - probability_positive min=0.0016 mean=0.4979 std=0.4690 max=0.9970 predicted_0=228 predicted_1=228
2026-08-21 15:48:18 - INFO - [Classification Report - split=validation epoch=10 - threshold=0.50]
2026-08-21 15:48:18 - INFO -                 precision    recall  f1-score   support
2026-08-21 15:48:18 - INFO - 
2026-08-21 15:48:18 - INFO -       safe (0)     0.8289    0.8514    0.8400        74
2026-08-21 15:48:18 - INFO - vulnerable (1)     0.8553    0.8333    0.8442        78
2026-08-21 15:48:18 - INFO - 
2026-08-21 15:48:18 - INFO -       accuracy                         0.8421       152
2026-08-21 15:48:18 - INFO -      macro avg     0.8421    0.8423    0.8421       152
2026-08-21 15:48:18 - INFO -   weighted avg     0.8425    0.8421    0.8421       152
2026-08-21 15:48:18 - INFO - Confusion matrix - [[tn=63, fp=11], [fn=13, tp=65]]
2026-08-21 15:48:18 - INFO - probability_positive min=0.0010 mean=0.4816 std=0.4692 max=0.9978 predicted_0=76 predicted_1=76
2026-08-21 15:48:18 - INFO - New best model | Macro-F1: 0.842078 | Epoch: 10
2026-08-21 15:48:28 - INFO - Epoch 11/30 | Train loss: 0.092913 | Val loss: 0.712410 | LR: 2.00e-05 | Best epoch: 10 | Patience: 1 | Train: 9.71s | Validation: 1.05s | Epoch: 10.75s | Total: 121.83s
2026-08-21 15:48:28 - INFO - RecAdam target-task weight at epoch end: 0.999999
2026-08-21 15:48:29 - INFO - [Classification Report - split=train epoch=11 - threshold=0.50]
2026-08-21 15:48:29 - INFO -                 precision    recall  f1-score   support
2026-08-21 15:48:29 - INFO - 
2026-08-21 15:48:29 - INFO -       safe (0)     0.9778    0.9362    0.9565       235
2026-08-21 15:48:29 - INFO - vulnerable (1)     0.9351    0.9774    0.9558       221
2026-08-21 15:48:29 - INFO - 
2026-08-21 15:48:29 - INFO -       accuracy                         0.9561       456
2026-08-21 15:48:29 - INFO -      macro avg     0.9564    0.9568    0.9561       456
2026-08-21 15:48:29 - INFO -   weighted avg     0.9571    0.9561    0.9561       456
2026-08-21 15:48:29 - INFO - Confusion matrix - [[tn=220, fp=15], [fn=5, tp=216]]
2026-08-21 15:48:29 - INFO - probability_positive min=0.0013 mean=0.4919 std=0.4743 max=0.9976 predicted_0=225 predicted_1=231
2026-08-21 15:48:29 - INFO - [Classification Report - split=validation epoch=11 - threshold=0.50]
2026-08-21 15:48:29 - INFO -                 precision    recall  f1-score   support
2026-08-21 15:48:29 - INFO - 
2026-08-21 15:48:29 - INFO -       safe (0)     0.8077    0.8514    0.8289        74
2026-08-21 15:48:29 - INFO - vulnerable (1)     0.8514    0.8077    0.8289        78
2026-08-21 15:48:29 - INFO - 
2026-08-21 15:48:29 - INFO -       accuracy                         0.8289       152
2026-08-21 15:48:29 - INFO -      macro avg     0.8295    0.8295    0.8289       152
2026-08-21 15:48:29 - INFO -   weighted avg     0.8301    0.8289    0.8289       152
2026-08-21 15:48:29 - INFO - Confusion matrix - [[tn=63, fp=11], [fn=15, tp=63]]
2026-08-21 15:48:29 - INFO - probability_positive min=0.0009 mean=0.4801 std=0.4759 max=0.9982 predicted_0=78 predicted_1=74
2026-08-21 15:48:39 - INFO - Epoch 12/30 | Train loss: 0.091998 | Val loss: 0.870444 | LR: 2.00e-05 | Best epoch: 10 | Patience: 2 | Train: 9.71s | Validation: 1.04s | Epoch: 10.75s | Total: 132.59s
2026-08-21 15:48:39 - INFO - RecAdam target-task weight at epoch end: 1.000000
2026-08-21 15:48:39 - INFO - [Classification Report - split=train epoch=12 - threshold=0.50]
2026-08-21 15:48:39 - INFO -                 precision    recall  f1-score   support
2026-08-21 15:48:39 - INFO - 
2026-08-21 15:48:39 - INFO -       safe (0)     0.9741    0.9617    0.9679       235
2026-08-21 15:48:39 - INFO - vulnerable (1)     0.9598    0.9729    0.9663       221
2026-08-21 15:48:39 - INFO - 
2026-08-21 15:48:39 - INFO -       accuracy                         0.9671       456
2026-08-21 15:48:39 - INFO -      macro avg     0.9670    0.9673    0.9671       456
2026-08-21 15:48:39 - INFO -   weighted avg     0.9672    0.9671    0.9671       456
2026-08-21 15:48:39 - INFO - Confusion matrix - [[tn=226, fp=9], [fn=6, tp=215]]
2026-08-21 15:48:39 - INFO - probability_positive min=0.0013 mean=0.4870 std=0.4764 max=0.9977 predicted_0=232 predicted_1=224
2026-08-21 15:48:39 - INFO - [Classification Report - split=validation epoch=12 - threshold=0.50]
2026-08-21 15:48:39 - INFO -                 precision    recall  f1-score   support
2026-08-21 15:48:39 - INFO - 
2026-08-21 15:48:39 - INFO -       safe (0)     0.7444    0.9054    0.8171        74
2026-08-21 15:48:39 - INFO - vulnerable (1)     0.8871    0.7051    0.7857        78
2026-08-21 15:48:39 - INFO - 
2026-08-21 15:48:39 - INFO -       accuracy                         0.8026       152
2026-08-21 15:48:39 - INFO -      macro avg     0.8158    0.8053    0.8014       152
2026-08-21 15:48:39 - INFO -   weighted avg     0.8176    0.8026    0.8010       152
2026-08-21 15:48:39 - INFO - Confusion matrix - [[tn=67, fp=7], [fn=23, tp=55]]
2026-08-21 15:48:39 - INFO - probability_positive min=0.0008 mean=0.4113 std=0.4692 max=0.9985 predicted_0=90 predicted_1=62
2026-08-21 15:48:50 - INFO - Epoch 13/30 | Train loss: 0.086634 | Val loss: 0.793374 | LR: 2.00e-05 | Best epoch: 10 | Patience: 3 | Train: 9.71s | Validation: 1.05s | Epoch: 10.75s | Total: 143.35s
2026-08-21 15:48:50 - INFO - RecAdam target-task weight at epoch end: 1.000000
2026-08-21 15:48:50 - INFO - [Classification Report - split=train epoch=13 - threshold=0.50]
2026-08-21 15:48:50 - INFO -                 precision    recall  f1-score   support
2026-08-21 15:48:50 - INFO - 
2026-08-21 15:48:50 - INFO -       safe (0)     0.9620    0.9702    0.9661       235
2026-08-21 15:48:50 - INFO - vulnerable (1)     0.9680    0.9593    0.9636       221
2026-08-21 15:48:50 - INFO - 
2026-08-21 15:48:50 - INFO -       accuracy                         0.9649       456
2026-08-21 15:48:50 - INFO -      macro avg     0.9650    0.9647    0.9649       456
2026-08-21 15:48:50 - INFO -   weighted avg     0.9649    0.9649    0.9649       456
2026-08-21 15:48:50 - INFO - Confusion matrix - [[tn=228, fp=7], [fn=9, tp=212]]
2026-08-21 15:48:50 - INFO - probability_positive min=0.0010 mean=0.4787 std=0.4815 max=0.9982 predicted_0=237 predicted_1=219
2026-08-21 15:48:50 - INFO - [Classification Report - split=validation epoch=13 - threshold=0.50]
2026-08-21 15:48:50 - INFO -                 precision    recall  f1-score   support
2026-08-21 15:48:50 - INFO - 
2026-08-21 15:48:50 - INFO -       safe (0)     0.8000    0.8649    0.8312        74
2026-08-21 15:48:50 - INFO - vulnerable (1)     0.8611    0.7949    0.8267        78
2026-08-21 15:48:50 - INFO - 
2026-08-21 15:48:50 - INFO -       accuracy                         0.8289       152
2026-08-21 15:48:50 - INFO -      macro avg     0.8306    0.8299    0.8289       152
2026-08-21 15:48:50 - INFO -   weighted avg     0.8314    0.8289    0.8289       152
2026-08-21 15:48:50 - INFO - Confusion matrix - [[tn=64, fp=10], [fn=16, tp=62]]
2026-08-21 15:48:50 - INFO - probability_positive min=0.0007 mean=0.4669 std=0.4807 max=0.9988 predicted_0=80 predicted_1=72
2026-08-21 15:49:01 - INFO - Epoch 14/30 | Train loss: 0.061604 | Val loss: 0.786187 | LR: 2.00e-05 | Best epoch: 10 | Patience: 4 | Train: 9.70s | Validation: 1.05s | Epoch: 10.75s | Total: 154.11s
2026-08-21 15:49:01 - INFO - RecAdam target-task weight at epoch end: 1.000000
2026-08-21 15:49:01 - INFO - [Classification Report - split=train epoch=14 - threshold=0.50]
2026-08-21 15:49:01 - INFO -                 precision    recall  f1-score   support
2026-08-21 15:49:01 - INFO - 
2026-08-21 15:49:01 - INFO -       safe (0)     0.9913    0.9660    0.9784       235
2026-08-21 15:49:01 - INFO - vulnerable (1)     0.9648    0.9910    0.9777       221
2026-08-21 15:49:01 - INFO - 
2026-08-21 15:49:01 - INFO -       accuracy                         0.9781       456
2026-08-21 15:49:01 - INFO -      macro avg     0.9780    0.9785    0.9781       456
2026-08-21 15:49:01 - INFO -   weighted avg     0.9784    0.9781    0.9781       456
2026-08-21 15:49:01 - INFO - Confusion matrix - [[tn=227, fp=8], [fn=2, tp=219]]
2026-08-21 15:49:01 - INFO - probability_positive min=0.0010 mean=0.4934 std=0.4879 max=0.9983 predicted_0=229 predicted_1=227
2026-08-21 15:49:01 - INFO - [Classification Report - split=validation epoch=14 - threshold=0.50]
2026-08-21 15:49:01 - INFO -                 precision    recall  f1-score   support
2026-08-21 15:49:01 - INFO - 
2026-08-21 15:49:01 - INFO -       safe (0)     0.8101    0.8649    0.8366        74
2026-08-21 15:49:01 - INFO - vulnerable (1)     0.8630    0.8077    0.8344        78
2026-08-21 15:49:01 - INFO - 
2026-08-21 15:49:01 - INFO -       accuracy                         0.8355       152
2026-08-21 15:49:01 - INFO -      macro avg     0.8366    0.8363    0.8355       152
2026-08-21 15:49:01 - INFO -   weighted avg     0.8373    0.8355    0.8355       152
2026-08-21 15:49:01 - INFO - Confusion matrix - [[tn=64, fp=10], [fn=15, tp=63]]
2026-08-21 15:49:01 - INFO - probability_positive min=0.0007 mean=0.4852 std=0.4839 max=0.9990 predicted_0=79 predicted_1=73
2026-08-21 15:49:12 - INFO - Epoch 15/30 | Train loss: 0.053687 | Val loss: 0.865940 | LR: 2.00e-05 | Best epoch: 10 | Patience: 5 | Train: 9.71s | Validation: 1.04s | Epoch: 10.75s | Total: 164.87s
2026-08-21 15:49:12 - INFO - RecAdam target-task weight at epoch end: 1.000000
2026-08-21 15:49:12 - INFO - [Classification Report - split=train epoch=15 - threshold=0.50]
2026-08-21 15:49:12 - INFO -                 precision    recall  f1-score   support
2026-08-21 15:49:12 - INFO - 
2026-08-21 15:49:12 - INFO -       safe (0)     0.9703    0.9745    0.9724       235
2026-08-21 15:49:12 - INFO - vulnerable (1)     0.9727    0.9683    0.9705       221
2026-08-21 15:49:12 - INFO - 
2026-08-21 15:49:12 - INFO -       accuracy                         0.9715       456
2026-08-21 15:49:12 - INFO -      macro avg     0.9715    0.9714    0.9715       456
2026-08-21 15:49:12 - INFO -   weighted avg     0.9715    0.9715    0.9715       456
2026-08-21 15:49:12 - INFO - Confusion matrix - [[tn=229, fp=6], [fn=7, tp=214]]
2026-08-21 15:49:12 - INFO - probability_positive min=0.0008 mean=0.4776 std=0.4858 max=0.9986 predicted_0=236 predicted_1=220
2026-08-21 15:49:12 - INFO - [Classification Report - split=validation epoch=15 - threshold=0.50]
2026-08-21 15:49:12 - INFO -                 precision    recall  f1-score   support
2026-08-21 15:49:12 - INFO - 
2026-08-21 15:49:12 - INFO -       safe (0)     0.8333    0.8108    0.8219        74
2026-08-21 15:49:12 - INFO - vulnerable (1)     0.8250    0.8462    0.8354        78
2026-08-21 15:49:12 - INFO - 
2026-08-21 15:49:12 - INFO -       accuracy                         0.8289       152
2026-08-21 15:49:12 - INFO -      macro avg     0.8292    0.8285    0.8287       152
2026-08-21 15:49:12 - INFO -   weighted avg     0.8291    0.8289    0.8289       152
2026-08-21 15:49:12 - INFO - Confusion matrix - [[tn=60, fp=14], [fn=12, tp=66]]
2026-08-21 15:49:12 - INFO - probability_positive min=0.0006 mean=0.5253 std=0.4900 max=0.9991 predicted_0=72 predicted_1=80
2026-08-21 15:49:12 - INFO - Early stopping | Epoch: 15 | Best epoch: 10
2026-08-21 15:49:12 - INFO - Best checkpoint saved | Path: model/t5base_s12_codet5m/transfer_cwe/seed_12/fold1/best.pt | Epoch: 10 | Val macro_f1: 0.842078
2026-08-21 15:49:12 - INFO - Training finished | Elapsed: 164.88s
2026-08-21 15:49:12 - INFO - Run finished | Phase: phase2 | Fold: 1 | Seed: 12 | Elapsed: 168.01s
