2026-08-21 16:08:10 - INFO - Using device: cuda
2026-08-21 16:08:10 - INFO - Run started | Run: t5base_s12_codet5m | Method: transfer_cwe | Phase: phase2 | Fold: 3 | Seed: 12 | Device: cuda
2026-08-21 16:08:10 - INFO - Loading Python training data: data/sven_python_folds_norm/fold3/train.jsonl
2026-08-21 16:08:10 - INFO - Loading Python validation data: data/sven_python_folds_norm/fold3/val.jsonl
2026-08-21 16:08:10 - INFO - Data split: python_train | Total: 456 | Labels: {0: 217, 1: 239} | CWEs: {'CWE-022': 40, 'CWE-078': 125, 'CWE-079': 49, 'CWE-089': 242} | Languages: {'python': 456} | Invalid CWE: 0
2026-08-21 16:08:10 - INFO - Data split: python_val | Total: 152 | Labels: {0: 83, 1: 69} | CWEs: {'CWE-022': 11, 'CWE-078': 41, 'CWE-079': 13, 'CWE-089': 87} | Languages: {'python': 152} | Invalid CWE: 0
2026-08-21 16:08:11 - INFO - Auxiliary head width taken from checkpoint: 4
2026-08-21 16:08:13 - INFO - Loaded source checkpoint: model/t5base_s12_codet5m/transfer_cwe/seed_12/source/best.pt | Best epoch: 15 | Best Val Macro-F1: 0.657499
2026-08-21 16:08:13 - INFO - RecAdam schedule | Total steps: 870 | Steps/epoch: 29 | Anneal t0: 43 | Weights: {1: 0.10909682119561293, 29: 0.3318122278318339, 43: 0.5, 870: 1.0}
2026-08-21 16:08:13 - INFO - Environment: {"components": {"backbone": {"frozen": 0, "total": 109607040, "trainable": 109607040}, "cwe_head": {"frozen": 3076, "total": 3076, "trainable": 0}, "vul_head": {"frozen": 0, "total": 1538, "trainable": 1538}}, "cuda": "12.8", "fold": 3, "frozen_parameters": 3076, "gpu": "NVIDIA GeForce RTX 4070 Ti SUPER", "hyperparameters": {"anneal_fun": "sigmoid", "anneal_k": 0.05, "anneal_t0_ratio": 0.05, "anneal_w": 1.0, "aux_mode": "cwe", "batch_size": 16, "checkpoint_path": "model/t5base_s12_codet5m/transfer_cwe/seed_12/fold3/best.pt", "cwe_vocab": "fixed4", "data_path": "data/train_ccpp_filtered.jsonl", "data_root": "data/sven_python_folds_norm", "epochs": 30, "eval_batch_size": 16, "fold": 3, "freeze_backbone_layers": 0, "freeze_prototypes_steps": 0, "lambda_cwe": 0.2, "latent_temperature": 0.1, "learning_rate": 2e-05, "lora_rank": 0, "lp_epochs": 0, "lp_learning_rate": 0.001, "max_eval_samples": null, "max_grad_norm": 1.0, "max_length": 512, "max_train_samples": null, "method_name": "transfer_cwe", "min_epochs": 3, "model_name": "Salesforce/codet5-base", "num_cwes": 4, "num_latent": 8, "num_workers": 0, "output_dir": "results/t5base_s12_codet5m/transfer_cwe", "patience": 5, "phase": "phase2", "phase2_optimizer": "recadam", "pooling": "mean", "pretrain_cof": 5000.0, "recadam_anchor": "source", "result_path": "results/t5base_s12_codet5m/transfer_cwe/seed_12/fold3.json", "run_name": "t5base_s12_codet5m", "seed": 12, "selection_metric": "macro_f1", "source_checkpoint": "model/t5base_s12_codet5m/transfer_cwe/seed_12/source/best.pt", "source_interpolation": 1.0, "strict_determinism": false, "target_lang": "python", "test_path": null, "train_path": null, "truncation_strategy": "head_middle_tail", "val_path": null, "weight_decay": 0.01}, "mode": "phase2_train", "model_name": "Salesforce/codet5-base", "seed": 12, "sklearn": "1.7.2", "torch": "2.11.0+cu128", "trainable_parameters": 109608578, "transformers": "4.57.1"}
2026-08-21 16:08:13 - INFO - Training started | Phase: phase2 | Epochs: 30
2026-08-21 16:08:14 - INFO - RecAdam first-step safety checks passed
2026-08-21 16:08:24 - INFO - Epoch 1/30 | Train loss: 0.818568 | Val loss: 0.702097 | LR: 2.00e-05 | Best epoch: 1 | Patience: 0 | Train: 9.87s | Validation: 1.06s | Epoch: 11.21s | Total: 11.21s
2026-08-21 16:08:24 - INFO - RecAdam target-task weight at epoch end: 0.331812
2026-08-21 16:08:24 - INFO - [Classification Report - split=train epoch=1 - threshold=0.50]
2026-08-21 16:08:24 - INFO -                 precision    recall  f1-score   support
2026-08-21 16:08:24 - INFO - 
2026-08-21 16:08:24 - INFO -       safe (0)     0.5841    0.3041    0.4000       217
2026-08-21 16:08:24 - INFO - vulnerable (1)     0.5598    0.8033    0.6598       239
2026-08-21 16:08:24 - INFO - 
2026-08-21 16:08:24 - INFO -       accuracy                         0.5658       456
2026-08-21 16:08:24 - INFO -      macro avg     0.5719    0.5537    0.5299       456
2026-08-21 16:08:24 - INFO -   weighted avg     0.5713    0.5658    0.5362       456
2026-08-21 16:08:24 - INFO - Confusion matrix - [[tn=66, fp=151], [fn=47, tp=192]]
2026-08-21 16:08:24 - INFO - probability_positive min=0.0039 mean=0.6172 std=0.2241 max=0.9542 predicted_0=113 predicted_1=343
2026-08-21 16:08:24 - INFO - [Classification Report - split=validation epoch=1 - threshold=0.50]
2026-08-21 16:08:24 - INFO -                 precision    recall  f1-score   support
2026-08-21 16:08:24 - INFO - 
2026-08-21 16:08:24 - INFO -       safe (0)     0.6481    0.4217    0.5109        83
2026-08-21 16:08:24 - INFO - vulnerable (1)     0.5102    0.7246    0.5988        69
2026-08-21 16:08:24 - INFO - 
2026-08-21 16:08:24 - INFO -       accuracy                         0.5592       152
2026-08-21 16:08:24 - INFO -      macro avg     0.5792    0.5732    0.5549       152
2026-08-21 16:08:24 - INFO -   weighted avg     0.5855    0.5592    0.5508       152
2026-08-21 16:08:24 - INFO - Confusion matrix - [[tn=35, fp=48], [fn=19, tp=50]]
2026-08-21 16:08:24 - INFO - probability_positive min=0.0030 mean=0.5571 std=0.2341 max=0.9327 predicted_0=54 predicted_1=98
2026-08-21 16:08:24 - INFO - New best model | Macro-F1: 0.554876 | Epoch: 1
2026-08-21 16:08:35 - INFO - Epoch 2/30 | Train loss: 0.735707 | Val loss: 0.652290 | LR: 2.00e-05 | Best epoch: 2 | Patience: 0 | Train: 9.67s | Validation: 1.06s | Epoch: 11.16s | Total: 22.38s
2026-08-21 16:08:35 - INFO - RecAdam target-task weight at epoch end: 0.679179
2026-08-21 16:08:35 - INFO - [Classification Report - split=train epoch=2 - threshold=0.50]
2026-08-21 16:08:35 - INFO -                 precision    recall  f1-score   support
2026-08-21 16:08:35 - INFO - 
2026-08-21 16:08:35 - INFO -       safe (0)     0.5604    0.4700    0.5113       217
2026-08-21 16:08:35 - INFO - vulnerable (1)     0.5803    0.6653    0.6199       239
2026-08-21 16:08:35 - INFO - 
2026-08-21 16:08:35 - INFO -       accuracy                         0.5724       456
2026-08-21 16:08:35 - INFO -      macro avg     0.5704    0.5677    0.5656       456
2026-08-21 16:08:35 - INFO -   weighted avg     0.5708    0.5724    0.5682       456
2026-08-21 16:08:35 - INFO - Confusion matrix - [[tn=102, fp=115], [fn=80, tp=159]]
2026-08-21 16:08:35 - INFO - probability_positive min=0.0036 mean=0.5281 std=0.1918 max=0.9177 predicted_0=182 predicted_1=274
2026-08-21 16:08:35 - INFO - [Classification Report - split=validation epoch=2 - threshold=0.50]
2026-08-21 16:08:35 - INFO -                 precision    recall  f1-score   support
2026-08-21 16:08:35 - INFO - 
2026-08-21 16:08:35 - INFO -       safe (0)     0.6265    0.6265    0.6265        83
2026-08-21 16:08:35 - INFO - vulnerable (1)     0.5507    0.5507    0.5507        69
2026-08-21 16:08:35 - INFO - 
2026-08-21 16:08:35 - INFO -       accuracy                         0.5921       152
2026-08-21 16:08:35 - INFO -      macro avg     0.5886    0.5886    0.5886       152
2026-08-21 16:08:35 - INFO -   weighted avg     0.5921    0.5921    0.5921       152
2026-08-21 16:08:35 - INFO - Confusion matrix - [[tn=52, fp=31], [fn=31, tp=38]]
2026-08-21 16:08:35 - INFO - probability_positive min=0.0037 mean=0.4711 std=0.1736 max=0.8261 predicted_0=83 predicted_1=69
2026-08-21 16:08:35 - INFO - New best model | Macro-F1: 0.588615 | Epoch: 2
2026-08-21 16:08:46 - INFO - Epoch 3/30 | Train loss: 0.677220 | Val loss: 0.662347 | LR: 2.00e-05 | Best epoch: 2 | Patience: 1 | Train: 9.68s | Validation: 1.06s | Epoch: 10.74s | Total: 33.15s
2026-08-21 16:08:46 - INFO - RecAdam target-task weight at epoch end: 0.900250
2026-08-21 16:08:46 - INFO - [Classification Report - split=train epoch=3 - threshold=0.50]
2026-08-21 16:08:46 - INFO -                 precision    recall  f1-score   support
2026-08-21 16:08:46 - INFO - 
2026-08-21 16:08:46 - INFO -       safe (0)     0.6111    0.5069    0.5542       217
2026-08-21 16:08:46 - INFO - vulnerable (1)     0.6123    0.7071    0.6563       239
2026-08-21 16:08:46 - INFO - 
2026-08-21 16:08:46 - INFO -       accuracy                         0.6118       456
2026-08-21 16:08:46 - INFO -      macro avg     0.6117    0.6070    0.6052       456
2026-08-21 16:08:46 - INFO -   weighted avg     0.6117    0.6118    0.6077       456
2026-08-21 16:08:46 - INFO - Confusion matrix - [[tn=110, fp=107], [fn=70, tp=169]]
2026-08-21 16:08:46 - INFO - probability_positive min=0.0047 mean=0.5192 std=0.1557 max=0.9190 predicted_0=180 predicted_1=276
2026-08-21 16:08:46 - INFO - [Classification Report - split=validation epoch=3 - threshold=0.50]
2026-08-21 16:08:46 - INFO -                 precision    recall  f1-score   support
2026-08-21 16:08:46 - INFO - 
2026-08-21 16:08:46 - INFO -       safe (0)     0.6500    0.3133    0.4228        83
2026-08-21 16:08:46 - INFO - vulnerable (1)     0.4911    0.7971    0.6077        69
2026-08-21 16:08:46 - INFO - 
2026-08-21 16:08:46 - INFO -       accuracy                         0.5329       152
2026-08-21 16:08:46 - INFO -      macro avg     0.5705    0.5552    0.5152       152
2026-08-21 16:08:46 - INFO -   weighted avg     0.5779    0.5329    0.5067       152
2026-08-21 16:08:46 - INFO - Confusion matrix - [[tn=26, fp=57], [fn=14, tp=55]]
2026-08-21 16:08:46 - INFO - probability_positive min=0.0048 mean=0.5593 std=0.1855 max=0.8761 predicted_0=40 predicted_1=112
2026-08-21 16:08:57 - INFO - Epoch 4/30 | Train loss: 0.558821 | Val loss: 0.645832 | LR: 2.00e-05 | Best epoch: 4 | Patience: 0 | Train: 9.69s | Validation: 1.06s | Epoch: 11.17s | Total: 44.33s
2026-08-21 16:08:57 - INFO - RecAdam target-task weight at epoch end: 0.974667
2026-08-21 16:08:57 - INFO - [Classification Report - split=train epoch=4 - threshold=0.50]
2026-08-21 16:08:57 - INFO -                 precision    recall  f1-score   support
2026-08-21 16:08:57 - INFO - 
2026-08-21 16:08:57 - INFO -       safe (0)     0.7000    0.6129    0.6536       217
2026-08-21 16:08:57 - INFO - vulnerable (1)     0.6842    0.7615    0.7208       239
2026-08-21 16:08:57 - INFO - 
2026-08-21 16:08:57 - INFO -       accuracy                         0.6908       456
2026-08-21 16:08:57 - INFO -      macro avg     0.6921    0.6872    0.6872       456
2026-08-21 16:08:57 - INFO -   weighted avg     0.6917    0.6908    0.6888       456
2026-08-21 16:08:57 - INFO - Confusion matrix - [[tn=133, fp=84], [fn=57, tp=182]]
2026-08-21 16:08:57 - INFO - probability_positive min=0.0067 mean=0.5215 std=0.2096 max=0.9496 predicted_0=190 predicted_1=266
2026-08-21 16:08:57 - INFO - [Classification Report - split=validation epoch=4 - threshold=0.50]
2026-08-21 16:08:57 - INFO -                 precision    recall  f1-score   support
2026-08-21 16:08:57 - INFO - 
2026-08-21 16:08:57 - INFO -       safe (0)     0.6607    0.8916    0.7590        83
2026-08-21 16:08:57 - INFO - vulnerable (1)     0.7750    0.4493    0.5688        69
2026-08-21 16:08:57 - INFO - 
2026-08-21 16:08:57 - INFO -       accuracy                         0.6908       152
2026-08-21 16:08:57 - INFO -      macro avg     0.7179    0.6704    0.6639       152
2026-08-21 16:08:57 - INFO -   weighted avg     0.7126    0.6908    0.6726       152
2026-08-21 16:08:57 - INFO - Confusion matrix - [[tn=74, fp=9], [fn=38, tp=31]]
2026-08-21 16:08:57 - INFO - probability_positive min=0.0027 mean=0.3004 std=0.2688 max=0.8848 predicted_0=112 predicted_1=40
2026-08-21 16:08:57 - INFO - New best model | Macro-F1: 0.663891 | Epoch: 4
2026-08-21 16:09:09 - INFO - Epoch 5/30 | Train loss: 0.368230 | Val loss: 0.430472 | LR: 2.00e-05 | Best epoch: 5 | Patience: 0 | Train: 9.70s | Validation: 1.06s | Epoch: 11.19s | Total: 55.55s
2026-08-21 16:09:09 - INFO - RecAdam target-task weight at epoch end: 0.993940
2026-08-21 16:09:09 - INFO - [Classification Report - split=train epoch=5 - threshold=0.50]
2026-08-21 16:09:09 - INFO -                 precision    recall  f1-score   support
2026-08-21 16:09:09 - INFO - 
2026-08-21 16:09:09 - INFO -       safe (0)     0.8301    0.7880    0.8085       217
2026-08-21 16:09:09 - INFO - vulnerable (1)     0.8160    0.8536    0.8344       239
2026-08-21 16:09:09 - INFO - 
2026-08-21 16:09:09 - INFO -       accuracy                         0.8224       456
2026-08-21 16:09:09 - INFO -      macro avg     0.8230    0.8208    0.8214       456
2026-08-21 16:09:09 - INFO -   weighted avg     0.8227    0.8224    0.8221       456
2026-08-21 16:09:09 - INFO - Confusion matrix - [[tn=171, fp=46], [fn=35, tp=204]]
2026-08-21 16:09:09 - INFO - probability_positive min=0.0031 mean=0.5073 std=0.3611 max=0.9862 predicted_0=206 predicted_1=250
2026-08-21 16:09:09 - INFO - [Classification Report - split=validation epoch=5 - threshold=0.50]
2026-08-21 16:09:09 - INFO -                 precision    recall  f1-score   support
2026-08-21 16:09:09 - INFO - 
2026-08-21 16:09:09 - INFO -       safe (0)     0.8434    0.8434    0.8434        83
2026-08-21 16:09:09 - INFO - vulnerable (1)     0.8116    0.8116    0.8116        69
2026-08-21 16:09:09 - INFO - 
2026-08-21 16:09:09 - INFO -       accuracy                         0.8289       152
2026-08-21 16:09:09 - INFO -      macro avg     0.8275    0.8275    0.8275       152
2026-08-21 16:09:09 - INFO -   weighted avg     0.8289    0.8289    0.8289       152
2026-08-21 16:09:09 - INFO - Confusion matrix - [[tn=70, fp=13], [fn=13, tp=56]]
2026-08-21 16:09:09 - INFO - probability_positive min=0.0024 mean=0.4663 std=0.4030 max=0.9918 predicted_0=83 predicted_1=69
2026-08-21 16:09:09 - INFO - New best model | Macro-F1: 0.827484 | Epoch: 5
2026-08-21 16:09:20 - INFO - Epoch 6/30 | Train loss: 0.256208 | Val loss: 0.418133 | LR: 2.00e-05 | Best epoch: 6 | Patience: 0 | Train: 9.69s | Validation: 1.06s | Epoch: 11.16s | Total: 66.72s
2026-08-21 16:09:20 - INFO - RecAdam target-task weight at epoch end: 0.998572
2026-08-21 16:09:20 - INFO - [Classification Report - split=train epoch=6 - threshold=0.50]
2026-08-21 16:09:20 - INFO -                 precision    recall  f1-score   support
2026-08-21 16:09:20 - INFO - 
2026-08-21 16:09:20 - INFO -       safe (0)     0.9073    0.8571    0.8815       217
2026-08-21 16:09:20 - INFO - vulnerable (1)     0.8765    0.9205    0.8980       239
2026-08-21 16:09:20 - INFO - 
2026-08-21 16:09:20 - INFO -       accuracy                         0.8904       456
2026-08-21 16:09:20 - INFO -      macro avg     0.8919    0.8888    0.8897       456
2026-08-21 16:09:20 - INFO -   weighted avg     0.8912    0.8904    0.8901       456
2026-08-21 16:09:20 - INFO - Confusion matrix - [[tn=186, fp=31], [fn=19, tp=220]]
2026-08-21 16:09:20 - INFO - probability_positive min=0.0038 mean=0.5124 std=0.4164 max=0.9898 predicted_0=205 predicted_1=251
2026-08-21 16:09:20 - INFO - [Classification Report - split=validation epoch=6 - threshold=0.50]
2026-08-21 16:09:20 - INFO -                 precision    recall  f1-score   support
2026-08-21 16:09:20 - INFO - 
2026-08-21 16:09:20 - INFO -       safe (0)     0.8625    0.8313    0.8466        83
2026-08-21 16:09:20 - INFO - vulnerable (1)     0.8056    0.8406    0.8227        69
2026-08-21 16:09:20 - INFO - 
2026-08-21 16:09:20 - INFO -       accuracy                         0.8355       152
2026-08-21 16:09:20 - INFO -      macro avg     0.8340    0.8360    0.8347       152
2026-08-21 16:09:20 - INFO -   weighted avg     0.8367    0.8355    0.8358       152
2026-08-21 16:09:20 - INFO - Confusion matrix - [[tn=69, fp=14], [fn=11, tp=58]]
2026-08-21 16:09:20 - INFO - probability_positive min=0.0019 mean=0.4843 std=0.4406 max=0.9949 predicted_0=80 predicted_1=72
2026-08-21 16:09:20 - INFO - New best model | Macro-F1: 0.834660 | Epoch: 6
2026-08-21 16:09:31 - INFO - Epoch 7/30 | Train loss: 0.211789 | Val loss: 0.450496 | LR: 2.00e-05 | Best epoch: 7 | Patience: 0 | Train: 9.69s | Validation: 1.06s | Epoch: 11.18s | Total: 77.92s
2026-08-21 16:09:31 - INFO - RecAdam target-task weight at epoch end: 0.999665
2026-08-21 16:09:31 - INFO - [Classification Report - split=train epoch=7 - threshold=0.50]
2026-08-21 16:09:31 - INFO -                 precision    recall  f1-score   support
2026-08-21 16:09:31 - INFO - 
2026-08-21 16:09:31 - INFO -       safe (0)     0.9174    0.9217    0.9195       217
2026-08-21 16:09:31 - INFO - vulnerable (1)     0.9286    0.9247    0.9266       239
2026-08-21 16:09:31 - INFO - 
2026-08-21 16:09:31 - INFO -       accuracy                         0.9232       456
2026-08-21 16:09:31 - INFO -      macro avg     0.9230    0.9232    0.9231       456
2026-08-21 16:09:31 - INFO -   weighted avg     0.9233    0.9232    0.9233       456
2026-08-21 16:09:31 - INFO - Confusion matrix - [[tn=200, fp=17], [fn=18, tp=221]]
2026-08-21 16:09:31 - INFO - probability_positive min=0.0028 mean=0.5116 std=0.4480 max=0.9941 predicted_0=218 predicted_1=238
2026-08-21 16:09:31 - INFO - [Classification Report - split=validation epoch=7 - threshold=0.50]
2026-08-21 16:09:31 - INFO -                 precision    recall  f1-score   support
2026-08-21 16:09:31 - INFO - 
2026-08-21 16:09:31 - INFO -       safe (0)     0.8675    0.8675    0.8675        83
2026-08-21 16:09:31 - INFO - vulnerable (1)     0.8406    0.8406    0.8406        69
2026-08-21 16:09:31 - INFO - 
2026-08-21 16:09:31 - INFO -       accuracy                         0.8553       152
2026-08-21 16:09:31 - INFO -      macro avg     0.8540    0.8540    0.8540       152
2026-08-21 16:09:31 - INFO -   weighted avg     0.8553    0.8553    0.8553       152
2026-08-21 16:09:31 - INFO - Confusion matrix - [[tn=72, fp=11], [fn=11, tp=58]]
2026-08-21 16:09:31 - INFO - probability_positive min=0.0015 mean=0.4368 std=0.4555 max=0.9958 predicted_0=83 predicted_1=69
2026-08-21 16:09:31 - INFO - New best model | Macro-F1: 0.854025 | Epoch: 7
2026-08-21 16:09:42 - INFO - Epoch 8/30 | Train loss: 0.147346 | Val loss: 0.499593 | LR: 2.00e-05 | Best epoch: 8 | Patience: 0 | Train: 9.69s | Validation: 1.06s | Epoch: 11.19s | Total: 89.13s
2026-08-21 16:09:42 - INFO - RecAdam target-task weight at epoch end: 0.999921
2026-08-21 16:09:42 - INFO - [Classification Report - split=train epoch=8 - threshold=0.50]
2026-08-21 16:09:42 - INFO -                 precision    recall  f1-score   support
2026-08-21 16:09:42 - INFO - 
2026-08-21 16:09:42 - INFO -       safe (0)     0.9346    0.9217    0.9281       217
2026-08-21 16:09:42 - INFO - vulnerable (1)     0.9298    0.9414    0.9356       239
2026-08-21 16:09:42 - INFO - 
2026-08-21 16:09:42 - INFO -       accuracy                         0.9320       456
2026-08-21 16:09:42 - INFO -      macro avg     0.9322    0.9315    0.9318       456
2026-08-21 16:09:42 - INFO -   weighted avg     0.9320    0.9320    0.9320       456
2026-08-21 16:09:42 - INFO - Confusion matrix - [[tn=200, fp=17], [fn=14, tp=225]]
2026-08-21 16:09:42 - INFO - probability_positive min=0.0023 mean=0.5199 std=0.4577 max=0.9952 predicted_0=214 predicted_1=242
2026-08-21 16:09:42 - INFO - [Classification Report - split=validation epoch=8 - threshold=0.50]
2026-08-21 16:09:42 - INFO -                 precision    recall  f1-score   support
2026-08-21 16:09:42 - INFO - 
2026-08-21 16:09:42 - INFO -       safe (0)     0.9067    0.8193    0.8608        83
2026-08-21 16:09:42 - INFO - vulnerable (1)     0.8052    0.8986    0.8493        69
2026-08-21 16:09:42 - INFO - 
2026-08-21 16:09:42 - INFO -       accuracy                         0.8553       152
2026-08-21 16:09:42 - INFO -      macro avg     0.8559    0.8589    0.8550       152
2026-08-21 16:09:42 - INFO -   weighted avg     0.8606    0.8553    0.8556       152
2026-08-21 16:09:42 - INFO - Confusion matrix - [[tn=68, fp=15], [fn=7, tp=62]]
2026-08-21 16:09:42 - INFO - probability_positive min=0.0015 mean=0.5028 std=0.4668 max=0.9970 predicted_0=75 predicted_1=77
2026-08-21 16:09:42 - INFO - New best model | Macro-F1: 0.855037 | Epoch: 8
2026-08-21 16:09:53 - INFO - Epoch 9/30 | Train loss: 0.151867 | Val loss: 0.572039 | LR: 2.00e-05 | Best epoch: 8 | Patience: 1 | Train: 9.69s | Validation: 1.06s | Epoch: 10.75s | Total: 99.91s
2026-08-21 16:09:53 - INFO - RecAdam target-task weight at epoch end: 0.999982
2026-08-21 16:09:53 - INFO - [Classification Report - split=train epoch=9 - threshold=0.50]
2026-08-21 16:09:53 - INFO -                 precision    recall  f1-score   support
2026-08-21 16:09:53 - INFO - 
2026-08-21 16:09:53 - INFO -       safe (0)     0.9361    0.9447    0.9404       217
2026-08-21 16:09:53 - INFO - vulnerable (1)     0.9494    0.9414    0.9454       239
2026-08-21 16:09:53 - INFO - 
2026-08-21 16:09:53 - INFO -       accuracy                         0.9430       456
2026-08-21 16:09:53 - INFO -      macro avg     0.9427    0.9431    0.9429       456
2026-08-21 16:09:53 - INFO -   weighted avg     0.9430    0.9430    0.9430       456
2026-08-21 16:09:53 - INFO - Confusion matrix - [[tn=205, fp=12], [fn=14, tp=225]]
2026-08-21 16:09:53 - INFO - probability_positive min=0.0021 mean=0.5234 std=0.4696 max=0.9965 predicted_0=219 predicted_1=237
2026-08-21 16:09:53 - INFO - [Classification Report - split=validation epoch=9 - threshold=0.50]
2026-08-21 16:09:53 - INFO -                 precision    recall  f1-score   support
2026-08-21 16:09:53 - INFO - 
2026-08-21 16:09:53 - INFO -       safe (0)     0.8276    0.8675    0.8471        83
2026-08-21 16:09:53 - INFO - vulnerable (1)     0.8308    0.7826    0.8060        69
2026-08-21 16:09:53 - INFO - 
2026-08-21 16:09:53 - INFO -       accuracy                         0.8289       152
2026-08-21 16:09:53 - INFO -      macro avg     0.8292    0.8250    0.8265       152
2026-08-21 16:09:53 - INFO -   weighted avg     0.8290    0.8289    0.8284       152
2026-08-21 16:09:53 - INFO - Confusion matrix - [[tn=72, fp=11], [fn=15, tp=54]]
2026-08-21 16:09:53 - INFO - probability_positive min=0.0013 mean=0.4304 std=0.4704 max=0.9977 predicted_0=87 predicted_1=65
2026-08-21 16:10:04 - INFO - Epoch 10/30 | Train loss: 0.117803 | Val loss: 0.578681 | LR: 2.00e-05 | Best epoch: 8 | Patience: 2 | Train: 9.69s | Validation: 1.06s | Epoch: 10.75s | Total: 110.67s
2026-08-21 16:10:04 - INFO - RecAdam target-task weight at epoch end: 0.999996
2026-08-21 16:10:04 - INFO - [Classification Report - split=train epoch=10 - threshold=0.50]
2026-08-21 16:10:04 - INFO -                 precision    recall  f1-score   support
2026-08-21 16:10:04 - INFO - 
2026-08-21 16:10:04 - INFO -       safe (0)     0.9671    0.9493    0.9581       217
2026-08-21 16:10:04 - INFO - vulnerable (1)     0.9547    0.9707    0.9627       239
2026-08-21 16:10:04 - INFO - 
2026-08-21 16:10:04 - INFO -       accuracy                         0.9605       456
2026-08-21 16:10:04 - INFO -      macro avg     0.9609    0.9600    0.9604       456
2026-08-21 16:10:04 - INFO -   weighted avg     0.9606    0.9605    0.9605       456
2026-08-21 16:10:04 - INFO - Confusion matrix - [[tn=206, fp=11], [fn=7, tp=232]]
2026-08-21 16:10:04 - INFO - probability_positive min=0.0020 mean=0.5272 std=0.4780 max=0.9973 predicted_0=213 predicted_1=243
2026-08-21 16:10:04 - INFO - [Classification Report - split=validation epoch=10 - threshold=0.50]
2026-08-21 16:10:04 - INFO -                 precision    recall  f1-score   support
2026-08-21 16:10:04 - INFO - 
2026-08-21 16:10:04 - INFO -       safe (0)     0.8434    0.8434    0.8434        83
2026-08-21 16:10:04 - INFO - vulnerable (1)     0.8116    0.8116    0.8116        69
2026-08-21 16:10:04 - INFO - 
2026-08-21 16:10:04 - INFO -       accuracy                         0.8289       152
2026-08-21 16:10:04 - INFO -      macro avg     0.8275    0.8275    0.8275       152
2026-08-21 16:10:04 - INFO -   weighted avg     0.8289    0.8289    0.8289       152
2026-08-21 16:10:04 - INFO - Confusion matrix - [[tn=70, fp=13], [fn=13, tp=56]]
2026-08-21 16:10:04 - INFO - probability_positive min=0.0015 mean=0.4484 std=0.4725 max=0.9980 predicted_0=83 predicted_1=69
2026-08-21 16:10:15 - INFO - Epoch 11/30 | Train loss: 0.093560 | Val loss: 0.661511 | LR: 2.00e-05 | Best epoch: 11 | Patience: 0 | Train: 9.69s | Validation: 1.06s | Epoch: 11.18s | Total: 121.86s
2026-08-21 16:10:15 - INFO - RecAdam target-task weight at epoch end: 0.999999
2026-08-21 16:10:15 - INFO - [Classification Report - split=train epoch=11 - threshold=0.50]
2026-08-21 16:10:15 - INFO -                 precision    recall  f1-score   support
2026-08-21 16:10:15 - INFO - 
2026-08-21 16:10:15 - INFO -       safe (0)     0.9679    0.9724    0.9701       217
2026-08-21 16:10:15 - INFO - vulnerable (1)     0.9748    0.9707    0.9727       239
2026-08-21 16:10:15 - INFO - 
2026-08-21 16:10:15 - INFO -       accuracy                         0.9715       456
2026-08-21 16:10:15 - INFO -      macro avg     0.9713    0.9715    0.9714       456
2026-08-21 16:10:15 - INFO -   weighted avg     0.9715    0.9715    0.9715       456
2026-08-21 16:10:15 - INFO - Confusion matrix - [[tn=211, fp=6], [fn=7, tp=232]]
2026-08-21 16:10:15 - INFO - probability_positive min=0.0020 mean=0.5204 std=0.4809 max=0.9979 predicted_0=218 predicted_1=238
2026-08-21 16:10:15 - INFO - [Classification Report - split=validation epoch=11 - threshold=0.50]
2026-08-21 16:10:15 - INFO -                 precision    recall  f1-score   support
2026-08-21 16:10:15 - INFO - 
2026-08-21 16:10:15 - INFO -       safe (0)     0.9178    0.8072    0.8590        83
2026-08-21 16:10:15 - INFO - vulnerable (1)     0.7975    0.9130    0.8514        69
2026-08-21 16:10:15 - INFO - 
2026-08-21 16:10:15 - INFO -       accuracy                         0.8553       152
2026-08-21 16:10:15 - INFO -      macro avg     0.8576    0.8601    0.8552       152
2026-08-21 16:10:15 - INFO -   weighted avg     0.8632    0.8553    0.8555       152
2026-08-21 16:10:15 - INFO - Confusion matrix - [[tn=67, fp=16], [fn=6, tp=63]]
2026-08-21 16:10:15 - INFO - probability_positive min=0.0013 mean=0.5179 std=0.4833 max=0.9985 predicted_0=73 predicted_1=79
2026-08-21 16:10:15 - INFO - New best model | Macro-F1: 0.855163 | Epoch: 11
2026-08-21 16:10:26 - INFO - Epoch 12/30 | Train loss: 0.067618 | Val loss: 0.690433 | LR: 2.00e-05 | Best epoch: 12 | Patience: 0 | Train: 9.69s | Validation: 1.06s | Epoch: 11.18s | Total: 133.05s
2026-08-21 16:10:26 - INFO - RecAdam target-task weight at epoch end: 1.000000
2026-08-21 16:10:26 - INFO - [Classification Report - split=train epoch=12 - threshold=0.50]
2026-08-21 16:10:26 - INFO -                 precision    recall  f1-score   support
2026-08-21 16:10:26 - INFO - 
2026-08-21 16:10:26 - INFO -       safe (0)     0.9769    0.9724    0.9746       217
2026-08-21 16:10:26 - INFO - vulnerable (1)     0.9750    0.9791    0.9770       239
2026-08-21 16:10:26 - INFO - 
2026-08-21 16:10:26 - INFO -       accuracy                         0.9759       456
2026-08-21 16:10:26 - INFO -      macro avg     0.9759    0.9757    0.9758       456
2026-08-21 16:10:26 - INFO -   weighted avg     0.9759    0.9759    0.9759       456
2026-08-21 16:10:26 - INFO - Confusion matrix - [[tn=211, fp=6], [fn=5, tp=234]]
2026-08-21 16:10:26 - INFO - probability_positive min=0.0015 mean=0.5259 std=0.4858 max=0.9982 predicted_0=216 predicted_1=240
2026-08-21 16:10:26 - INFO - [Classification Report - split=validation epoch=12 - threshold=0.50]
2026-08-21 16:10:26 - INFO -                 precision    recall  f1-score   support
2026-08-21 16:10:26 - INFO - 
2026-08-21 16:10:26 - INFO -       safe (0)     0.9189    0.8193    0.8662        83
2026-08-21 16:10:26 - INFO - vulnerable (1)     0.8077    0.9130    0.8571        69
2026-08-21 16:10:26 - INFO - 
2026-08-21 16:10:26 - INFO -       accuracy                         0.8618       152
2026-08-21 16:10:26 - INFO -      macro avg     0.8633    0.8662    0.8617       152
2026-08-21 16:10:26 - INFO -   weighted avg     0.8684    0.8618    0.8621       152
2026-08-21 16:10:26 - INFO - Confusion matrix - [[tn=68, fp=15], [fn=6, tp=63]]
2026-08-21 16:10:26 - INFO - probability_positive min=0.0011 mean=0.5088 std=0.4831 max=0.9986 predicted_0=74 predicted_1=78
2026-08-21 16:10:26 - INFO - New best model | Macro-F1: 0.861692 | Epoch: 12
2026-08-21 16:10:37 - INFO - Epoch 13/30 | Train loss: 0.053049 | Val loss: 0.706072 | LR: 2.00e-05 | Best epoch: 12 | Patience: 1 | Train: 9.69s | Validation: 1.06s | Epoch: 10.75s | Total: 143.82s
2026-08-21 16:10:37 - INFO - RecAdam target-task weight at epoch end: 1.000000
2026-08-21 16:10:37 - INFO - [Classification Report - split=train epoch=13 - threshold=0.50]
2026-08-21 16:10:37 - INFO -                 precision    recall  f1-score   support
2026-08-21 16:10:37 - INFO - 
2026-08-21 16:10:37 - INFO -       safe (0)     0.9906    0.9724    0.9814       217
2026-08-21 16:10:37 - INFO - vulnerable (1)     0.9753    0.9916    0.9834       239
2026-08-21 16:10:37 - INFO - 
2026-08-21 16:10:37 - INFO -       accuracy                         0.9825       456
2026-08-21 16:10:37 - INFO -      macro avg     0.9830    0.9820    0.9824       456
2026-08-21 16:10:37 - INFO -   weighted avg     0.9826    0.9825    0.9824       456
2026-08-21 16:10:37 - INFO - Confusion matrix - [[tn=211, fp=6], [fn=2, tp=237]]
2026-08-21 16:10:37 - INFO - probability_positive min=0.0016 mean=0.5310 std=0.4901 max=0.9980 predicted_0=213 predicted_1=243
2026-08-21 16:10:37 - INFO - [Classification Report - split=validation epoch=13 - threshold=0.50]
2026-08-21 16:10:37 - INFO -                 precision    recall  f1-score   support
2026-08-21 16:10:37 - INFO - 
2026-08-21 16:10:37 - INFO -       safe (0)     0.8875    0.8554    0.8712        83
2026-08-21 16:10:37 - INFO - vulnerable (1)     0.8333    0.8696    0.8511        69
2026-08-21 16:10:37 - INFO - 
2026-08-21 16:10:37 - INFO -       accuracy                         0.8618       152
2026-08-21 16:10:37 - INFO -      macro avg     0.8604    0.8625    0.8611       152
2026-08-21 16:10:37 - INFO -   weighted avg     0.8629    0.8618    0.8620       152
2026-08-21 16:10:37 - INFO - Confusion matrix - [[tn=71, fp=12], [fn=9, tp=60]]
2026-08-21 16:10:37 - INFO - probability_positive min=0.0010 mean=0.4746 std=0.4883 max=0.9988 predicted_0=80 predicted_1=72
2026-08-21 16:10:48 - INFO - Epoch 14/30 | Train loss: 0.055978 | Val loss: 0.779442 | LR: 2.00e-05 | Best epoch: 12 | Patience: 2 | Train: 9.69s | Validation: 1.06s | Epoch: 10.74s | Total: 154.57s
2026-08-21 16:10:48 - INFO - RecAdam target-task weight at epoch end: 1.000000
2026-08-21 16:10:48 - INFO - [Classification Report - split=train epoch=14 - threshold=0.50]
2026-08-21 16:10:48 - INFO -                 precision    recall  f1-score   support
2026-08-21 16:10:48 - INFO - 
2026-08-21 16:10:48 - INFO -       safe (0)     0.9727    0.9862    0.9794       217
2026-08-21 16:10:48 - INFO - vulnerable (1)     0.9873    0.9749    0.9811       239
2026-08-21 16:10:48 - INFO - 
2026-08-21 16:10:48 - INFO -       accuracy                         0.9803       456
2026-08-21 16:10:48 - INFO -      macro avg     0.9800    0.9805    0.9802       456
2026-08-21 16:10:48 - INFO -   weighted avg     0.9804    0.9803    0.9803       456
2026-08-21 16:10:48 - INFO - Confusion matrix - [[tn=214, fp=3], [fn=6, tp=233]]
2026-08-21 16:10:48 - INFO - probability_positive min=0.0011 mean=0.5181 std=0.4901 max=0.9985 predicted_0=220 predicted_1=236
2026-08-21 16:10:48 - INFO - [Classification Report - split=validation epoch=14 - threshold=0.50]
2026-08-21 16:10:48 - INFO -                 precision    recall  f1-score   support
2026-08-21 16:10:48 - INFO - 
2026-08-21 16:10:48 - INFO -       safe (0)     0.9143    0.7711    0.8366        83
2026-08-21 16:10:48 - INFO - vulnerable (1)     0.7683    0.9130    0.8344        69
2026-08-21 16:10:48 - INFO - 
2026-08-21 16:10:48 - INFO -       accuracy                         0.8355       152
2026-08-21 16:10:48 - INFO -      macro avg     0.8413    0.8421    0.8355       152
2026-08-21 16:10:48 - INFO -   weighted avg     0.8480    0.8355    0.8356       152
2026-08-21 16:10:48 - INFO - Confusion matrix - [[tn=64, fp=19], [fn=6, tp=63]]
2026-08-21 16:10:48 - INFO - probability_positive min=0.0008 mean=0.5430 std=0.4840 max=0.9991 predicted_0=70 predicted_1=82
2026-08-21 16:10:58 - INFO - Epoch 15/30 | Train loss: 0.041437 | Val loss: 0.799104 | LR: 2.00e-05 | Best epoch: 12 | Patience: 3 | Train: 9.69s | Validation: 1.06s | Epoch: 10.74s | Total: 165.33s
2026-08-21 16:10:58 - INFO - RecAdam target-task weight at epoch end: 1.000000
2026-08-21 16:10:58 - INFO - [Classification Report - split=train epoch=15 - threshold=0.50]
2026-08-21 16:10:58 - INFO -                 precision    recall  f1-score   support
2026-08-21 16:10:58 - INFO - 
2026-08-21 16:10:58 - INFO -       safe (0)     0.9862    0.9908    0.9885       217
2026-08-21 16:10:58 - INFO - vulnerable (1)     0.9916    0.9874    0.9895       239
2026-08-21 16:10:58 - INFO - 
2026-08-21 16:10:58 - INFO -       accuracy                         0.9890       456
2026-08-21 16:10:58 - INFO -      macro avg     0.9889    0.9891    0.9890       456
2026-08-21 16:10:58 - INFO -   weighted avg     0.9890    0.9890    0.9890       456
2026-08-21 16:10:58 - INFO - Confusion matrix - [[tn=215, fp=2], [fn=3, tp=236]]
2026-08-21 16:10:58 - INFO - probability_positive min=0.0010 mean=0.5236 std=0.4917 max=0.9988 predicted_0=218 predicted_1=238
2026-08-21 16:10:58 - INFO - [Classification Report - split=validation epoch=15 - threshold=0.50]
2026-08-21 16:10:58 - INFO -                 precision    recall  f1-score   support
2026-08-21 16:10:58 - INFO - 
2026-08-21 16:10:58 - INFO -       safe (0)     0.9178    0.8072    0.8590        83
2026-08-21 16:10:58 - INFO - vulnerable (1)     0.7975    0.9130    0.8514        69
2026-08-21 16:10:58 - INFO - 
2026-08-21 16:10:58 - INFO -       accuracy                         0.8553       152
2026-08-21 16:10:58 - INFO -      macro avg     0.8576    0.8601    0.8552       152
2026-08-21 16:10:58 - INFO -   weighted avg     0.8632    0.8553    0.8555       152
2026-08-21 16:10:58 - INFO - Confusion matrix - [[tn=67, fp=16], [fn=6, tp=63]]
2026-08-21 16:10:58 - INFO - probability_positive min=0.0008 mean=0.5203 std=0.4910 max=0.9992 predicted_0=73 predicted_1=79
2026-08-21 16:11:09 - INFO - Epoch 16/30 | Train loss: 0.034613 | Val loss: 0.837454 | LR: 2.00e-05 | Best epoch: 12 | Patience: 4 | Train: 9.69s | Validation: 1.06s | Epoch: 10.74s | Total: 176.08s
2026-08-21 16:11:09 - INFO - RecAdam target-task weight at epoch end: 1.000000
2026-08-21 16:11:09 - INFO - [Classification Report - split=train epoch=16 - threshold=0.50]
2026-08-21 16:11:09 - INFO -                 precision    recall  f1-score   support
2026-08-21 16:11:09 - INFO - 
2026-08-21 16:11:09 - INFO -       safe (0)     0.9862    0.9862    0.9862       217
2026-08-21 16:11:09 - INFO - vulnerable (1)     0.9874    0.9874    0.9874       239
2026-08-21 16:11:09 - INFO - 
2026-08-21 16:11:09 - INFO -       accuracy                         0.9868       456
2026-08-21 16:11:09 - INFO -      macro avg     0.9868    0.9868    0.9868       456
2026-08-21 16:11:09 - INFO -   weighted avg     0.9868    0.9868    0.9868       456
2026-08-21 16:11:09 - INFO - Confusion matrix - [[tn=214, fp=3], [fn=3, tp=236]]
2026-08-21 16:11:09 - INFO - probability_positive min=0.0012 mean=0.5268 std=0.4922 max=0.9989 predicted_0=217 predicted_1=239
2026-08-21 16:11:09 - INFO - [Classification Report - split=validation epoch=16 - threshold=0.50]
2026-08-21 16:11:09 - INFO -                 precision    recall  f1-score   support
2026-08-21 16:11:09 - INFO - 
2026-08-21 16:11:09 - INFO -       safe (0)     0.9028    0.7831    0.8387        83
2026-08-21 16:11:09 - INFO - vulnerable (1)     0.7750    0.8986    0.8322        69
2026-08-21 16:11:09 - INFO - 
2026-08-21 16:11:09 - INFO -       accuracy                         0.8355       152
2026-08-21 16:11:09 - INFO -      macro avg     0.8389    0.8408    0.8355       152
2026-08-21 16:11:09 - INFO -   weighted avg     0.8448    0.8355    0.8358       152
2026-08-21 16:11:09 - INFO - Confusion matrix - [[tn=65, fp=18], [fn=7, tp=62]]
2026-08-21 16:11:09 - INFO - probability_positive min=0.0007 mean=0.5274 std=0.4889 max=0.9993 predicted_0=72 predicted_1=80
2026-08-21 16:11:20 - INFO - Epoch 17/30 | Train loss: 0.038336 | Val loss: 0.845958 | LR: 2.00e-05 | Best epoch: 12 | Patience: 5 | Train: 9.69s | Validation: 1.06s | Epoch: 10.74s | Total: 186.83s
2026-08-21 16:11:20 - INFO - RecAdam target-task weight at epoch end: 1.000000
2026-08-21 16:11:20 - INFO - [Classification Report - split=train epoch=17 - threshold=0.50]
2026-08-21 16:11:20 - INFO -                 precision    recall  f1-score   support
2026-08-21 16:11:20 - INFO - 
2026-08-21 16:11:20 - INFO -       safe (0)     0.9862    0.9862    0.9862       217
2026-08-21 16:11:20 - INFO - vulnerable (1)     0.9874    0.9874    0.9874       239
2026-08-21 16:11:20 - INFO - 
2026-08-21 16:11:20 - INFO -       accuracy                         0.9868       456
2026-08-21 16:11:20 - INFO -      macro avg     0.9868    0.9868    0.9868       456
2026-08-21 16:11:20 - INFO -   weighted avg     0.9868    0.9868    0.9868       456
2026-08-21 16:11:20 - INFO - Confusion matrix - [[tn=214, fp=3], [fn=3, tp=236]]
2026-08-21 16:11:20 - INFO - probability_positive min=0.0009 mean=0.5245 std=0.4941 max=0.9991 predicted_0=217 predicted_1=239
2026-08-21 16:11:20 - INFO - [Classification Report - split=validation epoch=17 - threshold=0.50]
2026-08-21 16:11:20 - INFO -                 precision    recall  f1-score   support
2026-08-21 16:11:20 - INFO - 
2026-08-21 16:11:20 - INFO -       safe (0)     0.9067    0.8193    0.8608        83
2026-08-21 16:11:20 - INFO - vulnerable (1)     0.8052    0.8986    0.8493        69
2026-08-21 16:11:20 - INFO - 
2026-08-21 16:11:20 - INFO -       accuracy                         0.8553       152
2026-08-21 16:11:20 - INFO -      macro avg     0.8559    0.8589    0.8550       152
2026-08-21 16:11:20 - INFO -   weighted avg     0.8606    0.8553    0.8556       152
2026-08-21 16:11:20 - INFO - Confusion matrix - [[tn=68, fp=15], [fn=7, tp=62]]
2026-08-21 16:11:20 - INFO - probability_positive min=0.0006 mean=0.5077 std=0.4927 max=0.9993 predicted_0=75 predicted_1=77
2026-08-21 16:11:20 - INFO - Early stopping | Epoch: 17 | Best epoch: 12
2026-08-21 16:11:20 - INFO - Best checkpoint saved | Path: model/t5base_s12_codet5m/transfer_cwe/seed_12/fold3/best.pt | Epoch: 12 | Val macro_f1: 0.861692
2026-08-21 16:11:20 - INFO - Training finished | Elapsed: 186.84s
2026-08-21 16:11:20 - INFO - Run finished | Phase: phase2 | Fold: 3 | Seed: 12 | Elapsed: 189.57s
