2026-08-22 10:02:20 - INFO - Using device: cuda
2026-08-22 10:02:20 - INFO - Run started | Run: fam2_codebert | Method: transfer_latent_proto | Phase: phase1 | Fold: 1 | Seed: 42 | Device: cuda
2026-08-22 10:02:20 - INFO - Loading Phase-1 source data: data/train_ccpp_js.jsonl
2026-08-22 10:02:20 - INFO - Detected Phase-1 languages: ['ccpp', 'js']
2026-08-22 10:02:20 - INFO - Auxiliary CWE vocabulary: fixed four-way {'CWE-022': 0, 'CWE-078': 1, 'CWE-079': 2, 'CWE-089': 3}
2026-08-22 10:02:20 - INFO - Source split | Language: ccpp | Conservative pairs: 73 | Singletons: 0 | Stratified: True | Ratio: 90/10 | Seed: 42
2026-08-22 10:02:20 - INFO - Source split | Language: js | Conservative pairs: 565 | Singletons: 8 | Stratified: True | Ratio: 90/10 | Seed: 43
2026-08-22 10:02:20 - INFO - Combined source split | Languages: ['ccpp', 'js'] | Train: 1152 | Validation: 132
2026-08-22 10:02:20 - WARNING - No upstream pair/repo/commit IDs: adjacent groups are protected, but distant near-duplicate families may still cross source train/validation
2026-08-22 10:02:20 - INFO - Data split: source_train | Total: 1152 | Labels: {0: 577, 1: 575} | CWEs: {'CWE-022': 118, 'CWE-078': 168, 'CWE-079': 744, 'CWE-089': 122} | Languages: {'ccpp': 130, 'js': 1022} | Invalid CWE: 0
2026-08-22 10:02:20 - INFO - Data split: source_val | Total: 132 | Labels: {0: 66, 1: 66} | CWEs: {'CWE-022': 14, 'CWE-078': 20, 'CWE-079': 86, 'CWE-089': 12} | Languages: {'ccpp': 16, 'js': 116} | Invalid CWE: 0
2026-08-22 10:02:23 - INFO - Environment: {"components": {"backbone": {"frozen": 0, "total": 124645632, "trainable": 124645632}, "latent_proj": {"frozen": 0, "total": 596744, "trainable": 596744}, "vul_head": {"frozen": 0, "total": 1538, "trainable": 1538}}, "cuda": "12.8", "fold": 1, "frozen_parameters": 0, "gpu": "NVIDIA GeForce RTX 5060 Ti", "hyperparameters": {"anneal_fun": "sigmoid", "anneal_k": 0.05, "anneal_t0_ratio": 0.05, "anneal_w": 1.0, "aux_mode": "latent_proto", "batch_size": 16, "checkpoint_path": "model/fam2_codebert/transfer_latent_proto/seed_42/source/best.pt", "cwe_vocab": "fixed4", "data_path": "data/train_ccpp_js.jsonl", "data_root": "data/sven_python_folds_norm", "epochs": 15, "eval_batch_size": 16, "fold": 1, "freeze_backbone_layers": 0, "freeze_prototypes_steps": 0, "lambda_cwe": 0.05, "latent_temperature": 0.1, "learning_rate": 2e-05, "lora_rank": 0, "lp_epochs": 0, "lp_learning_rate": 0.001, "max_eval_samples": null, "max_grad_norm": 1.0, "max_length": 512, "max_train_samples": null, "method_name": "transfer_latent_proto", "min_epochs": 3, "model_name": "microsoft/codebert-base", "num_cwes": 4, "num_latent": 8, "num_workers": 0, "output_dir": "results/fam2_codebert/transfer_latent_proto", "patience": 5, "phase": "phase1", "phase2_optimizer": "recadam", "pooling": "cls", "pretrain_cof": 5000.0, "recadam_anchor": "source", "result_path": "results/fam2_codebert/transfer_latent_proto/seed_42/fold1.json", "run_name": "fam2_codebert", "seed": 42, "selection_metric": "macro_f1", "source_checkpoint": null, "source_interpolation": 1.0, "strict_determinism": false, "target_lang": "python", "test_path": null, "train_path": null, "truncation_strategy": "head_middle_tail", "val_path": null, "weight_decay": 0.01}, "mode": "phase1_train", "model_name": "microsoft/codebert-base", "seed": 42, "sklearn": "1.9.0", "torch": "2.11.0+cu128", "trainable_parameters": 125243914, "transformers": "4.57.1"}
2026-08-22 10:02:23 - INFO - Training started | Phase: phase1 | Epochs: 15
2026-08-22 10:03:03 - INFO - Epoch 1/15 | Train loss: 0.768795 | Val loss: 0.796603 | LR: 2.00e-05 | Best epoch: 1 | Patience: 0 | Train: 38.12s | Validation: 1.48s | Epoch: 40.16s | Total: 40.16s
2026-08-22 10:03:03 - INFO - Phase-1 losses | Vulnerability: 0.709730 | CWE: 1.181299 | Total: 0.768795
2026-08-22 10:03:03 - INFO - Latent structure | Slots used: 8/8 | Largest slot: 0.172 | NMI vs CWE: 0.0104 | NMI vs binary: 0.0028
2026-08-22 10:03:03 - INFO - [Classification Report - split=train epoch=1 - threshold=0.50]
2026-08-22 10:03:03 - INFO -                 precision    recall  f1-score   support
2026-08-22 10:03:03 - INFO - 
2026-08-22 10:03:03 - INFO -       safe (0)     0.4893    0.5563    0.5207       577
2026-08-22 10:03:03 - INFO - vulnerable (1)     0.4839    0.4174    0.4482       575
2026-08-22 10:03:03 - INFO - 
2026-08-22 10:03:03 - INFO -       accuracy                         0.4870      1152
2026-08-22 10:03:03 - INFO -      macro avg     0.4866    0.4869    0.4844      1152
2026-08-22 10:03:03 - INFO -   weighted avg     0.4866    0.4870    0.4845      1152
2026-08-22 10:03:03 - INFO - Confusion matrix - [[tn=321, fp=256], [fn=335, tp=240]]
2026-08-22 10:03:03 - INFO - probability_positive min=0.2340 mean=0.4900 std=0.0803 max=0.7827 predicted_0=656 predicted_1=496
2026-08-22 10:03:03 - INFO - [Classification Report - split=validation epoch=1 - threshold=0.50]
2026-08-22 10:03:03 - INFO -                 precision    recall  f1-score   support
2026-08-22 10:03:03 - INFO - 
2026-08-22 10:03:03 - INFO -       safe (0)     0.0000    0.0000    0.0000        66
2026-08-22 10:03:03 - INFO - vulnerable (1)     0.5000    1.0000    0.6667        66
2026-08-22 10:03:03 - INFO - 
2026-08-22 10:03:03 - INFO -       accuracy                         0.5000       132
2026-08-22 10:03:03 - INFO -      macro avg     0.2500    0.5000    0.3333       132
2026-08-22 10:03:03 - INFO -   weighted avg     0.2500    0.5000    0.3333       132
2026-08-22 10:03:03 - INFO - Confusion matrix - [[tn=0, fp=66], [fn=0, tp=66]]
2026-08-22 10:03:03 - INFO - probability_positive min=0.5188 mean=0.5481 std=0.0128 max=0.5793 predicted_0=0 predicted_1=132
2026-08-22 10:03:03 - INFO - New best model | Macro-F1: 0.333333 | Epoch: 1
2026-08-22 10:03:43 - INFO - Epoch 2/15 | Train loss: 0.755004 | Val loss: 0.781980 | LR: 2.00e-05 | Best epoch: 2 | Patience: 0 | Train: 37.59s | Validation: 1.48s | Epoch: 39.85s | Total: 80.02s
2026-08-22 10:03:43 - INFO - Phase-1 losses | Vulnerability: 0.701989 | CWE: 1.060290 | Total: 0.755004
2026-08-22 10:03:43 - INFO - Latent structure | Slots used: 8/8 | Largest slot: 0.138 | NMI vs CWE: 0.0051 | NMI vs binary: 0.0022
2026-08-22 10:03:43 - INFO - [Classification Report - split=train epoch=2 - threshold=0.50]
2026-08-22 10:03:43 - INFO -                 precision    recall  f1-score   support
2026-08-22 10:03:43 - INFO - 
2026-08-22 10:03:43 - INFO -       safe (0)     0.5244    0.5598    0.5415       577
2026-08-22 10:03:43 - INFO - vulnerable (1)     0.5261    0.4904    0.5077       575
2026-08-22 10:03:43 - INFO - 
2026-08-22 10:03:43 - INFO -       accuracy                         0.5252      1152
2026-08-22 10:03:43 - INFO -      macro avg     0.5252    0.5251    0.5246      1152
2026-08-22 10:03:43 - INFO -   weighted avg     0.5252    0.5252    0.5246      1152
2026-08-22 10:03:43 - INFO - Confusion matrix - [[tn=323, fp=254], [fn=293, tp=282]]
2026-08-22 10:03:43 - INFO - probability_positive min=0.1364 mean=0.4872 std=0.0892 max=0.7930 predicted_0=616 predicted_1=536
2026-08-22 10:03:43 - INFO - [Classification Report - split=validation epoch=2 - threshold=0.50]
2026-08-22 10:03:43 - INFO -                 precision    recall  f1-score   support
2026-08-22 10:03:43 - INFO - 
2026-08-22 10:03:43 - INFO -       safe (0)     0.5269    0.7424    0.6164        66
2026-08-22 10:03:43 - INFO - vulnerable (1)     0.5641    0.3333    0.4190        66
2026-08-22 10:03:43 - INFO - 
2026-08-22 10:03:43 - INFO -       accuracy                         0.5379       132
2026-08-22 10:03:43 - INFO -      macro avg     0.5455    0.5379    0.5177       132
2026-08-22 10:03:43 - INFO -   weighted avg     0.5455    0.5379    0.5177       132
2026-08-22 10:03:43 - INFO - Confusion matrix - [[tn=49, fp=17], [fn=44, tp=22]]
2026-08-22 10:03:43 - INFO - probability_positive min=0.4766 mean=0.4965 std=0.0105 max=0.5272 predicted_0=93 predicted_1=39
2026-08-22 10:03:43 - INFO - New best model | Macro-F1: 0.517700 | Epoch: 2
2026-08-22 10:04:22 - INFO - Epoch 3/15 | Train loss: 0.751114 | Val loss: 0.778370 | LR: 2.00e-05 | Best epoch: 2 | Patience: 1 | Train: 37.62s | Validation: 1.48s | Epoch: 39.10s | Total: 119.15s
2026-08-22 10:04:22 - INFO - Phase-1 losses | Vulnerability: 0.700502 | CWE: 1.012258 | Total: 0.751114
2026-08-22 10:04:22 - INFO - Latent structure | Slots used: 8/8 | Largest slot: 0.148 | NMI vs CWE: 0.0089 | NMI vs binary: 0.0039
2026-08-22 10:04:22 - INFO - [Classification Report - split=train epoch=3 - threshold=0.50]
2026-08-22 10:04:22 - INFO -                 precision    recall  f1-score   support
2026-08-22 10:04:22 - INFO - 
2026-08-22 10:04:22 - INFO -       safe (0)     0.4964    0.4714    0.4836       577
2026-08-22 10:04:22 - INFO - vulnerable (1)     0.4950    0.5200    0.5072       575
2026-08-22 10:04:22 - INFO - 
2026-08-22 10:04:22 - INFO -       accuracy                         0.4957      1152
2026-08-22 10:04:22 - INFO -      macro avg     0.4957    0.4957    0.4954      1152
2026-08-22 10:04:22 - INFO -   weighted avg     0.4957    0.4957    0.4954      1152
2026-08-22 10:04:22 - INFO - Confusion matrix - [[tn=272, fp=305], [fn=276, tp=299]]
2026-08-22 10:04:22 - INFO - probability_positive min=0.2729 mean=0.5059 std=0.0621 max=0.7668 predicted_0=548 predicted_1=604
2026-08-22 10:04:22 - INFO - [Classification Report - split=validation epoch=3 - threshold=0.50]
2026-08-22 10:04:22 - INFO -                 precision    recall  f1-score   support
2026-08-22 10:04:22 - INFO - 
2026-08-22 10:04:22 - INFO -       safe (0)     0.5111    0.3485    0.4144        66
2026-08-22 10:04:22 - INFO - vulnerable (1)     0.5057    0.6667    0.5752        66
2026-08-22 10:04:22 - INFO - 
2026-08-22 10:04:22 - INFO -       accuracy                         0.5076       132
2026-08-22 10:04:22 - INFO -      macro avg     0.5084    0.5076    0.4948       132
2026-08-22 10:04:22 - INFO -   weighted avg     0.5084    0.5076    0.4948       132
2026-08-22 10:04:22 - INFO - Confusion matrix - [[tn=23, fp=43], [fn=22, tp=44]]
2026-08-22 10:04:22 - INFO - probability_positive min=0.4806 mean=0.5136 std=0.0254 max=0.5809 predicted_0=45 predicted_1=87
2026-08-22 10:05:01 - INFO - Epoch 4/15 | Train loss: 0.741457 | Val loss: 0.752348 | LR: 2.00e-05 | Best epoch: 4 | Patience: 0 | Train: 37.63s | Validation: 1.48s | Epoch: 39.80s | Total: 158.97s
2026-08-22 10:05:01 - INFO - Phase-1 losses | Vulnerability: 0.693514 | CWE: 0.958864 | Total: 0.741457
2026-08-22 10:05:01 - INFO - Latent structure | Slots used: 8/8 | Largest slot: 0.158 | NMI vs CWE: 0.0111 | NMI vs binary: 0.0028
2026-08-22 10:05:01 - INFO - [Classification Report - split=train epoch=4 - threshold=0.50]
2026-08-22 10:05:01 - INFO -                 precision    recall  f1-score   support
2026-08-22 10:05:01 - INFO - 
2026-08-22 10:05:01 - INFO -       safe (0)     0.5182    0.4697    0.4927       577
2026-08-22 10:05:01 - INFO - vulnerable (1)     0.5135    0.5617    0.5365       575
2026-08-22 10:05:01 - INFO - 
2026-08-22 10:05:01 - INFO -       accuracy                         0.5156      1152
2026-08-22 10:05:01 - INFO -      macro avg     0.5158    0.5157    0.5146      1152
2026-08-22 10:05:01 - INFO -   weighted avg     0.5158    0.5156    0.5146      1152
2026-08-22 10:05:01 - INFO - Confusion matrix - [[tn=271, fp=306], [fn=252, tp=323]]
2026-08-22 10:05:01 - INFO - probability_positive min=0.2272 mean=0.5031 std=0.0756 max=0.8072 predicted_0=523 predicted_1=629
2026-08-22 10:05:02 - INFO - [Classification Report - split=validation epoch=4 - threshold=0.50]
2026-08-22 10:05:02 - INFO -                 precision    recall  f1-score   support
2026-08-22 10:05:02 - INFO - 
2026-08-22 10:05:02 - INFO -       safe (0)     0.6410    0.3788    0.4762        66
2026-08-22 10:05:02 - INFO - vulnerable (1)     0.5591    0.7879    0.6541        66
2026-08-22 10:05:02 - INFO - 
2026-08-22 10:05:02 - INFO -       accuracy                         0.5833       132
2026-08-22 10:05:02 - INFO -      macro avg     0.6001    0.5833    0.5651       132
2026-08-22 10:05:02 - INFO -   weighted avg     0.6001    0.5833    0.5651       132
2026-08-22 10:05:02 - INFO - Confusion matrix - [[tn=25, fp=41], [fn=14, tp=52]]
2026-08-22 10:05:02 - INFO - probability_positive min=0.3571 mean=0.5244 std=0.0585 max=0.6940 predicted_0=39 predicted_1=93
2026-08-22 10:05:02 - INFO - New best model | Macro-F1: 0.565139 | Epoch: 4
2026-08-22 10:05:41 - INFO - Epoch 5/15 | Train loss: 0.726174 | Val loss: 0.752909 | LR: 2.00e-05 | Best epoch: 5 | Patience: 0 | Train: 37.64s | Validation: 1.48s | Epoch: 39.89s | Total: 198.90s
2026-08-22 10:05:41 - INFO - Phase-1 losses | Vulnerability: 0.678497 | CWE: 0.953531 | Total: 0.726174
2026-08-22 10:05:41 - INFO - Latent structure | Slots used: 8/8 | Largest slot: 0.170 | NMI vs CWE: 0.0106 | NMI vs binary: 0.0046
2026-08-22 10:05:41 - INFO - [Classification Report - split=train epoch=5 - threshold=0.50]
2026-08-22 10:05:41 - INFO -                 precision    recall  f1-score   support
2026-08-22 10:05:41 - INFO - 
2026-08-22 10:05:41 - INFO -       safe (0)     0.5627    0.5130    0.5367       577
2026-08-22 10:05:41 - INFO - vulnerable (1)     0.5511    0.6000    0.5745       575
2026-08-22 10:05:41 - INFO - 
2026-08-22 10:05:41 - INFO -       accuracy                         0.5564      1152
2026-08-22 10:05:41 - INFO -      macro avg     0.5569    0.5565    0.5556      1152
2026-08-22 10:05:41 - INFO -   weighted avg     0.5569    0.5564    0.5556      1152
2026-08-22 10:05:41 - INFO - Confusion matrix - [[tn=296, fp=281], [fn=230, tp=345]]
2026-08-22 10:05:41 - INFO - probability_positive min=0.1079 mean=0.5017 std=0.1047 max=0.8730 predicted_0=526 predicted_1=626
2026-08-22 10:05:41 - INFO - [Classification Report - split=validation epoch=5 - threshold=0.50]
2026-08-22 10:05:41 - INFO -                 precision    recall  f1-score   support
2026-08-22 10:05:41 - INFO - 
2026-08-22 10:05:41 - INFO -       safe (0)     0.5750    0.6970    0.6301        66
2026-08-22 10:05:41 - INFO - vulnerable (1)     0.6154    0.4848    0.5424        66
2026-08-22 10:05:41 - INFO - 
2026-08-22 10:05:41 - INFO -       accuracy                         0.5909       132
2026-08-22 10:05:41 - INFO -      macro avg     0.5952    0.5909    0.5863       132
2026-08-22 10:05:41 - INFO -   weighted avg     0.5952    0.5909    0.5863       132
2026-08-22 10:05:41 - INFO - Confusion matrix - [[tn=46, fp=20], [fn=34, tp=32]]
2026-08-22 10:05:41 - INFO - probability_positive min=0.1036 mean=0.4796 std=0.0912 max=0.7046 predicted_0=80 predicted_1=52
2026-08-22 10:05:41 - INFO - New best model | Macro-F1: 0.586255 | Epoch: 5
2026-08-22 10:06:21 - INFO - Epoch 6/15 | Train loss: 0.715776 | Val loss: 0.791501 | LR: 2.00e-05 | Best epoch: 5 | Patience: 1 | Train: 37.64s | Validation: 1.48s | Epoch: 39.12s | Total: 238.05s
2026-08-22 10:06:21 - INFO - Phase-1 losses | Vulnerability: 0.667620 | CWE: 0.963110 | Total: 0.715776
2026-08-22 10:06:21 - INFO - Latent structure | Slots used: 8/8 | Largest slot: 0.183 | NMI vs CWE: 0.0065 | NMI vs binary: 0.0167
2026-08-22 10:06:21 - INFO - [Classification Report - split=train epoch=6 - threshold=0.50]
2026-08-22 10:06:21 - INFO -                 precision    recall  f1-score   support
2026-08-22 10:06:21 - INFO - 
2026-08-22 10:06:21 - INFO -       safe (0)     0.5714    0.5685    0.5699       577
2026-08-22 10:06:21 - INFO - vulnerable (1)     0.5692    0.5722    0.5707       575
2026-08-22 10:06:21 - INFO - 
2026-08-22 10:06:21 - INFO -       accuracy                         0.5703      1152
2026-08-22 10:06:21 - INFO -      macro avg     0.5703    0.5703    0.5703      1152
2026-08-22 10:06:21 - INFO -   weighted avg     0.5703    0.5703    0.5703      1152
2026-08-22 10:06:21 - INFO - Confusion matrix - [[tn=328, fp=249], [fn=246, tp=329]]
2026-08-22 10:06:21 - INFO - probability_positive min=0.0268 mean=0.4940 std=0.1285 max=0.9445 predicted_0=574 predicted_1=578
2026-08-22 10:06:21 - INFO - [Classification Report - split=validation epoch=6 - threshold=0.50]
2026-08-22 10:06:21 - INFO -                 precision    recall  f1-score   support
2026-08-22 10:06:21 - INFO - 
2026-08-22 10:06:21 - INFO -       safe (0)     0.5443    0.6515    0.5931        66
2026-08-22 10:06:21 - INFO - vulnerable (1)     0.5660    0.4545    0.5042        66
2026-08-22 10:06:21 - INFO - 
2026-08-22 10:06:21 - INFO -       accuracy                         0.5530       132
2026-08-22 10:06:21 - INFO -      macro avg     0.5552    0.5530    0.5487       132
2026-08-22 10:06:21 - INFO -   weighted avg     0.5552    0.5530    0.5487       132
2026-08-22 10:06:21 - INFO - Confusion matrix - [[tn=43, fp=23], [fn=36, tp=30]]
2026-08-22 10:06:21 - INFO - probability_positive min=0.0189 mean=0.4248 std=0.1646 max=0.9118 predicted_0=79 predicted_1=53
2026-08-22 10:07:00 - INFO - Epoch 7/15 | Train loss: 0.708125 | Val loss: 0.736370 | LR: 2.00e-05 | Best epoch: 5 | Patience: 2 | Train: 37.62s | Validation: 1.48s | Epoch: 39.10s | Total: 277.17s
2026-08-22 10:07:00 - INFO - Phase-1 losses | Vulnerability: 0.658003 | CWE: 1.002446 | Total: 0.708125
2026-08-22 10:07:00 - INFO - Latent structure | Slots used: 8/8 | Largest slot: 0.161 | NMI vs CWE: 0.0092 | NMI vs binary: 0.0126
2026-08-22 10:07:00 - INFO - [Classification Report - split=train epoch=7 - threshold=0.50]
2026-08-22 10:07:00 - INFO -                 precision    recall  f1-score   support
2026-08-22 10:07:00 - INFO - 
2026-08-22 10:07:00 - INFO -       safe (0)     0.6055    0.5373    0.5693       577
2026-08-22 10:07:00 - INFO - vulnerable (1)     0.5828    0.6487    0.6140       575
2026-08-22 10:07:00 - INFO - 
2026-08-22 10:07:00 - INFO -       accuracy                         0.5929      1152
2026-08-22 10:07:00 - INFO -      macro avg     0.5941    0.5930    0.5917      1152
2026-08-22 10:07:00 - INFO -   weighted avg     0.5942    0.5929    0.5916      1152
2026-08-22 10:07:00 - INFO - Confusion matrix - [[tn=310, fp=267], [fn=202, tp=373]]
2026-08-22 10:07:00 - INFO - probability_positive min=0.0179 mean=0.4886 std=0.1559 max=0.9832 predicted_0=512 predicted_1=640
2026-08-22 10:07:00 - INFO - [Classification Report - split=validation epoch=7 - threshold=0.50]
2026-08-22 10:07:00 - INFO -                 precision    recall  f1-score   support
2026-08-22 10:07:00 - INFO - 
2026-08-22 10:07:00 - INFO -       safe (0)     0.6341    0.3939    0.4860        66
2026-08-22 10:07:00 - INFO - vulnerable (1)     0.5604    0.7727    0.6497        66
2026-08-22 10:07:00 - INFO - 
2026-08-22 10:07:00 - INFO -       accuracy                         0.5833       132
2026-08-22 10:07:00 - INFO -      macro avg     0.5973    0.5833    0.5678       132
2026-08-22 10:07:00 - INFO -   weighted avg     0.5973    0.5833    0.5678       132
2026-08-22 10:07:00 - INFO - Confusion matrix - [[tn=26, fp=40], [fn=15, tp=51]]
2026-08-22 10:07:00 - INFO - probability_positive min=0.0960 mean=0.5377 std=0.1167 max=0.9453 predicted_0=41 predicted_1=91
2026-08-22 10:07:40 - INFO - Epoch 8/15 | Train loss: 0.685699 | Val loss: 0.704049 | LR: 2.00e-05 | Best epoch: 8 | Patience: 0 | Train: 37.65s | Validation: 1.49s | Epoch: 39.92s | Total: 317.10s
2026-08-22 10:07:40 - INFO - Phase-1 losses | Vulnerability: 0.635771 | CWE: 0.998551 | Total: 0.685699
2026-08-22 10:07:40 - INFO - Latent structure | Slots used: 8/8 | Largest slot: 0.198 | NMI vs CWE: 0.0100 | NMI vs binary: 0.0247
2026-08-22 10:07:40 - INFO - [Classification Report - split=train epoch=8 - threshold=0.50]
2026-08-22 10:07:40 - INFO -                 precision    recall  f1-score   support
2026-08-22 10:07:40 - INFO - 
2026-08-22 10:07:40 - INFO -       safe (0)     0.6065    0.5823    0.5942       577
2026-08-22 10:07:40 - INFO - vulnerable (1)     0.5970    0.6209    0.6087       575
2026-08-22 10:07:40 - INFO - 
2026-08-22 10:07:40 - INFO -       accuracy                         0.6016      1152
2026-08-22 10:07:40 - INFO -      macro avg     0.6017    0.6016    0.6014      1152
2026-08-22 10:07:40 - INFO -   weighted avg     0.6018    0.6016    0.6014      1152
2026-08-22 10:07:40 - INFO - Confusion matrix - [[tn=336, fp=241], [fn=218, tp=357]]
2026-08-22 10:07:40 - INFO - probability_positive min=0.0142 mean=0.5005 std=0.1864 max=0.9896 predicted_0=554 predicted_1=598
2026-08-22 10:07:40 - INFO - [Classification Report - split=validation epoch=8 - threshold=0.50]
2026-08-22 10:07:40 - INFO -                 precision    recall  f1-score   support
2026-08-22 10:07:40 - INFO - 
2026-08-22 10:07:40 - INFO -       safe (0)     0.5876    0.8636    0.6994        66
2026-08-22 10:07:40 - INFO - vulnerable (1)     0.7429    0.3939    0.5149        66
2026-08-22 10:07:40 - INFO - 
2026-08-22 10:07:40 - INFO -       accuracy                         0.6288       132
2026-08-22 10:07:40 - INFO -      macro avg     0.6652    0.6288    0.6071       132
2026-08-22 10:07:40 - INFO -   weighted avg     0.6652    0.6288    0.6071       132
2026-08-22 10:07:40 - INFO - Confusion matrix - [[tn=57, fp=9], [fn=40, tp=26]]
2026-08-22 10:07:40 - INFO - probability_positive min=0.0089 mean=0.4517 std=0.1307 max=0.9214 predicted_0=97 predicted_1=35
2026-08-22 10:07:40 - INFO - New best model | Macro-F1: 0.607119 | Epoch: 8
2026-08-22 10:08:19 - INFO - Epoch 9/15 | Train loss: 0.674000 | Val loss: 0.692979 | LR: 2.00e-05 | Best epoch: 8 | Patience: 1 | Train: 37.63s | Validation: 1.48s | Epoch: 39.11s | Total: 356.24s
2026-08-22 10:08:19 - INFO - Phase-1 losses | Vulnerability: 0.628917 | CWE: 0.901654 | Total: 0.674000
2026-08-22 10:08:19 - INFO - Latent structure | Slots used: 8/8 | Largest slot: 0.174 | NMI vs CWE: 0.0109 | NMI vs binary: 0.0300
2026-08-22 10:08:19 - INFO - [Classification Report - split=train epoch=9 - threshold=0.50]
2026-08-22 10:08:19 - INFO -                 precision    recall  f1-score   support
2026-08-22 10:08:19 - INFO - 
2026-08-22 10:08:19 - INFO -       safe (0)     0.6480    0.5425    0.5906       577
2026-08-22 10:08:19 - INFO - vulnerable (1)     0.6054    0.7043    0.6511       575
2026-08-22 10:08:19 - INFO - 
2026-08-22 10:08:19 - INFO -       accuracy                         0.6233      1152
2026-08-22 10:08:19 - INFO -      macro avg     0.6267    0.6234    0.6208      1152
2026-08-22 10:08:19 - INFO -   weighted avg     0.6267    0.6233    0.6208      1152
2026-08-22 10:08:19 - INFO - Confusion matrix - [[tn=313, fp=264], [fn=170, tp=405]]
2026-08-22 10:08:19 - INFO - probability_positive min=0.0077 mean=0.4958 std=0.2141 max=0.9885 predicted_0=483 predicted_1=669
2026-08-22 10:08:19 - INFO - [Classification Report - split=validation epoch=9 - threshold=0.50]
2026-08-22 10:08:19 - INFO -                 precision    recall  f1-score   support
2026-08-22 10:08:19 - INFO - 
2026-08-22 10:08:19 - INFO -       safe (0)     0.7500    0.3636    0.4898        66
2026-08-22 10:08:19 - INFO - vulnerable (1)     0.5800    0.8788    0.6988        66
2026-08-22 10:08:19 - INFO - 
2026-08-22 10:08:19 - INFO -       accuracy                         0.6212       132
2026-08-22 10:08:19 - INFO -      macro avg     0.6650    0.6212    0.5943       132
2026-08-22 10:08:19 - INFO -   weighted avg     0.6650    0.6212    0.5943       132
2026-08-22 10:08:19 - INFO - Confusion matrix - [[tn=24, fp=42], [fn=8, tp=58]]
2026-08-22 10:08:19 - INFO - probability_positive min=0.0148 mean=0.5569 std=0.1826 max=0.9899 predicted_0=32 predicted_1=100
2026-08-22 10:08:58 - INFO - Epoch 10/15 | Train loss: 0.622330 | Val loss: 0.706450 | LR: 2.00e-05 | Best epoch: 8 | Patience: 2 | Train: 37.60s | Validation: 1.48s | Epoch: 39.08s | Total: 395.33s
2026-08-22 10:08:58 - INFO - Phase-1 losses | Vulnerability: 0.574342 | CWE: 0.959776 | Total: 0.622330
2026-08-22 10:08:58 - INFO - Latent structure | Slots used: 8/8 | Largest slot: 0.188 | NMI vs CWE: 0.0098 | NMI vs binary: 0.0516
2026-08-22 10:08:58 - INFO - [Classification Report - split=train epoch=10 - threshold=0.50]
2026-08-22 10:08:58 - INFO -                 precision    recall  f1-score   support
2026-08-22 10:08:58 - INFO - 
2026-08-22 10:08:58 - INFO -       safe (0)     0.6920    0.6776    0.6848       577
2026-08-22 10:08:58 - INFO - vulnerable (1)     0.6831    0.6974    0.6902       575
2026-08-22 10:08:58 - INFO - 
2026-08-22 10:08:58 - INFO -       accuracy                         0.6875      1152
2026-08-22 10:08:58 - INFO -      macro avg     0.6876    0.6875    0.6875      1152
2026-08-22 10:08:58 - INFO -   weighted avg     0.6876    0.6875    0.6875      1152
2026-08-22 10:08:58 - INFO - Confusion matrix - [[tn=391, fp=186], [fn=174, tp=401]]
2026-08-22 10:08:58 - INFO - probability_positive min=0.0046 mean=0.4844 std=0.2395 max=0.9923 predicted_0=565 predicted_1=587
2026-08-22 10:08:58 - INFO - [Classification Report - split=validation epoch=10 - threshold=0.50]
2026-08-22 10:08:58 - INFO -                 precision    recall  f1-score   support
2026-08-22 10:08:58 - INFO - 
2026-08-22 10:08:58 - INFO -       safe (0)     0.6066    0.5606    0.5827        66
2026-08-22 10:08:58 - INFO - vulnerable (1)     0.5915    0.6364    0.6131        66
2026-08-22 10:08:58 - INFO - 
2026-08-22 10:08:58 - INFO -       accuracy                         0.5985       132
2026-08-22 10:08:58 - INFO -      macro avg     0.5991    0.5985    0.5979       132
2026-08-22 10:08:58 - INFO -   weighted avg     0.5991    0.5985    0.5979       132
2026-08-22 10:08:58 - INFO - Confusion matrix - [[tn=37, fp=29], [fn=24, tp=42]]
2026-08-22 10:08:58 - INFO - probability_positive min=0.0147 mean=0.4734 std=0.2276 max=0.9871 predicted_0=61 predicted_1=71
2026-08-22 10:09:38 - INFO - Epoch 11/15 | Train loss: 0.582150 | Val loss: 0.732314 | LR: 2.00e-05 | Best epoch: 11 | Patience: 0 | Train: 37.59s | Validation: 1.48s | Epoch: 39.83s | Total: 435.17s
2026-08-22 10:09:38 - INFO - Phase-1 losses | Vulnerability: 0.536661 | CWE: 0.909770 | Total: 0.582150
2026-08-22 10:09:38 - INFO - Latent structure | Slots used: 8/8 | Largest slot: 0.179 | NMI vs CWE: 0.0101 | NMI vs binary: 0.0757
2026-08-22 10:09:38 - INFO - [Classification Report - split=train epoch=11 - threshold=0.50]
2026-08-22 10:09:38 - INFO -                 precision    recall  f1-score   support
2026-08-22 10:09:38 - INFO - 
2026-08-22 10:09:38 - INFO -       safe (0)     0.7521    0.6308    0.6861       577
2026-08-22 10:09:38 - INFO - vulnerable (1)     0.6811    0.7913    0.7321       575
2026-08-22 10:09:38 - INFO - 
2026-08-22 10:09:38 - INFO -       accuracy                         0.7109      1152
2026-08-22 10:09:38 - INFO -      macro avg     0.7166    0.7111    0.7091      1152
2026-08-22 10:09:38 - INFO -   weighted avg     0.7167    0.7109    0.7091      1152
2026-08-22 10:09:38 - INFO - Confusion matrix - [[tn=364, fp=213], [fn=120, tp=455]]
2026-08-22 10:09:38 - INFO - probability_positive min=0.0042 mean=0.5085 std=0.2684 max=0.9948 predicted_0=484 predicted_1=668
2026-08-22 10:09:38 - INFO - [Classification Report - split=validation epoch=11 - threshold=0.50]
2026-08-22 10:09:38 - INFO -                 precision    recall  f1-score   support
2026-08-22 10:09:38 - INFO - 
2026-08-22 10:09:38 - INFO -       safe (0)     0.6557    0.6061    0.6299        66
2026-08-22 10:09:38 - INFO - vulnerable (1)     0.6338    0.6818    0.6569        66
2026-08-22 10:09:38 - INFO - 
2026-08-22 10:09:38 - INFO -       accuracy                         0.6439       132
2026-08-22 10:09:38 - INFO -      macro avg     0.6448    0.6439    0.6434       132
2026-08-22 10:09:38 - INFO -   weighted avg     0.6448    0.6439    0.6434       132
2026-08-22 10:09:38 - INFO - Confusion matrix - [[tn=40, fp=26], [fn=21, tp=45]]
2026-08-22 10:09:38 - INFO - probability_positive min=0.0078 mean=0.5104 std=0.2915 max=0.9956 predicted_0=61 predicted_1=71
2026-08-22 10:09:38 - INFO - New best model | Macro-F1: 0.643428 | Epoch: 11
2026-08-22 10:10:17 - INFO - Epoch 12/15 | Train loss: 0.536710 | Val loss: 0.812816 | LR: 2.00e-05 | Best epoch: 12 | Patience: 0 | Train: 37.55s | Validation: 1.48s | Epoch: 39.78s | Total: 474.98s
2026-08-22 10:10:17 - INFO - Phase-1 losses | Vulnerability: 0.495360 | CWE: 0.827017 | Total: 0.536710
2026-08-22 10:10:17 - INFO - Latent structure | Slots used: 8/8 | Largest slot: 0.167 | NMI vs CWE: 0.0104 | NMI vs binary: 0.0786
2026-08-22 10:10:18 - INFO - [Classification Report - split=train epoch=12 - threshold=0.50]
2026-08-22 10:10:18 - INFO -                 precision    recall  f1-score   support
2026-08-22 10:10:18 - INFO - 
2026-08-22 10:10:18 - INFO -       safe (0)     0.7403    0.6915    0.7151       577
2026-08-22 10:10:18 - INFO - vulnerable (1)     0.7096    0.7565    0.7323       575
2026-08-22 10:10:18 - INFO - 
2026-08-22 10:10:18 - INFO -       accuracy                         0.7240      1152
2026-08-22 10:10:18 - INFO -      macro avg     0.7249    0.7240    0.7237      1152
2026-08-22 10:10:18 - INFO -   weighted avg     0.7250    0.7240    0.7237      1152
2026-08-22 10:10:18 - INFO - Confusion matrix - [[tn=399, fp=178], [fn=140, tp=435]]
2026-08-22 10:10:18 - INFO - probability_positive min=0.0024 mean=0.4914 std=0.2976 max=0.9945 predicted_0=539 predicted_1=613
2026-08-22 10:10:18 - INFO - [Classification Report - split=validation epoch=12 - threshold=0.50]
2026-08-22 10:10:18 - INFO -                 precision    recall  f1-score   support
2026-08-22 10:10:18 - INFO - 
2026-08-22 10:10:18 - INFO -       safe (0)     0.7059    0.5455    0.6154        66
2026-08-22 10:10:18 - INFO - vulnerable (1)     0.6296    0.7727    0.6939        66
2026-08-22 10:10:18 - INFO - 
2026-08-22 10:10:18 - INFO -       accuracy                         0.6591       132
2026-08-22 10:10:18 - INFO -      macro avg     0.6678    0.6591    0.6546       132
2026-08-22 10:10:18 - INFO -   weighted avg     0.6678    0.6591    0.6546       132
2026-08-22 10:10:18 - INFO - Confusion matrix - [[tn=36, fp=30], [fn=15, tp=51]]
2026-08-22 10:10:18 - INFO - probability_positive min=0.0031 mean=0.5357 std=0.3401 max=0.9956 predicted_0=51 predicted_1=81
2026-08-22 10:10:18 - INFO - New best model | Macro-F1: 0.654631 | Epoch: 12
2026-08-22 10:10:57 - INFO - Epoch 13/15 | Train loss: 0.498424 | Val loss: 0.805646 | LR: 2.00e-05 | Best epoch: 12 | Patience: 1 | Train: 37.57s | Validation: 1.48s | Epoch: 39.05s | Total: 514.06s
2026-08-22 10:10:57 - INFO - Phase-1 losses | Vulnerability: 0.458559 | CWE: 0.797299 | Total: 0.498424
2026-08-22 10:10:57 - INFO - Latent structure | Slots used: 8/8 | Largest slot: 0.164 | NMI vs CWE: 0.0110 | NMI vs binary: 0.1067
2026-08-22 10:10:57 - INFO - [Classification Report - split=train epoch=13 - threshold=0.50]
2026-08-22 10:10:57 - INFO -                 precision    recall  f1-score   support
2026-08-22 10:10:57 - INFO - 
2026-08-22 10:10:57 - INFO -       safe (0)     0.7896    0.7348    0.7612       577
2026-08-22 10:10:57 - INFO - vulnerable (1)     0.7512    0.8035    0.7765       575
2026-08-22 10:10:57 - INFO - 
2026-08-22 10:10:57 - INFO -       accuracy                         0.7691      1152
2026-08-22 10:10:57 - INFO -      macro avg     0.7704    0.7692    0.7688      1152
2026-08-22 10:10:57 - INFO -   weighted avg     0.7704    0.7691    0.7688      1152
2026-08-22 10:10:57 - INFO - Confusion matrix - [[tn=424, fp=153], [fn=113, tp=462]]
2026-08-22 10:10:57 - INFO - probability_positive min=0.0017 mean=0.4922 std=0.3305 max=0.9975 predicted_0=537 predicted_1=615
2026-08-22 10:10:57 - INFO - [Classification Report - split=validation epoch=13 - threshold=0.50]
2026-08-22 10:10:57 - INFO -                 precision    recall  f1-score   support
2026-08-22 10:10:57 - INFO - 
2026-08-22 10:10:57 - INFO -       safe (0)     0.7632    0.4394    0.5577        66
2026-08-22 10:10:57 - INFO - vulnerable (1)     0.6064    0.8636    0.7125        66
2026-08-22 10:10:57 - INFO - 
2026-08-22 10:10:57 - INFO -       accuracy                         0.6515       132
2026-08-22 10:10:57 - INFO -      macro avg     0.6848    0.6515    0.6351       132
2026-08-22 10:10:57 - INFO -   weighted avg     0.6848    0.6515    0.6351       132
2026-08-22 10:10:57 - INFO - Confusion matrix - [[tn=29, fp=37], [fn=9, tp=57]]
2026-08-22 10:10:57 - INFO - probability_positive min=0.0018 mean=0.6178 std=0.3379 max=0.9950 predicted_0=38 predicted_1=94
2026-08-22 10:11:36 - INFO - Epoch 14/15 | Train loss: 0.455255 | Val loss: 0.797082 | LR: 2.00e-05 | Best epoch: 12 | Patience: 2 | Train: 37.55s | Validation: 1.48s | Epoch: 39.03s | Total: 553.11s
2026-08-22 10:11:36 - INFO - Phase-1 losses | Vulnerability: 0.414996 | CWE: 0.805175 | Total: 0.455255
2026-08-22 10:11:36 - INFO - Latent structure | Slots used: 8/8 | Largest slot: 0.154 | NMI vs CWE: 0.0088 | NMI vs binary: 0.1280
2026-08-22 10:11:36 - INFO - [Classification Report - split=train epoch=14 - threshold=0.50]
2026-08-22 10:11:36 - INFO -                 precision    recall  f1-score   support
2026-08-22 10:11:36 - INFO - 
2026-08-22 10:11:36 - INFO -       safe (0)     0.8213    0.7487    0.7833       577
2026-08-22 10:11:36 - INFO - vulnerable (1)     0.7684    0.8365    0.8010       575
2026-08-22 10:11:36 - INFO - 
2026-08-22 10:11:36 - INFO -       accuracy                         0.7925      1152
2026-08-22 10:11:36 - INFO -      macro avg     0.7948    0.7926    0.7922      1152
2026-08-22 10:11:36 - INFO -   weighted avg     0.7949    0.7925    0.7921      1152
2026-08-22 10:11:36 - INFO - Confusion matrix - [[tn=432, fp=145], [fn=94, tp=481]]
2026-08-22 10:11:36 - INFO - probability_positive min=0.0012 mean=0.5064 std=0.3572 max=0.9985 predicted_0=526 predicted_1=626
2026-08-22 10:11:36 - INFO - [Classification Report - split=validation epoch=14 - threshold=0.50]
2026-08-22 10:11:36 - INFO -                 precision    recall  f1-score   support
2026-08-22 10:11:36 - INFO - 
2026-08-22 10:11:36 - INFO -       safe (0)     0.7143    0.5303    0.6087        66
2026-08-22 10:11:36 - INFO - vulnerable (1)     0.6265    0.7879    0.6980        66
2026-08-22 10:11:36 - INFO - 
2026-08-22 10:11:36 - INFO -       accuracy                         0.6591       132
2026-08-22 10:11:36 - INFO -      macro avg     0.6704    0.6591    0.6533       132
2026-08-22 10:11:36 - INFO -   weighted avg     0.6704    0.6591    0.6533       132
2026-08-22 10:11:36 - INFO - Confusion matrix - [[tn=35, fp=31], [fn=14, tp=52]]
2026-08-22 10:11:36 - INFO - probability_positive min=0.0022 mean=0.5903 std=0.3476 max=0.9963 predicted_0=49 predicted_1=83
2026-08-22 10:12:16 - INFO - Epoch 15/15 | Train loss: 0.417567 | Val loss: 0.832981 | LR: 2.00e-05 | Best epoch: 15 | Patience: 0 | Train: 37.54s | Validation: 1.48s | Epoch: 40.07s | Total: 593.19s
2026-08-22 10:12:16 - INFO - Phase-1 losses | Vulnerability: 0.373616 | CWE: 0.879022 | Total: 0.417567
2026-08-22 10:12:16 - INFO - Latent structure | Slots used: 8/8 | Largest slot: 0.161 | NMI vs CWE: 0.0090 | NMI vs binary: 0.1472
2026-08-22 10:12:16 - INFO - [Classification Report - split=train epoch=15 - threshold=0.50]
2026-08-22 10:12:16 - INFO -                 precision    recall  f1-score   support
2026-08-22 10:12:16 - INFO - 
2026-08-22 10:12:16 - INFO -       safe (0)     0.8417    0.7834    0.8115       577
2026-08-22 10:12:16 - INFO - vulnerable (1)     0.7967    0.8522    0.8235       575
2026-08-22 10:12:16 - INFO - 
2026-08-22 10:12:16 - INFO -       accuracy                         0.8177      1152
2026-08-22 10:12:16 - INFO -      macro avg     0.8192    0.8178    0.8175      1152
2026-08-22 10:12:16 - INFO -   weighted avg     0.8193    0.8177    0.8175      1152
2026-08-22 10:12:16 - INFO - Confusion matrix - [[tn=452, fp=125], [fn=85, tp=490]]
2026-08-22 10:12:16 - INFO - probability_positive min=0.0005 mean=0.5020 std=0.3762 max=0.9983 predicted_0=537 predicted_1=615
2026-08-22 10:12:16 - INFO - [Classification Report - split=validation epoch=15 - threshold=0.50]
2026-08-22 10:12:16 - INFO -                 precision    recall  f1-score   support
2026-08-22 10:12:16 - INFO - 
2026-08-22 10:12:16 - INFO -       safe (0)     0.7077    0.6970    0.7023        66
2026-08-22 10:12:16 - INFO - vulnerable (1)     0.7015    0.7121    0.7068        66
2026-08-22 10:12:16 - INFO - 
2026-08-22 10:12:16 - INFO -       accuracy                         0.7045       132
2026-08-22 10:12:16 - INFO -      macro avg     0.7046    0.7045    0.7045       132
2026-08-22 10:12:16 - INFO -   weighted avg     0.7046    0.7045    0.7045       132
2026-08-22 10:12:16 - INFO - Confusion matrix - [[tn=46, fp=20], [fn=19, tp=47]]
2026-08-22 10:12:16 - INFO - probability_positive min=0.0010 mean=0.5182 std=0.3407 max=0.9970 predicted_0=65 predicted_1=67
2026-08-22 10:12:16 - INFO - New best model | Macro-F1: 0.704528 | Epoch: 15
2026-08-22 10:12:16 - INFO - Best checkpoint saved | Path: model/fam2_codebert/transfer_latent_proto/seed_42/source/best.pt | Epoch: 15 | Val macro_f1: 0.704528
2026-08-22 10:12:16 - INFO - Training finished | Elapsed: 593.22s
2026-08-22 10:12:16 - INFO - Run finished | Phase: phase1 | Fold: 1 | Seed: 42 | Elapsed: 596.01s
