2026-08-21 03:37:26 - INFO - Using device: cuda
2026-08-21 03:37:26 - INFO - Run started | Run: edit_ref_t5p | Method: baseline | Phase: baseline_infer | Fold: 1 | Seed: 42 | Device: cuda
2026-08-21 03:37:27 - INFO - Loading Python validation data: data/sven_python_twin/fold1/val.jsonl
2026-08-21 03:37:27 - INFO - Loading Python test data: data/sven_python_twin/fold1/test.jsonl
2026-08-21 03:37:27 - INFO - Data split: python_val | Total: 153 | Labels: {0: 77, 1: 76} | CWEs: {'CWE-022': 13, 'CWE-078': 41, 'CWE-079': 17, 'CWE-089': 82} | Languages: {'python': 153} | Invalid CWE: 0
2026-08-21 03:37:27 - INFO - Data split: python_test | Total: 154 | Labels: {0: 77, 1: 77} | CWEs: {'CWE-022': 14, 'CWE-078': 41, 'CWE-079': 17, 'CWE-089': 82} | Languages: {'python': 154} | Invalid CWE: 0
2026-08-21 03:37:29 - INFO - Environment: {"components": {"backbone": {"frozen": 0, "total": 109607040, "trainable": 109607040}, "vul_head": {"frozen": 0, "total": 1538, "trainable": 1538}}, "cuda": "12.8", "fold": 1, "frozen_parameters": 0, "gpu": "NVIDIA GeForce RTX 4070 Ti SUPER", "hyperparameters": {"batch_size": 16, "checkpoint_path": "model/edit_ref_t5p/baseline/seed_42/fold1/best.pt", "data_root": "data/sven_python_twin", "epochs": 10, "eval_batch_size": 16, "fold": 1, "learning_rate": 2e-05, "max_eval_samples": null, "max_grad_norm": 1.0, "max_length": 512, "max_train_samples": null, "method_name": "baseline", "min_epochs": 3, "model_name": "Salesforce/codet5p-220m", "num_workers": 0, "patience": 5, "phase": "infer", "pooling": "cls", "result_path": "results/edit_ref_t5p/baseline/seed_42/fold1.json", "run_name": "edit_ref_t5p", "seed": 42, "target_lang": "python", "test_path": null, "train_path": null, "truncation_strategy": "head_middle_tail", "val_path": null, "weight_decay": 0.01}, "mode": "baseline_inference_no_optimizer", "model_name": "Salesforce/codet5p-220m", "seed": 42, "sklearn": "1.7.2", "torch": "2.11.0+cu128", "trainable_parameters": 109608578, "transformers": "4.57.1"}
2026-08-21 03:37:31 - INFO - Evaluation time | Split: validation+threshold | Seconds: 1.70
2026-08-21 03:37:31 - INFO - [Classification Report - split=validation - threshold=0.50]
2026-08-21 03:37:31 - INFO -                 precision    recall  f1-score   support
2026-08-21 03:37:31 - INFO - 
2026-08-21 03:37:31 - INFO -       safe (0)     0.9211    0.9091    0.9150        77
2026-08-21 03:37:31 - INFO - vulnerable (1)     0.9091    0.9211    0.9150        76
2026-08-21 03:37:31 - INFO - 
2026-08-21 03:37:31 - INFO -       accuracy                         0.9150       153
2026-08-21 03:37:31 - INFO -      macro avg     0.9151    0.9151    0.9150       153
2026-08-21 03:37:31 - INFO -   weighted avg     0.9151    0.9150    0.9150       153
2026-08-21 03:37:31 - INFO - Confusion matrix - [[tn=70, fp=7], [fn=6, tp=70]]
2026-08-21 03:37:31 - INFO - probability_positive min=0.0001 mean=0.5047 std=0.4968 max=0.9999 predicted_0=76 predicted_1=77
2026-08-21 03:37:31 - INFO - [Classification Report - split=validation_calibrated - threshold=0.36]
2026-08-21 03:37:31 - INFO -                 precision    recall  f1-score   support
2026-08-21 03:37:31 - INFO - 
2026-08-21 03:37:31 - INFO -       safe (0)     0.9211    0.9091    0.9150        77
2026-08-21 03:37:31 - INFO - vulnerable (1)     0.9091    0.9211    0.9150        76
2026-08-21 03:37:31 - INFO - 
2026-08-21 03:37:31 - INFO -       accuracy                         0.9150       153
2026-08-21 03:37:31 - INFO -      macro avg     0.9151    0.9151    0.9150       153
2026-08-21 03:37:31 - INFO -   weighted avg     0.9151    0.9150    0.9150       153
2026-08-21 03:37:31 - INFO - Confusion matrix - [[tn=70, fp=7], [fn=6, tp=70]]
2026-08-21 03:37:31 - INFO - probability_positive min=0.0001 mean=0.5047 std=0.4968 max=0.9999 predicted_0=76 predicted_1=77
2026-08-21 03:37:32 - INFO - Evaluation time | Split: test | Seconds: 1.07
2026-08-21 03:37:32 - INFO - [Classification Report - split=test - threshold=0.50]
2026-08-21 03:37:32 - INFO -                 precision    recall  f1-score   support
2026-08-21 03:37:32 - INFO - 
2026-08-21 03:37:32 - INFO -       safe (0)     0.9189    0.8831    0.9007        77
2026-08-21 03:37:32 - INFO - vulnerable (1)     0.8875    0.9221    0.9045        77
2026-08-21 03:37:32 - INFO - 
2026-08-21 03:37:32 - INFO -       accuracy                         0.9026       154
2026-08-21 03:37:32 - INFO -      macro avg     0.9032    0.9026    0.9026       154
2026-08-21 03:37:32 - INFO -   weighted avg     0.9032    0.9026    0.9026       154
2026-08-21 03:37:32 - INFO - Confusion matrix - [[tn=68, fp=9], [fn=6, tp=71]]
2026-08-21 03:37:32 - INFO - probability_positive min=0.0001 mean=0.5148 std=0.4943 max=0.9999 predicted_0=74 predicted_1=80
2026-08-21 03:37:32 - INFO - [Classification Report - split=test_valcal - threshold=0.36]
2026-08-21 03:37:32 - INFO -                 precision    recall  f1-score   support
2026-08-21 03:37:32 - INFO - 
2026-08-21 03:37:32 - INFO -       safe (0)     0.9189    0.8831    0.9007        77
2026-08-21 03:37:32 - INFO - vulnerable (1)     0.8875    0.9221    0.9045        77
2026-08-21 03:37:32 - INFO - 
2026-08-21 03:37:32 - INFO -       accuracy                         0.9026       154
2026-08-21 03:37:32 - INFO -      macro avg     0.9032    0.9026    0.9026       154
2026-08-21 03:37:32 - INFO -   weighted avg     0.9032    0.9026    0.9026       154
2026-08-21 03:37:32 - INFO - Confusion matrix - [[tn=68, fp=9], [fn=6, tp=71]]
2026-08-21 03:37:32 - INFO - probability_positive min=0.0001 mean=0.5148 std=0.4943 max=0.9999 predicted_0=74 predicted_1=80
2026-08-21 03:37:32 - INFO - [Classification Report - split=test_at_0.5_CWE-022 - threshold=0.50]
2026-08-21 03:37:32 - INFO -                 precision    recall  f1-score   support
2026-08-21 03:37:32 - INFO - 
2026-08-21 03:37:32 - INFO -       safe (0)     0.8333    0.7143    0.7692         7
2026-08-21 03:37:32 - INFO - vulnerable (1)     0.7500    0.8571    0.8000         7
2026-08-21 03:37:32 - INFO - 
2026-08-21 03:37:32 - INFO -       accuracy                         0.7857        14
2026-08-21 03:37:32 - INFO -      macro avg     0.7917    0.7857    0.7846        14
2026-08-21 03:37:32 - INFO -   weighted avg     0.7917    0.7857    0.7846        14
2026-08-21 03:37:32 - INFO - Confusion matrix - [[tn=5, fp=2], [fn=1, tp=6]]
2026-08-21 03:37:32 - INFO - probability_positive min=0.0002 mean=0.5648 std=0.4864 max=0.9998 predicted_0=6 predicted_1=8
2026-08-21 03:37:32 - INFO - [Classification Report - split=test_at_0.5_CWE-078 - threshold=0.50]
2026-08-21 03:37:32 - INFO -                 precision    recall  f1-score   support
2026-08-21 03:37:32 - INFO - 
2026-08-21 03:37:32 - INFO -       safe (0)     0.8333    0.7895    0.8108        19
2026-08-21 03:37:32 - INFO - vulnerable (1)     0.8261    0.8636    0.8444        22
2026-08-21 03:37:32 - INFO - 
2026-08-21 03:37:32 - INFO -       accuracy                         0.8293        41
2026-08-21 03:37:32 - INFO -      macro avg     0.8297    0.8266    0.8276        41
2026-08-21 03:37:32 - INFO -   weighted avg     0.8294    0.8293    0.8289        41
2026-08-21 03:37:32 - INFO - Confusion matrix - [[tn=15, fp=4], [fn=3, tp=19]]
2026-08-21 03:37:32 - INFO - probability_positive min=0.0001 mean=0.5590 std=0.4942 max=0.9999 predicted_0=18 predicted_1=23
2026-08-21 03:37:32 - INFO - [Classification Report - split=test_at_0.5_CWE-079 - threshold=0.50]
2026-08-21 03:37:32 - INFO -                 precision    recall  f1-score   support
2026-08-21 03:37:32 - INFO - 
2026-08-21 03:37:32 - INFO -       safe (0)     0.8571    0.6667    0.7500         9
2026-08-21 03:37:32 - INFO - vulnerable (1)     0.7000    0.8750    0.7778         8
2026-08-21 03:37:32 - INFO - 
2026-08-21 03:37:32 - INFO -       accuracy                         0.7647        17
2026-08-21 03:37:32 - INFO -      macro avg     0.7786    0.7708    0.7639        17
2026-08-21 03:37:32 - INFO -   weighted avg     0.7832    0.7647    0.7631        17
2026-08-21 03:37:32 - INFO - Confusion matrix - [[tn=6, fp=3], [fn=1, tp=7]]
2026-08-21 03:37:32 - INFO - probability_positive min=0.0002 mean=0.5574 std=0.4623 max=0.9999 predicted_0=7 predicted_1=10
2026-08-21 03:37:32 - INFO - [Classification Report - split=test_at_0.5_CWE-089 - threshold=0.50]
2026-08-21 03:37:32 - INFO -                 precision    recall  f1-score   support
2026-08-21 03:37:32 - INFO - 
2026-08-21 03:37:32 - INFO -       safe (0)     0.9767    1.0000    0.9882        42
2026-08-21 03:37:32 - INFO - vulnerable (1)     1.0000    0.9750    0.9873        40
2026-08-21 03:37:32 - INFO - 
2026-08-21 03:37:32 - INFO -       accuracy                         0.9878        82
2026-08-21 03:37:32 - INFO -      macro avg     0.9884    0.9875    0.9878        82
2026-08-21 03:37:32 - INFO -   weighted avg     0.9881    0.9878    0.9878        82
2026-08-21 03:37:32 - INFO - Confusion matrix - [[tn=42, fp=0], [fn=1, tp=39]]
2026-08-21 03:37:32 - INFO - probability_positive min=0.0001 mean=0.4753 std=0.4987 max=0.9999 predicted_0=43 predicted_1=39
2026-08-21 03:37:32 - INFO - [Classification Report - split=test_at_valcal_CWE-022 - threshold=0.36]
2026-08-21 03:37:32 - INFO -                 precision    recall  f1-score   support
2026-08-21 03:37:32 - INFO - 
2026-08-21 03:37:32 - INFO -       safe (0)     0.8333    0.7143    0.7692         7
2026-08-21 03:37:32 - INFO - vulnerable (1)     0.7500    0.8571    0.8000         7
2026-08-21 03:37:32 - INFO - 
2026-08-21 03:37:32 - INFO -       accuracy                         0.7857        14
2026-08-21 03:37:32 - INFO -      macro avg     0.7917    0.7857    0.7846        14
2026-08-21 03:37:32 - INFO -   weighted avg     0.7917    0.7857    0.7846        14
2026-08-21 03:37:32 - INFO - Confusion matrix - [[tn=5, fp=2], [fn=1, tp=6]]
2026-08-21 03:37:32 - INFO - probability_positive min=0.0002 mean=0.5648 std=0.4864 max=0.9998 predicted_0=6 predicted_1=8
2026-08-21 03:37:32 - INFO - [Classification Report - split=test_at_valcal_CWE-078 - threshold=0.36]
2026-08-21 03:37:32 - INFO -                 precision    recall  f1-score   support
2026-08-21 03:37:32 - INFO - 
2026-08-21 03:37:32 - INFO -       safe (0)     0.8333    0.7895    0.8108        19
2026-08-21 03:37:32 - INFO - vulnerable (1)     0.8261    0.8636    0.8444        22
2026-08-21 03:37:32 - INFO - 
2026-08-21 03:37:32 - INFO -       accuracy                         0.8293        41
2026-08-21 03:37:32 - INFO -      macro avg     0.8297    0.8266    0.8276        41
2026-08-21 03:37:32 - INFO -   weighted avg     0.8294    0.8293    0.8289        41
2026-08-21 03:37:32 - INFO - Confusion matrix - [[tn=15, fp=4], [fn=3, tp=19]]
2026-08-21 03:37:32 - INFO - probability_positive min=0.0001 mean=0.5590 std=0.4942 max=0.9999 predicted_0=18 predicted_1=23
2026-08-21 03:37:32 - INFO - [Classification Report - split=test_at_valcal_CWE-079 - threshold=0.36]
2026-08-21 03:37:32 - INFO -                 precision    recall  f1-score   support
2026-08-21 03:37:32 - INFO - 
2026-08-21 03:37:32 - INFO -       safe (0)     0.8571    0.6667    0.7500         9
2026-08-21 03:37:32 - INFO - vulnerable (1)     0.7000    0.8750    0.7778         8
2026-08-21 03:37:32 - INFO - 
2026-08-21 03:37:32 - INFO -       accuracy                         0.7647        17
2026-08-21 03:37:32 - INFO -      macro avg     0.7786    0.7708    0.7639        17
2026-08-21 03:37:32 - INFO -   weighted avg     0.7832    0.7647    0.7631        17
2026-08-21 03:37:32 - INFO - Confusion matrix - [[tn=6, fp=3], [fn=1, tp=7]]
2026-08-21 03:37:32 - INFO - probability_positive min=0.0002 mean=0.5574 std=0.4623 max=0.9999 predicted_0=7 predicted_1=10
2026-08-21 03:37:32 - INFO - [Classification Report - split=test_at_valcal_CWE-089 - threshold=0.36]
2026-08-21 03:37:32 - INFO -                 precision    recall  f1-score   support
2026-08-21 03:37:32 - INFO - 
2026-08-21 03:37:32 - INFO -       safe (0)     0.9767    1.0000    0.9882        42
2026-08-21 03:37:32 - INFO - vulnerable (1)     1.0000    0.9750    0.9873        40
2026-08-21 03:37:32 - INFO - 
2026-08-21 03:37:32 - INFO -       accuracy                         0.9878        82
2026-08-21 03:37:32 - INFO -      macro avg     0.9884    0.9875    0.9878        82
2026-08-21 03:37:32 - INFO -   weighted avg     0.9881    0.9878    0.9878        82
2026-08-21 03:37:32 - INFO - Confusion matrix - [[tn=42, fp=0], [fn=1, tp=39]]
2026-08-21 03:37:32 - INFO - probability_positive min=0.0001 mean=0.4753 std=0.4987 max=0.9999 predicted_0=43 predicted_1=39
2026-08-21 03:37:32 - INFO - Baseline inference result saved: results/edit_ref_t5p/baseline/seed_42/fold1.json
2026-08-21 03:37:32 - INFO - Run finished | Phase: baseline_infer | Fold: 1 | Seed: 42 | Elapsed: 5.54s
