2026-08-21 04:26:45 - INFO - Using device: cuda
2026-08-21 04:26:45 - INFO - Run started | Run: edit_ref_t5p | Method: baseline | Phase: baseline_infer | Fold: 4 | Seed: 42 | Device: cuda
2026-08-21 04:26:45 - INFO - Loading Python validation data: data/sven_python_twin/fold4/val.jsonl
2026-08-21 04:26:45 - INFO - Loading Python test data: data/sven_python_twin/fold4/test.jsonl
2026-08-21 04:26:45 - INFO - Data split: python_val | Total: 150 | Labels: {0: 77, 1: 73} | CWEs: {'CWE-022': 13, 'CWE-078': 40, 'CWE-079': 16, 'CWE-089': 81} | Languages: {'python': 150} | Invalid CWE: 0
2026-08-21 04:26:45 - INFO - Data split: python_test | Total: 151 | Labels: {0: 70, 1: 81} | CWEs: {'CWE-022': 13, 'CWE-078': 41, 'CWE-079': 16, 'CWE-089': 81} | Languages: {'python': 151} | Invalid CWE: 0
2026-08-21 04:26:47 - INFO - Environment: {"components": {"backbone": {"frozen": 0, "total": 109607040, "trainable": 109607040}, "vul_head": {"frozen": 0, "total": 1538, "trainable": 1538}}, "cuda": "12.8", "fold": 4, "frozen_parameters": 0, "gpu": "NVIDIA GeForce RTX 4070 Ti SUPER", "hyperparameters": {"batch_size": 16, "checkpoint_path": "model/edit_ref_t5p/baseline/seed_42/fold4/best.pt", "data_root": "data/sven_python_twin", "epochs": 10, "eval_batch_size": 16, "fold": 4, "learning_rate": 2e-05, "max_eval_samples": null, "max_grad_norm": 1.0, "max_length": 512, "max_train_samples": null, "method_name": "baseline", "min_epochs": 3, "model_name": "Salesforce/codet5p-220m", "num_workers": 0, "patience": 5, "phase": "infer", "pooling": "cls", "result_path": "results/edit_ref_t5p/baseline/seed_42/fold4.json", "run_name": "edit_ref_t5p", "seed": 42, "target_lang": "python", "test_path": null, "train_path": null, "truncation_strategy": "head_middle_tail", "val_path": null, "weight_decay": 0.01}, "mode": "baseline_inference_no_optimizer", "model_name": "Salesforce/codet5p-220m", "seed": 42, "sklearn": "1.7.2", "torch": "2.11.0+cu128", "trainable_parameters": 109608578, "transformers": "4.57.1"}
2026-08-21 04:26:49 - INFO - Evaluation time | Split: validation+threshold | Seconds: 1.67
2026-08-21 04:26:49 - INFO - [Classification Report - split=validation - threshold=0.50]
2026-08-21 04:26:49 - INFO -                 precision    recall  f1-score   support
2026-08-21 04:26:49 - INFO - 
2026-08-21 04:26:49 - INFO -       safe (0)     0.8718    0.8831    0.8774        77
2026-08-21 04:26:49 - INFO - vulnerable (1)     0.8750    0.8630    0.8690        73
2026-08-21 04:26:49 - INFO - 
2026-08-21 04:26:49 - INFO -       accuracy                         0.8733       150
2026-08-21 04:26:49 - INFO -      macro avg     0.8734    0.8731    0.8732       150
2026-08-21 04:26:49 - INFO -   weighted avg     0.8734    0.8733    0.8733       150
2026-08-21 04:26:49 - INFO - Confusion matrix - [[tn=68, fp=9], [fn=10, tp=63]]
2026-08-21 04:26:49 - INFO - probability_positive min=0.0013 mean=0.4650 std=0.4393 max=0.9990 predicted_0=78 predicted_1=72
2026-08-21 04:26:49 - INFO - [Classification Report - split=validation_calibrated - threshold=0.46]
2026-08-21 04:26:49 - INFO -                 precision    recall  f1-score   support
2026-08-21 04:26:49 - INFO - 
2026-08-21 04:26:49 - INFO -       safe (0)     0.9054    0.8701    0.8874        77
2026-08-21 04:26:49 - INFO - vulnerable (1)     0.8684    0.9041    0.8859        73
2026-08-21 04:26:49 - INFO - 
2026-08-21 04:26:49 - INFO -       accuracy                         0.8867       150
2026-08-21 04:26:49 - INFO -      macro avg     0.8869    0.8871    0.8867       150
2026-08-21 04:26:49 - INFO -   weighted avg     0.8874    0.8867    0.8867       150
2026-08-21 04:26:49 - INFO - Confusion matrix - [[tn=67, fp=10], [fn=7, tp=66]]
2026-08-21 04:26:49 - INFO - probability_positive min=0.0013 mean=0.4650 std=0.4393 max=0.9990 predicted_0=74 predicted_1=76
2026-08-21 04:26:50 - INFO - Evaluation time | Split: test | Seconds: 1.04
2026-08-21 04:26:50 - INFO - [Classification Report - split=test - threshold=0.50]
2026-08-21 04:26:50 - INFO -                 precision    recall  f1-score   support
2026-08-21 04:26:50 - INFO - 
2026-08-21 04:26:50 - INFO -       safe (0)     0.8636    0.8143    0.8382        70
2026-08-21 04:26:50 - INFO - vulnerable (1)     0.8471    0.8889    0.8675        81
2026-08-21 04:26:50 - INFO - 
2026-08-21 04:26:50 - INFO -       accuracy                         0.8543       151
2026-08-21 04:26:50 - INFO -      macro avg     0.8553    0.8516    0.8529       151
2026-08-21 04:26:50 - INFO -   weighted avg     0.8547    0.8543    0.8539       151
2026-08-21 04:26:50 - INFO - Confusion matrix - [[tn=57, fp=13], [fn=9, tp=72]]
2026-08-21 04:26:50 - INFO - probability_positive min=0.0014 mean=0.5208 std=0.4443 max=0.9991 predicted_0=66 predicted_1=85
2026-08-21 04:26:50 - INFO - [Classification Report - split=test_valcal - threshold=0.46]
2026-08-21 04:26:50 - INFO -                 precision    recall  f1-score   support
2026-08-21 04:26:50 - INFO - 
2026-08-21 04:26:50 - INFO -       safe (0)     0.8636    0.8143    0.8382        70
2026-08-21 04:26:50 - INFO - vulnerable (1)     0.8471    0.8889    0.8675        81
2026-08-21 04:26:50 - INFO - 
2026-08-21 04:26:50 - INFO -       accuracy                         0.8543       151
2026-08-21 04:26:50 - INFO -      macro avg     0.8553    0.8516    0.8529       151
2026-08-21 04:26:50 - INFO -   weighted avg     0.8547    0.8543    0.8539       151
2026-08-21 04:26:50 - INFO - Confusion matrix - [[tn=57, fp=13], [fn=9, tp=72]]
2026-08-21 04:26:50 - INFO - probability_positive min=0.0014 mean=0.5208 std=0.4443 max=0.9991 predicted_0=66 predicted_1=85
2026-08-21 04:26:50 - INFO - [Classification Report - split=test_at_0.5_CWE-022 - threshold=0.50]
2026-08-21 04:26:50 - INFO -                 precision    recall  f1-score   support
2026-08-21 04:26:50 - INFO - 
2026-08-21 04:26:50 - INFO -       safe (0)     0.5000    0.3333    0.4000         6
2026-08-21 04:26:50 - INFO - vulnerable (1)     0.5556    0.7143    0.6250         7
2026-08-21 04:26:50 - INFO - 
2026-08-21 04:26:50 - INFO -       accuracy                         0.5385        13
2026-08-21 04:26:50 - INFO -      macro avg     0.5278    0.5238    0.5125        13
2026-08-21 04:26:50 - INFO -   weighted avg     0.5299    0.5385    0.5212        13
2026-08-21 04:26:50 - INFO - Confusion matrix - [[tn=2, fp=4], [fn=2, tp=5]]
2026-08-21 04:26:50 - INFO - probability_positive min=0.1739 mean=0.5653 std=0.1611 max=0.7962 predicted_0=4 predicted_1=9
2026-08-21 04:26:50 - INFO - [Classification Report - split=test_at_0.5_CWE-078 - threshold=0.50]
2026-08-21 04:26:50 - INFO -                 precision    recall  f1-score   support
2026-08-21 04:26:50 - INFO - 
2026-08-21 04:26:50 - INFO -       safe (0)     0.8333    0.8333    0.8333        18
2026-08-21 04:26:50 - INFO - vulnerable (1)     0.8696    0.8696    0.8696        23
2026-08-21 04:26:50 - INFO - 
2026-08-21 04:26:50 - INFO -       accuracy                         0.8537        41
2026-08-21 04:26:50 - INFO -      macro avg     0.8514    0.8514    0.8514        41
2026-08-21 04:26:50 - INFO -   weighted avg     0.8537    0.8537    0.8537        41
2026-08-21 04:26:50 - INFO - Confusion matrix - [[tn=15, fp=3], [fn=3, tp=20]]
2026-08-21 04:26:50 - INFO - probability_positive min=0.0028 mean=0.5387 std=0.4695 max=0.9983 predicted_0=18 predicted_1=23
2026-08-21 04:26:50 - INFO - [Classification Report - split=test_at_0.5_CWE-079 - threshold=0.50]
2026-08-21 04:26:50 - INFO -                 precision    recall  f1-score   support
2026-08-21 04:26:50 - INFO - 
2026-08-21 04:26:50 - INFO -       safe (0)     0.5000    0.3750    0.4286         8
2026-08-21 04:26:50 - INFO - vulnerable (1)     0.5000    0.6250    0.5556         8
2026-08-21 04:26:50 - INFO - 
2026-08-21 04:26:50 - INFO -       accuracy                         0.5000        16
2026-08-21 04:26:50 - INFO -      macro avg     0.5000    0.5000    0.4921        16
2026-08-21 04:26:50 - INFO -   weighted avg     0.5000    0.5000    0.4921        16
2026-08-21 04:26:50 - INFO - Confusion matrix - [[tn=3, fp=5], [fn=3, tp=5]]
2026-08-21 04:26:50 - INFO - probability_positive min=0.0104 mean=0.4110 std=0.2215 max=0.6389 predicted_0=6 predicted_1=10
2026-08-21 04:26:50 - INFO - [Classification Report - split=test_at_0.5_CWE-089 - threshold=0.50]
2026-08-21 04:26:50 - INFO -                 precision    recall  f1-score   support
2026-08-21 04:26:50 - INFO - 
2026-08-21 04:26:50 - INFO -       safe (0)     0.9737    0.9737    0.9737        38
2026-08-21 04:26:50 - INFO - vulnerable (1)     0.9767    0.9767    0.9767        43
2026-08-21 04:26:50 - INFO - 
2026-08-21 04:26:50 - INFO -       accuracy                         0.9753        81
2026-08-21 04:26:50 - INFO -      macro avg     0.9752    0.9752    0.9752        81
2026-08-21 04:26:50 - INFO -   weighted avg     0.9753    0.9753    0.9753        81
2026-08-21 04:26:50 - INFO - Confusion matrix - [[tn=37, fp=1], [fn=1, tp=42]]
2026-08-21 04:26:50 - INFO - probability_positive min=0.0014 mean=0.5264 std=0.4896 max=0.9991 predicted_0=38 predicted_1=43
2026-08-21 04:26:50 - INFO - [Classification Report - split=test_at_valcal_CWE-022 - threshold=0.46]
2026-08-21 04:26:50 - INFO -                 precision    recall  f1-score   support
2026-08-21 04:26:50 - INFO - 
2026-08-21 04:26:50 - INFO -       safe (0)     0.5000    0.3333    0.4000         6
2026-08-21 04:26:50 - INFO - vulnerable (1)     0.5556    0.7143    0.6250         7
2026-08-21 04:26:50 - INFO - 
2026-08-21 04:26:50 - INFO -       accuracy                         0.5385        13
2026-08-21 04:26:50 - INFO -      macro avg     0.5278    0.5238    0.5125        13
2026-08-21 04:26:50 - INFO -   weighted avg     0.5299    0.5385    0.5212        13
2026-08-21 04:26:50 - INFO - Confusion matrix - [[tn=2, fp=4], [fn=2, tp=5]]
2026-08-21 04:26:50 - INFO - probability_positive min=0.1739 mean=0.5653 std=0.1611 max=0.7962 predicted_0=4 predicted_1=9
2026-08-21 04:26:50 - INFO - [Classification Report - split=test_at_valcal_CWE-078 - threshold=0.46]
2026-08-21 04:26:50 - INFO -                 precision    recall  f1-score   support
2026-08-21 04:26:50 - INFO - 
2026-08-21 04:26:50 - INFO -       safe (0)     0.8333    0.8333    0.8333        18
2026-08-21 04:26:50 - INFO - vulnerable (1)     0.8696    0.8696    0.8696        23
2026-08-21 04:26:50 - INFO - 
2026-08-21 04:26:50 - INFO -       accuracy                         0.8537        41
2026-08-21 04:26:50 - INFO -      macro avg     0.8514    0.8514    0.8514        41
2026-08-21 04:26:50 - INFO -   weighted avg     0.8537    0.8537    0.8537        41
2026-08-21 04:26:50 - INFO - Confusion matrix - [[tn=15, fp=3], [fn=3, tp=20]]
2026-08-21 04:26:50 - INFO - probability_positive min=0.0028 mean=0.5387 std=0.4695 max=0.9983 predicted_0=18 predicted_1=23
2026-08-21 04:26:50 - INFO - [Classification Report - split=test_at_valcal_CWE-079 - threshold=0.46]
2026-08-21 04:26:50 - INFO -                 precision    recall  f1-score   support
2026-08-21 04:26:50 - INFO - 
2026-08-21 04:26:50 - INFO -       safe (0)     0.5000    0.3750    0.4286         8
2026-08-21 04:26:50 - INFO - vulnerable (1)     0.5000    0.6250    0.5556         8
2026-08-21 04:26:50 - INFO - 
2026-08-21 04:26:50 - INFO -       accuracy                         0.5000        16
2026-08-21 04:26:50 - INFO -      macro avg     0.5000    0.5000    0.4921        16
2026-08-21 04:26:50 - INFO -   weighted avg     0.5000    0.5000    0.4921        16
2026-08-21 04:26:50 - INFO - Confusion matrix - [[tn=3, fp=5], [fn=3, tp=5]]
2026-08-21 04:26:50 - INFO - probability_positive min=0.0104 mean=0.4110 std=0.2215 max=0.6389 predicted_0=6 predicted_1=10
2026-08-21 04:26:50 - INFO - [Classification Report - split=test_at_valcal_CWE-089 - threshold=0.46]
2026-08-21 04:26:50 - INFO -                 precision    recall  f1-score   support
2026-08-21 04:26:50 - INFO - 
2026-08-21 04:26:50 - INFO -       safe (0)     0.9737    0.9737    0.9737        38
2026-08-21 04:26:50 - INFO - vulnerable (1)     0.9767    0.9767    0.9767        43
2026-08-21 04:26:50 - INFO - 
2026-08-21 04:26:50 - INFO -       accuracy                         0.9753        81
2026-08-21 04:26:50 - INFO -      macro avg     0.9752    0.9752    0.9752        81
2026-08-21 04:26:50 - INFO -   weighted avg     0.9753    0.9753    0.9753        81
2026-08-21 04:26:50 - INFO - Confusion matrix - [[tn=37, fp=1], [fn=1, tp=42]]
2026-08-21 04:26:50 - INFO - probability_positive min=0.0014 mean=0.5264 std=0.4896 max=0.9991 predicted_0=38 predicted_1=43
2026-08-21 04:26:50 - INFO - Baseline inference result saved: results/edit_ref_t5p/baseline/seed_42/fold4.json
2026-08-21 04:26:50 - INFO - Run finished | Phase: baseline_infer | Fold: 4 | Seed: 42 | Elapsed: 5.58s
