2026-08-21 04:24:02 - INFO - Using device: cuda
2026-08-21 04:24:02 - INFO - Run started | Run: edit_ref_t5p | Method: baseline | Phase: baseline_train | Fold: 4 | Seed: 42 | Device: cuda
2026-08-21 04:24:03 - INFO - Loading Python validation data: data/sven_python_twin/fold4/val.jsonl
2026-08-21 04:24:03 - INFO - Loading Python training data: data/sven_python_twin/fold4/train.jsonl
2026-08-21 04:24:03 - INFO - Data split: python_train | Total: 459 | Labels: {0: 233, 1: 226} | CWEs: {'CWE-022': 40, 'CWE-078': 123, 'CWE-079': 50, 'CWE-089': 246} | Languages: {'python': 459} | Invalid CWE: 0
2026-08-21 04:24:03 - INFO - Data split: python_val | Total: 150 | Labels: {0: 77, 1: 73} | CWEs: {'CWE-022': 13, 'CWE-078': 40, 'CWE-079': 16, 'CWE-089': 81} | Languages: {'python': 150} | Invalid CWE: 0
2026-08-21 04:24:05 - INFO - Environment: {"components": {"backbone": {"frozen": 0, "total": 109607040, "trainable": 109607040}, "vul_head": {"frozen": 0, "total": 1538, "trainable": 1538}}, "cuda": "12.8", "fold": 4, "frozen_parameters": 0, "gpu": "NVIDIA GeForce RTX 4070 Ti SUPER", "hyperparameters": {"batch_size": 16, "checkpoint_path": "model/edit_ref_t5p/baseline/seed_42/fold4/best.pt", "data_root": "data/sven_python_twin", "epochs": 30, "eval_batch_size": 16, "fold": 4, "learning_rate": 2e-05, "max_eval_samples": null, "max_grad_norm": 1.0, "max_length": 512, "max_train_samples": null, "method_name": "baseline", "min_epochs": 3, "model_name": "Salesforce/codet5p-220m", "num_workers": 0, "patience": 5, "phase": "train", "pooling": "cls", "result_path": "results/edit_ref_t5p/baseline/seed_42/fold4.json", "run_name": "edit_ref_t5p", "seed": 42, "target_lang": "python", "test_path": null, "train_path": null, "truncation_strategy": "head_middle_tail", "val_path": null, "weight_decay": 0.01}, "mode": "baseline_train", "model_name": "Salesforce/codet5p-220m", "seed": 42, "sklearn": "1.7.2", "torch": "2.11.0+cu128", "trainable_parameters": 109608578, "transformers": "4.57.1"}
2026-08-21 04:24:05 - INFO - Training started | Phase: baseline | Epochs: 30
2026-08-21 04:24:16 - INFO - Epoch 1/30 | Train loss: 0.702442 | Val loss: 0.712928 | LR: 2.00e-05 | Best epoch: 1 | Patience: 0 | Train: 9.99s | Validation: 1.03s | Epoch: 11.30s | Total: 11.30s
2026-08-21 04:24:16 - INFO - [Classification Report - split=train epoch=1 - threshold=0.50]
2026-08-21 04:24:16 - INFO -                 precision    recall  f1-score   support
2026-08-21 04:24:16 - INFO - 
2026-08-21 04:24:16 - INFO -       safe (0)     0.5566    0.5279    0.5419       233
2026-08-21 04:24:16 - INFO - vulnerable (1)     0.5378    0.5664    0.5517       226
2026-08-21 04:24:16 - INFO - 
2026-08-21 04:24:16 - INFO -       accuracy                         0.5468       459
2026-08-21 04:24:16 - INFO -      macro avg     0.5472    0.5471    0.5468       459
2026-08-21 04:24:16 - INFO -   weighted avg     0.5473    0.5468    0.5467       459
2026-08-21 04:24:16 - INFO - Confusion matrix - [[tn=123, fp=110], [fn=98, tp=128]]
2026-08-21 04:24:16 - INFO - probability_positive min=0.2819 mean=0.5042 std=0.0904 max=0.7339 predicted_0=221 predicted_1=238
2026-08-21 04:24:16 - INFO - [Classification Report - split=validation epoch=1 - threshold=0.50]
2026-08-21 04:24:16 - INFO -                 precision    recall  f1-score   support
2026-08-21 04:24:16 - INFO - 
2026-08-21 04:24:16 - INFO -       safe (0)     0.5133    1.0000    0.6784        77
2026-08-21 04:24:16 - INFO - vulnerable (1)     0.0000    0.0000    0.0000        73
2026-08-21 04:24:16 - INFO - 
2026-08-21 04:24:16 - INFO -       accuracy                         0.5133       150
2026-08-21 04:24:16 - INFO -      macro avg     0.2567    0.5000    0.3392       150
2026-08-21 04:24:16 - INFO -   weighted avg     0.2635    0.5133    0.3483       150
2026-08-21 04:24:16 - INFO - Confusion matrix - [[tn=77, fp=0], [fn=73, tp=0]]
2026-08-21 04:24:16 - INFO - probability_positive min=0.3157 mean=0.3894 std=0.0274 max=0.4526 predicted_0=150 predicted_1=0
2026-08-21 04:24:16 - INFO - New best model | Macro-F1: 0.339207 | Epoch: 1
2026-08-21 04:24:27 - INFO - Epoch 2/30 | Train loss: 0.697214 | Val loss: 0.675779 | LR: 2.00e-05 | Best epoch: 2 | Patience: 0 | Train: 9.85s | Validation: 1.03s | Epoch: 11.33s | Total: 22.64s
2026-08-21 04:24:27 - INFO - [Classification Report - split=train epoch=2 - threshold=0.50]
2026-08-21 04:24:27 - INFO -                 precision    recall  f1-score   support
2026-08-21 04:24:27 - INFO - 
2026-08-21 04:24:27 - INFO -       safe (0)     0.5176    0.7554    0.6143       233
2026-08-21 04:24:27 - INFO - vulnerable (1)     0.5210    0.2743    0.3594       226
2026-08-21 04:24:27 - INFO - 
2026-08-21 04:24:27 - INFO -       accuracy                         0.5185       459
2026-08-21 04:24:27 - INFO -      macro avg     0.5193    0.5149    0.4869       459
2026-08-21 04:24:27 - INFO -   weighted avg     0.5193    0.5185    0.4888       459
2026-08-21 04:24:27 - INFO - Confusion matrix - [[tn=176, fp=57], [fn=164, tp=62]]
2026-08-21 04:24:27 - INFO - probability_positive min=0.2517 mean=0.4582 std=0.0641 max=0.6249 predicted_0=340 predicted_1=119
2026-08-21 04:24:27 - INFO - [Classification Report - split=validation epoch=2 - threshold=0.50]
2026-08-21 04:24:27 - INFO -                 precision    recall  f1-score   support
2026-08-21 04:24:27 - INFO - 
2026-08-21 04:24:27 - INFO -       safe (0)     0.6250    0.4545    0.5263        77
2026-08-21 04:24:27 - INFO - vulnerable (1)     0.5532    0.7123    0.6228        73
2026-08-21 04:24:27 - INFO - 
2026-08-21 04:24:27 - INFO -       accuracy                         0.5800       150
2026-08-21 04:24:27 - INFO -      macro avg     0.5891    0.5834    0.5745       150
2026-08-21 04:24:27 - INFO -   weighted avg     0.5901    0.5800    0.5732       150
2026-08-21 04:24:27 - INFO - Confusion matrix - [[tn=35, fp=42], [fn=21, tp=52]]
2026-08-21 04:24:27 - INFO - probability_positive min=0.4040 mean=0.5048 std=0.0358 max=0.5846 predicted_0=56 predicted_1=94
2026-08-21 04:24:27 - INFO - New best model | Macro-F1: 0.574535 | Epoch: 2
2026-08-21 04:24:39 - INFO - Epoch 3/30 | Train loss: 0.656381 | Val loss: 0.608837 | LR: 2.00e-05 | Best epoch: 3 | Patience: 0 | Train: 9.87s | Validation: 1.03s | Epoch: 11.33s | Total: 33.97s
2026-08-21 04:24:39 - INFO - [Classification Report - split=train epoch=3 - threshold=0.50]
2026-08-21 04:24:39 - INFO -                 precision    recall  f1-score   support
2026-08-21 04:24:39 - INFO - 
2026-08-21 04:24:39 - INFO -       safe (0)     0.6080    0.6524    0.6294       233
2026-08-21 04:24:39 - INFO - vulnerable (1)     0.6124    0.5664    0.5885       226
2026-08-21 04:24:39 - INFO - 
2026-08-21 04:24:39 - INFO -       accuracy                         0.6100       459
2026-08-21 04:24:39 - INFO -      macro avg     0.6102    0.6094    0.6090       459
2026-08-21 04:24:39 - INFO -   weighted avg     0.6102    0.6100    0.6093       459
2026-08-21 04:24:39 - INFO - Confusion matrix - [[tn=152, fp=81], [fn=98, tp=128]]
2026-08-21 04:24:39 - INFO - probability_positive min=0.2095 mean=0.4838 std=0.0820 max=0.7270 predicted_0=250 predicted_1=209
2026-08-21 04:24:39 - INFO - [Classification Report - split=validation epoch=3 - threshold=0.50]
2026-08-21 04:24:39 - INFO -                 precision    recall  f1-score   support
2026-08-21 04:24:39 - INFO - 
2026-08-21 04:24:39 - INFO -       safe (0)     0.7447    0.4545    0.5645        77
2026-08-21 04:24:39 - INFO - vulnerable (1)     0.5922    0.8356    0.6932        73
2026-08-21 04:24:39 - INFO - 
2026-08-21 04:24:39 - INFO -       accuracy                         0.6400       150
2026-08-21 04:24:39 - INFO -      macro avg     0.6685    0.6451    0.6288       150
2026-08-21 04:24:39 - INFO -   weighted avg     0.6705    0.6400    0.6271       150
2026-08-21 04:24:39 - INFO - Confusion matrix - [[tn=35, fp=42], [fn=12, tp=61]]
2026-08-21 04:24:39 - INFO - probability_positive min=0.2195 mean=0.5296 std=0.1228 max=0.7354 predicted_0=47 predicted_1=103
2026-08-21 04:24:39 - INFO - New best model | Macro-F1: 0.628849 | Epoch: 3
2026-08-21 04:24:50 - INFO - Epoch 4/30 | Train loss: 0.569698 | Val loss: 0.449766 | LR: 2.00e-05 | Best epoch: 4 | Patience: 0 | Train: 9.87s | Validation: 1.03s | Epoch: 11.33s | Total: 45.33s
2026-08-21 04:24:50 - INFO - [Classification Report - split=train epoch=4 - threshold=0.50]
2026-08-21 04:24:50 - INFO -                 precision    recall  f1-score   support
2026-08-21 04:24:50 - INFO - 
2026-08-21 04:24:50 - INFO -       safe (0)     0.7523    0.6910    0.7204       233
2026-08-21 04:24:50 - INFO - vulnerable (1)     0.7061    0.7655    0.7346       226
2026-08-21 04:24:50 - INFO - 
2026-08-21 04:24:50 - INFO -       accuracy                         0.7277       459
2026-08-21 04:24:50 - INFO -      macro avg     0.7292    0.7282    0.7275       459
2026-08-21 04:24:50 - INFO -   weighted avg     0.7296    0.7277    0.7274       459
2026-08-21 04:24:50 - INFO - Confusion matrix - [[tn=161, fp=72], [fn=53, tp=173]]
2026-08-21 04:24:50 - INFO - probability_positive min=0.0541 mean=0.5054 std=0.1828 max=0.9006 predicted_0=214 predicted_1=245
2026-08-21 04:24:50 - INFO - [Classification Report - split=validation epoch=4 - threshold=0.50]
2026-08-21 04:24:50 - INFO -                 precision    recall  f1-score   support
2026-08-21 04:24:50 - INFO - 
2026-08-21 04:24:50 - INFO -       safe (0)     0.8125    0.8442    0.8280        77
2026-08-21 04:24:50 - INFO - vulnerable (1)     0.8286    0.7945    0.8112        73
2026-08-21 04:24:50 - INFO - 
2026-08-21 04:24:50 - INFO -       accuracy                         0.8200       150
2026-08-21 04:24:50 - INFO -      macro avg     0.8205    0.8193    0.8196       150
2026-08-21 04:24:50 - INFO -   weighted avg     0.8203    0.8200    0.8198       150
2026-08-21 04:24:50 - INFO - Confusion matrix - [[tn=65, fp=12], [fn=15, tp=58]]
2026-08-21 04:24:50 - INFO - probability_positive min=0.0356 mean=0.5115 std=0.2756 max=0.9266 predicted_0=80 predicted_1=70
2026-08-21 04:24:50 - INFO - New best model | Macro-F1: 0.819607 | Epoch: 4
2026-08-21 04:25:01 - INFO - Epoch 5/30 | Train loss: 0.432253 | Val loss: 0.310243 | LR: 2.00e-05 | Best epoch: 5 | Patience: 0 | Train: 9.87s | Validation: 1.03s | Epoch: 11.36s | Total: 56.70s
2026-08-21 04:25:01 - INFO - [Classification Report - split=train epoch=5 - threshold=0.50]
2026-08-21 04:25:01 - INFO -                 precision    recall  f1-score   support
2026-08-21 04:25:01 - INFO - 
2026-08-21 04:25:01 - INFO -       safe (0)     0.7957    0.7854    0.7905       233
2026-08-21 04:25:01 - INFO - vulnerable (1)     0.7817    0.7920    0.7868       226
2026-08-21 04:25:01 - INFO - 
2026-08-21 04:25:01 - INFO -       accuracy                         0.7887       459
2026-08-21 04:25:01 - INFO -      macro avg     0.7887    0.7887    0.7887       459
2026-08-21 04:25:01 - INFO -   weighted avg     0.7888    0.7887    0.7887       459
2026-08-21 04:25:01 - INFO - Confusion matrix - [[tn=183, fp=50], [fn=47, tp=179]]
2026-08-21 04:25:01 - INFO - probability_positive min=0.0160 mean=0.4909 std=0.2930 max=0.9687 predicted_0=230 predicted_1=229
2026-08-21 04:25:01 - INFO - [Classification Report - split=validation epoch=5 - threshold=0.50]
2026-08-21 04:25:01 - INFO -                 precision    recall  f1-score   support
2026-08-21 04:25:01 - INFO - 
2026-08-21 04:25:01 - INFO -       safe (0)     0.8806    0.7662    0.8194        77
2026-08-21 04:25:01 - INFO - vulnerable (1)     0.7831    0.8904    0.8333        73
2026-08-21 04:25:01 - INFO - 
2026-08-21 04:25:01 - INFO -       accuracy                         0.8267       150
2026-08-21 04:25:01 - INFO -      macro avg     0.8319    0.8283    0.8264       150
2026-08-21 04:25:01 - INFO -   weighted avg     0.8332    0.8267    0.8262       150
2026-08-21 04:25:01 - INFO - Confusion matrix - [[tn=59, fp=18], [fn=8, tp=65]]
2026-08-21 04:25:01 - INFO - probability_positive min=0.0114 mean=0.5042 std=0.3662 max=0.9798 predicted_0=67 predicted_1=83
2026-08-21 04:25:01 - INFO - New best model | Macro-F1: 0.826389 | Epoch: 5
2026-08-21 04:25:13 - INFO - Epoch 6/30 | Train loss: 0.318895 | Val loss: 0.298699 | LR: 2.00e-05 | Best epoch: 6 | Patience: 0 | Train: 9.88s | Validation: 1.04s | Epoch: 11.32s | Total: 68.04s
2026-08-21 04:25:13 - INFO - [Classification Report - split=train epoch=6 - threshold=0.50]
2026-08-21 04:25:13 - INFO -                 precision    recall  f1-score   support
2026-08-21 04:25:13 - INFO - 
2026-08-21 04:25:13 - INFO -       safe (0)     0.8744    0.8069    0.8393       233
2026-08-21 04:25:13 - INFO - vulnerable (1)     0.8156    0.8805    0.8468       226
2026-08-21 04:25:13 - INFO - 
2026-08-21 04:25:13 - INFO -       accuracy                         0.8431       459
2026-08-21 04:25:13 - INFO -      macro avg     0.8450    0.8437    0.8430       459
2026-08-21 04:25:13 - INFO -   weighted avg     0.8454    0.8431    0.8430       459
2026-08-21 04:25:13 - INFO - Confusion matrix - [[tn=188, fp=45], [fn=27, tp=199]]
2026-08-21 04:25:13 - INFO - probability_positive min=0.0070 mean=0.4972 std=0.3702 max=0.9885 predicted_0=215 predicted_1=244
2026-08-21 04:25:13 - INFO - [Classification Report - split=validation epoch=6 - threshold=0.50]
2026-08-21 04:25:13 - INFO -                 precision    recall  f1-score   support
2026-08-21 04:25:13 - INFO - 
2026-08-21 04:25:13 - INFO -       safe (0)     0.8714    0.7922    0.8299        77
2026-08-21 04:25:13 - INFO - vulnerable (1)     0.8000    0.8767    0.8366        73
2026-08-21 04:25:13 - INFO - 
2026-08-21 04:25:13 - INFO -       accuracy                         0.8333       150
2026-08-21 04:25:13 - INFO -      macro avg     0.8357    0.8345    0.8333       150
2026-08-21 04:25:13 - INFO -   weighted avg     0.8367    0.8333    0.8332       150
2026-08-21 04:25:13 - INFO - Confusion matrix - [[tn=61, fp=16], [fn=9, tp=64]]
2026-08-21 04:25:13 - INFO - probability_positive min=0.0041 mean=0.5061 std=0.4140 max=0.9903 predicted_0=70 predicted_1=80
2026-08-21 04:25:13 - INFO - New best model | Macro-F1: 0.833267 | Epoch: 6
2026-08-21 04:25:24 - INFO - Epoch 7/30 | Train loss: 0.280095 | Val loss: 0.284544 | LR: 2.00e-05 | Best epoch: 7 | Patience: 0 | Train: 9.88s | Validation: 1.04s | Epoch: 11.34s | Total: 79.40s
2026-08-21 04:25:24 - INFO - [Classification Report - split=train epoch=7 - threshold=0.50]
2026-08-21 04:25:24 - INFO -                 precision    recall  f1-score   support
2026-08-21 04:25:24 - INFO - 
2026-08-21 04:25:24 - INFO -       safe (0)     0.8805    0.8541    0.8671       233
2026-08-21 04:25:24 - INFO - vulnerable (1)     0.8541    0.8805    0.8671       226
2026-08-21 04:25:24 - INFO - 
2026-08-21 04:25:24 - INFO -       accuracy                         0.8671       459
2026-08-21 04:25:24 - INFO -      macro avg     0.8673    0.8673    0.8671       459
2026-08-21 04:25:24 - INFO -   weighted avg     0.8675    0.8671    0.8671       459
2026-08-21 04:25:24 - INFO - Confusion matrix - [[tn=199, fp=34], [fn=27, tp=199]]
2026-08-21 04:25:24 - INFO - probability_positive min=0.0026 mean=0.4766 std=0.4001 max=0.9960 predicted_0=226 predicted_1=233
2026-08-21 04:25:24 - INFO - [Classification Report - split=validation epoch=7 - threshold=0.50]
2026-08-21 04:25:24 - INFO -                 precision    recall  f1-score   support
2026-08-21 04:25:24 - INFO - 
2026-08-21 04:25:24 - INFO -       safe (0)     0.9118    0.8052    0.8552        77
2026-08-21 04:25:24 - INFO - vulnerable (1)     0.8171    0.9178    0.8645        73
2026-08-21 04:25:24 - INFO - 
2026-08-21 04:25:24 - INFO -       accuracy                         0.8600       150
2026-08-21 04:25:24 - INFO -      macro avg     0.8644    0.8615    0.8598       150
2026-08-21 04:25:24 - INFO -   weighted avg     0.8657    0.8600    0.8597       150
2026-08-21 04:25:24 - INFO - Confusion matrix - [[tn=62, fp=15], [fn=6, tp=67]]
2026-08-21 04:25:24 - INFO - probability_positive min=0.0022 mean=0.5068 std=0.4136 max=0.9969 predicted_0=68 predicted_1=82
2026-08-21 04:25:24 - INFO - New best model | Macro-F1: 0.859844 | Epoch: 7
2026-08-21 04:25:35 - INFO - Epoch 8/30 | Train loss: 0.277834 | Val loss: 0.317059 | LR: 2.00e-05 | Best epoch: 7 | Patience: 1 | Train: 9.87s | Validation: 1.03s | Epoch: 10.91s | Total: 90.32s
2026-08-21 04:25:35 - INFO - [Classification Report - split=train epoch=8 - threshold=0.50]
2026-08-21 04:25:35 - INFO -                 precision    recall  f1-score   support
2026-08-21 04:25:35 - INFO - 
2026-08-21 04:25:35 - INFO -       safe (0)     0.8439    0.8584    0.8511       233
2026-08-21 04:25:35 - INFO - vulnerable (1)     0.8514    0.8363    0.8438       226
2026-08-21 04:25:35 - INFO - 
2026-08-21 04:25:35 - INFO -       accuracy                         0.8475       459
2026-08-21 04:25:35 - INFO -      macro avg     0.8476    0.8473    0.8474       459
2026-08-21 04:25:35 - INFO -   weighted avg     0.8476    0.8475    0.8475       459
2026-08-21 04:25:35 - INFO - Confusion matrix - [[tn=200, fp=33], [fn=37, tp=189]]
2026-08-21 04:25:35 - INFO - probability_positive min=0.0023 mean=0.4785 std=0.4151 max=0.9972 predicted_0=237 predicted_1=222
2026-08-21 04:25:35 - INFO - [Classification Report - split=validation epoch=8 - threshold=0.50]
2026-08-21 04:25:35 - INFO -                 precision    recall  f1-score   support
2026-08-21 04:25:35 - INFO - 
2026-08-21 04:25:35 - INFO -       safe (0)     0.9194    0.7403    0.8201        77
2026-08-21 04:25:35 - INFO - vulnerable (1)     0.7727    0.9315    0.8447        73
2026-08-21 04:25:35 - INFO - 
2026-08-21 04:25:35 - INFO -       accuracy                         0.8333       150
2026-08-21 04:25:35 - INFO -      macro avg     0.8460    0.8359    0.8324       150
2026-08-21 04:25:35 - INFO -   weighted avg     0.8480    0.8333    0.8321       150
2026-08-21 04:25:35 - INFO - Confusion matrix - [[tn=57, fp=20], [fn=5, tp=68]]
2026-08-21 04:25:35 - INFO - probability_positive min=0.0017 mean=0.5251 std=0.4354 max=0.9984 predicted_0=62 predicted_1=88
2026-08-21 04:25:46 - INFO - Epoch 9/30 | Train loss: 0.239185 | Val loss: 0.272735 | LR: 2.00e-05 | Best epoch: 9 | Patience: 0 | Train: 9.88s | Validation: 1.03s | Epoch: 11.35s | Total: 101.68s
2026-08-21 04:25:46 - INFO - [Classification Report - split=train epoch=9 - threshold=0.50]
2026-08-21 04:25:46 - INFO -                 precision    recall  f1-score   support
2026-08-21 04:25:46 - INFO - 
2026-08-21 04:25:46 - INFO -       safe (0)     0.8809    0.8884    0.8846       233
2026-08-21 04:25:46 - INFO - vulnerable (1)     0.8839    0.8761    0.8800       226
2026-08-21 04:25:46 - INFO - 
2026-08-21 04:25:46 - INFO -       accuracy                         0.8824       459
2026-08-21 04:25:46 - INFO -      macro avg     0.8824    0.8823    0.8823       459
2026-08-21 04:25:46 - INFO -   weighted avg     0.8824    0.8824    0.8823       459
2026-08-21 04:25:46 - INFO - Confusion matrix - [[tn=207, fp=26], [fn=28, tp=198]]
2026-08-21 04:25:46 - INFO - probability_positive min=0.0015 mean=0.4837 std=0.4311 max=0.9980 predicted_0=235 predicted_1=224
2026-08-21 04:25:46 - INFO - [Classification Report - split=validation epoch=9 - threshold=0.50]
2026-08-21 04:25:46 - INFO -                 precision    recall  f1-score   support
2026-08-21 04:25:46 - INFO - 
2026-08-21 04:25:46 - INFO -       safe (0)     0.8718    0.8831    0.8774        77
2026-08-21 04:25:46 - INFO - vulnerable (1)     0.8750    0.8630    0.8690        73
2026-08-21 04:25:46 - INFO - 
2026-08-21 04:25:46 - INFO -       accuracy                         0.8733       150
2026-08-21 04:25:46 - INFO -      macro avg     0.8734    0.8731    0.8732       150
2026-08-21 04:25:46 - INFO -   weighted avg     0.8734    0.8733    0.8733       150
2026-08-21 04:25:46 - INFO - Confusion matrix - [[tn=68, fp=9], [fn=10, tp=63]]
2026-08-21 04:25:46 - INFO - probability_positive min=0.0013 mean=0.4650 std=0.4393 max=0.9990 predicted_0=78 predicted_1=72
2026-08-21 04:25:46 - INFO - New best model | Macro-F1: 0.873192 | Epoch: 9
2026-08-21 04:25:57 - INFO - Epoch 10/30 | Train loss: 0.192430 | Val loss: 0.295806 | LR: 2.00e-05 | Best epoch: 9 | Patience: 1 | Train: 9.87s | Validation: 1.03s | Epoch: 10.91s | Total: 112.61s
2026-08-21 04:25:57 - INFO - [Classification Report - split=train epoch=10 - threshold=0.50]
2026-08-21 04:25:57 - INFO -                 precision    recall  f1-score   support
2026-08-21 04:25:57 - INFO - 
2026-08-21 04:25:57 - INFO -       safe (0)     0.9171    0.8541    0.8844       233
2026-08-21 04:25:57 - INFO - vulnerable (1)     0.8595    0.9204    0.8889       226
2026-08-21 04:25:57 - INFO - 
2026-08-21 04:25:57 - INFO -       accuracy                         0.8867       459
2026-08-21 04:25:57 - INFO -      macro avg     0.8883    0.8872    0.8867       459
2026-08-21 04:25:57 - INFO -   weighted avg     0.8887    0.8867    0.8866       459
2026-08-21 04:25:57 - INFO - Confusion matrix - [[tn=199, fp=34], [fn=18, tp=208]]
2026-08-21 04:25:57 - INFO - probability_positive min=0.0011 mean=0.5081 std=0.4314 max=0.9992 predicted_0=217 predicted_1=242
2026-08-21 04:25:57 - INFO - [Classification Report - split=validation epoch=10 - threshold=0.50]
2026-08-21 04:25:57 - INFO -                 precision    recall  f1-score   support
2026-08-21 04:25:57 - INFO - 
2026-08-21 04:25:57 - INFO -       safe (0)     0.8000    0.9351    0.8623        77
2026-08-21 04:25:57 - INFO - vulnerable (1)     0.9167    0.7534    0.8271        73
2026-08-21 04:25:57 - INFO - 
2026-08-21 04:25:57 - INFO -       accuracy                         0.8467       150
2026-08-21 04:25:57 - INFO -      macro avg     0.8583    0.8442    0.8447       150
2026-08-21 04:25:57 - INFO -   weighted avg     0.8568    0.8467    0.8451       150
2026-08-21 04:25:57 - INFO - Confusion matrix - [[tn=72, fp=5], [fn=18, tp=55]]
2026-08-21 04:25:57 - INFO - probability_positive min=0.0008 mean=0.4355 std=0.4385 max=0.9994 predicted_0=90 predicted_1=60
2026-08-21 04:26:08 - INFO - Epoch 11/30 | Train loss: 0.219267 | Val loss: 0.380645 | LR: 2.00e-05 | Best epoch: 9 | Patience: 2 | Train: 9.88s | Validation: 1.04s | Epoch: 10.91s | Total: 123.53s
2026-08-21 04:26:08 - INFO - [Classification Report - split=train epoch=11 - threshold=0.50]
2026-08-21 04:26:08 - INFO -                 precision    recall  f1-score   support
2026-08-21 04:26:08 - INFO - 
2026-08-21 04:26:08 - INFO -       safe (0)     0.9103    0.8712    0.8904       233
2026-08-21 04:26:08 - INFO - vulnerable (1)     0.8729    0.9115    0.8918       226
2026-08-21 04:26:08 - INFO - 
2026-08-21 04:26:08 - INFO -       accuracy                         0.8911       459
2026-08-21 04:26:08 - INFO -      macro avg     0.8916    0.8914    0.8911       459
2026-08-21 04:26:08 - INFO -   weighted avg     0.8919    0.8911    0.8911       459
2026-08-21 04:26:08 - INFO - Confusion matrix - [[tn=203, fp=30], [fn=20, tp=206]]
2026-08-21 04:26:08 - INFO - probability_positive min=0.0007 mean=0.5071 std=0.4477 max=0.9995 predicted_0=223 predicted_1=236
2026-08-21 04:26:08 - INFO - [Classification Report - split=validation epoch=11 - threshold=0.50]
2026-08-21 04:26:08 - INFO -                 precision    recall  f1-score   support
2026-08-21 04:26:08 - INFO - 
2026-08-21 04:26:08 - INFO -       safe (0)     0.8182    0.9351    0.8727        77
2026-08-21 04:26:08 - INFO - vulnerable (1)     0.9194    0.7808    0.8444        73
2026-08-21 04:26:08 - INFO - 
2026-08-21 04:26:08 - INFO -       accuracy                         0.8600       150
2026-08-21 04:26:08 - INFO -      macro avg     0.8688    0.8579    0.8586       150
2026-08-21 04:26:08 - INFO -   weighted avg     0.8674    0.8600    0.8590       150
2026-08-21 04:26:08 - INFO - Confusion matrix - [[tn=72, fp=5], [fn=16, tp=57]]
2026-08-21 04:26:08 - INFO - probability_positive min=0.0004 mean=0.4298 std=0.4519 max=0.9995 predicted_0=88 predicted_1=62
2026-08-21 04:26:19 - INFO - Epoch 12/30 | Train loss: 0.153867 | Val loss: 0.358833 | LR: 2.00e-05 | Best epoch: 9 | Patience: 3 | Train: 9.88s | Validation: 1.03s | Epoch: 10.91s | Total: 134.45s
2026-08-21 04:26:19 - INFO - [Classification Report - split=train epoch=12 - threshold=0.50]
2026-08-21 04:26:19 - INFO -                 precision    recall  f1-score   support
2026-08-21 04:26:19 - INFO - 
2026-08-21 04:26:19 - INFO -       safe (0)     0.9127    0.8970    0.9048       233
2026-08-21 04:26:19 - INFO - vulnerable (1)     0.8957    0.9115    0.9035       226
2026-08-21 04:26:19 - INFO - 
2026-08-21 04:26:19 - INFO -       accuracy                         0.9041       459
2026-08-21 04:26:19 - INFO -      macro avg     0.9042    0.9043    0.9041       459
2026-08-21 04:26:19 - INFO -   weighted avg     0.9043    0.9041    0.9041       459
2026-08-21 04:26:19 - INFO - Confusion matrix - [[tn=209, fp=24], [fn=20, tp=206]]
2026-08-21 04:26:19 - INFO - probability_positive min=0.0004 mean=0.4902 std=0.4469 max=0.9994 predicted_0=229 predicted_1=230
2026-08-21 04:26:19 - INFO - [Classification Report - split=validation epoch=12 - threshold=0.50]
2026-08-21 04:26:19 - INFO -                 precision    recall  f1-score   support
2026-08-21 04:26:19 - INFO - 
2026-08-21 04:26:19 - INFO -       safe (0)     0.8256    0.9221    0.8712        77
2026-08-21 04:26:19 - INFO - vulnerable (1)     0.9062    0.7945    0.8467        73
2026-08-21 04:26:19 - INFO - 
2026-08-21 04:26:19 - INFO -       accuracy                         0.8600       150
2026-08-21 04:26:19 - INFO -      macro avg     0.8659    0.8583    0.8589       150
2026-08-21 04:26:19 - INFO -   weighted avg     0.8648    0.8600    0.8593       150
2026-08-21 04:26:19 - INFO - Confusion matrix - [[tn=71, fp=6], [fn=15, tp=58]]
2026-08-21 04:26:19 - INFO - probability_positive min=0.0004 mean=0.4495 std=0.4494 max=0.9997 predicted_0=86 predicted_1=64
2026-08-21 04:26:30 - INFO - Epoch 13/30 | Train loss: 0.147229 | Val loss: 0.393201 | LR: 2.00e-05 | Best epoch: 9 | Patience: 4 | Train: 9.88s | Validation: 1.03s | Epoch: 10.91s | Total: 145.37s
2026-08-21 04:26:30 - INFO - [Classification Report - split=train epoch=13 - threshold=0.50]
2026-08-21 04:26:30 - INFO -                 precision    recall  f1-score   support
2026-08-21 04:26:30 - INFO - 
2026-08-21 04:26:30 - INFO -       safe (0)     0.8987    0.9142    0.9064       233
2026-08-21 04:26:30 - INFO - vulnerable (1)     0.9099    0.8938    0.9018       226
2026-08-21 04:26:30 - INFO - 
2026-08-21 04:26:30 - INFO -       accuracy                         0.9041       459
2026-08-21 04:26:30 - INFO -      macro avg     0.9043    0.9040    0.9041       459
2026-08-21 04:26:30 - INFO -   weighted avg     0.9042    0.9041    0.9041       459
2026-08-21 04:26:30 - INFO - Confusion matrix - [[tn=213, fp=20], [fn=24, tp=202]]
2026-08-21 04:26:30 - INFO - probability_positive min=0.0004 mean=0.4874 std=0.4536 max=0.9996 predicted_0=237 predicted_1=222
2026-08-21 04:26:30 - INFO - [Classification Report - split=validation epoch=13 - threshold=0.50]
2026-08-21 04:26:30 - INFO -                 precision    recall  f1-score   support
2026-08-21 04:26:30 - INFO - 
2026-08-21 04:26:30 - INFO -       safe (0)     0.8667    0.8442    0.8553        77
2026-08-21 04:26:30 - INFO - vulnerable (1)     0.8400    0.8630    0.8514        73
2026-08-21 04:26:30 - INFO - 
2026-08-21 04:26:30 - INFO -       accuracy                         0.8533       150
2026-08-21 04:26:30 - INFO -      macro avg     0.8533    0.8536    0.8533       150
2026-08-21 04:26:30 - INFO -   weighted avg     0.8537    0.8533    0.8534       150
2026-08-21 04:26:30 - INFO - Confusion matrix - [[tn=65, fp=12], [fn=10, tp=63]]
2026-08-21 04:26:30 - INFO - probability_positive min=0.0003 mean=0.4905 std=0.4559 max=0.9998 predicted_0=75 predicted_1=75
2026-08-21 04:26:41 - INFO - Epoch 14/30 | Train loss: 0.126803 | Val loss: 0.514545 | LR: 2.00e-05 | Best epoch: 9 | Patience: 5 | Train: 9.89s | Validation: 1.03s | Epoch: 10.92s | Total: 156.30s
2026-08-21 04:26:41 - INFO - [Classification Report - split=train epoch=14 - threshold=0.50]
2026-08-21 04:26:41 - INFO -                 precision    recall  f1-score   support
2026-08-21 04:26:41 - INFO - 
2026-08-21 04:26:41 - INFO -       safe (0)     0.9432    0.9270    0.9351       233
2026-08-21 04:26:41 - INFO - vulnerable (1)     0.9261    0.9425    0.9342       226
2026-08-21 04:26:41 - INFO - 
2026-08-21 04:26:41 - INFO -       accuracy                         0.9346       459
2026-08-21 04:26:41 - INFO -      macro avg     0.9347    0.9348    0.9346       459
2026-08-21 04:26:41 - INFO -   weighted avg     0.9348    0.9346    0.9346       459
2026-08-21 04:26:41 - INFO - Confusion matrix - [[tn=216, fp=17], [fn=13, tp=213]]
2026-08-21 04:26:41 - INFO - probability_positive min=0.0002 mean=0.4968 std=0.4605 max=0.9996 predicted_0=229 predicted_1=230
2026-08-21 04:26:41 - INFO - [Classification Report - split=validation epoch=14 - threshold=0.50]
2026-08-21 04:26:41 - INFO -                 precision    recall  f1-score   support
2026-08-21 04:26:41 - INFO - 
2026-08-21 04:26:41 - INFO -       safe (0)     0.8214    0.8961    0.8571        77
2026-08-21 04:26:41 - INFO - vulnerable (1)     0.8788    0.7945    0.8345        73
2026-08-21 04:26:41 - INFO - 
2026-08-21 04:26:41 - INFO -       accuracy                         0.8467       150
2026-08-21 04:26:41 - INFO -      macro avg     0.8501    0.8453    0.8458       150
2026-08-21 04:26:41 - INFO -   weighted avg     0.8493    0.8467    0.8461       150
2026-08-21 04:26:41 - INFO - Confusion matrix - [[tn=69, fp=8], [fn=15, tp=58]]
2026-08-21 04:26:41 - INFO - probability_positive min=0.0002 mean=0.4449 std=0.4651 max=0.9998 predicted_0=84 predicted_1=66
2026-08-21 04:26:41 - INFO - Early stopping | Epoch: 14 | Best epoch: 9
2026-08-21 04:26:41 - INFO - Best checkpoint saved | Path: model/edit_ref_t5p/baseline/seed_42/fold4/best.pt | Epoch: 9 | Val macro_f1: 0.873192
2026-08-21 04:26:41 - INFO - Training finished | Elapsed: 156.31s
2026-08-21 04:26:41 - INFO - Run finished | Phase: baseline_train | Fold: 4 | Seed: 42 | Elapsed: 158.80s
