2026-08-22 05:30:06 - INFO - Using device: cuda
2026-08-22 05:30:06 - INFO - Run started | Run: fam1_t5p | Method: transfer_none | Phase: phase2 | Fold: 5 | Seed: 42 | Device: cuda
2026-08-22 05:30:06 - INFO - Loading Python training data: data/sven_python_folds_norm/fold5/train.jsonl
2026-08-22 05:30:06 - INFO - Loading Python validation data: data/sven_python_folds_norm/fold5/val.jsonl
2026-08-22 05:30:06 - INFO - Data split: python_train | Total: 456 | Labels: {0: 237, 1: 219} | CWEs: {'CWE-022': 34, 'CWE-078': 121, 'CWE-079': 52, 'CWE-089': 249} | Languages: {'python': 456} | Invalid CWE: 0
2026-08-22 05:30:06 - INFO - Data split: python_val | Total: 152 | Labels: {0: 71, 1: 81} | CWEs: {'CWE-022': 19, 'CWE-078': 39, 'CWE-079': 14, 'CWE-089': 80} | Languages: {'python': 152} | Invalid CWE: 0
2026-08-22 05:30:08 - INFO - Auxiliary head width taken from checkpoint: 4
2026-08-22 05:30:10 - INFO - Loaded source checkpoint: model/fam1_t5p/transfer_none/seed_42/source/best.pt | Best epoch: 10 | Best Val Macro-F1: 0.677074
2026-08-22 05:30:10 - INFO - RecAdam schedule | Total steps: 870 | Steps/epoch: 29 | Anneal t0: 43 | Weights: {1: 0.10909682119561293, 29: 0.3318122278318339, 43: 0.5, 870: 1.0}
2026-08-22 05:30:10 - INFO - Environment: {"components": {"backbone": {"frozen": 0, "total": 109607040, "trainable": 109607040}, "vul_head": {"frozen": 0, "total": 1538, "trainable": 1538}}, "cuda": "12.8", "fold": 5, "frozen_parameters": 0, "gpu": "NVIDIA GeForce RTX 5070 Ti", "hyperparameters": {"anneal_fun": "sigmoid", "anneal_k": 0.05, "anneal_t0_ratio": 0.05, "anneal_w": 1.0, "aux_mode": "none", "batch_size": 16, "checkpoint_path": "model/fam1_t5p/transfer_none/seed_42/fold5/best.pt", "cwe_vocab": "fixed4", "data_path": "data/train_ccpp_filtered.jsonl", "data_root": "data/sven_python_folds_norm", "epochs": 30, "eval_batch_size": 16, "fold": 5, "freeze_backbone_layers": 0, "freeze_prototypes_steps": 0, "lambda_cwe": 0.2, "latent_temperature": 0.1, "learning_rate": 2e-05, "lora_rank": 0, "lp_epochs": 0, "lp_learning_rate": 0.001, "max_eval_samples": null, "max_grad_norm": 1.0, "max_length": 512, "max_train_samples": null, "method_name": "transfer_none", "min_epochs": 3, "model_name": "Salesforce/codet5p-220m", "num_cwes": 4, "num_latent": 8, "num_workers": 0, "output_dir": "results/fam1_t5p/transfer_none", "patience": 5, "phase": "phase2", "phase2_optimizer": "recadam", "pooling": "mean", "pretrain_cof": 5000.0, "recadam_anchor": "source", "result_path": "results/fam1_t5p/transfer_none/seed_42/fold5.json", "run_name": "fam1_t5p", "seed": 42, "selection_metric": "macro_f1", "source_checkpoint": "model/fam1_t5p/transfer_none/seed_42/source/best.pt", "source_interpolation": 1.0, "strict_determinism": false, "target_lang": "python", "test_path": null, "train_path": null, "truncation_strategy": "head_middle_tail", "val_path": null, "weight_decay": 0.01}, "mode": "phase2_train", "model_name": "Salesforce/codet5p-220m", "seed": 42, "sklearn": "1.9.0", "torch": "2.11.0+cu128", "trainable_parameters": 109608578, "transformers": "4.57.1"}
2026-08-22 05:30:10 - INFO - Training started | Phase: phase2 | Epochs: 30
2026-08-22 05:30:10 - INFO - RecAdam first-step safety checks passed
2026-08-22 05:30:20 - INFO - Epoch 1/30 | Train loss: 0.778192 | Val loss: 0.653860 | LR: 2.00e-05 | Best epoch: 1 | Patience: 0 | Train: 8.57s | Validation: 0.96s | Epoch: 9.69s | Total: 9.69s
2026-08-22 05:30:20 - INFO - RecAdam target-task weight at epoch end: 0.331812
2026-08-22 05:30:20 - INFO - [Classification Report - split=train epoch=1 - threshold=0.50]
2026-08-22 05:30:20 - INFO -                 precision    recall  f1-score   support
2026-08-22 05:30:20 - INFO - 
2026-08-22 05:30:20 - INFO -       safe (0)     0.6940    0.3924    0.5013       237
2026-08-22 05:30:20 - INFO - vulnerable (1)     0.5528    0.8128    0.6580       219
2026-08-22 05:30:20 - INFO - 
2026-08-22 05:30:20 - INFO -       accuracy                         0.5943       456
2026-08-22 05:30:20 - INFO -      macro avg     0.6234    0.6026    0.5797       456
2026-08-22 05:30:20 - INFO -   weighted avg     0.6262    0.5943    0.5766       456
2026-08-22 05:30:20 - INFO - Confusion matrix - [[tn=93, fp=144], [fn=41, tp=178]]
2026-08-22 05:30:20 - INFO - probability_positive min=0.0029 mean=0.6166 std=0.2666 max=0.9941 predicted_0=134 predicted_1=322
2026-08-22 05:30:20 - INFO - [Classification Report - split=validation epoch=1 - threshold=0.50]
2026-08-22 05:30:20 - INFO -                 precision    recall  f1-score   support
2026-08-22 05:30:20 - INFO - 
2026-08-22 05:30:20 - INFO -       safe (0)     0.6269    0.5915    0.6087        71
2026-08-22 05:30:20 - INFO - vulnerable (1)     0.6588    0.6914    0.6747        81
2026-08-22 05:30:20 - INFO - 
2026-08-22 05:30:20 - INFO -       accuracy                         0.6447       152
2026-08-22 05:30:20 - INFO -      macro avg     0.6428    0.6415    0.6417       152
2026-08-22 05:30:20 - INFO -   weighted avg     0.6439    0.6447    0.6439       152
2026-08-22 05:30:20 - INFO - Confusion matrix - [[tn=42, fp=29], [fn=25, tp=56]]
2026-08-22 05:30:20 - INFO - probability_positive min=0.0020 mean=0.5125 std=0.2492 max=0.9894 predicted_0=67 predicted_1=85
2026-08-22 05:30:20 - INFO - New best model | Macro-F1: 0.641697 | Epoch: 1
2026-08-22 05:30:29 - INFO - Epoch 2/30 | Train loss: 0.578661 | Val loss: 0.522120 | LR: 2.00e-05 | Best epoch: 2 | Patience: 0 | Train: 8.40s | Validation: 0.96s | Epoch: 9.69s | Total: 19.38s
2026-08-22 05:30:29 - INFO - RecAdam target-task weight at epoch end: 0.679179
2026-08-22 05:30:29 - INFO - [Classification Report - split=train epoch=2 - threshold=0.50]
2026-08-22 05:30:29 - INFO -                 precision    recall  f1-score   support
2026-08-22 05:30:29 - INFO - 
2026-08-22 05:30:29 - INFO -       safe (0)     0.6894    0.6835    0.6864       237
2026-08-22 05:30:29 - INFO - vulnerable (1)     0.6606    0.6667    0.6636       219
2026-08-22 05:30:29 - INFO - 
2026-08-22 05:30:29 - INFO -       accuracy                         0.6754       456
2026-08-22 05:30:29 - INFO -      macro avg     0.6750    0.6751    0.6750       456
2026-08-22 05:30:29 - INFO -   weighted avg     0.6756    0.6754    0.6755       456
2026-08-22 05:30:29 - INFO - Confusion matrix - [[tn=162, fp=75], [fn=73, tp=146]]
2026-08-22 05:30:29 - INFO - probability_positive min=0.0057 mean=0.4812 std=0.2409 max=0.9872 predicted_0=235 predicted_1=221
2026-08-22 05:30:29 - INFO - [Classification Report - split=validation epoch=2 - threshold=0.50]
2026-08-22 05:30:29 - INFO -                 precision    recall  f1-score   support
2026-08-22 05:30:29 - INFO - 
2026-08-22 05:30:29 - INFO -       safe (0)     0.7581    0.6620    0.7068        71
2026-08-22 05:30:29 - INFO - vulnerable (1)     0.7333    0.8148    0.7719        81
2026-08-22 05:30:29 - INFO - 
2026-08-22 05:30:29 - INFO -       accuracy                         0.7434       152
2026-08-22 05:30:29 - INFO -      macro avg     0.7457    0.7384    0.7393       152
2026-08-22 05:30:29 - INFO -   weighted avg     0.7449    0.7434    0.7415       152
2026-08-22 05:30:29 - INFO - Confusion matrix - [[tn=47, fp=24], [fn=15, tp=66]]
2026-08-22 05:30:29 - INFO - probability_positive min=0.0021 mean=0.5315 std=0.2924 max=0.9943 predicted_0=62 predicted_1=90
2026-08-22 05:30:29 - INFO - New best model | Macro-F1: 0.739348 | Epoch: 2
2026-08-22 05:30:39 - INFO - Epoch 3/30 | Train loss: 0.441013 | Val loss: 0.489923 | LR: 2.00e-05 | Best epoch: 3 | Patience: 0 | Train: 8.40s | Validation: 0.96s | Epoch: 9.59s | Total: 28.99s
2026-08-22 05:30:39 - INFO - RecAdam target-task weight at epoch end: 0.900250
2026-08-22 05:30:39 - INFO - [Classification Report - split=train epoch=3 - threshold=0.50]
2026-08-22 05:30:39 - INFO -                 precision    recall  f1-score   support
2026-08-22 05:30:39 - INFO - 
2026-08-22 05:30:39 - INFO -       safe (0)     0.8238    0.7890    0.8060       237
2026-08-22 05:30:39 - INFO - vulnerable (1)     0.7817    0.8174    0.7991       219
2026-08-22 05:30:39 - INFO - 
2026-08-22 05:30:39 - INFO -       accuracy                         0.8026       456
2026-08-22 05:30:39 - INFO -      macro avg     0.8027    0.8032    0.8026       456
2026-08-22 05:30:39 - INFO -   weighted avg     0.8036    0.8026    0.8027       456
2026-08-22 05:30:39 - INFO - Confusion matrix - [[tn=187, fp=50], [fn=40, tp=179]]
2026-08-22 05:30:39 - INFO - probability_positive min=0.0031 mean=0.4811 std=0.3222 max=0.9955 predicted_0=227 predicted_1=229
2026-08-22 05:30:39 - INFO - [Classification Report - split=validation epoch=3 - threshold=0.50]
2026-08-22 05:30:39 - INFO -                 precision    recall  f1-score   support
2026-08-22 05:30:39 - INFO - 
2026-08-22 05:30:39 - INFO -       safe (0)     0.8772    0.7042    0.7812        71
2026-08-22 05:30:39 - INFO - vulnerable (1)     0.7789    0.9136    0.8409        81
2026-08-22 05:30:39 - INFO - 
2026-08-22 05:30:39 - INFO -       accuracy                         0.8158       152
2026-08-22 05:30:39 - INFO -      macro avg     0.8281    0.8089    0.8111       152
2026-08-22 05:30:39 - INFO -   weighted avg     0.8248    0.8158    0.8130       152
2026-08-22 05:30:39 - INFO - Confusion matrix - [[tn=50, fp=21], [fn=7, tp=74]]
2026-08-22 05:30:39 - INFO - probability_positive min=0.0016 mean=0.5839 std=0.3914 max=0.9979 predicted_0=57 predicted_1=95
2026-08-22 05:30:39 - INFO - New best model | Macro-F1: 0.811080 | Epoch: 3
2026-08-22 05:30:49 - INFO - Epoch 4/30 | Train loss: 0.297047 | Val loss: 0.469105 | LR: 2.00e-05 | Best epoch: 4 | Patience: 0 | Train: 8.40s | Validation: 0.96s | Epoch: 9.58s | Total: 38.59s
2026-08-22 05:30:49 - INFO - RecAdam target-task weight at epoch end: 0.974667
2026-08-22 05:30:49 - INFO - [Classification Report - split=train epoch=4 - threshold=0.50]
2026-08-22 05:30:49 - INFO -                 precision    recall  f1-score   support
2026-08-22 05:30:49 - INFO - 
2026-08-22 05:30:49 - INFO -       safe (0)     0.9209    0.8354    0.8761       237
2026-08-22 05:30:49 - INFO - vulnerable (1)     0.8382    0.9224    0.8783       219
2026-08-22 05:30:49 - INFO - 
2026-08-22 05:30:49 - INFO -       accuracy                         0.8772       456
2026-08-22 05:30:49 - INFO -      macro avg     0.8796    0.8789    0.8772       456
2026-08-22 05:30:49 - INFO -   weighted avg     0.8812    0.8772    0.8771       456
2026-08-22 05:30:49 - INFO - Confusion matrix - [[tn=198, fp=39], [fn=17, tp=202]]
2026-08-22 05:30:49 - INFO - probability_positive min=0.0025 mean=0.4799 std=0.3953 max=0.9968 predicted_0=215 predicted_1=241
2026-08-22 05:30:49 - INFO - [Classification Report - split=validation epoch=4 - threshold=0.50]
2026-08-22 05:30:49 - INFO -                 precision    recall  f1-score   support
2026-08-22 05:30:49 - INFO - 
2026-08-22 05:30:49 - INFO -       safe (0)     0.8413    0.7465    0.7910        71
2026-08-22 05:30:49 - INFO - vulnerable (1)     0.7978    0.8765    0.8353        81
2026-08-22 05:30:49 - INFO - 
2026-08-22 05:30:49 - INFO -       accuracy                         0.8158       152
2026-08-22 05:30:49 - INFO -      macro avg     0.8195    0.8115    0.8132       152
2026-08-22 05:30:49 - INFO -   weighted avg     0.8181    0.8158    0.8146       152
2026-08-22 05:30:49 - INFO - Confusion matrix - [[tn=53, fp=18], [fn=10, tp=71]]
2026-08-22 05:30:49 - INFO - probability_positive min=0.0013 mean=0.5578 std=0.4193 max=0.9985 predicted_0=63 predicted_1=89
2026-08-22 05:30:49 - INFO - New best model | Macro-F1: 0.813169 | Epoch: 4
2026-08-22 05:30:58 - INFO - Epoch 5/30 | Train loss: 0.193353 | Val loss: 0.485899 | LR: 2.00e-05 | Best epoch: 5 | Patience: 0 | Train: 8.40s | Validation: 0.96s | Epoch: 9.58s | Total: 48.18s
2026-08-22 05:30:58 - INFO - RecAdam target-task weight at epoch end: 0.993940
2026-08-22 05:30:58 - INFO - [Classification Report - split=train epoch=5 - threshold=0.50]
2026-08-22 05:30:58 - INFO -                 precision    recall  f1-score   support
2026-08-22 05:30:58 - INFO - 
2026-08-22 05:30:58 - INFO -       safe (0)     0.9248    0.8819    0.9028       237
2026-08-22 05:30:58 - INFO - vulnerable (1)     0.8783    0.9224    0.8998       219
2026-08-22 05:30:58 - INFO - 
2026-08-22 05:30:58 - INFO -       accuracy                         0.9013       456
2026-08-22 05:30:58 - INFO -      macro avg     0.9015    0.9021    0.9013       456
2026-08-22 05:30:58 - INFO -   weighted avg     0.9024    0.9013    0.9014       456
2026-08-22 05:30:58 - INFO - Confusion matrix - [[tn=209, fp=28], [fn=17, tp=202]]
2026-08-22 05:30:58 - INFO - probability_positive min=0.0016 mean=0.4850 std=0.4388 max=0.9984 predicted_0=226 predicted_1=230
2026-08-22 05:30:58 - INFO - [Classification Report - split=validation epoch=5 - threshold=0.50]
2026-08-22 05:30:58 - INFO -                 precision    recall  f1-score   support
2026-08-22 05:30:58 - INFO - 
2026-08-22 05:30:58 - INFO -       safe (0)     0.8125    0.9155    0.8609        71
2026-08-22 05:30:58 - INFO - vulnerable (1)     0.9167    0.8148    0.8627        81
2026-08-22 05:30:58 - INFO - 
2026-08-22 05:30:58 - INFO -       accuracy                         0.8618       152
2026-08-22 05:30:58 - INFO -      macro avg     0.8646    0.8652    0.8618       152
2026-08-22 05:30:58 - INFO -   weighted avg     0.8680    0.8618    0.8619       152
2026-08-22 05:30:58 - INFO - Confusion matrix - [[tn=65, fp=6], [fn=15, tp=66]]
2026-08-22 05:30:58 - INFO - probability_positive min=0.0009 mean=0.4647 std=0.4360 max=0.9990 predicted_0=80 predicted_1=72
2026-08-22 05:30:58 - INFO - New best model | Macro-F1: 0.861836 | Epoch: 5
2026-08-22 05:31:08 - INFO - Epoch 6/30 | Train loss: 0.125041 | Val loss: 0.590678 | LR: 2.00e-05 | Best epoch: 5 | Patience: 1 | Train: 8.40s | Validation: 0.96s | Epoch: 9.36s | Total: 57.55s
2026-08-22 05:31:08 - INFO - RecAdam target-task weight at epoch end: 0.998572
2026-08-22 05:31:08 - INFO - [Classification Report - split=train epoch=6 - threshold=0.50]
2026-08-22 05:31:08 - INFO -                 precision    recall  f1-score   support
2026-08-22 05:31:08 - INFO - 
2026-08-22 05:31:08 - INFO -       safe (0)     0.9451    0.9451    0.9451       237
2026-08-22 05:31:08 - INFO - vulnerable (1)     0.9406    0.9406    0.9406       219
2026-08-22 05:31:08 - INFO - 
2026-08-22 05:31:08 - INFO -       accuracy                         0.9430       456
2026-08-22 05:31:08 - INFO -      macro avg     0.9429    0.9429    0.9429       456
2026-08-22 05:31:08 - INFO -   weighted avg     0.9430    0.9430    0.9430       456
2026-08-22 05:31:08 - INFO - Confusion matrix - [[tn=224, fp=13], [fn=13, tp=206]]
2026-08-22 05:31:08 - INFO - probability_positive min=0.0009 mean=0.4745 std=0.4618 max=0.9993 predicted_0=237 predicted_1=219
2026-08-22 05:31:08 - INFO - [Classification Report - split=validation epoch=6 - threshold=0.50]
2026-08-22 05:31:08 - INFO -                 precision    recall  f1-score   support
2026-08-22 05:31:08 - INFO - 
2026-08-22 05:31:08 - INFO -       safe (0)     0.8730    0.7746    0.8209        71
2026-08-22 05:31:08 - INFO - vulnerable (1)     0.8202    0.9012    0.8588        81
2026-08-22 05:31:08 - INFO - 
2026-08-22 05:31:08 - INFO -       accuracy                         0.8421       152
2026-08-22 05:31:08 - INFO -      macro avg     0.8466    0.8379    0.8399       152
2026-08-22 05:31:08 - INFO -   weighted avg     0.8449    0.8421    0.8411       152
2026-08-22 05:31:08 - INFO - Confusion matrix - [[tn=55, fp=16], [fn=8, tp=73]]
2026-08-22 05:31:08 - INFO - probability_positive min=0.0008 mean=0.5721 std=0.4624 max=0.9995 predicted_0=63 predicted_1=89
2026-08-22 05:31:17 - INFO - Epoch 7/30 | Train loss: 0.111572 | Val loss: 0.691308 | LR: 2.00e-05 | Best epoch: 5 | Patience: 2 | Train: 8.40s | Validation: 0.96s | Epoch: 9.36s | Total: 66.91s
2026-08-22 05:31:17 - INFO - RecAdam target-task weight at epoch end: 0.999665
2026-08-22 05:31:17 - INFO - [Classification Report - split=train epoch=7 - threshold=0.50]
2026-08-22 05:31:17 - INFO -                 precision    recall  f1-score   support
2026-08-22 05:31:17 - INFO - 
2026-08-22 05:31:17 - INFO -       safe (0)     0.9657    0.9494    0.9574       237
2026-08-22 05:31:17 - INFO - vulnerable (1)     0.9462    0.9635    0.9548       219
2026-08-22 05:31:17 - INFO - 
2026-08-22 05:31:17 - INFO -       accuracy                         0.9561       456
2026-08-22 05:31:17 - INFO -      macro avg     0.9559    0.9564    0.9561       456
2026-08-22 05:31:17 - INFO -   weighted avg     0.9563    0.9561    0.9562       456
2026-08-22 05:31:17 - INFO - Confusion matrix - [[tn=225, fp=12], [fn=8, tp=211]]
2026-08-22 05:31:17 - INFO - probability_positive min=0.0008 mean=0.4846 std=0.4758 max=0.9993 predicted_0=233 predicted_1=223
2026-08-22 05:31:17 - INFO - [Classification Report - split=validation epoch=7 - threshold=0.50]
2026-08-22 05:31:17 - INFO -                 precision    recall  f1-score   support
2026-08-22 05:31:17 - INFO - 
2026-08-22 05:31:17 - INFO -       safe (0)     0.7875    0.8873    0.8344        71
2026-08-22 05:31:17 - INFO - vulnerable (1)     0.8889    0.7901    0.8366        81
2026-08-22 05:31:17 - INFO - 
2026-08-22 05:31:17 - INFO -       accuracy                         0.8355       152
2026-08-22 05:31:17 - INFO -      macro avg     0.8382    0.8387    0.8355       152
2026-08-22 05:31:17 - INFO -   weighted avg     0.8415    0.8355    0.8356       152
2026-08-22 05:31:17 - INFO - Confusion matrix - [[tn=63, fp=8], [fn=17, tp=64]]
2026-08-22 05:31:17 - INFO - probability_positive min=0.0007 mean=0.4841 std=0.4796 max=0.9996 predicted_0=80 predicted_1=72
2026-08-22 05:31:26 - INFO - Epoch 8/30 | Train loss: 0.070793 | Val loss: 0.739116 | LR: 2.00e-05 | Best epoch: 5 | Patience: 3 | Train: 8.40s | Validation: 0.96s | Epoch: 9.36s | Total: 76.28s
2026-08-22 05:31:26 - INFO - RecAdam target-task weight at epoch end: 0.999921
2026-08-22 05:31:26 - INFO - [Classification Report - split=train epoch=8 - threshold=0.50]
2026-08-22 05:31:26 - INFO -                 precision    recall  f1-score   support
2026-08-22 05:31:26 - INFO - 
2026-08-22 05:31:26 - INFO -       safe (0)     0.9871    0.9662    0.9765       237
2026-08-22 05:31:26 - INFO - vulnerable (1)     0.9643    0.9863    0.9752       219
2026-08-22 05:31:26 - INFO - 
2026-08-22 05:31:26 - INFO -       accuracy                         0.9759       456
2026-08-22 05:31:26 - INFO -      macro avg     0.9757    0.9763    0.9759       456
2026-08-22 05:31:26 - INFO -   weighted avg     0.9761    0.9759    0.9759       456
2026-08-22 05:31:26 - INFO - Confusion matrix - [[tn=229, fp=8], [fn=3, tp=216]]
2026-08-22 05:31:26 - INFO - probability_positive min=0.0008 mean=0.4864 std=0.4876 max=0.9995 predicted_0=232 predicted_1=224
2026-08-22 05:31:26 - INFO - [Classification Report - split=validation epoch=8 - threshold=0.50]
2026-08-22 05:31:26 - INFO -                 precision    recall  f1-score   support
2026-08-22 05:31:26 - INFO - 
2026-08-22 05:31:26 - INFO -       safe (0)     0.7927    0.9155    0.8497        71
2026-08-22 05:31:26 - INFO - vulnerable (1)     0.9143    0.7901    0.8477        81
2026-08-22 05:31:26 - INFO - 
2026-08-22 05:31:26 - INFO -       accuracy                         0.8487       152
2026-08-22 05:31:26 - INFO -      macro avg     0.8535    0.8528    0.8487       152
2026-08-22 05:31:26 - INFO -   weighted avg     0.8575    0.8487    0.8486       152
2026-08-22 05:31:26 - INFO - Confusion matrix - [[tn=65, fp=6], [fn=17, tp=64]]
2026-08-22 05:31:26 - INFO - probability_positive min=0.0006 mean=0.4674 std=0.4840 max=0.9997 predicted_0=82 predicted_1=70
2026-08-22 05:31:36 - INFO - Epoch 9/30 | Train loss: 0.063947 | Val loss: 0.673442 | LR: 2.00e-05 | Best epoch: 5 | Patience: 4 | Train: 8.40s | Validation: 0.96s | Epoch: 9.36s | Total: 85.64s
2026-08-22 05:31:36 - INFO - RecAdam target-task weight at epoch end: 0.999982
2026-08-22 05:31:36 - INFO - [Classification Report - split=train epoch=9 - threshold=0.50]
2026-08-22 05:31:36 - INFO -                 precision    recall  f1-score   support
2026-08-22 05:31:36 - INFO - 
2026-08-22 05:31:36 - INFO -       safe (0)     0.9828    0.9662    0.9745       237
2026-08-22 05:31:36 - INFO - vulnerable (1)     0.9641    0.9817    0.9729       219
2026-08-22 05:31:36 - INFO - 
2026-08-22 05:31:36 - INFO -       accuracy                         0.9737       456
2026-08-22 05:31:36 - INFO -      macro avg     0.9735    0.9740    0.9737       456
2026-08-22 05:31:36 - INFO -   weighted avg     0.9738    0.9737    0.9737       456
2026-08-22 05:31:36 - INFO - Confusion matrix - [[tn=229, fp=8], [fn=4, tp=215]]
2026-08-22 05:31:36 - INFO - probability_positive min=0.0007 mean=0.4859 std=0.4875 max=0.9997 predicted_0=233 predicted_1=223
2026-08-22 05:31:36 - INFO - [Classification Report - split=validation epoch=9 - threshold=0.50]
2026-08-22 05:31:36 - INFO -                 precision    recall  f1-score   support
2026-08-22 05:31:36 - INFO - 
2026-08-22 05:31:36 - INFO -       safe (0)     0.8289    0.8873    0.8571        71
2026-08-22 05:31:36 - INFO - vulnerable (1)     0.8947    0.8395    0.8662        81
2026-08-22 05:31:36 - INFO - 
2026-08-22 05:31:36 - INFO -       accuracy                         0.8618       152
2026-08-22 05:31:36 - INFO -      macro avg     0.8618    0.8634    0.8617       152
2026-08-22 05:31:36 - INFO -   weighted avg     0.8640    0.8618    0.8620       152
2026-08-22 05:31:36 - INFO - Confusion matrix - [[tn=63, fp=8], [fn=13, tp=68]]
2026-08-22 05:31:36 - INFO - probability_positive min=0.0006 mean=0.4967 std=0.4817 max=0.9997 predicted_0=76 predicted_1=76
2026-08-22 05:31:45 - INFO - Epoch 10/30 | Train loss: 0.077175 | Val loss: 0.797344 | LR: 2.00e-05 | Best epoch: 5 | Patience: 5 | Train: 8.40s | Validation: 0.96s | Epoch: 9.36s | Total: 95.01s
2026-08-22 05:31:45 - INFO - RecAdam target-task weight at epoch end: 0.999996
2026-08-22 05:31:45 - INFO - [Classification Report - split=train epoch=10 - threshold=0.50]
2026-08-22 05:31:45 - INFO -                 precision    recall  f1-score   support
2026-08-22 05:31:45 - INFO - 
2026-08-22 05:31:45 - INFO -       safe (0)     0.9630    0.9873    0.9750       237
2026-08-22 05:31:45 - INFO - vulnerable (1)     0.9859    0.9589    0.9722       219
2026-08-22 05:31:45 - INFO - 
2026-08-22 05:31:45 - INFO -       accuracy                         0.9737       456
2026-08-22 05:31:45 - INFO -      macro avg     0.9744    0.9731    0.9736       456
2026-08-22 05:31:45 - INFO -   weighted avg     0.9740    0.9737    0.9737       456
2026-08-22 05:31:45 - INFO - Confusion matrix - [[tn=234, fp=3], [fn=9, tp=210]]
2026-08-22 05:31:45 - INFO - probability_positive min=0.0006 mean=0.4702 std=0.4861 max=0.9996 predicted_0=243 predicted_1=213
2026-08-22 05:31:45 - INFO - [Classification Report - split=validation epoch=10 - threshold=0.50]
2026-08-22 05:31:45 - INFO -                 precision    recall  f1-score   support
2026-08-22 05:31:45 - INFO - 
2026-08-22 05:31:45 - INFO -       safe (0)     0.8052    0.8732    0.8378        71
2026-08-22 05:31:45 - INFO - vulnerable (1)     0.8800    0.8148    0.8462        81
2026-08-22 05:31:45 - INFO - 
2026-08-22 05:31:45 - INFO -       accuracy                         0.8421       152
2026-08-22 05:31:45 - INFO -      macro avg     0.8426    0.8440    0.8420       152
2026-08-22 05:31:45 - INFO -   weighted avg     0.8451    0.8421    0.8423       152
2026-08-22 05:31:45 - INFO - Confusion matrix - [[tn=62, fp=9], [fn=15, tp=66]]
2026-08-22 05:31:45 - INFO - probability_positive min=0.0005 mean=0.4949 std=0.4874 max=0.9998 predicted_0=77 predicted_1=75
2026-08-22 05:31:45 - INFO - Early stopping | Epoch: 10 | Best epoch: 5
2026-08-22 05:31:45 - INFO - Best checkpoint saved | Path: model/fam1_t5p/transfer_none/seed_42/fold5/best.pt | Epoch: 5 | Val macro_f1: 0.861836
2026-08-22 05:31:45 - INFO - Training finished | Elapsed: 95.01s
2026-08-22 05:31:45 - INFO - Run finished | Phase: phase2 | Fold: 5 | Seed: 42 | Elapsed: 98.86s
