2026-08-22 03:48:30 - INFO - Using device: cuda
2026-08-22 03:48:30 - INFO - Run started | Run: fam1_t5p | Method: transfer_none | Phase: phase2 | Fold: 1 | Seed: 42 | Device: cuda
2026-08-22 03:48:30 - INFO - Loading Python training data: data/sven_python_folds_norm/fold1/train.jsonl
2026-08-22 03:48:30 - INFO - Loading Python validation data: data/sven_python_folds_norm/fold1/val.jsonl
2026-08-22 03:48:30 - INFO - Data split: python_train | Total: 456 | Labels: {0: 235, 1: 221} | CWEs: {'CWE-022': 39, 'CWE-078': 123, 'CWE-079': 49, 'CWE-089': 245} | Languages: {'python': 456} | Invalid CWE: 0
2026-08-22 03:48:30 - INFO - Data split: python_val | Total: 152 | Labels: {0: 74, 1: 78} | CWEs: {'CWE-022': 8, 'CWE-078': 42, 'CWE-079': 19, 'CWE-089': 83} | Languages: {'python': 152} | Invalid CWE: 0
2026-08-22 03:48:31 - INFO - Auxiliary head width taken from checkpoint: 4
2026-08-22 03:48:33 - INFO - Loaded source checkpoint: model/fam1_t5p/transfer_none/seed_42/source/best.pt | Best epoch: 10 | Best Val Macro-F1: 0.677074
2026-08-22 03:48:33 - INFO - RecAdam schedule | Total steps: 870 | Steps/epoch: 29 | Anneal t0: 43 | Weights: {1: 0.10909682119561293, 29: 0.3318122278318339, 43: 0.5, 870: 1.0}
2026-08-22 03:48:33 - INFO - Environment: {"components": {"backbone": {"frozen": 0, "total": 109607040, "trainable": 109607040}, "vul_head": {"frozen": 0, "total": 1538, "trainable": 1538}}, "cuda": "12.8", "fold": 1, "frozen_parameters": 0, "gpu": "NVIDIA GeForce RTX 5070 Ti", "hyperparameters": {"anneal_fun": "sigmoid", "anneal_k": 0.05, "anneal_t0_ratio": 0.05, "anneal_w": 1.0, "aux_mode": "none", "batch_size": 16, "checkpoint_path": "model/fam1_t5p/transfer_none/seed_42/fold1/best.pt", "cwe_vocab": "fixed4", "data_path": "data/train_ccpp_filtered.jsonl", "data_root": "data/sven_python_folds_norm", "epochs": 30, "eval_batch_size": 16, "fold": 1, "freeze_backbone_layers": 0, "freeze_prototypes_steps": 0, "lambda_cwe": 0.2, "latent_temperature": 0.1, "learning_rate": 2e-05, "lora_rank": 0, "lp_epochs": 0, "lp_learning_rate": 0.001, "max_eval_samples": null, "max_grad_norm": 1.0, "max_length": 512, "max_train_samples": null, "method_name": "transfer_none", "min_epochs": 3, "model_name": "Salesforce/codet5p-220m", "num_cwes": 4, "num_latent": 8, "num_workers": 0, "output_dir": "results/fam1_t5p/transfer_none", "patience": 5, "phase": "phase2", "phase2_optimizer": "recadam", "pooling": "mean", "pretrain_cof": 5000.0, "recadam_anchor": "source", "result_path": "results/fam1_t5p/transfer_none/seed_42/fold1.json", "run_name": "fam1_t5p", "seed": 42, "selection_metric": "macro_f1", "source_checkpoint": "model/fam1_t5p/transfer_none/seed_42/source/best.pt", "source_interpolation": 1.0, "strict_determinism": false, "target_lang": "python", "test_path": null, "train_path": null, "truncation_strategy": "head_middle_tail", "val_path": null, "weight_decay": 0.01}, "mode": "phase2_train", "model_name": "Salesforce/codet5p-220m", "seed": 42, "sklearn": "1.9.0", "torch": "2.11.0+cu128", "trainable_parameters": 109608578, "transformers": "4.57.1"}
2026-08-22 03:48:33 - INFO - Training started | Phase: phase2 | Epochs: 30
2026-08-22 03:48:33 - INFO - RecAdam first-step safety checks passed
2026-08-22 03:48:42 - INFO - Epoch 1/30 | Train loss: 0.770536 | Val loss: 0.646711 | LR: 2.00e-05 | Best epoch: 1 | Patience: 0 | Train: 8.59s | Validation: 0.96s | Epoch: 9.72s | Total: 9.72s
2026-08-22 03:48:42 - INFO - RecAdam target-task weight at epoch end: 0.331812
2026-08-22 03:48:42 - INFO - [Classification Report - split=train epoch=1 - threshold=0.50]
2026-08-22 03:48:42 - INFO -                 precision    recall  f1-score   support
2026-08-22 03:48:42 - INFO - 
2026-08-22 03:48:42 - INFO -       safe (0)     0.7122    0.4213    0.5294       235
2026-08-22 03:48:42 - INFO - vulnerable (1)     0.5710    0.8190    0.6729       221
2026-08-22 03:48:42 - INFO - 
2026-08-22 03:48:42 - INFO -       accuracy                         0.6140       456
2026-08-22 03:48:42 - INFO -      macro avg     0.6416    0.6201    0.6011       456
2026-08-22 03:48:42 - INFO -   weighted avg     0.6438    0.6140    0.5989       456
2026-08-22 03:48:42 - INFO - Confusion matrix - [[tn=99, fp=136], [fn=40, tp=181]]
2026-08-22 03:48:42 - INFO - probability_positive min=0.0053 mean=0.6230 std=0.2670 max=0.9941 predicted_0=139 predicted_1=317
2026-08-22 03:48:42 - INFO - [Classification Report - split=validation epoch=1 - threshold=0.50]
2026-08-22 03:48:42 - INFO -                 precision    recall  f1-score   support
2026-08-22 03:48:42 - INFO - 
2026-08-22 03:48:42 - INFO -       safe (0)     0.6154    0.5405    0.5755        74
2026-08-22 03:48:42 - INFO - vulnerable (1)     0.6092    0.6795    0.6424        78
2026-08-22 03:48:42 - INFO - 
2026-08-22 03:48:42 - INFO -       accuracy                         0.6118       152
2026-08-22 03:48:42 - INFO -      macro avg     0.6123    0.6100    0.6090       152
2026-08-22 03:48:42 - INFO -   weighted avg     0.6122    0.6118    0.6099       152
2026-08-22 03:48:42 - INFO - Confusion matrix - [[tn=40, fp=34], [fn=25, tp=53]]
2026-08-22 03:48:42 - INFO - probability_positive min=0.0027 mean=0.5257 std=0.2776 max=0.9923 predicted_0=65 predicted_1=87
2026-08-22 03:48:42 - INFO - New best model | Macro-F1: 0.608982 | Epoch: 1
2026-08-22 03:48:52 - INFO - Epoch 2/30 | Train loss: 0.602150 | Val loss: 0.512508 | LR: 2.00e-05 | Best epoch: 2 | Patience: 0 | Train: 8.40s | Validation: 0.96s | Epoch: 9.58s | Total: 19.31s
2026-08-22 03:48:52 - INFO - RecAdam target-task weight at epoch end: 0.679179
2026-08-22 03:48:52 - INFO - [Classification Report - split=train epoch=2 - threshold=0.50]
2026-08-22 03:48:52 - INFO -                 precision    recall  f1-score   support
2026-08-22 03:48:52 - INFO - 
2026-08-22 03:48:52 - INFO -       safe (0)     0.7174    0.7021    0.7097       235
2026-08-22 03:48:52 - INFO - vulnerable (1)     0.6903    0.7059    0.6980       221
2026-08-22 03:48:52 - INFO - 
2026-08-22 03:48:52 - INFO -       accuracy                         0.7039       456
2026-08-22 03:48:52 - INFO -      macro avg     0.7038    0.7040    0.7038       456
2026-08-22 03:48:52 - INFO -   weighted avg     0.7042    0.7039    0.7040       456
2026-08-22 03:48:52 - INFO - Confusion matrix - [[tn=165, fp=70], [fn=65, tp=156]]
2026-08-22 03:48:52 - INFO - probability_positive min=0.0046 mean=0.4843 std=0.2399 max=0.9897 predicted_0=230 predicted_1=226
2026-08-22 03:48:52 - INFO - [Classification Report - split=validation epoch=2 - threshold=0.50]
2026-08-22 03:48:52 - INFO -                 precision    recall  f1-score   support
2026-08-22 03:48:52 - INFO - 
2026-08-22 03:48:52 - INFO -       safe (0)     0.6628    0.7703    0.7125        74
2026-08-22 03:48:52 - INFO - vulnerable (1)     0.7424    0.6282    0.6806        78
2026-08-22 03:48:52 - INFO - 
2026-08-22 03:48:52 - INFO -       accuracy                         0.6974       152
2026-08-22 03:48:52 - INFO -      macro avg     0.7026    0.6992    0.6965       152
2026-08-22 03:48:52 - INFO -   weighted avg     0.7037    0.6974    0.6961       152
2026-08-22 03:48:52 - INFO - Confusion matrix - [[tn=57, fp=17], [fn=29, tp=49]]
2026-08-22 03:48:52 - INFO - probability_positive min=0.0030 mean=0.4502 std=0.2906 max=0.9940 predicted_0=86 predicted_1=66
2026-08-22 03:48:52 - INFO - New best model | Macro-F1: 0.696528 | Epoch: 2
2026-08-22 03:49:02 - INFO - Epoch 3/30 | Train loss: 0.444110 | Val loss: 0.339719 | LR: 2.00e-05 | Best epoch: 3 | Patience: 0 | Train: 8.40s | Validation: 0.96s | Epoch: 9.66s | Total: 28.98s
2026-08-22 03:49:02 - INFO - RecAdam target-task weight at epoch end: 0.900250
2026-08-22 03:49:02 - INFO - [Classification Report - split=train epoch=3 - threshold=0.50]
2026-08-22 03:49:02 - INFO -                 precision    recall  f1-score   support
2026-08-22 03:49:02 - INFO - 
2026-08-22 03:49:02 - INFO -       safe (0)     0.7906    0.7872    0.7889       235
2026-08-22 03:49:02 - INFO - vulnerable (1)     0.7748    0.7783    0.7765       221
2026-08-22 03:49:02 - INFO - 
2026-08-22 03:49:02 - INFO -       accuracy                         0.7829       456
2026-08-22 03:49:02 - INFO -      macro avg     0.7827    0.7828    0.7827       456
2026-08-22 03:49:02 - INFO -   weighted avg     0.7829    0.7829    0.7829       456
2026-08-22 03:49:02 - INFO - Confusion matrix - [[tn=185, fp=50], [fn=49, tp=172]]
2026-08-22 03:49:02 - INFO - probability_positive min=0.0033 mean=0.4658 std=0.3254 max=0.9965 predicted_0=234 predicted_1=222
2026-08-22 03:49:02 - INFO - [Classification Report - split=validation epoch=3 - threshold=0.50]
2026-08-22 03:49:02 - INFO -                 precision    recall  f1-score   support
2026-08-22 03:49:02 - INFO - 
2026-08-22 03:49:02 - INFO -       safe (0)     0.8714    0.8243    0.8472        74
2026-08-22 03:49:02 - INFO - vulnerable (1)     0.8415    0.8846    0.8625        78
2026-08-22 03:49:02 - INFO - 
2026-08-22 03:49:02 - INFO -       accuracy                         0.8553       152
2026-08-22 03:49:02 - INFO -      macro avg     0.8564    0.8545    0.8549       152
2026-08-22 03:49:02 - INFO -   weighted avg     0.8561    0.8553    0.8551       152
2026-08-22 03:49:02 - INFO - Confusion matrix - [[tn=61, fp=13], [fn=9, tp=69]]
2026-08-22 03:49:02 - INFO - probability_positive min=0.0023 mean=0.4961 std=0.4031 max=0.9971 predicted_0=70 predicted_1=82
2026-08-22 03:49:02 - INFO - New best model | Macro-F1: 0.854861 | Epoch: 3
2026-08-22 03:49:11 - INFO - Epoch 4/30 | Train loss: 0.293952 | Val loss: 0.391249 | LR: 2.00e-05 | Best epoch: 3 | Patience: 1 | Train: 8.42s | Validation: 0.96s | Epoch: 9.38s | Total: 38.37s
2026-08-22 03:49:11 - INFO - RecAdam target-task weight at epoch end: 0.974667
2026-08-22 03:49:11 - INFO - [Classification Report - split=train epoch=4 - threshold=0.50]
2026-08-22 03:49:11 - INFO -                 precision    recall  f1-score   support
2026-08-22 03:49:11 - INFO - 
2026-08-22 03:49:11 - INFO -       safe (0)     0.9194    0.8255    0.8700       235
2026-08-22 03:49:11 - INFO - vulnerable (1)     0.8327    0.9231    0.8755       221
2026-08-22 03:49:11 - INFO - 
2026-08-22 03:49:11 - INFO -       accuracy                         0.8728       456
2026-08-22 03:49:11 - INFO -      macro avg     0.8760    0.8743    0.8727       456
2026-08-22 03:49:11 - INFO -   weighted avg     0.8774    0.8728    0.8727       456
2026-08-22 03:49:11 - INFO - Confusion matrix - [[tn=194, fp=41], [fn=17, tp=204]]
2026-08-22 03:49:11 - INFO - probability_positive min=0.0026 mean=0.4981 std=0.4092 max=0.9971 predicted_0=211 predicted_1=245
2026-08-22 03:49:11 - INFO - [Classification Report - split=validation epoch=4 - threshold=0.50]
2026-08-22 03:49:11 - INFO -                 precision    recall  f1-score   support
2026-08-22 03:49:11 - INFO - 
2026-08-22 03:49:11 - INFO -       safe (0)     0.8101    0.8649    0.8366        74
2026-08-22 03:49:11 - INFO - vulnerable (1)     0.8630    0.8077    0.8344        78
2026-08-22 03:49:11 - INFO - 
2026-08-22 03:49:11 - INFO -       accuracy                         0.8355       152
2026-08-22 03:49:11 - INFO -      macro avg     0.8366    0.8363    0.8355       152
2026-08-22 03:49:11 - INFO -   weighted avg     0.8373    0.8355    0.8355       152
2026-08-22 03:49:11 - INFO - Confusion matrix - [[tn=64, fp=10], [fn=15, tp=63]]
2026-08-22 03:49:11 - INFO - probability_positive min=0.0013 mean=0.4662 std=0.4381 max=0.9982 predicted_0=79 predicted_1=73
2026-08-22 03:49:20 - INFO - Epoch 5/30 | Train loss: 0.195281 | Val loss: 0.463269 | LR: 2.00e-05 | Best epoch: 3 | Patience: 2 | Train: 8.40s | Validation: 0.96s | Epoch: 9.36s | Total: 47.74s
2026-08-22 03:49:20 - INFO - RecAdam target-task weight at epoch end: 0.993940
2026-08-22 03:49:20 - INFO - [Classification Report - split=train epoch=5 - threshold=0.50]
2026-08-22 03:49:20 - INFO -                 precision    recall  f1-score   support
2026-08-22 03:49:20 - INFO - 
2026-08-22 03:49:20 - INFO -       safe (0)     0.9118    0.9234    0.9175       235
2026-08-22 03:49:20 - INFO - vulnerable (1)     0.9174    0.9050    0.9112       221
2026-08-22 03:49:20 - INFO - 
2026-08-22 03:49:20 - INFO -       accuracy                         0.9145       456
2026-08-22 03:49:20 - INFO -      macro avg     0.9146    0.9142    0.9144       456
2026-08-22 03:49:20 - INFO -   weighted avg     0.9145    0.9145    0.9145       456
2026-08-22 03:49:20 - INFO - Confusion matrix - [[tn=217, fp=18], [fn=21, tp=200]]
2026-08-22 03:49:20 - INFO - probability_positive min=0.0016 mean=0.4752 std=0.4390 max=0.9985 predicted_0=238 predicted_1=218
2026-08-22 03:49:20 - INFO - [Classification Report - split=validation epoch=5 - threshold=0.50]
2026-08-22 03:49:20 - INFO -                 precision    recall  f1-score   support
2026-08-22 03:49:20 - INFO - 
2026-08-22 03:49:20 - INFO -       safe (0)     0.8267    0.8378    0.8322        74
2026-08-22 03:49:20 - INFO - vulnerable (1)     0.8442    0.8333    0.8387        78
2026-08-22 03:49:20 - INFO - 
2026-08-22 03:49:20 - INFO -       accuracy                         0.8355       152
2026-08-22 03:49:20 - INFO -      macro avg     0.8354    0.8356    0.8355       152
2026-08-22 03:49:20 - INFO -   weighted avg     0.8356    0.8355    0.8355       152
2026-08-22 03:49:20 - INFO - Confusion matrix - [[tn=62, fp=12], [fn=13, tp=65]]
2026-08-22 03:49:20 - INFO - probability_positive min=0.0010 mean=0.4901 std=0.4640 max=0.9990 predicted_0=75 predicted_1=77
2026-08-22 03:49:30 - INFO - Epoch 6/30 | Train loss: 0.165334 | Val loss: 0.619232 | LR: 2.00e-05 | Best epoch: 3 | Patience: 3 | Train: 8.41s | Validation: 0.95s | Epoch: 9.36s | Total: 57.10s
2026-08-22 03:49:30 - INFO - RecAdam target-task weight at epoch end: 0.998572
2026-08-22 03:49:30 - INFO - [Classification Report - split=train epoch=6 - threshold=0.50]
2026-08-22 03:49:30 - INFO -                 precision    recall  f1-score   support
2026-08-22 03:49:30 - INFO - 
2026-08-22 03:49:30 - INFO -       safe (0)     0.9404    0.9404    0.9404       235
2026-08-22 03:49:30 - INFO - vulnerable (1)     0.9367    0.9367    0.9367       221
2026-08-22 03:49:30 - INFO - 
2026-08-22 03:49:30 - INFO -       accuracy                         0.9386       456
2026-08-22 03:49:30 - INFO -      macro avg     0.9385    0.9385    0.9385       456
2026-08-22 03:49:30 - INFO -   weighted avg     0.9386    0.9386    0.9386       456
2026-08-22 03:49:30 - INFO - Confusion matrix - [[tn=221, fp=14], [fn=14, tp=207]]
2026-08-22 03:49:30 - INFO - probability_positive min=0.0008 mean=0.4841 std=0.4675 max=0.9994 predicted_0=235 predicted_1=221
2026-08-22 03:49:30 - INFO - [Classification Report - split=validation epoch=6 - threshold=0.50]
2026-08-22 03:49:30 - INFO -                 precision    recall  f1-score   support
2026-08-22 03:49:30 - INFO - 
2026-08-22 03:49:30 - INFO -       safe (0)     0.8133    0.8243    0.8188        74
2026-08-22 03:49:30 - INFO - vulnerable (1)     0.8312    0.8205    0.8258        78
2026-08-22 03:49:30 - INFO - 
2026-08-22 03:49:30 - INFO -       accuracy                         0.8224       152
2026-08-22 03:49:30 - INFO -      macro avg     0.8223    0.8224    0.8223       152
2026-08-22 03:49:30 - INFO -   weighted avg     0.8225    0.8224    0.8224       152
2026-08-22 03:49:30 - INFO - Confusion matrix - [[tn=61, fp=13], [fn=14, tp=64]]
2026-08-22 03:49:30 - INFO - probability_positive min=0.0006 mean=0.5068 std=0.4769 max=0.9994 predicted_0=75 predicted_1=77
2026-08-22 03:49:39 - INFO - Epoch 7/30 | Train loss: 0.142445 | Val loss: 0.709841 | LR: 2.00e-05 | Best epoch: 7 | Patience: 0 | Train: 8.40s | Validation: 0.96s | Epoch: 9.58s | Total: 66.69s
2026-08-22 03:49:39 - INFO - RecAdam target-task weight at epoch end: 0.999665
2026-08-22 03:49:39 - INFO - [Classification Report - split=train epoch=7 - threshold=0.50]
2026-08-22 03:49:39 - INFO -                 precision    recall  f1-score   support
2026-08-22 03:49:39 - INFO - 
2026-08-22 03:49:39 - INFO -       safe (0)     0.9489    0.9489    0.9489       235
2026-08-22 03:49:39 - INFO - vulnerable (1)     0.9457    0.9457    0.9457       221
2026-08-22 03:49:39 - INFO - 
2026-08-22 03:49:39 - INFO -       accuracy                         0.9474       456
2026-08-22 03:49:39 - INFO -      macro avg     0.9473    0.9473    0.9473       456
2026-08-22 03:49:39 - INFO -   weighted avg     0.9474    0.9474    0.9474       456
2026-08-22 03:49:39 - INFO - Confusion matrix - [[tn=223, fp=12], [fn=12, tp=209]]
2026-08-22 03:49:39 - INFO - probability_positive min=0.0006 mean=0.4882 std=0.4765 max=0.9994 predicted_0=235 predicted_1=221
2026-08-22 03:49:39 - INFO - [Classification Report - split=validation epoch=7 - threshold=0.50]
2026-08-22 03:49:39 - INFO -                 precision    recall  f1-score   support
2026-08-22 03:49:39 - INFO - 
2026-08-22 03:49:39 - INFO -       safe (0)     0.8841    0.8243    0.8531        74
2026-08-22 03:49:39 - INFO - vulnerable (1)     0.8434    0.8974    0.8696        78
2026-08-22 03:49:39 - INFO - 
2026-08-22 03:49:39 - INFO -       accuracy                         0.8618       152
2026-08-22 03:49:39 - INFO -      macro avg     0.8637    0.8609    0.8614       152
2026-08-22 03:49:39 - INFO -   weighted avg     0.8632    0.8618    0.8616       152
2026-08-22 03:49:39 - INFO - Confusion matrix - [[tn=61, fp=13], [fn=8, tp=70]]
2026-08-22 03:49:39 - INFO - probability_positive min=0.0005 mean=0.5399 std=0.4851 max=0.9996 predicted_0=69 predicted_1=83
2026-08-22 03:49:39 - INFO - New best model | Macro-F1: 0.861356 | Epoch: 7
2026-08-22 03:49:49 - INFO - Epoch 8/30 | Train loss: 0.119820 | Val loss: 0.738278 | LR: 2.00e-05 | Best epoch: 7 | Patience: 1 | Train: 8.40s | Validation: 0.95s | Epoch: 9.35s | Total: 76.06s
2026-08-22 03:49:49 - INFO - RecAdam target-task weight at epoch end: 0.999921
2026-08-22 03:49:49 - INFO - [Classification Report - split=train epoch=8 - threshold=0.50]
2026-08-22 03:49:49 - INFO -                 precision    recall  f1-score   support
2026-08-22 03:49:49 - INFO - 
2026-08-22 03:49:49 - INFO -       safe (0)     0.9738    0.9489    0.9612       235
2026-08-22 03:49:49 - INFO - vulnerable (1)     0.9471    0.9729    0.9598       221
2026-08-22 03:49:49 - INFO - 
2026-08-22 03:49:49 - INFO -       accuracy                         0.9605       456
2026-08-22 03:49:49 - INFO -      macro avg     0.9605    0.9609    0.9605       456
2026-08-22 03:49:49 - INFO -   weighted avg     0.9609    0.9605    0.9605       456
2026-08-22 03:49:49 - INFO - Confusion matrix - [[tn=223, fp=12], [fn=6, tp=215]]
2026-08-22 03:49:49 - INFO - probability_positive min=0.0006 mean=0.4960 std=0.4869 max=0.9996 predicted_0=229 predicted_1=227
2026-08-22 03:49:49 - INFO - [Classification Report - split=validation epoch=8 - threshold=0.50]
2026-08-22 03:49:49 - INFO -                 precision    recall  f1-score   support
2026-08-22 03:49:49 - INFO - 
2026-08-22 03:49:49 - INFO -       safe (0)     0.8923    0.7838    0.8345        74
2026-08-22 03:49:49 - INFO - vulnerable (1)     0.8161    0.9103    0.8606        78
2026-08-22 03:49:49 - INFO - 
2026-08-22 03:49:49 - INFO -       accuracy                         0.8487       152
2026-08-22 03:49:49 - INFO -      macro avg     0.8542    0.8470    0.8476       152
2026-08-22 03:49:49 - INFO -   weighted avg     0.8532    0.8487    0.8479       152
2026-08-22 03:49:49 - INFO - Confusion matrix - [[tn=58, fp=16], [fn=7, tp=71]]
2026-08-22 03:49:49 - INFO - probability_positive min=0.0005 mean=0.5631 std=0.4817 max=0.9996 predicted_0=65 predicted_1=87
2026-08-22 03:49:58 - INFO - Epoch 9/30 | Train loss: 0.064016 | Val loss: 0.940011 | LR: 2.00e-05 | Best epoch: 7 | Patience: 2 | Train: 8.40s | Validation: 0.96s | Epoch: 9.36s | Total: 85.42s
2026-08-22 03:49:58 - INFO - RecAdam target-task weight at epoch end: 0.999982
2026-08-22 03:49:58 - INFO - [Classification Report - split=train epoch=9 - threshold=0.50]
2026-08-22 03:49:58 - INFO -                 precision    recall  f1-score   support
2026-08-22 03:49:58 - INFO - 
2026-08-22 03:49:58 - INFO -       safe (0)     0.9662    0.9745    0.9703       235
2026-08-22 03:49:58 - INFO - vulnerable (1)     0.9726    0.9638    0.9682       221
2026-08-22 03:49:58 - INFO - 
2026-08-22 03:49:58 - INFO -       accuracy                         0.9693       456
2026-08-22 03:49:58 - INFO -      macro avg     0.9694    0.9691    0.9693       456
2026-08-22 03:49:58 - INFO -   weighted avg     0.9693    0.9693    0.9693       456
2026-08-22 03:49:58 - INFO - Confusion matrix - [[tn=229, fp=6], [fn=8, tp=213]]
2026-08-22 03:49:58 - INFO - probability_positive min=0.0004 mean=0.4825 std=0.4851 max=0.9995 predicted_0=237 predicted_1=219
2026-08-22 03:49:58 - INFO - [Classification Report - split=validation epoch=9 - threshold=0.50]
2026-08-22 03:49:58 - INFO -                 precision    recall  f1-score   support
2026-08-22 03:49:58 - INFO - 
2026-08-22 03:49:58 - INFO -       safe (0)     0.8939    0.7973    0.8429        74
2026-08-22 03:49:58 - INFO - vulnerable (1)     0.8256    0.9103    0.8659        78
2026-08-22 03:49:58 - INFO - 
2026-08-22 03:49:58 - INFO -       accuracy                         0.8553       152
2026-08-22 03:49:58 - INFO -      macro avg     0.8598    0.8538    0.8544       152
2026-08-22 03:49:58 - INFO -   weighted avg     0.8589    0.8553    0.8547       152
2026-08-22 03:49:58 - INFO - Confusion matrix - [[tn=59, fp=15], [fn=7, tp=71]]
2026-08-22 03:49:58 - INFO - probability_positive min=0.0003 mean=0.5618 std=0.4896 max=0.9997 predicted_0=66 predicted_1=86
2026-08-22 03:50:07 - INFO - Epoch 10/30 | Train loss: 0.092581 | Val loss: 0.892189 | LR: 2.00e-05 | Best epoch: 7 | Patience: 3 | Train: 8.40s | Validation: 0.95s | Epoch: 9.36s | Total: 94.78s
2026-08-22 03:50:07 - INFO - RecAdam target-task weight at epoch end: 0.999996
2026-08-22 03:50:07 - INFO - [Classification Report - split=train epoch=10 - threshold=0.50]
2026-08-22 03:50:07 - INFO -                 precision    recall  f1-score   support
2026-08-22 03:50:07 - INFO - 
2026-08-22 03:50:07 - INFO -       safe (0)     0.9746    0.9787    0.9766       235
2026-08-22 03:50:07 - INFO - vulnerable (1)     0.9773    0.9729    0.9751       221
2026-08-22 03:50:07 - INFO - 
2026-08-22 03:50:07 - INFO -       accuracy                         0.9759       456
2026-08-22 03:50:07 - INFO -      macro avg     0.9759    0.9758    0.9759       456
2026-08-22 03:50:07 - INFO -   weighted avg     0.9759    0.9759    0.9759       456
2026-08-22 03:50:07 - INFO - Confusion matrix - [[tn=230, fp=5], [fn=6, tp=215]]
2026-08-22 03:50:07 - INFO - probability_positive min=0.0003 mean=0.4821 std=0.4907 max=0.9997 predicted_0=236 predicted_1=220
2026-08-22 03:50:07 - INFO - [Classification Report - split=validation epoch=10 - threshold=0.50]
2026-08-22 03:50:07 - INFO -                 precision    recall  f1-score   support
2026-08-22 03:50:07 - INFO - 
2026-08-22 03:50:07 - INFO -       safe (0)     0.7901    0.8649    0.8258        74
2026-08-22 03:50:07 - INFO - vulnerable (1)     0.8592    0.7821    0.8188        78
2026-08-22 03:50:07 - INFO - 
2026-08-22 03:50:07 - INFO -       accuracy                         0.8224       152
2026-08-22 03:50:07 - INFO -      macro avg     0.8246    0.8235    0.8223       152
2026-08-22 03:50:07 - INFO -   weighted avg     0.8255    0.8224    0.8222       152
2026-08-22 03:50:07 - INFO - Confusion matrix - [[tn=64, fp=10], [fn=17, tp=61]]
2026-08-22 03:50:07 - INFO - probability_positive min=0.0003 mean=0.4696 std=0.4852 max=0.9997 predicted_0=81 predicted_1=71
2026-08-22 03:50:17 - INFO - Epoch 11/30 | Train loss: 0.095716 | Val loss: 0.760403 | LR: 2.00e-05 | Best epoch: 7 | Patience: 4 | Train: 8.41s | Validation: 0.96s | Epoch: 9.36s | Total: 104.15s
2026-08-22 03:50:17 - INFO - RecAdam target-task weight at epoch end: 0.999999
2026-08-22 03:50:17 - INFO - [Classification Report - split=train epoch=11 - threshold=0.50]
2026-08-22 03:50:17 - INFO -                 precision    recall  f1-score   support
2026-08-22 03:50:17 - INFO - 
2026-08-22 03:50:17 - INFO -       safe (0)     0.9702    0.9702    0.9702       235
2026-08-22 03:50:17 - INFO - vulnerable (1)     0.9683    0.9683    0.9683       221
2026-08-22 03:50:17 - INFO - 
2026-08-22 03:50:17 - INFO -       accuracy                         0.9693       456
2026-08-22 03:50:17 - INFO -      macro avg     0.9693    0.9693    0.9693       456
2026-08-22 03:50:17 - INFO -   weighted avg     0.9693    0.9693    0.9693       456
2026-08-22 03:50:17 - INFO - Confusion matrix - [[tn=228, fp=7], [fn=7, tp=214]]
2026-08-22 03:50:17 - INFO - probability_positive min=0.0003 mean=0.4894 std=0.4914 max=0.9997 predicted_0=235 predicted_1=221
2026-08-22 03:50:17 - INFO - [Classification Report - split=validation epoch=11 - threshold=0.50]
2026-08-22 03:50:17 - INFO -                 precision    recall  f1-score   support
2026-08-22 03:50:17 - INFO - 
2026-08-22 03:50:17 - INFO -       safe (0)     0.8333    0.8784    0.8553        74
2026-08-22 03:50:17 - INFO - vulnerable (1)     0.8784    0.8333    0.8553        78
2026-08-22 03:50:17 - INFO - 
2026-08-22 03:50:17 - INFO -       accuracy                         0.8553       152
2026-08-22 03:50:17 - INFO -      macro avg     0.8559    0.8559    0.8553       152
2026-08-22 03:50:17 - INFO -   weighted avg     0.8564    0.8553    0.8553       152
2026-08-22 03:50:17 - INFO - Confusion matrix - [[tn=65, fp=9], [fn=13, tp=65]]
2026-08-22 03:50:17 - INFO - probability_positive min=0.0003 mean=0.4985 std=0.4876 max=0.9997 predicted_0=78 predicted_1=74
2026-08-22 03:50:26 - INFO - Epoch 12/30 | Train loss: 0.050568 | Val loss: 0.851150 | LR: 2.00e-05 | Best epoch: 7 | Patience: 5 | Train: 8.40s | Validation: 0.95s | Epoch: 9.36s | Total: 113.52s
2026-08-22 03:50:26 - INFO - RecAdam target-task weight at epoch end: 1.000000
2026-08-22 03:50:26 - INFO - [Classification Report - split=train epoch=12 - threshold=0.50]
2026-08-22 03:50:26 - INFO -                 precision    recall  f1-score   support
2026-08-22 03:50:26 - INFO - 
2026-08-22 03:50:26 - INFO -       safe (0)     0.9829    0.9787    0.9808       235
2026-08-22 03:50:26 - INFO - vulnerable (1)     0.9775    0.9819    0.9797       221
2026-08-22 03:50:26 - INFO - 
2026-08-22 03:50:26 - INFO -       accuracy                         0.9803       456
2026-08-22 03:50:26 - INFO -      macro avg     0.9802    0.9803    0.9802       456
2026-08-22 03:50:26 - INFO -   weighted avg     0.9803    0.9803    0.9803       456
2026-08-22 03:50:26 - INFO - Confusion matrix - [[tn=230, fp=5], [fn=4, tp=217]]
2026-08-22 03:50:26 - INFO - probability_positive min=0.0003 mean=0.4850 std=0.4901 max=0.9997 predicted_0=234 predicted_1=222
2026-08-22 03:50:26 - INFO - [Classification Report - split=validation epoch=12 - threshold=0.50]
2026-08-22 03:50:26 - INFO -                 precision    recall  f1-score   support
2026-08-22 03:50:26 - INFO - 
2026-08-22 03:50:26 - INFO -       safe (0)     0.8312    0.8649    0.8477        74
2026-08-22 03:50:26 - INFO - vulnerable (1)     0.8667    0.8333    0.8497        78
2026-08-22 03:50:26 - INFO - 
2026-08-22 03:50:26 - INFO -       accuracy                         0.8487       152
2026-08-22 03:50:26 - INFO -      macro avg     0.8489    0.8491    0.8487       152
2026-08-22 03:50:26 - INFO -   weighted avg     0.8494    0.8487    0.8487       152
2026-08-22 03:50:26 - INFO - Confusion matrix - [[tn=64, fp=10], [fn=13, tp=65]]
2026-08-22 03:50:26 - INFO - probability_positive min=0.0002 mean=0.5006 std=0.4918 max=0.9998 predicted_0=77 predicted_1=75
2026-08-22 03:50:26 - INFO - Early stopping | Epoch: 12 | Best epoch: 7
2026-08-22 03:50:26 - INFO - Best checkpoint saved | Path: model/fam1_t5p/transfer_none/seed_42/fold1/best.pt | Epoch: 7 | Val macro_f1: 0.861356
2026-08-22 03:50:26 - INFO - Training finished | Elapsed: 113.52s
2026-08-22 03:50:26 - INFO - Run finished | Phase: phase2 | Fold: 1 | Seed: 42 | Elapsed: 116.04s
