2026-08-22 15:38:50 - INFO - Using device: cuda
2026-08-22 15:38:50 - INFO - Run started | Run: nora_codet5 | Method: transfer_latent_bottleneck | Phase: phase2 | Fold: 4 | Seed: 42 | Device: cuda
2026-08-22 15:38:50 - INFO - Loading Python training data: data/sven_python_folds_norm/fold4/train.jsonl
2026-08-22 15:38:50 - INFO - Loading Python validation data: data/sven_python_folds_norm/fold4/val.jsonl
2026-08-22 15:38:50 - INFO - Data split: python_train | Total: 456 | Labels: {0: 225, 1: 231} | CWEs: {'CWE-022': 42, 'CWE-078': 119, 'CWE-079': 53, 'CWE-089': 242} | Languages: {'python': 456} | Invalid CWE: 0
2026-08-22 15:38:50 - INFO - Data split: python_val | Total: 152 | Labels: {0: 72, 1: 80} | CWEs: {'CWE-022': 13, 'CWE-078': 44, 'CWE-079': 16, 'CWE-089': 79} | Languages: {'python': 152} | Invalid CWE: 0
2026-08-22 15:38:51 - INFO - Auxiliary head width taken from checkpoint: 4
2026-08-22 15:38:53 - INFO - Loaded source checkpoint: model/nora_codet5/transfer_latent_bottleneck/seed_42/source/best.pt | Best epoch: 14 | Best Val Macro-F1: 0.635611
2026-08-22 15:38:53 - INFO - Phase 2 optimizer: AdamW (RecAdam anchoring disabled)
2026-08-22 15:38:53 - INFO - Environment: {"components": {"backbone": {"frozen": 0, "total": 109607040, "trainable": 109607040}, "cwe_head": {"frozen": 36, "total": 36, "trainable": 0}, "latent_proj": {"frozen": 6152, "total": 6152, "trainable": 0}, "vul_head": {"frozen": 0, "total": 1538, "trainable": 1538}}, "cuda": "12.8", "fold": 4, "frozen_parameters": 6188, "gpu": "NVIDIA GeForce RTX 5060 Ti", "hyperparameters": {"anneal_fun": "sigmoid", "anneal_k": 0.05, "anneal_t0_ratio": 0.05, "anneal_w": 1.0, "aux_mode": "latent_bottleneck", "batch_size": 16, "checkpoint_path": "model/nora_codet5/transfer_latent_bottleneck/seed_42/fold4/best.pt", "cwe_vocab": "fixed4", "data_path": "data/train_ccpp_filtered.jsonl", "data_root": "data/sven_python_folds_norm", "epochs": 30, "eval_batch_size": 16, "fold": 4, "freeze_backbone_layers": 0, "freeze_prototypes_steps": 0, "lambda_cwe": 0.2, "latent_temperature": 0.1, "learning_rate": 2e-05, "lora_rank": 0, "lp_epochs": 0, "lp_learning_rate": 0.001, "max_eval_samples": null, "max_grad_norm": 1.0, "max_length": 512, "max_train_samples": null, "method_name": "transfer_latent_bottleneck", "min_epochs": 3, "model_name": "Salesforce/codet5-base", "num_cwes": 4, "num_latent": 8, "num_workers": 0, "output_dir": "results/nora_codet5/transfer_latent_bottleneck", "patience": 5, "phase": "phase2", "phase2_optimizer": "adamw", "pooling": "mean", "pretrain_cof": 5000.0, "recadam_anchor": "source", "result_path": "results/nora_codet5/transfer_latent_bottleneck/seed_42/fold4.json", "run_name": "nora_codet5", "sam_rho": 0.0, "seed": 42, "selection_metric": "macro_f1", "source_checkpoint": "model/nora_codet5/transfer_latent_bottleneck/seed_42/source/best.pt", "source_interpolation": 1.0, "strict_determinism": false, "target_lang": "python", "test_path": null, "train_path": null, "truncation_strategy": "head_middle_tail", "val_path": null, "weight_decay": 0.01}, "mode": "phase2_train", "model_name": "Salesforce/codet5-base", "seed": 42, "sklearn": "1.9.0", "torch": "2.11.0+cu128", "trainable_parameters": 109608578, "transformers": "4.57.1"}
2026-08-22 15:38:53 - INFO - Training started | Phase: phase2 | Epochs: 30
2026-08-22 15:38:54 - INFO - RecAdam first-step safety checks passed
2026-08-22 15:39:13 - INFO - Epoch 1/30 | Train loss: 0.720938 | Val loss: 0.680309 | LR: 2.00e-05 | Best epoch: 1 | Patience: 0 | Train: 17.72s | Validation: 1.95s | Epoch: 19.99s | Total: 19.99s
2026-08-22 15:39:13 - INFO - [Classification Report - split=train epoch=1 - threshold=0.50]
2026-08-22 15:39:13 - INFO -                 precision    recall  f1-score   support
2026-08-22 15:39:13 - INFO - 
2026-08-22 15:39:13 - INFO -       safe (0)     0.5102    0.6667    0.5780       225
2026-08-22 15:39:13 - INFO - vulnerable (1)     0.5370    0.3766    0.4427       231
2026-08-22 15:39:13 - INFO - 
2026-08-22 15:39:13 - INFO -       accuracy                         0.5197       456
2026-08-22 15:39:13 - INFO -      macro avg     0.5236    0.5216    0.5104       456
2026-08-22 15:39:13 - INFO -   weighted avg     0.5238    0.5197    0.5095       456
2026-08-22 15:39:13 - INFO - Confusion matrix - [[tn=150, fp=75], [fn=144, tp=87]]
2026-08-22 15:39:13 - INFO - probability_positive min=0.0404 mean=0.4822 std=0.1538 max=0.9276 predicted_0=294 predicted_1=162
2026-08-22 15:39:13 - INFO - [Classification Report - split=validation epoch=1 - threshold=0.50]
2026-08-22 15:39:13 - INFO -                 precision    recall  f1-score   support
2026-08-22 15:39:13 - INFO - 
2026-08-22 15:39:13 - INFO -       safe (0)     0.5254    0.4306    0.4733        72
2026-08-22 15:39:13 - INFO - vulnerable (1)     0.5591    0.6500    0.6012        80
2026-08-22 15:39:13 - INFO - 
2026-08-22 15:39:13 - INFO -       accuracy                         0.5461       152
2026-08-22 15:39:13 - INFO -      macro avg     0.5423    0.5403    0.5372       152
2026-08-22 15:39:13 - INFO -   weighted avg     0.5432    0.5461    0.5406       152
2026-08-22 15:39:13 - INFO - Confusion matrix - [[tn=31, fp=41], [fn=28, tp=52]]
2026-08-22 15:39:13 - INFO - probability_positive min=0.1532 mean=0.5508 std=0.1015 max=0.8419 predicted_0=59 predicted_1=93
2026-08-22 15:39:13 - INFO - New best model | Macro-F1: 0.537219 | Epoch: 1
2026-08-22 15:39:33 - INFO - Epoch 2/30 | Train loss: 0.684848 | Val loss: 0.687149 | LR: 2.00e-05 | Best epoch: 2 | Patience: 0 | Train: 17.19s | Validation: 1.95s | Epoch: 19.76s | Total: 39.76s
2026-08-22 15:39:33 - INFO - [Classification Report - split=train epoch=2 - threshold=0.50]
2026-08-22 15:39:33 - INFO -                 precision    recall  f1-score   support
2026-08-22 15:39:33 - INFO - 
2026-08-22 15:39:33 - INFO -       safe (0)     0.5323    0.4756    0.5023       225
2026-08-22 15:39:33 - INFO - vulnerable (1)     0.5373    0.5931    0.5638       231
2026-08-22 15:39:33 - INFO - 
2026-08-22 15:39:33 - INFO -       accuracy                         0.5351       456
2026-08-22 15:39:33 - INFO -      macro avg     0.5348    0.5343    0.5331       456
2026-08-22 15:39:33 - INFO -   weighted avg     0.5348    0.5351    0.5335       456
2026-08-22 15:39:33 - INFO - Confusion matrix - [[tn=107, fp=118], [fn=94, tp=137]]
2026-08-22 15:39:33 - INFO - probability_positive min=0.0638 mean=0.5240 std=0.1041 max=0.7908 predicted_0=201 predicted_1=255
2026-08-22 15:39:33 - INFO - [Classification Report - split=validation epoch=2 - threshold=0.50]
2026-08-22 15:39:33 - INFO -                 precision    recall  f1-score   support
2026-08-22 15:39:33 - INFO - 
2026-08-22 15:39:33 - INFO -       safe (0)     0.5288    0.7639    0.6250        72
2026-08-22 15:39:33 - INFO - vulnerable (1)     0.6458    0.3875    0.4844        80
2026-08-22 15:39:33 - INFO - 
2026-08-22 15:39:33 - INFO -       accuracy                         0.5658       152
2026-08-22 15:39:33 - INFO -      macro avg     0.5873    0.5757    0.5547       152
2026-08-22 15:39:33 - INFO -   weighted avg     0.5904    0.5658    0.5510       152
2026-08-22 15:39:33 - INFO - Confusion matrix - [[tn=55, fp=17], [fn=49, tp=31]]
2026-08-22 15:39:33 - INFO - probability_positive min=0.0350 mean=0.4691 std=0.0811 max=0.6849 predicted_0=104 predicted_1=48
2026-08-22 15:39:33 - INFO - New best model | Macro-F1: 0.554688 | Epoch: 2
2026-08-22 15:39:53 - INFO - Epoch 3/30 | Train loss: 0.657229 | Val loss: 0.688320 | LR: 2.00e-05 | Best epoch: 3 | Patience: 0 | Train: 17.23s | Validation: 1.95s | Epoch: 19.82s | Total: 59.61s
2026-08-22 15:39:53 - INFO - [Classification Report - split=train epoch=3 - threshold=0.50]
2026-08-22 15:39:53 - INFO -                 precision    recall  f1-score   support
2026-08-22 15:39:53 - INFO - 
2026-08-22 15:39:53 - INFO -       safe (0)     0.5837    0.6356    0.6085       225
2026-08-22 15:39:53 - INFO - vulnerable (1)     0.6114    0.5584    0.5837       231
2026-08-22 15:39:53 - INFO - 
2026-08-22 15:39:53 - INFO -       accuracy                         0.5965       456
2026-08-22 15:39:53 - INFO -      macro avg     0.5975    0.5970    0.5961       456
2026-08-22 15:39:53 - INFO -   weighted avg     0.5977    0.5965    0.5959       456
2026-08-22 15:39:53 - INFO - Confusion matrix - [[tn=143, fp=82], [fn=102, tp=129]]
2026-08-22 15:39:53 - INFO - probability_positive min=0.0245 mean=0.4886 std=0.1016 max=0.7998 predicted_0=245 predicted_1=211
2026-08-22 15:39:53 - INFO - [Classification Report - split=validation epoch=3 - threshold=0.50]
2026-08-22 15:39:53 - INFO -                 precision    recall  f1-score   support
2026-08-22 15:39:53 - INFO - 
2026-08-22 15:39:53 - INFO -       safe (0)     0.5408    0.7361    0.6235        72
2026-08-22 15:39:53 - INFO - vulnerable (1)     0.6481    0.4375    0.5224        80
2026-08-22 15:39:53 - INFO - 
2026-08-22 15:39:53 - INFO -       accuracy                         0.5789       152
2026-08-22 15:39:53 - INFO -      macro avg     0.5945    0.5868    0.5730       152
2026-08-22 15:39:53 - INFO -   weighted avg     0.5973    0.5789    0.5703       152
2026-08-22 15:39:53 - INFO - Confusion matrix - [[tn=53, fp=19], [fn=45, tp=35]]
2026-08-22 15:39:53 - INFO - probability_positive min=0.0153 mean=0.4861 std=0.1256 max=0.7905 predicted_0=98 predicted_1=54
2026-08-22 15:39:53 - INFO - New best model | Macro-F1: 0.572959 | Epoch: 3
2026-08-22 15:40:13 - INFO - Epoch 4/30 | Train loss: 0.602390 | Val loss: 0.679958 | LR: 2.00e-05 | Best epoch: 4 | Patience: 0 | Train: 17.23s | Validation: 1.95s | Epoch: 19.82s | Total: 79.46s
2026-08-22 15:40:13 - INFO - [Classification Report - split=train epoch=4 - threshold=0.50]
2026-08-22 15:40:13 - INFO -                 precision    recall  f1-score   support
2026-08-22 15:40:13 - INFO - 
2026-08-22 15:40:13 - INFO -       safe (0)     0.6263    0.7822    0.6957       225
2026-08-22 15:40:13 - INFO - vulnerable (1)     0.7200    0.5455    0.6207       231
2026-08-22 15:40:13 - INFO - 
2026-08-22 15:40:13 - INFO -       accuracy                         0.6623       456
2026-08-22 15:40:13 - INFO -      macro avg     0.6732    0.6638    0.6582       456
2026-08-22 15:40:13 - INFO -   weighted avg     0.6738    0.6623    0.6577       456
2026-08-22 15:40:13 - INFO - Confusion matrix - [[tn=176, fp=49], [fn=105, tp=126]]
2026-08-22 15:40:13 - INFO - probability_positive min=0.0120 mean=0.4852 std=0.1602 max=0.9002 predicted_0=281 predicted_1=175
2026-08-22 15:40:13 - INFO - [Classification Report - split=validation epoch=4 - threshold=0.50]
2026-08-22 15:40:13 - INFO -                 precision    recall  f1-score   support
2026-08-22 15:40:13 - INFO - 
2026-08-22 15:40:13 - INFO -       safe (0)     0.6207    0.5000    0.5538        72
2026-08-22 15:40:13 - INFO - vulnerable (1)     0.6170    0.7250    0.6667        80
2026-08-22 15:40:13 - INFO - 
2026-08-22 15:40:13 - INFO -       accuracy                         0.6184       152
2026-08-22 15:40:13 - INFO -      macro avg     0.6189    0.6125    0.6103       152
2026-08-22 15:40:13 - INFO -   weighted avg     0.6188    0.6184    0.6132       152
2026-08-22 15:40:13 - INFO - Confusion matrix - [[tn=36, fp=36], [fn=22, tp=58]]
2026-08-22 15:40:13 - INFO - probability_positive min=0.0111 mean=0.5464 std=0.2037 max=0.9511 predicted_0=58 predicted_1=94
2026-08-22 15:40:13 - INFO - New best model | Macro-F1: 0.610256 | Epoch: 4
2026-08-22 15:40:32 - INFO - Epoch 5/30 | Train loss: 0.540357 | Val loss: 0.730508 | LR: 2.00e-05 | Best epoch: 4 | Patience: 1 | Train: 17.24s | Validation: 1.96s | Epoch: 19.20s | Total: 98.69s
2026-08-22 15:40:32 - INFO - [Classification Report - split=train epoch=5 - threshold=0.50]
2026-08-22 15:40:32 - INFO -                 precision    recall  f1-score   support
2026-08-22 15:40:32 - INFO - 
2026-08-22 15:40:32 - INFO -       safe (0)     0.7277    0.6533    0.6885       225
2026-08-22 15:40:32 - INFO - vulnerable (1)     0.6929    0.7619    0.7258       231
2026-08-22 15:40:32 - INFO - 
2026-08-22 15:40:32 - INFO -       accuracy                         0.7083       456
2026-08-22 15:40:32 - INFO -      macro avg     0.7103    0.7076    0.7071       456
2026-08-22 15:40:32 - INFO -   weighted avg     0.7101    0.7083    0.7074       456
2026-08-22 15:40:32 - INFO - Confusion matrix - [[tn=147, fp=78], [fn=55, tp=176]]
2026-08-22 15:40:32 - INFO - probability_positive min=0.0079 mean=0.5258 std=0.2462 max=0.9705 predicted_0=202 predicted_1=254
2026-08-22 15:40:32 - INFO - [Classification Report - split=validation epoch=5 - threshold=0.50]
2026-08-22 15:40:32 - INFO -                 precision    recall  f1-score   support
2026-08-22 15:40:32 - INFO - 
2026-08-22 15:40:32 - INFO -       safe (0)     0.5818    0.4444    0.5039        72
2026-08-22 15:40:32 - INFO - vulnerable (1)     0.5876    0.7125    0.6441        80
2026-08-22 15:40:32 - INFO - 
2026-08-22 15:40:32 - INFO -       accuracy                         0.5855       152
2026-08-22 15:40:32 - INFO -      macro avg     0.5847    0.5785    0.5740       152
2026-08-22 15:40:32 - INFO -   weighted avg     0.5849    0.5855    0.5777       152
2026-08-22 15:40:32 - INFO - Confusion matrix - [[tn=32, fp=40], [fn=23, tp=57]]
2026-08-22 15:40:32 - INFO - probability_positive min=0.0081 mean=0.5448 std=0.2698 max=0.9793 predicted_0=55 predicted_1=97
2026-08-22 15:40:52 - INFO - Epoch 6/30 | Train loss: 0.428821 | Val loss: 0.832496 | LR: 2.00e-05 | Best epoch: 6 | Patience: 0 | Train: 17.25s | Validation: 1.96s | Epoch: 19.84s | Total: 118.55s
2026-08-22 15:40:52 - INFO - [Classification Report - split=train epoch=6 - threshold=0.50]
2026-08-22 15:40:52 - INFO -                 precision    recall  f1-score   support
2026-08-22 15:40:52 - INFO - 
2026-08-22 15:40:52 - INFO -       safe (0)     0.8080    0.8044    0.8062       225
2026-08-22 15:40:52 - INFO - vulnerable (1)     0.8103    0.8139    0.8121       231
2026-08-22 15:40:52 - INFO - 
2026-08-22 15:40:52 - INFO -       accuracy                         0.8092       456
2026-08-22 15:40:52 - INFO -      macro avg     0.8092    0.8091    0.8092       456
2026-08-22 15:40:52 - INFO -   weighted avg     0.8092    0.8092    0.8092       456
2026-08-22 15:40:52 - INFO - Confusion matrix - [[tn=181, fp=44], [fn=43, tp=188]]
2026-08-22 15:40:52 - INFO - probability_positive min=0.0074 mean=0.5013 std=0.3003 max=0.9792 predicted_0=224 predicted_1=232
2026-08-22 15:40:52 - INFO - [Classification Report - split=validation epoch=6 - threshold=0.50]
2026-08-22 15:40:52 - INFO -                 precision    recall  f1-score   support
2026-08-22 15:40:52 - INFO - 
2026-08-22 15:40:52 - INFO -       safe (0)     0.5714    0.8333    0.6780        72
2026-08-22 15:40:52 - INFO - vulnerable (1)     0.7447    0.4375    0.5512        80
2026-08-22 15:40:52 - INFO - 
2026-08-22 15:40:52 - INFO -       accuracy                         0.6250       152
2026-08-22 15:40:52 - INFO -      macro avg     0.6581    0.6354    0.6146       152
2026-08-22 15:40:52 - INFO -   weighted avg     0.6626    0.6250    0.6112       152
2026-08-22 15:40:52 - INFO - Confusion matrix - [[tn=60, fp=12], [fn=45, tp=35]]
2026-08-22 15:40:52 - INFO - probability_positive min=0.0058 mean=0.3423 std=0.3399 max=0.9845 predicted_0=105 predicted_1=47
2026-08-22 15:40:52 - INFO - New best model | Macro-F1: 0.614574 | Epoch: 6
2026-08-22 15:41:12 - INFO - Epoch 7/30 | Train loss: 0.290199 | Val loss: 0.942364 | LR: 2.00e-05 | Best epoch: 7 | Patience: 0 | Train: 17.25s | Validation: 1.95s | Epoch: 19.83s | Total: 138.40s
2026-08-22 15:41:12 - INFO - [Classification Report - split=train epoch=7 - threshold=0.50]
2026-08-22 15:41:12 - INFO -                 precision    recall  f1-score   support
2026-08-22 15:41:12 - INFO - 
2026-08-22 15:41:12 - INFO -       safe (0)     0.8864    0.8667    0.8764       225
2026-08-22 15:41:12 - INFO - vulnerable (1)     0.8729    0.8918    0.8822       231
2026-08-22 15:41:12 - INFO - 
2026-08-22 15:41:12 - INFO -       accuracy                         0.8794       456
2026-08-22 15:41:12 - INFO -      macro avg     0.8796    0.8792    0.8793       456
2026-08-22 15:41:12 - INFO -   weighted avg     0.8795    0.8794    0.8794       456
2026-08-22 15:41:12 - INFO - Confusion matrix - [[tn=195, fp=30], [fn=25, tp=206]]
2026-08-22 15:41:12 - INFO - probability_positive min=0.0060 mean=0.5148 std=0.3959 max=0.9850 predicted_0=220 predicted_1=236
2026-08-22 15:41:12 - INFO - [Classification Report - split=validation epoch=7 - threshold=0.50]
2026-08-22 15:41:12 - INFO -                 precision    recall  f1-score   support
2026-08-22 15:41:12 - INFO - 
2026-08-22 15:41:12 - INFO -       safe (0)     0.5941    0.8333    0.6936        72
2026-08-22 15:41:12 - INFO - vulnerable (1)     0.7647    0.4875    0.5954        80
2026-08-22 15:41:12 - INFO - 
2026-08-22 15:41:12 - INFO -       accuracy                         0.6513       152
2026-08-22 15:41:12 - INFO -      macro avg     0.6794    0.6604    0.6445       152
2026-08-22 15:41:12 - INFO -   weighted avg     0.6839    0.6513    0.6419       152
2026-08-22 15:41:12 - INFO - Confusion matrix - [[tn=60, fp=12], [fn=41, tp=39]]
2026-08-22 15:41:12 - INFO - probability_positive min=0.0045 mean=0.3518 std=0.3865 max=0.9890 predicted_0=101 predicted_1=51
2026-08-22 15:41:12 - INFO - New best model | Macro-F1: 0.644531 | Epoch: 7
2026-08-22 15:41:32 - INFO - Epoch 8/30 | Train loss: 0.202948 | Val loss: 0.811371 | LR: 2.00e-05 | Best epoch: 8 | Patience: 0 | Train: 17.26s | Validation: 1.96s | Epoch: 19.86s | Total: 158.30s
2026-08-22 15:41:32 - INFO - [Classification Report - split=train epoch=8 - threshold=0.50]
2026-08-22 15:41:32 - INFO -                 precision    recall  f1-score   support
2026-08-22 15:41:32 - INFO - 
2026-08-22 15:41:32 - INFO -       safe (0)     0.9067    0.9067    0.9067       225
2026-08-22 15:41:32 - INFO - vulnerable (1)     0.9091    0.9091    0.9091       231
2026-08-22 15:41:32 - INFO - 
2026-08-22 15:41:32 - INFO -       accuracy                         0.9079       456
2026-08-22 15:41:32 - INFO -      macro avg     0.9079    0.9079    0.9079       456
2026-08-22 15:41:32 - INFO -   weighted avg     0.9079    0.9079    0.9079       456
2026-08-22 15:41:32 - INFO - Confusion matrix - [[tn=204, fp=21], [fn=21, tp=210]]
2026-08-22 15:41:32 - INFO - probability_positive min=0.0053 mean=0.4973 std=0.4217 max=0.9885 predicted_0=225 predicted_1=231
2026-08-22 15:41:32 - INFO - [Classification Report - split=validation epoch=8 - threshold=0.50]
2026-08-22 15:41:32 - INFO -                 precision    recall  f1-score   support
2026-08-22 15:41:32 - INFO - 
2026-08-22 15:41:32 - INFO -       safe (0)     0.6905    0.8056    0.7436        72
2026-08-22 15:41:32 - INFO - vulnerable (1)     0.7941    0.6750    0.7297        80
2026-08-22 15:41:32 - INFO - 
2026-08-22 15:41:32 - INFO -       accuracy                         0.7368       152
2026-08-22 15:41:32 - INFO -      macro avg     0.7423    0.7403    0.7367       152
2026-08-22 15:41:32 - INFO -   weighted avg     0.7450    0.7368    0.7363       152
2026-08-22 15:41:32 - INFO - Confusion matrix - [[tn=58, fp=14], [fn=26, tp=54]]
2026-08-22 15:41:32 - INFO - probability_positive min=0.0037 mean=0.4372 std=0.4324 max=0.9925 predicted_0=84 predicted_1=68
2026-08-22 15:41:32 - INFO - New best model | Macro-F1: 0.736660 | Epoch: 8
2026-08-22 15:41:51 - INFO - Epoch 9/30 | Train loss: 0.183570 | Val loss: 1.170433 | LR: 2.00e-05 | Best epoch: 8 | Patience: 1 | Train: 17.25s | Validation: 1.96s | Epoch: 19.20s | Total: 177.53s
2026-08-22 15:41:51 - INFO - [Classification Report - split=train epoch=9 - threshold=0.50]
2026-08-22 15:41:51 - INFO -                 precision    recall  f1-score   support
2026-08-22 15:41:51 - INFO - 
2026-08-22 15:41:51 - INFO -       safe (0)     0.9364    0.9156    0.9258       225
2026-08-22 15:41:51 - INFO - vulnerable (1)     0.9195    0.9394    0.9293       231
2026-08-22 15:41:51 - INFO - 
2026-08-22 15:41:51 - INFO -       accuracy                         0.9276       456
2026-08-22 15:41:51 - INFO -      macro avg     0.9279    0.9275    0.9276       456
2026-08-22 15:41:51 - INFO -   weighted avg     0.9278    0.9276    0.9276       456
2026-08-22 15:41:51 - INFO - Confusion matrix - [[tn=206, fp=19], [fn=14, tp=217]]
2026-08-22 15:41:51 - INFO - probability_positive min=0.0029 mean=0.5055 std=0.4490 max=0.9924 predicted_0=220 predicted_1=236
2026-08-22 15:41:51 - INFO - [Classification Report - split=validation epoch=9 - threshold=0.50]
2026-08-22 15:41:51 - INFO -                 precision    recall  f1-score   support
2026-08-22 15:41:51 - INFO - 
2026-08-22 15:41:51 - INFO -       safe (0)     0.6182    0.9444    0.7473        72
2026-08-22 15:41:51 - INFO - vulnerable (1)     0.9048    0.4750    0.6230        80
2026-08-22 15:41:51 - INFO - 
2026-08-22 15:41:51 - INFO -       accuracy                         0.6974       152
2026-08-22 15:41:51 - INFO -      macro avg     0.7615    0.7097    0.6851       152
2026-08-22 15:41:51 - INFO -   weighted avg     0.7690    0.6974    0.6818       152
2026-08-22 15:41:51 - INFO - Confusion matrix - [[tn=68, fp=4], [fn=42, tp=38]]
2026-08-22 15:41:51 - INFO - probability_positive min=0.0028 mean=0.2862 std=0.4061 max=0.9947 predicted_0=110 predicted_1=42
2026-08-22 15:42:11 - INFO - Epoch 10/30 | Train loss: 0.158945 | Val loss: 0.803004 | LR: 2.00e-05 | Best epoch: 10 | Patience: 0 | Train: 17.25s | Validation: 1.95s | Epoch: 19.83s | Total: 197.37s
2026-08-22 15:42:11 - INFO - [Classification Report - split=train epoch=10 - threshold=0.50]
2026-08-22 15:42:11 - INFO -                 precision    recall  f1-score   support
2026-08-22 15:42:11 - INFO - 
2026-08-22 15:42:11 - INFO -       safe (0)     0.9000    0.9600    0.9290       225
2026-08-22 15:42:11 - INFO - vulnerable (1)     0.9583    0.8961    0.9262       231
2026-08-22 15:42:11 - INFO - 
2026-08-22 15:42:11 - INFO -       accuracy                         0.9276       456
2026-08-22 15:42:11 - INFO -      macro avg     0.9292    0.9281    0.9276       456
2026-08-22 15:42:11 - INFO -   weighted avg     0.9296    0.9276    0.9276       456
2026-08-22 15:42:11 - INFO - Confusion matrix - [[tn=216, fp=9], [fn=24, tp=207]]
2026-08-22 15:42:11 - INFO - probability_positive min=0.0029 mean=0.4731 std=0.4558 max=0.9934 predicted_0=240 predicted_1=216
2026-08-22 15:42:11 - INFO - [Classification Report - split=validation epoch=10 - threshold=0.50]
2026-08-22 15:42:11 - INFO -                 precision    recall  f1-score   support
2026-08-22 15:42:11 - INFO - 
2026-08-22 15:42:11 - INFO -       safe (0)     0.7176    0.8472    0.7771        72
2026-08-22 15:42:11 - INFO - vulnerable (1)     0.8358    0.7000    0.7619        80
2026-08-22 15:42:11 - INFO - 
2026-08-22 15:42:11 - INFO -       accuracy                         0.7697       152
2026-08-22 15:42:11 - INFO -      macro avg     0.7767    0.7736    0.7695       152
2026-08-22 15:42:11 - INFO -   weighted avg     0.7798    0.7697    0.7691       152
2026-08-22 15:42:11 - INFO - Confusion matrix - [[tn=61, fp=11], [fn=24, tp=56]]
2026-08-22 15:42:11 - INFO - probability_positive min=0.0024 mean=0.4533 std=0.4583 max=0.9961 predicted_0=85 predicted_1=67
2026-08-22 15:42:11 - INFO - New best model | Macro-F1: 0.769487 | Epoch: 10
2026-08-22 15:42:31 - INFO - Epoch 11/30 | Train loss: 0.114311 | Val loss: 0.901763 | LR: 2.00e-05 | Best epoch: 11 | Patience: 0 | Train: 17.25s | Validation: 1.96s | Epoch: 19.86s | Total: 217.26s
2026-08-22 15:42:31 - INFO - [Classification Report - split=train epoch=11 - threshold=0.50]
2026-08-22 15:42:31 - INFO -                 precision    recall  f1-score   support
2026-08-22 15:42:31 - INFO - 
2026-08-22 15:42:31 - INFO -       safe (0)     0.9469    0.9511    0.9490       225
2026-08-22 15:42:31 - INFO - vulnerable (1)     0.9522    0.9481    0.9501       231
2026-08-22 15:42:31 - INFO - 
2026-08-22 15:42:31 - INFO -       accuracy                         0.9496       456
2026-08-22 15:42:31 - INFO -      macro avg     0.9495    0.9496    0.9496       456
2026-08-22 15:42:31 - INFO -   weighted avg     0.9496    0.9496    0.9496       456
2026-08-22 15:42:31 - INFO - Confusion matrix - [[tn=214, fp=11], [fn=12, tp=219]]
2026-08-22 15:42:31 - INFO - probability_positive min=0.0028 mean=0.5051 std=0.4710 max=0.9957 predicted_0=226 predicted_1=230
2026-08-22 15:42:31 - INFO - [Classification Report - split=validation epoch=11 - threshold=0.50]
2026-08-22 15:42:31 - INFO -                 precision    recall  f1-score   support
2026-08-22 15:42:31 - INFO - 
2026-08-22 15:42:31 - INFO -       safe (0)     0.7439    0.8472    0.7922        72
2026-08-22 15:42:31 - INFO - vulnerable (1)     0.8429    0.7375    0.7867        80
2026-08-22 15:42:31 - INFO - 
2026-08-22 15:42:31 - INFO -       accuracy                         0.7895       152
2026-08-22 15:42:31 - INFO -      macro avg     0.7934    0.7924    0.7894       152
2026-08-22 15:42:31 - INFO -   weighted avg     0.7960    0.7895    0.7893       152
2026-08-22 15:42:31 - INFO - Confusion matrix - [[tn=61, fp=11], [fn=21, tp=59]]
2026-08-22 15:42:31 - INFO - probability_positive min=0.0018 mean=0.4581 std=0.4726 max=0.9970 predicted_0=82 predicted_1=70
2026-08-22 15:42:31 - INFO - New best model | Macro-F1: 0.789437 | Epoch: 11
2026-08-22 15:42:50 - INFO - Epoch 12/30 | Train loss: 0.105226 | Val loss: 0.811928 | LR: 2.00e-05 | Best epoch: 12 | Patience: 0 | Train: 17.24s | Validation: 1.95s | Epoch: 19.77s | Total: 237.06s
2026-08-22 15:42:50 - INFO - [Classification Report - split=train epoch=12 - threshold=0.50]
2026-08-22 15:42:50 - INFO -                 precision    recall  f1-score   support
2026-08-22 15:42:50 - INFO - 
2026-08-22 15:42:50 - INFO -       safe (0)     0.9686    0.9600    0.9643       225
2026-08-22 15:42:50 - INFO - vulnerable (1)     0.9614    0.9697    0.9655       231
2026-08-22 15:42:50 - INFO - 
2026-08-22 15:42:50 - INFO -       accuracy                         0.9649       456
2026-08-22 15:42:50 - INFO -      macro avg     0.9650    0.9648    0.9649       456
2026-08-22 15:42:50 - INFO -   weighted avg     0.9649    0.9649    0.9649       456
2026-08-22 15:42:50 - INFO - Confusion matrix - [[tn=216, fp=9], [fn=7, tp=224]]
2026-08-22 15:42:50 - INFO - probability_positive min=0.0022 mean=0.5105 std=0.4778 max=0.9970 predicted_0=223 predicted_1=233
2026-08-22 15:42:50 - INFO - [Classification Report - split=validation epoch=12 - threshold=0.50]
2026-08-22 15:42:50 - INFO -                 precision    recall  f1-score   support
2026-08-22 15:42:50 - INFO - 
2026-08-22 15:42:50 - INFO -       safe (0)     0.7821    0.8472    0.8133        72
2026-08-22 15:42:50 - INFO - vulnerable (1)     0.8514    0.7875    0.8182        80
2026-08-22 15:42:50 - INFO - 
2026-08-22 15:42:50 - INFO -       accuracy                         0.8158       152
2026-08-22 15:42:50 - INFO -      macro avg     0.8167    0.8174    0.8158       152
2026-08-22 15:42:50 - INFO -   weighted avg     0.8185    0.8158    0.8159       152
2026-08-22 15:42:50 - INFO - Confusion matrix - [[tn=61, fp=11], [fn=17, tp=63]]
2026-08-22 15:42:50 - INFO - probability_positive min=0.0014 mean=0.4853 std=0.4794 max=0.9976 predicted_0=78 predicted_1=74
2026-08-22 15:42:50 - INFO - New best model | Macro-F1: 0.815758 | Epoch: 12
2026-08-22 15:43:10 - INFO - Epoch 13/30 | Train loss: 0.117355 | Val loss: 0.960737 | LR: 2.00e-05 | Best epoch: 12 | Patience: 1 | Train: 17.24s | Validation: 1.96s | Epoch: 19.19s | Total: 256.28s
2026-08-22 15:43:10 - INFO - [Classification Report - split=train epoch=13 - threshold=0.50]
2026-08-22 15:43:10 - INFO -                 precision    recall  f1-score   support
2026-08-22 15:43:10 - INFO - 
2026-08-22 15:43:10 - INFO -       safe (0)     0.9600    0.9600    0.9600       225
2026-08-22 15:43:10 - INFO - vulnerable (1)     0.9610    0.9610    0.9610       231
2026-08-22 15:43:10 - INFO - 
2026-08-22 15:43:10 - INFO -       accuracy                         0.9605       456
2026-08-22 15:43:10 - INFO -      macro avg     0.9605    0.9605    0.9605       456
2026-08-22 15:43:10 - INFO -   weighted avg     0.9605    0.9605    0.9605       456
2026-08-22 15:43:10 - INFO - Confusion matrix - [[tn=216, fp=9], [fn=9, tp=222]]
2026-08-22 15:43:10 - INFO - probability_positive min=0.0019 mean=0.5055 std=0.4782 max=0.9974 predicted_0=225 predicted_1=231
2026-08-22 15:43:10 - INFO - [Classification Report - split=validation epoch=13 - threshold=0.50]
2026-08-22 15:43:10 - INFO -                 precision    recall  f1-score   support
2026-08-22 15:43:10 - INFO - 
2026-08-22 15:43:10 - INFO -       safe (0)     0.7303    0.9028    0.8075        72
2026-08-22 15:43:10 - INFO - vulnerable (1)     0.8889    0.7000    0.7832        80
2026-08-22 15:43:10 - INFO - 
2026-08-22 15:43:10 - INFO -       accuracy                         0.7961       152
2026-08-22 15:43:10 - INFO -      macro avg     0.8096    0.8014    0.7953       152
2026-08-22 15:43:10 - INFO -   weighted avg     0.8138    0.7961    0.7947       152
2026-08-22 15:43:10 - INFO - Confusion matrix - [[tn=65, fp=7], [fn=24, tp=56]]
2026-08-22 15:43:10 - INFO - probability_positive min=0.0013 mean=0.4234 std=0.4757 max=0.9983 predicted_0=89 predicted_1=63
2026-08-22 15:43:29 - INFO - Epoch 14/30 | Train loss: 0.093482 | Val loss: 0.950934 | LR: 2.00e-05 | Best epoch: 12 | Patience: 2 | Train: 17.23s | Validation: 1.96s | Epoch: 19.19s | Total: 275.48s
2026-08-22 15:43:29 - INFO - [Classification Report - split=train epoch=14 - threshold=0.50]
2026-08-22 15:43:29 - INFO -                 precision    recall  f1-score   support
2026-08-22 15:43:29 - INFO - 
2026-08-22 15:43:29 - INFO -       safe (0)     0.9775    0.9644    0.9709       225
2026-08-22 15:43:29 - INFO - vulnerable (1)     0.9658    0.9784    0.9720       231
2026-08-22 15:43:29 - INFO - 
2026-08-22 15:43:29 - INFO -       accuracy                         0.9715       456
2026-08-22 15:43:29 - INFO -      macro avg     0.9716    0.9714    0.9715       456
2026-08-22 15:43:29 - INFO -   weighted avg     0.9716    0.9715    0.9715       456
2026-08-22 15:43:29 - INFO - Confusion matrix - [[tn=217, fp=8], [fn=5, tp=226]]
2026-08-22 15:43:29 - INFO - probability_positive min=0.0014 mean=0.5078 std=0.4870 max=0.9978 predicted_0=222 predicted_1=234
2026-08-22 15:43:29 - INFO - [Classification Report - split=validation epoch=14 - threshold=0.50]
2026-08-22 15:43:29 - INFO -                 precision    recall  f1-score   support
2026-08-22 15:43:29 - INFO - 
2026-08-22 15:43:29 - INFO -       safe (0)     0.7867    0.8194    0.8027        72
2026-08-22 15:43:29 - INFO - vulnerable (1)     0.8312    0.8000    0.8153        80
2026-08-22 15:43:29 - INFO - 
2026-08-22 15:43:29 - INFO -       accuracy                         0.8092       152
2026-08-22 15:43:29 - INFO -      macro avg     0.8089    0.8097    0.8090       152
2026-08-22 15:43:29 - INFO -   weighted avg     0.8101    0.8092    0.8093       152
2026-08-22 15:43:29 - INFO - Confusion matrix - [[tn=59, fp=13], [fn=16, tp=64]]
2026-08-22 15:43:29 - INFO - probability_positive min=0.0012 mean=0.5127 std=0.4874 max=0.9985 predicted_0=75 predicted_1=77
2026-08-22 15:43:48 - INFO - Epoch 15/30 | Train loss: 0.051054 | Val loss: 1.080600 | LR: 2.00e-05 | Best epoch: 12 | Patience: 3 | Train: 17.23s | Validation: 1.95s | Epoch: 19.18s | Total: 294.68s
2026-08-22 15:43:48 - INFO - [Classification Report - split=train epoch=15 - threshold=0.50]
2026-08-22 15:43:48 - INFO -                 precision    recall  f1-score   support
2026-08-22 15:43:48 - INFO - 
2026-08-22 15:43:48 - INFO -       safe (0)     0.9865    0.9778    0.9821       225
2026-08-22 15:43:48 - INFO - vulnerable (1)     0.9785    0.9870    0.9828       231
2026-08-22 15:43:48 - INFO - 
2026-08-22 15:43:48 - INFO -       accuracy                         0.9825       456
2026-08-22 15:43:48 - INFO -      macro avg     0.9825    0.9824    0.9825       456
2026-08-22 15:43:48 - INFO -   weighted avg     0.9825    0.9825    0.9825       456
2026-08-22 15:43:48 - INFO - Confusion matrix - [[tn=220, fp=5], [fn=3, tp=228]]
2026-08-22 15:43:48 - INFO - probability_positive min=0.0016 mean=0.5126 std=0.4879 max=0.9981 predicted_0=223 predicted_1=233
2026-08-22 15:43:48 - INFO - [Classification Report - split=validation epoch=15 - threshold=0.50]
2026-08-22 15:43:48 - INFO -                 precision    recall  f1-score   support
2026-08-22 15:43:48 - INFO - 
2026-08-22 15:43:48 - INFO -       safe (0)     0.7662    0.8194    0.7919        72
2026-08-22 15:43:48 - INFO - vulnerable (1)     0.8267    0.7750    0.8000        80
2026-08-22 15:43:48 - INFO - 
2026-08-22 15:43:48 - INFO -       accuracy                         0.7961       152
2026-08-22 15:43:48 - INFO -      macro avg     0.7965    0.7972    0.7960       152
2026-08-22 15:43:48 - INFO -   weighted avg     0.7980    0.7961    0.7962       152
2026-08-22 15:43:48 - INFO - Confusion matrix - [[tn=59, fp=13], [fn=18, tp=62]]
2026-08-22 15:43:48 - INFO - probability_positive min=0.0012 mean=0.4905 std=0.4907 max=0.9987 predicted_0=77 predicted_1=75
2026-08-22 15:44:07 - INFO - Epoch 16/30 | Train loss: 0.064269 | Val loss: 1.171321 | LR: 2.00e-05 | Best epoch: 12 | Patience: 4 | Train: 17.23s | Validation: 1.95s | Epoch: 19.18s | Total: 313.87s
2026-08-22 15:44:07 - INFO - [Classification Report - split=train epoch=16 - threshold=0.50]
2026-08-22 15:44:07 - INFO -                 precision    recall  f1-score   support
2026-08-22 15:44:07 - INFO - 
2026-08-22 15:44:07 - INFO -       safe (0)     0.9731    0.9644    0.9688       225
2026-08-22 15:44:07 - INFO - vulnerable (1)     0.9657    0.9740    0.9698       231
2026-08-22 15:44:07 - INFO - 
2026-08-22 15:44:07 - INFO -       accuracy                         0.9693       456
2026-08-22 15:44:07 - INFO -      macro avg     0.9694    0.9692    0.9693       456
2026-08-22 15:44:07 - INFO -   weighted avg     0.9693    0.9693    0.9693       456
2026-08-22 15:44:07 - INFO - Confusion matrix - [[tn=217, fp=8], [fn=6, tp=225]]
2026-08-22 15:44:07 - INFO - probability_positive min=0.0013 mean=0.5114 std=0.4884 max=0.9983 predicted_0=223 predicted_1=233
2026-08-22 15:44:07 - INFO - [Classification Report - split=validation epoch=16 - threshold=0.50]
2026-08-22 15:44:07 - INFO -                 precision    recall  f1-score   support
2026-08-22 15:44:07 - INFO - 
2026-08-22 15:44:07 - INFO -       safe (0)     0.7176    0.8472    0.7771        72
2026-08-22 15:44:07 - INFO - vulnerable (1)     0.8358    0.7000    0.7619        80
2026-08-22 15:44:07 - INFO - 
2026-08-22 15:44:07 - INFO -       accuracy                         0.7697       152
2026-08-22 15:44:07 - INFO -      macro avg     0.7767    0.7736    0.7695       152
2026-08-22 15:44:07 - INFO -   weighted avg     0.7798    0.7697    0.7691       152
2026-08-22 15:44:07 - INFO - Confusion matrix - [[tn=61, fp=11], [fn=24, tp=56]]
2026-08-22 15:44:07 - INFO - probability_positive min=0.0009 mean=0.4429 std=0.4821 max=0.9988 predicted_0=85 predicted_1=67
2026-08-22 15:44:26 - INFO - Epoch 17/30 | Train loss: 0.086132 | Val loss: 1.022631 | LR: 2.00e-05 | Best epoch: 12 | Patience: 5 | Train: 17.23s | Validation: 1.95s | Epoch: 19.18s | Total: 333.07s
2026-08-22 15:44:26 - INFO - [Classification Report - split=train epoch=17 - threshold=0.50]
2026-08-22 15:44:26 - INFO -                 precision    recall  f1-score   support
2026-08-22 15:44:26 - INFO - 
2026-08-22 15:44:26 - INFO -       safe (0)     0.9530    0.9911    0.9717       225
2026-08-22 15:44:26 - INFO - vulnerable (1)     0.9910    0.9524    0.9713       231
2026-08-22 15:44:26 - INFO - 
2026-08-22 15:44:26 - INFO -       accuracy                         0.9715       456
2026-08-22 15:44:26 - INFO -      macro avg     0.9720    0.9717    0.9715       456
2026-08-22 15:44:26 - INFO -   weighted avg     0.9722    0.9715    0.9715       456
2026-08-22 15:44:26 - INFO - Confusion matrix - [[tn=223, fp=2], [fn=11, tp=220]]
2026-08-22 15:44:26 - INFO - probability_positive min=0.0011 mean=0.4896 std=0.4871 max=0.9984 predicted_0=234 predicted_1=222
2026-08-22 15:44:26 - INFO - [Classification Report - split=validation epoch=17 - threshold=0.50]
2026-08-22 15:44:26 - INFO -                 precision    recall  f1-score   support
2026-08-22 15:44:26 - INFO - 
2026-08-22 15:44:26 - INFO -       safe (0)     0.7632    0.8056    0.7838        72
2026-08-22 15:44:26 - INFO - vulnerable (1)     0.8158    0.7750    0.7949        80
2026-08-22 15:44:26 - INFO - 
2026-08-22 15:44:26 - INFO -       accuracy                         0.7895       152
2026-08-22 15:44:26 - INFO -      macro avg     0.7895    0.7903    0.7893       152
2026-08-22 15:44:26 - INFO -   weighted avg     0.7909    0.7895    0.7896       152
2026-08-22 15:44:26 - INFO - Confusion matrix - [[tn=58, fp=14], [fn=18, tp=62]]
2026-08-22 15:44:26 - INFO - probability_positive min=0.0008 mean=0.5024 std=0.4851 max=0.9989 predicted_0=76 predicted_1=76
2026-08-22 15:44:26 - INFO - Early stopping | Epoch: 17 | Best epoch: 12
2026-08-22 15:44:26 - INFO - Best checkpoint saved | Path: model/nora_codet5/transfer_latent_bottleneck/seed_42/fold4/best.pt | Epoch: 12 | Val macro_f1: 0.815758
2026-08-22 15:44:26 - INFO - Training finished | Elapsed: 333.09s
2026-08-22 15:44:26 - INFO - Run finished | Phase: phase2 | Fold: 4 | Seed: 42 | Elapsed: 336.45s
