2026-08-21 15:40:54 - INFO - Using device: cuda
2026-08-21 15:40:54 - INFO - Run started | Run: t5base_s7_codet5m | Method: baseline | Phase: baseline_train | Fold: 4 | Seed: 7 | Device: cuda
2026-08-21 15:40:55 - INFO - Loading Python validation data: data/sven_python_folds_norm/fold4/val.jsonl
2026-08-21 15:40:55 - INFO - Loading Python training data: data/sven_python_folds_norm/fold4/train.jsonl
2026-08-21 15:40:55 - INFO - Data split: python_train | Total: 456 | Labels: {0: 225, 1: 231} | CWEs: {'CWE-022': 42, 'CWE-078': 119, 'CWE-079': 53, 'CWE-089': 242} | Languages: {'python': 456} | Invalid CWE: 0
2026-08-21 15:40:55 - INFO - Data split: python_val | Total: 152 | Labels: {0: 72, 1: 80} | CWEs: {'CWE-022': 13, 'CWE-078': 44, 'CWE-079': 16, 'CWE-089': 79} | Languages: {'python': 152} | Invalid CWE: 0
2026-08-21 15:40:57 - INFO - Environment: {"components": {"backbone": {"frozen": 0, "total": 109607040, "trainable": 109607040}, "vul_head": {"frozen": 0, "total": 1538, "trainable": 1538}}, "cuda": "12.8", "fold": 4, "frozen_parameters": 0, "gpu": "NVIDIA GeForce RTX 5060 Ti", "hyperparameters": {"batch_size": 16, "checkpoint_path": "model/t5base_s7_codet5m/baseline/seed_7/fold4/best.pt", "data_root": "data/sven_python_folds_norm", "epochs": 30, "eval_batch_size": 16, "fold": 4, "learning_rate": 2e-05, "max_eval_samples": null, "max_grad_norm": 1.0, "max_length": 512, "max_train_samples": null, "method_name": "baseline", "min_epochs": 3, "model_name": "Salesforce/codet5-base", "num_workers": 0, "patience": 5, "phase": "train", "pooling": "mean", "result_path": "results/t5base_s7_codet5m/baseline/seed_7/fold4.json", "run_name": "t5base_s7_codet5m", "seed": 7, "target_lang": "python", "test_path": null, "train_path": null, "truncation_strategy": "head_middle_tail", "val_path": null, "weight_decay": 0.01}, "mode": "baseline_train", "model_name": "Salesforce/codet5-base", "seed": 7, "sklearn": "1.7.2", "torch": "2.11.0+cu128", "trainable_parameters": 109608578, "transformers": "4.57.1"}
2026-08-21 15:40:57 - INFO - Training started | Phase: baseline | Epochs: 30
2026-08-21 15:41:17 - INFO - Epoch 1/30 | Train loss: 0.696806 | Val loss: 0.697376 | LR: 2.00e-05 | Best epoch: 1 | Patience: 0 | Train: 17.88s | Validation: 1.96s | Epoch: 20.12s | Total: 20.12s
2026-08-21 15:41:17 - INFO - [Classification Report - split=train epoch=1 - threshold=0.50]
2026-08-21 15:41:17 - INFO -                 precision    recall  f1-score   support
2026-08-21 15:41:17 - INFO - 
2026-08-21 15:41:17 - INFO -       safe (0)     0.5026    0.4356    0.4667       225
2026-08-21 15:41:17 - INFO - vulnerable (1)     0.5134    0.5801    0.5447       231
2026-08-21 15:41:17 - INFO - 
2026-08-21 15:41:17 - INFO -       accuracy                         0.5088       456
2026-08-21 15:41:17 - INFO -      macro avg     0.5080    0.5078    0.5057       456
2026-08-21 15:41:17 - INFO -   weighted avg     0.5081    0.5088    0.5062       456
2026-08-21 15:41:17 - INFO - Confusion matrix - [[tn=98, fp=127], [fn=97, tp=134]]
2026-08-21 15:41:17 - INFO - probability_positive min=0.4322 mean=0.5123 std=0.0422 max=0.6022 predicted_0=195 predicted_1=261
2026-08-21 15:41:17 - INFO - [Classification Report - split=validation epoch=1 - threshold=0.50]
2026-08-21 15:41:17 - INFO -                 precision    recall  f1-score   support
2026-08-21 15:41:17 - INFO - 
2026-08-21 15:41:17 - INFO -       safe (0)     0.4710    0.9028    0.6190        72
2026-08-21 15:41:17 - INFO - vulnerable (1)     0.5000    0.0875    0.1489        80
2026-08-21 15:41:17 - INFO - 
2026-08-21 15:41:17 - INFO -       accuracy                         0.4737       152
2026-08-21 15:41:17 - INFO -      macro avg     0.4855    0.4951    0.3840       152
2026-08-21 15:41:17 - INFO -   weighted avg     0.4863    0.4737    0.3716       152
2026-08-21 15:41:17 - INFO - Confusion matrix - [[tn=65, fp=7], [fn=73, tp=7]]
2026-08-21 15:41:17 - INFO - probability_positive min=0.4484 mean=0.4789 std=0.0149 max=0.5229 predicted_0=138 predicted_1=14
2026-08-21 15:41:17 - INFO - New best model | Macro-F1: 0.383992 | Epoch: 1
2026-08-21 15:41:36 - INFO - Epoch 2/30 | Train loss: 0.692764 | Val loss: 0.693553 | LR: 2.00e-05 | Best epoch: 1 | Patience: 0 | Train: 17.60s | Validation: 1.96s | Epoch: 19.56s | Total: 39.69s
2026-08-21 15:41:36 - INFO - [Classification Report - split=train epoch=2 - threshold=0.50]
2026-08-21 15:41:36 - INFO -                 precision    recall  f1-score   support
2026-08-21 15:41:36 - INFO - 
2026-08-21 15:41:36 - INFO -       safe (0)     0.5177    0.5200    0.5188       225
2026-08-21 15:41:36 - INFO - vulnerable (1)     0.5304    0.5281    0.5293       231
2026-08-21 15:41:36 - INFO - 
2026-08-21 15:41:36 - INFO -       accuracy                         0.5241       456
2026-08-21 15:41:36 - INFO -      macro avg     0.5241    0.5241    0.5241       456
2026-08-21 15:41:36 - INFO -   weighted avg     0.5242    0.5241    0.5241       456
2026-08-21 15:41:36 - INFO - Confusion matrix - [[tn=117, fp=108], [fn=109, tp=122]]
2026-08-21 15:41:36 - INFO - probability_positive min=0.4293 mean=0.5051 std=0.0335 max=0.5789 predicted_0=226 predicted_1=230
2026-08-21 15:41:36 - INFO - [Classification Report - split=validation epoch=2 - threshold=0.50]
2026-08-21 15:41:36 - INFO -                 precision    recall  f1-score   support
2026-08-21 15:41:36 - INFO - 
2026-08-21 15:41:36 - INFO -       safe (0)     0.3333    0.0139    0.0267        72
2026-08-21 15:41:36 - INFO - vulnerable (1)     0.5235    0.9750    0.6812        80
2026-08-21 15:41:36 - INFO - 
2026-08-21 15:41:36 - INFO -       accuracy                         0.5197       152
2026-08-21 15:41:36 - INFO -      macro avg     0.4284    0.4944    0.3539       152
2026-08-21 15:41:36 - INFO -   weighted avg     0.4334    0.5197    0.3712       152
2026-08-21 15:41:36 - INFO - Confusion matrix - [[tn=1, fp=71], [fn=2, tp=78]]
2026-08-21 15:41:36 - INFO - probability_positive min=0.4935 mean=0.5364 std=0.0210 max=0.5860 predicted_0=3 predicted_1=149
2026-08-21 15:41:56 - INFO - Epoch 3/30 | Train loss: 0.682075 | Val loss: 0.693961 | LR: 2.00e-05 | Best epoch: 3 | Patience: 0 | Train: 17.61s | Validation: 1.96s | Epoch: 19.99s | Total: 59.69s
2026-08-21 15:41:56 - INFO - [Classification Report - split=train epoch=3 - threshold=0.50]
2026-08-21 15:41:56 - INFO -                 precision    recall  f1-score   support
2026-08-21 15:41:56 - INFO - 
2026-08-21 15:41:56 - INFO -       safe (0)     0.6667    0.4000    0.5000       225
2026-08-21 15:41:56 - INFO - vulnerable (1)     0.5794    0.8052    0.6739       231
2026-08-21 15:41:56 - INFO - 
2026-08-21 15:41:56 - INFO -       accuracy                         0.6053       456
2026-08-21 15:41:56 - INFO -      macro avg     0.6231    0.6026    0.5870       456
2026-08-21 15:41:56 - INFO -   weighted avg     0.6225    0.6053    0.5881       456
2026-08-21 15:41:56 - INFO - Confusion matrix - [[tn=90, fp=135], [fn=45, tp=186]]
2026-08-21 15:41:56 - INFO - probability_positive min=0.4434 mean=0.5159 std=0.0269 max=0.5992 predicted_0=135 predicted_1=321
2026-08-21 15:41:56 - INFO - [Classification Report - split=validation epoch=3 - threshold=0.50]
2026-08-21 15:41:56 - INFO -                 precision    recall  f1-score   support
2026-08-21 15:41:56 - INFO - 
2026-08-21 15:41:56 - INFO -       safe (0)     0.4578    0.5278    0.4903        72
2026-08-21 15:41:56 - INFO - vulnerable (1)     0.5072    0.4375    0.4698        80
2026-08-21 15:41:56 - INFO - 
2026-08-21 15:41:56 - INFO -       accuracy                         0.4803       152
2026-08-21 15:41:56 - INFO -      macro avg     0.4825    0.4826    0.4801       152
2026-08-21 15:41:56 - INFO -   weighted avg     0.4838    0.4803    0.4795       152
2026-08-21 15:41:56 - INFO - Confusion matrix - [[tn=38, fp=34], [fn=45, tp=35]]
2026-08-21 15:41:56 - INFO - probability_positive min=0.4425 mean=0.4995 std=0.0268 max=0.5644 predicted_0=83 predicted_1=69
2026-08-21 15:41:56 - INFO - New best model | Macro-F1: 0.480061 | Epoch: 3
2026-08-21 15:42:16 - INFO - Epoch 4/30 | Train loss: 0.684758 | Val loss: 0.691471 | LR: 2.00e-05 | Best epoch: 3 | Patience: 1 | Train: 17.60s | Validation: 1.96s | Epoch: 19.56s | Total: 79.27s
2026-08-21 15:42:16 - INFO - [Classification Report - split=train epoch=4 - threshold=0.50]
2026-08-21 15:42:16 - INFO -                 precision    recall  f1-score   support
2026-08-21 15:42:16 - INFO - 
2026-08-21 15:42:16 - INFO -       safe (0)     0.5400    0.7200    0.6171       225
2026-08-21 15:42:16 - INFO - vulnerable (1)     0.5962    0.4026    0.4806       231
2026-08-21 15:42:16 - INFO - 
2026-08-21 15:42:16 - INFO -       accuracy                         0.5592       456
2026-08-21 15:42:16 - INFO -      macro avg     0.5681    0.5613    0.5489       456
2026-08-21 15:42:16 - INFO -   weighted avg     0.5684    0.5592    0.5480       456
2026-08-21 15:42:16 - INFO - Confusion matrix - [[tn=162, fp=63], [fn=138, tp=93]]
2026-08-21 15:42:16 - INFO - probability_positive min=0.3839 mean=0.4859 std=0.0429 max=0.6121 predicted_0=300 predicted_1=156
2026-08-21 15:42:16 - INFO - [Classification Report - split=validation epoch=4 - threshold=0.50]
2026-08-21 15:42:16 - INFO -                 precision    recall  f1-score   support
2026-08-21 15:42:16 - INFO - 
2026-08-21 15:42:16 - INFO -       safe (0)     0.6923    0.1250    0.2118        72
2026-08-21 15:42:16 - INFO - vulnerable (1)     0.5468    0.9500    0.6941        80
2026-08-21 15:42:16 - INFO - 
2026-08-21 15:42:16 - INFO -       accuracy                         0.5592       152
2026-08-21 15:42:16 - INFO -      macro avg     0.6195    0.5375    0.4529       152
2026-08-21 15:42:16 - INFO -   weighted avg     0.6157    0.5592    0.4656       152
2026-08-21 15:42:16 - INFO - Confusion matrix - [[tn=9, fp=63], [fn=4, tp=76]]
2026-08-21 15:42:16 - INFO - probability_positive min=0.4739 mean=0.5434 std=0.0305 max=0.6129 predicted_0=13 predicted_1=139
2026-08-21 15:42:36 - INFO - Epoch 5/30 | Train loss: 0.667479 | Val loss: 0.685758 | LR: 2.00e-05 | Best epoch: 5 | Patience: 0 | Train: 17.60s | Validation: 1.96s | Epoch: 19.98s | Total: 99.26s
2026-08-21 15:42:36 - INFO - [Classification Report - split=train epoch=5 - threshold=0.50]
2026-08-21 15:42:36 - INFO -                 precision    recall  f1-score   support
2026-08-21 15:42:36 - INFO - 
2026-08-21 15:42:36 - INFO -       safe (0)     0.6892    0.4533    0.5469       225
2026-08-21 15:42:36 - INFO - vulnerable (1)     0.6006    0.8009    0.6865       231
2026-08-21 15:42:36 - INFO - 
2026-08-21 15:42:36 - INFO -       accuracy                         0.6294       456
2026-08-21 15:42:36 - INFO -      macro avg     0.6449    0.6271    0.6167       456
2026-08-21 15:42:36 - INFO -   weighted avg     0.6443    0.6294    0.6176       456
2026-08-21 15:42:36 - INFO - Confusion matrix - [[tn=102, fp=123], [fn=46, tp=185]]
2026-08-21 15:42:36 - INFO - probability_positive min=0.3496 mean=0.5153 std=0.0419 max=0.6059 predicted_0=148 predicted_1=308
2026-08-21 15:42:36 - INFO - [Classification Report - split=validation epoch=5 - threshold=0.50]
2026-08-21 15:42:36 - INFO -                 precision    recall  f1-score   support
2026-08-21 15:42:36 - INFO - 
2026-08-21 15:42:36 - INFO -       safe (0)     0.4891    0.6250    0.5488        72
2026-08-21 15:42:36 - INFO - vulnerable (1)     0.5500    0.4125    0.4714        80
2026-08-21 15:42:36 - INFO - 
2026-08-21 15:42:36 - INFO -       accuracy                         0.5132       152
2026-08-21 15:42:36 - INFO -      macro avg     0.5196    0.5188    0.5101       152
2026-08-21 15:42:36 - INFO -   weighted avg     0.5212    0.5132    0.5081       152
2026-08-21 15:42:36 - INFO - Confusion matrix - [[tn=45, fp=27], [fn=47, tp=33]]
2026-08-21 15:42:36 - INFO - probability_positive min=0.3763 mean=0.4874 std=0.0489 max=0.6136 predicted_0=92 predicted_1=60
2026-08-21 15:42:36 - INFO - New best model | Macro-F1: 0.510105 | Epoch: 5
2026-08-21 15:42:56 - INFO - Epoch 6/30 | Train loss: 0.648259 | Val loss: 0.651782 | LR: 2.00e-05 | Best epoch: 6 | Patience: 0 | Train: 17.60s | Validation: 1.96s | Epoch: 19.97s | Total: 119.24s
2026-08-21 15:42:56 - INFO - [Classification Report - split=train epoch=6 - threshold=0.50]
2026-08-21 15:42:56 - INFO -                 precision    recall  f1-score   support
2026-08-21 15:42:56 - INFO - 
2026-08-21 15:42:56 - INFO -       safe (0)     0.6834    0.6044    0.6415       225
2026-08-21 15:42:56 - INFO - vulnerable (1)     0.6537    0.7273    0.6885       231
2026-08-21 15:42:56 - INFO - 
2026-08-21 15:42:56 - INFO -       accuracy                         0.6667       456
2026-08-21 15:42:56 - INFO -      macro avg     0.6686    0.6659    0.6650       456
2026-08-21 15:42:56 - INFO -   weighted avg     0.6684    0.6667    0.6653       456
2026-08-21 15:42:56 - INFO - Confusion matrix - [[tn=136, fp=89], [fn=63, tp=168]]
2026-08-21 15:42:56 - INFO - probability_positive min=0.2779 mean=0.5033 std=0.0694 max=0.6450 predicted_0=199 predicted_1=257
2026-08-21 15:42:56 - INFO - [Classification Report - split=validation epoch=6 - threshold=0.50]
2026-08-21 15:42:56 - INFO -                 precision    recall  f1-score   support
2026-08-21 15:42:56 - INFO - 
2026-08-21 15:42:56 - INFO -       safe (0)     0.5521    0.7361    0.6310        72
2026-08-21 15:42:56 - INFO - vulnerable (1)     0.6607    0.4625    0.5441        80
2026-08-21 15:42:56 - INFO - 
2026-08-21 15:42:56 - INFO -       accuracy                         0.5921       152
2026-08-21 15:42:56 - INFO -      macro avg     0.6064    0.5993    0.5875       152
2026-08-21 15:42:56 - INFO -   weighted avg     0.6093    0.5921    0.5852       152
2026-08-21 15:42:56 - INFO - Confusion matrix - [[tn=53, fp=19], [fn=43, tp=37]]
2026-08-21 15:42:56 - INFO - probability_positive min=0.2411 mean=0.4619 std=0.0932 max=0.6825 predicted_0=96 predicted_1=56
2026-08-21 15:42:56 - INFO - New best model | Macro-F1: 0.587535 | Epoch: 6
2026-08-21 15:43:16 - INFO - Epoch 7/30 | Train loss: 0.544357 | Val loss: 0.449045 | LR: 2.00e-05 | Best epoch: 7 | Patience: 0 | Train: 17.61s | Validation: 1.96s | Epoch: 19.97s | Total: 139.22s
2026-08-21 15:43:16 - INFO - [Classification Report - split=train epoch=7 - threshold=0.50]
2026-08-21 15:43:16 - INFO -                 precision    recall  f1-score   support
2026-08-21 15:43:16 - INFO - 
2026-08-21 15:43:16 - INFO -       safe (0)     0.7638    0.6756    0.7170       225
2026-08-21 15:43:16 - INFO - vulnerable (1)     0.7160    0.7965    0.7541       231
2026-08-21 15:43:16 - INFO - 
2026-08-21 15:43:16 - INFO -       accuracy                         0.7368       456
2026-08-21 15:43:16 - INFO -      macro avg     0.7399    0.7360    0.7355       456
2026-08-21 15:43:16 - INFO -   weighted avg     0.7396    0.7368    0.7358       456
2026-08-21 15:43:16 - INFO - Confusion matrix - [[tn=152, fp=73], [fn=47, tp=184]]
2026-08-21 15:43:16 - INFO - probability_positive min=0.0342 mean=0.4816 std=0.1907 max=0.8280 predicted_0=199 predicted_1=257
2026-08-21 15:43:16 - INFO - [Classification Report - split=validation epoch=7 - threshold=0.50]
2026-08-21 15:43:16 - INFO -                 precision    recall  f1-score   support
2026-08-21 15:43:16 - INFO - 
2026-08-21 15:43:16 - INFO -       safe (0)     0.8947    0.7083    0.7907        72
2026-08-21 15:43:16 - INFO - vulnerable (1)     0.7789    0.9250    0.8457        80
2026-08-21 15:43:16 - INFO - 
2026-08-21 15:43:16 - INFO -       accuracy                         0.8224       152
2026-08-21 15:43:16 - INFO -      macro avg     0.8368    0.8167    0.8182       152
2026-08-21 15:43:16 - INFO -   weighted avg     0.8338    0.8224    0.8197       152
2026-08-21 15:43:16 - INFO - Confusion matrix - [[tn=51, fp=21], [fn=6, tp=74]]
2026-08-21 15:43:16 - INFO - probability_positive min=0.0263 mean=0.5197 std=0.2857 max=0.8790 predicted_0=57 predicted_1=95
2026-08-21 15:43:16 - INFO - New best model | Macro-F1: 0.818206 | Epoch: 7
2026-08-21 15:43:36 - INFO - Epoch 8/30 | Train loss: 0.377178 | Val loss: 0.411608 | LR: 2.00e-05 | Best epoch: 8 | Patience: 0 | Train: 17.61s | Validation: 1.96s | Epoch: 19.96s | Total: 159.20s
2026-08-21 15:43:36 - INFO - [Classification Report - split=train epoch=8 - threshold=0.50]
2026-08-21 15:43:36 - INFO -                 precision    recall  f1-score   support
2026-08-21 15:43:36 - INFO - 
2026-08-21 15:43:36 - INFO -       safe (0)     0.8634    0.7867    0.8233       225
2026-08-21 15:43:36 - INFO - vulnerable (1)     0.8088    0.8788    0.8423       231
2026-08-21 15:43:36 - INFO - 
2026-08-21 15:43:36 - INFO -       accuracy                         0.8333       456
2026-08-21 15:43:36 - INFO -      macro avg     0.8361    0.8327    0.8328       456
2026-08-21 15:43:36 - INFO -   weighted avg     0.8357    0.8333    0.8329       456
2026-08-21 15:43:36 - INFO - Confusion matrix - [[tn=177, fp=48], [fn=28, tp=203]]
2026-08-21 15:43:36 - INFO - probability_positive min=0.0115 mean=0.4831 std=0.3451 max=0.9347 predicted_0=205 predicted_1=251
2026-08-21 15:43:36 - INFO - [Classification Report - split=validation epoch=8 - threshold=0.50]
2026-08-21 15:43:36 - INFO -                 precision    recall  f1-score   support
2026-08-21 15:43:36 - INFO - 
2026-08-21 15:43:36 - INFO -       safe (0)     0.8382    0.7917    0.8143        72
2026-08-21 15:43:36 - INFO - vulnerable (1)     0.8214    0.8625    0.8415        80
2026-08-21 15:43:36 - INFO - 
2026-08-21 15:43:36 - INFO -       accuracy                         0.8289       152
2026-08-21 15:43:36 - INFO -      macro avg     0.8298    0.8271    0.8279       152
2026-08-21 15:43:36 - INFO -   weighted avg     0.8294    0.8289    0.8286       152
2026-08-21 15:43:36 - INFO - Confusion matrix - [[tn=57, fp=15], [fn=11, tp=69]]
2026-08-21 15:43:36 - INFO - probability_positive min=0.0083 mean=0.4826 std=0.3694 max=0.9507 predicted_0=68 predicted_1=84
2026-08-21 15:43:36 - INFO - New best model | Macro-F1: 0.827875 | Epoch: 8
2026-08-21 15:43:56 - INFO - Epoch 9/30 | Train loss: 0.291737 | Val loss: 0.415657 | LR: 2.00e-05 | Best epoch: 9 | Patience: 0 | Train: 17.60s | Validation: 1.96s | Epoch: 19.95s | Total: 179.16s
2026-08-21 15:43:56 - INFO - [Classification Report - split=train epoch=9 - threshold=0.50]
2026-08-21 15:43:56 - INFO -                 precision    recall  f1-score   support
2026-08-21 15:43:56 - INFO - 
2026-08-21 15:43:56 - INFO -       safe (0)     0.9200    0.8178    0.8659       225
2026-08-21 15:43:56 - INFO - vulnerable (1)     0.8398    0.9307    0.8830       231
2026-08-21 15:43:56 - INFO - 
2026-08-21 15:43:56 - INFO -       accuracy                         0.8750       456
2026-08-21 15:43:56 - INFO -      macro avg     0.8799    0.8743    0.8744       456
2026-08-21 15:43:56 - INFO -   weighted avg     0.8794    0.8750    0.8745       456
2026-08-21 15:43:56 - INFO - Confusion matrix - [[tn=184, fp=41], [fn=16, tp=215]]
2026-08-21 15:43:56 - INFO - probability_positive min=0.0074 mean=0.5005 std=0.3884 max=0.9669 predicted_0=200 predicted_1=256
2026-08-21 15:43:56 - INFO - [Classification Report - split=validation epoch=9 - threshold=0.50]
2026-08-21 15:43:56 - INFO -                 precision    recall  f1-score   support
2026-08-21 15:43:56 - INFO - 
2026-08-21 15:43:56 - INFO -       safe (0)     0.8615    0.7778    0.8175        72
2026-08-21 15:43:56 - INFO - vulnerable (1)     0.8161    0.8875    0.8503        80
2026-08-21 15:43:56 - INFO - 
2026-08-21 15:43:56 - INFO -       accuracy                         0.8355       152
2026-08-21 15:43:56 - INFO -      macro avg     0.8388    0.8326    0.8339       152
2026-08-21 15:43:56 - INFO -   weighted avg     0.8376    0.8355    0.8348       152
2026-08-21 15:43:56 - INFO - Confusion matrix - [[tn=56, fp=16], [fn=9, tp=71]]
2026-08-21 15:43:56 - INFO - probability_positive min=0.0056 mean=0.5205 std=0.4170 max=0.9834 predicted_0=65 predicted_1=87
2026-08-21 15:43:56 - INFO - New best model | Macro-F1: 0.833909 | Epoch: 9
2026-08-21 15:44:16 - INFO - Epoch 10/30 | Train loss: 0.245781 | Val loss: 0.464836 | LR: 2.00e-05 | Best epoch: 10 | Patience: 0 | Train: 17.61s | Validation: 1.96s | Epoch: 19.95s | Total: 199.13s
2026-08-21 15:44:16 - INFO - [Classification Report - split=train epoch=10 - threshold=0.50]
2026-08-21 15:44:16 - INFO -                 precision    recall  f1-score   support
2026-08-21 15:44:16 - INFO - 
2026-08-21 15:44:16 - INFO -       safe (0)     0.9031    0.9111    0.9071       225
2026-08-21 15:44:16 - INFO - vulnerable (1)     0.9127    0.9048    0.9087       231
2026-08-21 15:44:16 - INFO - 
2026-08-21 15:44:16 - INFO -       accuracy                         0.9079       456
2026-08-21 15:44:16 - INFO -      macro avg     0.9079    0.9079    0.9079       456
2026-08-21 15:44:16 - INFO -   weighted avg     0.9079    0.9079    0.9079       456
2026-08-21 15:44:16 - INFO - Confusion matrix - [[tn=205, fp=20], [fn=22, tp=209]]
2026-08-21 15:44:16 - INFO - probability_positive min=0.0052 mean=0.4819 std=0.4358 max=0.9895 predicted_0=227 predicted_1=229
2026-08-21 15:44:16 - INFO - [Classification Report - split=validation epoch=10 - threshold=0.50]
2026-08-21 15:44:16 - INFO -                 precision    recall  f1-score   support
2026-08-21 15:44:16 - INFO - 
2026-08-21 15:44:16 - INFO -       safe (0)     0.8133    0.8472    0.8299        72
2026-08-21 15:44:16 - INFO - vulnerable (1)     0.8571    0.8250    0.8408        80
2026-08-21 15:44:16 - INFO - 
2026-08-21 15:44:16 - INFO -       accuracy                         0.8355       152
2026-08-21 15:44:16 - INFO -      macro avg     0.8352    0.8361    0.8353       152
2026-08-21 15:44:16 - INFO -   weighted avg     0.8364    0.8355    0.8356       152
2026-08-21 15:44:16 - INFO - Confusion matrix - [[tn=61, fp=11], [fn=14, tp=66]]
2026-08-21 15:44:16 - INFO - probability_positive min=0.0041 mean=0.4853 std=0.4432 max=0.9922 predicted_0=75 predicted_1=77
2026-08-21 15:44:16 - INFO - New best model | Macro-F1: 0.835348 | Epoch: 10
2026-08-21 15:44:36 - INFO - Epoch 11/30 | Train loss: 0.167741 | Val loss: 0.527764 | LR: 2.00e-05 | Best epoch: 11 | Patience: 1 | Train: 17.61s | Validation: 1.96s | Epoch: 19.96s | Total: 219.10s
2026-08-21 15:44:36 - INFO - [Classification Report - split=train epoch=11 - threshold=0.50]
2026-08-21 15:44:36 - INFO -                 precision    recall  f1-score   support
2026-08-21 15:44:36 - INFO - 
2026-08-21 15:44:36 - INFO -       safe (0)     0.9248    0.9289    0.9268       225
2026-08-21 15:44:36 - INFO - vulnerable (1)     0.9304    0.9264    0.9284       231
2026-08-21 15:44:36 - INFO - 
2026-08-21 15:44:36 - INFO -       accuracy                         0.9276       456
2026-08-21 15:44:36 - INFO -      macro avg     0.9276    0.9276    0.9276       456
2026-08-21 15:44:36 - INFO -   weighted avg     0.9276    0.9276    0.9276       456
2026-08-21 15:44:36 - INFO - Confusion matrix - [[tn=209, fp=16], [fn=17, tp=214]]
2026-08-21 15:44:36 - INFO - probability_positive min=0.0047 mean=0.5000 std=0.4484 max=0.9928 predicted_0=226 predicted_1=230
2026-08-21 15:44:36 - INFO - [Classification Report - split=validation epoch=11 - threshold=0.50]
2026-08-21 15:44:36 - INFO -                 precision    recall  f1-score   support
2026-08-21 15:44:36 - INFO - 
2026-08-21 15:44:36 - INFO -       safe (0)     0.8133    0.8472    0.8299        72
2026-08-21 15:44:36 - INFO - vulnerable (1)     0.8571    0.8250    0.8408        80
2026-08-21 15:44:36 - INFO - 
2026-08-21 15:44:36 - INFO -       accuracy                         0.8355       152
2026-08-21 15:44:36 - INFO -      macro avg     0.8352    0.8361    0.8353       152
2026-08-21 15:44:36 - INFO -   weighted avg     0.8364    0.8355    0.8356       152
2026-08-21 15:44:36 - INFO - Confusion matrix - [[tn=61, fp=11], [fn=14, tp=66]]
2026-08-21 15:44:36 - INFO - probability_positive min=0.0036 mean=0.4847 std=0.4597 max=0.9950 predicted_0=75 predicted_1=77
2026-08-21 15:44:36 - INFO - Latest tied-best checkpoint saved | Macro-F1: 0.835348 | Epoch: 11
2026-08-21 15:44:56 - INFO - Epoch 12/30 | Train loss: 0.140365 | Val loss: 0.571486 | LR: 2.00e-05 | Best epoch: 12 | Patience: 0 | Train: 17.61s | Validation: 1.96s | Epoch: 19.95s | Total: 239.06s
2026-08-21 15:44:56 - INFO - [Classification Report - split=train epoch=12 - threshold=0.50]
2026-08-21 15:44:56 - INFO -                 precision    recall  f1-score   support
2026-08-21 15:44:56 - INFO - 
2026-08-21 15:44:56 - INFO -       safe (0)     0.9577    0.9067    0.9315       225
2026-08-21 15:44:56 - INFO - vulnerable (1)     0.9136    0.9610    0.9367       231
2026-08-21 15:44:56 - INFO - 
2026-08-21 15:44:56 - INFO -       accuracy                         0.9342       456
2026-08-21 15:44:56 - INFO -      macro avg     0.9357    0.9339    0.9341       456
2026-08-21 15:44:56 - INFO -   weighted avg     0.9354    0.9342    0.9341       456
2026-08-21 15:44:56 - INFO - Confusion matrix - [[tn=204, fp=21], [fn=9, tp=222]]
2026-08-21 15:44:56 - INFO - probability_positive min=0.0041 mean=0.5181 std=0.4597 max=0.9949 predicted_0=213 predicted_1=243
2026-08-21 15:44:56 - INFO - [Classification Report - split=validation epoch=12 - threshold=0.50]
2026-08-21 15:44:56 - INFO -                 precision    recall  f1-score   support
2026-08-21 15:44:56 - INFO - 
2026-08-21 15:44:56 - INFO -       safe (0)     0.9206    0.8056    0.8593        72
2026-08-21 15:44:56 - INFO - vulnerable (1)     0.8427    0.9375    0.8876        80
2026-08-21 15:44:56 - INFO - 
2026-08-21 15:44:56 - INFO -       accuracy                         0.8750       152
2026-08-21 15:44:56 - INFO -      macro avg     0.8817    0.8715    0.8734       152
2026-08-21 15:44:56 - INFO -   weighted avg     0.8796    0.8750    0.8742       152
2026-08-21 15:44:56 - INFO - Confusion matrix - [[tn=58, fp=14], [fn=5, tp=75]]
2026-08-21 15:44:56 - INFO - probability_positive min=0.0031 mean=0.5731 std=0.4689 max=0.9967 predicted_0=63 predicted_1=89
2026-08-21 15:44:56 - INFO - New best model | Macro-F1: 0.873417 | Epoch: 12
2026-08-21 15:45:15 - INFO - Epoch 13/30 | Train loss: 0.138867 | Val loss: 0.576194 | LR: 2.00e-05 | Best epoch: 12 | Patience: 1 | Train: 17.61s | Validation: 1.96s | Epoch: 19.57s | Total: 258.65s
2026-08-21 15:45:15 - INFO - [Classification Report - split=train epoch=13 - threshold=0.50]
2026-08-21 15:45:15 - INFO -                 precision    recall  f1-score   support
2026-08-21 15:45:15 - INFO - 
2026-08-21 15:45:15 - INFO -       safe (0)     0.9718    0.9200    0.9452       225
2026-08-21 15:45:15 - INFO - vulnerable (1)     0.9259    0.9740    0.9494       231
2026-08-21 15:45:15 - INFO - 
2026-08-21 15:45:15 - INFO -       accuracy                         0.9474       456
2026-08-21 15:45:15 - INFO -      macro avg     0.9489    0.9470    0.9473       456
2026-08-21 15:45:15 - INFO -   weighted avg     0.9486    0.9474    0.9473       456
2026-08-21 15:45:15 - INFO - Confusion matrix - [[tn=207, fp=18], [fn=6, tp=225]]
2026-08-21 15:45:15 - INFO - probability_positive min=0.0031 mean=0.5185 std=0.4664 max=0.9949 predicted_0=213 predicted_1=243
2026-08-21 15:45:15 - INFO - [Classification Report - split=validation epoch=13 - threshold=0.50]
2026-08-21 15:45:15 - INFO -                 precision    recall  f1-score   support
2026-08-21 15:45:15 - INFO - 
2026-08-21 15:45:15 - INFO -       safe (0)     0.8219    0.8333    0.8276        72
2026-08-21 15:45:15 - INFO - vulnerable (1)     0.8481    0.8375    0.8428        80
2026-08-21 15:45:15 - INFO - 
2026-08-21 15:45:15 - INFO -       accuracy                         0.8355       152
2026-08-21 15:45:15 - INFO -      macro avg     0.8350    0.8354    0.8352       152
2026-08-21 15:45:15 - INFO -   weighted avg     0.8357    0.8355    0.8356       152
2026-08-21 15:45:15 - INFO - Confusion matrix - [[tn=60, fp=12], [fn=13, tp=67]]
2026-08-21 15:45:15 - INFO - probability_positive min=0.0023 mean=0.5130 std=0.4700 max=0.9965 predicted_0=73 predicted_1=79
2026-08-21 15:45:35 - INFO - Epoch 14/30 | Train loss: 0.078175 | Val loss: 0.693258 | LR: 2.00e-05 | Best epoch: 12 | Patience: 2 | Train: 17.60s | Validation: 1.96s | Epoch: 19.56s | Total: 278.22s
2026-08-21 15:45:35 - INFO - [Classification Report - split=train epoch=14 - threshold=0.50]
2026-08-21 15:45:35 - INFO -                 precision    recall  f1-score   support
2026-08-21 15:45:35 - INFO - 
2026-08-21 15:45:35 - INFO -       safe (0)     0.9688    0.9644    0.9666       225
2026-08-21 15:45:35 - INFO - vulnerable (1)     0.9655    0.9697    0.9676       231
2026-08-21 15:45:35 - INFO - 
2026-08-21 15:45:35 - INFO -       accuracy                         0.9671       456
2026-08-21 15:45:35 - INFO -      macro avg     0.9671    0.9671    0.9671       456
2026-08-21 15:45:35 - INFO -   weighted avg     0.9671    0.9671    0.9671       456
2026-08-21 15:45:35 - INFO - Confusion matrix - [[tn=217, fp=8], [fn=7, tp=224]]
2026-08-21 15:45:35 - INFO - probability_positive min=0.0023 mean=0.5011 std=0.4725 max=0.9962 predicted_0=224 predicted_1=232
2026-08-21 15:45:35 - INFO - [Classification Report - split=validation epoch=14 - threshold=0.50]
2026-08-21 15:45:35 - INFO -                 precision    recall  f1-score   support
2026-08-21 15:45:35 - INFO - 
2026-08-21 15:45:35 - INFO -       safe (0)     0.8243    0.8472    0.8356        72
2026-08-21 15:45:35 - INFO - vulnerable (1)     0.8590    0.8375    0.8481        80
2026-08-21 15:45:35 - INFO - 
2026-08-21 15:45:35 - INFO -       accuracy                         0.8421       152
2026-08-21 15:45:35 - INFO -      macro avg     0.8416    0.8424    0.8419       152
2026-08-21 15:45:35 - INFO -   weighted avg     0.8426    0.8421    0.8422       152
2026-08-21 15:45:35 - INFO - Confusion matrix - [[tn=61, fp=11], [fn=13, tp=67]]
2026-08-21 15:45:35 - INFO - probability_positive min=0.0017 mean=0.5037 std=0.4845 max=0.9977 predicted_0=74 predicted_1=78
2026-08-21 15:45:55 - INFO - Epoch 15/30 | Train loss: 0.073044 | Val loss: 0.805499 | LR: 2.00e-05 | Best epoch: 12 | Patience: 3 | Train: 17.61s | Validation: 1.96s | Epoch: 19.57s | Total: 297.80s
2026-08-21 15:45:55 - INFO - [Classification Report - split=train epoch=15 - threshold=0.50]
2026-08-21 15:45:55 - INFO -                 precision    recall  f1-score   support
2026-08-21 15:45:55 - INFO - 
2026-08-21 15:45:55 - INFO -       safe (0)     0.9690    0.9733    0.9712       225
2026-08-21 15:45:55 - INFO - vulnerable (1)     0.9739    0.9697    0.9718       231
2026-08-21 15:45:55 - INFO - 
2026-08-21 15:45:55 - INFO -       accuracy                         0.9715       456
2026-08-21 15:45:55 - INFO -      macro avg     0.9715    0.9715    0.9715       456
2026-08-21 15:45:55 - INFO -   weighted avg     0.9715    0.9715    0.9715       456
2026-08-21 15:45:55 - INFO - Confusion matrix - [[tn=219, fp=6], [fn=7, tp=224]]
2026-08-21 15:45:55 - INFO - probability_positive min=0.0018 mean=0.5068 std=0.4828 max=0.9977 predicted_0=226 predicted_1=230
2026-08-21 15:45:55 - INFO - [Classification Report - split=validation epoch=15 - threshold=0.50]
2026-08-21 15:45:55 - INFO -                 precision    recall  f1-score   support
2026-08-21 15:45:55 - INFO - 
2026-08-21 15:45:55 - INFO -       safe (0)     0.8000    0.8333    0.8163        72
2026-08-21 15:45:55 - INFO - vulnerable (1)     0.8442    0.8125    0.8280        80
2026-08-21 15:45:55 - INFO - 
2026-08-21 15:45:55 - INFO -       accuracy                         0.8224       152
2026-08-21 15:45:55 - INFO -      macro avg     0.8221    0.8229    0.8222       152
2026-08-21 15:45:55 - INFO -   weighted avg     0.8232    0.8224    0.8225       152
2026-08-21 15:45:55 - INFO - Confusion matrix - [[tn=60, fp=12], [fn=15, tp=65]]
2026-08-21 15:45:55 - INFO - probability_positive min=0.0013 mean=0.5057 std=0.4870 max=0.9983 predicted_0=75 predicted_1=77
2026-08-21 15:46:14 - INFO - Epoch 16/30 | Train loss: 0.088767 | Val loss: 0.742285 | LR: 2.00e-05 | Best epoch: 12 | Patience: 4 | Train: 17.61s | Validation: 1.96s | Epoch: 19.56s | Total: 317.36s
2026-08-21 15:46:14 - INFO - [Classification Report - split=train epoch=16 - threshold=0.50]
2026-08-21 15:46:14 - INFO -                 precision    recall  f1-score   support
2026-08-21 15:46:14 - INFO - 
2026-08-21 15:46:14 - INFO -       safe (0)     0.9609    0.9822    0.9714       225
2026-08-21 15:46:14 - INFO - vulnerable (1)     0.9823    0.9610    0.9716       231
2026-08-21 15:46:14 - INFO - 
2026-08-21 15:46:14 - INFO -       accuracy                         0.9715       456
2026-08-21 15:46:14 - INFO -      macro avg     0.9716    0.9716    0.9715       456
2026-08-21 15:46:14 - INFO -   weighted avg     0.9717    0.9715    0.9715       456
2026-08-21 15:46:14 - INFO - Confusion matrix - [[tn=221, fp=4], [fn=9, tp=222]]
2026-08-21 15:46:14 - INFO - probability_positive min=0.0017 mean=0.4957 std=0.4869 max=0.9979 predicted_0=230 predicted_1=226
2026-08-21 15:46:14 - INFO - [Classification Report - split=validation epoch=16 - threshold=0.50]
2026-08-21 15:46:14 - INFO -                 precision    recall  f1-score   support
2026-08-21 15:46:14 - INFO - 
2026-08-21 15:46:14 - INFO -       safe (0)     0.8158    0.8611    0.8378        72
2026-08-21 15:46:14 - INFO - vulnerable (1)     0.8684    0.8250    0.8462        80
2026-08-21 15:46:14 - INFO - 
2026-08-21 15:46:14 - INFO -       accuracy                         0.8421       152
2026-08-21 15:46:14 - INFO -      macro avg     0.8421    0.8431    0.8420       152
2026-08-21 15:46:14 - INFO -   weighted avg     0.8435    0.8421    0.8422       152
2026-08-21 15:46:14 - INFO - Confusion matrix - [[tn=62, fp=10], [fn=14, tp=66]]
2026-08-21 15:46:14 - INFO - probability_positive min=0.0012 mean=0.5081 std=0.4882 max=0.9985 predicted_0=76 predicted_1=76
2026-08-21 15:46:34 - INFO - Epoch 17/30 | Train loss: 0.060683 | Val loss: 0.733250 | LR: 2.00e-05 | Best epoch: 12 | Patience: 5 | Train: 17.61s | Validation: 1.96s | Epoch: 19.57s | Total: 336.94s
2026-08-21 15:46:34 - INFO - [Classification Report - split=train epoch=17 - threshold=0.50]
2026-08-21 15:46:34 - INFO -                 precision    recall  f1-score   support
2026-08-21 15:46:34 - INFO - 
2026-08-21 15:46:34 - INFO -       safe (0)     0.9820    0.9689    0.9754       225
2026-08-21 15:46:34 - INFO - vulnerable (1)     0.9701    0.9827    0.9763       231
2026-08-21 15:46:34 - INFO - 
2026-08-21 15:46:34 - INFO -       accuracy                         0.9759       456
2026-08-21 15:46:34 - INFO -      macro avg     0.9760    0.9758    0.9759       456
2026-08-21 15:46:34 - INFO -   weighted avg     0.9760    0.9759    0.9759       456
2026-08-21 15:46:34 - INFO - Confusion matrix - [[tn=218, fp=7], [fn=4, tp=227]]
2026-08-21 15:46:34 - INFO - probability_positive min=0.0016 mean=0.5070 std=0.4851 max=0.9979 predicted_0=222 predicted_1=234
2026-08-21 15:46:34 - INFO - [Classification Report - split=validation epoch=17 - threshold=0.50]
2026-08-21 15:46:34 - INFO -                 precision    recall  f1-score   support
2026-08-21 15:46:34 - INFO - 
2026-08-21 15:46:34 - INFO -       safe (0)     0.8267    0.8611    0.8435        72
2026-08-21 15:46:34 - INFO - vulnerable (1)     0.8701    0.8375    0.8535        80
2026-08-21 15:46:34 - INFO - 
2026-08-21 15:46:34 - INFO -       accuracy                         0.8487       152
2026-08-21 15:46:34 - INFO -      macro avg     0.8484    0.8493    0.8485       152
2026-08-21 15:46:34 - INFO -   weighted avg     0.8495    0.8487    0.8488       152
2026-08-21 15:46:34 - INFO - Confusion matrix - [[tn=62, fp=10], [fn=13, tp=67]]
2026-08-21 15:46:34 - INFO - probability_positive min=0.0011 mean=0.5004 std=0.4873 max=0.9985 predicted_0=75 predicted_1=77
2026-08-21 15:46:34 - INFO - Early stopping | Epoch: 17 | Best epoch: 12
2026-08-21 15:46:34 - INFO - Best checkpoint saved | Path: model/t5base_s7_codet5m/baseline/seed_7/fold4/best.pt | Epoch: 12 | Val macro_f1: 0.873417
2026-08-21 15:46:34 - INFO - Training finished | Elapsed: 336.94s
2026-08-21 15:46:34 - INFO - Run finished | Phase: baseline_train | Fold: 4 | Seed: 7 | Elapsed: 339.53s
