2026-08-21 12:25:50 - INFO - Using device: cuda
2026-08-21 12:25:50 - INFO - Run started | Run: parent_ref_t5pm | Method: transfer_cwe | Phase: phase1 | Fold: 1 | Seed: 42 | Device: cuda
2026-08-21 12:25:50 - INFO - Loading Phase-1 source data: data/ccpp_primevul_paired_common.jsonl
2026-08-21 12:25:50 - INFO - Detected Phase-1 languages: ['ccpp']
2026-08-21 12:25:50 - INFO - Auxiliary CWE vocabulary built from source | Classes: 73 | Sample: {'CWE-020': 0, 'CWE-022': 1, 'CWE-059': 2, 'CWE-061': 3, 'CWE-074': 4, 'CWE-077': 5}
2026-08-21 12:25:50 - INFO - Source split | Language: ccpp | Conservative pairs: 1484 | Singletons: 7 | Stratified: False | Ratio: 90/10 | Seed: 42
2026-08-21 12:25:50 - INFO - Combined source split | Languages: ['ccpp'] | Train: 2675 | Validation: 300
2026-08-21 12:25:50 - WARNING - No upstream pair/repo/commit IDs: adjacent groups are protected, but distant near-duplicate families may still cross source train/validation
2026-08-21 12:25:50 - INFO - Data split: source_train | Total: 2675 | Labels: {0: 1338, 1: 1337} | CWEs: {'CWE-022': 655, 'CWE-078': 70, 'CWE-079': 36, 'CWE-089': 12} | Languages: {'ccpp': 2675} | Invalid CWE: 0
2026-08-21 12:25:50 - INFO - Data split: source_val | Total: 300 | Labels: {0: 150, 1: 150} | CWEs: {'CWE-022': 90, 'CWE-078': 10} | Languages: {'ccpp': 300} | Invalid CWE: 0
2026-08-21 12:25:53 - INFO - Environment: {"components": {"backbone": {"frozen": 0, "total": 109607040, "trainable": 109607040}, "cwe_head": {"frozen": 0, "total": 56137, "trainable": 56137}, "vul_head": {"frozen": 0, "total": 1538, "trainable": 1538}}, "cuda": "12.8", "fold": 1, "frozen_parameters": 0, "gpu": "NVIDIA GeForce RTX 4070 Ti SUPER", "hyperparameters": {"anneal_fun": "sigmoid", "anneal_k": 0.05, "anneal_t0_ratio": 0.05, "anneal_w": 1.0, "aux_mode": "cwe", "batch_size": 16, "checkpoint_path": "model/parent_ref_t5pm/transfer_cwe/seed_42/source/best.pt", "cwe_vocab": "source", "data_path": "data/ccpp_primevul_paired_common.jsonl", "data_root": "data/sven_python_folds_norm", "epochs": 15, "eval_batch_size": 16, "fold": 1, "freeze_backbone_layers": 0, "freeze_prototypes_steps": 0, "lambda_cwe": 0.2, "latent_temperature": 0.1, "learning_rate": 2e-05, "lora_rank": 0, "lp_epochs": 0, "lp_learning_rate": 0.001, "max_eval_samples": null, "max_grad_norm": 1.0, "max_length": 512, "max_train_samples": null, "method_name": "transfer_cwe", "min_epochs": 3, "model_name": "Salesforce/codet5p-220m", "num_cwes": 73, "num_latent": 8, "num_workers": 0, "output_dir": "results/parent_ref_t5pm/transfer_cwe", "patience": 5, "phase": "phase1", "phase2_optimizer": "recadam", "pooling": "mean", "pretrain_cof": 5000.0, "recadam_anchor": "source", "result_path": "results/parent_ref_t5pm/transfer_cwe/seed_42/fold1.json", "run_name": "parent_ref_t5pm", "seed": 42, "selection_metric": "macro_f1", "source_checkpoint": null, "source_interpolation": 1.0, "strict_determinism": false, "target_lang": "python", "test_path": null, "train_path": null, "truncation_strategy": "head_middle_tail", "val_path": null, "weight_decay": 0.01}, "mode": "phase1_train", "model_name": "Salesforce/codet5p-220m", "seed": 42, "sklearn": "1.7.2", "torch": "2.11.0+cu128", "trainable_parameters": 109664715, "transformers": "4.57.1"}
2026-08-21 12:25:53 - INFO - Training started | Phase: phase1 | Epochs: 15
2026-08-21 12:26:59 - INFO - Epoch 1/15 | Train loss: 1.324391 | Val loss: 1.260109 | LR: 2.00e-05 | Best epoch: 1 | Patience: 0 | Train: 63.17s | Validation: 2.60s | Epoch: 66.04s | Total: 66.04s
2026-08-21 12:26:59 - INFO - Phase-1 losses | Vulnerability: 0.705114 | CWE: 3.096380 | Total: 1.324391
2026-08-21 12:26:59 - INFO - Latent structure | Slots used: 23/8 | Largest slot: 0.892 | NMI vs CWE: 0.0450 | NMI vs binary: 0.0069
2026-08-21 12:26:59 - INFO - [Classification Report - split=train epoch=1 - threshold=0.50]
2026-08-21 12:26:59 - INFO -                 precision    recall  f1-score   support
2026-08-21 12:26:59 - INFO - 
2026-08-21 12:26:59 - INFO -       safe (0)     0.5059    0.4798    0.4925      1338
2026-08-21 12:26:59 - INFO - vulnerable (1)     0.5050    0.5310    0.5177      1337
2026-08-21 12:26:59 - INFO - 
2026-08-21 12:26:59 - INFO -       accuracy                         0.5054      2675
2026-08-21 12:26:59 - INFO -      macro avg     0.5054    0.5054    0.5051      2675
2026-08-21 12:26:59 - INFO -   weighted avg     0.5054    0.5054    0.5051      2675
2026-08-21 12:26:59 - INFO - Confusion matrix - [[tn=642, fp=696], [fn=627, tp=710]]
2026-08-21 12:26:59 - INFO - probability_positive min=0.2868 mean=0.5079 std=0.0750 max=0.7277 predicted_0=1269 predicted_1=1406
2026-08-21 12:26:59 - INFO - [Classification Report - split=validation epoch=1 - threshold=0.50]
2026-08-21 12:26:59 - INFO -                 precision    recall  f1-score   support
2026-08-21 12:26:59 - INFO - 
2026-08-21 12:26:59 - INFO -       safe (0)     0.0000    0.0000    0.0000       150
2026-08-21 12:26:59 - INFO - vulnerable (1)     0.5000    1.0000    0.6667       150
2026-08-21 12:26:59 - INFO - 
2026-08-21 12:26:59 - INFO -       accuracy                         0.5000       300
2026-08-21 12:26:59 - INFO -      macro avg     0.2500    0.5000    0.3333       300
2026-08-21 12:26:59 - INFO -   weighted avg     0.2500    0.5000    0.3333       300
2026-08-21 12:26:59 - INFO - Confusion matrix - [[tn=0, fp=150], [fn=0, tp=150]]
2026-08-21 12:26:59 - INFO - probability_positive min=0.5725 mean=0.5831 std=0.0035 max=0.5949 predicted_0=0 predicted_1=300
2026-08-21 12:26:59 - INFO - New best model | Macro-F1: 0.333333 | Epoch: 1
2026-08-21 12:28:05 - INFO - Epoch 2/15 | Train loss: 1.258826 | Val loss: 1.237591 | LR: 2.00e-05 | Best epoch: 2 | Patience: 0 | Train: 63.02s | Validation: 2.62s | Epoch: 65.96s | Total: 132.02s
2026-08-21 12:28:05 - INFO - Phase-1 losses | Vulnerability: 0.701761 | CWE: 2.785327 | Total: 1.258826
2026-08-21 12:28:05 - INFO - Latent structure | Slots used: 3/8 | Largest slot: 0.956 | NMI vs CWE: 0.0100 | NMI vs binary: 0.0011
2026-08-21 12:28:05 - INFO - [Classification Report - split=train epoch=2 - threshold=0.50]
2026-08-21 12:28:05 - INFO -                 precision    recall  f1-score   support
2026-08-21 12:28:05 - INFO - 
2026-08-21 12:28:05 - INFO -       safe (0)     0.5027    0.4851    0.4937      1338
2026-08-21 12:28:05 - INFO - vulnerable (1)     0.5022    0.5198    0.5108      1337
2026-08-21 12:28:05 - INFO - 
2026-08-21 12:28:05 - INFO -       accuracy                         0.5024      2675
2026-08-21 12:28:05 - INFO -      macro avg     0.5024    0.5024    0.5023      2675
2026-08-21 12:28:05 - INFO -   weighted avg     0.5024    0.5024    0.5023      2675
2026-08-21 12:28:05 - INFO - Confusion matrix - [[tn=649, fp=689], [fn=642, tp=695]]
2026-08-21 12:28:05 - INFO - probability_positive min=0.3503 mean=0.5098 std=0.0650 max=0.6854 predicted_0=1291 predicted_1=1384
2026-08-21 12:28:05 - INFO - [Classification Report - split=validation epoch=2 - threshold=0.50]
2026-08-21 12:28:05 - INFO -                 precision    recall  f1-score   support
2026-08-21 12:28:05 - INFO - 
2026-08-21 12:28:05 - INFO -       safe (0)     0.5246    0.4267    0.4706       150
2026-08-21 12:28:05 - INFO - vulnerable (1)     0.5169    0.6133    0.5610       150
2026-08-21 12:28:05 - INFO - 
2026-08-21 12:28:05 - INFO -       accuracy                         0.5200       300
2026-08-21 12:28:05 - INFO -      macro avg     0.5207    0.5200    0.5158       300
2026-08-21 12:28:05 - INFO -   weighted avg     0.5207    0.5200    0.5158       300
2026-08-21 12:28:05 - INFO - Confusion matrix - [[tn=64, fp=86], [fn=58, tp=92]]
2026-08-21 12:28:05 - INFO - probability_positive min=0.4834 mean=0.5020 std=0.0113 max=0.5387 predicted_0=122 predicted_1=178
2026-08-21 12:28:05 - INFO - New best model | Macro-F1: 0.515782 | Epoch: 2
2026-08-21 12:29:11 - INFO - Epoch 3/15 | Train loss: 1.245352 | Val loss: 1.220288 | LR: 2.00e-05 | Best epoch: 3 | Patience: 0 | Train: 63.16s | Validation: 2.60s | Epoch: 66.22s | Total: 198.24s
2026-08-21 12:29:11 - INFO - Phase-1 losses | Vulnerability: 0.699290 | CWE: 2.730310 | Total: 1.245352
2026-08-21 12:29:11 - INFO - Latent structure | Slots used: 4/8 | Largest slot: 0.866 | NMI vs CWE: 0.0340 | NMI vs binary: 0.0002
2026-08-21 12:29:11 - INFO - [Classification Report - split=train epoch=3 - threshold=0.50]
2026-08-21 12:29:11 - INFO -                 precision    recall  f1-score   support
2026-08-21 12:29:11 - INFO - 
2026-08-21 12:29:11 - INFO -       safe (0)     0.5015    0.5022    0.5019      1338
2026-08-21 12:29:11 - INFO - vulnerable (1)     0.5011    0.5004    0.5007      1337
2026-08-21 12:29:11 - INFO - 
2026-08-21 12:29:11 - INFO -       accuracy                         0.5013      2675
2026-08-21 12:29:11 - INFO -      macro avg     0.5013    0.5013    0.5013      2675
2026-08-21 12:29:11 - INFO -   weighted avg     0.5013    0.5013    0.5013      2675
2026-08-21 12:29:11 - INFO - Confusion matrix - [[tn=672, fp=666], [fn=668, tp=669]]
2026-08-21 12:29:11 - INFO - probability_positive min=0.2683 mean=0.5015 std=0.0535 max=0.6866 predicted_0=1340 predicted_1=1335
2026-08-21 12:29:11 - INFO - [Classification Report - split=validation epoch=3 - threshold=0.50]
2026-08-21 12:29:11 - INFO -                 precision    recall  f1-score   support
2026-08-21 12:29:11 - INFO - 
2026-08-21 12:29:11 - INFO -       safe (0)     0.5299    0.4133    0.4644       150
2026-08-21 12:29:11 - INFO - vulnerable (1)     0.5191    0.6333    0.5706       150
2026-08-21 12:29:11 - INFO - 
2026-08-21 12:29:11 - INFO -       accuracy                         0.5233       300
2026-08-21 12:29:11 - INFO -      macro avg     0.5245    0.5233    0.5175       300
2026-08-21 12:29:11 - INFO -   weighted avg     0.5245    0.5233    0.5175       300
2026-08-21 12:29:11 - INFO - Confusion matrix - [[tn=62, fp=88], [fn=55, tp=95]]
2026-08-21 12:29:11 - INFO - probability_positive min=0.4593 mean=0.5171 std=0.0350 max=0.5964 predicted_0=117 predicted_1=183
2026-08-21 12:29:11 - INFO - New best model | Macro-F1: 0.517495 | Epoch: 3
2026-08-21 12:30:17 - INFO - Epoch 4/15 | Train loss: 1.226956 | Val loss: 1.214221 | LR: 2.00e-05 | Best epoch: 3 | Patience: 1 | Train: 63.00s | Validation: 2.59s | Epoch: 65.59s | Total: 263.85s
2026-08-21 12:30:17 - INFO - Phase-1 losses | Vulnerability: 0.702131 | CWE: 2.624122 | Total: 1.226956
2026-08-21 12:30:17 - INFO - Latent structure | Slots used: 4/8 | Largest slot: 0.600 | NMI vs CWE: 0.0839 | NMI vs binary: 0.0000
2026-08-21 12:30:17 - INFO - [Classification Report - split=train epoch=4 - threshold=0.50]
2026-08-21 12:30:17 - INFO -                 precision    recall  f1-score   support
2026-08-21 12:30:17 - INFO - 
2026-08-21 12:30:17 - INFO -       safe (0)     0.4873    0.4746    0.4809      1338
2026-08-21 12:30:17 - INFO - vulnerable (1)     0.4876    0.5004    0.4939      1337
2026-08-21 12:30:17 - INFO - 
2026-08-21 12:30:17 - INFO -       accuracy                         0.4875      2675
2026-08-21 12:30:17 - INFO -      macro avg     0.4875    0.4875    0.4874      2675
2026-08-21 12:30:17 - INFO -   weighted avg     0.4875    0.4875    0.4874      2675
2026-08-21 12:30:17 - INFO - Confusion matrix - [[tn=635, fp=703], [fn=668, tp=669]]
2026-08-21 12:30:17 - INFO - probability_positive min=0.3201 mean=0.5035 std=0.0592 max=0.6920 predicted_0=1303 predicted_1=1372
2026-08-21 12:30:17 - INFO - [Classification Report - split=validation epoch=4 - threshold=0.50]
2026-08-21 12:30:17 - INFO -                 precision    recall  f1-score   support
2026-08-21 12:30:17 - INFO - 
2026-08-21 12:30:17 - INFO -       safe (0)     0.5319    0.1667    0.2538       150
2026-08-21 12:30:17 - INFO - vulnerable (1)     0.5059    0.8533    0.6352       150
2026-08-21 12:30:17 - INFO - 
2026-08-21 12:30:17 - INFO -       accuracy                         0.5100       300
2026-08-21 12:30:17 - INFO -      macro avg     0.5189    0.5100    0.4445       300
2026-08-21 12:30:17 - INFO -   weighted avg     0.5189    0.5100    0.4445       300
2026-08-21 12:30:17 - INFO - Confusion matrix - [[tn=25, fp=125], [fn=22, tp=128]]
2026-08-21 12:30:17 - INFO - probability_positive min=0.2791 mean=0.5331 std=0.0613 max=0.6170 predicted_0=47 predicted_1=253
2026-08-21 12:31:22 - INFO - Epoch 5/15 | Train loss: 1.186737 | Val loss: 1.211234 | LR: 2.00e-05 | Best epoch: 3 | Patience: 2 | Train: 62.92s | Validation: 2.59s | Epoch: 65.51s | Total: 329.37s
2026-08-21 12:31:22 - INFO - Phase-1 losses | Vulnerability: 0.702810 | CWE: 2.419637 | Total: 1.186737
2026-08-21 12:31:22 - INFO - Latent structure | Slots used: 5/8 | Largest slot: 0.486 | NMI vs CWE: 0.1403 | NMI vs binary: 0.0002
2026-08-21 12:31:22 - INFO - [Classification Report - split=train epoch=5 - threshold=0.50]
2026-08-21 12:31:22 - INFO -                 precision    recall  f1-score   support
2026-08-21 12:31:22 - INFO - 
2026-08-21 12:31:22 - INFO -       safe (0)     0.4890    0.4798    0.4843      1338
2026-08-21 12:31:22 - INFO - vulnerable (1)     0.4890    0.4981    0.4935      1337
2026-08-21 12:31:22 - INFO - 
2026-08-21 12:31:22 - INFO -       accuracy                         0.4890      2675
2026-08-21 12:31:22 - INFO -      macro avg     0.4890    0.4890    0.4889      2675
2026-08-21 12:31:22 - INFO -   weighted avg     0.4890    0.4890    0.4889      2675
2026-08-21 12:31:22 - INFO - Confusion matrix - [[tn=642, fp=696], [fn=671, tp=666]]
2026-08-21 12:31:22 - INFO - probability_positive min=0.2861 mean=0.5019 std=0.0609 max=0.7462 predicted_0=1313 predicted_1=1362
2026-08-21 12:31:22 - INFO - [Classification Report - split=validation epoch=5 - threshold=0.50]
2026-08-21 12:31:22 - INFO -                 precision    recall  f1-score   support
2026-08-21 12:31:22 - INFO - 
2026-08-21 12:31:22 - INFO -       safe (0)     0.5000    0.7733    0.6073       150
2026-08-21 12:31:22 - INFO - vulnerable (1)     0.5000    0.2267    0.3119       150
2026-08-21 12:31:22 - INFO - 
2026-08-21 12:31:22 - INFO -       accuracy                         0.5000       300
2026-08-21 12:31:22 - INFO -      macro avg     0.5000    0.5000    0.4596       300
2026-08-21 12:31:22 - INFO -   weighted avg     0.5000    0.5000    0.4596       300
2026-08-21 12:31:22 - INFO - Confusion matrix - [[tn=116, fp=34], [fn=116, tp=34]]
2026-08-21 12:31:22 - INFO - probability_positive min=0.3143 mean=0.4483 std=0.0585 max=0.5591 predicted_0=232 predicted_1=68
2026-08-21 12:32:28 - INFO - Epoch 6/15 | Train loss: 1.127937 | Val loss: 1.221066 | LR: 2.00e-05 | Best epoch: 3 | Patience: 3 | Train: 62.98s | Validation: 2.59s | Epoch: 65.57s | Total: 394.96s
2026-08-21 12:32:28 - INFO - Phase-1 losses | Vulnerability: 0.710472 | CWE: 2.087326 | Total: 1.127937
2026-08-21 12:32:28 - INFO - Latent structure | Slots used: 6/8 | Largest slot: 0.408 | NMI vs CWE: 0.2707 | NMI vs binary: 0.0007
2026-08-21 12:32:28 - INFO - [Classification Report - split=train epoch=6 - threshold=0.50]
2026-08-21 12:32:28 - INFO -                 precision    recall  f1-score   support
2026-08-21 12:32:28 - INFO - 
2026-08-21 12:32:28 - INFO -       safe (0)     0.4810    0.5202    0.4998      1338
2026-08-21 12:32:28 - INFO - vulnerable (1)     0.4772    0.4383    0.4569      1337
2026-08-21 12:32:28 - INFO - 
2026-08-21 12:32:28 - INFO -       accuracy                         0.4793      2675
2026-08-21 12:32:28 - INFO -      macro avg     0.4791    0.4792    0.4784      2675
2026-08-21 12:32:28 - INFO -   weighted avg     0.4791    0.4793    0.4784      2675
2026-08-21 12:32:28 - INFO - Confusion matrix - [[tn=696, fp=642], [fn=751, tp=586]]
2026-08-21 12:32:28 - INFO - probability_positive min=0.2903 mean=0.4930 std=0.0714 max=0.7274 predicted_0=1447 predicted_1=1228
2026-08-21 12:32:28 - INFO - [Classification Report - split=validation epoch=6 - threshold=0.50]
2026-08-21 12:32:28 - INFO -                 precision    recall  f1-score   support
2026-08-21 12:32:28 - INFO - 
2026-08-21 12:32:28 - INFO -       safe (0)     0.4545    0.0333    0.0621       150
2026-08-21 12:32:28 - INFO - vulnerable (1)     0.4983    0.9600    0.6560       150
2026-08-21 12:32:28 - INFO - 
2026-08-21 12:32:28 - INFO -       accuracy                         0.4967       300
2026-08-21 12:32:28 - INFO -      macro avg     0.4764    0.4967    0.3591       300
2026-08-21 12:32:28 - INFO -   weighted avg     0.4764    0.4967    0.3591       300
2026-08-21 12:32:28 - INFO - Confusion matrix - [[tn=5, fp=145], [fn=6, tp=144]]
2026-08-21 12:32:28 - INFO - probability_positive min=0.4862 mean=0.5382 std=0.0267 max=0.6205 predicted_0=11 predicted_1=289
2026-08-21 12:33:33 - INFO - Epoch 7/15 | Train loss: 1.048312 | Val loss: 1.222978 | LR: 2.00e-05 | Best epoch: 3 | Patience: 4 | Train: 62.96s | Validation: 2.60s | Epoch: 65.56s | Total: 460.53s
2026-08-21 12:33:33 - INFO - Phase-1 losses | Vulnerability: 0.702600 | CWE: 1.728565 | Total: 1.048312
2026-08-21 12:33:33 - INFO - Latent structure | Slots used: 10/8 | Largest slot: 0.350 | NMI vs CWE: 0.3924 | NMI vs binary: 0.0014
2026-08-21 12:33:33 - INFO - [Classification Report - split=train epoch=7 - threshold=0.50]
2026-08-21 12:33:33 - INFO -                 precision    recall  f1-score   support
2026-08-21 12:33:33 - INFO - 
2026-08-21 12:33:33 - INFO -       safe (0)     0.5122    0.4559    0.4824      1338
2026-08-21 12:33:33 - INFO - vulnerable (1)     0.5094    0.5654    0.5360      1337
2026-08-21 12:33:33 - INFO - 
2026-08-21 12:33:33 - INFO -       accuracy                         0.5107      2675
2026-08-21 12:33:33 - INFO -      macro avg     0.5108    0.5107    0.5092      2675
2026-08-21 12:33:33 - INFO -   weighted avg     0.5108    0.5107    0.5092      2675
2026-08-21 12:33:33 - INFO - Confusion matrix - [[tn=610, fp=728], [fn=581, tp=756]]
2026-08-21 12:33:33 - INFO - probability_positive min=0.2329 mean=0.5055 std=0.0722 max=0.6949 predicted_0=1191 predicted_1=1484
2026-08-21 12:33:33 - INFO - [Classification Report - split=validation epoch=7 - threshold=0.50]
2026-08-21 12:33:33 - INFO -                 precision    recall  f1-score   support
2026-08-21 12:33:33 - INFO - 
2026-08-21 12:33:33 - INFO -       safe (0)     0.5147    0.7000    0.5932       150
2026-08-21 12:33:33 - INFO - vulnerable (1)     0.5312    0.3400    0.4146       150
2026-08-21 12:33:33 - INFO - 
2026-08-21 12:33:33 - INFO -       accuracy                         0.5200       300
2026-08-21 12:33:33 - INFO -      macro avg     0.5230    0.5200    0.5039       300
2026-08-21 12:33:33 - INFO -   weighted avg     0.5230    0.5200    0.5039       300
2026-08-21 12:33:33 - INFO - Confusion matrix - [[tn=105, fp=45], [fn=99, tp=51]]
2026-08-21 12:33:33 - INFO - probability_positive min=0.3320 mean=0.4642 std=0.0557 max=0.5888 predicted_0=204 predicted_1=96
2026-08-21 12:34:39 - INFO - Epoch 8/15 | Train loss: 0.984110 | Val loss: 1.257746 | LR: 2.00e-05 | Best epoch: 3 | Patience: 5 | Train: 62.98s | Validation: 2.60s | Epoch: 65.58s | Total: 526.11s
2026-08-21 12:34:39 - INFO - Phase-1 losses | Vulnerability: 0.704134 | CWE: 1.399881 | Total: 0.984110
2026-08-21 12:34:39 - INFO - Latent structure | Slots used: 14/8 | Largest slot: 0.309 | NMI vs CWE: 0.5379 | NMI vs binary: 0.0010
2026-08-21 12:34:39 - INFO - [Classification Report - split=train epoch=8 - threshold=0.50]
2026-08-21 12:34:39 - INFO -                 precision    recall  f1-score   support
2026-08-21 12:34:39 - INFO - 
2026-08-21 12:34:39 - INFO -       safe (0)     0.5074    0.5359    0.5213      1338
2026-08-21 12:34:39 - INFO - vulnerable (1)     0.5079    0.4794    0.4933      1337
2026-08-21 12:34:39 - INFO - 
2026-08-21 12:34:39 - INFO -       accuracy                         0.5077      2675
2026-08-21 12:34:39 - INFO -      macro avg     0.5077    0.5077    0.5073      2675
2026-08-21 12:34:39 - INFO -   weighted avg     0.5077    0.5077    0.5073      2675
2026-08-21 12:34:39 - INFO - Confusion matrix - [[tn=717, fp=621], [fn=696, tp=641]]
2026-08-21 12:34:39 - INFO - probability_positive min=0.2440 mean=0.4952 std=0.0762 max=0.7030 predicted_0=1413 predicted_1=1262
2026-08-21 12:34:39 - INFO - [Classification Report - split=validation epoch=8 - threshold=0.50]
2026-08-21 12:34:39 - INFO -                 precision    recall  f1-score   support
2026-08-21 12:34:39 - INFO - 
2026-08-21 12:34:39 - INFO -       safe (0)     0.5370    0.1933    0.2843       150
2026-08-21 12:34:39 - INFO - vulnerable (1)     0.5081    0.8333    0.6313       150
2026-08-21 12:34:39 - INFO - 
2026-08-21 12:34:39 - INFO -       accuracy                         0.5133       300
2026-08-21 12:34:39 - INFO -      macro avg     0.5226    0.5133    0.4578       300
2026-08-21 12:34:39 - INFO -   weighted avg     0.5226    0.5133    0.4578       300
2026-08-21 12:34:39 - INFO - Confusion matrix - [[tn=29, fp=121], [fn=25, tp=125]]
2026-08-21 12:34:39 - INFO - probability_positive min=0.4377 mean=0.5376 std=0.0409 max=0.6461 predicted_0=54 predicted_1=246
2026-08-21 12:34:39 - INFO - Early stopping | Epoch: 8 | Best epoch: 3
2026-08-21 12:34:39 - INFO - Best checkpoint saved | Path: model/parent_ref_t5pm/transfer_cwe/seed_42/source/best.pt | Epoch: 3 | Val macro_f1: 0.517495
2026-08-21 12:34:39 - INFO - Training finished | Elapsed: 526.13s
2026-08-21 12:34:39 - INFO - Run finished | Phase: phase1 | Fold: 1 | Seed: 42 | Elapsed: 528.84s
