2026-08-21 13:01:30 - INFO - Using device: cuda
2026-08-21 13:01:30 - INFO - Run started | Run: parent_ref_t5pm | Method: transfer_cwe | Phase: phase2 | Fold: 3 | Seed: 42 | Device: cuda
2026-08-21 13:01:30 - INFO - Loading Python training data: data/sven_python_folds_norm/fold3/train.jsonl
2026-08-21 13:01:30 - INFO - Loading Python validation data: data/sven_python_folds_norm/fold3/val.jsonl
2026-08-21 13:01:30 - INFO - Data split: python_train | Total: 456 | Labels: {0: 217, 1: 239} | CWEs: {'CWE-022': 40, 'CWE-078': 125, 'CWE-079': 49, 'CWE-089': 242} | Languages: {'python': 456} | Invalid CWE: 0
2026-08-21 13:01:30 - INFO - Data split: python_val | Total: 152 | Labels: {0: 83, 1: 69} | CWEs: {'CWE-022': 11, 'CWE-078': 41, 'CWE-079': 13, 'CWE-089': 87} | Languages: {'python': 152} | Invalid CWE: 0
2026-08-21 13:01:31 - INFO - Auxiliary head width taken from checkpoint: 73
2026-08-21 13:01:33 - INFO - Loaded source checkpoint: model/parent_ref_t5pm/transfer_cwe/seed_42/source/best.pt | Best epoch: 3 | Best Val Macro-F1: 0.517495
2026-08-21 13:01:33 - INFO - RecAdam schedule | Total steps: 870 | Steps/epoch: 29 | Anneal t0: 43 | Weights: {1: 0.10909682119561293, 29: 0.3318122278318339, 43: 0.5, 870: 1.0}
2026-08-21 13:01:33 - INFO - Environment: {"components": {"backbone": {"frozen": 0, "total": 109607040, "trainable": 109607040}, "cwe_head": {"frozen": 56137, "total": 56137, "trainable": 0}, "vul_head": {"frozen": 0, "total": 1538, "trainable": 1538}}, "cuda": "12.8", "fold": 3, "frozen_parameters": 56137, "gpu": "NVIDIA GeForce RTX 4070 Ti SUPER", "hyperparameters": {"anneal_fun": "sigmoid", "anneal_k": 0.05, "anneal_t0_ratio": 0.05, "anneal_w": 1.0, "aux_mode": "cwe", "batch_size": 16, "checkpoint_path": "model/parent_ref_t5pm/transfer_cwe/seed_42/fold3/best.pt", "cwe_vocab": "source", "data_path": "data/train_ccpp_filtered.jsonl", "data_root": "data/sven_python_folds_norm", "epochs": 30, "eval_batch_size": 16, "fold": 3, "freeze_backbone_layers": 0, "freeze_prototypes_steps": 0, "lambda_cwe": 0.2, "latent_temperature": 0.1, "learning_rate": 2e-05, "lora_rank": 0, "lp_epochs": 0, "lp_learning_rate": 0.001, "max_eval_samples": null, "max_grad_norm": 1.0, "max_length": 512, "max_train_samples": null, "method_name": "transfer_cwe", "min_epochs": 3, "model_name": "Salesforce/codet5p-220m", "num_cwes": 73, "num_latent": 8, "num_workers": 0, "output_dir": "results/parent_ref_t5pm/transfer_cwe", "patience": 5, "phase": "phase2", "phase2_optimizer": "recadam", "pooling": "mean", "pretrain_cof": 5000.0, "recadam_anchor": "source", "result_path": "results/parent_ref_t5pm/transfer_cwe/seed_42/fold3.json", "run_name": "parent_ref_t5pm", "seed": 42, "selection_metric": "macro_f1", "source_checkpoint": "model/parent_ref_t5pm/transfer_cwe/seed_42/source/best.pt", "source_interpolation": 1.0, "strict_determinism": false, "target_lang": "python", "test_path": null, "train_path": null, "truncation_strategy": "head_middle_tail", "val_path": null, "weight_decay": 0.01}, "mode": "phase2_train", "model_name": "Salesforce/codet5p-220m", "seed": 42, "sklearn": "1.7.2", "torch": "2.11.0+cu128", "trainable_parameters": 109608578, "transformers": "4.57.1"}
2026-08-21 13:01:33 - INFO - Training started | Phase: phase2 | Epochs: 30
2026-08-21 13:01:33 - INFO - RecAdam first-step safety checks passed
2026-08-21 13:01:44 - INFO - Epoch 1/30 | Train loss: 0.696412 | Val loss: 0.692358 | LR: 2.00e-05 | Best epoch: 1 | Patience: 0 | Train: 9.81s | Validation: 1.05s | Epoch: 11.14s | Total: 11.14s
2026-08-21 13:01:44 - INFO - RecAdam target-task weight at epoch end: 0.331812
2026-08-21 13:01:44 - INFO - [Classification Report - split=train epoch=1 - threshold=0.50]
2026-08-21 13:01:44 - INFO -                 precision    recall  f1-score   support
2026-08-21 13:01:44 - INFO - 
2026-08-21 13:01:44 - INFO -       safe (0)     0.4583    0.1521    0.2284       217
2026-08-21 13:01:44 - INFO - vulnerable (1)     0.5208    0.8368    0.6421       239
2026-08-21 13:01:44 - INFO - 
2026-08-21 13:01:44 - INFO -       accuracy                         0.5110       456
2026-08-21 13:01:44 - INFO -      macro avg     0.4896    0.4944    0.4352       456
2026-08-21 13:01:44 - INFO -   weighted avg     0.4911    0.5110    0.4452       456
2026-08-21 13:01:44 - INFO - Confusion matrix - [[tn=33, fp=184], [fn=39, tp=200]]
2026-08-21 13:01:44 - INFO - probability_positive min=0.4150 mean=0.5352 std=0.0344 max=0.6284 predicted_0=72 predicted_1=384
2026-08-21 13:01:44 - INFO - [Classification Report - split=validation epoch=1 - threshold=0.50]
2026-08-21 13:01:44 - INFO -                 precision    recall  f1-score   support
2026-08-21 13:01:44 - INFO - 
2026-08-21 13:01:44 - INFO -       safe (0)     0.6047    0.3133    0.4127        83
2026-08-21 13:01:44 - INFO - vulnerable (1)     0.4771    0.7536    0.5843        69
2026-08-21 13:01:44 - INFO - 
2026-08-21 13:01:44 - INFO -       accuracy                         0.5132       152
2026-08-21 13:01:44 - INFO -      macro avg     0.5409    0.5334    0.4985       152
2026-08-21 13:01:44 - INFO -   weighted avg     0.5467    0.5132    0.4906       152
2026-08-21 13:01:44 - INFO - Confusion matrix - [[tn=26, fp=57], [fn=17, tp=52]]
2026-08-21 13:01:44 - INFO - probability_positive min=0.4718 mean=0.5129 std=0.0201 max=0.5617 predicted_0=43 predicted_1=109
2026-08-21 13:01:44 - INFO - New best model | Macro-F1: 0.498484 | Epoch: 1
2026-08-21 13:01:55 - INFO - Epoch 2/30 | Train loss: 0.697962 | Val loss: 0.705133 | LR: 2.00e-05 | Best epoch: 1 | Patience: 0 | Train: 9.67s | Validation: 1.06s | Epoch: 10.72s | Total: 21.88s
2026-08-21 13:01:55 - INFO - RecAdam target-task weight at epoch end: 0.679179
2026-08-21 13:01:55 - INFO - [Classification Report - split=train epoch=2 - threshold=0.50]
2026-08-21 13:01:55 - INFO -                 precision    recall  f1-score   support
2026-08-21 13:01:55 - INFO - 
2026-08-21 13:01:55 - INFO -       safe (0)     0.4806    0.4562    0.4681       217
2026-08-21 13:01:55 - INFO - vulnerable (1)     0.5280    0.5523    0.5399       239
2026-08-21 13:01:55 - INFO - 
2026-08-21 13:01:55 - INFO -       accuracy                         0.5066       456
2026-08-21 13:01:55 - INFO -      macro avg     0.5043    0.5043    0.5040       456
2026-08-21 13:01:55 - INFO -   weighted avg     0.5054    0.5066    0.5057       456
2026-08-21 13:01:55 - INFO - Confusion matrix - [[tn=99, fp=118], [fn=107, tp=132]]
2026-08-21 13:01:55 - INFO - probability_positive min=0.3987 mean=0.5026 std=0.0329 max=0.6040 predicted_0=206 predicted_1=250
2026-08-21 13:01:55 - INFO - [Classification Report - split=validation epoch=2 - threshold=0.50]
2026-08-21 13:01:55 - INFO -                 precision    recall  f1-score   support
2026-08-21 13:01:55 - INFO - 
2026-08-21 13:01:55 - INFO -       safe (0)     0.0000    0.0000    0.0000        83
2026-08-21 13:01:55 - INFO - vulnerable (1)     0.4539    1.0000    0.6244        69
2026-08-21 13:01:55 - INFO - 
2026-08-21 13:01:55 - INFO -       accuracy                         0.4539       152
2026-08-21 13:01:55 - INFO -      macro avg     0.2270    0.5000    0.3122       152
2026-08-21 13:01:55 - INFO -   weighted avg     0.2061    0.4539    0.2835       152
2026-08-21 13:01:55 - INFO - Confusion matrix - [[tn=0, fp=83], [fn=0, tp=69]]
2026-08-21 13:01:55 - INFO - probability_positive min=0.5136 mean=0.5474 std=0.0154 max=0.5839 predicted_0=0 predicted_1=152
2026-08-21 13:02:05 - INFO - Epoch 3/30 | Train loss: 0.699458 | Val loss: 0.707670 | LR: 2.00e-05 | Best epoch: 1 | Patience: 1 | Train: 9.69s | Validation: 1.06s | Epoch: 10.74s | Total: 32.63s
2026-08-21 13:02:05 - INFO - RecAdam target-task weight at epoch end: 0.900250
2026-08-21 13:02:05 - INFO - [Classification Report - split=train epoch=3 - threshold=0.50]
2026-08-21 13:02:05 - INFO -                 precision    recall  f1-score   support
2026-08-21 13:02:05 - INFO - 
2026-08-21 13:02:05 - INFO -       safe (0)     0.4671    0.3594    0.4062       217
2026-08-21 13:02:05 - INFO - vulnerable (1)     0.5190    0.6276    0.5682       239
2026-08-21 13:02:05 - INFO - 
2026-08-21 13:02:05 - INFO -       accuracy                         0.5000       456
2026-08-21 13:02:05 - INFO -      macro avg     0.4930    0.4935    0.4872       456
2026-08-21 13:02:05 - INFO -   weighted avg     0.4943    0.5000    0.4911       456
2026-08-21 13:02:05 - INFO - Confusion matrix - [[tn=78, fp=139], [fn=89, tp=150]]
2026-08-21 13:02:05 - INFO - probability_positive min=0.3915 mean=0.5227 std=0.0613 max=0.6583 predicted_0=167 predicted_1=289
2026-08-21 13:02:05 - INFO - [Classification Report - split=validation epoch=3 - threshold=0.50]
2026-08-21 13:02:05 - INFO -                 precision    recall  f1-score   support
2026-08-21 13:02:05 - INFO - 
2026-08-21 13:02:05 - INFO -       safe (0)     0.0000    0.0000    0.0000        83
2026-08-21 13:02:05 - INFO - vulnerable (1)     0.4539    1.0000    0.6244        69
2026-08-21 13:02:05 - INFO - 
2026-08-21 13:02:05 - INFO -       accuracy                         0.4539       152
2026-08-21 13:02:05 - INFO -      macro avg     0.2270    0.5000    0.3122       152
2026-08-21 13:02:05 - INFO -   weighted avg     0.2061    0.4539    0.2835       152
2026-08-21 13:02:05 - INFO - Confusion matrix - [[tn=0, fp=83], [fn=0, tp=69]]
2026-08-21 13:02:05 - INFO - probability_positive min=0.5161 mean=0.5524 std=0.0136 max=0.5885 predicted_0=0 predicted_1=152
2026-08-21 13:02:16 - INFO - Epoch 4/30 | Train loss: 0.696604 | Val loss: 0.718649 | LR: 2.00e-05 | Best epoch: 1 | Patience: 2 | Train: 9.69s | Validation: 1.06s | Epoch: 10.75s | Total: 43.40s
2026-08-21 13:02:16 - INFO - RecAdam target-task weight at epoch end: 0.974667
2026-08-21 13:02:16 - INFO - [Classification Report - split=train epoch=4 - threshold=0.50]
2026-08-21 13:02:16 - INFO -                 precision    recall  f1-score   support
2026-08-21 13:02:16 - INFO - 
2026-08-21 13:02:16 - INFO -       safe (0)     0.4965    0.3226    0.3911       217
2026-08-21 13:02:16 - INFO - vulnerable (1)     0.5333    0.7029    0.6065       239
2026-08-21 13:02:16 - INFO - 
2026-08-21 13:02:16 - INFO -       accuracy                         0.5219       456
2026-08-21 13:02:16 - INFO -      macro avg     0.5149    0.5128    0.4988       456
2026-08-21 13:02:16 - INFO -   weighted avg     0.5158    0.5219    0.5040       456
2026-08-21 13:02:16 - INFO - Confusion matrix - [[tn=70, fp=147], [fn=71, tp=168]]
2026-08-21 13:02:16 - INFO - probability_positive min=0.4055 mean=0.5266 std=0.0476 max=0.6399 predicted_0=141 predicted_1=315
2026-08-21 13:02:16 - INFO - [Classification Report - split=validation epoch=4 - threshold=0.50]
2026-08-21 13:02:16 - INFO -                 precision    recall  f1-score   support
2026-08-21 13:02:16 - INFO - 
2026-08-21 13:02:16 - INFO -       safe (0)     0.0000    0.0000    0.0000        83
2026-08-21 13:02:16 - INFO - vulnerable (1)     0.4539    1.0000    0.6244        69
2026-08-21 13:02:16 - INFO - 
2026-08-21 13:02:16 - INFO -       accuracy                         0.4539       152
2026-08-21 13:02:16 - INFO -      macro avg     0.2270    0.5000    0.3122       152
2026-08-21 13:02:16 - INFO -   weighted avg     0.2061    0.4539    0.2835       152
2026-08-21 13:02:16 - INFO - Confusion matrix - [[tn=0, fp=83], [fn=0, tp=69]]
2026-08-21 13:02:16 - INFO - probability_positive min=0.5276 mean=0.5719 std=0.0176 max=0.6208 predicted_0=0 predicted_1=152
2026-08-21 13:02:27 - INFO - Epoch 5/30 | Train loss: 0.680787 | Val loss: 0.702262 | LR: 2.00e-05 | Best epoch: 5 | Patience: 0 | Train: 9.70s | Validation: 1.06s | Epoch: 11.20s | Total: 54.60s
2026-08-21 13:02:27 - INFO - RecAdam target-task weight at epoch end: 0.993940
2026-08-21 13:02:27 - INFO - [Classification Report - split=train epoch=5 - threshold=0.50]
2026-08-21 13:02:27 - INFO -                 precision    recall  f1-score   support
2026-08-21 13:02:27 - INFO - 
2026-08-21 13:02:27 - INFO -       safe (0)     0.6094    0.1797    0.2776       217
2026-08-21 13:02:27 - INFO - vulnerable (1)     0.5459    0.8954    0.6783       239
2026-08-21 13:02:27 - INFO - 
2026-08-21 13:02:27 - INFO -       accuracy                         0.5548       456
2026-08-21 13:02:27 - INFO -      macro avg     0.5776    0.5376    0.4779       456
2026-08-21 13:02:27 - INFO -   weighted avg     0.5761    0.5548    0.4876       456
2026-08-21 13:02:27 - INFO - Confusion matrix - [[tn=39, fp=178], [fn=25, tp=214]]
2026-08-21 13:02:27 - INFO - probability_positive min=0.3142 mean=0.5461 std=0.0524 max=0.6731 predicted_0=64 predicted_1=392
2026-08-21 13:02:27 - INFO - [Classification Report - split=validation epoch=5 - threshold=0.50]
2026-08-21 13:02:27 - INFO -                 precision    recall  f1-score   support
2026-08-21 13:02:27 - INFO - 
2026-08-21 13:02:27 - INFO -       safe (0)     0.5506    0.5904    0.5698        83
2026-08-21 13:02:27 - INFO - vulnerable (1)     0.4603    0.4203    0.4394        69
2026-08-21 13:02:27 - INFO - 
2026-08-21 13:02:27 - INFO -       accuracy                         0.5132       152
2026-08-21 13:02:27 - INFO -      macro avg     0.5054    0.5053    0.5046       152
2026-08-21 13:02:27 - INFO -   weighted avg     0.5096    0.5132    0.5106       152
2026-08-21 13:02:27 - INFO - Confusion matrix - [[tn=49, fp=34], [fn=40, tp=29]]
2026-08-21 13:02:27 - INFO - probability_positive min=0.2937 mean=0.4672 std=0.0807 max=0.6139 predicted_0=89 predicted_1=63
2026-08-21 13:02:27 - INFO - New best model | Macro-F1: 0.504581 | Epoch: 5
2026-08-21 13:02:39 - INFO - Epoch 6/30 | Train loss: 0.631410 | Val loss: 0.599397 | LR: 2.00e-05 | Best epoch: 6 | Patience: 0 | Train: 9.70s | Validation: 1.06s | Epoch: 11.20s | Total: 65.81s
2026-08-21 13:02:39 - INFO - RecAdam target-task weight at epoch end: 0.998572
2026-08-21 13:02:39 - INFO - [Classification Report - split=train epoch=6 - threshold=0.50]
2026-08-21 13:02:39 - INFO -                 precision    recall  f1-score   support
2026-08-21 13:02:39 - INFO - 
2026-08-21 13:02:39 - INFO -       safe (0)     0.6000    0.5668    0.5829       217
2026-08-21 13:02:39 - INFO - vulnerable (1)     0.6255    0.6569    0.6408       239
2026-08-21 13:02:39 - INFO - 
2026-08-21 13:02:39 - INFO -       accuracy                         0.6140       456
2026-08-21 13:02:39 - INFO -      macro avg     0.6127    0.6119    0.6119       456
2026-08-21 13:02:39 - INFO -   weighted avg     0.6134    0.6140    0.6133       456
2026-08-21 13:02:39 - INFO - Confusion matrix - [[tn=123, fp=94], [fn=82, tp=157]]
2026-08-21 13:02:39 - INFO - probability_positive min=0.0575 mean=0.5177 std=0.1398 max=0.8247 predicted_0=205 predicted_1=251
2026-08-21 13:02:39 - INFO - [Classification Report - split=validation epoch=6 - threshold=0.50]
2026-08-21 13:02:39 - INFO -                 precision    recall  f1-score   support
2026-08-21 13:02:39 - INFO - 
2026-08-21 13:02:39 - INFO -       safe (0)     0.7179    0.6747    0.6957        83
2026-08-21 13:02:39 - INFO - vulnerable (1)     0.6351    0.6812    0.6573        69
2026-08-21 13:02:39 - INFO - 
2026-08-21 13:02:39 - INFO -       accuracy                         0.6776       152
2026-08-21 13:02:39 - INFO -      macro avg     0.6765    0.6779    0.6765       152
2026-08-21 13:02:39 - INFO -   weighted avg     0.6804    0.6776    0.6783       152
2026-08-21 13:02:39 - INFO - Confusion matrix - [[tn=56, fp=27], [fn=22, tp=47]]
2026-08-21 13:02:39 - INFO - probability_positive min=0.0606 mean=0.4794 std=0.2142 max=0.8645 predicted_0=78 predicted_1=74
2026-08-21 13:02:39 - INFO - New best model | Macro-F1: 0.676497 | Epoch: 6
2026-08-21 13:02:50 - INFO - Epoch 7/30 | Train loss: 0.427462 | Val loss: 0.539060 | LR: 2.00e-05 | Best epoch: 7 | Patience: 0 | Train: 9.70s | Validation: 1.06s | Epoch: 11.20s | Total: 77.04s
2026-08-21 13:02:50 - INFO - RecAdam target-task weight at epoch end: 0.999665
2026-08-21 13:02:50 - INFO - [Classification Report - split=train epoch=7 - threshold=0.50]
2026-08-21 13:02:50 - INFO -                 precision    recall  f1-score   support
2026-08-21 13:02:50 - INFO - 
2026-08-21 13:02:50 - INFO -       safe (0)     0.7887    0.7742    0.7814       217
2026-08-21 13:02:50 - INFO - vulnerable (1)     0.7984    0.8117    0.8050       239
2026-08-21 13:02:50 - INFO - 
2026-08-21 13:02:50 - INFO -       accuracy                         0.7939       456
2026-08-21 13:02:50 - INFO -      macro avg     0.7935    0.7930    0.7932       456
2026-08-21 13:02:50 - INFO -   weighted avg     0.7938    0.7939    0.7938       456
2026-08-21 13:02:50 - INFO - Confusion matrix - [[tn=168, fp=49], [fn=45, tp=194]]
2026-08-21 13:02:50 - INFO - probability_positive min=0.0144 mean=0.5062 std=0.2991 max=0.9602 predicted_0=213 predicted_1=243
2026-08-21 13:02:50 - INFO - [Classification Report - split=validation epoch=7 - threshold=0.50]
2026-08-21 13:02:50 - INFO -                 precision    recall  f1-score   support
2026-08-21 13:02:50 - INFO - 
2026-08-21 13:02:50 - INFO -       safe (0)     0.8615    0.6747    0.7568        83
2026-08-21 13:02:50 - INFO - vulnerable (1)     0.6897    0.8696    0.7692        69
2026-08-21 13:02:50 - INFO - 
2026-08-21 13:02:50 - INFO -       accuracy                         0.7632       152
2026-08-21 13:02:50 - INFO -      macro avg     0.7756    0.7721    0.7630       152
2026-08-21 13:02:50 - INFO -   weighted avg     0.7835    0.7632    0.7624       152
2026-08-21 13:02:50 - INFO - Confusion matrix - [[tn=56, fp=27], [fn=9, tp=60]]
2026-08-21 13:02:50 - INFO - probability_positive min=0.0112 mean=0.5574 std=0.3885 max=0.9821 predicted_0=65 predicted_1=87
2026-08-21 13:02:50 - INFO - New best model | Macro-F1: 0.762994 | Epoch: 7
2026-08-21 13:03:01 - INFO - Epoch 8/30 | Train loss: 0.280612 | Val loss: 0.422210 | LR: 2.00e-05 | Best epoch: 8 | Patience: 0 | Train: 9.69s | Validation: 1.06s | Epoch: 11.19s | Total: 88.25s
2026-08-21 13:03:01 - INFO - RecAdam target-task weight at epoch end: 0.999921
2026-08-21 13:03:01 - INFO - [Classification Report - split=train epoch=8 - threshold=0.50]
2026-08-21 13:03:01 - INFO -                 precision    recall  f1-score   support
2026-08-21 13:03:01 - INFO - 
2026-08-21 13:03:01 - INFO -       safe (0)     0.8884    0.8802    0.8843       217
2026-08-21 13:03:01 - INFO - vulnerable (1)     0.8921    0.8996    0.8958       239
2026-08-21 13:03:01 - INFO - 
2026-08-21 13:03:01 - INFO -       accuracy                         0.8904       456
2026-08-21 13:03:01 - INFO -      macro avg     0.8902    0.8899    0.8900       456
2026-08-21 13:03:01 - INFO -   weighted avg     0.8903    0.8904    0.8903       456
2026-08-21 13:03:01 - INFO - Confusion matrix - [[tn=191, fp=26], [fn=24, tp=215]]
2026-08-21 13:03:01 - INFO - probability_positive min=0.0047 mean=0.5206 std=0.4250 max=0.9897 predicted_0=215 predicted_1=241
2026-08-21 13:03:01 - INFO - [Classification Report - split=validation epoch=8 - threshold=0.50]
2026-08-21 13:03:01 - INFO -                 precision    recall  f1-score   support
2026-08-21 13:03:01 - INFO - 
2026-08-21 13:03:01 - INFO -       safe (0)     0.8919    0.7952    0.8408        83
2026-08-21 13:03:01 - INFO - vulnerable (1)     0.7821    0.8841    0.8299        69
2026-08-21 13:03:01 - INFO - 
2026-08-21 13:03:01 - INFO -       accuracy                         0.8355       152
2026-08-21 13:03:01 - INFO -      macro avg     0.8370    0.8396    0.8353       152
2026-08-21 13:03:01 - INFO -   weighted avg     0.8420    0.8355    0.8358       152
2026-08-21 13:03:01 - INFO - Confusion matrix - [[tn=66, fp=17], [fn=8, tp=61]]
2026-08-21 13:03:01 - INFO - probability_positive min=0.0043 mean=0.5009 std=0.4421 max=0.9914 predicted_0=74 predicted_1=78
2026-08-21 13:03:01 - INFO - New best model | Macro-F1: 0.835348 | Epoch: 8
2026-08-21 13:03:12 - INFO - Epoch 9/30 | Train loss: 0.236817 | Val loss: 0.538470 | LR: 2.00e-05 | Best epoch: 8 | Patience: 1 | Train: 9.69s | Validation: 1.06s | Epoch: 10.75s | Total: 99.02s
2026-08-21 13:03:12 - INFO - RecAdam target-task weight at epoch end: 0.999982
2026-08-21 13:03:12 - INFO - [Classification Report - split=train epoch=9 - threshold=0.50]
2026-08-21 13:03:12 - INFO -                 precision    recall  f1-score   support
2026-08-21 13:03:12 - INFO - 
2026-08-21 13:03:12 - INFO -       safe (0)     0.9212    0.8618    0.8905       217
2026-08-21 13:03:12 - INFO - vulnerable (1)     0.8814    0.9331    0.9065       239
2026-08-21 13:03:12 - INFO - 
2026-08-21 13:03:12 - INFO -       accuracy                         0.8991       456
2026-08-21 13:03:12 - INFO -      macro avg     0.9013    0.8974    0.8985       456
2026-08-21 13:03:12 - INFO -   weighted avg     0.9003    0.8991    0.8989       456
2026-08-21 13:03:12 - INFO - Confusion matrix - [[tn=187, fp=30], [fn=16, tp=223]]
2026-08-21 13:03:12 - INFO - probability_positive min=0.0038 mean=0.5391 std=0.4181 max=0.9935 predicted_0=203 predicted_1=253
2026-08-21 13:03:12 - INFO - [Classification Report - split=validation epoch=9 - threshold=0.50]
2026-08-21 13:03:12 - INFO -                 precision    recall  f1-score   support
2026-08-21 13:03:12 - INFO - 
2026-08-21 13:03:12 - INFO -       safe (0)     0.8800    0.7952    0.8354        83
2026-08-21 13:03:12 - INFO - vulnerable (1)     0.7792    0.8696    0.8219        69
2026-08-21 13:03:12 - INFO - 
2026-08-21 13:03:12 - INFO -       accuracy                         0.8289       152
2026-08-21 13:03:12 - INFO -      macro avg     0.8296    0.8324    0.8287       152
2026-08-21 13:03:12 - INFO -   weighted avg     0.8343    0.8289    0.8293       152
2026-08-21 13:03:12 - INFO - Confusion matrix - [[tn=66, fp=17], [fn=9, tp=60]]
2026-08-21 13:03:12 - INFO - probability_positive min=0.0021 mean=0.5027 std=0.4724 max=0.9963 predicted_0=75 predicted_1=77
2026-08-21 13:03:23 - INFO - Epoch 10/30 | Train loss: 0.148417 | Val loss: 0.674008 | LR: 2.00e-05 | Best epoch: 8 | Patience: 2 | Train: 9.69s | Validation: 1.06s | Epoch: 10.75s | Total: 109.78s
2026-08-21 13:03:23 - INFO - RecAdam target-task weight at epoch end: 0.999996
2026-08-21 13:03:23 - INFO - [Classification Report - split=train epoch=10 - threshold=0.50]
2026-08-21 13:03:23 - INFO -                 precision    recall  f1-score   support
2026-08-21 13:03:23 - INFO - 
2026-08-21 13:03:23 - INFO -       safe (0)     0.9447    0.9447    0.9447       217
2026-08-21 13:03:23 - INFO - vulnerable (1)     0.9498    0.9498    0.9498       239
2026-08-21 13:03:23 - INFO - 
2026-08-21 13:03:23 - INFO -       accuracy                         0.9474       456
2026-08-21 13:03:23 - INFO -      macro avg     0.9472    0.9472    0.9472       456
2026-08-21 13:03:23 - INFO -   weighted avg     0.9474    0.9474    0.9474       456
2026-08-21 13:03:23 - INFO - Confusion matrix - [[tn=205, fp=12], [fn=12, tp=227]]
2026-08-21 13:03:23 - INFO - probability_positive min=0.0017 mean=0.5223 std=0.4727 max=0.9970 predicted_0=217 predicted_1=239
2026-08-21 13:03:23 - INFO - [Classification Report - split=validation epoch=10 - threshold=0.50]
2026-08-21 13:03:23 - INFO -                 precision    recall  f1-score   support
2026-08-21 13:03:23 - INFO - 
2026-08-21 13:03:23 - INFO -       safe (0)     0.8800    0.7952    0.8354        83
2026-08-21 13:03:23 - INFO - vulnerable (1)     0.7792    0.8696    0.8219        69
2026-08-21 13:03:23 - INFO - 
2026-08-21 13:03:23 - INFO -       accuracy                         0.8289       152
2026-08-21 13:03:23 - INFO -      macro avg     0.8296    0.8324    0.8287       152
2026-08-21 13:03:23 - INFO -   weighted avg     0.8343    0.8289    0.8293       152
2026-08-21 13:03:23 - INFO - Confusion matrix - [[tn=66, fp=17], [fn=9, tp=60]]
2026-08-21 13:03:23 - INFO - probability_positive min=0.0013 mean=0.5147 std=0.4809 max=0.9976 predicted_0=75 predicted_1=77
2026-08-21 13:03:33 - INFO - Epoch 11/30 | Train loss: 0.103690 | Val loss: 0.681739 | LR: 2.00e-05 | Best epoch: 8 | Patience: 3 | Train: 9.69s | Validation: 1.06s | Epoch: 10.75s | Total: 120.53s
2026-08-21 13:03:33 - INFO - RecAdam target-task weight at epoch end: 0.999999
2026-08-21 13:03:33 - INFO - [Classification Report - split=train epoch=11 - threshold=0.50]
2026-08-21 13:03:33 - INFO -                 precision    recall  f1-score   support
2026-08-21 13:03:33 - INFO - 
2026-08-21 13:03:33 - INFO -       safe (0)     0.9624    0.9447    0.9535       217
2026-08-21 13:03:33 - INFO - vulnerable (1)     0.9506    0.9665    0.9585       239
2026-08-21 13:03:33 - INFO - 
2026-08-21 13:03:33 - INFO -       accuracy                         0.9561       456
2026-08-21 13:03:33 - INFO -      macro avg     0.9565    0.9556    0.9560       456
2026-08-21 13:03:33 - INFO -   weighted avg     0.9562    0.9561    0.9561       456
2026-08-21 13:03:33 - INFO - Confusion matrix - [[tn=205, fp=12], [fn=8, tp=231]]
2026-08-21 13:03:33 - INFO - probability_positive min=0.0011 mean=0.5287 std=0.4742 max=0.9979 predicted_0=213 predicted_1=243
2026-08-21 13:03:33 - INFO - [Classification Report - split=validation epoch=11 - threshold=0.50]
2026-08-21 13:03:33 - INFO -                 precision    recall  f1-score   support
2026-08-21 13:03:33 - INFO - 
2026-08-21 13:03:33 - INFO -       safe (0)     0.8590    0.8072    0.8323        83
2026-08-21 13:03:33 - INFO - vulnerable (1)     0.7838    0.8406    0.8112        69
2026-08-21 13:03:33 - INFO - 
2026-08-21 13:03:33 - INFO -       accuracy                         0.8224       152
2026-08-21 13:03:33 - INFO -      macro avg     0.8214    0.8239    0.8217       152
2026-08-21 13:03:33 - INFO -   weighted avg     0.8248    0.8224    0.8227       152
2026-08-21 13:03:33 - INFO - Confusion matrix - [[tn=67, fp=16], [fn=11, tp=58]]
2026-08-21 13:03:33 - INFO - probability_positive min=0.0008 mean=0.4727 std=0.4789 max=0.9983 predicted_0=78 predicted_1=74
2026-08-21 13:03:45 - INFO - Epoch 12/30 | Train loss: 0.084964 | Val loss: 0.788159 | LR: 2.00e-05 | Best epoch: 12 | Patience: 0 | Train: 9.69s | Validation: 1.06s | Epoch: 11.19s | Total: 131.73s
2026-08-21 13:03:45 - INFO - RecAdam target-task weight at epoch end: 1.000000
2026-08-21 13:03:45 - INFO - [Classification Report - split=train epoch=12 - threshold=0.50]
2026-08-21 13:03:45 - INFO -                 precision    recall  f1-score   support
2026-08-21 13:03:45 - INFO - 
2026-08-21 13:03:45 - INFO -       safe (0)     0.9591    0.9724    0.9657       217
2026-08-21 13:03:45 - INFO - vulnerable (1)     0.9746    0.9623    0.9684       239
2026-08-21 13:03:45 - INFO - 
2026-08-21 13:03:45 - INFO -       accuracy                         0.9671       456
2026-08-21 13:03:45 - INFO -      macro avg     0.9668    0.9673    0.9670       456
2026-08-21 13:03:45 - INFO -   weighted avg     0.9672    0.9671    0.9671       456
2026-08-21 13:03:45 - INFO - Confusion matrix - [[tn=211, fp=6], [fn=9, tp=230]]
2026-08-21 13:03:45 - INFO - probability_positive min=0.0009 mean=0.5156 std=0.4825 max=0.9984 predicted_0=220 predicted_1=236
2026-08-21 13:03:45 - INFO - [Classification Report - split=validation epoch=12 - threshold=0.50]
2026-08-21 13:03:45 - INFO -                 precision    recall  f1-score   support
2026-08-21 13:03:45 - INFO - 
2026-08-21 13:03:45 - INFO -       safe (0)     0.9041    0.7952    0.8462        83
2026-08-21 13:03:45 - INFO - vulnerable (1)     0.7848    0.8986    0.8378        69
2026-08-21 13:03:45 - INFO - 
2026-08-21 13:03:45 - INFO -       accuracy                         0.8421       152
2026-08-21 13:03:45 - INFO -      macro avg     0.8445    0.8469    0.8420       152
2026-08-21 13:03:45 - INFO -   weighted avg     0.8500    0.8421    0.8424       152
2026-08-21 13:03:45 - INFO - Confusion matrix - [[tn=66, fp=17], [fn=7, tp=62]]
2026-08-21 13:03:45 - INFO - probability_positive min=0.0006 mean=0.5142 std=0.4885 max=0.9990 predicted_0=73 predicted_1=79
2026-08-21 13:03:45 - INFO - New best model | Macro-F1: 0.841996 | Epoch: 12
2026-08-21 13:03:56 - INFO - Epoch 13/30 | Train loss: 0.067044 | Val loss: 0.829043 | LR: 2.00e-05 | Best epoch: 13 | Patience: 0 | Train: 9.69s | Validation: 1.06s | Epoch: 11.18s | Total: 142.93s
2026-08-21 13:03:56 - INFO - RecAdam target-task weight at epoch end: 1.000000
2026-08-21 13:03:56 - INFO - [Classification Report - split=train epoch=13 - threshold=0.50]
2026-08-21 13:03:56 - INFO -                 precision    recall  f1-score   support
2026-08-21 13:03:56 - INFO - 
2026-08-21 13:03:56 - INFO -       safe (0)     0.9770    0.9770    0.9770       217
2026-08-21 13:03:56 - INFO - vulnerable (1)     0.9791    0.9791    0.9791       239
2026-08-21 13:03:56 - INFO - 
2026-08-21 13:03:56 - INFO -       accuracy                         0.9781       456
2026-08-21 13:03:56 - INFO -      macro avg     0.9780    0.9780    0.9780       456
2026-08-21 13:03:56 - INFO -   weighted avg     0.9781    0.9781    0.9781       456
2026-08-21 13:03:56 - INFO - Confusion matrix - [[tn=212, fp=5], [fn=5, tp=234]]
2026-08-21 13:03:56 - INFO - probability_positive min=0.0008 mean=0.5228 std=0.4881 max=0.9990 predicted_0=217 predicted_1=239
2026-08-21 13:03:56 - INFO - [Classification Report - split=validation epoch=13 - threshold=0.50]
2026-08-21 13:03:56 - INFO -                 precision    recall  f1-score   support
2026-08-21 13:03:56 - INFO - 
2026-08-21 13:03:56 - INFO -       safe (0)     0.9054    0.8072    0.8535        83
2026-08-21 13:03:56 - INFO - vulnerable (1)     0.7949    0.8986    0.8435        69
2026-08-21 13:03:56 - INFO - 
2026-08-21 13:03:56 - INFO -       accuracy                         0.8487       152
2026-08-21 13:03:56 - INFO -      macro avg     0.8501    0.8529    0.8485       152
2026-08-21 13:03:56 - INFO -   weighted avg     0.8552    0.8487    0.8490       152
2026-08-21 13:03:56 - INFO - Confusion matrix - [[tn=67, fp=16], [fn=7, tp=62]]
2026-08-21 13:03:56 - INFO - probability_positive min=0.0006 mean=0.5134 std=0.4933 max=0.9994 predicted_0=74 predicted_1=78
2026-08-21 13:03:56 - INFO - New best model | Macro-F1: 0.848520 | Epoch: 13
2026-08-21 13:04:07 - INFO - Epoch 14/30 | Train loss: 0.048040 | Val loss: 0.947910 | LR: 2.00e-05 | Best epoch: 13 | Patience: 1 | Train: 9.69s | Validation: 1.06s | Epoch: 10.75s | Total: 153.71s
2026-08-21 13:04:07 - INFO - RecAdam target-task weight at epoch end: 1.000000
2026-08-21 13:04:07 - INFO - [Classification Report - split=train epoch=14 - threshold=0.50]
2026-08-21 13:04:07 - INFO -                 precision    recall  f1-score   support
2026-08-21 13:04:07 - INFO - 
2026-08-21 13:04:07 - INFO -       safe (0)     0.9817    0.9862    0.9839       217
2026-08-21 13:04:07 - INFO - vulnerable (1)     0.9874    0.9833    0.9853       239
2026-08-21 13:04:07 - INFO - 
2026-08-21 13:04:07 - INFO -       accuracy                         0.9846       456
2026-08-21 13:04:07 - INFO -      macro avg     0.9845    0.9847    0.9846       456
2026-08-21 13:04:07 - INFO -   weighted avg     0.9847    0.9846    0.9847       456
2026-08-21 13:04:07 - INFO - Confusion matrix - [[tn=214, fp=3], [fn=4, tp=235]]
2026-08-21 13:04:07 - INFO - probability_positive min=0.0009 mean=0.5245 std=0.4920 max=0.9994 predicted_0=218 predicted_1=238
2026-08-21 13:04:07 - INFO - [Classification Report - split=validation epoch=14 - threshold=0.50]
2026-08-21 13:04:07 - INFO -                 precision    recall  f1-score   support
2026-08-21 13:04:07 - INFO - 
2026-08-21 13:04:07 - INFO -       safe (0)     0.9028    0.7831    0.8387        83
2026-08-21 13:04:07 - INFO - vulnerable (1)     0.7750    0.8986    0.8322        69
2026-08-21 13:04:07 - INFO - 
2026-08-21 13:04:07 - INFO -       accuracy                         0.8355       152
2026-08-21 13:04:07 - INFO -      macro avg     0.8389    0.8408    0.8355       152
2026-08-21 13:04:07 - INFO -   weighted avg     0.8448    0.8355    0.8358       152
2026-08-21 13:04:07 - INFO - Confusion matrix - [[tn=65, fp=18], [fn=7, tp=62]]
2026-08-21 13:04:07 - INFO - probability_positive min=0.0006 mean=0.5283 std=0.4924 max=0.9995 predicted_0=72 predicted_1=80
2026-08-21 13:04:17 - INFO - Epoch 15/30 | Train loss: 0.065384 | Val loss: 0.988393 | LR: 2.00e-05 | Best epoch: 13 | Patience: 2 | Train: 9.69s | Validation: 1.06s | Epoch: 10.75s | Total: 164.47s
2026-08-21 13:04:17 - INFO - RecAdam target-task weight at epoch end: 1.000000
2026-08-21 13:04:17 - INFO - [Classification Report - split=train epoch=15 - threshold=0.50]
2026-08-21 13:04:17 - INFO -                 precision    recall  f1-score   support
2026-08-21 13:04:17 - INFO - 
2026-08-21 13:04:17 - INFO -       safe (0)     0.9685    0.9908    0.9795       217
2026-08-21 13:04:17 - INFO - vulnerable (1)     0.9915    0.9707    0.9810       239
2026-08-21 13:04:17 - INFO - 
2026-08-21 13:04:17 - INFO -       accuracy                         0.9803       456
2026-08-21 13:04:17 - INFO -      macro avg     0.9800    0.9807    0.9802       456
2026-08-21 13:04:17 - INFO -   weighted avg     0.9805    0.9803    0.9803       456
2026-08-21 13:04:17 - INFO - Confusion matrix - [[tn=215, fp=2], [fn=7, tp=232]]
2026-08-21 13:04:17 - INFO - probability_positive min=0.0007 mean=0.5152 std=0.4940 max=0.9995 predicted_0=222 predicted_1=234
2026-08-21 13:04:17 - INFO - [Classification Report - split=validation epoch=15 - threshold=0.50]
2026-08-21 13:04:17 - INFO -                 precision    recall  f1-score   support
2026-08-21 13:04:17 - INFO - 
2026-08-21 13:04:17 - INFO -       safe (0)     0.9143    0.7711    0.8366        83
2026-08-21 13:04:17 - INFO - vulnerable (1)     0.7683    0.9130    0.8344        69
2026-08-21 13:04:17 - INFO - 
2026-08-21 13:04:17 - INFO -       accuracy                         0.8355       152
2026-08-21 13:04:17 - INFO -      macro avg     0.8413    0.8421    0.8355       152
2026-08-21 13:04:17 - INFO -   weighted avg     0.8480    0.8355    0.8356       152
2026-08-21 13:04:17 - INFO - Confusion matrix - [[tn=64, fp=19], [fn=6, tp=63]]
2026-08-21 13:04:17 - INFO - probability_positive min=0.0005 mean=0.5484 std=0.4881 max=0.9996 predicted_0=70 predicted_1=82
2026-08-21 13:04:28 - INFO - Epoch 16/30 | Train loss: 0.050546 | Val loss: 0.984346 | LR: 2.00e-05 | Best epoch: 13 | Patience: 3 | Train: 9.69s | Validation: 1.06s | Epoch: 10.75s | Total: 175.22s
2026-08-21 13:04:28 - INFO - RecAdam target-task weight at epoch end: 1.000000
2026-08-21 13:04:28 - INFO - [Classification Report - split=train epoch=16 - threshold=0.50]
2026-08-21 13:04:28 - INFO -                 precision    recall  f1-score   support
2026-08-21 13:04:28 - INFO - 
2026-08-21 13:04:28 - INFO -       safe (0)     0.9727    0.9862    0.9794       217
2026-08-21 13:04:28 - INFO - vulnerable (1)     0.9873    0.9749    0.9811       239
2026-08-21 13:04:28 - INFO - 
2026-08-21 13:04:28 - INFO -       accuracy                         0.9803       456
2026-08-21 13:04:28 - INFO -      macro avg     0.9800    0.9805    0.9802       456
2026-08-21 13:04:28 - INFO -   weighted avg     0.9804    0.9803    0.9803       456
2026-08-21 13:04:28 - INFO - Confusion matrix - [[tn=214, fp=3], [fn=6, tp=233]]
2026-08-21 13:04:28 - INFO - probability_positive min=0.0006 mean=0.5202 std=0.4908 max=0.9996 predicted_0=220 predicted_1=236
2026-08-21 13:04:28 - INFO - [Classification Report - split=validation epoch=16 - threshold=0.50]
2026-08-21 13:04:28 - INFO -                 precision    recall  f1-score   support
2026-08-21 13:04:28 - INFO - 
2026-08-21 13:04:28 - INFO -       safe (0)     0.9028    0.7831    0.8387        83
2026-08-21 13:04:28 - INFO - vulnerable (1)     0.7750    0.8986    0.8322        69
2026-08-21 13:04:28 - INFO - 
2026-08-21 13:04:28 - INFO -       accuracy                         0.8355       152
2026-08-21 13:04:28 - INFO -      macro avg     0.8389    0.8408    0.8355       152
2026-08-21 13:04:28 - INFO -   weighted avg     0.8448    0.8355    0.8358       152
2026-08-21 13:04:28 - INFO - Confusion matrix - [[tn=65, fp=18], [fn=7, tp=62]]
2026-08-21 13:04:28 - INFO - probability_positive min=0.0005 mean=0.5232 std=0.4936 max=0.9997 predicted_0=72 predicted_1=80
2026-08-21 13:04:39 - INFO - Epoch 17/30 | Train loss: 0.067349 | Val loss: 0.865664 | LR: 2.00e-05 | Best epoch: 17 | Patience: 0 | Train: 9.69s | Validation: 1.06s | Epoch: 11.19s | Total: 186.42s
2026-08-21 13:04:39 - INFO - RecAdam target-task weight at epoch end: 1.000000
2026-08-21 13:04:39 - INFO - [Classification Report - split=train epoch=17 - threshold=0.50]
2026-08-21 13:04:39 - INFO -                 precision    recall  f1-score   support
2026-08-21 13:04:39 - INFO - 
2026-08-21 13:04:39 - INFO -       safe (0)     0.9861    0.9816    0.9838       217
2026-08-21 13:04:39 - INFO - vulnerable (1)     0.9833    0.9874    0.9854       239
2026-08-21 13:04:39 - INFO - 
2026-08-21 13:04:39 - INFO -       accuracy                         0.9846       456
2026-08-21 13:04:39 - INFO -      macro avg     0.9847    0.9845    0.9846       456
2026-08-21 13:04:39 - INFO -   weighted avg     0.9847    0.9846    0.9846       456
2026-08-21 13:04:39 - INFO - Confusion matrix - [[tn=213, fp=4], [fn=3, tp=236]]
2026-08-21 13:04:39 - INFO - probability_positive min=0.0006 mean=0.5292 std=0.4916 max=0.9997 predicted_0=216 predicted_1=240
2026-08-21 13:04:39 - INFO - [Classification Report - split=validation epoch=17 - threshold=0.50]
2026-08-21 13:04:39 - INFO -                 precision    recall  f1-score   support
2026-08-21 13:04:39 - INFO - 
2026-08-21 13:04:39 - INFO -       safe (0)     0.9067    0.8193    0.8608        83
2026-08-21 13:04:39 - INFO - vulnerable (1)     0.8052    0.8986    0.8493        69
2026-08-21 13:04:39 - INFO - 
2026-08-21 13:04:39 - INFO -       accuracy                         0.8553       152
2026-08-21 13:04:39 - INFO -      macro avg     0.8559    0.8589    0.8550       152
2026-08-21 13:04:39 - INFO -   weighted avg     0.8606    0.8553    0.8556       152
2026-08-21 13:04:39 - INFO - Confusion matrix - [[tn=68, fp=15], [fn=7, tp=62]]
2026-08-21 13:04:39 - INFO - probability_positive min=0.0004 mean=0.5105 std=0.4944 max=0.9997 predicted_0=75 predicted_1=77
2026-08-21 13:04:39 - INFO - New best model | Macro-F1: 0.855037 | Epoch: 17
2026-08-21 13:04:50 - INFO - Epoch 18/30 | Train loss: 0.042864 | Val loss: 0.888598 | LR: 2.00e-05 | Best epoch: 17 | Patience: 1 | Train: 9.69s | Validation: 1.06s | Epoch: 10.75s | Total: 197.18s
2026-08-21 13:04:50 - INFO - RecAdam target-task weight at epoch end: 1.000000
2026-08-21 13:04:50 - INFO - [Classification Report - split=train epoch=18 - threshold=0.50]
2026-08-21 13:04:50 - INFO -                 precision    recall  f1-score   support
2026-08-21 13:04:50 - INFO - 
2026-08-21 13:04:50 - INFO -       safe (0)     0.9771    0.9816    0.9793       217
2026-08-21 13:04:50 - INFO - vulnerable (1)     0.9832    0.9791    0.9811       239
2026-08-21 13:04:50 - INFO - 
2026-08-21 13:04:50 - INFO -       accuracy                         0.9803       456
2026-08-21 13:04:50 - INFO -      macro avg     0.9801    0.9803    0.9802       456
2026-08-21 13:04:50 - INFO -   weighted avg     0.9803    0.9803    0.9803       456
2026-08-21 13:04:50 - INFO - Confusion matrix - [[tn=213, fp=4], [fn=5, tp=234]]
2026-08-21 13:04:50 - INFO - probability_positive min=0.0004 mean=0.5198 std=0.4918 max=0.9997 predicted_0=218 predicted_1=238
2026-08-21 13:04:50 - INFO - [Classification Report - split=validation epoch=18 - threshold=0.50]
2026-08-21 13:04:50 - INFO -                 precision    recall  f1-score   support
2026-08-21 13:04:50 - INFO - 
2026-08-21 13:04:50 - INFO -       safe (0)     0.9054    0.8072    0.8535        83
2026-08-21 13:04:50 - INFO - vulnerable (1)     0.7949    0.8986    0.8435        69
2026-08-21 13:04:50 - INFO - 
2026-08-21 13:04:50 - INFO -       accuracy                         0.8487       152
2026-08-21 13:04:50 - INFO -      macro avg     0.8501    0.8529    0.8485       152
2026-08-21 13:04:50 - INFO -   weighted avg     0.8552    0.8487    0.8490       152
2026-08-21 13:04:50 - INFO - Confusion matrix - [[tn=67, fp=16], [fn=7, tp=62]]
2026-08-21 13:04:50 - INFO - probability_positive min=0.0003 mean=0.5179 std=0.4929 max=0.9997 predicted_0=74 predicted_1=78
2026-08-21 13:05:01 - INFO - Epoch 19/30 | Train loss: 0.026779 | Val loss: 0.988708 | LR: 2.00e-05 | Best epoch: 17 | Patience: 2 | Train: 9.69s | Validation: 1.06s | Epoch: 10.75s | Total: 207.94s
2026-08-21 13:05:01 - INFO - RecAdam target-task weight at epoch end: 1.000000
2026-08-21 13:05:01 - INFO - [Classification Report - split=train epoch=19 - threshold=0.50]
2026-08-21 13:05:01 - INFO -                 precision    recall  f1-score   support
2026-08-21 13:05:01 - INFO - 
2026-08-21 13:05:01 - INFO -       safe (0)     0.9862    0.9862    0.9862       217
2026-08-21 13:05:01 - INFO - vulnerable (1)     0.9874    0.9874    0.9874       239
2026-08-21 13:05:01 - INFO - 
2026-08-21 13:05:01 - INFO -       accuracy                         0.9868       456
2026-08-21 13:05:01 - INFO -      macro avg     0.9868    0.9868    0.9868       456
2026-08-21 13:05:01 - INFO -   weighted avg     0.9868    0.9868    0.9868       456
2026-08-21 13:05:01 - INFO - Confusion matrix - [[tn=214, fp=3], [fn=3, tp=236]]
2026-08-21 13:05:01 - INFO - probability_positive min=0.0004 mean=0.5247 std=0.4929 max=0.9997 predicted_0=217 predicted_1=239
2026-08-21 13:05:01 - INFO - [Classification Report - split=validation epoch=19 - threshold=0.50]
2026-08-21 13:05:01 - INFO -                 precision    recall  f1-score   support
2026-08-21 13:05:01 - INFO - 
2026-08-21 13:05:01 - INFO -       safe (0)     0.9041    0.7952    0.8462        83
2026-08-21 13:05:01 - INFO - vulnerable (1)     0.7848    0.8986    0.8378        69
2026-08-21 13:05:01 - INFO - 
2026-08-21 13:05:01 - INFO -       accuracy                         0.8421       152
2026-08-21 13:05:01 - INFO -      macro avg     0.8445    0.8469    0.8420       152
2026-08-21 13:05:01 - INFO -   weighted avg     0.8500    0.8421    0.8424       152
2026-08-21 13:05:01 - INFO - Confusion matrix - [[tn=66, fp=17], [fn=7, tp=62]]
2026-08-21 13:05:01 - INFO - probability_positive min=0.0003 mean=0.5165 std=0.4959 max=0.9998 predicted_0=73 predicted_1=79
2026-08-21 13:05:12 - INFO - Epoch 20/30 | Train loss: 0.028670 | Val loss: 0.805971 | LR: 2.00e-05 | Best epoch: 20 | Patience: 0 | Train: 9.69s | Validation: 1.06s | Epoch: 11.18s | Total: 219.14s
2026-08-21 13:05:12 - INFO - RecAdam target-task weight at epoch end: 1.000000
2026-08-21 13:05:12 - INFO - [Classification Report - split=train epoch=20 - threshold=0.50]
2026-08-21 13:05:12 - INFO -                 precision    recall  f1-score   support
2026-08-21 13:05:12 - INFO - 
2026-08-21 13:05:12 - INFO -       safe (0)     0.9861    0.9816    0.9838       217
2026-08-21 13:05:12 - INFO - vulnerable (1)     0.9833    0.9874    0.9854       239
2026-08-21 13:05:12 - INFO - 
2026-08-21 13:05:12 - INFO -       accuracy                         0.9846       456
2026-08-21 13:05:12 - INFO -      macro avg     0.9847    0.9845    0.9846       456
2026-08-21 13:05:12 - INFO -   weighted avg     0.9847    0.9846    0.9846       456
2026-08-21 13:05:12 - INFO - Confusion matrix - [[tn=213, fp=4], [fn=3, tp=236]]
2026-08-21 13:05:12 - INFO - probability_positive min=0.0004 mean=0.5260 std=0.4931 max=0.9998 predicted_0=216 predicted_1=240
2026-08-21 13:05:12 - INFO - [Classification Report - split=validation epoch=20 - threshold=0.50]
2026-08-21 13:05:12 - INFO -                 precision    recall  f1-score   support
2026-08-21 13:05:12 - INFO - 
2026-08-21 13:05:12 - INFO -       safe (0)     0.9091    0.8434    0.8750        83
2026-08-21 13:05:12 - INFO - vulnerable (1)     0.8267    0.8986    0.8611        69
2026-08-21 13:05:12 - INFO - 
2026-08-21 13:05:12 - INFO -       accuracy                         0.8684       152
2026-08-21 13:05:12 - INFO -      macro avg     0.8679    0.8710    0.8681       152
2026-08-21 13:05:12 - INFO -   weighted avg     0.8717    0.8684    0.8687       152
2026-08-21 13:05:12 - INFO - Confusion matrix - [[tn=70, fp=13], [fn=7, tp=62]]
2026-08-21 13:05:12 - INFO - probability_positive min=0.0002 mean=0.4867 std=0.4928 max=0.9998 predicted_0=77 predicted_1=75
2026-08-21 13:05:12 - INFO - New best model | Macro-F1: 0.868056 | Epoch: 20
2026-08-21 13:05:23 - INFO - Epoch 21/30 | Train loss: 0.019323 | Val loss: 1.178590 | LR: 2.00e-05 | Best epoch: 20 | Patience: 1 | Train: 9.69s | Validation: 1.06s | Epoch: 10.75s | Total: 229.90s
2026-08-21 13:05:23 - INFO - RecAdam target-task weight at epoch end: 1.000000
2026-08-21 13:05:23 - INFO - [Classification Report - split=train epoch=21 - threshold=0.50]
2026-08-21 13:05:23 - INFO -                 precision    recall  f1-score   support
2026-08-21 13:05:23 - INFO - 
2026-08-21 13:05:23 - INFO -       safe (0)     0.9908    0.9908    0.9908       217
2026-08-21 13:05:23 - INFO - vulnerable (1)     0.9916    0.9916    0.9916       239
2026-08-21 13:05:23 - INFO - 
2026-08-21 13:05:23 - INFO -       accuracy                         0.9912       456
2026-08-21 13:05:23 - INFO -      macro avg     0.9912    0.9912    0.9912       456
2026-08-21 13:05:23 - INFO -   weighted avg     0.9912    0.9912    0.9912       456
2026-08-21 13:05:23 - INFO - Confusion matrix - [[tn=215, fp=2], [fn=2, tp=237]]
2026-08-21 13:05:23 - INFO - probability_positive min=0.0003 mean=0.5214 std=0.4950 max=0.9998 predicted_0=217 predicted_1=239
2026-08-21 13:05:23 - INFO - [Classification Report - split=validation epoch=21 - threshold=0.50]
2026-08-21 13:05:23 - INFO -                 precision    recall  f1-score   support
2026-08-21 13:05:23 - INFO - 
2026-08-21 13:05:23 - INFO -       safe (0)     0.9041    0.7952    0.8462        83
2026-08-21 13:05:23 - INFO - vulnerable (1)     0.7848    0.8986    0.8378        69
2026-08-21 13:05:23 - INFO - 
2026-08-21 13:05:23 - INFO -       accuracy                         0.8421       152
2026-08-21 13:05:23 - INFO -      macro avg     0.8445    0.8469    0.8420       152
2026-08-21 13:05:23 - INFO -   weighted avg     0.8500    0.8421    0.8424       152
2026-08-21 13:05:23 - INFO - Confusion matrix - [[tn=66, fp=17], [fn=7, tp=62]]
2026-08-21 13:05:23 - INFO - probability_positive min=0.0002 mean=0.5184 std=0.4979 max=0.9998 predicted_0=73 predicted_1=79
2026-08-21 13:05:33 - INFO - Epoch 22/30 | Train loss: 0.023492 | Val loss: 1.059006 | LR: 2.00e-05 | Best epoch: 20 | Patience: 2 | Train: 9.69s | Validation: 1.06s | Epoch: 10.75s | Total: 240.66s
2026-08-21 13:05:33 - INFO - RecAdam target-task weight at epoch end: 1.000000
2026-08-21 13:05:33 - INFO - [Classification Report - split=train epoch=22 - threshold=0.50]
2026-08-21 13:05:33 - INFO -                 precision    recall  f1-score   support
2026-08-21 13:05:33 - INFO - 
2026-08-21 13:05:33 - INFO -       safe (0)     0.9953    0.9862    0.9907       217
2026-08-21 13:05:33 - INFO - vulnerable (1)     0.9876    0.9958    0.9917       239
2026-08-21 13:05:33 - INFO - 
2026-08-21 13:05:33 - INFO -       accuracy                         0.9912       456
2026-08-21 13:05:33 - INFO -      macro avg     0.9915    0.9910    0.9912       456
2026-08-21 13:05:33 - INFO -   weighted avg     0.9913    0.9912    0.9912       456
2026-08-21 13:05:33 - INFO - Confusion matrix - [[tn=214, fp=3], [fn=1, tp=238]]
2026-08-21 13:05:33 - INFO - probability_positive min=0.0002 mean=0.5262 std=0.4950 max=0.9998 predicted_0=215 predicted_1=241
2026-08-21 13:05:33 - INFO - [Classification Report - split=validation epoch=22 - threshold=0.50]
2026-08-21 13:05:33 - INFO -                 precision    recall  f1-score   support
2026-08-21 13:05:33 - INFO - 
2026-08-21 13:05:33 - INFO -       safe (0)     0.9054    0.8072    0.8535        83
2026-08-21 13:05:33 - INFO - vulnerable (1)     0.7949    0.8986    0.8435        69
2026-08-21 13:05:33 - INFO - 
2026-08-21 13:05:33 - INFO -       accuracy                         0.8487       152
2026-08-21 13:05:33 - INFO -      macro avg     0.8501    0.8529    0.8485       152
2026-08-21 13:05:33 - INFO -   weighted avg     0.8552    0.8487    0.8490       152
2026-08-21 13:05:33 - INFO - Confusion matrix - [[tn=67, fp=16], [fn=7, tp=62]]
2026-08-21 13:05:33 - INFO - probability_positive min=0.0002 mean=0.5125 std=0.4961 max=0.9999 predicted_0=74 predicted_1=78
2026-08-21 13:05:44 - INFO - Epoch 23/30 | Train loss: 0.008221 | Val loss: 1.062371 | LR: 2.00e-05 | Best epoch: 20 | Patience: 3 | Train: 9.69s | Validation: 1.06s | Epoch: 10.75s | Total: 251.42s
2026-08-21 13:05:44 - INFO - RecAdam target-task weight at epoch end: 1.000000
2026-08-21 13:05:44 - INFO - [Classification Report - split=train epoch=23 - threshold=0.50]
2026-08-21 13:05:44 - INFO -                 precision    recall  f1-score   support
2026-08-21 13:05:44 - INFO - 
2026-08-21 13:05:44 - INFO -       safe (0)     0.9954    0.9954    0.9954       217
2026-08-21 13:05:44 - INFO - vulnerable (1)     0.9958    0.9958    0.9958       239
2026-08-21 13:05:44 - INFO - 
2026-08-21 13:05:44 - INFO -       accuracy                         0.9956       456
2026-08-21 13:05:44 - INFO -      macro avg     0.9956    0.9956    0.9956       456
2026-08-21 13:05:44 - INFO -   weighted avg     0.9956    0.9956    0.9956       456
2026-08-21 13:05:44 - INFO - Confusion matrix - [[tn=216, fp=1], [fn=1, tp=238]]
2026-08-21 13:05:44 - INFO - probability_positive min=0.0002 mean=0.5253 std=0.4957 max=0.9998 predicted_0=217 predicted_1=239
2026-08-21 13:05:44 - INFO - [Classification Report - split=validation epoch=23 - threshold=0.50]
2026-08-21 13:05:44 - INFO -                 precision    recall  f1-score   support
2026-08-21 13:05:44 - INFO - 
2026-08-21 13:05:44 - INFO -       safe (0)     0.9067    0.8193    0.8608        83
2026-08-21 13:05:44 - INFO - vulnerable (1)     0.8052    0.8986    0.8493        69
2026-08-21 13:05:44 - INFO - 
2026-08-21 13:05:44 - INFO -       accuracy                         0.8553       152
2026-08-21 13:05:44 - INFO -      macro avg     0.8559    0.8589    0.8550       152
2026-08-21 13:05:44 - INFO -   weighted avg     0.8606    0.8553    0.8556       152
2026-08-21 13:05:44 - INFO - Confusion matrix - [[tn=68, fp=15], [fn=7, tp=62]]
2026-08-21 13:05:44 - INFO - probability_positive min=0.0002 mean=0.5032 std=0.4966 max=0.9999 predicted_0=75 predicted_1=77
2026-08-21 13:05:55 - INFO - Epoch 24/30 | Train loss: 0.016903 | Val loss: 1.286193 | LR: 2.00e-05 | Best epoch: 20 | Patience: 4 | Train: 9.69s | Validation: 1.06s | Epoch: 10.75s | Total: 262.18s
2026-08-21 13:05:55 - INFO - RecAdam target-task weight at epoch end: 1.000000
2026-08-21 13:05:55 - INFO - [Classification Report - split=train epoch=24 - threshold=0.50]
2026-08-21 13:05:55 - INFO -                 precision    recall  f1-score   support
2026-08-21 13:05:55 - INFO - 
2026-08-21 13:05:55 - INFO -       safe (0)     0.9908    0.9954    0.9931       217
2026-08-21 13:05:55 - INFO - vulnerable (1)     0.9958    0.9916    0.9937       239
2026-08-21 13:05:55 - INFO - 
2026-08-21 13:05:55 - INFO -       accuracy                         0.9934       456
2026-08-21 13:05:55 - INFO -      macro avg     0.9933    0.9935    0.9934       456
2026-08-21 13:05:55 - INFO -   weighted avg     0.9934    0.9934    0.9934       456
2026-08-21 13:05:55 - INFO - Confusion matrix - [[tn=216, fp=1], [fn=2, tp=237]]
2026-08-21 13:05:55 - INFO - probability_positive min=0.0002 mean=0.5225 std=0.4961 max=0.9999 predicted_0=218 predicted_1=238
2026-08-21 13:05:55 - INFO - [Classification Report - split=validation epoch=24 - threshold=0.50]
2026-08-21 13:05:55 - INFO -                 precision    recall  f1-score   support
2026-08-21 13:05:55 - INFO - 
2026-08-21 13:05:55 - INFO -       safe (0)     0.9014    0.7711    0.8312        83
2026-08-21 13:05:55 - INFO - vulnerable (1)     0.7654    0.8986    0.8267        69
2026-08-21 13:05:55 - INFO - 
2026-08-21 13:05:55 - INFO -       accuracy                         0.8289       152
2026-08-21 13:05:55 - INFO -      macro avg     0.8334    0.8348    0.8289       152
2026-08-21 13:05:55 - INFO -   weighted avg     0.8397    0.8289    0.8291       152
2026-08-21 13:05:55 - INFO - Confusion matrix - [[tn=64, fp=19], [fn=7, tp=62]]
2026-08-21 13:05:55 - INFO - probability_positive min=0.0002 mean=0.5333 std=0.4947 max=0.9999 predicted_0=71 predicted_1=81
2026-08-21 13:06:06 - INFO - Epoch 25/30 | Train loss: 0.010752 | Val loss: 1.072340 | LR: 2.00e-05 | Best epoch: 20 | Patience: 5 | Train: 9.69s | Validation: 1.06s | Epoch: 10.75s | Total: 272.94s
2026-08-21 13:06:06 - INFO - RecAdam target-task weight at epoch end: 1.000000
2026-08-21 13:06:06 - INFO - [Classification Report - split=train epoch=25 - threshold=0.50]
2026-08-21 13:06:06 - INFO -                 precision    recall  f1-score   support
2026-08-21 13:06:06 - INFO - 
2026-08-21 13:06:06 - INFO -       safe (0)     0.9953    0.9862    0.9907       217
2026-08-21 13:06:06 - INFO - vulnerable (1)     0.9876    0.9958    0.9917       239
2026-08-21 13:06:06 - INFO - 
2026-08-21 13:06:06 - INFO -       accuracy                         0.9912       456
2026-08-21 13:06:06 - INFO -      macro avg     0.9915    0.9910    0.9912       456
2026-08-21 13:06:06 - INFO -   weighted avg     0.9913    0.9912    0.9912       456
2026-08-21 13:06:06 - INFO - Confusion matrix - [[tn=214, fp=3], [fn=1, tp=238]]
2026-08-21 13:06:06 - INFO - probability_positive min=0.0002 mean=0.5260 std=0.4962 max=0.9999 predicted_0=215 predicted_1=241
2026-08-21 13:06:06 - INFO - [Classification Report - split=validation epoch=25 - threshold=0.50]
2026-08-21 13:06:06 - INFO -                 precision    recall  f1-score   support
2026-08-21 13:06:06 - INFO - 
2026-08-21 13:06:06 - INFO -       safe (0)     0.8947    0.8193    0.8553        83
2026-08-21 13:06:06 - INFO - vulnerable (1)     0.8026    0.8841    0.8414        69
2026-08-21 13:06:06 - INFO - 
2026-08-21 13:06:06 - INFO -       accuracy                         0.8487       152
2026-08-21 13:06:06 - INFO -      macro avg     0.8487    0.8517    0.8484       152
2026-08-21 13:06:06 - INFO -   weighted avg     0.8529    0.8487    0.8490       152
2026-08-21 13:06:06 - INFO - Confusion matrix - [[tn=68, fp=15], [fn=8, tp=61]]
2026-08-21 13:06:06 - INFO - probability_positive min=0.0001 mean=0.5019 std=0.4973 max=0.9999 predicted_0=76 predicted_1=76
2026-08-21 13:06:06 - INFO - Early stopping | Epoch: 25 | Best epoch: 20
2026-08-21 13:06:06 - INFO - Best checkpoint saved | Path: model/parent_ref_t5pm/transfer_cwe/seed_42/fold3/best.pt | Epoch: 20 | Val macro_f1: 0.868056
2026-08-21 13:06:06 - INFO - Training finished | Elapsed: 272.95s
2026-08-21 13:06:06 - INFO - Run finished | Phase: phase2 | Fold: 3 | Seed: 42 | Elapsed: 275.80s
