2026-08-22 06:15:31 - INFO - Using device: cuda
2026-08-22 06:15:31 - INFO - Run started | Run: fam2_t5p | Method: transfer_cwe | Phase: phase2 | Fold: 1 | Seed: 42 | Device: cuda
2026-08-22 06:15:31 - INFO - Loading Python training data: data/sven_python_folds_norm/fold1/train.jsonl
2026-08-22 06:15:31 - INFO - Loading Python validation data: data/sven_python_folds_norm/fold1/val.jsonl
2026-08-22 06:15:31 - INFO - Data split: python_train | Total: 456 | Labels: {0: 235, 1: 221} | CWEs: {'CWE-022': 39, 'CWE-078': 123, 'CWE-079': 49, 'CWE-089': 245} | Languages: {'python': 456} | Invalid CWE: 0
2026-08-22 06:15:31 - INFO - Data split: python_val | Total: 152 | Labels: {0: 74, 1: 78} | CWEs: {'CWE-022': 8, 'CWE-078': 42, 'CWE-079': 19, 'CWE-089': 83} | Languages: {'python': 152} | Invalid CWE: 0
2026-08-22 06:15:32 - INFO - Auxiliary head width taken from checkpoint: 4
2026-08-22 06:15:34 - INFO - Loaded source checkpoint: model/fam2_t5p/transfer_cwe/seed_42/source/best.pt | Best epoch: 15 | Best Val Macro-F1: 0.712121
2026-08-22 06:15:34 - INFO - RecAdam schedule | Total steps: 870 | Steps/epoch: 29 | Anneal t0: 43 | Weights: {1: 0.10909682119561293, 29: 0.3318122278318339, 43: 0.5, 870: 1.0}
2026-08-22 06:15:34 - INFO - Environment: {"components": {"backbone": {"frozen": 0, "total": 109607040, "trainable": 109607040}, "cwe_head": {"frozen": 3076, "total": 3076, "trainable": 0}, "vul_head": {"frozen": 0, "total": 1538, "trainable": 1538}}, "cuda": "12.8", "fold": 1, "frozen_parameters": 3076, "gpu": "NVIDIA GeForce RTX 5070 Ti", "hyperparameters": {"anneal_fun": "sigmoid", "anneal_k": 0.05, "anneal_t0_ratio": 0.05, "anneal_w": 1.0, "aux_mode": "cwe", "batch_size": 16, "checkpoint_path": "model/fam2_t5p/transfer_cwe/seed_42/fold1/best.pt", "cwe_vocab": "fixed4", "data_path": "data/train_ccpp_filtered.jsonl", "data_root": "data/sven_python_folds_norm", "epochs": 30, "eval_batch_size": 16, "fold": 1, "freeze_backbone_layers": 0, "freeze_prototypes_steps": 0, "lambda_cwe": 0.2, "latent_temperature": 0.1, "learning_rate": 2e-05, "lora_rank": 0, "lp_epochs": 0, "lp_learning_rate": 0.001, "max_eval_samples": null, "max_grad_norm": 1.0, "max_length": 512, "max_train_samples": null, "method_name": "transfer_cwe", "min_epochs": 3, "model_name": "Salesforce/codet5p-220m", "num_cwes": 4, "num_latent": 8, "num_workers": 0, "output_dir": "results/fam2_t5p/transfer_cwe", "patience": 5, "phase": "phase2", "phase2_optimizer": "recadam", "pooling": "mean", "pretrain_cof": 5000.0, "recadam_anchor": "source", "result_path": "results/fam2_t5p/transfer_cwe/seed_42/fold1.json", "run_name": "fam2_t5p", "seed": 42, "selection_metric": "macro_f1", "source_checkpoint": "model/fam2_t5p/transfer_cwe/seed_42/source/best.pt", "source_interpolation": 1.0, "strict_determinism": false, "target_lang": "python", "test_path": null, "train_path": null, "truncation_strategy": "head_middle_tail", "val_path": null, "weight_decay": 0.01}, "mode": "phase2_train", "model_name": "Salesforce/codet5p-220m", "seed": 42, "sklearn": "1.9.0", "torch": "2.11.0+cu128", "trainable_parameters": 109608578, "transformers": "4.57.1"}
2026-08-22 06:15:34 - INFO - Training started | Phase: phase2 | Epochs: 30
2026-08-22 06:15:34 - INFO - RecAdam first-step safety checks passed
2026-08-22 06:15:44 - INFO - Epoch 1/30 | Train loss: 1.105061 | Val loss: 0.887591 | LR: 2.00e-05 | Best epoch: 1 | Patience: 0 | Train: 8.59s | Validation: 0.96s | Epoch: 9.71s | Total: 9.71s
2026-08-22 06:15:44 - INFO - RecAdam target-task weight at epoch end: 0.331812
2026-08-22 06:15:44 - INFO - [Classification Report - split=train epoch=1 - threshold=0.50]
2026-08-22 06:15:44 - INFO -                 precision    recall  f1-score   support
2026-08-22 06:15:44 - INFO - 
2026-08-22 06:15:44 - INFO -       safe (0)     0.7105    0.4596    0.5581       235
2026-08-22 06:15:44 - INFO - vulnerable (1)     0.5822    0.8009    0.6743       221
2026-08-22 06:15:44 - INFO - 
2026-08-22 06:15:44 - INFO -       accuracy                         0.6250       456
2026-08-22 06:15:44 - INFO -      macro avg     0.6464    0.6302    0.6162       456
2026-08-22 06:15:44 - INFO -   weighted avg     0.6484    0.6250    0.6144       456
2026-08-22 06:15:44 - INFO - Confusion matrix - [[tn=108, fp=127], [fn=44, tp=177]]
2026-08-22 06:15:44 - INFO - probability_positive min=0.0013 mean=0.6526 std=0.3213 max=0.9991 predicted_0=152 predicted_1=304
2026-08-22 06:15:44 - INFO - [Classification Report - split=validation epoch=1 - threshold=0.50]
2026-08-22 06:15:44 - INFO -                 precision    recall  f1-score   support
2026-08-22 06:15:44 - INFO - 
2026-08-22 06:15:44 - INFO -       safe (0)     0.6351    0.6351    0.6351        74
2026-08-22 06:15:44 - INFO - vulnerable (1)     0.6538    0.6538    0.6538        78
2026-08-22 06:15:44 - INFO - 
2026-08-22 06:15:44 - INFO -       accuracy                         0.6447       152
2026-08-22 06:15:44 - INFO -      macro avg     0.6445    0.6445    0.6445       152
2026-08-22 06:15:44 - INFO -   weighted avg     0.6447    0.6447    0.6447       152
2026-08-22 06:15:44 - INFO - Confusion matrix - [[tn=47, fp=27], [fn=27, tp=51]]
2026-08-22 06:15:44 - INFO - probability_positive min=0.0007 mean=0.5430 std=0.3307 max=0.9986 predicted_0=74 predicted_1=78
2026-08-22 06:15:44 - INFO - New best model | Macro-F1: 0.644491 | Epoch: 1
2026-08-22 06:15:53 - INFO - Epoch 2/30 | Train loss: 0.678529 | Val loss: 0.625575 | LR: 2.00e-05 | Best epoch: 1 | Patience: 0 | Train: 8.40s | Validation: 0.95s | Epoch: 9.35s | Total: 19.07s
2026-08-22 06:15:53 - INFO - RecAdam target-task weight at epoch end: 0.679179
2026-08-22 06:15:53 - INFO - [Classification Report - split=train epoch=2 - threshold=0.50]
2026-08-22 06:15:53 - INFO -                 precision    recall  f1-score   support
2026-08-22 06:15:53 - INFO - 
2026-08-22 06:15:53 - INFO -       safe (0)     0.6388    0.7149    0.6747       235
2026-08-22 06:15:53 - INFO - vulnerable (1)     0.6528    0.5701    0.6087       221
2026-08-22 06:15:53 - INFO - 
2026-08-22 06:15:53 - INFO -       accuracy                         0.6447       456
2026-08-22 06:15:53 - INFO -      macro avg     0.6458    0.6425    0.6417       456
2026-08-22 06:15:53 - INFO -   weighted avg     0.6456    0.6447    0.6427       456
2026-08-22 06:15:53 - INFO - Confusion matrix - [[tn=168, fp=67], [fn=95, tp=126]]
2026-08-22 06:15:53 - INFO - probability_positive min=0.0014 mean=0.4759 std=0.2457 max=0.9971 predicted_0=263 predicted_1=193
2026-08-22 06:15:53 - INFO - [Classification Report - split=validation epoch=2 - threshold=0.50]
2026-08-22 06:15:53 - INFO -                 precision    recall  f1-score   support
2026-08-22 06:15:53 - INFO - 
2026-08-22 06:15:53 - INFO -       safe (0)     0.6067    0.7297    0.6626        74
2026-08-22 06:15:53 - INFO - vulnerable (1)     0.6825    0.5513    0.6099        78
2026-08-22 06:15:53 - INFO - 
2026-08-22 06:15:53 - INFO -       accuracy                         0.6382       152
2026-08-22 06:15:53 - INFO -      macro avg     0.6446    0.6405    0.6363       152
2026-08-22 06:15:53 - INFO -   weighted avg     0.6456    0.6382    0.6356       152
2026-08-22 06:15:53 - INFO - Confusion matrix - [[tn=54, fp=20], [fn=35, tp=43]]
2026-08-22 06:15:53 - INFO - probability_positive min=0.0012 mean=0.4521 std=0.2666 max=0.9982 predicted_0=89 predicted_1=63
2026-08-22 06:16:03 - INFO - Epoch 3/30 | Train loss: 0.521233 | Val loss: 0.463093 | LR: 2.00e-05 | Best epoch: 3 | Patience: 0 | Train: 8.40s | Validation: 0.95s | Epoch: 9.58s | Total: 28.66s
2026-08-22 06:16:03 - INFO - RecAdam target-task weight at epoch end: 0.900250
2026-08-22 06:16:03 - INFO - [Classification Report - split=train epoch=3 - threshold=0.50]
2026-08-22 06:16:03 - INFO -                 precision    recall  f1-score   support
2026-08-22 06:16:03 - INFO - 
2026-08-22 06:16:03 - INFO -       safe (0)     0.7373    0.8000    0.7673       235
2026-08-22 06:16:03 - INFO - vulnerable (1)     0.7662    0.6968    0.7299       221
2026-08-22 06:16:03 - INFO - 
2026-08-22 06:16:03 - INFO -       accuracy                         0.7500       456
2026-08-22 06:16:03 - INFO -      macro avg     0.7517    0.7484    0.7486       456
2026-08-22 06:16:03 - INFO -   weighted avg     0.7513    0.7500    0.7492       456
2026-08-22 06:16:03 - INFO - Confusion matrix - [[tn=188, fp=47], [fn=67, tp=154]]
2026-08-22 06:16:03 - INFO - probability_positive min=0.0015 mean=0.4518 std=0.2923 max=0.9987 predicted_0=255 predicted_1=201
2026-08-22 06:16:03 - INFO - [Classification Report - split=validation epoch=3 - threshold=0.50]
2026-08-22 06:16:03 - INFO -                 precision    recall  f1-score   support
2026-08-22 06:16:03 - INFO - 
2026-08-22 06:16:03 - INFO -       safe (0)     0.7662    0.7973    0.7815        74
2026-08-22 06:16:03 - INFO - vulnerable (1)     0.8000    0.7692    0.7843        78
2026-08-22 06:16:03 - INFO - 
2026-08-22 06:16:03 - INFO -       accuracy                         0.7829       152
2026-08-22 06:16:03 - INFO -      macro avg     0.7831    0.7833    0.7829       152
2026-08-22 06:16:03 - INFO -   weighted avg     0.7836    0.7829    0.7829       152
2026-08-22 06:16:03 - INFO - Confusion matrix - [[tn=59, fp=15], [fn=18, tp=60]]
2026-08-22 06:16:03 - INFO - probability_positive min=0.0007 mean=0.4752 std=0.3767 max=0.9990 predicted_0=77 predicted_1=75
2026-08-22 06:16:03 - INFO - New best model | Macro-F1: 0.782885 | Epoch: 3
2026-08-22 06:16:12 - INFO - Epoch 4/30 | Train loss: 0.312443 | Val loss: 0.476906 | LR: 2.00e-05 | Best epoch: 4 | Patience: 0 | Train: 8.40s | Validation: 0.96s | Epoch: 9.58s | Total: 38.25s
2026-08-22 06:16:12 - INFO - RecAdam target-task weight at epoch end: 0.974667
2026-08-22 06:16:12 - INFO - [Classification Report - split=train epoch=4 - threshold=0.50]
2026-08-22 06:16:12 - INFO -                 precision    recall  f1-score   support
2026-08-22 06:16:12 - INFO - 
2026-08-22 06:16:12 - INFO -       safe (0)     0.8816    0.8553    0.8683       235
2026-08-22 06:16:12 - INFO - vulnerable (1)     0.8509    0.8778    0.8641       221
2026-08-22 06:16:12 - INFO - 
2026-08-22 06:16:12 - INFO -       accuracy                         0.8662       456
2026-08-22 06:16:12 - INFO -      macro avg     0.8662    0.8666    0.8662       456
2026-08-22 06:16:12 - INFO -   weighted avg     0.8667    0.8662    0.8663       456
2026-08-22 06:16:12 - INFO - Confusion matrix - [[tn=201, fp=34], [fn=27, tp=194]]
2026-08-22 06:16:12 - INFO - probability_positive min=0.0011 mean=0.4908 std=0.3922 max=0.9990 predicted_0=228 predicted_1=228
2026-08-22 06:16:12 - INFO - [Classification Report - split=validation epoch=4 - threshold=0.50]
2026-08-22 06:16:12 - INFO -                 precision    recall  f1-score   support
2026-08-22 06:16:12 - INFO - 
2026-08-22 06:16:12 - INFO -       safe (0)     0.7821    0.8243    0.8026        74
2026-08-22 06:16:12 - INFO - vulnerable (1)     0.8243    0.7821    0.8026        78
2026-08-22 06:16:12 - INFO - 
2026-08-22 06:16:12 - INFO -       accuracy                         0.8026       152
2026-08-22 06:16:12 - INFO -      macro avg     0.8032    0.8032    0.8026       152
2026-08-22 06:16:12 - INFO -   weighted avg     0.8037    0.8026    0.8026       152
2026-08-22 06:16:12 - INFO - Confusion matrix - [[tn=61, fp=13], [fn=17, tp=61]]
2026-08-22 06:16:12 - INFO - probability_positive min=0.0005 mean=0.4611 std=0.4324 max=0.9993 predicted_0=78 predicted_1=74
2026-08-22 06:16:12 - INFO - New best model | Macro-F1: 0.802632 | Epoch: 4
2026-08-22 06:16:22 - INFO - Epoch 5/30 | Train loss: 0.222008 | Val loss: 0.549404 | LR: 2.00e-05 | Best epoch: 5 | Patience: 0 | Train: 8.40s | Validation: 0.96s | Epoch: 9.58s | Total: 47.84s
2026-08-22 06:16:22 - INFO - RecAdam target-task weight at epoch end: 0.993940
2026-08-22 06:16:22 - INFO - [Classification Report - split=train epoch=5 - threshold=0.50]
2026-08-22 06:16:22 - INFO -                 precision    recall  f1-score   support
2026-08-22 06:16:22 - INFO - 
2026-08-22 06:16:22 - INFO -       safe (0)     0.9121    0.9277    0.9198       235
2026-08-22 06:16:22 - INFO - vulnerable (1)     0.9217    0.9050    0.9132       221
2026-08-22 06:16:22 - INFO - 
2026-08-22 06:16:22 - INFO -       accuracy                         0.9167       456
2026-08-22 06:16:22 - INFO -      macro avg     0.9169    0.9163    0.9165       456
2026-08-22 06:16:22 - INFO -   weighted avg     0.9168    0.9167    0.9166       456
2026-08-22 06:16:22 - INFO - Confusion matrix - [[tn=218, fp=17], [fn=21, tp=200]]
2026-08-22 06:16:22 - INFO - probability_positive min=0.0008 mean=0.4782 std=0.4378 max=0.9994 predicted_0=239 predicted_1=217
2026-08-22 06:16:22 - INFO - [Classification Report - split=validation epoch=5 - threshold=0.50]
2026-08-22 06:16:22 - INFO -                 precision    recall  f1-score   support
2026-08-22 06:16:22 - INFO - 
2026-08-22 06:16:22 - INFO -       safe (0)     0.7738    0.8784    0.8228        74
2026-08-22 06:16:22 - INFO - vulnerable (1)     0.8676    0.7564    0.8082        78
2026-08-22 06:16:22 - INFO - 
2026-08-22 06:16:22 - INFO -       accuracy                         0.8158       152
2026-08-22 06:16:22 - INFO -      macro avg     0.8207    0.8174    0.8155       152
2026-08-22 06:16:22 - INFO -   weighted avg     0.8220    0.8158    0.8153       152
2026-08-22 06:16:22 - INFO - Confusion matrix - [[tn=65, fp=9], [fn=19, tp=59]]
2026-08-22 06:16:22 - INFO - probability_positive min=0.0004 mean=0.4371 std=0.4514 max=0.9996 predicted_0=84 predicted_1=68
2026-08-22 06:16:22 - INFO - New best model | Macro-F1: 0.815502 | Epoch: 5
2026-08-22 06:16:31 - INFO - Epoch 6/30 | Train loss: 0.163640 | Val loss: 0.763701 | LR: 2.00e-05 | Best epoch: 6 | Patience: 0 | Train: 8.40s | Validation: 0.96s | Epoch: 9.58s | Total: 57.44s
2026-08-22 06:16:31 - INFO - RecAdam target-task weight at epoch end: 0.998572
2026-08-22 06:16:31 - INFO - [Classification Report - split=train epoch=6 - threshold=0.50]
2026-08-22 06:16:31 - INFO -                 precision    recall  f1-score   support
2026-08-22 06:16:31 - INFO - 
2026-08-22 06:16:31 - INFO -       safe (0)     0.9367    0.9447    0.9407       235
2026-08-22 06:16:31 - INFO - vulnerable (1)     0.9406    0.9321    0.9364       221
2026-08-22 06:16:31 - INFO - 
2026-08-22 06:16:31 - INFO -       accuracy                         0.9386       456
2026-08-22 06:16:31 - INFO -      macro avg     0.9387    0.9384    0.9385       456
2026-08-22 06:16:31 - INFO -   weighted avg     0.9386    0.9386    0.9386       456
2026-08-22 06:16:31 - INFO - Confusion matrix - [[tn=222, fp=13], [fn=15, tp=206]]
2026-08-22 06:16:31 - INFO - probability_positive min=0.0004 mean=0.4780 std=0.4710 max=0.9996 predicted_0=237 predicted_1=219
2026-08-22 06:16:31 - INFO - [Classification Report - split=validation epoch=6 - threshold=0.50]
2026-08-22 06:16:31 - INFO -                 precision    recall  f1-score   support
2026-08-22 06:16:31 - INFO - 
2026-08-22 06:16:31 - INFO -       safe (0)     0.8133    0.8243    0.8188        74
2026-08-22 06:16:31 - INFO - vulnerable (1)     0.8312    0.8205    0.8258        78
2026-08-22 06:16:31 - INFO - 
2026-08-22 06:16:31 - INFO -       accuracy                         0.8224       152
2026-08-22 06:16:31 - INFO -      macro avg     0.8223    0.8224    0.8223       152
2026-08-22 06:16:31 - INFO -   weighted avg     0.8225    0.8224    0.8224       152
2026-08-22 06:16:31 - INFO - Confusion matrix - [[tn=61, fp=13], [fn=14, tp=64]]
2026-08-22 06:16:31 - INFO - probability_positive min=0.0003 mean=0.5038 std=0.4818 max=0.9997 predicted_0=75 predicted_1=77
2026-08-22 06:16:31 - INFO - New best model | Macro-F1: 0.822299 | Epoch: 6
2026-08-22 06:16:41 - INFO - Epoch 7/30 | Train loss: 0.132164 | Val loss: 0.925411 | LR: 2.00e-05 | Best epoch: 7 | Patience: 0 | Train: 8.40s | Validation: 0.96s | Epoch: 9.58s | Total: 67.03s
2026-08-22 06:16:41 - INFO - RecAdam target-task weight at epoch end: 0.999665
2026-08-22 06:16:41 - INFO - [Classification Report - split=train epoch=7 - threshold=0.50]
2026-08-22 06:16:41 - INFO -                 precision    recall  f1-score   support
2026-08-22 06:16:41 - INFO - 
2026-08-22 06:16:41 - INFO -       safe (0)     0.9530    0.9489    0.9510       235
2026-08-22 06:16:41 - INFO - vulnerable (1)     0.9459    0.9502    0.9481       221
2026-08-22 06:16:41 - INFO - 
2026-08-22 06:16:41 - INFO -       accuracy                         0.9496       456
2026-08-22 06:16:41 - INFO -      macro avg     0.9495    0.9496    0.9495       456
2026-08-22 06:16:41 - INFO -   weighted avg     0.9496    0.9496    0.9496       456
2026-08-22 06:16:41 - INFO - Confusion matrix - [[tn=223, fp=12], [fn=11, tp=210]]
2026-08-22 06:16:41 - INFO - probability_positive min=0.0003 mean=0.4881 std=0.4782 max=0.9996 predicted_0=234 predicted_1=222
2026-08-22 06:16:41 - INFO - [Classification Report - split=validation epoch=7 - threshold=0.50]
2026-08-22 06:16:41 - INFO -                 precision    recall  f1-score   support
2026-08-22 06:16:41 - INFO - 
2026-08-22 06:16:41 - INFO -       safe (0)     0.8451    0.8108    0.8276        74
2026-08-22 06:16:41 - INFO - vulnerable (1)     0.8272    0.8590    0.8428        78
2026-08-22 06:16:41 - INFO - 
2026-08-22 06:16:41 - INFO -       accuracy                         0.8355       152
2026-08-22 06:16:41 - INFO -      macro avg     0.8361    0.8349    0.8352       152
2026-08-22 06:16:41 - INFO -   weighted avg     0.8359    0.8355    0.8354       152
2026-08-22 06:16:41 - INFO - Confusion matrix - [[tn=60, fp=14], [fn=11, tp=67]]
2026-08-22 06:16:41 - INFO - probability_positive min=0.0003 mean=0.5336 std=0.4901 max=0.9998 predicted_0=71 predicted_1=81
2026-08-22 06:16:41 - INFO - New best model | Macro-F1: 0.835177 | Epoch: 7
2026-08-22 06:16:51 - INFO - Epoch 8/30 | Train loss: 0.151572 | Val loss: 0.811754 | LR: 2.00e-05 | Best epoch: 8 | Patience: 0 | Train: 8.40s | Validation: 0.96s | Epoch: 9.58s | Total: 76.62s
2026-08-22 06:16:51 - INFO - RecAdam target-task weight at epoch end: 0.999921
2026-08-22 06:16:51 - INFO - [Classification Report - split=train epoch=8 - threshold=0.50]
2026-08-22 06:16:51 - INFO -                 precision    recall  f1-score   support
2026-08-22 06:16:51 - INFO - 
2026-08-22 06:16:51 - INFO -       safe (0)     0.9538    0.9660    0.9598       235
2026-08-22 06:16:51 - INFO - vulnerable (1)     0.9633    0.9502    0.9567       221
2026-08-22 06:16:51 - INFO - 
2026-08-22 06:16:51 - INFO -       accuracy                         0.9583       456
2026-08-22 06:16:51 - INFO -      macro avg     0.9585    0.9581    0.9583       456
2026-08-22 06:16:51 - INFO -   weighted avg     0.9584    0.9583    0.9583       456
2026-08-22 06:16:51 - INFO - Confusion matrix - [[tn=227, fp=8], [fn=11, tp=210]]
2026-08-22 06:16:51 - INFO - probability_positive min=0.0003 mean=0.4773 std=0.4866 max=0.9997 predicted_0=238 predicted_1=218
2026-08-22 06:16:51 - INFO - [Classification Report - split=validation epoch=8 - threshold=0.50]
2026-08-22 06:16:51 - INFO -                 precision    recall  f1-score   support
2026-08-22 06:16:51 - INFO - 
2026-08-22 06:16:51 - INFO -       safe (0)     0.8571    0.8108    0.8333        74
2026-08-22 06:16:51 - INFO - vulnerable (1)     0.8293    0.8718    0.8500        78
2026-08-22 06:16:51 - INFO - 
2026-08-22 06:16:51 - INFO -       accuracy                         0.8421       152
2026-08-22 06:16:51 - INFO -      macro avg     0.8432    0.8413    0.8417       152
2026-08-22 06:16:51 - INFO -   weighted avg     0.8428    0.8421    0.8419       152
2026-08-22 06:16:51 - INFO - Confusion matrix - [[tn=60, fp=14], [fn=10, tp=68]]
2026-08-22 06:16:51 - INFO - probability_positive min=0.0003 mean=0.5311 std=0.4861 max=0.9998 predicted_0=70 predicted_1=82
2026-08-22 06:16:51 - INFO - New best model | Macro-F1: 0.841667 | Epoch: 8
2026-08-22 06:17:00 - INFO - Epoch 9/30 | Train loss: 0.070623 | Val loss: 0.827033 | LR: 2.00e-05 | Best epoch: 9 | Patience: 0 | Train: 8.40s | Validation: 0.95s | Epoch: 9.58s | Total: 86.21s
2026-08-22 06:17:00 - INFO - RecAdam target-task weight at epoch end: 0.999982
2026-08-22 06:17:00 - INFO - [Classification Report - split=train epoch=9 - threshold=0.50]
2026-08-22 06:17:00 - INFO -                 precision    recall  f1-score   support
2026-08-22 06:17:00 - INFO - 
2026-08-22 06:17:00 - INFO -       safe (0)     0.9623    0.9787    0.9705       235
2026-08-22 06:17:00 - INFO - vulnerable (1)     0.9770    0.9593    0.9680       221
2026-08-22 06:17:00 - INFO - 
2026-08-22 06:17:00 - INFO -       accuracy                         0.9693       456
2026-08-22 06:17:00 - INFO -      macro avg     0.9697    0.9690    0.9693       456
2026-08-22 06:17:00 - INFO -   weighted avg     0.9694    0.9693    0.9693       456
2026-08-22 06:17:00 - INFO - Confusion matrix - [[tn=230, fp=5], [fn=9, tp=212]]
2026-08-22 06:17:00 - INFO - probability_positive min=0.0004 mean=0.4805 std=0.4834 max=0.9997 predicted_0=239 predicted_1=217
2026-08-22 06:17:00 - INFO - [Classification Report - split=validation epoch=9 - threshold=0.50]
2026-08-22 06:17:00 - INFO -                 precision    recall  f1-score   support
2026-08-22 06:17:00 - INFO - 
2026-08-22 06:17:00 - INFO -       safe (0)     0.8714    0.8243    0.8472        74
2026-08-22 06:17:00 - INFO - vulnerable (1)     0.8415    0.8846    0.8625        78
2026-08-22 06:17:00 - INFO - 
2026-08-22 06:17:00 - INFO -       accuracy                         0.8553       152
2026-08-22 06:17:00 - INFO -      macro avg     0.8564    0.8545    0.8549       152
2026-08-22 06:17:00 - INFO -   weighted avg     0.8561    0.8553    0.8551       152
2026-08-22 06:17:00 - INFO - Confusion matrix - [[tn=61, fp=13], [fn=9, tp=69]]
2026-08-22 06:17:00 - INFO - probability_positive min=0.0003 mean=0.5321 std=0.4861 max=0.9998 predicted_0=70 predicted_1=82
2026-08-22 06:17:00 - INFO - New best model | Macro-F1: 0.854861 | Epoch: 9
2026-08-22 06:17:09 - INFO - Epoch 10/30 | Train loss: 0.076669 | Val loss: 0.953393 | LR: 2.00e-05 | Best epoch: 9 | Patience: 1 | Train: 8.40s | Validation: 0.95s | Epoch: 9.35s | Total: 95.57s
2026-08-22 06:17:09 - INFO - RecAdam target-task weight at epoch end: 0.999996
2026-08-22 06:17:09 - INFO - [Classification Report - split=train epoch=10 - threshold=0.50]
2026-08-22 06:17:09 - INFO -                 precision    recall  f1-score   support
2026-08-22 06:17:09 - INFO - 
2026-08-22 06:17:09 - INFO -       safe (0)     0.9747    0.9830    0.9788       235
2026-08-22 06:17:09 - INFO - vulnerable (1)     0.9817    0.9729    0.9773       221
2026-08-22 06:17:09 - INFO - 
2026-08-22 06:17:09 - INFO -       accuracy                         0.9781       456
2026-08-22 06:17:09 - INFO -      macro avg     0.9782    0.9779    0.9780       456
2026-08-22 06:17:09 - INFO -   weighted avg     0.9781    0.9781    0.9781       456
2026-08-22 06:17:09 - INFO - Confusion matrix - [[tn=231, fp=4], [fn=6, tp=215]]
2026-08-22 06:17:09 - INFO - probability_positive min=0.0003 mean=0.4826 std=0.4922 max=0.9997 predicted_0=237 predicted_1=219
2026-08-22 06:17:09 - INFO - [Classification Report - split=validation epoch=10 - threshold=0.50]
2026-08-22 06:17:09 - INFO -                 precision    recall  f1-score   support
2026-08-22 06:17:09 - INFO - 
2026-08-22 06:17:09 - INFO -       safe (0)     0.7805    0.8649    0.8205        74
2026-08-22 06:17:09 - INFO - vulnerable (1)     0.8571    0.7692    0.8108        78
2026-08-22 06:17:09 - INFO - 
2026-08-22 06:17:09 - INFO -       accuracy                         0.8158       152
2026-08-22 06:17:09 - INFO -      macro avg     0.8188    0.8170    0.8157       152
2026-08-22 06:17:09 - INFO -   weighted avg     0.8198    0.8158    0.8155       152
2026-08-22 06:17:09 - INFO - Confusion matrix - [[tn=64, fp=10], [fn=18, tp=60]]
2026-08-22 06:17:09 - INFO - probability_positive min=0.0003 mean=0.4642 std=0.4859 max=0.9998 predicted_0=82 predicted_1=70
2026-08-22 06:17:19 - INFO - Epoch 11/30 | Train loss: 0.081700 | Val loss: 0.935503 | LR: 2.00e-05 | Best epoch: 9 | Patience: 2 | Train: 8.40s | Validation: 0.95s | Epoch: 9.36s | Total: 104.94s
2026-08-22 06:17:19 - INFO - RecAdam target-task weight at epoch end: 0.999999
2026-08-22 06:17:19 - INFO - [Classification Report - split=train epoch=11 - threshold=0.50]
2026-08-22 06:17:19 - INFO -                 precision    recall  f1-score   support
2026-08-22 06:17:19 - INFO - 
2026-08-22 06:17:19 - INFO -       safe (0)     0.9784    0.9660    0.9722       235
2026-08-22 06:17:19 - INFO - vulnerable (1)     0.9643    0.9774    0.9708       221
2026-08-22 06:17:19 - INFO - 
2026-08-22 06:17:19 - INFO -       accuracy                         0.9715       456
2026-08-22 06:17:19 - INFO -      macro avg     0.9714    0.9717    0.9715       456
2026-08-22 06:17:19 - INFO -   weighted avg     0.9716    0.9715    0.9715       456
2026-08-22 06:17:19 - INFO - Confusion matrix - [[tn=227, fp=8], [fn=5, tp=216]]
2026-08-22 06:17:19 - INFO - probability_positive min=0.0005 mean=0.4908 std=0.4893 max=0.9998 predicted_0=232 predicted_1=224
2026-08-22 06:17:19 - INFO - [Classification Report - split=validation epoch=11 - threshold=0.50]
2026-08-22 06:17:19 - INFO -                 precision    recall  f1-score   support
2026-08-22 06:17:19 - INFO - 
2026-08-22 06:17:19 - INFO -       safe (0)     0.8356    0.8243    0.8299        74
2026-08-22 06:17:19 - INFO - vulnerable (1)     0.8354    0.8462    0.8408        78
2026-08-22 06:17:19 - INFO - 
2026-08-22 06:17:19 - INFO -       accuracy                         0.8355       152
2026-08-22 06:17:19 - INFO -      macro avg     0.8355    0.8352    0.8353       152
2026-08-22 06:17:19 - INFO -   weighted avg     0.8355    0.8355    0.8355       152
2026-08-22 06:17:19 - INFO - Confusion matrix - [[tn=61, fp=13], [fn=12, tp=66]]
2026-08-22 06:17:19 - INFO - probability_positive min=0.0004 mean=0.5226 std=0.4906 max=0.9998 predicted_0=73 predicted_1=79
2026-08-22 06:17:28 - INFO - Epoch 12/30 | Train loss: 0.051381 | Val loss: 0.914358 | LR: 2.00e-05 | Best epoch: 9 | Patience: 3 | Train: 8.40s | Validation: 0.96s | Epoch: 9.36s | Total: 114.30s
2026-08-22 06:17:28 - INFO - RecAdam target-task weight at epoch end: 1.000000
2026-08-22 06:17:28 - INFO - [Classification Report - split=train epoch=12 - threshold=0.50]
2026-08-22 06:17:28 - INFO -                 precision    recall  f1-score   support
2026-08-22 06:17:28 - INFO - 
2026-08-22 06:17:28 - INFO -       safe (0)     0.9871    0.9745    0.9807       235
2026-08-22 06:17:28 - INFO - vulnerable (1)     0.9732    0.9864    0.9798       221
2026-08-22 06:17:28 - INFO - 
2026-08-22 06:17:28 - INFO -       accuracy                         0.9803       456
2026-08-22 06:17:28 - INFO -      macro avg     0.9801    0.9804    0.9803       456
2026-08-22 06:17:28 - INFO -   weighted avg     0.9804    0.9803    0.9803       456
2026-08-22 06:17:28 - INFO - Confusion matrix - [[tn=229, fp=6], [fn=3, tp=218]]
2026-08-22 06:17:28 - INFO - probability_positive min=0.0004 mean=0.4860 std=0.4914 max=0.9998 predicted_0=232 predicted_1=224
2026-08-22 06:17:28 - INFO - [Classification Report - split=validation epoch=12 - threshold=0.50]
2026-08-22 06:17:28 - INFO -                 precision    recall  f1-score   support
2026-08-22 06:17:28 - INFO - 
2026-08-22 06:17:28 - INFO -       safe (0)     0.8378    0.8378    0.8378        74
2026-08-22 06:17:28 - INFO - vulnerable (1)     0.8462    0.8462    0.8462        78
2026-08-22 06:17:28 - INFO - 
2026-08-22 06:17:28 - INFO -       accuracy                         0.8421       152
2026-08-22 06:17:28 - INFO -      macro avg     0.8420    0.8420    0.8420       152
2026-08-22 06:17:28 - INFO -   weighted avg     0.8421    0.8421    0.8421       152
2026-08-22 06:17:28 - INFO - Confusion matrix - [[tn=62, fp=12], [fn=12, tp=66]]
2026-08-22 06:17:28 - INFO - probability_positive min=0.0003 mean=0.5152 std=0.4895 max=0.9998 predicted_0=74 predicted_1=78
2026-08-22 06:17:38 - INFO - Epoch 13/30 | Train loss: 0.036883 | Val loss: 1.168317 | LR: 2.00e-05 | Best epoch: 9 | Patience: 4 | Train: 8.40s | Validation: 0.96s | Epoch: 9.36s | Total: 123.66s
2026-08-22 06:17:38 - INFO - RecAdam target-task weight at epoch end: 1.000000
2026-08-22 06:17:38 - INFO - [Classification Report - split=train epoch=13 - threshold=0.50]
2026-08-22 06:17:38 - INFO -                 precision    recall  f1-score   support
2026-08-22 06:17:38 - INFO - 
2026-08-22 06:17:38 - INFO -       safe (0)     0.9871    0.9787    0.9829       235
2026-08-22 06:17:38 - INFO - vulnerable (1)     0.9776    0.9864    0.9820       221
2026-08-22 06:17:38 - INFO - 
2026-08-22 06:17:38 - INFO -       accuracy                         0.9825       456
2026-08-22 06:17:38 - INFO -      macro avg     0.9824    0.9826    0.9824       456
2026-08-22 06:17:38 - INFO -   weighted avg     0.9825    0.9825    0.9825       456
2026-08-22 06:17:38 - INFO - Confusion matrix - [[tn=230, fp=5], [fn=3, tp=218]]
2026-08-22 06:17:38 - INFO - probability_positive min=0.0002 mean=0.4868 std=0.4938 max=0.9998 predicted_0=233 predicted_1=223
2026-08-22 06:17:38 - INFO - [Classification Report - split=validation epoch=13 - threshold=0.50]
2026-08-22 06:17:38 - INFO -                 precision    recall  f1-score   support
2026-08-22 06:17:38 - INFO - 
2026-08-22 06:17:38 - INFO -       safe (0)     0.8806    0.7973    0.8369        74
2026-08-22 06:17:38 - INFO - vulnerable (1)     0.8235    0.8974    0.8589        78
2026-08-22 06:17:38 - INFO - 
2026-08-22 06:17:38 - INFO -       accuracy                         0.8487       152
2026-08-22 06:17:38 - INFO -      macro avg     0.8521    0.8474    0.8479       152
2026-08-22 06:17:38 - INFO -   weighted avg     0.8513    0.8487    0.8482       152
2026-08-22 06:17:38 - INFO - Confusion matrix - [[tn=59, fp=15], [fn=8, tp=70]]
2026-08-22 06:17:38 - INFO - probability_positive min=0.0002 mean=0.5553 std=0.4931 max=0.9999 predicted_0=67 predicted_1=85
2026-08-22 06:17:47 - INFO - Epoch 14/30 | Train loss: 0.029978 | Val loss: 0.904796 | LR: 2.00e-05 | Best epoch: 9 | Patience: 5 | Train: 8.40s | Validation: 0.96s | Epoch: 9.36s | Total: 133.03s
2026-08-22 06:17:47 - INFO - RecAdam target-task weight at epoch end: 1.000000
2026-08-22 06:17:47 - INFO - [Classification Report - split=train epoch=14 - threshold=0.50]
2026-08-22 06:17:47 - INFO -                 precision    recall  f1-score   support
2026-08-22 06:17:47 - INFO - 
2026-08-22 06:17:47 - INFO -       safe (0)     0.9830    0.9830    0.9830       235
2026-08-22 06:17:47 - INFO - vulnerable (1)     0.9819    0.9819    0.9819       221
2026-08-22 06:17:47 - INFO - 
2026-08-22 06:17:47 - INFO -       accuracy                         0.9825       456
2026-08-22 06:17:47 - INFO -      macro avg     0.9824    0.9824    0.9824       456
2026-08-22 06:17:47 - INFO -   weighted avg     0.9825    0.9825    0.9825       456
2026-08-22 06:17:47 - INFO - Confusion matrix - [[tn=231, fp=4], [fn=4, tp=217]]
2026-08-22 06:17:47 - INFO - probability_positive min=0.0003 mean=0.4832 std=0.4934 max=0.9998 predicted_0=235 predicted_1=221
2026-08-22 06:17:47 - INFO - [Classification Report - split=validation epoch=14 - threshold=0.50]
2026-08-22 06:17:47 - INFO -                 precision    recall  f1-score   support
2026-08-22 06:17:47 - INFO - 
2026-08-22 06:17:47 - INFO -       safe (0)     0.8205    0.8649    0.8421        74
2026-08-22 06:17:47 - INFO - vulnerable (1)     0.8649    0.8205    0.8421        78
2026-08-22 06:17:47 - INFO - 
2026-08-22 06:17:47 - INFO -       accuracy                         0.8421       152
2026-08-22 06:17:47 - INFO -      macro avg     0.8427    0.8427    0.8421       152
2026-08-22 06:17:47 - INFO -   weighted avg     0.8433    0.8421    0.8421       152
2026-08-22 06:17:47 - INFO - Confusion matrix - [[tn=64, fp=10], [fn=14, tp=64]]
2026-08-22 06:17:47 - INFO - probability_positive min=0.0002 mean=0.4941 std=0.4886 max=0.9999 predicted_0=78 predicted_1=74
2026-08-22 06:17:47 - INFO - Early stopping | Epoch: 14 | Best epoch: 9
2026-08-22 06:17:47 - INFO - Best checkpoint saved | Path: model/fam2_t5p/transfer_cwe/seed_42/fold1/best.pt | Epoch: 9 | Val macro_f1: 0.854861
2026-08-22 06:17:47 - INFO - Training finished | Elapsed: 133.04s
2026-08-22 06:17:47 - INFO - Run finished | Phase: phase2 | Fold: 1 | Seed: 42 | Elapsed: 135.62s
