2026-08-22 07:09:17 - INFO - Using device: cuda
2026-08-22 07:09:17 - INFO - Run started | Run: fam2_t5p | Method: transfer_cwe | Phase: phase2 | Fold: 5 | Seed: 42 | Device: cuda
2026-08-22 07:09:17 - INFO - Loading Python training data: data/sven_python_folds_norm/fold5/train.jsonl
2026-08-22 07:09:17 - INFO - Loading Python validation data: data/sven_python_folds_norm/fold5/val.jsonl
2026-08-22 07:09:17 - INFO - Data split: python_train | Total: 456 | Labels: {0: 237, 1: 219} | CWEs: {'CWE-022': 34, 'CWE-078': 121, 'CWE-079': 52, 'CWE-089': 249} | Languages: {'python': 456} | Invalid CWE: 0
2026-08-22 07:09:17 - INFO - Data split: python_val | Total: 152 | Labels: {0: 71, 1: 81} | CWEs: {'CWE-022': 19, 'CWE-078': 39, 'CWE-079': 14, 'CWE-089': 80} | Languages: {'python': 152} | Invalid CWE: 0
2026-08-22 07:09:18 - INFO - Auxiliary head width taken from checkpoint: 4
2026-08-22 07:09:20 - INFO - Loaded source checkpoint: model/fam2_t5p/transfer_cwe/seed_42/source/best.pt | Best epoch: 15 | Best Val Macro-F1: 0.712121
2026-08-22 07:09:20 - INFO - RecAdam schedule | Total steps: 870 | Steps/epoch: 29 | Anneal t0: 43 | Weights: {1: 0.10909682119561293, 29: 0.3318122278318339, 43: 0.5, 870: 1.0}
2026-08-22 07:09:20 - INFO - Environment: {"components": {"backbone": {"frozen": 0, "total": 109607040, "trainable": 109607040}, "cwe_head": {"frozen": 3076, "total": 3076, "trainable": 0}, "vul_head": {"frozen": 0, "total": 1538, "trainable": 1538}}, "cuda": "12.8", "fold": 5, "frozen_parameters": 3076, "gpu": "NVIDIA GeForce RTX 5070 Ti", "hyperparameters": {"anneal_fun": "sigmoid", "anneal_k": 0.05, "anneal_t0_ratio": 0.05, "anneal_w": 1.0, "aux_mode": "cwe", "batch_size": 16, "checkpoint_path": "model/fam2_t5p/transfer_cwe/seed_42/fold5/best.pt", "cwe_vocab": "fixed4", "data_path": "data/train_ccpp_filtered.jsonl", "data_root": "data/sven_python_folds_norm", "epochs": 30, "eval_batch_size": 16, "fold": 5, "freeze_backbone_layers": 0, "freeze_prototypes_steps": 0, "lambda_cwe": 0.2, "latent_temperature": 0.1, "learning_rate": 2e-05, "lora_rank": 0, "lp_epochs": 0, "lp_learning_rate": 0.001, "max_eval_samples": null, "max_grad_norm": 1.0, "max_length": 512, "max_train_samples": null, "method_name": "transfer_cwe", "min_epochs": 3, "model_name": "Salesforce/codet5p-220m", "num_cwes": 4, "num_latent": 8, "num_workers": 0, "output_dir": "results/fam2_t5p/transfer_cwe", "patience": 5, "phase": "phase2", "phase2_optimizer": "recadam", "pooling": "mean", "pretrain_cof": 5000.0, "recadam_anchor": "source", "result_path": "results/fam2_t5p/transfer_cwe/seed_42/fold5.json", "run_name": "fam2_t5p", "seed": 42, "selection_metric": "macro_f1", "source_checkpoint": "model/fam2_t5p/transfer_cwe/seed_42/source/best.pt", "source_interpolation": 1.0, "strict_determinism": false, "target_lang": "python", "test_path": null, "train_path": null, "truncation_strategy": "head_middle_tail", "val_path": null, "weight_decay": 0.01}, "mode": "phase2_train", "model_name": "Salesforce/codet5p-220m", "seed": 42, "sklearn": "1.9.0", "torch": "2.11.0+cu128", "trainable_parameters": 109608578, "transformers": "4.57.1"}
2026-08-22 07:09:20 - INFO - Training started | Phase: phase2 | Epochs: 30
2026-08-22 07:09:21 - INFO - RecAdam first-step safety checks passed
2026-08-22 07:09:30 - INFO - Epoch 1/30 | Train loss: 1.156849 | Val loss: 0.839072 | LR: 2.00e-05 | Best epoch: 1 | Patience: 0 | Train: 8.77s | Validation: 0.97s | Epoch: 9.90s | Total: 9.90s
2026-08-22 07:09:30 - INFO - RecAdam target-task weight at epoch end: 0.331812
2026-08-22 07:09:30 - INFO - [Classification Report - split=train epoch=1 - threshold=0.50]
2026-08-22 07:09:30 - INFO -                 precision    recall  f1-score   support
2026-08-22 07:09:30 - INFO - 
2026-08-22 07:09:30 - INFO -       safe (0)     0.6536    0.4219    0.5128       237
2026-08-22 07:09:30 - INFO - vulnerable (1)     0.5479    0.7580    0.6360       219
2026-08-22 07:09:30 - INFO - 
2026-08-22 07:09:30 - INFO -       accuracy                         0.5833       456
2026-08-22 07:09:30 - INFO -      macro avg     0.6007    0.5900    0.5744       456
2026-08-22 07:09:30 - INFO -   weighted avg     0.6028    0.5833    0.5720       456
2026-08-22 07:09:30 - INFO - Confusion matrix - [[tn=100, fp=137], [fn=53, tp=166]]
2026-08-22 07:09:30 - INFO - probability_positive min=0.0008 mean=0.6522 std=0.3215 max=0.9990 predicted_0=153 predicted_1=303
2026-08-22 07:09:30 - INFO - [Classification Report - split=validation epoch=1 - threshold=0.50]
2026-08-22 07:09:30 - INFO -                 precision    recall  f1-score   support
2026-08-22 07:09:30 - INFO - 
2026-08-22 07:09:30 - INFO -       safe (0)     0.6000    0.6761    0.6358        71
2026-08-22 07:09:30 - INFO - vulnerable (1)     0.6806    0.6049    0.6405        81
2026-08-22 07:09:30 - INFO - 
2026-08-22 07:09:30 - INFO -       accuracy                         0.6382       152
2026-08-22 07:09:30 - INFO -      macro avg     0.6403    0.6405    0.6381       152
2026-08-22 07:09:30 - INFO -   weighted avg     0.6429    0.6382    0.6383       152
2026-08-22 07:09:30 - INFO - Confusion matrix - [[tn=48, fp=23], [fn=32, tp=49]]
2026-08-22 07:09:30 - INFO - probability_positive min=0.0006 mean=0.5058 std=0.3021 max=0.9984 predicted_0=80 predicted_1=72
2026-08-22 07:09:30 - INFO - New best model | Macro-F1: 0.638142 | Epoch: 1
2026-08-22 07:09:40 - INFO - Epoch 2/30 | Train loss: 0.659703 | Val loss: 0.587337 | LR: 2.00e-05 | Best epoch: 2 | Patience: 0 | Train: 8.39s | Validation: 0.96s | Epoch: 9.57s | Total: 19.48s
2026-08-22 07:09:40 - INFO - RecAdam target-task weight at epoch end: 0.679179
2026-08-22 07:09:40 - INFO - [Classification Report - split=train epoch=2 - threshold=0.50]
2026-08-22 07:09:40 - INFO -                 precision    recall  f1-score   support
2026-08-22 07:09:40 - INFO - 
2026-08-22 07:09:40 - INFO -       safe (0)     0.6543    0.7426    0.6957       237
2026-08-22 07:09:40 - INFO - vulnerable (1)     0.6738    0.5753    0.6207       219
2026-08-22 07:09:40 - INFO - 
2026-08-22 07:09:40 - INFO -       accuracy                         0.6623       456
2026-08-22 07:09:40 - INFO -      macro avg     0.6640    0.6590    0.6582       456
2026-08-22 07:09:40 - INFO -   weighted avg     0.6637    0.6623    0.6597       456
2026-08-22 07:09:40 - INFO - Confusion matrix - [[tn=176, fp=61], [fn=93, tp=126]]
2026-08-22 07:09:40 - INFO - probability_positive min=0.0015 mean=0.4697 std=0.2414 max=0.9975 predicted_0=269 predicted_1=187
2026-08-22 07:09:40 - INFO - [Classification Report - split=validation epoch=2 - threshold=0.50]
2026-08-22 07:09:40 - INFO -                 precision    recall  f1-score   support
2026-08-22 07:09:40 - INFO - 
2026-08-22 07:09:40 - INFO -       safe (0)     0.5979    0.8169    0.6905        71
2026-08-22 07:09:40 - INFO - vulnerable (1)     0.7636    0.5185    0.6176        81
2026-08-22 07:09:40 - INFO - 
2026-08-22 07:09:40 - INFO -       accuracy                         0.6579       152
2026-08-22 07:09:40 - INFO -      macro avg     0.6808    0.6677    0.6541       152
2026-08-22 07:09:40 - INFO -   weighted avg     0.6862    0.6579    0.6517       152
2026-08-22 07:09:40 - INFO - Confusion matrix - [[tn=58, fp=13], [fn=39, tp=42]]
2026-08-22 07:09:40 - INFO - probability_positive min=0.0010 mean=0.4546 std=0.2321 max=0.9947 predicted_0=97 predicted_1=55
2026-08-22 07:09:40 - INFO - New best model | Macro-F1: 0.654062 | Epoch: 2
2026-08-22 07:09:49 - INFO - Epoch 3/30 | Train loss: 0.525566 | Val loss: 0.513714 | LR: 2.00e-05 | Best epoch: 3 | Patience: 0 | Train: 8.47s | Validation: 0.99s | Epoch: 9.78s | Total: 29.27s
2026-08-22 07:09:49 - INFO - RecAdam target-task weight at epoch end: 0.900250
2026-08-22 07:09:49 - INFO - [Classification Report - split=train epoch=3 - threshold=0.50]
2026-08-22 07:09:49 - INFO -                 precision    recall  f1-score   support
2026-08-22 07:09:49 - INFO - 
2026-08-22 07:09:49 - INFO -       safe (0)     0.7185    0.8186    0.7653       237
2026-08-22 07:09:49 - INFO - vulnerable (1)     0.7688    0.6530    0.7062       219
2026-08-22 07:09:49 - INFO - 
2026-08-22 07:09:49 - INFO -       accuracy                         0.7390       456
2026-08-22 07:09:49 - INFO -      macro avg     0.7437    0.7358    0.7357       456
2026-08-22 07:09:49 - INFO -   weighted avg     0.7427    0.7390    0.7369       456
2026-08-22 07:09:49 - INFO - Confusion matrix - [[tn=194, fp=43], [fn=76, tp=143]]
2026-08-22 07:09:49 - INFO - probability_positive min=0.0013 mean=0.4596 std=0.2927 max=0.9981 predicted_0=270 predicted_1=186
2026-08-22 07:09:49 - INFO - [Classification Report - split=validation epoch=3 - threshold=0.50]
2026-08-22 07:09:49 - INFO -                 precision    recall  f1-score   support
2026-08-22 07:09:49 - INFO - 
2026-08-22 07:09:49 - INFO -       safe (0)     0.7463    0.7042    0.7246        71
2026-08-22 07:09:49 - INFO - vulnerable (1)     0.7529    0.7901    0.7711        81
2026-08-22 07:09:49 - INFO - 
2026-08-22 07:09:49 - INFO -       accuracy                         0.7500       152
2026-08-22 07:09:49 - INFO -      macro avg     0.7496    0.7472    0.7479       152
2026-08-22 07:09:49 - INFO -   weighted avg     0.7498    0.7500    0.7494       152
2026-08-22 07:09:49 - INFO - Confusion matrix - [[tn=50, fp=21], [fn=17, tp=64]]
2026-08-22 07:09:49 - INFO - probability_positive min=0.0006 mean=0.5320 std=0.3676 max=0.9990 predicted_0=67 predicted_1=85
2026-08-22 07:09:49 - INFO - New best model | Macro-F1: 0.747861 | Epoch: 3
2026-08-22 07:09:59 - INFO - Epoch 4/30 | Train loss: 0.316454 | Val loss: 0.492169 | LR: 2.00e-05 | Best epoch: 4 | Patience: 0 | Train: 8.42s | Validation: 0.99s | Epoch: 9.72s | Total: 39.00s
2026-08-22 07:09:59 - INFO - RecAdam target-task weight at epoch end: 0.974667
2026-08-22 07:09:59 - INFO - [Classification Report - split=train epoch=4 - threshold=0.50]
2026-08-22 07:09:59 - INFO -                 precision    recall  f1-score   support
2026-08-22 07:09:59 - INFO - 
2026-08-22 07:09:59 - INFO -       safe (0)     0.9057    0.8101    0.8552       237
2026-08-22 07:09:59 - INFO - vulnerable (1)     0.8156    0.9087    0.8596       219
2026-08-22 07:09:59 - INFO - 
2026-08-22 07:09:59 - INFO -       accuracy                         0.8575       456
2026-08-22 07:09:59 - INFO -      macro avg     0.8606    0.8594    0.8574       456
2026-08-22 07:09:59 - INFO -   weighted avg     0.8624    0.8575    0.8573       456
2026-08-22 07:09:59 - INFO - Confusion matrix - [[tn=192, fp=45], [fn=20, tp=199]]
2026-08-22 07:09:59 - INFO - probability_positive min=0.0011 mean=0.4953 std=0.3821 max=0.9987 predicted_0=212 predicted_1=244
2026-08-22 07:09:59 - INFO - [Classification Report - split=validation epoch=4 - threshold=0.50]
2026-08-22 07:09:59 - INFO -                 precision    recall  f1-score   support
2026-08-22 07:09:59 - INFO - 
2026-08-22 07:09:59 - INFO -       safe (0)     0.7867    0.8310    0.8082        71
2026-08-22 07:09:59 - INFO - vulnerable (1)     0.8442    0.8025    0.8228        81
2026-08-22 07:09:59 - INFO - 
2026-08-22 07:09:59 - INFO -       accuracy                         0.8158       152
2026-08-22 07:09:59 - INFO -      macro avg     0.8154    0.8167    0.8155       152
2026-08-22 07:09:59 - INFO -   weighted avg     0.8173    0.8158    0.8160       152
2026-08-22 07:09:59 - INFO - Confusion matrix - [[tn=59, fp=12], [fn=16, tp=65]]
2026-08-22 07:09:59 - INFO - probability_positive min=0.0005 mean=0.4972 std=0.4170 max=0.9995 predicted_0=75 predicted_1=77
2026-08-22 07:09:59 - INFO - New best model | Macro-F1: 0.815502 | Epoch: 4
2026-08-22 07:10:09 - INFO - Epoch 5/30 | Train loss: 0.217282 | Val loss: 0.555527 | LR: 2.00e-05 | Best epoch: 5 | Patience: 0 | Train: 8.44s | Validation: 0.99s | Epoch: 9.74s | Total: 48.76s
2026-08-22 07:10:09 - INFO - RecAdam target-task weight at epoch end: 0.993940
2026-08-22 07:10:09 - INFO - [Classification Report - split=train epoch=5 - threshold=0.50]
2026-08-22 07:10:09 - INFO -                 precision    recall  f1-score   support
2026-08-22 07:10:09 - INFO - 
2026-08-22 07:10:09 - INFO -       safe (0)     0.8871    0.9283    0.9072       237
2026-08-22 07:10:09 - INFO - vulnerable (1)     0.9183    0.8721    0.8946       219
2026-08-22 07:10:09 - INFO - 
2026-08-22 07:10:09 - INFO -       accuracy                         0.9013       456
2026-08-22 07:10:09 - INFO -      macro avg     0.9027    0.9002    0.9009       456
2026-08-22 07:10:09 - INFO -   weighted avg     0.9021    0.9013    0.9012       456
2026-08-22 07:10:09 - INFO - Confusion matrix - [[tn=220, fp=17], [fn=28, tp=191]]
2026-08-22 07:10:09 - INFO - probability_positive min=0.0006 mean=0.4552 std=0.4399 max=0.9994 predicted_0=248 predicted_1=208
2026-08-22 07:10:09 - INFO - [Classification Report - split=validation epoch=5 - threshold=0.50]
2026-08-22 07:10:09 - INFO -                 precision    recall  f1-score   support
2026-08-22 07:10:09 - INFO - 
2026-08-22 07:10:09 - INFO -       safe (0)     0.7973    0.8310    0.8138        71
2026-08-22 07:10:09 - INFO - vulnerable (1)     0.8462    0.8148    0.8302        81
2026-08-22 07:10:09 - INFO - 
2026-08-22 07:10:09 - INFO -       accuracy                         0.8224       152
2026-08-22 07:10:09 - INFO -      macro avg     0.8217    0.8229    0.8220       152
2026-08-22 07:10:09 - INFO -   weighted avg     0.8233    0.8224    0.8225       152
2026-08-22 07:10:09 - INFO - Confusion matrix - [[tn=59, fp=12], [fn=15, tp=66]]
2026-08-22 07:10:09 - INFO - probability_positive min=0.0004 mean=0.5137 std=0.4410 max=0.9996 predicted_0=74 predicted_1=78
2026-08-22 07:10:09 - INFO - New best model | Macro-F1: 0.821991 | Epoch: 5
2026-08-22 07:10:18 - INFO - Epoch 6/30 | Train loss: 0.134340 | Val loss: 0.609124 | LR: 2.00e-05 | Best epoch: 5 | Patience: 1 | Train: 8.50s | Validation: 0.99s | Epoch: 9.49s | Total: 58.26s
2026-08-22 07:10:18 - INFO - RecAdam target-task weight at epoch end: 0.998572
2026-08-22 07:10:18 - INFO - [Classification Report - split=train epoch=6 - threshold=0.50]
2026-08-22 07:10:18 - INFO -                 precision    recall  f1-score   support
2026-08-22 07:10:18 - INFO - 
2026-08-22 07:10:18 - INFO -       safe (0)     0.9319    0.9241    0.9280       237
2026-08-22 07:10:18 - INFO - vulnerable (1)     0.9186    0.9269    0.9227       219
2026-08-22 07:10:18 - INFO - 
2026-08-22 07:10:18 - INFO -       accuracy                         0.9254       456
2026-08-22 07:10:18 - INFO -      macro avg     0.9252    0.9255    0.9253       456
2026-08-22 07:10:18 - INFO -   weighted avg     0.9255    0.9254    0.9255       456
2026-08-22 07:10:18 - INFO - Confusion matrix - [[tn=219, fp=18], [fn=16, tp=203]]
2026-08-22 07:10:18 - INFO - probability_positive min=0.0005 mean=0.4862 std=0.4548 max=0.9995 predicted_0=235 predicted_1=221
2026-08-22 07:10:18 - INFO - [Classification Report - split=validation epoch=6 - threshold=0.50]
2026-08-22 07:10:18 - INFO -                 precision    recall  f1-score   support
2026-08-22 07:10:18 - INFO - 
2026-08-22 07:10:18 - INFO -       safe (0)     0.8088    0.7746    0.7914        71
2026-08-22 07:10:18 - INFO - vulnerable (1)     0.8095    0.8395    0.8242        81
2026-08-22 07:10:18 - INFO - 
2026-08-22 07:10:18 - INFO -       accuracy                         0.8092       152
2026-08-22 07:10:18 - INFO -      macro avg     0.8092    0.8071    0.8078       152
2026-08-22 07:10:18 - INFO -   weighted avg     0.8092    0.8092    0.8089       152
2026-08-22 07:10:18 - INFO - Confusion matrix - [[tn=55, fp=16], [fn=13, tp=68]]
2026-08-22 07:10:18 - INFO - probability_positive min=0.0004 mean=0.5559 std=0.4570 max=0.9997 predicted_0=68 predicted_1=84
2026-08-22 07:10:28 - INFO - Epoch 7/30 | Train loss: 0.152210 | Val loss: 0.757384 | LR: 2.00e-05 | Best epoch: 7 | Patience: 0 | Train: 8.47s | Validation: 0.96s | Epoch: 9.65s | Total: 67.92s
2026-08-22 07:10:28 - INFO - RecAdam target-task weight at epoch end: 0.999665
2026-08-22 07:10:28 - INFO - [Classification Report - split=train epoch=7 - threshold=0.50]
2026-08-22 07:10:28 - INFO -                 precision    recall  f1-score   support
2026-08-22 07:10:28 - INFO - 
2026-08-22 07:10:28 - INFO -       safe (0)     0.9567    0.9325    0.9444       237
2026-08-22 07:10:28 - INFO - vulnerable (1)     0.9289    0.9543    0.9414       219
2026-08-22 07:10:28 - INFO - 
2026-08-22 07:10:28 - INFO -       accuracy                         0.9430       456
2026-08-22 07:10:28 - INFO -      macro avg     0.9428    0.9434    0.9429       456
2026-08-22 07:10:28 - INFO -   weighted avg     0.9433    0.9430    0.9430       456
2026-08-22 07:10:28 - INFO - Confusion matrix - [[tn=221, fp=16], [fn=10, tp=209]]
2026-08-22 07:10:28 - INFO - probability_positive min=0.0004 mean=0.4915 std=0.4768 max=0.9996 predicted_0=231 predicted_1=225
2026-08-22 07:10:28 - INFO - [Classification Report - split=validation epoch=7 - threshold=0.50]
2026-08-22 07:10:28 - INFO -                 precision    recall  f1-score   support
2026-08-22 07:10:28 - INFO - 
2026-08-22 07:10:28 - INFO -       safe (0)     0.7821    0.8592    0.8188        71
2026-08-22 07:10:28 - INFO - vulnerable (1)     0.8649    0.7901    0.8258        81
2026-08-22 07:10:28 - INFO - 
2026-08-22 07:10:28 - INFO -       accuracy                         0.8224       152
2026-08-22 07:10:28 - INFO -      macro avg     0.8235    0.8246    0.8223       152
2026-08-22 07:10:28 - INFO -   weighted avg     0.8262    0.8224    0.8225       152
2026-08-22 07:10:28 - INFO - Confusion matrix - [[tn=61, fp=10], [fn=17, tp=64]]
2026-08-22 07:10:28 - INFO - probability_positive min=0.0003 mean=0.4732 std=0.4759 max=0.9996 predicted_0=78 predicted_1=74
2026-08-22 07:10:28 - INFO - New best model | Macro-F1: 0.822299 | Epoch: 7
2026-08-22 07:10:38 - INFO - Epoch 8/30 | Train loss: 0.100867 | Val loss: 0.977306 | LR: 2.00e-05 | Best epoch: 8 | Patience: 0 | Train: 8.39s | Validation: 0.96s | Epoch: 9.58s | Total: 77.50s
2026-08-22 07:10:38 - INFO - RecAdam target-task weight at epoch end: 0.999921
2026-08-22 07:10:38 - INFO - [Classification Report - split=train epoch=8 - threshold=0.50]
2026-08-22 07:10:38 - INFO -                 precision    recall  f1-score   support
2026-08-22 07:10:38 - INFO - 
2026-08-22 07:10:38 - INFO -       safe (0)     0.9784    0.9578    0.9680       237
2026-08-22 07:10:38 - INFO - vulnerable (1)     0.9554    0.9772    0.9661       219
2026-08-22 07:10:38 - INFO - 
2026-08-22 07:10:38 - INFO -       accuracy                         0.9671       456
2026-08-22 07:10:38 - INFO -      macro avg     0.9669    0.9675    0.9671       456
2026-08-22 07:10:38 - INFO -   weighted avg     0.9674    0.9671    0.9671       456
2026-08-22 07:10:38 - INFO - Confusion matrix - [[tn=227, fp=10], [fn=5, tp=214]]
2026-08-22 07:10:38 - INFO - probability_positive min=0.0004 mean=0.4900 std=0.4818 max=0.9996 predicted_0=232 predicted_1=224
2026-08-22 07:10:38 - INFO - [Classification Report - split=validation epoch=8 - threshold=0.50]
2026-08-22 07:10:38 - INFO -                 precision    recall  f1-score   support
2026-08-22 07:10:38 - INFO - 
2026-08-22 07:10:38 - INFO -       safe (0)     0.7750    0.8732    0.8212        71
2026-08-22 07:10:38 - INFO - vulnerable (1)     0.8750    0.7778    0.8235        81
2026-08-22 07:10:38 - INFO - 
2026-08-22 07:10:38 - INFO -       accuracy                         0.8224       152
2026-08-22 07:10:38 - INFO -      macro avg     0.8250    0.8255    0.8224       152
2026-08-22 07:10:38 - INFO -   weighted avg     0.8283    0.8224    0.8224       152
2026-08-22 07:10:38 - INFO - Confusion matrix - [[tn=62, fp=9], [fn=18, tp=63]]
2026-08-22 07:10:38 - INFO - probability_positive min=0.0003 mean=0.4556 std=0.4812 max=0.9997 predicted_0=80 predicted_1=72
2026-08-22 07:10:38 - INFO - New best model | Macro-F1: 0.822361 | Epoch: 8
2026-08-22 07:10:47 - INFO - Epoch 9/30 | Train loss: 0.108783 | Val loss: 0.772340 | LR: 2.00e-05 | Best epoch: 9 | Patience: 0 | Train: 8.39s | Validation: 0.96s | Epoch: 9.57s | Total: 87.08s
2026-08-22 07:10:47 - INFO - RecAdam target-task weight at epoch end: 0.999982
2026-08-22 07:10:47 - INFO - [Classification Report - split=train epoch=9 - threshold=0.50]
2026-08-22 07:10:47 - INFO -                 precision    recall  f1-score   support
2026-08-22 07:10:47 - INFO - 
2026-08-22 07:10:47 - INFO -       safe (0)     0.9661    0.9620    0.9641       237
2026-08-22 07:10:47 - INFO - vulnerable (1)     0.9591    0.9635    0.9613       219
2026-08-22 07:10:47 - INFO - 
2026-08-22 07:10:47 - INFO -       accuracy                         0.9627       456
2026-08-22 07:10:47 - INFO -      macro avg     0.9626    0.9627    0.9627       456
2026-08-22 07:10:47 - INFO -   weighted avg     0.9627    0.9627    0.9627       456
2026-08-22 07:10:47 - INFO - Confusion matrix - [[tn=228, fp=9], [fn=8, tp=211]]
2026-08-22 07:10:47 - INFO - probability_positive min=0.0004 mean=0.4760 std=0.4843 max=0.9997 predicted_0=236 predicted_1=220
2026-08-22 07:10:47 - INFO - [Classification Report - split=validation epoch=9 - threshold=0.50]
2026-08-22 07:10:47 - INFO -                 precision    recall  f1-score   support
2026-08-22 07:10:47 - INFO - 
2026-08-22 07:10:47 - INFO -       safe (0)     0.7778    0.8873    0.8289        71
2026-08-22 07:10:47 - INFO - vulnerable (1)     0.8873    0.7778    0.8289        81
2026-08-22 07:10:47 - INFO - 
2026-08-22 07:10:47 - INFO -       accuracy                         0.8289       152
2026-08-22 07:10:47 - INFO -      macro avg     0.8326    0.8326    0.8289       152
2026-08-22 07:10:47 - INFO -   weighted avg     0.8362    0.8289    0.8289       152
2026-08-22 07:10:47 - INFO - Confusion matrix - [[tn=63, fp=8], [fn=18, tp=63]]
2026-08-22 07:10:47 - INFO - probability_positive min=0.0003 mean=0.4775 std=0.4824 max=0.9997 predicted_0=81 predicted_1=71
2026-08-22 07:10:47 - INFO - New best model | Macro-F1: 0.828947 | Epoch: 9
2026-08-22 07:10:57 - INFO - Epoch 10/30 | Train loss: 0.077037 | Val loss: 0.852483 | LR: 2.00e-05 | Best epoch: 10 | Patience: 0 | Train: 8.39s | Validation: 0.96s | Epoch: 9.57s | Total: 96.66s
2026-08-22 07:10:57 - INFO - RecAdam target-task weight at epoch end: 0.999996
2026-08-22 07:10:57 - INFO - [Classification Report - split=train epoch=10 - threshold=0.50]
2026-08-22 07:10:57 - INFO -                 precision    recall  f1-score   support
2026-08-22 07:10:57 - INFO - 
2026-08-22 07:10:57 - INFO -       safe (0)     0.9583    0.9705    0.9644       237
2026-08-22 07:10:57 - INFO - vulnerable (1)     0.9676    0.9543    0.9609       219
2026-08-22 07:10:57 - INFO - 
2026-08-22 07:10:57 - INFO -       accuracy                         0.9627       456
2026-08-22 07:10:57 - INFO -      macro avg     0.9630    0.9624    0.9626       456
2026-08-22 07:10:57 - INFO -   weighted avg     0.9628    0.9627    0.9627       456
2026-08-22 07:10:57 - INFO - Confusion matrix - [[tn=230, fp=7], [fn=10, tp=209]]
2026-08-22 07:10:57 - INFO - probability_positive min=0.0004 mean=0.4772 std=0.4817 max=0.9996 predicted_0=240 predicted_1=216
2026-08-22 07:10:57 - INFO - [Classification Report - split=validation epoch=10 - threshold=0.50]
2026-08-22 07:10:57 - INFO -                 precision    recall  f1-score   support
2026-08-22 07:10:57 - INFO - 
2026-08-22 07:10:57 - INFO -       safe (0)     0.7875    0.8873    0.8344        71
2026-08-22 07:10:57 - INFO - vulnerable (1)     0.8889    0.7901    0.8366        81
2026-08-22 07:10:57 - INFO - 
2026-08-22 07:10:57 - INFO -       accuracy                         0.8355       152
2026-08-22 07:10:57 - INFO -      macro avg     0.8382    0.8387    0.8355       152
2026-08-22 07:10:57 - INFO -   weighted avg     0.8415    0.8355    0.8356       152
2026-08-22 07:10:57 - INFO - Confusion matrix - [[tn=63, fp=8], [fn=17, tp=64]]
2026-08-22 07:10:57 - INFO - probability_positive min=0.0003 mean=0.4781 std=0.4862 max=0.9998 predicted_0=80 predicted_1=72
2026-08-22 07:10:57 - INFO - New best model | Macro-F1: 0.835519 | Epoch: 10
2026-08-22 07:11:06 - INFO - Epoch 11/30 | Train loss: 0.067665 | Val loss: 1.092814 | LR: 2.00e-05 | Best epoch: 11 | Patience: 0 | Train: 8.39s | Validation: 0.96s | Epoch: 9.57s | Total: 106.24s
2026-08-22 07:11:06 - INFO - RecAdam target-task weight at epoch end: 0.999999
2026-08-22 07:11:06 - INFO - [Classification Report - split=train epoch=11 - threshold=0.50]
2026-08-22 07:11:06 - INFO -                 precision    recall  f1-score   support
2026-08-22 07:11:06 - INFO - 
2026-08-22 07:11:06 - INFO -       safe (0)     0.9914    0.9747    0.9830       237
2026-08-22 07:11:06 - INFO - vulnerable (1)     0.9731    0.9909    0.9819       219
2026-08-22 07:11:06 - INFO - 
2026-08-22 07:11:06 - INFO -       accuracy                         0.9825       456
2026-08-22 07:11:06 - INFO -      macro avg     0.9823    0.9828    0.9824       456
2026-08-22 07:11:06 - INFO -   weighted avg     0.9826    0.9825    0.9825       456
2026-08-22 07:11:06 - INFO - Confusion matrix - [[tn=231, fp=6], [fn=2, tp=217]]
2026-08-22 07:11:06 - INFO - probability_positive min=0.0003 mean=0.4872 std=0.4897 max=0.9997 predicted_0=233 predicted_1=223
2026-08-22 07:11:06 - INFO - [Classification Report - split=validation epoch=11 - threshold=0.50]
2026-08-22 07:11:06 - INFO -                 precision    recall  f1-score   support
2026-08-22 07:11:06 - INFO - 
2026-08-22 07:11:06 - INFO -       safe (0)     0.8000    0.9014    0.8477        71
2026-08-22 07:11:06 - INFO - vulnerable (1)     0.9028    0.8025    0.8497        81
2026-08-22 07:11:06 - INFO - 
2026-08-22 07:11:06 - INFO -       accuracy                         0.8487       152
2026-08-22 07:11:06 - INFO -      macro avg     0.8514    0.8519    0.8487       152
2026-08-22 07:11:06 - INFO -   weighted avg     0.8548    0.8487    0.8487       152
2026-08-22 07:11:06 - INFO - Confusion matrix - [[tn=64, fp=7], [fn=16, tp=65]]
2026-08-22 07:11:06 - INFO - probability_positive min=0.0003 mean=0.4777 std=0.4960 max=0.9998 predicted_0=80 predicted_1=72
2026-08-22 07:11:06 - INFO - New best model | Macro-F1: 0.848678 | Epoch: 11
2026-08-22 07:11:16 - INFO - Epoch 12/30 | Train loss: 0.074877 | Val loss: 0.984784 | LR: 2.00e-05 | Best epoch: 11 | Patience: 1 | Train: 8.40s | Validation: 0.96s | Epoch: 9.35s | Total: 115.60s
2026-08-22 07:11:16 - INFO - RecAdam target-task weight at epoch end: 1.000000
2026-08-22 07:11:16 - INFO - [Classification Report - split=train epoch=12 - threshold=0.50]
2026-08-22 07:11:16 - INFO -                 precision    recall  f1-score   support
2026-08-22 07:11:16 - INFO - 
2026-08-22 07:11:16 - INFO -       safe (0)     0.9751    0.9916    0.9833       237
2026-08-22 07:11:16 - INFO - vulnerable (1)     0.9907    0.9726    0.9816       219
2026-08-22 07:11:16 - INFO - 
2026-08-22 07:11:16 - INFO -       accuracy                         0.9825       456
2026-08-22 07:11:16 - INFO -      macro avg     0.9829    0.9821    0.9824       456
2026-08-22 07:11:16 - INFO -   weighted avg     0.9826    0.9825    0.9824       456
2026-08-22 07:11:16 - INFO - Confusion matrix - [[tn=235, fp=2], [fn=6, tp=213]]
2026-08-22 07:11:16 - INFO - probability_positive min=0.0004 mean=0.4737 std=0.4942 max=0.9998 predicted_0=241 predicted_1=215
2026-08-22 07:11:16 - INFO - [Classification Report - split=validation epoch=12 - threshold=0.50]
2026-08-22 07:11:16 - INFO -                 precision    recall  f1-score   support
2026-08-22 07:11:16 - INFO - 
2026-08-22 07:11:16 - INFO -       safe (0)     0.7895    0.8451    0.8163        71
2026-08-22 07:11:16 - INFO - vulnerable (1)     0.8553    0.8025    0.8280        81
2026-08-22 07:11:16 - INFO - 
2026-08-22 07:11:16 - INFO -       accuracy                         0.8224       152
2026-08-22 07:11:16 - INFO -      macro avg     0.8224    0.8238    0.8222       152
2026-08-22 07:11:16 - INFO -   weighted avg     0.8245    0.8224    0.8226       152
2026-08-22 07:11:16 - INFO - Confusion matrix - [[tn=60, fp=11], [fn=16, tp=65]]
2026-08-22 07:11:16 - INFO - probability_positive min=0.0007 mean=0.5089 std=0.4900 max=0.9998 predicted_0=76 predicted_1=76
2026-08-22 07:11:25 - INFO - Epoch 13/30 | Train loss: 0.041030 | Val loss: 0.928074 | LR: 2.00e-05 | Best epoch: 11 | Patience: 2 | Train: 8.39s | Validation: 0.96s | Epoch: 9.35s | Total: 124.96s
2026-08-22 07:11:25 - INFO - RecAdam target-task weight at epoch end: 1.000000
2026-08-22 07:11:25 - INFO - [Classification Report - split=train epoch=13 - threshold=0.50]
2026-08-22 07:11:25 - INFO -                 precision    recall  f1-score   support
2026-08-22 07:11:25 - INFO - 
2026-08-22 07:11:25 - INFO -       safe (0)     0.9789    0.9789    0.9789       237
2026-08-22 07:11:25 - INFO - vulnerable (1)     0.9772    0.9772    0.9772       219
2026-08-22 07:11:25 - INFO - 
2026-08-22 07:11:25 - INFO -       accuracy                         0.9781       456
2026-08-22 07:11:25 - INFO -      macro avg     0.9780    0.9780    0.9780       456
2026-08-22 07:11:25 - INFO -   weighted avg     0.9781    0.9781    0.9781       456
2026-08-22 07:11:25 - INFO - Confusion matrix - [[tn=232, fp=5], [fn=5, tp=214]]
2026-08-22 07:11:25 - INFO - probability_positive min=0.0006 mean=0.4811 std=0.4908 max=0.9997 predicted_0=237 predicted_1=219
2026-08-22 07:11:25 - INFO - [Classification Report - split=validation epoch=13 - threshold=0.50]
2026-08-22 07:11:25 - INFO -                 precision    recall  f1-score   support
2026-08-22 07:11:25 - INFO - 
2026-08-22 07:11:25 - INFO -       safe (0)     0.7750    0.8732    0.8212        71
2026-08-22 07:11:25 - INFO - vulnerable (1)     0.8750    0.7778    0.8235        81
2026-08-22 07:11:25 - INFO - 
2026-08-22 07:11:25 - INFO -       accuracy                         0.8224       152
2026-08-22 07:11:25 - INFO -      macro avg     0.8250    0.8255    0.8224       152
2026-08-22 07:11:25 - INFO -   weighted avg     0.8283    0.8224    0.8224       152
2026-08-22 07:11:25 - INFO - Confusion matrix - [[tn=62, fp=9], [fn=18, tp=63]]
2026-08-22 07:11:25 - INFO - probability_positive min=0.0004 mean=0.4794 std=0.4906 max=0.9998 predicted_0=80 predicted_1=72
2026-08-22 07:11:34 - INFO - Epoch 14/30 | Train loss: 0.036304 | Val loss: 0.992021 | LR: 2.00e-05 | Best epoch: 11 | Patience: 3 | Train: 8.40s | Validation: 0.96s | Epoch: 9.35s | Total: 134.32s
2026-08-22 07:11:34 - INFO - RecAdam target-task weight at epoch end: 1.000000
2026-08-22 07:11:34 - INFO - [Classification Report - split=train epoch=14 - threshold=0.50]
2026-08-22 07:11:34 - INFO -                 precision    recall  f1-score   support
2026-08-22 07:11:34 - INFO - 
2026-08-22 07:11:34 - INFO -       safe (0)     0.9833    0.9916    0.9874       237
2026-08-22 07:11:34 - INFO - vulnerable (1)     0.9908    0.9817    0.9862       219
2026-08-22 07:11:34 - INFO - 
2026-08-22 07:11:34 - INFO -       accuracy                         0.9868       456
2026-08-22 07:11:34 - INFO -      macro avg     0.9870    0.9866    0.9868       456
2026-08-22 07:11:34 - INFO -   weighted avg     0.9869    0.9868    0.9868       456
2026-08-22 07:11:34 - INFO - Confusion matrix - [[tn=235, fp=2], [fn=4, tp=215]]
2026-08-22 07:11:34 - INFO - probability_positive min=0.0004 mean=0.4774 std=0.4939 max=0.9997 predicted_0=239 predicted_1=217
2026-08-22 07:11:34 - INFO - [Classification Report - split=validation epoch=14 - threshold=0.50]
2026-08-22 07:11:34 - INFO -                 precision    recall  f1-score   support
2026-08-22 07:11:34 - INFO - 
2026-08-22 07:11:34 - INFO -       safe (0)     0.8052    0.8732    0.8378        71
2026-08-22 07:11:34 - INFO - vulnerable (1)     0.8800    0.8148    0.8462        81
2026-08-22 07:11:34 - INFO - 
2026-08-22 07:11:34 - INFO -       accuracy                         0.8421       152
2026-08-22 07:11:34 - INFO -      macro avg     0.8426    0.8440    0.8420       152
2026-08-22 07:11:34 - INFO -   weighted avg     0.8451    0.8421    0.8423       152
2026-08-22 07:11:34 - INFO - Confusion matrix - [[tn=62, fp=9], [fn=15, tp=66]]
2026-08-22 07:11:34 - INFO - probability_positive min=0.0003 mean=0.4925 std=0.4962 max=0.9998 predicted_0=77 predicted_1=75
2026-08-22 07:11:44 - INFO - Epoch 15/30 | Train loss: 0.031282 | Val loss: 0.920421 | LR: 2.00e-05 | Best epoch: 11 | Patience: 4 | Train: 8.39s | Validation: 0.96s | Epoch: 9.35s | Total: 143.68s
2026-08-22 07:11:44 - INFO - RecAdam target-task weight at epoch end: 1.000000
2026-08-22 07:11:44 - INFO - [Classification Report - split=train epoch=15 - threshold=0.50]
2026-08-22 07:11:44 - INFO -                 precision    recall  f1-score   support
2026-08-22 07:11:44 - INFO - 
2026-08-22 07:11:44 - INFO -       safe (0)     0.9873    0.9873    0.9873       237
2026-08-22 07:11:44 - INFO - vulnerable (1)     0.9863    0.9863    0.9863       219
2026-08-22 07:11:44 - INFO - 
2026-08-22 07:11:44 - INFO -       accuracy                         0.9868       456
2026-08-22 07:11:44 - INFO -      macro avg     0.9868    0.9868    0.9868       456
2026-08-22 07:11:44 - INFO -   weighted avg     0.9868    0.9868    0.9868       456
2026-08-22 07:11:44 - INFO - Confusion matrix - [[tn=234, fp=3], [fn=3, tp=216]]
2026-08-22 07:11:44 - INFO - probability_positive min=0.0003 mean=0.4806 std=0.4945 max=0.9998 predicted_0=237 predicted_1=219
2026-08-22 07:11:44 - INFO - [Classification Report - split=validation epoch=15 - threshold=0.50]
2026-08-22 07:11:44 - INFO -                 precision    recall  f1-score   support
2026-08-22 07:11:44 - INFO - 
2026-08-22 07:11:44 - INFO -       safe (0)     0.8052    0.8732    0.8378        71
2026-08-22 07:11:44 - INFO - vulnerable (1)     0.8800    0.8148    0.8462        81
2026-08-22 07:11:44 - INFO - 
2026-08-22 07:11:44 - INFO -       accuracy                         0.8421       152
2026-08-22 07:11:44 - INFO -      macro avg     0.8426    0.8440    0.8420       152
2026-08-22 07:11:44 - INFO -   weighted avg     0.8451    0.8421    0.8423       152
2026-08-22 07:11:44 - INFO - Confusion matrix - [[tn=62, fp=9], [fn=15, tp=66]]
2026-08-22 07:11:44 - INFO - probability_positive min=0.0003 mean=0.4955 std=0.4944 max=0.9998 predicted_0=77 predicted_1=75
2026-08-22 07:11:53 - INFO - Epoch 16/30 | Train loss: 0.025912 | Val loss: 0.975890 | LR: 2.00e-05 | Best epoch: 11 | Patience: 5 | Train: 8.39s | Validation: 0.96s | Epoch: 9.35s | Total: 153.04s
2026-08-22 07:11:53 - INFO - RecAdam target-task weight at epoch end: 1.000000
2026-08-22 07:11:53 - INFO - [Classification Report - split=train epoch=16 - threshold=0.50]
2026-08-22 07:11:53 - INFO -                 precision    recall  f1-score   support
2026-08-22 07:11:53 - INFO - 
2026-08-22 07:11:53 - INFO -       safe (0)     0.9957    0.9789    0.9872       237
2026-08-22 07:11:53 - INFO - vulnerable (1)     0.9776    0.9954    0.9864       219
2026-08-22 07:11:53 - INFO - 
2026-08-22 07:11:53 - INFO -       accuracy                         0.9868       456
2026-08-22 07:11:53 - INFO -      macro avg     0.9866    0.9872    0.9868       456
2026-08-22 07:11:53 - INFO -   weighted avg     0.9870    0.9868    0.9868       456
2026-08-22 07:11:53 - INFO - Confusion matrix - [[tn=232, fp=5], [fn=1, tp=218]]
2026-08-22 07:11:53 - INFO - probability_positive min=0.0003 mean=0.4851 std=0.4937 max=0.9998 predicted_0=233 predicted_1=223
2026-08-22 07:11:53 - INFO - [Classification Report - split=validation epoch=16 - threshold=0.50]
2026-08-22 07:11:53 - INFO -                 precision    recall  f1-score   support
2026-08-22 07:11:53 - INFO - 
2026-08-22 07:11:53 - INFO -       safe (0)     0.8077    0.8873    0.8456        71
2026-08-22 07:11:53 - INFO - vulnerable (1)     0.8919    0.8148    0.8516        81
2026-08-22 07:11:53 - INFO - 
2026-08-22 07:11:53 - INFO -       accuracy                         0.8487       152
2026-08-22 07:11:53 - INFO -      macro avg     0.8498    0.8511    0.8486       152
2026-08-22 07:11:53 - INFO -   weighted avg     0.8526    0.8487    0.8488       152
2026-08-22 07:11:53 - INFO - Confusion matrix - [[tn=63, fp=8], [fn=15, tp=66]]
2026-08-22 07:11:53 - INFO - probability_positive min=0.0002 mean=0.4907 std=0.4962 max=0.9999 predicted_0=78 predicted_1=74
2026-08-22 07:11:53 - INFO - Early stopping | Epoch: 16 | Best epoch: 11
2026-08-22 07:11:53 - INFO - Best checkpoint saved | Path: model/fam2_t5p/transfer_cwe/seed_42/fold5/best.pt | Epoch: 11 | Val macro_f1: 0.848678
2026-08-22 07:11:53 - INFO - Training finished | Elapsed: 153.04s
2026-08-22 07:11:53 - INFO - Run finished | Phase: phase2 | Fold: 5 | Seed: 42 | Elapsed: 156.05s
