2026-08-22 08:58:11 - INFO - Using device: cuda
2026-08-22 08:58:11 - INFO - Run started | Run: fam1_t5p | Method: baseline | Phase: baseline_infer | Fold: 3 | Seed: 7 | Device: cuda
2026-08-22 08:58:11 - INFO - Loading Python validation data: data/sven_python_folds_norm/fold3/val.jsonl
2026-08-22 08:58:11 - INFO - Loading Python test data: data/sven_python_folds_norm/fold3/test.jsonl
2026-08-22 08:58:11 - INFO - Data split: python_val | Total: 152 | Labels: {0: 83, 1: 69} | CWEs: {'CWE-022': 11, 'CWE-078': 41, 'CWE-079': 13, 'CWE-089': 87} | Languages: {'python': 152} | Invalid CWE: 0
2026-08-22 08:58:11 - INFO - Data split: python_test | Total: 152 | Labels: {0: 80, 1: 72} | CWEs: {'CWE-022': 15, 'CWE-078': 38, 'CWE-079': 20, 'CWE-089': 79} | Languages: {'python': 152} | Invalid CWE: 0
2026-08-22 08:58:13 - INFO - Environment: {"components": {"backbone": {"frozen": 0, "total": 109607040, "trainable": 109607040}, "vul_head": {"frozen": 0, "total": 1538, "trainable": 1538}}, "cuda": "12.8", "fold": 3, "frozen_parameters": 0, "gpu": "NVIDIA GeForce RTX 5070 Ti", "hyperparameters": {"batch_size": 16, "checkpoint_path": "model/fam1_t5p/baseline/seed_7/fold3/best.pt", "data_root": "data/sven_python_folds_norm", "epochs": 10, "eval_batch_size": 16, "fold": 3, "learning_rate": 2e-05, "max_eval_samples": null, "max_grad_norm": 1.0, "max_length": 512, "max_train_samples": null, "method_name": "baseline", "min_epochs": 3, "model_name": "Salesforce/codet5p-220m", "num_workers": 0, "patience": 5, "phase": "infer", "pooling": "mean", "result_path": "results/fam1_t5p/baseline/seed_7/fold3.json", "run_name": "fam1_t5p", "seed": 7, "target_lang": "python", "test_path": null, "train_path": null, "truncation_strategy": "head_middle_tail", "val_path": null, "weight_decay": 0.01}, "mode": "baseline_inference_no_optimizer", "model_name": "Salesforce/codet5p-220m", "seed": 7, "sklearn": "1.9.0", "torch": "2.11.0+cu128", "trainable_parameters": 109608578, "transformers": "4.57.1"}
2026-08-22 08:58:15 - INFO - Evaluation time | Split: validation+threshold | Seconds: 1.42
2026-08-22 08:58:15 - INFO - [Classification Report - split=validation - threshold=0.50]
2026-08-22 08:58:15 - INFO -                 precision    recall  f1-score   support
2026-08-22 08:58:15 - INFO - 
2026-08-22 08:58:15 - INFO -       safe (0)     0.8961    0.8313    0.8625        83
2026-08-22 08:58:15 - INFO - vulnerable (1)     0.8133    0.8841    0.8472        69
2026-08-22 08:58:15 - INFO - 
2026-08-22 08:58:15 - INFO -       accuracy                         0.8553       152
2026-08-22 08:58:15 - INFO -      macro avg     0.8547    0.8577    0.8549       152
2026-08-22 08:58:15 - INFO -   weighted avg     0.8585    0.8553    0.8556       152
2026-08-22 08:58:15 - INFO - Confusion matrix - [[tn=69, fp=14], [fn=8, tp=61]]
2026-08-22 08:58:15 - INFO - probability_positive min=0.0004 mean=0.4973 std=0.4949 max=0.9998 predicted_0=77 predicted_1=75
2026-08-22 08:58:15 - INFO - [Classification Report - split=validation_calibrated - threshold=0.41]
2026-08-22 08:58:15 - INFO -                 precision    recall  f1-score   support
2026-08-22 08:58:15 - INFO - 
2026-08-22 08:58:15 - INFO -       safe (0)     0.8961    0.8313    0.8625        83
2026-08-22 08:58:15 - INFO - vulnerable (1)     0.8133    0.8841    0.8472        69
2026-08-22 08:58:15 - INFO - 
2026-08-22 08:58:15 - INFO -       accuracy                         0.8553       152
2026-08-22 08:58:15 - INFO -      macro avg     0.8547    0.8577    0.8549       152
2026-08-22 08:58:15 - INFO -   weighted avg     0.8585    0.8553    0.8556       152
2026-08-22 08:58:15 - INFO - Confusion matrix - [[tn=69, fp=14], [fn=8, tp=61]]
2026-08-22 08:58:15 - INFO - probability_positive min=0.0004 mean=0.4973 std=0.4949 max=0.9998 predicted_0=77 predicted_1=75
2026-08-22 08:58:15 - INFO - Evaluation time | Split: test | Seconds: 0.96
2026-08-22 08:58:15 - INFO - [Classification Report - split=test - threshold=0.50]
2026-08-22 08:58:15 - INFO -                 precision    recall  f1-score   support
2026-08-22 08:58:15 - INFO - 
2026-08-22 08:58:15 - INFO -       safe (0)     0.8161    0.8875    0.8503        80
2026-08-22 08:58:15 - INFO - vulnerable (1)     0.8615    0.7778    0.8175        72
2026-08-22 08:58:15 - INFO - 
2026-08-22 08:58:15 - INFO -       accuracy                         0.8355       152
2026-08-22 08:58:15 - INFO -      macro avg     0.8388    0.8326    0.8339       152
2026-08-22 08:58:15 - INFO -   weighted avg     0.8376    0.8355    0.8348       152
2026-08-22 08:58:15 - INFO - Confusion matrix - [[tn=71, fp=9], [fn=16, tp=56]]
2026-08-22 08:58:15 - INFO - probability_positive min=0.0004 mean=0.4194 std=0.4819 max=0.9998 predicted_0=87 predicted_1=65
2026-08-22 08:58:15 - INFO - [Classification Report - split=test_valcal - threshold=0.41]
2026-08-22 08:58:15 - INFO -                 precision    recall  f1-score   support
2026-08-22 08:58:15 - INFO - 
2026-08-22 08:58:15 - INFO -       safe (0)     0.8161    0.8875    0.8503        80
2026-08-22 08:58:15 - INFO - vulnerable (1)     0.8615    0.7778    0.8175        72
2026-08-22 08:58:15 - INFO - 
2026-08-22 08:58:15 - INFO -       accuracy                         0.8355       152
2026-08-22 08:58:15 - INFO -      macro avg     0.8388    0.8326    0.8339       152
2026-08-22 08:58:15 - INFO -   weighted avg     0.8376    0.8355    0.8348       152
2026-08-22 08:58:15 - INFO - Confusion matrix - [[tn=71, fp=9], [fn=16, tp=56]]
2026-08-22 08:58:15 - INFO - probability_positive min=0.0004 mean=0.4194 std=0.4819 max=0.9998 predicted_0=87 predicted_1=65
2026-08-22 08:58:15 - INFO - [Classification Report - split=test_at_0.5_CWE-022 - threshold=0.50]
2026-08-22 08:58:15 - INFO -                 precision    recall  f1-score   support
2026-08-22 08:58:15 - INFO - 
2026-08-22 08:58:15 - INFO -       safe (0)     0.3333    0.4000    0.3636         5
2026-08-22 08:58:15 - INFO - vulnerable (1)     0.6667    0.6000    0.6316        10
2026-08-22 08:58:15 - INFO - 
2026-08-22 08:58:15 - INFO -       accuracy                         0.5333        15
2026-08-22 08:58:15 - INFO -      macro avg     0.5000    0.5000    0.4976        15
2026-08-22 08:58:15 - INFO -   weighted avg     0.5556    0.5333    0.5423        15
2026-08-22 08:58:15 - INFO - Confusion matrix - [[tn=2, fp=3], [fn=4, tp=6]]
2026-08-22 08:58:15 - INFO - probability_positive min=0.0005 mean=0.5876 std=0.4792 max=0.9997 predicted_0=6 predicted_1=9
2026-08-22 08:58:15 - INFO - [Classification Report - split=test_at_0.5_CWE-078 - threshold=0.50]
2026-08-22 08:58:15 - INFO -                 precision    recall  f1-score   support
2026-08-22 08:58:15 - INFO - 
2026-08-22 08:58:15 - INFO -       safe (0)     0.7143    0.8333    0.7692        18
2026-08-22 08:58:15 - INFO - vulnerable (1)     0.8235    0.7000    0.7568        20
2026-08-22 08:58:15 - INFO - 
2026-08-22 08:58:15 - INFO -       accuracy                         0.7632        38
2026-08-22 08:58:15 - INFO -      macro avg     0.7689    0.7667    0.7630        38
2026-08-22 08:58:15 - INFO -   weighted avg     0.7718    0.7632    0.7627        38
2026-08-22 08:58:15 - INFO - Confusion matrix - [[tn=15, fp=3], [fn=6, tp=14]]
2026-08-22 08:58:15 - INFO - probability_positive min=0.0004 mean=0.4282 std=0.4779 max=0.9997 predicted_0=21 predicted_1=17
2026-08-22 08:58:15 - INFO - [Classification Report - split=test_at_0.5_CWE-079 - threshold=0.50]
2026-08-22 08:58:15 - INFO -                 precision    recall  f1-score   support
2026-08-22 08:58:15 - INFO - 
2026-08-22 08:58:15 - INFO -       safe (0)     0.8000    0.7273    0.7619        11
2026-08-22 08:58:15 - INFO - vulnerable (1)     0.7000    0.7778    0.7368         9
2026-08-22 08:58:15 - INFO - 
2026-08-22 08:58:15 - INFO -       accuracy                         0.7500        20
2026-08-22 08:58:15 - INFO -      macro avg     0.7500    0.7525    0.7494        20
2026-08-22 08:58:15 - INFO -   weighted avg     0.7550    0.7500    0.7506        20
2026-08-22 08:58:15 - INFO - Confusion matrix - [[tn=8, fp=3], [fn=2, tp=7]]
2026-08-22 08:58:15 - INFO - probability_positive min=0.0005 mean=0.4821 std=0.4574 max=0.9996 predicted_0=10 predicted_1=10
2026-08-22 08:58:15 - INFO - [Classification Report - split=test_at_0.5_CWE-089 - threshold=0.50]
2026-08-22 08:58:15 - INFO -                 precision    recall  f1-score   support
2026-08-22 08:58:15 - INFO - 
2026-08-22 08:58:15 - INFO -       safe (0)     0.9200    1.0000    0.9583        46
2026-08-22 08:58:15 - INFO - vulnerable (1)     1.0000    0.8788    0.9355        33
2026-08-22 08:58:15 - INFO - 
2026-08-22 08:58:15 - INFO -       accuracy                         0.9494        79
2026-08-22 08:58:15 - INFO -      macro avg     0.9600    0.9394    0.9469        79
2026-08-22 08:58:15 - INFO -   weighted avg     0.9534    0.9494    0.9488        79
2026-08-22 08:58:15 - INFO - Confusion matrix - [[tn=46, fp=0], [fn=4, tp=29]]
2026-08-22 08:58:15 - INFO - probability_positive min=0.0004 mean=0.3673 std=0.4808 max=0.9998 predicted_0=50 predicted_1=29
2026-08-22 08:58:15 - INFO - [Classification Report - split=test_at_valcal_CWE-022 - threshold=0.41]
2026-08-22 08:58:15 - INFO -                 precision    recall  f1-score   support
2026-08-22 08:58:15 - INFO - 
2026-08-22 08:58:15 - INFO -       safe (0)     0.3333    0.4000    0.3636         5
2026-08-22 08:58:15 - INFO - vulnerable (1)     0.6667    0.6000    0.6316        10
2026-08-22 08:58:15 - INFO - 
2026-08-22 08:58:15 - INFO -       accuracy                         0.5333        15
2026-08-22 08:58:15 - INFO -      macro avg     0.5000    0.5000    0.4976        15
2026-08-22 08:58:15 - INFO -   weighted avg     0.5556    0.5333    0.5423        15
2026-08-22 08:58:15 - INFO - Confusion matrix - [[tn=2, fp=3], [fn=4, tp=6]]
2026-08-22 08:58:15 - INFO - probability_positive min=0.0005 mean=0.5876 std=0.4792 max=0.9997 predicted_0=6 predicted_1=9
2026-08-22 08:58:16 - INFO - [Classification Report - split=test_at_valcal_CWE-078 - threshold=0.41]
2026-08-22 08:58:16 - INFO -                 precision    recall  f1-score   support
2026-08-22 08:58:16 - INFO - 
2026-08-22 08:58:16 - INFO -       safe (0)     0.7143    0.8333    0.7692        18
2026-08-22 08:58:16 - INFO - vulnerable (1)     0.8235    0.7000    0.7568        20
2026-08-22 08:58:16 - INFO - 
2026-08-22 08:58:16 - INFO -       accuracy                         0.7632        38
2026-08-22 08:58:16 - INFO -      macro avg     0.7689    0.7667    0.7630        38
2026-08-22 08:58:16 - INFO -   weighted avg     0.7718    0.7632    0.7627        38
2026-08-22 08:58:16 - INFO - Confusion matrix - [[tn=15, fp=3], [fn=6, tp=14]]
2026-08-22 08:58:16 - INFO - probability_positive min=0.0004 mean=0.4282 std=0.4779 max=0.9997 predicted_0=21 predicted_1=17
2026-08-22 08:58:16 - INFO - [Classification Report - split=test_at_valcal_CWE-079 - threshold=0.41]
2026-08-22 08:58:16 - INFO -                 precision    recall  f1-score   support
2026-08-22 08:58:16 - INFO - 
2026-08-22 08:58:16 - INFO -       safe (0)     0.8000    0.7273    0.7619        11
2026-08-22 08:58:16 - INFO - vulnerable (1)     0.7000    0.7778    0.7368         9
2026-08-22 08:58:16 - INFO - 
2026-08-22 08:58:16 - INFO -       accuracy                         0.7500        20
2026-08-22 08:58:16 - INFO -      macro avg     0.7500    0.7525    0.7494        20
2026-08-22 08:58:16 - INFO -   weighted avg     0.7550    0.7500    0.7506        20
2026-08-22 08:58:16 - INFO - Confusion matrix - [[tn=8, fp=3], [fn=2, tp=7]]
2026-08-22 08:58:16 - INFO - probability_positive min=0.0005 mean=0.4821 std=0.4574 max=0.9996 predicted_0=10 predicted_1=10
2026-08-22 08:58:16 - INFO - [Classification Report - split=test_at_valcal_CWE-089 - threshold=0.41]
2026-08-22 08:58:16 - INFO -                 precision    recall  f1-score   support
2026-08-22 08:58:16 - INFO - 
2026-08-22 08:58:16 - INFO -       safe (0)     0.9200    1.0000    0.9583        46
2026-08-22 08:58:16 - INFO - vulnerable (1)     1.0000    0.8788    0.9355        33
2026-08-22 08:58:16 - INFO - 
2026-08-22 08:58:16 - INFO -       accuracy                         0.9494        79
2026-08-22 08:58:16 - INFO -      macro avg     0.9600    0.9394    0.9469        79
2026-08-22 08:58:16 - INFO -   weighted avg     0.9534    0.9494    0.9488        79
2026-08-22 08:58:16 - INFO - Confusion matrix - [[tn=46, fp=0], [fn=4, tp=29]]
2026-08-22 08:58:16 - INFO - probability_positive min=0.0004 mean=0.3673 std=0.4808 max=0.9998 predicted_0=50 predicted_1=29
2026-08-22 08:58:16 - INFO - Baseline inference result saved: results/fam1_t5p/baseline/seed_7/fold3.json
2026-08-22 08:58:16 - INFO - Run finished | Phase: baseline_infer | Fold: 3 | Seed: 7 | Elapsed: 4.78s
