2026-08-22 04:51:47 - INFO - Using device: cuda
2026-08-22 04:51:47 - INFO - Run started | Run: fam1_t5p | Method: transfer_latent_bottleneck | Phase: phase2 | Fold: 3 | Seed: 42 | Device: cuda
2026-08-22 04:51:47 - INFO - Loading Python training data: data/sven_python_folds_norm/fold3/train.jsonl
2026-08-22 04:51:47 - INFO - Loading Python validation data: data/sven_python_folds_norm/fold3/val.jsonl
2026-08-22 04:51:47 - INFO - Data split: python_train | Total: 456 | Labels: {0: 217, 1: 239} | CWEs: {'CWE-022': 40, 'CWE-078': 125, 'CWE-079': 49, 'CWE-089': 242} | Languages: {'python': 456} | Invalid CWE: 0
2026-08-22 04:51:47 - INFO - Data split: python_val | Total: 152 | Labels: {0: 83, 1: 69} | CWEs: {'CWE-022': 11, 'CWE-078': 41, 'CWE-079': 13, 'CWE-089': 87} | Languages: {'python': 152} | Invalid CWE: 0
2026-08-22 04:51:48 - INFO - Auxiliary head width taken from checkpoint: 4
2026-08-22 04:51:50 - INFO - Loaded source checkpoint: model/fam1_t5p/transfer_latent_bottleneck/seed_42/source/best.pt | Best epoch: 14 | Best Val Macro-F1: 0.707829
2026-08-22 04:51:50 - INFO - RecAdam schedule | Total steps: 870 | Steps/epoch: 29 | Anneal t0: 43 | Weights: {1: 0.10909682119561293, 29: 0.3318122278318339, 43: 0.5, 870: 1.0}
2026-08-22 04:51:50 - INFO - Environment: {"components": {"backbone": {"frozen": 0, "total": 109607040, "trainable": 109607040}, "cwe_head": {"frozen": 36, "total": 36, "trainable": 0}, "latent_proj": {"frozen": 6152, "total": 6152, "trainable": 0}, "vul_head": {"frozen": 0, "total": 1538, "trainable": 1538}}, "cuda": "12.8", "fold": 3, "frozen_parameters": 6188, "gpu": "NVIDIA GeForce RTX 5070 Ti", "hyperparameters": {"anneal_fun": "sigmoid", "anneal_k": 0.05, "anneal_t0_ratio": 0.05, "anneal_w": 1.0, "aux_mode": "latent_bottleneck", "batch_size": 16, "checkpoint_path": "model/fam1_t5p/transfer_latent_bottleneck/seed_42/fold3/best.pt", "cwe_vocab": "fixed4", "data_path": "data/train_ccpp_filtered.jsonl", "data_root": "data/sven_python_folds_norm", "epochs": 30, "eval_batch_size": 16, "fold": 3, "freeze_backbone_layers": 0, "freeze_prototypes_steps": 0, "lambda_cwe": 0.2, "latent_temperature": 0.1, "learning_rate": 2e-05, "lora_rank": 0, "lp_epochs": 0, "lp_learning_rate": 0.001, "max_eval_samples": null, "max_grad_norm": 1.0, "max_length": 512, "max_train_samples": null, "method_name": "transfer_latent_bottleneck", "min_epochs": 3, "model_name": "Salesforce/codet5p-220m", "num_cwes": 4, "num_latent": 8, "num_workers": 0, "output_dir": "results/fam1_t5p/transfer_latent_bottleneck", "patience": 5, "phase": "phase2", "phase2_optimizer": "recadam", "pooling": "mean", "pretrain_cof": 5000.0, "recadam_anchor": "source", "result_path": "results/fam1_t5p/transfer_latent_bottleneck/seed_42/fold3.json", "run_name": "fam1_t5p", "seed": 42, "selection_metric": "macro_f1", "source_checkpoint": "model/fam1_t5p/transfer_latent_bottleneck/seed_42/source/best.pt", "source_interpolation": 1.0, "strict_determinism": false, "target_lang": "python", "test_path": null, "train_path": null, "truncation_strategy": "head_middle_tail", "val_path": null, "weight_decay": 0.01}, "mode": "phase2_train", "model_name": "Salesforce/codet5p-220m", "seed": 42, "sklearn": "1.9.0", "torch": "2.11.0+cu128", "trainable_parameters": 109608578, "transformers": "4.57.1"}
2026-08-22 04:51:50 - INFO - Training started | Phase: phase2 | Epochs: 30
2026-08-22 04:51:50 - INFO - RecAdam first-step safety checks passed
2026-08-22 04:52:00 - INFO - Epoch 1/30 | Train loss: 0.966724 | Val loss: 0.742435 | LR: 2.00e-05 | Best epoch: 1 | Patience: 0 | Train: 8.57s | Validation: 0.96s | Epoch: 9.69s | Total: 9.69s
2026-08-22 04:52:00 - INFO - RecAdam target-task weight at epoch end: 0.331812
2026-08-22 04:52:00 - INFO - [Classification Report - split=train epoch=1 - threshold=0.50]
2026-08-22 04:52:00 - INFO -                 precision    recall  f1-score   support
2026-08-22 04:52:00 - INFO - 
2026-08-22 04:52:00 - INFO -       safe (0)     0.6782    0.2719    0.3882       217
2026-08-22 04:52:00 - INFO - vulnerable (1)     0.5718    0.8828    0.6941       239
2026-08-22 04:52:00 - INFO - 
2026-08-22 04:52:00 - INFO -       accuracy                         0.5921       456
2026-08-22 04:52:00 - INFO -      macro avg     0.6250    0.5774    0.5411       456
2026-08-22 04:52:00 - INFO -   weighted avg     0.6224    0.5921    0.5485       456
2026-08-22 04:52:00 - INFO - Confusion matrix - [[tn=59, fp=158], [fn=28, tp=211]]
2026-08-22 04:52:00 - INFO - probability_positive min=0.0023 mean=0.7318 std=0.2646 max=0.9980 predicted_0=87 predicted_1=369
2026-08-22 04:52:00 - INFO - [Classification Report - split=validation epoch=1 - threshold=0.50]
2026-08-22 04:52:00 - INFO -                 precision    recall  f1-score   support
2026-08-22 04:52:00 - INFO - 
2026-08-22 04:52:00 - INFO -       safe (0)     0.6667    0.4096    0.5075        83
2026-08-22 04:52:00 - INFO - vulnerable (1)     0.5149    0.7536    0.6118        69
2026-08-22 04:52:00 - INFO - 
2026-08-22 04:52:00 - INFO -       accuracy                         0.5658       152
2026-08-22 04:52:00 - INFO -      macro avg     0.5908    0.5816    0.5596       152
2026-08-22 04:52:00 - INFO -   weighted avg     0.5978    0.5658    0.5548       152
2026-08-22 04:52:00 - INFO - Confusion matrix - [[tn=34, fp=49], [fn=17, tp=52]]
2026-08-22 04:52:00 - INFO - probability_positive min=0.0013 mean=0.5779 std=0.2796 max=0.9790 predicted_0=51 predicted_1=101
2026-08-22 04:52:00 - INFO - New best model | Macro-F1: 0.559614 | Epoch: 1
2026-08-22 04:52:09 - INFO - Epoch 2/30 | Train loss: 0.654270 | Val loss: 0.697907 | LR: 2.00e-05 | Best epoch: 2 | Patience: 0 | Train: 8.39s | Validation: 0.96s | Epoch: 9.58s | Total: 19.28s
2026-08-22 04:52:09 - INFO - RecAdam target-task weight at epoch end: 0.679179
2026-08-22 04:52:09 - INFO - [Classification Report - split=train epoch=2 - threshold=0.50]
2026-08-22 04:52:09 - INFO -                 precision    recall  f1-score   support
2026-08-22 04:52:09 - INFO - 
2026-08-22 04:52:09 - INFO -       safe (0)     0.6437    0.5161    0.5729       217
2026-08-22 04:52:09 - INFO - vulnerable (1)     0.6277    0.7406    0.6795       239
2026-08-22 04:52:09 - INFO - 
2026-08-22 04:52:09 - INFO -       accuracy                         0.6338       456
2026-08-22 04:52:09 - INFO -      macro avg     0.6357    0.6284    0.6262       456
2026-08-22 04:52:09 - INFO -   weighted avg     0.6353    0.6338    0.6287       456
2026-08-22 04:52:09 - INFO - Confusion matrix - [[tn=112, fp=105], [fn=62, tp=177]]
2026-08-22 04:52:09 - INFO - probability_positive min=0.0030 mean=0.5361 std=0.2247 max=0.9929 predicted_0=174 predicted_1=282
2026-08-22 04:52:09 - INFO - [Classification Report - split=validation epoch=2 - threshold=0.50]
2026-08-22 04:52:09 - INFO -                 precision    recall  f1-score   support
2026-08-22 04:52:09 - INFO - 
2026-08-22 04:52:09 - INFO -       safe (0)     0.8140    0.4217    0.5556        83
2026-08-22 04:52:09 - INFO - vulnerable (1)     0.5596    0.8841    0.6854        69
2026-08-22 04:52:09 - INFO - 
2026-08-22 04:52:09 - INFO -       accuracy                         0.6316       152
2026-08-22 04:52:09 - INFO -      macro avg     0.6868    0.6529    0.6205       152
2026-08-22 04:52:09 - INFO -   weighted avg     0.6985    0.6316    0.6145       152
2026-08-22 04:52:09 - INFO - Confusion matrix - [[tn=35, fp=48], [fn=8, tp=61]]
2026-08-22 04:52:09 - INFO - probability_positive min=0.0031 mean=0.5946 std=0.2539 max=0.9812 predicted_0=43 predicted_1=109
2026-08-22 04:52:09 - INFO - New best model | Macro-F1: 0.620474 | Epoch: 2
2026-08-22 04:52:19 - INFO - Epoch 3/30 | Train loss: 0.558153 | Val loss: 0.577046 | LR: 2.00e-05 | Best epoch: 3 | Patience: 0 | Train: 8.40s | Validation: 0.96s | Epoch: 9.58s | Total: 28.88s
2026-08-22 04:52:19 - INFO - RecAdam target-task weight at epoch end: 0.900250
2026-08-22 04:52:19 - INFO - [Classification Report - split=train epoch=3 - threshold=0.50]
2026-08-22 04:52:19 - INFO -                 precision    recall  f1-score   support
2026-08-22 04:52:19 - INFO - 
2026-08-22 04:52:19 - INFO -       safe (0)     0.7104    0.5991    0.6500       217
2026-08-22 04:52:19 - INFO - vulnerable (1)     0.6813    0.7782    0.7266       239
2026-08-22 04:52:19 - INFO - 
2026-08-22 04:52:19 - INFO -       accuracy                         0.6930       456
2026-08-22 04:52:19 - INFO -      macro avg     0.6959    0.6887    0.6883       456
2026-08-22 04:52:19 - INFO -   weighted avg     0.6951    0.6930    0.6901       456
2026-08-22 04:52:19 - INFO - Confusion matrix - [[tn=130, fp=87], [fn=53, tp=186]]
2026-08-22 04:52:19 - INFO - probability_positive min=0.0043 mean=0.5477 std=0.2499 max=0.9912 predicted_0=183 predicted_1=273
2026-08-22 04:52:19 - INFO - [Classification Report - split=validation epoch=3 - threshold=0.50]
2026-08-22 04:52:19 - INFO -                 precision    recall  f1-score   support
2026-08-22 04:52:19 - INFO - 
2026-08-22 04:52:19 - INFO -       safe (0)     0.8413    0.6386    0.7260        83
2026-08-22 04:52:19 - INFO - vulnerable (1)     0.6629    0.8551    0.7468        69
2026-08-22 04:52:19 - INFO - 
2026-08-22 04:52:19 - INFO -       accuracy                         0.7368       152
2026-08-22 04:52:19 - INFO -      macro avg     0.7521    0.7468    0.7364       152
2026-08-22 04:52:19 - INFO -   weighted avg     0.7603    0.7368    0.7355       152
2026-08-22 04:52:19 - INFO - Confusion matrix - [[tn=53, fp=30], [fn=10, tp=59]]
2026-08-22 04:52:19 - INFO - probability_positive min=0.0028 mean=0.5540 std=0.3157 max=0.9933 predicted_0=63 predicted_1=89
2026-08-22 04:52:19 - INFO - New best model | Macro-F1: 0.736431 | Epoch: 3
2026-08-22 04:52:28 - INFO - Epoch 4/30 | Train loss: 0.387092 | Val loss: 0.511467 | LR: 2.00e-05 | Best epoch: 4 | Patience: 0 | Train: 8.39s | Validation: 0.96s | Epoch: 9.58s | Total: 38.47s
2026-08-22 04:52:28 - INFO - RecAdam target-task weight at epoch end: 0.974667
2026-08-22 04:52:28 - INFO - [Classification Report - split=train epoch=4 - threshold=0.50]
2026-08-22 04:52:28 - INFO -                 precision    recall  f1-score   support
2026-08-22 04:52:28 - INFO - 
2026-08-22 04:52:28 - INFO -       safe (0)     0.8155    0.7742    0.7943       217
2026-08-22 04:52:28 - INFO - vulnerable (1)     0.8040    0.8410    0.8221       239
2026-08-22 04:52:28 - INFO - 
2026-08-22 04:52:28 - INFO -       accuracy                         0.8092       456
2026-08-22 04:52:28 - INFO -      macro avg     0.8098    0.8076    0.8082       456
2026-08-22 04:52:28 - INFO -   weighted avg     0.8095    0.8092    0.8089       456
2026-08-22 04:52:28 - INFO - Confusion matrix - [[tn=168, fp=49], [fn=38, tp=201]]
2026-08-22 04:52:28 - INFO - probability_positive min=0.0023 mean=0.5322 std=0.3481 max=0.9976 predicted_0=206 predicted_1=250
2026-08-22 04:52:28 - INFO - [Classification Report - split=validation epoch=4 - threshold=0.50]
2026-08-22 04:52:28 - INFO -                 precision    recall  f1-score   support
2026-08-22 04:52:28 - INFO - 
2026-08-22 04:52:28 - INFO -       safe (0)     0.8140    0.8434    0.8284        83
2026-08-22 04:52:28 - INFO - vulnerable (1)     0.8030    0.7681    0.7852        69
2026-08-22 04:52:28 - INFO - 
2026-08-22 04:52:28 - INFO -       accuracy                         0.8092       152
2026-08-22 04:52:28 - INFO -      macro avg     0.8085    0.8057    0.8068       152
2026-08-22 04:52:28 - INFO -   weighted avg     0.8090    0.8092    0.8088       152
2026-08-22 04:52:28 - INFO - Confusion matrix - [[tn=70, fp=13], [fn=16, tp=53]]
2026-08-22 04:52:28 - INFO - probability_positive min=0.0017 mean=0.4747 std=0.4216 max=0.9992 predicted_0=86 predicted_1=66
2026-08-22 04:52:28 - INFO - New best model | Macro-F1: 0.806794 | Epoch: 4
2026-08-22 04:52:38 - INFO - Epoch 5/30 | Train loss: 0.314671 | Val loss: 0.468001 | LR: 2.00e-05 | Best epoch: 5 | Patience: 0 | Train: 8.39s | Validation: 0.96s | Epoch: 9.58s | Total: 48.06s
2026-08-22 04:52:38 - INFO - RecAdam target-task weight at epoch end: 0.993940
2026-08-22 04:52:38 - INFO - [Classification Report - split=train epoch=5 - threshold=0.50]
2026-08-22 04:52:38 - INFO -                 precision    recall  f1-score   support
2026-08-22 04:52:38 - INFO - 
2026-08-22 04:52:38 - INFO -       safe (0)     0.8636    0.8756    0.8696       217
2026-08-22 04:52:38 - INFO - vulnerable (1)     0.8856    0.8745    0.8800       239
2026-08-22 04:52:38 - INFO - 
2026-08-22 04:52:38 - INFO -       accuracy                         0.8750       456
2026-08-22 04:52:38 - INFO -      macro avg     0.8746    0.8750    0.8748       456
2026-08-22 04:52:38 - INFO -   weighted avg     0.8751    0.8750    0.8750       456
2026-08-22 04:52:38 - INFO - Confusion matrix - [[tn=190, fp=27], [fn=30, tp=209]]
2026-08-22 04:52:38 - INFO - probability_positive min=0.0012 mean=0.5246 std=0.4172 max=0.9989 predicted_0=220 predicted_1=236
2026-08-22 04:52:38 - INFO - [Classification Report - split=validation epoch=5 - threshold=0.50]
2026-08-22 04:52:38 - INFO -                 precision    recall  f1-score   support
2026-08-22 04:52:38 - INFO - 
2026-08-22 04:52:38 - INFO -       safe (0)     0.8523    0.9036    0.8772        83
2026-08-22 04:52:38 - INFO - vulnerable (1)     0.8750    0.8116    0.8421        69
2026-08-22 04:52:38 - INFO - 
2026-08-22 04:52:38 - INFO -       accuracy                         0.8618       152
2026-08-22 04:52:38 - INFO -      macro avg     0.8636    0.8576    0.8596       152
2026-08-22 04:52:38 - INFO -   weighted avg     0.8626    0.8618    0.8613       152
2026-08-22 04:52:38 - INFO - Confusion matrix - [[tn=75, fp=8], [fn=13, tp=56]]
2026-08-22 04:52:38 - INFO - probability_positive min=0.0008 mean=0.4447 std=0.4483 max=0.9991 predicted_0=88 predicted_1=64
2026-08-22 04:52:38 - INFO - New best model | Macro-F1: 0.859649 | Epoch: 5
2026-08-22 04:52:47 - INFO - Epoch 6/30 | Train loss: 0.241927 | Val loss: 0.580212 | LR: 2.00e-05 | Best epoch: 5 | Patience: 1 | Train: 8.39s | Validation: 0.96s | Epoch: 9.35s | Total: 57.43s
2026-08-22 04:52:47 - INFO - RecAdam target-task weight at epoch end: 0.998572
2026-08-22 04:52:47 - INFO - [Classification Report - split=train epoch=6 - threshold=0.50]
2026-08-22 04:52:47 - INFO -                 precision    recall  f1-score   support
2026-08-22 04:52:47 - INFO - 
2026-08-22 04:52:47 - INFO -       safe (0)     0.8930    0.8848    0.8889       217
2026-08-22 04:52:47 - INFO - vulnerable (1)     0.8963    0.9038    0.9000       239
2026-08-22 04:52:47 - INFO - 
2026-08-22 04:52:47 - INFO -       accuracy                         0.8947       456
2026-08-22 04:52:47 - INFO -      macro avg     0.8946    0.8943    0.8944       456
2026-08-22 04:52:47 - INFO -   weighted avg     0.8947    0.8947    0.8947       456
2026-08-22 04:52:47 - INFO - Confusion matrix - [[tn=192, fp=25], [fn=23, tp=216]]
2026-08-22 04:52:47 - INFO - probability_positive min=0.0030 mean=0.5302 std=0.4277 max=0.9988 predicted_0=215 predicted_1=241
2026-08-22 04:52:47 - INFO - [Classification Report - split=validation epoch=6 - threshold=0.50]
2026-08-22 04:52:47 - INFO -                 precision    recall  f1-score   support
2026-08-22 04:52:47 - INFO - 
2026-08-22 04:52:47 - INFO -       safe (0)     0.8831    0.8193    0.8500        83
2026-08-22 04:52:47 - INFO - vulnerable (1)     0.8000    0.8696    0.8333        69
2026-08-22 04:52:47 - INFO - 
2026-08-22 04:52:47 - INFO -       accuracy                         0.8421       152
2026-08-22 04:52:47 - INFO -      macro avg     0.8416    0.8444    0.8417       152
2026-08-22 04:52:47 - INFO -   weighted avg     0.8454    0.8421    0.8424       152
2026-08-22 04:52:47 - INFO - Confusion matrix - [[tn=68, fp=15], [fn=9, tp=60]]
2026-08-22 04:52:47 - INFO - probability_positive min=0.0022 mean=0.5213 std=0.4577 max=0.9994 predicted_0=77 predicted_1=75
2026-08-22 04:52:57 - INFO - Epoch 7/30 | Train loss: 0.193965 | Val loss: 0.683133 | LR: 2.00e-05 | Best epoch: 5 | Patience: 2 | Train: 8.39s | Validation: 0.96s | Epoch: 9.35s | Total: 66.79s
2026-08-22 04:52:57 - INFO - RecAdam target-task weight at epoch end: 0.999665
2026-08-22 04:52:57 - INFO - [Classification Report - split=train epoch=7 - threshold=0.50]
2026-08-22 04:52:57 - INFO -                 precision    recall  f1-score   support
2026-08-22 04:52:57 - INFO - 
2026-08-22 04:52:57 - INFO -       safe (0)     0.9238    0.8940    0.9087       217
2026-08-22 04:52:57 - INFO - vulnerable (1)     0.9065    0.9331    0.9196       239
2026-08-22 04:52:57 - INFO - 
2026-08-22 04:52:57 - INFO -       accuracy                         0.9145       456
2026-08-22 04:52:57 - INFO -      macro avg     0.9152    0.9135    0.9141       456
2026-08-22 04:52:57 - INFO -   weighted avg     0.9147    0.9145    0.9144       456
2026-08-22 04:52:57 - INFO - Confusion matrix - [[tn=194, fp=23], [fn=16, tp=223]]
2026-08-22 04:52:57 - INFO - probability_positive min=0.0015 mean=0.5414 std=0.4402 max=0.9993 predicted_0=210 predicted_1=246
2026-08-22 04:52:57 - INFO - [Classification Report - split=validation epoch=7 - threshold=0.50]
2026-08-22 04:52:57 - INFO -                 precision    recall  f1-score   support
2026-08-22 04:52:57 - INFO - 
2026-08-22 04:52:57 - INFO -       safe (0)     0.9054    0.8072    0.8535        83
2026-08-22 04:52:57 - INFO - vulnerable (1)     0.7949    0.8986    0.8435        69
2026-08-22 04:52:57 - INFO - 
2026-08-22 04:52:57 - INFO -       accuracy                         0.8487       152
2026-08-22 04:52:57 - INFO -      macro avg     0.8501    0.8529    0.8485       152
2026-08-22 04:52:57 - INFO -   weighted avg     0.8552    0.8487    0.8490       152
2026-08-22 04:52:57 - INFO - Confusion matrix - [[tn=67, fp=16], [fn=7, tp=62]]
2026-08-22 04:52:57 - INFO - probability_positive min=0.0006 mean=0.5149 std=0.4712 max=0.9996 predicted_0=74 predicted_1=78
2026-08-22 04:53:06 - INFO - Epoch 8/30 | Train loss: 0.153549 | Val loss: 0.660104 | LR: 2.00e-05 | Best epoch: 8 | Patience: 0 | Train: 8.40s | Validation: 0.96s | Epoch: 9.58s | Total: 76.37s
2026-08-22 04:53:06 - INFO - RecAdam target-task weight at epoch end: 0.999921
2026-08-22 04:53:06 - INFO - [Classification Report - split=train epoch=8 - threshold=0.50]
2026-08-22 04:53:06 - INFO -                 precision    recall  f1-score   support
2026-08-22 04:53:06 - INFO - 
2026-08-22 04:53:06 - INFO -       safe (0)     0.9269    0.9355    0.9312       217
2026-08-22 04:53:06 - INFO - vulnerable (1)     0.9409    0.9331    0.9370       239
2026-08-22 04:53:06 - INFO - 
2026-08-22 04:53:06 - INFO -       accuracy                         0.9342       456
2026-08-22 04:53:06 - INFO -      macro avg     0.9339    0.9343    0.9341       456
2026-08-22 04:53:06 - INFO -   weighted avg     0.9343    0.9342    0.9342       456
2026-08-22 04:53:06 - INFO - Confusion matrix - [[tn=203, fp=14], [fn=16, tp=223]]
2026-08-22 04:53:06 - INFO - probability_positive min=0.0008 mean=0.5262 std=0.4681 max=0.9992 predicted_0=219 predicted_1=237
2026-08-22 04:53:06 - INFO - [Classification Report - split=validation epoch=8 - threshold=0.50]
2026-08-22 04:53:06 - INFO -                 precision    recall  f1-score   support
2026-08-22 04:53:06 - INFO - 
2026-08-22 04:53:06 - INFO -       safe (0)     0.9079    0.8313    0.8679        83
2026-08-22 04:53:06 - INFO - vulnerable (1)     0.8158    0.8986    0.8552        69
2026-08-22 04:53:06 - INFO - 
2026-08-22 04:53:06 - INFO -       accuracy                         0.8618       152
2026-08-22 04:53:06 - INFO -      macro avg     0.8618    0.8649    0.8615       152
2026-08-22 04:53:06 - INFO -   weighted avg     0.8661    0.8618    0.8621       152
2026-08-22 04:53:06 - INFO - Confusion matrix - [[tn=69, fp=14], [fn=7, tp=62]]
2026-08-22 04:53:06 - INFO - probability_positive min=0.0004 mean=0.5042 std=0.4840 max=0.9995 predicted_0=76 predicted_1=76
2026-08-22 04:53:06 - INFO - New best model | Macro-F1: 0.861548 | Epoch: 8
2026-08-22 04:53:16 - INFO - Epoch 9/30 | Train loss: 0.123434 | Val loss: 0.670858 | LR: 2.00e-05 | Best epoch: 8 | Patience: 1 | Train: 8.39s | Validation: 0.96s | Epoch: 9.35s | Total: 85.74s
2026-08-22 04:53:16 - INFO - RecAdam target-task weight at epoch end: 0.999982
2026-08-22 04:53:16 - INFO - [Classification Report - split=train epoch=9 - threshold=0.50]
2026-08-22 04:53:16 - INFO -                 precision    recall  f1-score   support
2026-08-22 04:53:16 - INFO - 
2026-08-22 04:53:16 - INFO -       safe (0)     0.9619    0.9309    0.9461       217
2026-08-22 04:53:16 - INFO - vulnerable (1)     0.9390    0.9665    0.9526       239
2026-08-22 04:53:16 - INFO - 
2026-08-22 04:53:16 - INFO -       accuracy                         0.9496       456
2026-08-22 04:53:16 - INFO -      macro avg     0.9505    0.9487    0.9494       456
2026-08-22 04:53:16 - INFO -   weighted avg     0.9499    0.9496    0.9495       456
2026-08-22 04:53:16 - INFO - Confusion matrix - [[tn=202, fp=15], [fn=8, tp=231]]
2026-08-22 04:53:16 - INFO - probability_positive min=0.0006 mean=0.5366 std=0.4749 max=0.9995 predicted_0=210 predicted_1=246
2026-08-22 04:53:16 - INFO - [Classification Report - split=validation epoch=9 - threshold=0.50]
2026-08-22 04:53:16 - INFO -                 precision    recall  f1-score   support
2026-08-22 04:53:16 - INFO - 
2026-08-22 04:53:16 - INFO -       safe (0)     0.8659    0.8554    0.8606        83
2026-08-22 04:53:16 - INFO - vulnerable (1)     0.8286    0.8406    0.8345        69
2026-08-22 04:53:16 - INFO - 
2026-08-22 04:53:16 - INFO -       accuracy                         0.8487       152
2026-08-22 04:53:16 - INFO -      macro avg     0.8472    0.8480    0.8476       152
2026-08-22 04:53:16 - INFO -   weighted avg     0.8489    0.8487    0.8488       152
2026-08-22 04:53:16 - INFO - Confusion matrix - [[tn=71, fp=12], [fn=11, tp=58]]
2026-08-22 04:53:16 - INFO - probability_positive min=0.0004 mean=0.4699 std=0.4840 max=0.9996 predicted_0=82 predicted_1=70
2026-08-22 04:53:25 - INFO - Epoch 10/30 | Train loss: 0.124450 | Val loss: 0.618664 | LR: 2.00e-05 | Best epoch: 8 | Patience: 2 | Train: 8.39s | Validation: 0.96s | Epoch: 9.36s | Total: 95.10s
2026-08-22 04:53:25 - INFO - RecAdam target-task weight at epoch end: 0.999996
2026-08-22 04:53:25 - INFO - [Classification Report - split=train epoch=10 - threshold=0.50]
2026-08-22 04:53:25 - INFO -                 precision    recall  f1-score   support
2026-08-22 04:53:25 - INFO - 
2026-08-22 04:53:25 - INFO -       safe (0)     0.9624    0.9447    0.9535       217
2026-08-22 04:53:25 - INFO - vulnerable (1)     0.9506    0.9665    0.9585       239
2026-08-22 04:53:25 - INFO - 
2026-08-22 04:53:25 - INFO -       accuracy                         0.9561       456
2026-08-22 04:53:25 - INFO -      macro avg     0.9565    0.9556    0.9560       456
2026-08-22 04:53:25 - INFO -   weighted avg     0.9562    0.9561    0.9561       456
2026-08-22 04:53:25 - INFO - Confusion matrix - [[tn=205, fp=12], [fn=8, tp=231]]
2026-08-22 04:53:25 - INFO - probability_positive min=0.0004 mean=0.5222 std=0.4802 max=0.9995 predicted_0=213 predicted_1=243
2026-08-22 04:53:25 - INFO - [Classification Report - split=validation epoch=10 - threshold=0.50]
2026-08-22 04:53:25 - INFO -                 precision    recall  f1-score   support
2026-08-22 04:53:25 - INFO - 
2026-08-22 04:53:25 - INFO -       safe (0)     0.8861    0.8434    0.8642        83
2026-08-22 04:53:25 - INFO - vulnerable (1)     0.8219    0.8696    0.8451        69
2026-08-22 04:53:25 - INFO - 
2026-08-22 04:53:25 - INFO -       accuracy                         0.8553       152
2026-08-22 04:53:25 - INFO -      macro avg     0.8540    0.8565    0.8546       152
2026-08-22 04:53:25 - INFO -   weighted avg     0.8570    0.8553    0.8555       152
2026-08-22 04:53:25 - INFO - Confusion matrix - [[tn=70, fp=13], [fn=9, tp=60]]
2026-08-22 04:53:25 - INFO - probability_positive min=0.0003 mean=0.4685 std=0.4843 max=0.9997 predicted_0=79 predicted_1=73
2026-08-22 04:53:35 - INFO - Epoch 11/30 | Train loss: 0.072933 | Val loss: 0.683787 | LR: 2.00e-05 | Best epoch: 11 | Patience: 0 | Train: 8.39s | Validation: 0.96s | Epoch: 9.58s | Total: 104.69s
2026-08-22 04:53:35 - INFO - RecAdam target-task weight at epoch end: 0.999999
2026-08-22 04:53:35 - INFO - [Classification Report - split=train epoch=11 - threshold=0.50]
2026-08-22 04:53:35 - INFO -                 precision    recall  f1-score   support
2026-08-22 04:53:35 - INFO - 
2026-08-22 04:53:35 - INFO -       safe (0)     0.9677    0.9677    0.9677       217
2026-08-22 04:53:35 - INFO - vulnerable (1)     0.9707    0.9707    0.9707       239
2026-08-22 04:53:35 - INFO - 
2026-08-22 04:53:35 - INFO -       accuracy                         0.9693       456
2026-08-22 04:53:35 - INFO -      macro avg     0.9692    0.9692    0.9692       456
2026-08-22 04:53:35 - INFO -   weighted avg     0.9693    0.9693    0.9693       456
2026-08-22 04:53:35 - INFO - Confusion matrix - [[tn=210, fp=7], [fn=7, tp=232]]
2026-08-22 04:53:35 - INFO - probability_positive min=0.0005 mean=0.5244 std=0.4803 max=0.9995 predicted_0=217 predicted_1=239
2026-08-22 04:53:35 - INFO - [Classification Report - split=validation epoch=11 - threshold=0.50]
2026-08-22 04:53:35 - INFO -                 precision    recall  f1-score   support
2026-08-22 04:53:35 - INFO - 
2026-08-22 04:53:35 - INFO -       safe (0)     0.8889    0.8675    0.8780        83
2026-08-22 04:53:35 - INFO - vulnerable (1)     0.8451    0.8696    0.8571        69
2026-08-22 04:53:35 - INFO - 
2026-08-22 04:53:35 - INFO -       accuracy                         0.8684       152
2026-08-22 04:53:35 - INFO -      macro avg     0.8670    0.8685    0.8676       152
2026-08-22 04:53:35 - INFO -   weighted avg     0.8690    0.8684    0.8686       152
2026-08-22 04:53:35 - INFO - Confusion matrix - [[tn=72, fp=11], [fn=9, tp=60]]
2026-08-22 04:53:35 - INFO - probability_positive min=0.0003 mean=0.4654 std=0.4902 max=0.9997 predicted_0=81 predicted_1=71
2026-08-22 04:53:35 - INFO - New best model | Macro-F1: 0.867596 | Epoch: 11
2026-08-22 04:53:44 - INFO - Epoch 12/30 | Train loss: 0.087520 | Val loss: 0.929907 | LR: 2.00e-05 | Best epoch: 11 | Patience: 1 | Train: 8.39s | Validation: 0.96s | Epoch: 9.35s | Total: 114.05s
2026-08-22 04:53:44 - INFO - RecAdam target-task weight at epoch end: 1.000000
2026-08-22 04:53:44 - INFO - [Classification Report - split=train epoch=12 - threshold=0.50]
2026-08-22 04:53:44 - INFO -                 precision    recall  f1-score   support
2026-08-22 04:53:44 - INFO - 
2026-08-22 04:53:44 - INFO -       safe (0)     0.9552    0.9816    0.9682       217
2026-08-22 04:53:44 - INFO - vulnerable (1)     0.9828    0.9582    0.9703       239
2026-08-22 04:53:44 - INFO - 
2026-08-22 04:53:44 - INFO -       accuracy                         0.9693       456
2026-08-22 04:53:44 - INFO -      macro avg     0.9690    0.9699    0.9693       456
2026-08-22 04:53:44 - INFO -   weighted avg     0.9697    0.9693    0.9693       456
2026-08-22 04:53:44 - INFO - Confusion matrix - [[tn=213, fp=4], [fn=10, tp=229]]
2026-08-22 04:53:44 - INFO - probability_positive min=0.0003 mean=0.5144 std=0.4864 max=0.9997 predicted_0=223 predicted_1=233
2026-08-22 04:53:44 - INFO - [Classification Report - split=validation epoch=12 - threshold=0.50]
2026-08-22 04:53:44 - INFO -                 precision    recall  f1-score   support
2026-08-22 04:53:44 - INFO - 
2026-08-22 04:53:44 - INFO -       safe (0)     0.8675    0.8675    0.8675        83
2026-08-22 04:53:44 - INFO - vulnerable (1)     0.8406    0.8406    0.8406        69
2026-08-22 04:53:44 - INFO - 
2026-08-22 04:53:44 - INFO -       accuracy                         0.8553       152
2026-08-22 04:53:44 - INFO -      macro avg     0.8540    0.8540    0.8540       152
2026-08-22 04:53:44 - INFO -   weighted avg     0.8553    0.8553    0.8553       152
2026-08-22 04:53:44 - INFO - Confusion matrix - [[tn=72, fp=11], [fn=11, tp=58]]
2026-08-22 04:53:44 - INFO - probability_positive min=0.0002 mean=0.4533 std=0.4933 max=0.9998 predicted_0=83 predicted_1=69
2026-08-22 04:53:53 - INFO - Epoch 13/30 | Train loss: 0.073942 | Val loss: 0.875988 | LR: 2.00e-05 | Best epoch: 13 | Patience: 0 | Train: 8.39s | Validation: 0.96s | Epoch: 9.58s | Total: 123.64s
2026-08-22 04:53:53 - INFO - RecAdam target-task weight at epoch end: 1.000000
2026-08-22 04:53:53 - INFO - [Classification Report - split=train epoch=13 - threshold=0.50]
2026-08-22 04:53:53 - INFO -                 precision    recall  f1-score   support
2026-08-22 04:53:53 - INFO - 
2026-08-22 04:53:53 - INFO -       safe (0)     0.9770    0.9770    0.9770       217
2026-08-22 04:53:53 - INFO - vulnerable (1)     0.9791    0.9791    0.9791       239
2026-08-22 04:53:53 - INFO - 
2026-08-22 04:53:53 - INFO -       accuracy                         0.9781       456
2026-08-22 04:53:53 - INFO -      macro avg     0.9780    0.9780    0.9780       456
2026-08-22 04:53:53 - INFO -   weighted avg     0.9781    0.9781    0.9781       456
2026-08-22 04:53:53 - INFO - Confusion matrix - [[tn=212, fp=5], [fn=5, tp=234]]
2026-08-22 04:53:53 - INFO - probability_positive min=0.0003 mean=0.5253 std=0.4919 max=0.9997 predicted_0=217 predicted_1=239
2026-08-22 04:53:53 - INFO - [Classification Report - split=validation epoch=13 - threshold=0.50]
2026-08-22 04:53:53 - INFO -                 precision    recall  f1-score   support
2026-08-22 04:53:53 - INFO - 
2026-08-22 04:53:53 - INFO -       safe (0)     0.8987    0.8554    0.8765        83
2026-08-22 04:53:53 - INFO - vulnerable (1)     0.8356    0.8841    0.8592        69
2026-08-22 04:53:53 - INFO - 
2026-08-22 04:53:53 - INFO -       accuracy                         0.8684       152
2026-08-22 04:53:53 - INFO -      macro avg     0.8672    0.8697    0.8678       152
2026-08-22 04:53:53 - INFO -   weighted avg     0.8701    0.8684    0.8686       152
2026-08-22 04:53:53 - INFO - Confusion matrix - [[tn=71, fp=12], [fn=8, tp=61]]
2026-08-22 04:53:53 - INFO - probability_positive min=0.0002 mean=0.4798 std=0.4922 max=0.9998 predicted_0=79 predicted_1=73
2026-08-22 04:53:53 - INFO - New best model | Macro-F1: 0.867849 | Epoch: 13
2026-08-22 04:54:03 - INFO - Epoch 14/30 | Train loss: 0.039057 | Val loss: 0.888836 | LR: 2.00e-05 | Best epoch: 14 | Patience: 0 | Train: 8.39s | Validation: 0.96s | Epoch: 9.58s | Total: 133.23s
2026-08-22 04:54:03 - INFO - RecAdam target-task weight at epoch end: 1.000000
2026-08-22 04:54:03 - INFO - [Classification Report - split=train epoch=14 - threshold=0.50]
2026-08-22 04:54:03 - INFO -                 precision    recall  f1-score   support
2026-08-22 04:54:03 - INFO - 
2026-08-22 04:54:03 - INFO -       safe (0)     0.9770    0.9770    0.9770       217
2026-08-22 04:54:03 - INFO - vulnerable (1)     0.9791    0.9791    0.9791       239
2026-08-22 04:54:03 - INFO - 
2026-08-22 04:54:03 - INFO -       accuracy                         0.9781       456
2026-08-22 04:54:03 - INFO -      macro avg     0.9780    0.9780    0.9780       456
2026-08-22 04:54:03 - INFO -   weighted avg     0.9781    0.9781    0.9781       456
2026-08-22 04:54:03 - INFO - Confusion matrix - [[tn=212, fp=5], [fn=5, tp=234]]
2026-08-22 04:54:03 - INFO - probability_positive min=0.0002 mean=0.5245 std=0.4899 max=0.9998 predicted_0=217 predicted_1=239
2026-08-22 04:54:03 - INFO - [Classification Report - split=validation epoch=14 - threshold=0.50]
2026-08-22 04:54:03 - INFO -                 precision    recall  f1-score   support
2026-08-22 04:54:03 - INFO - 
2026-08-22 04:54:03 - INFO -       safe (0)     0.8810    0.8916    0.8862        83
2026-08-22 04:54:03 - INFO - vulnerable (1)     0.8676    0.8551    0.8613        69
2026-08-22 04:54:03 - INFO - 
2026-08-22 04:54:03 - INFO -       accuracy                         0.8750       152
2026-08-22 04:54:03 - INFO -      macro avg     0.8743    0.8733    0.8738       152
2026-08-22 04:54:03 - INFO -   weighted avg     0.8749    0.8750    0.8749       152
2026-08-22 04:54:03 - INFO - Confusion matrix - [[tn=74, fp=9], [fn=10, tp=59]]
2026-08-22 04:54:03 - INFO - probability_positive min=0.0002 mean=0.4512 std=0.4947 max=0.9998 predicted_0=84 predicted_1=68
2026-08-22 04:54:03 - INFO - New best model | Macro-F1: 0.873771 | Epoch: 14
2026-08-22 04:54:12 - INFO - Epoch 15/30 | Train loss: 0.056656 | Val loss: 1.063272 | LR: 2.00e-05 | Best epoch: 14 | Patience: 1 | Train: 8.39s | Validation: 0.96s | Epoch: 9.36s | Total: 142.60s
2026-08-22 04:54:12 - INFO - RecAdam target-task weight at epoch end: 1.000000
2026-08-22 04:54:12 - INFO - [Classification Report - split=train epoch=15 - threshold=0.50]
2026-08-22 04:54:12 - INFO -                 precision    recall  f1-score   support
2026-08-22 04:54:12 - INFO - 
2026-08-22 04:54:12 - INFO -       safe (0)     0.9816    0.9816    0.9816       217
2026-08-22 04:54:12 - INFO - vulnerable (1)     0.9833    0.9833    0.9833       239
2026-08-22 04:54:12 - INFO - 
2026-08-22 04:54:12 - INFO -       accuracy                         0.9825       456
2026-08-22 04:54:12 - INFO -      macro avg     0.9824    0.9824    0.9824       456
2026-08-22 04:54:12 - INFO -   weighted avg     0.9825    0.9825    0.9825       456
2026-08-22 04:54:12 - INFO - Confusion matrix - [[tn=213, fp=4], [fn=4, tp=235]]
2026-08-22 04:54:12 - INFO - probability_positive min=0.0002 mean=0.5238 std=0.4942 max=0.9998 predicted_0=217 predicted_1=239
2026-08-22 04:54:12 - INFO - [Classification Report - split=validation epoch=15 - threshold=0.50]
2026-08-22 04:54:12 - INFO -                 precision    recall  f1-score   support
2026-08-22 04:54:12 - INFO - 
2026-08-22 04:54:12 - INFO -       safe (0)     0.8961    0.8313    0.8625        83
2026-08-22 04:54:12 - INFO - vulnerable (1)     0.8133    0.8841    0.8472        69
2026-08-22 04:54:12 - INFO - 
2026-08-22 04:54:12 - INFO -       accuracy                         0.8553       152
2026-08-22 04:54:12 - INFO -      macro avg     0.8547    0.8577    0.8549       152
2026-08-22 04:54:12 - INFO -   weighted avg     0.8585    0.8553    0.8556       152
2026-08-22 04:54:12 - INFO - Confusion matrix - [[tn=69, fp=14], [fn=8, tp=61]]
2026-08-22 04:54:12 - INFO - probability_positive min=0.0002 mean=0.4983 std=0.4963 max=0.9998 predicted_0=77 predicted_1=75
2026-08-22 04:54:22 - INFO - Epoch 16/30 | Train loss: 0.034341 | Val loss: 1.017988 | LR: 2.00e-05 | Best epoch: 14 | Patience: 2 | Train: 8.39s | Validation: 0.96s | Epoch: 9.36s | Total: 151.96s
2026-08-22 04:54:22 - INFO - RecAdam target-task weight at epoch end: 1.000000
2026-08-22 04:54:22 - INFO - [Classification Report - split=train epoch=16 - threshold=0.50]
2026-08-22 04:54:22 - INFO -                 precision    recall  f1-score   support
2026-08-22 04:54:22 - INFO - 
2026-08-22 04:54:22 - INFO -       safe (0)     0.9860    0.9770    0.9815       217
2026-08-22 04:54:22 - INFO - vulnerable (1)     0.9793    0.9874    0.9833       239
2026-08-22 04:54:22 - INFO - 
2026-08-22 04:54:22 - INFO -       accuracy                         0.9825       456
2026-08-22 04:54:22 - INFO -      macro avg     0.9826    0.9822    0.9824       456
2026-08-22 04:54:22 - INFO -   weighted avg     0.9825    0.9825    0.9825       456
2026-08-22 04:54:22 - INFO - Confusion matrix - [[tn=212, fp=5], [fn=3, tp=236]]
2026-08-22 04:54:22 - INFO - probability_positive min=0.0002 mean=0.5299 std=0.4926 max=0.9998 predicted_0=215 predicted_1=241
2026-08-22 04:54:22 - INFO - [Classification Report - split=validation epoch=16 - threshold=0.50]
2026-08-22 04:54:22 - INFO -                 precision    recall  f1-score   support
2026-08-22 04:54:22 - INFO - 
2026-08-22 04:54:22 - INFO -       safe (0)     0.8974    0.8434    0.8696        83
2026-08-22 04:54:22 - INFO - vulnerable (1)     0.8243    0.8841    0.8531        69
2026-08-22 04:54:22 - INFO - 
2026-08-22 04:54:22 - INFO -       accuracy                         0.8618       152
2026-08-22 04:54:22 - INFO -      macro avg     0.8609    0.8637    0.8614       152
2026-08-22 04:54:22 - INFO -   weighted avg     0.8642    0.8618    0.8621       152
2026-08-22 04:54:22 - INFO - Confusion matrix - [[tn=70, fp=13], [fn=8, tp=61]]
2026-08-22 04:54:22 - INFO - probability_positive min=0.0001 mean=0.4829 std=0.4963 max=0.9999 predicted_0=78 predicted_1=74
2026-08-22 04:54:31 - INFO - Epoch 17/30 | Train loss: 0.057046 | Val loss: 1.038237 | LR: 2.00e-05 | Best epoch: 14 | Patience: 3 | Train: 8.39s | Validation: 0.96s | Epoch: 9.36s | Total: 161.32s
2026-08-22 04:54:31 - INFO - RecAdam target-task weight at epoch end: 1.000000
2026-08-22 04:54:31 - INFO - [Classification Report - split=train epoch=17 - threshold=0.50]
2026-08-22 04:54:31 - INFO -                 precision    recall  f1-score   support
2026-08-22 04:54:31 - INFO - 
2026-08-22 04:54:31 - INFO -       safe (0)     0.9770    0.9770    0.9770       217
2026-08-22 04:54:31 - INFO - vulnerable (1)     0.9791    0.9791    0.9791       239
2026-08-22 04:54:31 - INFO - 
2026-08-22 04:54:31 - INFO -       accuracy                         0.9781       456
2026-08-22 04:54:31 - INFO -      macro avg     0.9780    0.9780    0.9780       456
2026-08-22 04:54:31 - INFO -   weighted avg     0.9781    0.9781    0.9781       456
2026-08-22 04:54:31 - INFO - Confusion matrix - [[tn=212, fp=5], [fn=5, tp=234]]
2026-08-22 04:54:31 - INFO - probability_positive min=0.0002 mean=0.5255 std=0.4942 max=0.9998 predicted_0=217 predicted_1=239
2026-08-22 04:54:31 - INFO - [Classification Report - split=validation epoch=17 - threshold=0.50]
2026-08-22 04:54:31 - INFO -                 precision    recall  f1-score   support
2026-08-22 04:54:31 - INFO - 
2026-08-22 04:54:31 - INFO -       safe (0)     0.8961    0.8313    0.8625        83
2026-08-22 04:54:31 - INFO - vulnerable (1)     0.8133    0.8841    0.8472        69
2026-08-22 04:54:31 - INFO - 
2026-08-22 04:54:31 - INFO -       accuracy                         0.8553       152
2026-08-22 04:54:31 - INFO -      macro avg     0.8547    0.8577    0.8549       152
2026-08-22 04:54:31 - INFO -   weighted avg     0.8585    0.8553    0.8556       152
2026-08-22 04:54:31 - INFO - Confusion matrix - [[tn=69, fp=14], [fn=8, tp=61]]
2026-08-22 04:54:31 - INFO - probability_positive min=0.0001 mean=0.4950 std=0.4973 max=0.9999 predicted_0=77 predicted_1=75
2026-08-22 04:54:40 - INFO - Epoch 18/30 | Train loss: 0.030436 | Val loss: 1.093262 | LR: 2.00e-05 | Best epoch: 14 | Patience: 4 | Train: 8.39s | Validation: 0.96s | Epoch: 9.35s | Total: 170.68s
2026-08-22 04:54:40 - INFO - RecAdam target-task weight at epoch end: 1.000000
2026-08-22 04:54:41 - INFO - [Classification Report - split=train epoch=18 - threshold=0.50]
2026-08-22 04:54:41 - INFO -                 precision    recall  f1-score   support
2026-08-22 04:54:41 - INFO - 
2026-08-22 04:54:41 - INFO -       safe (0)     0.9861    0.9816    0.9838       217
2026-08-22 04:54:41 - INFO - vulnerable (1)     0.9833    0.9874    0.9854       239
2026-08-22 04:54:41 - INFO - 
2026-08-22 04:54:41 - INFO -       accuracy                         0.9846       456
2026-08-22 04:54:41 - INFO -      macro avg     0.9847    0.9845    0.9846       456
2026-08-22 04:54:41 - INFO -   weighted avg     0.9847    0.9846    0.9846       456
2026-08-22 04:54:41 - INFO - Confusion matrix - [[tn=213, fp=4], [fn=3, tp=236]]
2026-08-22 04:54:41 - INFO - probability_positive min=0.0002 mean=0.5216 std=0.4949 max=0.9998 predicted_0=216 predicted_1=240
2026-08-22 04:54:41 - INFO - [Classification Report - split=validation epoch=18 - threshold=0.50]
2026-08-22 04:54:41 - INFO -                 precision    recall  f1-score   support
2026-08-22 04:54:41 - INFO - 
2026-08-22 04:54:41 - INFO -       safe (0)     0.8947    0.8193    0.8553        83
2026-08-22 04:54:41 - INFO - vulnerable (1)     0.8026    0.8841    0.8414        69
2026-08-22 04:54:41 - INFO - 
2026-08-22 04:54:41 - INFO -       accuracy                         0.8487       152
2026-08-22 04:54:41 - INFO -      macro avg     0.8487    0.8517    0.8484       152
2026-08-22 04:54:41 - INFO -   weighted avg     0.8529    0.8487    0.8490       152
2026-08-22 04:54:41 - INFO - Confusion matrix - [[tn=68, fp=15], [fn=8, tp=61]]
2026-08-22 04:54:41 - INFO - probability_positive min=0.0001 mean=0.5006 std=0.4988 max=0.9999 predicted_0=76 predicted_1=76
2026-08-22 04:54:50 - INFO - Epoch 19/30 | Train loss: 0.018283 | Val loss: 1.097179 | LR: 2.00e-05 | Best epoch: 14 | Patience: 5 | Train: 8.39s | Validation: 0.96s | Epoch: 9.36s | Total: 180.05s
2026-08-22 04:54:50 - INFO - RecAdam target-task weight at epoch end: 1.000000
2026-08-22 04:54:50 - INFO - [Classification Report - split=train epoch=19 - threshold=0.50]
2026-08-22 04:54:50 - INFO -                 precision    recall  f1-score   support
2026-08-22 04:54:50 - INFO - 
2026-08-22 04:54:50 - INFO -       safe (0)     0.9818    0.9954    0.9886       217
2026-08-22 04:54:50 - INFO - vulnerable (1)     0.9958    0.9833    0.9895       239
2026-08-22 04:54:50 - INFO - 
2026-08-22 04:54:50 - INFO -       accuracy                         0.9890       456
2026-08-22 04:54:50 - INFO -      macro avg     0.9888    0.9893    0.9890       456
2026-08-22 04:54:50 - INFO -   weighted avg     0.9891    0.9890    0.9890       456
2026-08-22 04:54:50 - INFO - Confusion matrix - [[tn=216, fp=1], [fn=4, tp=235]]
2026-08-22 04:54:50 - INFO - probability_positive min=0.0002 mean=0.5225 std=0.4933 max=0.9998 predicted_0=220 predicted_1=236
2026-08-22 04:54:50 - INFO - [Classification Report - split=validation epoch=19 - threshold=0.50]
2026-08-22 04:54:50 - INFO -                 precision    recall  f1-score   support
2026-08-22 04:54:50 - INFO - 
2026-08-22 04:54:50 - INFO -       safe (0)     0.8961    0.8313    0.8625        83
2026-08-22 04:54:50 - INFO - vulnerable (1)     0.8133    0.8841    0.8472        69
2026-08-22 04:54:50 - INFO - 
2026-08-22 04:54:50 - INFO -       accuracy                         0.8553       152
2026-08-22 04:54:50 - INFO -      macro avg     0.8547    0.8577    0.8549       152
2026-08-22 04:54:50 - INFO -   weighted avg     0.8585    0.8553    0.8556       152
2026-08-22 04:54:50 - INFO - Confusion matrix - [[tn=69, fp=14], [fn=8, tp=61]]
2026-08-22 04:54:50 - INFO - probability_positive min=0.0001 mean=0.4955 std=0.4979 max=0.9999 predicted_0=77 predicted_1=75
2026-08-22 04:54:50 - INFO - Early stopping | Epoch: 19 | Best epoch: 14
2026-08-22 04:54:50 - INFO - Best checkpoint saved | Path: model/fam1_t5p/transfer_latent_bottleneck/seed_42/fold3/best.pt | Epoch: 14 | Val macro_f1: 0.873771
2026-08-22 04:54:50 - INFO - Training finished | Elapsed: 180.05s
2026-08-22 04:54:50 - INFO - Run finished | Phase: phase2 | Fold: 3 | Seed: 42 | Elapsed: 182.80s
