2026-08-22 08:20:48 - INFO - Using device: cuda
2026-08-22 08:20:48 - INFO - Run started | Run: fam1_t5p | Method: transfer_latent_bottleneck | Phase: phase2 | Fold: 1 | Seed: 7 | Device: cuda
2026-08-22 08:20:48 - INFO - Loading Python training data: data/sven_python_folds_norm/fold1/train.jsonl
2026-08-22 08:20:48 - INFO - Loading Python validation data: data/sven_python_folds_norm/fold1/val.jsonl
2026-08-22 08:20:48 - INFO - Data split: python_train | Total: 456 | Labels: {0: 235, 1: 221} | CWEs: {'CWE-022': 39, 'CWE-078': 123, 'CWE-079': 49, 'CWE-089': 245} | Languages: {'python': 456} | Invalid CWE: 0
2026-08-22 08:20:48 - INFO - Data split: python_val | Total: 152 | Labels: {0: 74, 1: 78} | CWEs: {'CWE-022': 8, 'CWE-078': 42, 'CWE-079': 19, 'CWE-089': 83} | Languages: {'python': 152} | Invalid CWE: 0
2026-08-22 08:20:49 - INFO - Auxiliary head width taken from checkpoint: 4
2026-08-22 08:20:51 - INFO - Loaded source checkpoint: model/fam1_t5p/transfer_latent_bottleneck/seed_7/source/best.pt | Best epoch: 15 | Best Val Macro-F1: 0.651515
2026-08-22 08:20:51 - INFO - RecAdam schedule | Total steps: 870 | Steps/epoch: 29 | Anneal t0: 43 | Weights: {1: 0.10909682119561293, 29: 0.3318122278318339, 43: 0.5, 870: 1.0}
2026-08-22 08:20:51 - INFO - Environment: {"components": {"backbone": {"frozen": 0, "total": 109607040, "trainable": 109607040}, "cwe_head": {"frozen": 36, "total": 36, "trainable": 0}, "latent_proj": {"frozen": 6152, "total": 6152, "trainable": 0}, "vul_head": {"frozen": 0, "total": 1538, "trainable": 1538}}, "cuda": "12.8", "fold": 1, "frozen_parameters": 6188, "gpu": "NVIDIA GeForce RTX 5070 Ti", "hyperparameters": {"anneal_fun": "sigmoid", "anneal_k": 0.05, "anneal_t0_ratio": 0.05, "anneal_w": 1.0, "aux_mode": "latent_bottleneck", "batch_size": 16, "checkpoint_path": "model/fam1_t5p/transfer_latent_bottleneck/seed_7/fold1/best.pt", "cwe_vocab": "fixed4", "data_path": "data/train_ccpp_filtered.jsonl", "data_root": "data/sven_python_folds_norm", "epochs": 30, "eval_batch_size": 16, "fold": 1, "freeze_backbone_layers": 0, "freeze_prototypes_steps": 0, "lambda_cwe": 0.2, "latent_temperature": 0.1, "learning_rate": 2e-05, "lora_rank": 0, "lp_epochs": 0, "lp_learning_rate": 0.001, "max_eval_samples": null, "max_grad_norm": 1.0, "max_length": 512, "max_train_samples": null, "method_name": "transfer_latent_bottleneck", "min_epochs": 3, "model_name": "Salesforce/codet5p-220m", "num_cwes": 4, "num_latent": 8, "num_workers": 0, "output_dir": "results/fam1_t5p/transfer_latent_bottleneck", "patience": 5, "phase": "phase2", "phase2_optimizer": "recadam", "pooling": "mean", "pretrain_cof": 5000.0, "recadam_anchor": "source", "result_path": "results/fam1_t5p/transfer_latent_bottleneck/seed_7/fold1.json", "run_name": "fam1_t5p", "seed": 7, "selection_metric": "macro_f1", "source_checkpoint": "model/fam1_t5p/transfer_latent_bottleneck/seed_7/source/best.pt", "source_interpolation": 1.0, "strict_determinism": false, "target_lang": "python", "test_path": null, "train_path": null, "truncation_strategy": "head_middle_tail", "val_path": null, "weight_decay": 0.01}, "mode": "phase2_train", "model_name": "Salesforce/codet5p-220m", "seed": 7, "sklearn": "1.9.0", "torch": "2.11.0+cu128", "trainable_parameters": 109608578, "transformers": "4.57.1"}
2026-08-22 08:20:51 - INFO - Training started | Phase: phase2 | Epochs: 30
2026-08-22 08:20:52 - INFO - RecAdam first-step safety checks passed
2026-08-22 08:21:01 - INFO - Epoch 1/30 | Train loss: 0.788369 | Val loss: 0.796886 | LR: 2.00e-05 | Best epoch: 1 | Patience: 0 | Train: 8.58s | Validation: 0.95s | Epoch: 9.70s | Total: 9.70s
2026-08-22 08:21:01 - INFO - RecAdam target-task weight at epoch end: 0.331812
2026-08-22 08:21:01 - INFO - [Classification Report - split=train epoch=1 - threshold=0.50]
2026-08-22 08:21:01 - INFO -                 precision    recall  f1-score   support
2026-08-22 08:21:01 - INFO - 
2026-08-22 08:21:01 - INFO -       safe (0)     0.6352    0.4298    0.5127       235
2026-08-22 08:21:01 - INFO - vulnerable (1)     0.5488    0.7376    0.6293       221
2026-08-22 08:21:01 - INFO - 
2026-08-22 08:21:01 - INFO -       accuracy                         0.5789       456
2026-08-22 08:21:01 - INFO -      macro avg     0.5920    0.5837    0.5710       456
2026-08-22 08:21:01 - INFO -   weighted avg     0.5933    0.5789    0.5692       456
2026-08-22 08:21:01 - INFO - Confusion matrix - [[tn=101, fp=134], [fn=58, tp=163]]
2026-08-22 08:21:01 - INFO - probability_positive min=0.0006 mean=0.5861 std=0.2647 max=0.9980 predicted_0=159 predicted_1=297
2026-08-22 08:21:01 - INFO - [Classification Report - split=validation epoch=1 - threshold=0.50]
2026-08-22 08:21:01 - INFO -                 precision    recall  f1-score   support
2026-08-22 08:21:01 - INFO - 
2026-08-22 08:21:01 - INFO -       safe (0)     0.6000    0.4054    0.4839        74
2026-08-22 08:21:01 - INFO - vulnerable (1)     0.5686    0.7436    0.6444        78
2026-08-22 08:21:01 - INFO - 
2026-08-22 08:21:01 - INFO -       accuracy                         0.5789       152
2026-08-22 08:21:01 - INFO -      macro avg     0.5843    0.5745    0.5642       152
2026-08-22 08:21:01 - INFO -   weighted avg     0.5839    0.5789    0.5663       152
2026-08-22 08:21:01 - INFO - Confusion matrix - [[tn=30, fp=44], [fn=20, tp=58]]
2026-08-22 08:21:01 - INFO - probability_positive min=0.0004 mean=0.5726 std=0.2775 max=0.9958 predicted_0=50 predicted_1=102
2026-08-22 08:21:01 - INFO - New best model | Macro-F1: 0.564158 | Epoch: 1
2026-08-22 08:21:10 - INFO - Epoch 2/30 | Train loss: 0.692087 | Val loss: 0.656915 | LR: 2.00e-05 | Best epoch: 2 | Patience: 0 | Train: 8.40s | Validation: 0.96s | Epoch: 9.58s | Total: 19.29s
2026-08-22 08:21:10 - INFO - RecAdam target-task weight at epoch end: 0.679179
2026-08-22 08:21:10 - INFO - [Classification Report - split=train epoch=2 - threshold=0.50]
2026-08-22 08:21:10 - INFO -                 precision    recall  f1-score   support
2026-08-22 08:21:10 - INFO - 
2026-08-22 08:21:10 - INFO -       safe (0)     0.6295    0.6000    0.6144       235
2026-08-22 08:21:10 - INFO - vulnerable (1)     0.5948    0.6244    0.6093       221
2026-08-22 08:21:10 - INFO - 
2026-08-22 08:21:10 - INFO -       accuracy                         0.6118       456
2026-08-22 08:21:10 - INFO -      macro avg     0.6121    0.6122    0.6118       456
2026-08-22 08:21:10 - INFO -   weighted avg     0.6127    0.6118    0.6119       456
2026-08-22 08:21:10 - INFO - Confusion matrix - [[tn=141, fp=94], [fn=83, tp=138]]
2026-08-22 08:21:10 - INFO - probability_positive min=0.0010 mean=0.5031 std=0.2412 max=0.9976 predicted_0=224 predicted_1=232
2026-08-22 08:21:10 - INFO - [Classification Report - split=validation epoch=2 - threshold=0.50]
2026-08-22 08:21:10 - INFO -                 precision    recall  f1-score   support
2026-08-22 08:21:10 - INFO - 
2026-08-22 08:21:10 - INFO -       safe (0)     0.5761    0.7162    0.6386        74
2026-08-22 08:21:10 - INFO - vulnerable (1)     0.6500    0.5000    0.5652        78
2026-08-22 08:21:10 - INFO - 
2026-08-22 08:21:10 - INFO -       accuracy                         0.6053       152
2026-08-22 08:21:10 - INFO -      macro avg     0.6130    0.6081    0.6019       152
2026-08-22 08:21:10 - INFO -   weighted avg     0.6140    0.6053    0.6009       152
2026-08-22 08:21:10 - INFO - Confusion matrix - [[tn=53, fp=21], [fn=39, tp=39]]
2026-08-22 08:21:10 - INFO - probability_positive min=0.0006 mean=0.4419 std=0.2114 max=0.9696 predicted_0=92 predicted_1=60
2026-08-22 08:21:10 - INFO - New best model | Macro-F1: 0.601886 | Epoch: 2
2026-08-22 08:21:20 - INFO - Epoch 3/30 | Train loss: 0.567553 | Val loss: 0.558812 | LR: 2.00e-05 | Best epoch: 3 | Patience: 0 | Train: 8.40s | Validation: 0.96s | Epoch: 9.58s | Total: 28.88s
2026-08-22 08:21:20 - INFO - RecAdam target-task weight at epoch end: 0.900250
2026-08-22 08:21:20 - INFO - [Classification Report - split=train epoch=3 - threshold=0.50]
2026-08-22 08:21:20 - INFO -                 precision    recall  f1-score   support
2026-08-22 08:21:20 - INFO - 
2026-08-22 08:21:20 - INFO -       safe (0)     0.6979    0.6979    0.6979       235
2026-08-22 08:21:20 - INFO - vulnerable (1)     0.6787    0.6787    0.6787       221
2026-08-22 08:21:20 - INFO - 
2026-08-22 08:21:20 - INFO -       accuracy                         0.6886       456
2026-08-22 08:21:20 - INFO -      macro avg     0.6883    0.6883    0.6883       456
2026-08-22 08:21:20 - INFO -   weighted avg     0.6886    0.6886    0.6886       456
2026-08-22 08:21:20 - INFO - Confusion matrix - [[tn=164, fp=71], [fn=71, tp=150]]
2026-08-22 08:21:20 - INFO - probability_positive min=0.0016 mean=0.4847 std=0.2414 max=0.9978 predicted_0=235 predicted_1=221
2026-08-22 08:21:20 - INFO - [Classification Report - split=validation epoch=3 - threshold=0.50]
2026-08-22 08:21:20 - INFO -                 precision    recall  f1-score   support
2026-08-22 08:21:20 - INFO - 
2026-08-22 08:21:20 - INFO -       safe (0)     0.7317    0.8108    0.7692        74
2026-08-22 08:21:20 - INFO - vulnerable (1)     0.8000    0.7179    0.7568        78
2026-08-22 08:21:20 - INFO - 
2026-08-22 08:21:20 - INFO -       accuracy                         0.7632       152
2026-08-22 08:21:20 - INFO -      macro avg     0.7659    0.7644    0.7630       152
2026-08-22 08:21:20 - INFO -   weighted avg     0.7668    0.7632    0.7628       152
2026-08-22 08:21:20 - INFO - Confusion matrix - [[tn=60, fp=14], [fn=22, tp=56]]
2026-08-22 08:21:20 - INFO - probability_positive min=0.0004 mean=0.5047 std=0.3703 max=0.9994 predicted_0=82 predicted_1=70
2026-08-22 08:21:20 - INFO - New best model | Macro-F1: 0.762994 | Epoch: 3
2026-08-22 08:21:29 - INFO - Epoch 4/30 | Train loss: 0.438366 | Val loss: 0.549294 | LR: 2.00e-05 | Best epoch: 3 | Patience: 1 | Train: 8.40s | Validation: 0.95s | Epoch: 9.36s | Total: 38.24s
2026-08-22 08:21:29 - INFO - RecAdam target-task weight at epoch end: 0.974667
2026-08-22 08:21:29 - INFO - [Classification Report - split=train epoch=4 - threshold=0.50]
2026-08-22 08:21:29 - INFO -                 precision    recall  f1-score   support
2026-08-22 08:21:29 - INFO - 
2026-08-22 08:21:29 - INFO -       safe (0)     0.8063    0.7617    0.7834       235
2026-08-22 08:21:29 - INFO - vulnerable (1)     0.7607    0.8054    0.7824       221
2026-08-22 08:21:29 - INFO - 
2026-08-22 08:21:29 - INFO -       accuracy                         0.7829       456
2026-08-22 08:21:29 - INFO -      macro avg     0.7835    0.7836    0.7829       456
2026-08-22 08:21:29 - INFO -   weighted avg     0.7842    0.7829    0.7829       456
2026-08-22 08:21:29 - INFO - Confusion matrix - [[tn=179, fp=56], [fn=43, tp=178]]
2026-08-22 08:21:29 - INFO - probability_positive min=0.0009 mean=0.4969 std=0.3452 max=0.9978 predicted_0=222 predicted_1=234
2026-08-22 08:21:29 - INFO - [Classification Report - split=validation epoch=4 - threshold=0.50]
2026-08-22 08:21:29 - INFO -                 precision    recall  f1-score   support
2026-08-22 08:21:29 - INFO - 
2026-08-22 08:21:29 - INFO -       safe (0)     0.7126    0.8378    0.7702        74
2026-08-22 08:21:29 - INFO - vulnerable (1)     0.8154    0.6795    0.7413        78
2026-08-22 08:21:29 - INFO - 
2026-08-22 08:21:29 - INFO -       accuracy                         0.7566       152
2026-08-22 08:21:29 - INFO -      macro avg     0.7640    0.7587    0.7557       152
2026-08-22 08:21:29 - INFO -   weighted avg     0.7654    0.7566    0.7553       152
2026-08-22 08:21:29 - INFO - Confusion matrix - [[tn=62, fp=12], [fn=25, tp=53]]
2026-08-22 08:21:29 - INFO - probability_positive min=0.0003 mean=0.4426 std=0.3965 max=0.9977 predicted_0=87 predicted_1=65
2026-08-22 08:21:39 - INFO - Epoch 5/30 | Train loss: 0.342669 | Val loss: 0.631954 | LR: 2.00e-05 | Best epoch: 5 | Patience: 0 | Train: 8.40s | Validation: 0.95s | Epoch: 9.58s | Total: 47.83s
2026-08-22 08:21:39 - INFO - RecAdam target-task weight at epoch end: 0.993940
2026-08-22 08:21:39 - INFO - [Classification Report - split=train epoch=5 - threshold=0.50]
2026-08-22 08:21:39 - INFO -                 precision    recall  f1-score   support
2026-08-22 08:21:39 - INFO - 
2026-08-22 08:21:39 - INFO -       safe (0)     0.8353    0.8851    0.8595       235
2026-08-22 08:21:39 - INFO - vulnerable (1)     0.8696    0.8145    0.8411       221
2026-08-22 08:21:39 - INFO - 
2026-08-22 08:21:39 - INFO -       accuracy                         0.8509       456
2026-08-22 08:21:39 - INFO -      macro avg     0.8525    0.8498    0.8503       456
2026-08-22 08:21:39 - INFO -   weighted avg     0.8519    0.8509    0.8506       456
2026-08-22 08:21:39 - INFO - Confusion matrix - [[tn=208, fp=27], [fn=41, tp=180]]
2026-08-22 08:21:39 - INFO - probability_positive min=0.0004 mean=0.4476 std=0.4047 max=0.9989 predicted_0=249 predicted_1=207
2026-08-22 08:21:39 - INFO - [Classification Report - split=validation epoch=5 - threshold=0.50]
2026-08-22 08:21:39 - INFO -                 precision    recall  f1-score   support
2026-08-22 08:21:39 - INFO - 
2026-08-22 08:21:39 - INFO -       safe (0)     0.7973    0.7973    0.7973        74
2026-08-22 08:21:39 - INFO - vulnerable (1)     0.8077    0.8077    0.8077        78
2026-08-22 08:21:39 - INFO - 
2026-08-22 08:21:39 - INFO -       accuracy                         0.8026       152
2026-08-22 08:21:39 - INFO -      macro avg     0.8025    0.8025    0.8025       152
2026-08-22 08:21:39 - INFO -   weighted avg     0.8026    0.8026    0.8026       152
2026-08-22 08:21:39 - INFO - Confusion matrix - [[tn=59, fp=15], [fn=15, tp=63]]
2026-08-22 08:21:39 - INFO - probability_positive min=0.0002 mean=0.4934 std=0.4423 max=0.9992 predicted_0=74 predicted_1=78
2026-08-22 08:21:39 - INFO - New best model | Macro-F1: 0.802495 | Epoch: 5
2026-08-22 08:21:48 - INFO - Epoch 6/30 | Train loss: 0.232667 | Val loss: 0.674808 | LR: 2.00e-05 | Best epoch: 5 | Patience: 1 | Train: 8.40s | Validation: 0.95s | Epoch: 9.36s | Total: 57.19s
2026-08-22 08:21:48 - INFO - RecAdam target-task weight at epoch end: 0.998572
2026-08-22 08:21:48 - INFO - [Classification Report - split=train epoch=6 - threshold=0.50]
2026-08-22 08:21:48 - INFO -                 precision    recall  f1-score   support
2026-08-22 08:21:48 - INFO - 
2026-08-22 08:21:48 - INFO -       safe (0)     0.9249    0.8383    0.8795       235
2026-08-22 08:21:48 - INFO - vulnerable (1)     0.8436    0.9276    0.8836       221
2026-08-22 08:21:48 - INFO - 
2026-08-22 08:21:48 - INFO -       accuracy                         0.8816       456
2026-08-22 08:21:48 - INFO -      macro avg     0.8843    0.8829    0.8815       456
2026-08-22 08:21:48 - INFO -   weighted avg     0.8855    0.8816    0.8815       456
2026-08-22 08:21:48 - INFO - Confusion matrix - [[tn=197, fp=38], [fn=16, tp=205]]
2026-08-22 08:21:48 - INFO - probability_positive min=0.0004 mean=0.4897 std=0.4158 max=0.9989 predicted_0=213 predicted_1=243
2026-08-22 08:21:48 - INFO - [Classification Report - split=validation epoch=6 - threshold=0.50]
2026-08-22 08:21:48 - INFO -                 precision    recall  f1-score   support
2026-08-22 08:21:48 - INFO - 
2026-08-22 08:21:48 - INFO -       safe (0)     0.7561    0.8378    0.7949        74
2026-08-22 08:21:48 - INFO - vulnerable (1)     0.8286    0.7436    0.7838        78
2026-08-22 08:21:48 - INFO - 
2026-08-22 08:21:48 - INFO -       accuracy                         0.7895       152
2026-08-22 08:21:48 - INFO -      macro avg     0.7923    0.7907    0.7893       152
2026-08-22 08:21:48 - INFO -   weighted avg     0.7933    0.7895    0.7892       152
2026-08-22 08:21:48 - INFO - Confusion matrix - [[tn=62, fp=12], [fn=20, tp=58]]
2026-08-22 08:21:48 - INFO - probability_positive min=0.0002 mean=0.4545 std=0.4453 max=0.9995 predicted_0=82 predicted_1=70
2026-08-22 08:21:58 - INFO - Epoch 7/30 | Train loss: 0.193992 | Val loss: 0.889116 | LR: 2.00e-05 | Best epoch: 7 | Patience: 0 | Train: 8.40s | Validation: 0.95s | Epoch: 9.59s | Total: 66.79s
2026-08-22 08:21:58 - INFO - RecAdam target-task weight at epoch end: 0.999665
2026-08-22 08:21:58 - INFO - [Classification Report - split=train epoch=7 - threshold=0.50]
2026-08-22 08:21:58 - INFO -                 precision    recall  f1-score   support
2026-08-22 08:21:58 - INFO - 
2026-08-22 08:21:58 - INFO -       safe (0)     0.9381    0.9021    0.9197       235
2026-08-22 08:21:58 - INFO - vulnerable (1)     0.9000    0.9367    0.9180       221
2026-08-22 08:21:58 - INFO - 
2026-08-22 08:21:58 - INFO -       accuracy                         0.9189       456
2026-08-22 08:21:58 - INFO -      macro avg     0.9190    0.9194    0.9188       456
2026-08-22 08:21:58 - INFO -   weighted avg     0.9196    0.9189    0.9189       456
2026-08-22 08:21:58 - INFO - Confusion matrix - [[tn=212, fp=23], [fn=14, tp=207]]
2026-08-22 08:21:58 - INFO - probability_positive min=0.0002 mean=0.4864 std=0.4610 max=0.9995 predicted_0=226 predicted_1=230
2026-08-22 08:21:58 - INFO - [Classification Report - split=validation epoch=7 - threshold=0.50]
2026-08-22 08:21:58 - INFO -                 precision    recall  f1-score   support
2026-08-22 08:21:58 - INFO - 
2026-08-22 08:21:58 - INFO -       safe (0)     0.8082    0.7973    0.8027        74
2026-08-22 08:21:58 - INFO - vulnerable (1)     0.8101    0.8205    0.8153        78
2026-08-22 08:21:58 - INFO - 
2026-08-22 08:21:58 - INFO -       accuracy                         0.8092       152
2026-08-22 08:21:58 - INFO -      macro avg     0.8092    0.8089    0.8090       152
2026-08-22 08:21:58 - INFO -   weighted avg     0.8092    0.8092    0.8092       152
2026-08-22 08:21:58 - INFO - Confusion matrix - [[tn=59, fp=15], [fn=14, tp=64]]
2026-08-22 08:21:58 - INFO - probability_positive min=0.0002 mean=0.5135 std=0.4806 max=0.9997 predicted_0=73 predicted_1=79
2026-08-22 08:21:58 - INFO - New best model | Macro-F1: 0.809004 | Epoch: 7
2026-08-22 08:22:08 - INFO - Epoch 8/30 | Train loss: 0.151319 | Val loss: 0.977629 | LR: 2.00e-05 | Best epoch: 8 | Patience: 0 | Train: 8.40s | Validation: 0.96s | Epoch: 9.58s | Total: 76.38s
2026-08-22 08:22:08 - INFO - RecAdam target-task weight at epoch end: 0.999921
2026-08-22 08:22:08 - INFO - [Classification Report - split=train epoch=8 - threshold=0.50]
2026-08-22 08:22:08 - INFO -                 precision    recall  f1-score   support
2026-08-22 08:22:08 - INFO - 
2026-08-22 08:22:08 - INFO -       safe (0)     0.9325    0.9404    0.9364       235
2026-08-22 08:22:08 - INFO - vulnerable (1)     0.9361    0.9276    0.9318       221
2026-08-22 08:22:08 - INFO - 
2026-08-22 08:22:08 - INFO -       accuracy                         0.9342       456
2026-08-22 08:22:08 - INFO -      macro avg     0.9343    0.9340    0.9341       456
2026-08-22 08:22:08 - INFO -   weighted avg     0.9342    0.9342    0.9342       456
2026-08-22 08:22:08 - INFO - Confusion matrix - [[tn=221, fp=14], [fn=16, tp=205]]
2026-08-22 08:22:08 - INFO - probability_positive min=0.0003 mean=0.4785 std=0.4627 max=0.9995 predicted_0=237 predicted_1=219
2026-08-22 08:22:08 - INFO - [Classification Report - split=validation epoch=8 - threshold=0.50]
2026-08-22 08:22:08 - INFO -                 precision    recall  f1-score   support
2026-08-22 08:22:08 - INFO - 
2026-08-22 08:22:08 - INFO -       safe (0)     0.8194    0.7973    0.8082        74
2026-08-22 08:22:08 - INFO - vulnerable (1)     0.8125    0.8333    0.8228        78
2026-08-22 08:22:08 - INFO - 
2026-08-22 08:22:08 - INFO -       accuracy                         0.8158       152
2026-08-22 08:22:08 - INFO -      macro avg     0.8160    0.8153    0.8155       152
2026-08-22 08:22:08 - INFO -   weighted avg     0.8159    0.8158    0.8157       152
2026-08-22 08:22:08 - INFO - Confusion matrix - [[tn=59, fp=15], [fn=13, tp=65]]
2026-08-22 08:22:08 - INFO - probability_positive min=0.0002 mean=0.5068 std=0.4808 max=0.9998 predicted_0=72 predicted_1=80
2026-08-22 08:22:08 - INFO - New best model | Macro-F1: 0.815502 | Epoch: 8
2026-08-22 08:22:17 - INFO - Epoch 9/30 | Train loss: 0.130440 | Val loss: 1.043575 | LR: 2.00e-05 | Best epoch: 9 | Patience: 0 | Train: 8.40s | Validation: 0.96s | Epoch: 9.59s | Total: 85.98s
2026-08-22 08:22:17 - INFO - RecAdam target-task weight at epoch end: 0.999982
2026-08-22 08:22:17 - INFO - [Classification Report - split=train epoch=9 - threshold=0.50]
2026-08-22 08:22:17 - INFO -                 precision    recall  f1-score   support
2026-08-22 08:22:17 - INFO - 
2026-08-22 08:22:17 - INFO -       safe (0)     0.9685    0.9149    0.9409       235
2026-08-22 08:22:17 - INFO - vulnerable (1)     0.9145    0.9683    0.9407       221
2026-08-22 08:22:17 - INFO - 
2026-08-22 08:22:17 - INFO -       accuracy                         0.9408       456
2026-08-22 08:22:17 - INFO -      macro avg     0.9415    0.9416    0.9408       456
2026-08-22 08:22:17 - INFO -   weighted avg     0.9423    0.9408    0.9408       456
2026-08-22 08:22:17 - INFO - Confusion matrix - [[tn=215, fp=20], [fn=7, tp=214]]
2026-08-22 08:22:17 - INFO - probability_positive min=0.0003 mean=0.5072 std=0.4743 max=0.9996 predicted_0=222 predicted_1=234
2026-08-22 08:22:17 - INFO - [Classification Report - split=validation epoch=9 - threshold=0.50]
2026-08-22 08:22:17 - INFO -                 precision    recall  f1-score   support
2026-08-22 08:22:17 - INFO - 
2026-08-22 08:22:17 - INFO -       safe (0)     0.7949    0.8378    0.8158        74
2026-08-22 08:22:17 - INFO - vulnerable (1)     0.8378    0.7949    0.8158        78
2026-08-22 08:22:17 - INFO - 
2026-08-22 08:22:17 - INFO -       accuracy                         0.8158       152
2026-08-22 08:22:17 - INFO -      macro avg     0.8164    0.8164    0.8158       152
2026-08-22 08:22:17 - INFO -   weighted avg     0.8169    0.8158    0.8158       152
2026-08-22 08:22:17 - INFO - Confusion matrix - [[tn=62, fp=12], [fn=16, tp=62]]
2026-08-22 08:22:17 - INFO - probability_positive min=0.0002 mean=0.4897 std=0.4829 max=0.9998 predicted_0=78 predicted_1=74
2026-08-22 08:22:17 - INFO - New best model | Macro-F1: 0.815789 | Epoch: 9
2026-08-22 08:22:26 - INFO - Epoch 10/30 | Train loss: 0.133787 | Val loss: 1.025067 | LR: 2.00e-05 | Best epoch: 9 | Patience: 1 | Train: 8.41s | Validation: 0.96s | Epoch: 9.36s | Total: 95.35s
2026-08-22 08:22:26 - INFO - RecAdam target-task weight at epoch end: 0.999996
2026-08-22 08:22:27 - INFO - [Classification Report - split=train epoch=10 - threshold=0.50]
2026-08-22 08:22:27 - INFO -                 precision    recall  f1-score   support
2026-08-22 08:22:27 - INFO - 
2026-08-22 08:22:27 - INFO -       safe (0)     0.9442    0.9362    0.9402       235
2026-08-22 08:22:27 - INFO - vulnerable (1)     0.9327    0.9412    0.9369       221
2026-08-22 08:22:27 - INFO - 
2026-08-22 08:22:27 - INFO -       accuracy                         0.9386       456
2026-08-22 08:22:27 - INFO -      macro avg     0.9385    0.9387    0.9386       456
2026-08-22 08:22:27 - INFO -   weighted avg     0.9386    0.9386    0.9386       456
2026-08-22 08:22:27 - INFO - Confusion matrix - [[tn=220, fp=15], [fn=13, tp=208]]
2026-08-22 08:22:27 - INFO - probability_positive min=0.0002 mean=0.4839 std=0.4746 max=0.9997 predicted_0=233 predicted_1=223
2026-08-22 08:22:27 - INFO - [Classification Report - split=validation epoch=10 - threshold=0.50]
2026-08-22 08:22:27 - INFO -                 precision    recall  f1-score   support
2026-08-22 08:22:27 - INFO - 
2026-08-22 08:22:27 - INFO -       safe (0)     0.8143    0.7703    0.7917        74
2026-08-22 08:22:27 - INFO - vulnerable (1)     0.7927    0.8333    0.8125        78
2026-08-22 08:22:27 - INFO - 
2026-08-22 08:22:27 - INFO -       accuracy                         0.8026       152
2026-08-22 08:22:27 - INFO -      macro avg     0.8035    0.8018    0.8021       152
2026-08-22 08:22:27 - INFO -   weighted avg     0.8032    0.8026    0.8024       152
2026-08-22 08:22:27 - INFO - Confusion matrix - [[tn=57, fp=17], [fn=13, tp=65]]
2026-08-22 08:22:27 - INFO - probability_positive min=0.0002 mean=0.5291 std=0.4804 max=0.9998 predicted_0=70 predicted_1=82
2026-08-22 08:22:36 - INFO - Epoch 11/30 | Train loss: 0.124511 | Val loss: 1.038282 | LR: 2.00e-05 | Best epoch: 11 | Patience: 0 | Train: 8.40s | Validation: 0.96s | Epoch: 9.58s | Total: 104.94s
2026-08-22 08:22:36 - INFO - RecAdam target-task weight at epoch end: 0.999999
2026-08-22 08:22:36 - INFO - [Classification Report - split=train epoch=11 - threshold=0.50]
2026-08-22 08:22:36 - INFO -                 precision    recall  f1-score   support
2026-08-22 08:22:36 - INFO - 
2026-08-22 08:22:36 - INFO -       safe (0)     0.9372    0.9532    0.9451       235
2026-08-22 08:22:36 - INFO - vulnerable (1)     0.9493    0.9321    0.9406       221
2026-08-22 08:22:36 - INFO - 
2026-08-22 08:22:36 - INFO -       accuracy                         0.9430       456
2026-08-22 08:22:36 - INFO -      macro avg     0.9433    0.9427    0.9429       456
2026-08-22 08:22:36 - INFO -   weighted avg     0.9431    0.9430    0.9430       456
2026-08-22 08:22:36 - INFO - Confusion matrix - [[tn=224, fp=11], [fn=15, tp=206]]
2026-08-22 08:22:36 - INFO - probability_positive min=0.0002 mean=0.4745 std=0.4771 max=0.9998 predicted_0=239 predicted_1=217
2026-08-22 08:22:36 - INFO - [Classification Report - split=validation epoch=11 - threshold=0.50]
2026-08-22 08:22:36 - INFO -                 precision    recall  f1-score   support
2026-08-22 08:22:36 - INFO - 
2026-08-22 08:22:36 - INFO -       safe (0)     0.8429    0.7973    0.8194        74
2026-08-22 08:22:36 - INFO - vulnerable (1)     0.8171    0.8590    0.8375        78
2026-08-22 08:22:36 - INFO - 
2026-08-22 08:22:36 - INFO -       accuracy                         0.8289       152
2026-08-22 08:22:36 - INFO -      macro avg     0.8300    0.8281    0.8285       152
2026-08-22 08:22:36 - INFO -   weighted avg     0.8296    0.8289    0.8287       152
2026-08-22 08:22:36 - INFO - Confusion matrix - [[tn=59, fp=15], [fn=11, tp=67]]
2026-08-22 08:22:36 - INFO - probability_positive min=0.0002 mean=0.5359 std=0.4892 max=0.9999 predicted_0=70 predicted_1=82
2026-08-22 08:22:36 - INFO - New best model | Macro-F1: 0.828472 | Epoch: 11
2026-08-22 08:22:45 - INFO - Epoch 12/30 | Train loss: 0.079802 | Val loss: 1.057502 | LR: 2.00e-05 | Best epoch: 11 | Patience: 1 | Train: 8.40s | Validation: 0.95s | Epoch: 9.36s | Total: 114.31s
2026-08-22 08:22:45 - INFO - RecAdam target-task weight at epoch end: 1.000000
2026-08-22 08:22:45 - INFO - [Classification Report - split=train epoch=12 - threshold=0.50]
2026-08-22 08:22:45 - INFO -                 precision    recall  f1-score   support
2026-08-22 08:22:45 - INFO - 
2026-08-22 08:22:45 - INFO -       safe (0)     0.9739    0.9532    0.9634       235
2026-08-22 08:22:45 - INFO - vulnerable (1)     0.9513    0.9729    0.9620       221
2026-08-22 08:22:45 - INFO - 
2026-08-22 08:22:45 - INFO -       accuracy                         0.9627       456
2026-08-22 08:22:45 - INFO -      macro avg     0.9626    0.9630    0.9627       456
2026-08-22 08:22:45 - INFO -   weighted avg     0.9630    0.9627    0.9627       456
2026-08-22 08:22:45 - INFO - Confusion matrix - [[tn=224, fp=11], [fn=6, tp=215]]
2026-08-22 08:22:45 - INFO - probability_positive min=0.0002 mean=0.4906 std=0.4839 max=0.9997 predicted_0=230 predicted_1=226
2026-08-22 08:22:45 - INFO - [Classification Report - split=validation epoch=12 - threshold=0.50]
2026-08-22 08:22:45 - INFO -                 precision    recall  f1-score   support
2026-08-22 08:22:45 - INFO - 
2026-08-22 08:22:45 - INFO -       safe (0)     0.7922    0.8243    0.8079        74
2026-08-22 08:22:45 - INFO - vulnerable (1)     0.8267    0.7949    0.8105        78
2026-08-22 08:22:45 - INFO - 
2026-08-22 08:22:45 - INFO -       accuracy                         0.8092       152
2026-08-22 08:22:45 - INFO -      macro avg     0.8094    0.8096    0.8092       152
2026-08-22 08:22:45 - INFO -   weighted avg     0.8099    0.8092    0.8092       152
2026-08-22 08:22:45 - INFO - Confusion matrix - [[tn=61, fp=13], [fn=16, tp=62]]
2026-08-22 08:22:45 - INFO - probability_positive min=0.0002 mean=0.4968 std=0.4865 max=0.9998 predicted_0=77 predicted_1=75
2026-08-22 08:22:55 - INFO - Epoch 13/30 | Train loss: 0.073481 | Val loss: 1.269958 | LR: 2.00e-05 | Best epoch: 11 | Patience: 2 | Train: 8.40s | Validation: 0.96s | Epoch: 9.36s | Total: 123.67s
2026-08-22 08:22:55 - INFO - RecAdam target-task weight at epoch end: 1.000000
2026-08-22 08:22:55 - INFO - [Classification Report - split=train epoch=13 - threshold=0.50]
2026-08-22 08:22:55 - INFO -                 precision    recall  f1-score   support
2026-08-22 08:22:55 - INFO - 
2026-08-22 08:22:55 - INFO -       safe (0)     0.9465    0.9787    0.9623       235
2026-08-22 08:22:55 - INFO - vulnerable (1)     0.9765    0.9412    0.9585       221
2026-08-22 08:22:55 - INFO - 
2026-08-22 08:22:55 - INFO -       accuracy                         0.9605       456
2026-08-22 08:22:55 - INFO -      macro avg     0.9615    0.9599    0.9604       456
2026-08-22 08:22:55 - INFO -   weighted avg     0.9611    0.9605    0.9605       456
2026-08-22 08:22:55 - INFO - Confusion matrix - [[tn=230, fp=5], [fn=13, tp=208]]
2026-08-22 08:22:55 - INFO - probability_positive min=0.0002 mean=0.4705 std=0.4844 max=0.9998 predicted_0=243 predicted_1=213
2026-08-22 08:22:55 - INFO - [Classification Report - split=validation epoch=13 - threshold=0.50]
2026-08-22 08:22:55 - INFO -                 precision    recall  f1-score   support
2026-08-22 08:22:55 - INFO - 
2026-08-22 08:22:55 - INFO -       safe (0)     0.8507    0.7703    0.8085        74
2026-08-22 08:22:55 - INFO - vulnerable (1)     0.8000    0.8718    0.8344        78
2026-08-22 08:22:55 - INFO - 
2026-08-22 08:22:55 - INFO -       accuracy                         0.8224       152
2026-08-22 08:22:55 - INFO -      macro avg     0.8254    0.8210    0.8214       152
2026-08-22 08:22:55 - INFO -   weighted avg     0.8247    0.8224    0.8218       152
2026-08-22 08:22:55 - INFO - Confusion matrix - [[tn=57, fp=17], [fn=10, tp=68]]
2026-08-22 08:22:55 - INFO - probability_positive min=0.0001 mean=0.5564 std=0.4925 max=0.9998 predicted_0=67 predicted_1=85
2026-08-22 08:23:04 - INFO - Epoch 14/30 | Train loss: 0.122034 | Val loss: 1.191656 | LR: 2.00e-05 | Best epoch: 11 | Patience: 3 | Train: 8.40s | Validation: 0.96s | Epoch: 9.36s | Total: 133.04s
2026-08-22 08:23:04 - INFO - RecAdam target-task weight at epoch end: 1.000000
2026-08-22 08:23:04 - INFO - [Classification Report - split=train epoch=14 - threshold=0.50]
2026-08-22 08:23:04 - INFO -                 precision    recall  f1-score   support
2026-08-22 08:23:04 - INFO - 
2026-08-22 08:23:04 - INFO -       safe (0)     0.9781    0.9489    0.9633       235
2026-08-22 08:23:04 - INFO - vulnerable (1)     0.9474    0.9774    0.9621       221
2026-08-22 08:23:04 - INFO - 
2026-08-22 08:23:04 - INFO -       accuracy                         0.9627       456
2026-08-22 08:23:04 - INFO -      macro avg     0.9627    0.9632    0.9627       456
2026-08-22 08:23:04 - INFO -   weighted avg     0.9632    0.9627    0.9627       456
2026-08-22 08:23:04 - INFO - Confusion matrix - [[tn=223, fp=12], [fn=5, tp=216]]
2026-08-22 08:23:04 - INFO - probability_positive min=0.0001 mean=0.4959 std=0.4925 max=0.9998 predicted_0=228 predicted_1=228
2026-08-22 08:23:04 - INFO - [Classification Report - split=validation epoch=14 - threshold=0.50]
2026-08-22 08:23:04 - INFO -                 precision    recall  f1-score   support
2026-08-22 08:23:04 - INFO - 
2026-08-22 08:23:04 - INFO -       safe (0)     0.7778    0.8514    0.8129        74
2026-08-22 08:23:04 - INFO - vulnerable (1)     0.8451    0.7692    0.8054        78
2026-08-22 08:23:04 - INFO - 
2026-08-22 08:23:04 - INFO -       accuracy                         0.8092       152
2026-08-22 08:23:04 - INFO -      macro avg     0.8114    0.8103    0.8091       152
2026-08-22 08:23:04 - INFO -   weighted avg     0.8123    0.8092    0.8090       152
2026-08-22 08:23:04 - INFO - Confusion matrix - [[tn=63, fp=11], [fn=18, tp=60]]
2026-08-22 08:23:04 - INFO - probability_positive min=0.0001 mean=0.4718 std=0.4876 max=0.9999 predicted_0=81 predicted_1=71
2026-08-22 08:23:14 - INFO - Epoch 15/30 | Train loss: 0.054435 | Val loss: 1.085897 | LR: 2.00e-05 | Best epoch: 15 | Patience: 0 | Train: 8.40s | Validation: 0.96s | Epoch: 9.58s | Total: 142.62s
2026-08-22 08:23:14 - INFO - RecAdam target-task weight at epoch end: 1.000000
2026-08-22 08:23:14 - INFO - [Classification Report - split=train epoch=15 - threshold=0.50]
2026-08-22 08:23:14 - INFO -                 precision    recall  f1-score   support
2026-08-22 08:23:14 - INFO - 
2026-08-22 08:23:14 - INFO -       safe (0)     0.9627    0.9872    0.9748       235
2026-08-22 08:23:14 - INFO - vulnerable (1)     0.9860    0.9593    0.9725       221
2026-08-22 08:23:14 - INFO - 
2026-08-22 08:23:14 - INFO -       accuracy                         0.9737       456
2026-08-22 08:23:14 - INFO -      macro avg     0.9744    0.9733    0.9736       456
2026-08-22 08:23:14 - INFO -   weighted avg     0.9740    0.9737    0.9737       456
2026-08-22 08:23:14 - INFO - Confusion matrix - [[tn=232, fp=3], [fn=9, tp=212]]
2026-08-22 08:23:14 - INFO - probability_positive min=0.0002 mean=0.4772 std=0.4871 max=0.9998 predicted_0=241 predicted_1=215
2026-08-22 08:23:14 - INFO - [Classification Report - split=validation epoch=15 - threshold=0.50]
2026-08-22 08:23:14 - INFO -                 precision    recall  f1-score   support
2026-08-22 08:23:14 - INFO - 
2026-08-22 08:23:14 - INFO -       safe (0)     0.8472    0.8243    0.8356        74
2026-08-22 08:23:14 - INFO - vulnerable (1)     0.8375    0.8590    0.8481        78
2026-08-22 08:23:14 - INFO - 
2026-08-22 08:23:14 - INFO -       accuracy                         0.8421       152
2026-08-22 08:23:14 - INFO -      macro avg     0.8424    0.8416    0.8419       152
2026-08-22 08:23:14 - INFO -   weighted avg     0.8422    0.8421    0.8420       152
2026-08-22 08:23:14 - INFO - Confusion matrix - [[tn=61, fp=13], [fn=11, tp=67]]
2026-08-22 08:23:14 - INFO - probability_positive min=0.0001 mean=0.5331 std=0.4920 max=0.9999 predicted_0=72 predicted_1=80
2026-08-22 08:23:14 - INFO - New best model | Macro-F1: 0.841859 | Epoch: 15
2026-08-22 08:23:23 - INFO - Epoch 16/30 | Train loss: 0.120015 | Val loss: 1.136286 | LR: 2.00e-05 | Best epoch: 15 | Patience: 1 | Train: 8.40s | Validation: 0.95s | Epoch: 9.36s | Total: 151.99s
2026-08-22 08:23:23 - INFO - RecAdam target-task weight at epoch end: 1.000000
2026-08-22 08:23:23 - INFO - [Classification Report - split=train epoch=16 - threshold=0.50]
2026-08-22 08:23:23 - INFO -                 precision    recall  f1-score   support
2026-08-22 08:23:23 - INFO - 
2026-08-22 08:23:23 - INFO -       safe (0)     0.9781    0.9489    0.9633       235
2026-08-22 08:23:23 - INFO - vulnerable (1)     0.9474    0.9774    0.9621       221
2026-08-22 08:23:23 - INFO - 
2026-08-22 08:23:23 - INFO -       accuracy                         0.9627       456
2026-08-22 08:23:23 - INFO -      macro avg     0.9627    0.9632    0.9627       456
2026-08-22 08:23:23 - INFO -   weighted avg     0.9632    0.9627    0.9627       456
2026-08-22 08:23:23 - INFO - Confusion matrix - [[tn=223, fp=12], [fn=5, tp=216]]
2026-08-22 08:23:23 - INFO - probability_positive min=0.0002 mean=0.4993 std=0.4893 max=0.9998 predicted_0=228 predicted_1=228
2026-08-22 08:23:23 - INFO - [Classification Report - split=validation epoch=16 - threshold=0.50]
2026-08-22 08:23:23 - INFO -                 precision    recall  f1-score   support
2026-08-22 08:23:23 - INFO - 
2026-08-22 08:23:23 - INFO -       safe (0)     0.7848    0.8378    0.8105        74
2026-08-22 08:23:23 - INFO - vulnerable (1)     0.8356    0.7821    0.8079        78
2026-08-22 08:23:23 - INFO - 
2026-08-22 08:23:23 - INFO -       accuracy                         0.8092       152
2026-08-22 08:23:23 - INFO -      macro avg     0.8102    0.8099    0.8092       152
2026-08-22 08:23:23 - INFO -   weighted avg     0.8109    0.8092    0.8092       152
2026-08-22 08:23:23 - INFO - Confusion matrix - [[tn=62, fp=12], [fn=17, tp=61]]
2026-08-22 08:23:23 - INFO - probability_positive min=0.0001 mean=0.4816 std=0.4890 max=0.9996 predicted_0=79 predicted_1=73
2026-08-22 08:23:32 - INFO - Epoch 17/30 | Train loss: 0.065722 | Val loss: 1.017228 | LR: 2.00e-05 | Best epoch: 15 | Patience: 2 | Train: 8.40s | Validation: 0.96s | Epoch: 9.36s | Total: 161.36s
2026-08-22 08:23:32 - INFO - RecAdam target-task weight at epoch end: 1.000000
2026-08-22 08:23:33 - INFO - [Classification Report - split=train epoch=17 - threshold=0.50]
2026-08-22 08:23:33 - INFO -                 precision    recall  f1-score   support
2026-08-22 08:23:33 - INFO - 
2026-08-22 08:23:33 - INFO -       safe (0)     0.9542    0.9745    0.9642       235
2026-08-22 08:23:33 - INFO - vulnerable (1)     0.9722    0.9502    0.9611       221
2026-08-22 08:23:33 - INFO - 
2026-08-22 08:23:33 - INFO -       accuracy                         0.9627       456
2026-08-22 08:23:33 - INFO -      macro avg     0.9632    0.9623    0.9627       456
2026-08-22 08:23:33 - INFO -   weighted avg     0.9629    0.9627    0.9627       456
2026-08-22 08:23:33 - INFO - Confusion matrix - [[tn=229, fp=6], [fn=11, tp=210]]
2026-08-22 08:23:33 - INFO - probability_positive min=0.0002 mean=0.4774 std=0.4848 max=0.9995 predicted_0=240 predicted_1=216
2026-08-22 08:23:33 - INFO - [Classification Report - split=validation epoch=17 - threshold=0.50]
2026-08-22 08:23:33 - INFO -                 precision    recall  f1-score   support
2026-08-22 08:23:33 - INFO - 
2026-08-22 08:23:33 - INFO -       safe (0)     0.8219    0.8108    0.8163        74
2026-08-22 08:23:33 - INFO - vulnerable (1)     0.8228    0.8333    0.8280        78
2026-08-22 08:23:33 - INFO - 
2026-08-22 08:23:33 - INFO -       accuracy                         0.8224       152
2026-08-22 08:23:33 - INFO -      macro avg     0.8224    0.8221    0.8222       152
2026-08-22 08:23:33 - INFO -   weighted avg     0.8224    0.8224    0.8223       152
2026-08-22 08:23:33 - INFO - Confusion matrix - [[tn=60, fp=14], [fn=13, tp=65]]
2026-08-22 08:23:33 - INFO - probability_positive min=0.0001 mean=0.5191 std=0.4894 max=0.9997 predicted_0=73 predicted_1=79
2026-08-22 08:23:42 - INFO - Epoch 18/30 | Train loss: 0.068398 | Val loss: 0.983123 | LR: 2.00e-05 | Best epoch: 18 | Patience: 0 | Train: 8.40s | Validation: 0.95s | Epoch: 9.58s | Total: 170.94s
2026-08-22 08:23:42 - INFO - RecAdam target-task weight at epoch end: 1.000000
2026-08-22 08:23:42 - INFO - [Classification Report - split=train epoch=18 - threshold=0.50]
2026-08-22 08:23:42 - INFO -                 precision    recall  f1-score   support
2026-08-22 08:23:42 - INFO - 
2026-08-22 08:23:42 - INFO -       safe (0)     0.9660    0.9660    0.9660       235
2026-08-22 08:23:42 - INFO - vulnerable (1)     0.9638    0.9638    0.9638       221
2026-08-22 08:23:42 - INFO - 
2026-08-22 08:23:42 - INFO -       accuracy                         0.9649       456
2026-08-22 08:23:42 - INFO -      macro avg     0.9649    0.9649    0.9649       456
2026-08-22 08:23:42 - INFO -   weighted avg     0.9649    0.9649    0.9649       456
2026-08-22 08:23:42 - INFO - Confusion matrix - [[tn=227, fp=8], [fn=8, tp=213]]
2026-08-22 08:23:42 - INFO - probability_positive min=0.0002 mean=0.4821 std=0.4866 max=0.9996 predicted_0=235 predicted_1=221
2026-08-22 08:23:42 - INFO - [Classification Report - split=validation epoch=18 - threshold=0.50]
2026-08-22 08:23:42 - INFO -                 precision    recall  f1-score   support
2026-08-22 08:23:42 - INFO - 
2026-08-22 08:23:42 - INFO -       safe (0)     0.8378    0.8378    0.8378        74
2026-08-22 08:23:42 - INFO - vulnerable (1)     0.8462    0.8462    0.8462        78
2026-08-22 08:23:42 - INFO - 
2026-08-22 08:23:42 - INFO -       accuracy                         0.8421       152
2026-08-22 08:23:42 - INFO -      macro avg     0.8420    0.8420    0.8420       152
2026-08-22 08:23:42 - INFO -   weighted avg     0.8421    0.8421    0.8421       152
2026-08-22 08:23:42 - INFO - Confusion matrix - [[tn=62, fp=12], [fn=12, tp=66]]
2026-08-22 08:23:42 - INFO - probability_positive min=0.0001 mean=0.5026 std=0.4898 max=0.9997 predicted_0=74 predicted_1=78
2026-08-22 08:23:42 - INFO - New best model | Macro-F1: 0.841996 | Epoch: 18
2026-08-22 08:23:52 - INFO - Epoch 19/30 | Train loss: 0.056915 | Val loss: 1.066044 | LR: 2.00e-05 | Best epoch: 19 | Patience: 0 | Train: 8.41s | Validation: 0.95s | Epoch: 9.60s | Total: 180.55s
2026-08-22 08:23:52 - INFO - RecAdam target-task weight at epoch end: 1.000000
2026-08-22 08:23:52 - INFO - [Classification Report - split=train epoch=19 - threshold=0.50]
2026-08-22 08:23:52 - INFO -                 precision    recall  f1-score   support
2026-08-22 08:23:52 - INFO - 
2026-08-22 08:23:52 - INFO -       safe (0)     0.9744    0.9702    0.9723       235
2026-08-22 08:23:52 - INFO - vulnerable (1)     0.9685    0.9729    0.9707       221
2026-08-22 08:23:52 - INFO - 
2026-08-22 08:23:52 - INFO -       accuracy                         0.9715       456
2026-08-22 08:23:52 - INFO -      macro avg     0.9714    0.9715    0.9715       456
2026-08-22 08:23:52 - INFO -   weighted avg     0.9715    0.9715    0.9715       456
2026-08-22 08:23:52 - INFO - Confusion matrix - [[tn=228, fp=7], [fn=6, tp=215]]
2026-08-22 08:23:52 - INFO - probability_positive min=0.0002 mean=0.4839 std=0.4877 max=0.9997 predicted_0=234 predicted_1=222
2026-08-22 08:23:52 - INFO - [Classification Report - split=validation epoch=19 - threshold=0.50]
2026-08-22 08:23:52 - INFO -                 precision    recall  f1-score   support
2026-08-22 08:23:52 - INFO - 
2026-08-22 08:23:52 - INFO -       safe (0)     0.8611    0.8378    0.8493        74
2026-08-22 08:23:52 - INFO - vulnerable (1)     0.8500    0.8718    0.8608        78
2026-08-22 08:23:52 - INFO - 
2026-08-22 08:23:52 - INFO -       accuracy                         0.8553       152
2026-08-22 08:23:52 - INFO -      macro avg     0.8556    0.8548    0.8550       152
2026-08-22 08:23:52 - INFO -   weighted avg     0.8554    0.8553    0.8552       152
2026-08-22 08:23:52 - INFO - Confusion matrix - [[tn=62, fp=12], [fn=10, tp=68]]
2026-08-22 08:23:52 - INFO - probability_positive min=0.0001 mean=0.5222 std=0.4963 max=0.9998 predicted_0=72 predicted_1=80
2026-08-22 08:23:52 - INFO - New best model | Macro-F1: 0.855037 | Epoch: 19
2026-08-22 08:24:01 - INFO - Epoch 20/30 | Train loss: 0.064940 | Val loss: 1.253283 | LR: 2.00e-05 | Best epoch: 19 | Patience: 1 | Train: 8.40s | Validation: 0.95s | Epoch: 9.36s | Total: 189.92s
2026-08-22 08:24:01 - INFO - RecAdam target-task weight at epoch end: 1.000000
2026-08-22 08:24:01 - INFO - [Classification Report - split=train epoch=20 - threshold=0.50]
2026-08-22 08:24:01 - INFO -                 precision    recall  f1-score   support
2026-08-22 08:24:01 - INFO - 
2026-08-22 08:24:01 - INFO -       safe (0)     0.9620    0.9702    0.9661       235
2026-08-22 08:24:01 - INFO - vulnerable (1)     0.9680    0.9593    0.9636       221
2026-08-22 08:24:01 - INFO - 
2026-08-22 08:24:01 - INFO -       accuracy                         0.9649       456
2026-08-22 08:24:01 - INFO -      macro avg     0.9650    0.9647    0.9649       456
2026-08-22 08:24:01 - INFO -   weighted avg     0.9649    0.9649    0.9649       456
2026-08-22 08:24:01 - INFO - Confusion matrix - [[tn=228, fp=7], [fn=9, tp=212]]
2026-08-22 08:24:01 - INFO - probability_positive min=0.0002 mean=0.4830 std=0.4889 max=0.9997 predicted_0=237 predicted_1=219
2026-08-22 08:24:01 - INFO - [Classification Report - split=validation epoch=20 - threshold=0.50]
2026-08-22 08:24:01 - INFO -                 precision    recall  f1-score   support
2026-08-22 08:24:01 - INFO - 
2026-08-22 08:24:01 - INFO -       safe (0)     0.7922    0.8243    0.8079        74
2026-08-22 08:24:01 - INFO - vulnerable (1)     0.8267    0.7949    0.8105        78
2026-08-22 08:24:01 - INFO - 
2026-08-22 08:24:01 - INFO -       accuracy                         0.8092       152
2026-08-22 08:24:01 - INFO -      macro avg     0.8094    0.8096    0.8092       152
2026-08-22 08:24:01 - INFO -   weighted avg     0.8099    0.8092    0.8092       152
2026-08-22 08:24:01 - INFO - Confusion matrix - [[tn=61, fp=13], [fn=16, tp=62]]
2026-08-22 08:24:01 - INFO - probability_positive min=0.0001 mean=0.4944 std=0.4944 max=0.9998 predicted_0=77 predicted_1=75
2026-08-22 08:24:10 - INFO - Epoch 21/30 | Train loss: 0.041504 | Val loss: 1.331919 | LR: 2.00e-05 | Best epoch: 19 | Patience: 2 | Train: 8.40s | Validation: 0.95s | Epoch: 9.36s | Total: 199.29s
2026-08-22 08:24:10 - INFO - RecAdam target-task weight at epoch end: 1.000000
2026-08-22 08:24:10 - INFO - [Classification Report - split=train epoch=21 - threshold=0.50]
2026-08-22 08:24:10 - INFO -                 precision    recall  f1-score   support
2026-08-22 08:24:10 - INFO - 
2026-08-22 08:24:10 - INFO -       safe (0)     0.9871    0.9745    0.9807       235
2026-08-22 08:24:10 - INFO - vulnerable (1)     0.9732    0.9864    0.9798       221
2026-08-22 08:24:10 - INFO - 
2026-08-22 08:24:10 - INFO -       accuracy                         0.9803       456
2026-08-22 08:24:10 - INFO -      macro avg     0.9801    0.9804    0.9803       456
2026-08-22 08:24:10 - INFO -   weighted avg     0.9804    0.9803    0.9803       456
2026-08-22 08:24:10 - INFO - Confusion matrix - [[tn=229, fp=6], [fn=3, tp=218]]
2026-08-22 08:24:10 - INFO - probability_positive min=0.0001 mean=0.4898 std=0.4920 max=0.9998 predicted_0=232 predicted_1=224
2026-08-22 08:24:10 - INFO - [Classification Report - split=validation epoch=21 - threshold=0.50]
2026-08-22 08:24:10 - INFO -                 precision    recall  f1-score   support
2026-08-22 08:24:10 - INFO - 
2026-08-22 08:24:10 - INFO -       safe (0)     0.8133    0.8243    0.8188        74
2026-08-22 08:24:10 - INFO - vulnerable (1)     0.8312    0.8205    0.8258        78
2026-08-22 08:24:10 - INFO - 
2026-08-22 08:24:10 - INFO -       accuracy                         0.8224       152
2026-08-22 08:24:10 - INFO -      macro avg     0.8223    0.8224    0.8223       152
2026-08-22 08:24:10 - INFO -   weighted avg     0.8225    0.8224    0.8224       152
2026-08-22 08:24:10 - INFO - Confusion matrix - [[tn=61, fp=13], [fn=14, tp=64]]
2026-08-22 08:24:10 - INFO - probability_positive min=0.0001 mean=0.5035 std=0.4972 max=0.9998 predicted_0=75 predicted_1=77
2026-08-22 08:24:20 - INFO - Epoch 22/30 | Train loss: 0.031233 | Val loss: 1.289825 | LR: 2.00e-05 | Best epoch: 19 | Patience: 3 | Train: 8.40s | Validation: 0.95s | Epoch: 9.36s | Total: 208.65s
2026-08-22 08:24:20 - INFO - RecAdam target-task weight at epoch end: 1.000000
2026-08-22 08:24:20 - INFO - [Classification Report - split=train epoch=22 - threshold=0.50]
2026-08-22 08:24:20 - INFO -                 precision    recall  f1-score   support
2026-08-22 08:24:20 - INFO - 
2026-08-22 08:24:20 - INFO -       safe (0)     0.9914    0.9830    0.9872       235
2026-08-22 08:24:20 - INFO - vulnerable (1)     0.9821    0.9910    0.9865       221
2026-08-22 08:24:20 - INFO - 
2026-08-22 08:24:20 - INFO -       accuracy                         0.9868       456
2026-08-22 08:24:20 - INFO -      macro avg     0.9867    0.9870    0.9868       456
2026-08-22 08:24:20 - INFO -   weighted avg     0.9869    0.9868    0.9868       456
2026-08-22 08:24:20 - INFO - Confusion matrix - [[tn=231, fp=4], [fn=2, tp=219]]
2026-08-22 08:24:20 - INFO - probability_positive min=0.0001 mean=0.4878 std=0.4937 max=0.9997 predicted_0=233 predicted_1=223
2026-08-22 08:24:20 - INFO - [Classification Report - split=validation epoch=22 - threshold=0.50]
2026-08-22 08:24:20 - INFO -                 precision    recall  f1-score   support
2026-08-22 08:24:20 - INFO - 
2026-08-22 08:24:20 - INFO -       safe (0)     0.8133    0.8243    0.8188        74
2026-08-22 08:24:20 - INFO - vulnerable (1)     0.8312    0.8205    0.8258        78
2026-08-22 08:24:20 - INFO - 
2026-08-22 08:24:20 - INFO -       accuracy                         0.8224       152
2026-08-22 08:24:20 - INFO -      macro avg     0.8223    0.8224    0.8223       152
2026-08-22 08:24:20 - INFO -   weighted avg     0.8225    0.8224    0.8224       152
2026-08-22 08:24:20 - INFO - Confusion matrix - [[tn=61, fp=13], [fn=14, tp=64]]
2026-08-22 08:24:20 - INFO - probability_positive min=0.0001 mean=0.5027 std=0.4967 max=0.9998 predicted_0=75 predicted_1=77
2026-08-22 08:24:29 - INFO - Epoch 23/30 | Train loss: 0.039941 | Val loss: 1.275628 | LR: 2.00e-05 | Best epoch: 19 | Patience: 4 | Train: 8.40s | Validation: 0.96s | Epoch: 9.36s | Total: 218.02s
2026-08-22 08:24:29 - INFO - RecAdam target-task weight at epoch end: 1.000000
2026-08-22 08:24:29 - INFO - [Classification Report - split=train epoch=23 - threshold=0.50]
2026-08-22 08:24:29 - INFO -                 precision    recall  f1-score   support
2026-08-22 08:24:29 - INFO - 
2026-08-22 08:24:29 - INFO -       safe (0)     0.9871    0.9745    0.9807       235
2026-08-22 08:24:29 - INFO - vulnerable (1)     0.9732    0.9864    0.9798       221
2026-08-22 08:24:29 - INFO - 
2026-08-22 08:24:29 - INFO -       accuracy                         0.9803       456
2026-08-22 08:24:29 - INFO -      macro avg     0.9801    0.9804    0.9803       456
2026-08-22 08:24:29 - INFO -   weighted avg     0.9804    0.9803    0.9803       456
2026-08-22 08:24:29 - INFO - Confusion matrix - [[tn=229, fp=6], [fn=3, tp=218]]
2026-08-22 08:24:29 - INFO - probability_positive min=0.0001 mean=0.4851 std=0.4919 max=0.9997 predicted_0=232 predicted_1=224
2026-08-22 08:24:29 - INFO - [Classification Report - split=validation epoch=23 - threshold=0.50]
2026-08-22 08:24:29 - INFO -                 precision    recall  f1-score   support
2026-08-22 08:24:29 - INFO - 
2026-08-22 08:24:29 - INFO -       safe (0)     0.8243    0.8243    0.8243        74
2026-08-22 08:24:29 - INFO - vulnerable (1)     0.8333    0.8333    0.8333        78
2026-08-22 08:24:29 - INFO - 
2026-08-22 08:24:29 - INFO -       accuracy                         0.8289       152
2026-08-22 08:24:29 - INFO -      macro avg     0.8288    0.8288    0.8288       152
2026-08-22 08:24:29 - INFO -   weighted avg     0.8289    0.8289    0.8289       152
2026-08-22 08:24:29 - INFO - Confusion matrix - [[tn=61, fp=13], [fn=13, tp=65]]
2026-08-22 08:24:29 - INFO - probability_positive min=0.0001 mean=0.5127 std=0.4981 max=0.9998 predicted_0=74 predicted_1=78
2026-08-22 08:24:39 - INFO - Epoch 24/30 | Train loss: 0.043732 | Val loss: 1.221862 | LR: 2.00e-05 | Best epoch: 19 | Patience: 5 | Train: 8.40s | Validation: 0.96s | Epoch: 9.36s | Total: 227.38s
2026-08-22 08:24:39 - INFO - RecAdam target-task weight at epoch end: 1.000000
2026-08-22 08:24:39 - INFO - [Classification Report - split=train epoch=24 - threshold=0.50]
2026-08-22 08:24:39 - INFO -                 precision    recall  f1-score   support
2026-08-22 08:24:39 - INFO - 
2026-08-22 08:24:39 - INFO -       safe (0)     0.9789    0.9872    0.9831       235
2026-08-22 08:24:39 - INFO - vulnerable (1)     0.9863    0.9774    0.9818       221
2026-08-22 08:24:39 - INFO - 
2026-08-22 08:24:39 - INFO -       accuracy                         0.9825       456
2026-08-22 08:24:39 - INFO -      macro avg     0.9826    0.9823    0.9824       456
2026-08-22 08:24:39 - INFO -   weighted avg     0.9825    0.9825    0.9825       456
2026-08-22 08:24:39 - INFO - Confusion matrix - [[tn=232, fp=3], [fn=5, tp=216]]
2026-08-22 08:24:39 - INFO - probability_positive min=0.0001 mean=0.4841 std=0.4934 max=0.9998 predicted_0=237 predicted_1=219
2026-08-22 08:24:39 - INFO - [Classification Report - split=validation epoch=24 - threshold=0.50]
2026-08-22 08:24:39 - INFO -                 precision    recall  f1-score   support
2026-08-22 08:24:39 - INFO - 
2026-08-22 08:24:39 - INFO -       safe (0)     0.8243    0.8243    0.8243        74
2026-08-22 08:24:39 - INFO - vulnerable (1)     0.8333    0.8333    0.8333        78
2026-08-22 08:24:39 - INFO - 
2026-08-22 08:24:39 - INFO -       accuracy                         0.8289       152
2026-08-22 08:24:39 - INFO -      macro avg     0.8288    0.8288    0.8288       152
2026-08-22 08:24:39 - INFO -   weighted avg     0.8289    0.8289    0.8289       152
2026-08-22 08:24:39 - INFO - Confusion matrix - [[tn=61, fp=13], [fn=13, tp=65]]
2026-08-22 08:24:39 - INFO - probability_positive min=0.0001 mean=0.5119 std=0.4942 max=0.9999 predicted_0=74 predicted_1=78
2026-08-22 08:24:39 - INFO - Early stopping | Epoch: 24 | Best epoch: 19
2026-08-22 08:24:39 - INFO - Best checkpoint saved | Path: model/fam1_t5p/transfer_latent_bottleneck/seed_7/fold1/best.pt | Epoch: 19 | Val macro_f1: 0.855037
2026-08-22 08:24:39 - INFO - Training finished | Elapsed: 227.39s
2026-08-22 08:24:39 - INFO - Run finished | Phase: phase2 | Fold: 1 | Seed: 7 | Elapsed: 230.14s
