2026-08-22 13:30:21 - INFO - Using device: cuda
2026-08-22 13:30:21 - INFO - Run started | Run: sam_t5p | Method: transfer_cwe | Phase: phase2 | Fold: 4 | Seed: 42 | Device: cuda
2026-08-22 13:30:21 - INFO - Loading Python training data: data/sven_python_folds_norm/fold4/train.jsonl
2026-08-22 13:30:21 - INFO - Loading Python validation data: data/sven_python_folds_norm/fold4/val.jsonl
2026-08-22 13:30:21 - INFO - Data split: python_train | Total: 456 | Labels: {0: 225, 1: 231} | CWEs: {'CWE-022': 42, 'CWE-078': 119, 'CWE-079': 53, 'CWE-089': 242} | Languages: {'python': 456} | Invalid CWE: 0
2026-08-22 13:30:21 - INFO - Data split: python_val | Total: 152 | Labels: {0: 72, 1: 80} | CWEs: {'CWE-022': 13, 'CWE-078': 44, 'CWE-079': 16, 'CWE-089': 79} | Languages: {'python': 152} | Invalid CWE: 0
2026-08-22 13:30:21 - INFO - Auxiliary head width taken from checkpoint: 4
2026-08-22 13:30:23 - INFO - Loaded source checkpoint: model/sam_t5p/transfer_cwe/seed_42/source/best.pt | Best epoch: 13 | Best Val Macro-F1: 0.707829
2026-08-22 13:30:23 - INFO - RecAdam schedule | Total steps: 870 | Steps/epoch: 29 | Anneal t0: 43 | Weights: {1: 0.10909682119561293, 29: 0.3318122278318339, 43: 0.5, 870: 1.0}
2026-08-22 13:30:23 - INFO - Environment: {"components": {"backbone": {"frozen": 0, "total": 109607040, "trainable": 109607040}, "cwe_head": {"frozen": 3076, "total": 3076, "trainable": 0}, "vul_head": {"frozen": 0, "total": 1538, "trainable": 1538}}, "cuda": "12.8", "fold": 4, "frozen_parameters": 3076, "gpu": "NVIDIA GeForce RTX 5070 Ti", "hyperparameters": {"anneal_fun": "sigmoid", "anneal_k": 0.05, "anneal_t0_ratio": 0.05, "anneal_w": 1.0, "aux_mode": "cwe", "batch_size": 16, "checkpoint_path": "model/sam_t5p/transfer_cwe/seed_42/fold4/best.pt", "cwe_vocab": "fixed4", "data_path": "data/train_ccpp_filtered.jsonl", "data_root": "data/sven_python_folds_norm", "epochs": 30, "eval_batch_size": 16, "fold": 4, "freeze_backbone_layers": 0, "freeze_prototypes_steps": 0, "lambda_cwe": 0.2, "latent_temperature": 0.1, "learning_rate": 2e-05, "lora_rank": 0, "lp_epochs": 0, "lp_learning_rate": 0.001, "max_eval_samples": null, "max_grad_norm": 1.0, "max_length": 512, "max_train_samples": null, "method_name": "transfer_cwe", "min_epochs": 3, "model_name": "Salesforce/codet5p-220m", "num_cwes": 4, "num_latent": 8, "num_workers": 0, "output_dir": "results/sam_t5p/transfer_cwe", "patience": 5, "phase": "phase2", "phase2_optimizer": "recadam", "pooling": "mean", "pretrain_cof": 5000.0, "recadam_anchor": "source", "result_path": "results/sam_t5p/transfer_cwe/seed_42/fold4.json", "run_name": "sam_t5p", "sam_rho": 0.05, "seed": 42, "selection_metric": "macro_f1", "source_checkpoint": "model/sam_t5p/transfer_cwe/seed_42/source/best.pt", "source_interpolation": 1.0, "strict_determinism": false, "target_lang": "python", "test_path": null, "train_path": null, "truncation_strategy": "head_middle_tail", "val_path": null, "weight_decay": 0.01}, "mode": "phase2_train", "model_name": "Salesforce/codet5p-220m", "seed": 42, "sklearn": "1.9.0", "torch": "2.11.0+cu128", "trainable_parameters": 109608578, "transformers": "4.57.1"}
2026-08-22 13:30:23 - INFO - SAM bat | rho=0.0500 (tuyet doi, chuan L2 toan cuc) | moi buoc 2 luot forward-backward, thoi gian huan luyen ~2x
2026-08-22 13:30:23 - INFO - Training started | Phase: phase2 | Epochs: 30
2026-08-22 13:30:24 - INFO - RecAdam first-step safety checks passed
2026-08-22 13:30:41 - INFO - Epoch 1/30 | Train loss: 0.713172 | Val loss: 0.637241 | LR: 2.00e-05 | Best epoch: 1 | Patience: 0 | Train: 16.70s | Validation: 0.96s | Epoch: 17.83s | Total: 17.83s
2026-08-22 13:30:41 - INFO - RecAdam target-task weight at epoch end: 0.331812
2026-08-22 13:30:41 - INFO - [Classification Report - split=train epoch=1 - threshold=0.50]
2026-08-22 13:30:41 - INFO -                 precision    recall  f1-score   support
2026-08-22 13:30:41 - INFO - 
2026-08-22 13:30:41 - INFO -       safe (0)     0.5872    0.4489    0.5088       225
2026-08-22 13:30:41 - INFO - vulnerable (1)     0.5634    0.6926    0.6214       231
2026-08-22 13:30:41 - INFO - 
2026-08-22 13:30:41 - INFO -       accuracy                         0.5724       456
2026-08-22 13:30:41 - INFO -      macro avg     0.5753    0.5708    0.5651       456
2026-08-22 13:30:41 - INFO -   weighted avg     0.5751    0.5724    0.5658       456
2026-08-22 13:30:41 - INFO - Confusion matrix - [[tn=101, fp=124], [fn=71, tp=160]]
2026-08-22 13:30:41 - INFO - probability_positive min=0.0083 mean=0.5615 std=0.2089 max=0.9930 predicted_0=172 predicted_1=284
2026-08-22 13:30:41 - INFO - [Classification Report - split=validation epoch=1 - threshold=0.50]
2026-08-22 13:30:41 - INFO -                 precision    recall  f1-score   support
2026-08-22 13:30:41 - INFO - 
2026-08-22 13:30:41 - INFO -       safe (0)     0.6667    0.4722    0.5528        72
2026-08-22 13:30:41 - INFO - vulnerable (1)     0.6238    0.7875    0.6961        80
2026-08-22 13:30:41 - INFO - 
2026-08-22 13:30:41 - INFO -       accuracy                         0.6382       152
2026-08-22 13:30:41 - INFO -      macro avg     0.6452    0.6299    0.6245       152
2026-08-22 13:30:41 - INFO -   weighted avg     0.6441    0.6382    0.6283       152
2026-08-22 13:30:41 - INFO - Confusion matrix - [[tn=34, fp=38], [fn=17, tp=63]]
2026-08-22 13:30:41 - INFO - probability_positive min=0.0751 mean=0.5650 std=0.1937 max=0.9505 predicted_0=51 predicted_1=101
2026-08-22 13:30:41 - INFO - New best model | Macro-F1: 0.624489 | Epoch: 1
2026-08-22 13:30:59 - INFO - Epoch 2/30 | Train loss: 0.660462 | Val loss: 0.596920 | LR: 2.00e-05 | Best epoch: 2 | Patience: 0 | Train: 16.52s | Validation: 0.96s | Epoch: 17.70s | Total: 35.53s
2026-08-22 13:30:59 - INFO - RecAdam target-task weight at epoch end: 0.679179
2026-08-22 13:30:59 - INFO - [Classification Report - split=train epoch=2 - threshold=0.50]
2026-08-22 13:30:59 - INFO -                 precision    recall  f1-score   support
2026-08-22 13:30:59 - INFO - 
2026-08-22 13:30:59 - INFO -       safe (0)     0.5907    0.5644    0.5773       225
2026-08-22 13:30:59 - INFO - vulnerable (1)     0.5934    0.6190    0.6059       231
2026-08-22 13:30:59 - INFO - 
2026-08-22 13:30:59 - INFO -       accuracy                         0.5921       456
2026-08-22 13:30:59 - INFO -      macro avg     0.5920    0.5917    0.5916       456
2026-08-22 13:30:59 - INFO -   weighted avg     0.5920    0.5921    0.5918       456
2026-08-22 13:30:59 - INFO - Confusion matrix - [[tn=127, fp=98], [fn=88, tp=143]]
2026-08-22 13:30:59 - INFO - probability_positive min=0.0119 mean=0.5099 std=0.1594 max=0.9861 predicted_0=215 predicted_1=241
2026-08-22 13:30:59 - INFO - [Classification Report - split=validation epoch=2 - threshold=0.50]
2026-08-22 13:30:59 - INFO -                 precision    recall  f1-score   support
2026-08-22 13:30:59 - INFO - 
2026-08-22 13:30:59 - INFO -       safe (0)     0.7167    0.5972    0.6515        72
2026-08-22 13:30:59 - INFO - vulnerable (1)     0.6848    0.7875    0.7326        80
2026-08-22 13:30:59 - INFO - 
2026-08-22 13:30:59 - INFO -       accuracy                         0.6974       152
2026-08-22 13:30:59 - INFO -      macro avg     0.7007    0.6924    0.6920       152
2026-08-22 13:30:59 - INFO -   weighted avg     0.6999    0.6974    0.6942       152
2026-08-22 13:30:59 - INFO - Confusion matrix - [[tn=43, fp=29], [fn=17, tp=63]]
2026-08-22 13:30:59 - INFO - probability_positive min=0.0997 mean=0.5282 std=0.1400 max=0.8611 predicted_0=60 predicted_1=92
2026-08-22 13:30:59 - INFO - New best model | Macro-F1: 0.692037 | Epoch: 2
2026-08-22 13:31:16 - INFO - Epoch 3/30 | Train loss: 0.600264 | Val loss: 0.557307 | LR: 2.00e-05 | Best epoch: 3 | Patience: 0 | Train: 16.52s | Validation: 0.96s | Epoch: 17.71s | Total: 53.26s
2026-08-22 13:31:16 - INFO - RecAdam target-task weight at epoch end: 0.900250
2026-08-22 13:31:16 - INFO - [Classification Report - split=train epoch=3 - threshold=0.50]
2026-08-22 13:31:16 - INFO -                 precision    recall  f1-score   support
2026-08-22 13:31:16 - INFO - 
2026-08-22 13:31:16 - INFO -       safe (0)     0.6163    0.6711    0.6426       225
2026-08-22 13:31:16 - INFO - vulnerable (1)     0.6493    0.5931    0.6199       231
2026-08-22 13:31:16 - INFO - 
2026-08-22 13:31:16 - INFO -       accuracy                         0.6316       456
2026-08-22 13:31:16 - INFO -      macro avg     0.6328    0.6321    0.6312       456
2026-08-22 13:31:16 - INFO -   weighted avg     0.6330    0.6316    0.6311       456
2026-08-22 13:31:16 - INFO - Confusion matrix - [[tn=151, fp=74], [fn=94, tp=137]]
2026-08-22 13:31:16 - INFO - probability_positive min=0.0167 mean=0.4779 std=0.1577 max=0.9851 predicted_0=245 predicted_1=211
2026-08-22 13:31:16 - INFO - [Classification Report - split=validation epoch=3 - threshold=0.50]
2026-08-22 13:31:16 - INFO -                 precision    recall  f1-score   support
2026-08-22 13:31:16 - INFO - 
2026-08-22 13:31:16 - INFO -       safe (0)     0.8627    0.6111    0.7154        72
2026-08-22 13:31:16 - INFO - vulnerable (1)     0.7228    0.9125    0.8066        80
2026-08-22 13:31:16 - INFO - 
2026-08-22 13:31:16 - INFO -       accuracy                         0.7697       152
2026-08-22 13:31:16 - INFO -      macro avg     0.7928    0.7618    0.7610       152
2026-08-22 13:31:16 - INFO -   weighted avg     0.7891    0.7697    0.7634       152
2026-08-22 13:31:16 - INFO - Confusion matrix - [[tn=44, fp=28], [fn=7, tp=73]]
2026-08-22 13:31:16 - INFO - probability_positive min=0.0199 mean=0.5239 std=0.1812 max=0.8424 predicted_0=51 predicted_1=101
2026-08-22 13:31:16 - INFO - New best model | Macro-F1: 0.761038 | Epoch: 3
2026-08-22 13:31:34 - INFO - Epoch 4/30 | Train loss: 0.482299 | Val loss: 0.450599 | LR: 2.00e-05 | Best epoch: 4 | Patience: 0 | Train: 16.52s | Validation: 0.96s | Epoch: 17.71s | Total: 70.98s
2026-08-22 13:31:34 - INFO - RecAdam target-task weight at epoch end: 0.974667
2026-08-22 13:31:34 - INFO - [Classification Report - split=train epoch=4 - threshold=0.50]
2026-08-22 13:31:34 - INFO -                 precision    recall  f1-score   support
2026-08-22 13:31:34 - INFO - 
2026-08-22 13:31:34 - INFO -       safe (0)     0.7880    0.6444    0.7090       225
2026-08-22 13:31:34 - INFO - vulnerable (1)     0.7059    0.8312    0.7634       231
2026-08-22 13:31:34 - INFO - 
2026-08-22 13:31:34 - INFO -       accuracy                         0.7390       456
2026-08-22 13:31:34 - INFO -      macro avg     0.7470    0.7378    0.7362       456
2026-08-22 13:31:34 - INFO -   weighted avg     0.7464    0.7390    0.7366       456
2026-08-22 13:31:34 - INFO - Confusion matrix - [[tn=145, fp=80], [fn=39, tp=192]]
2026-08-22 13:31:34 - INFO - probability_positive min=0.0058 mean=0.4918 std=0.2472 max=0.9498 predicted_0=184 predicted_1=272
2026-08-22 13:31:34 - INFO - [Classification Report - split=validation epoch=4 - threshold=0.50]
2026-08-22 13:31:34 - INFO -                 precision    recall  f1-score   support
2026-08-22 13:31:34 - INFO - 
2026-08-22 13:31:34 - INFO -       safe (0)     0.8438    0.7500    0.7941        72
2026-08-22 13:31:34 - INFO - vulnerable (1)     0.7955    0.8750    0.8333        80
2026-08-22 13:31:34 - INFO - 
2026-08-22 13:31:34 - INFO -       accuracy                         0.8158       152
2026-08-22 13:31:34 - INFO -      macro avg     0.8196    0.8125    0.8137       152
2026-08-22 13:31:34 - INFO -   weighted avg     0.8183    0.8158    0.8148       152
2026-08-22 13:31:34 - INFO - Confusion matrix - [[tn=54, fp=18], [fn=10, tp=70]]
2026-08-22 13:31:34 - INFO - probability_positive min=0.0030 mean=0.5445 std=0.3196 max=0.9796 predicted_0=64 predicted_1=88
2026-08-22 13:31:34 - INFO - New best model | Macro-F1: 0.813725 | Epoch: 4
2026-08-22 13:31:52 - INFO - Epoch 5/30 | Train loss: 0.311638 | Val loss: 0.413054 | LR: 2.00e-05 | Best epoch: 5 | Patience: 0 | Train: 16.52s | Validation: 0.96s | Epoch: 17.71s | Total: 88.69s
2026-08-22 13:31:52 - INFO - RecAdam target-task weight at epoch end: 0.993940
2026-08-22 13:31:52 - INFO - [Classification Report - split=train epoch=5 - threshold=0.50]
2026-08-22 13:31:52 - INFO -                 precision    recall  f1-score   support
2026-08-22 13:31:52 - INFO - 
2026-08-22 13:31:52 - INFO -       safe (0)     0.8960    0.8044    0.8478       225
2026-08-22 13:31:52 - INFO - vulnerable (1)     0.8268    0.9091    0.8660       231
2026-08-22 13:31:52 - INFO - 
2026-08-22 13:31:52 - INFO -       accuracy                         0.8575       456
2026-08-22 13:31:52 - INFO -      macro avg     0.8614    0.8568    0.8569       456
2026-08-22 13:31:52 - INFO -   weighted avg     0.8609    0.8575    0.8570       456
2026-08-22 13:31:52 - INFO - Confusion matrix - [[tn=181, fp=44], [fn=21, tp=210]]
2026-08-22 13:31:52 - INFO - probability_positive min=0.0025 mean=0.5138 std=0.3846 max=0.9959 predicted_0=202 predicted_1=254
2026-08-22 13:31:52 - INFO - [Classification Report - split=validation epoch=5 - threshold=0.50]
2026-08-22 13:31:52 - INFO -                 precision    recall  f1-score   support
2026-08-22 13:31:52 - INFO - 
2026-08-22 13:31:52 - INFO -       safe (0)     0.8108    0.8333    0.8219        72
2026-08-22 13:31:52 - INFO - vulnerable (1)     0.8462    0.8250    0.8354        80
2026-08-22 13:31:52 - INFO - 
2026-08-22 13:31:52 - INFO -       accuracy                         0.8289       152
2026-08-22 13:31:52 - INFO -      macro avg     0.8285    0.8292    0.8287       152
2026-08-22 13:31:52 - INFO -   weighted avg     0.8294    0.8289    0.8290       152
2026-08-22 13:31:52 - INFO - Confusion matrix - [[tn=60, fp=12], [fn=14, tp=66]]
2026-08-22 13:31:52 - INFO - probability_positive min=0.0025 mean=0.4631 std=0.3802 max=0.9945 predicted_0=74 predicted_1=78
2026-08-22 13:31:52 - INFO - New best model | Macro-F1: 0.828680 | Epoch: 5
2026-08-22 13:32:10 - INFO - Epoch 6/30 | Train loss: 0.234997 | Val loss: 0.423596 | LR: 2.00e-05 | Best epoch: 6 | Patience: 0 | Train: 16.53s | Validation: 0.96s | Epoch: 17.71s | Total: 106.41s
2026-08-22 13:32:10 - INFO - RecAdam target-task weight at epoch end: 0.998572
2026-08-22 13:32:10 - INFO - [Classification Report - split=train epoch=6 - threshold=0.50]
2026-08-22 13:32:10 - INFO -                 precision    recall  f1-score   support
2026-08-22 13:32:10 - INFO - 
2026-08-22 13:32:10 - INFO -       safe (0)     0.9317    0.8489    0.8884       225
2026-08-22 13:32:10 - INFO - vulnerable (1)     0.8645    0.9394    0.9004       231
2026-08-22 13:32:10 - INFO - 
2026-08-22 13:32:10 - INFO -       accuracy                         0.8947       456
2026-08-22 13:32:10 - INFO -      macro avg     0.8981    0.8941    0.8944       456
2026-08-22 13:32:10 - INFO -   weighted avg     0.8977    0.8947    0.8945       456
2026-08-22 13:32:10 - INFO - Confusion matrix - [[tn=191, fp=34], [fn=14, tp=217]]
2026-08-22 13:32:10 - INFO - probability_positive min=0.0044 mean=0.5119 std=0.3991 max=0.9974 predicted_0=205 predicted_1=251
2026-08-22 13:32:10 - INFO - [Classification Report - split=validation epoch=6 - threshold=0.50]
2026-08-22 13:32:10 - INFO -                 precision    recall  f1-score   support
2026-08-22 13:32:10 - INFO - 
2026-08-22 13:32:10 - INFO -       safe (0)     0.8529    0.8056    0.8286        72
2026-08-22 13:32:10 - INFO - vulnerable (1)     0.8333    0.8750    0.8537        80
2026-08-22 13:32:10 - INFO - 
2026-08-22 13:32:10 - INFO -       accuracy                         0.8421       152
2026-08-22 13:32:10 - INFO -      macro avg     0.8431    0.8403    0.8411       152
2026-08-22 13:32:10 - INFO -   weighted avg     0.8426    0.8421    0.8418       152
2026-08-22 13:32:10 - INFO - Confusion matrix - [[tn=58, fp=14], [fn=10, tp=70]]
2026-08-22 13:32:10 - INFO - probability_positive min=0.0020 mean=0.5219 std=0.4372 max=0.9984 predicted_0=68 predicted_1=84
2026-08-22 13:32:10 - INFO - New best model | Macro-F1: 0.841115 | Epoch: 6
2026-08-22 13:32:27 - INFO - Epoch 7/30 | Train loss: 0.173977 | Val loss: 0.477183 | LR: 2.00e-05 | Best epoch: 6 | Patience: 1 | Train: 16.53s | Validation: 0.96s | Epoch: 17.48s | Total: 123.91s
2026-08-22 13:32:27 - INFO - RecAdam target-task weight at epoch end: 0.999665
2026-08-22 13:32:27 - INFO - [Classification Report - split=train epoch=7 - threshold=0.50]
2026-08-22 13:32:27 - INFO -                 precision    recall  f1-score   support
2026-08-22 13:32:27 - INFO - 
2026-08-22 13:32:27 - INFO -       safe (0)     0.9378    0.8711    0.9032       225
2026-08-22 13:32:27 - INFO - vulnerable (1)     0.8826    0.9437    0.9121       231
2026-08-22 13:32:27 - INFO - 
2026-08-22 13:32:27 - INFO -       accuracy                         0.9079       456
2026-08-22 13:32:27 - INFO -      macro avg     0.9102    0.9074    0.9077       456
2026-08-22 13:32:27 - INFO -   weighted avg     0.9098    0.9079    0.9077       456
2026-08-22 13:32:27 - INFO - Confusion matrix - [[tn=196, fp=29], [fn=13, tp=218]]
2026-08-22 13:32:27 - INFO - probability_positive min=0.0026 mean=0.5070 std=0.4292 max=0.9979 predicted_0=209 predicted_1=247
2026-08-22 13:32:27 - INFO - [Classification Report - split=validation epoch=7 - threshold=0.50]
2026-08-22 13:32:27 - INFO -                 precision    recall  f1-score   support
2026-08-22 13:32:27 - INFO - 
2026-08-22 13:32:27 - INFO -       safe (0)     0.8028    0.7917    0.7972        72
2026-08-22 13:32:27 - INFO - vulnerable (1)     0.8148    0.8250    0.8199        80
2026-08-22 13:32:27 - INFO - 
2026-08-22 13:32:27 - INFO -       accuracy                         0.8092       152
2026-08-22 13:32:27 - INFO -      macro avg     0.8088    0.8083    0.8085       152
2026-08-22 13:32:27 - INFO -   weighted avg     0.8091    0.8092    0.8091       152
2026-08-22 13:32:27 - INFO - Confusion matrix - [[tn=57, fp=15], [fn=14, tp=66]]
2026-08-22 13:32:27 - INFO - probability_positive min=0.0011 mean=0.5188 std=0.4395 max=0.9988 predicted_0=71 predicted_1=81
2026-08-22 13:32:45 - INFO - Epoch 8/30 | Train loss: 0.138449 | Val loss: 0.619353 | LR: 2.00e-05 | Best epoch: 6 | Patience: 2 | Train: 16.53s | Validation: 0.96s | Epoch: 17.48s | Total: 141.40s
2026-08-22 13:32:45 - INFO - RecAdam target-task weight at epoch end: 0.999921
2026-08-22 13:32:45 - INFO - [Classification Report - split=train epoch=8 - threshold=0.50]
2026-08-22 13:32:45 - INFO -                 precision    recall  f1-score   support
2026-08-22 13:32:45 - INFO - 
2026-08-22 13:32:45 - INFO -       safe (0)     0.9623    0.9067    0.9336       225
2026-08-22 13:32:45 - INFO - vulnerable (1)     0.9139    0.9654    0.9389       231
2026-08-22 13:32:45 - INFO - 
2026-08-22 13:32:45 - INFO -       accuracy                         0.9364       456
2026-08-22 13:32:45 - INFO -      macro avg     0.9381    0.9360    0.9363       456
2026-08-22 13:32:45 - INFO -   weighted avg     0.9378    0.9364    0.9363       456
2026-08-22 13:32:45 - INFO - Confusion matrix - [[tn=204, fp=21], [fn=8, tp=223]]
2026-08-22 13:32:45 - INFO - probability_positive min=0.0011 mean=0.5073 std=0.4492 max=0.9991 predicted_0=212 predicted_1=244
2026-08-22 13:32:45 - INFO - [Classification Report - split=validation epoch=8 - threshold=0.50]
2026-08-22 13:32:45 - INFO -                 precision    recall  f1-score   support
2026-08-22 13:32:45 - INFO - 
2026-08-22 13:32:45 - INFO -       safe (0)     0.8143    0.7917    0.8028        72
2026-08-22 13:32:45 - INFO - vulnerable (1)     0.8171    0.8375    0.8272        80
2026-08-22 13:32:45 - INFO - 
2026-08-22 13:32:45 - INFO -       accuracy                         0.8158       152
2026-08-22 13:32:45 - INFO -      macro avg     0.8157    0.8146    0.8150       152
2026-08-22 13:32:45 - INFO -   weighted avg     0.8158    0.8158    0.8156       152
2026-08-22 13:32:45 - INFO - Confusion matrix - [[tn=57, fp=15], [fn=13, tp=67]]
2026-08-22 13:32:45 - INFO - probability_positive min=0.0008 mean=0.5320 std=0.4627 max=0.9994 predicted_0=70 predicted_1=82
2026-08-22 13:33:02 - INFO - Epoch 9/30 | Train loss: 0.128820 | Val loss: 0.660049 | LR: 2.00e-05 | Best epoch: 6 | Patience: 3 | Train: 16.53s | Validation: 0.96s | Epoch: 17.49s | Total: 158.89s
2026-08-22 13:33:02 - INFO - RecAdam target-task weight at epoch end: 0.999982
2026-08-22 13:33:02 - INFO - [Classification Report - split=train epoch=9 - threshold=0.50]
2026-08-22 13:33:02 - INFO -                 precision    recall  f1-score   support
2026-08-22 13:33:02 - INFO - 
2026-08-22 13:33:02 - INFO -       safe (0)     0.9581    0.9156    0.9364       225
2026-08-22 13:33:02 - INFO - vulnerable (1)     0.9212    0.9610    0.9407       231
2026-08-22 13:33:02 - INFO - 
2026-08-22 13:33:02 - INFO -       accuracy                         0.9386       456
2026-08-22 13:33:02 - INFO -      macro avg     0.9397    0.9383    0.9385       456
2026-08-22 13:33:02 - INFO -   weighted avg     0.9394    0.9386    0.9385       456
2026-08-22 13:33:02 - INFO - Confusion matrix - [[tn=206, fp=19], [fn=9, tp=222]]
2026-08-22 13:33:02 - INFO - probability_positive min=0.0017 mean=0.5091 std=0.4506 max=0.9989 predicted_0=215 predicted_1=241
2026-08-22 13:33:02 - INFO - [Classification Report - split=validation epoch=9 - threshold=0.50]
2026-08-22 13:33:02 - INFO -                 precision    recall  f1-score   support
2026-08-22 13:33:02 - INFO - 
2026-08-22 13:33:02 - INFO -       safe (0)     0.7703    0.7917    0.7808        72
2026-08-22 13:33:02 - INFO - vulnerable (1)     0.8077    0.7875    0.7975        80
2026-08-22 13:33:02 - INFO - 
2026-08-22 13:33:02 - INFO -       accuracy                         0.7895       152
2026-08-22 13:33:02 - INFO -      macro avg     0.7890    0.7896    0.7891       152
2026-08-22 13:33:02 - INFO -   weighted avg     0.7900    0.7895    0.7896       152
2026-08-22 13:33:02 - INFO - Confusion matrix - [[tn=57, fp=15], [fn=17, tp=63]]
2026-08-22 13:33:02 - INFO - probability_positive min=0.0007 mean=0.4991 std=0.4573 max=0.9995 predicted_0=74 predicted_1=78
2026-08-22 13:33:20 - INFO - Epoch 10/30 | Train loss: 0.121917 | Val loss: 0.757576 | LR: 2.00e-05 | Best epoch: 6 | Patience: 4 | Train: 16.53s | Validation: 0.96s | Epoch: 17.49s | Total: 176.38s
2026-08-22 13:33:20 - INFO - RecAdam target-task weight at epoch end: 0.999996
2026-08-22 13:33:20 - INFO - [Classification Report - split=train epoch=10 - threshold=0.50]
2026-08-22 13:33:20 - INFO -                 precision    recall  f1-score   support
2026-08-22 13:33:20 - INFO - 
2026-08-22 13:33:20 - INFO -       safe (0)     0.9633    0.9333    0.9481       225
2026-08-22 13:33:20 - INFO - vulnerable (1)     0.9370    0.9654    0.9510       231
2026-08-22 13:33:20 - INFO - 
2026-08-22 13:33:20 - INFO -       accuracy                         0.9496       456
2026-08-22 13:33:20 - INFO -      macro avg     0.9501    0.9494    0.9495       456
2026-08-22 13:33:20 - INFO -   weighted avg     0.9500    0.9496    0.9495       456
2026-08-22 13:33:20 - INFO - Confusion matrix - [[tn=210, fp=15], [fn=8, tp=223]]
2026-08-22 13:33:20 - INFO - probability_positive min=0.0010 mean=0.5100 std=0.4603 max=0.9994 predicted_0=218 predicted_1=238
2026-08-22 13:33:20 - INFO - [Classification Report - split=validation epoch=10 - threshold=0.50]
2026-08-22 13:33:20 - INFO -                 precision    recall  f1-score   support
2026-08-22 13:33:20 - INFO - 
2026-08-22 13:33:20 - INFO -       safe (0)     0.7857    0.7639    0.7746        72
2026-08-22 13:33:20 - INFO - vulnerable (1)     0.7927    0.8125    0.8025        80
2026-08-22 13:33:20 - INFO - 
2026-08-22 13:33:20 - INFO -       accuracy                         0.7895       152
2026-08-22 13:33:20 - INFO -      macro avg     0.7892    0.7882    0.7886       152
2026-08-22 13:33:20 - INFO -   weighted avg     0.7894    0.7895    0.7893       152
2026-08-22 13:33:20 - INFO - Confusion matrix - [[tn=55, fp=17], [fn=15, tp=65]]
2026-08-22 13:33:20 - INFO - probability_positive min=0.0006 mean=0.5443 std=0.4696 max=0.9996 predicted_0=70 predicted_1=82
2026-08-22 13:33:37 - INFO - Epoch 11/30 | Train loss: 0.088542 | Val loss: 0.730646 | LR: 2.00e-05 | Best epoch: 6 | Patience: 5 | Train: 16.53s | Validation: 0.96s | Epoch: 17.49s | Total: 193.88s
2026-08-22 13:33:37 - INFO - RecAdam target-task weight at epoch end: 0.999999
2026-08-22 13:33:37 - INFO - [Classification Report - split=train epoch=11 - threshold=0.50]
2026-08-22 13:33:37 - INFO -                 precision    recall  f1-score   support
2026-08-22 13:33:37 - INFO - 
2026-08-22 13:33:37 - INFO -       safe (0)     0.9686    0.9600    0.9643       225
2026-08-22 13:33:37 - INFO - vulnerable (1)     0.9614    0.9697    0.9655       231
2026-08-22 13:33:37 - INFO - 
2026-08-22 13:33:37 - INFO -       accuracy                         0.9649       456
2026-08-22 13:33:37 - INFO -      macro avg     0.9650    0.9648    0.9649       456
2026-08-22 13:33:37 - INFO -   weighted avg     0.9649    0.9649    0.9649       456
2026-08-22 13:33:37 - INFO - Confusion matrix - [[tn=216, fp=9], [fn=7, tp=224]]
2026-08-22 13:33:37 - INFO - probability_positive min=0.0007 mean=0.5060 std=0.4654 max=0.9993 predicted_0=223 predicted_1=233
2026-08-22 13:33:37 - INFO - [Classification Report - split=validation epoch=11 - threshold=0.50]
2026-08-22 13:33:37 - INFO -                 precision    recall  f1-score   support
2026-08-22 13:33:37 - INFO - 
2026-08-22 13:33:37 - INFO -       safe (0)     0.7763    0.8194    0.7973        72
2026-08-22 13:33:37 - INFO - vulnerable (1)     0.8289    0.7875    0.8077        80
2026-08-22 13:33:37 - INFO - 
2026-08-22 13:33:37 - INFO -       accuracy                         0.8026       152
2026-08-22 13:33:37 - INFO -      macro avg     0.8026    0.8035    0.8025       152
2026-08-22 13:33:37 - INFO -   weighted avg     0.8040    0.8026    0.8028       152
2026-08-22 13:33:37 - INFO - Confusion matrix - [[tn=59, fp=13], [fn=17, tp=63]]
2026-08-22 13:33:37 - INFO - probability_positive min=0.0005 mean=0.5013 std=0.4719 max=0.9996 predicted_0=76 predicted_1=76
2026-08-22 13:33:37 - INFO - Early stopping | Epoch: 11 | Best epoch: 6
2026-08-22 13:33:37 - INFO - Best checkpoint saved | Path: model/sam_t5p/transfer_cwe/seed_42/fold4/best.pt | Epoch: 6 | Val macro_f1: 0.841115
2026-08-22 13:33:37 - INFO - Training finished | Elapsed: 193.89s
2026-08-22 13:33:37 - INFO - Run finished | Phase: phase2 | Fold: 4 | Seed: 42 | Elapsed: 196.50s
