2026-08-22 08:12:17 - INFO - Using device: cuda
2026-08-22 08:12:17 - INFO - Run started | Run: fam1_unixcoder | Method: baseline | Phase: baseline_infer | Fold: 1 | Seed: 7 | Device: cuda
2026-08-22 08:12:17 - INFO - Loading Python validation data: data/sven_python_folds_norm/fold1/val.jsonl
2026-08-22 08:12:17 - INFO - Loading Python test data: data/sven_python_folds_norm/fold1/test.jsonl
2026-08-22 08:12:17 - INFO - Data split: python_val | Total: 152 | Labels: {0: 74, 1: 78} | CWEs: {'CWE-022': 8, 'CWE-078': 42, 'CWE-079': 19, 'CWE-089': 83} | Languages: {'python': 152} | Invalid CWE: 0
2026-08-22 08:12:17 - INFO - Data split: python_test | Total: 152 | Labels: {0: 71, 1: 81} | CWEs: {'CWE-022': 19, 'CWE-078': 39, 'CWE-079': 14, 'CWE-089': 80} | Languages: {'python': 152} | Invalid CWE: 0
2026-08-22 08:12:19 - INFO - Environment: {"components": {"backbone": {"frozen": 0, "total": 125929728, "trainable": 125929728}, "vul_head": {"frozen": 0, "total": 1538, "trainable": 1538}}, "cuda": "12.8", "fold": 1, "frozen_parameters": 0, "gpu": "NVIDIA GeForce RTX 5070 Ti", "hyperparameters": {"batch_size": 16, "checkpoint_path": "model/fam1_unixcoder/baseline/seed_7/fold1/best.pt", "data_root": "data/sven_python_folds_norm", "epochs": 10, "eval_batch_size": 16, "fold": 1, "learning_rate": 2e-05, "max_eval_samples": null, "max_grad_norm": 1.0, "max_length": 512, "max_train_samples": null, "method_name": "baseline", "min_epochs": 3, "model_name": "microsoft/unixcoder-base", "num_workers": 0, "patience": 5, "phase": "infer", "pooling": "cls", "result_path": "results/fam1_unixcoder/baseline/seed_7/fold1.json", "run_name": "fam1_unixcoder", "seed": 7, "target_lang": "python", "test_path": null, "train_path": null, "truncation_strategy": "head_middle_tail", "val_path": null, "weight_decay": 0.01}, "mode": "baseline_inference_no_optimizer", "model_name": "microsoft/unixcoder-base", "seed": 7, "sklearn": "1.9.0", "torch": "2.11.0+cu128", "trainable_parameters": 125931266, "transformers": "4.57.1"}
2026-08-22 08:12:20 - INFO - Evaluation time | Split: validation+threshold | Seconds: 1.28
2026-08-22 08:12:20 - INFO - [Classification Report - split=validation - threshold=0.50]
2026-08-22 08:12:20 - INFO -                 precision    recall  f1-score   support
2026-08-22 08:12:20 - INFO - 
2026-08-22 08:12:20 - INFO -       safe (0)     0.9231    0.8108    0.8633        74
2026-08-22 08:12:20 - INFO - vulnerable (1)     0.8391    0.9359    0.8848        78
2026-08-22 08:12:20 - INFO - 
2026-08-22 08:12:20 - INFO -       accuracy                         0.8750       152
2026-08-22 08:12:20 - INFO -      macro avg     0.8811    0.8734    0.8741       152
2026-08-22 08:12:20 - INFO -   weighted avg     0.8800    0.8750    0.8744       152
2026-08-22 08:12:20 - INFO - Confusion matrix - [[tn=60, fp=14], [fn=5, tp=73]]
2026-08-22 08:12:20 - INFO - probability_positive min=0.0000 mean=0.5546 std=0.4831 max=1.0000 predicted_0=65 predicted_1=87
2026-08-22 08:12:20 - INFO - [Classification Report - split=validation_calibrated - threshold=0.08]
2026-08-22 08:12:20 - INFO -                 precision    recall  f1-score   support
2026-08-22 08:12:20 - INFO - 
2026-08-22 08:12:20 - INFO -       safe (0)     0.9231    0.8108    0.8633        74
2026-08-22 08:12:20 - INFO - vulnerable (1)     0.8391    0.9359    0.8848        78
2026-08-22 08:12:20 - INFO - 
2026-08-22 08:12:20 - INFO -       accuracy                         0.8750       152
2026-08-22 08:12:20 - INFO -      macro avg     0.8811    0.8734    0.8741       152
2026-08-22 08:12:20 - INFO -   weighted avg     0.8800    0.8750    0.8744       152
2026-08-22 08:12:20 - INFO - Confusion matrix - [[tn=60, fp=14], [fn=5, tp=73]]
2026-08-22 08:12:20 - INFO - probability_positive min=0.0000 mean=0.5546 std=0.4831 max=1.0000 predicted_0=65 predicted_1=87
2026-08-22 08:12:21 - INFO - Evaluation time | Split: test | Seconds: 0.80
2026-08-22 08:12:21 - INFO - [Classification Report - split=test - threshold=0.50]
2026-08-22 08:12:21 - INFO -                 precision    recall  f1-score   support
2026-08-22 08:12:21 - INFO - 
2026-08-22 08:12:21 - INFO -       safe (0)     0.8429    0.8310    0.8369        71
2026-08-22 08:12:21 - INFO - vulnerable (1)     0.8537    0.8642    0.8589        81
2026-08-22 08:12:21 - INFO - 
2026-08-22 08:12:21 - INFO -       accuracy                         0.8487       152
2026-08-22 08:12:21 - INFO -      macro avg     0.8483    0.8476    0.8479       152
2026-08-22 08:12:21 - INFO -   weighted avg     0.8486    0.8487    0.8486       152
2026-08-22 08:12:21 - INFO - Confusion matrix - [[tn=59, fp=12], [fn=11, tp=70]]
2026-08-22 08:12:21 - INFO - probability_positive min=0.0000 mean=0.5402 std=0.4796 max=1.0000 predicted_0=70 predicted_1=82
2026-08-22 08:12:21 - INFO - [Classification Report - split=test_valcal - threshold=0.08]
2026-08-22 08:12:21 - INFO -                 precision    recall  f1-score   support
2026-08-22 08:12:21 - INFO - 
2026-08-22 08:12:21 - INFO -       safe (0)     0.9032    0.7887    0.8421        71
2026-08-22 08:12:21 - INFO - vulnerable (1)     0.8333    0.9259    0.8772        81
2026-08-22 08:12:21 - INFO - 
2026-08-22 08:12:21 - INFO -       accuracy                         0.8618       152
2026-08-22 08:12:21 - INFO -      macro avg     0.8683    0.8573    0.8596       152
2026-08-22 08:12:21 - INFO -   weighted avg     0.8660    0.8618    0.8608       152
2026-08-22 08:12:21 - INFO - Confusion matrix - [[tn=56, fp=15], [fn=6, tp=75]]
2026-08-22 08:12:21 - INFO - probability_positive min=0.0000 mean=0.5402 std=0.4796 max=1.0000 predicted_0=62 predicted_1=90
2026-08-22 08:12:21 - INFO - [Classification Report - split=test_at_0.5_CWE-022 - threshold=0.50]
2026-08-22 08:12:21 - INFO -                 precision    recall  f1-score   support
2026-08-22 08:12:21 - INFO - 
2026-08-22 08:12:21 - INFO -       safe (0)     0.5556    0.5000    0.5263        10
2026-08-22 08:12:21 - INFO - vulnerable (1)     0.5000    0.5556    0.5263         9
2026-08-22 08:12:21 - INFO - 
2026-08-22 08:12:21 - INFO -       accuracy                         0.5263        19
2026-08-22 08:12:21 - INFO -      macro avg     0.5278    0.5278    0.5263        19
2026-08-22 08:12:21 - INFO -   weighted avg     0.5292    0.5263    0.5263        19
2026-08-22 08:12:21 - INFO - Confusion matrix - [[tn=5, fp=5], [fn=4, tp=5]]
2026-08-22 08:12:21 - INFO - probability_positive min=0.0003 mean=0.5183 std=0.4214 max=1.0000 predicted_0=9 predicted_1=10
2026-08-22 08:12:21 - INFO - [Classification Report - split=test_at_0.5_CWE-078 - threshold=0.50]
2026-08-22 08:12:21 - INFO -                 precision    recall  f1-score   support
2026-08-22 08:12:21 - INFO - 
2026-08-22 08:12:21 - INFO -       safe (0)     0.7647    0.8667    0.8125        15
2026-08-22 08:12:21 - INFO - vulnerable (1)     0.9091    0.8333    0.8696        24
2026-08-22 08:12:21 - INFO - 
2026-08-22 08:12:21 - INFO -       accuracy                         0.8462        39
2026-08-22 08:12:21 - INFO -      macro avg     0.8369    0.8500    0.8410        39
2026-08-22 08:12:21 - INFO -   weighted avg     0.8536    0.8462    0.8476        39
2026-08-22 08:12:21 - INFO - Confusion matrix - [[tn=13, fp=2], [fn=4, tp=20]]
2026-08-22 08:12:21 - INFO - probability_positive min=0.0000 mean=0.5893 std=0.4717 max=1.0000 predicted_0=17 predicted_1=22
2026-08-22 08:12:21 - INFO - [Classification Report - split=test_at_0.5_CWE-079 - threshold=0.50]
2026-08-22 08:12:21 - INFO -                 precision    recall  f1-score   support
2026-08-22 08:12:21 - INFO - 
2026-08-22 08:12:21 - INFO -       safe (0)     0.6000    0.4286    0.5000         7
2026-08-22 08:12:21 - INFO - vulnerable (1)     0.5556    0.7143    0.6250         7
2026-08-22 08:12:21 - INFO - 
2026-08-22 08:12:21 - INFO -       accuracy                         0.5714        14
2026-08-22 08:12:21 - INFO -      macro avg     0.5778    0.5714    0.5625        14
2026-08-22 08:12:21 - INFO -   weighted avg     0.5778    0.5714    0.5625        14
2026-08-22 08:12:21 - INFO - Confusion matrix - [[tn=3, fp=4], [fn=2, tp=5]]
2026-08-22 08:12:21 - INFO - probability_positive min=0.0000 mean=0.5916 std=0.4438 max=1.0000 predicted_0=5 predicted_1=9
2026-08-22 08:12:21 - INFO - [Classification Report - split=test_at_0.5_CWE-089 - threshold=0.50]
2026-08-22 08:12:21 - INFO -                 precision    recall  f1-score   support
2026-08-22 08:12:21 - INFO - 
2026-08-22 08:12:21 - INFO -       safe (0)     0.9744    0.9744    0.9744        39
2026-08-22 08:12:21 - INFO - vulnerable (1)     0.9756    0.9756    0.9756        41
2026-08-22 08:12:21 - INFO - 
2026-08-22 08:12:21 - INFO -       accuracy                         0.9750        80
2026-08-22 08:12:21 - INFO -      macro avg     0.9750    0.9750    0.9750        80
2026-08-22 08:12:21 - INFO -   weighted avg     0.9750    0.9750    0.9750        80
2026-08-22 08:12:21 - INFO - Confusion matrix - [[tn=38, fp=1], [fn=1, tp=40]]
2026-08-22 08:12:21 - INFO - probability_positive min=0.0000 mean=0.5124 std=0.4994 max=1.0000 predicted_0=39 predicted_1=41
2026-08-22 08:12:21 - INFO - [Classification Report - split=test_at_valcal_CWE-022 - threshold=0.08]
2026-08-22 08:12:21 - INFO -                 precision    recall  f1-score   support
2026-08-22 08:12:21 - INFO - 
2026-08-22 08:12:21 - INFO -       safe (0)     0.8000    0.4000    0.5333        10
2026-08-22 08:12:21 - INFO - vulnerable (1)     0.5714    0.8889    0.6957         9
2026-08-22 08:12:21 - INFO - 
2026-08-22 08:12:21 - INFO -       accuracy                         0.6316        19
2026-08-22 08:12:21 - INFO -      macro avg     0.6857    0.6444    0.6145        19
2026-08-22 08:12:21 - INFO -   weighted avg     0.6917    0.6316    0.6102        19
2026-08-22 08:12:21 - INFO - Confusion matrix - [[tn=4, fp=6], [fn=1, tp=8]]
2026-08-22 08:12:21 - INFO - probability_positive min=0.0003 mean=0.5183 std=0.4214 max=1.0000 predicted_0=5 predicted_1=14
2026-08-22 08:12:21 - INFO - [Classification Report - split=test_at_valcal_CWE-078 - threshold=0.08]
2026-08-22 08:12:21 - INFO -                 precision    recall  f1-score   support
2026-08-22 08:12:21 - INFO - 
2026-08-22 08:12:21 - INFO -       safe (0)     0.8462    0.7333    0.7857        15
2026-08-22 08:12:21 - INFO - vulnerable (1)     0.8462    0.9167    0.8800        24
2026-08-22 08:12:21 - INFO - 
2026-08-22 08:12:21 - INFO -       accuracy                         0.8462        39
2026-08-22 08:12:21 - INFO -      macro avg     0.8462    0.8250    0.8329        39
2026-08-22 08:12:21 - INFO -   weighted avg     0.8462    0.8462    0.8437        39
2026-08-22 08:12:21 - INFO - Confusion matrix - [[tn=11, fp=4], [fn=2, tp=22]]
2026-08-22 08:12:21 - INFO - probability_positive min=0.0000 mean=0.5893 std=0.4717 max=1.0000 predicted_0=13 predicted_1=26
2026-08-22 08:12:21 - INFO - [Classification Report - split=test_at_valcal_CWE-079 - threshold=0.08]
2026-08-22 08:12:21 - INFO -                 precision    recall  f1-score   support
2026-08-22 08:12:21 - INFO - 
2026-08-22 08:12:21 - INFO -       safe (0)     0.6000    0.4286    0.5000         7
2026-08-22 08:12:21 - INFO - vulnerable (1)     0.5556    0.7143    0.6250         7
2026-08-22 08:12:21 - INFO - 
2026-08-22 08:12:21 - INFO -       accuracy                         0.5714        14
2026-08-22 08:12:21 - INFO -      macro avg     0.5778    0.5714    0.5625        14
2026-08-22 08:12:21 - INFO -   weighted avg     0.5778    0.5714    0.5625        14
2026-08-22 08:12:21 - INFO - Confusion matrix - [[tn=3, fp=4], [fn=2, tp=5]]
2026-08-22 08:12:21 - INFO - probability_positive min=0.0000 mean=0.5916 std=0.4438 max=1.0000 predicted_0=5 predicted_1=9
2026-08-22 08:12:21 - INFO - [Classification Report - split=test_at_valcal_CWE-089 - threshold=0.08]
2026-08-22 08:12:21 - INFO -                 precision    recall  f1-score   support
2026-08-22 08:12:21 - INFO - 
2026-08-22 08:12:21 - INFO -       safe (0)     0.9744    0.9744    0.9744        39
2026-08-22 08:12:21 - INFO - vulnerable (1)     0.9756    0.9756    0.9756        41
2026-08-22 08:12:21 - INFO - 
2026-08-22 08:12:21 - INFO -       accuracy                         0.9750        80
2026-08-22 08:12:21 - INFO -      macro avg     0.9750    0.9750    0.9750        80
2026-08-22 08:12:21 - INFO -   weighted avg     0.9750    0.9750    0.9750        80
2026-08-22 08:12:21 - INFO - Confusion matrix - [[tn=38, fp=1], [fn=1, tp=40]]
2026-08-22 08:12:21 - INFO - probability_positive min=0.0000 mean=0.5124 std=0.4994 max=1.0000 predicted_0=39 predicted_1=41
2026-08-22 08:12:21 - INFO - Baseline inference result saved: results/fam1_unixcoder/baseline/seed_7/fold1.json
2026-08-22 08:12:21 - INFO - Run finished | Phase: baseline_infer | Fold: 1 | Seed: 7 | Elapsed: 4.36s
