2026-08-22 08:58:20 - INFO - Using device: cuda
2026-08-22 08:58:20 - INFO - Run started | Run: fam1_unixcoder | Method: baseline | Phase: baseline_train | Fold: 3 | Seed: 7 | Device: cuda
2026-08-22 08:58:21 - INFO - Loading Python validation data: data/sven_python_folds_norm/fold3/val.jsonl
2026-08-22 08:58:21 - INFO - Loading Python training data: data/sven_python_folds_norm/fold3/train.jsonl
2026-08-22 08:58:21 - INFO - Data split: python_train | Total: 456 | Labels: {0: 217, 1: 239} | CWEs: {'CWE-022': 40, 'CWE-078': 125, 'CWE-079': 49, 'CWE-089': 242} | Languages: {'python': 456} | Invalid CWE: 0
2026-08-22 08:58:21 - INFO - Data split: python_val | Total: 152 | Labels: {0: 83, 1: 69} | CWEs: {'CWE-022': 11, 'CWE-078': 41, 'CWE-079': 13, 'CWE-089': 87} | Languages: {'python': 152} | Invalid CWE: 0
2026-08-22 08:58:22 - INFO - Environment: {"components": {"backbone": {"frozen": 0, "total": 125929728, "trainable": 125929728}, "vul_head": {"frozen": 0, "total": 1538, "trainable": 1538}}, "cuda": "12.8", "fold": 3, "frozen_parameters": 0, "gpu": "NVIDIA GeForce RTX 5070 Ti", "hyperparameters": {"batch_size": 16, "checkpoint_path": "model/fam1_unixcoder/baseline/seed_7/fold3/best.pt", "data_root": "data/sven_python_folds_norm", "epochs": 30, "eval_batch_size": 16, "fold": 3, "learning_rate": 2e-05, "max_eval_samples": null, "max_grad_norm": 1.0, "max_length": 512, "max_train_samples": null, "method_name": "baseline", "min_epochs": 3, "model_name": "microsoft/unixcoder-base", "num_workers": 0, "patience": 5, "phase": "train", "pooling": "cls", "result_path": "results/fam1_unixcoder/baseline/seed_7/fold3.json", "run_name": "fam1_unixcoder", "seed": 7, "target_lang": "python", "test_path": null, "train_path": null, "truncation_strategy": "head_middle_tail", "val_path": null, "weight_decay": 0.01}, "mode": "baseline_train", "model_name": "microsoft/unixcoder-base", "seed": 7, "sklearn": "1.9.0", "torch": "2.11.0+cu128", "trainable_parameters": 125931266, "transformers": "4.57.1"}
2026-08-22 08:58:22 - INFO - Training started | Phase: baseline | Epochs: 30
2026-08-22 08:58:30 - INFO - Epoch 1/30 | Train loss: 0.778105 | Val loss: 0.764791 | LR: 2.00e-05 | Best epoch: 1 | Patience: 0 | Train: 7.36s | Validation: 0.80s | Epoch: 8.36s | Total: 8.36s
2026-08-22 08:58:30 - INFO - [Classification Report - split=train epoch=1 - threshold=0.50]
2026-08-22 08:58:30 - INFO -                 precision    recall  f1-score   support
2026-08-22 08:58:30 - INFO - 
2026-08-22 08:58:30 - INFO -       safe (0)     0.4439    0.4194    0.4313       217
2026-08-22 08:58:30 - INFO - vulnerable (1)     0.4980    0.5230    0.5102       239
2026-08-22 08:58:30 - INFO - 
2026-08-22 08:58:30 - INFO -       accuracy                         0.4737       456
2026-08-22 08:58:30 - INFO -      macro avg     0.4710    0.4712    0.4707       456
2026-08-22 08:58:30 - INFO -   weighted avg     0.4723    0.4737    0.4726       456
2026-08-22 08:58:30 - INFO - Confusion matrix - [[tn=91, fp=126], [fn=114, tp=125]]
2026-08-22 08:58:30 - INFO - probability_positive min=0.1242 mean=0.5304 std=0.1627 max=0.9277 predicted_0=205 predicted_1=251
2026-08-22 08:58:30 - INFO - [Classification Report - split=validation epoch=1 - threshold=0.50]
2026-08-22 08:58:30 - INFO -                 precision    recall  f1-score   support
2026-08-22 08:58:30 - INFO - 
2026-08-22 08:58:30 - INFO -       safe (0)     0.4167    0.0602    0.1053        83
2026-08-22 08:58:30 - INFO - vulnerable (1)     0.4429    0.8986    0.5933        69
2026-08-22 08:58:30 - INFO - 
2026-08-22 08:58:30 - INFO -       accuracy                         0.4408       152
2026-08-22 08:58:30 - INFO -      macro avg     0.4298    0.4794    0.3493       152
2026-08-22 08:58:30 - INFO -   weighted avg     0.4286    0.4408    0.3268       152
2026-08-22 08:58:30 - INFO - Confusion matrix - [[tn=5, fp=78], [fn=7, tp=62]]
2026-08-22 08:58:30 - INFO - probability_positive min=0.3970 mean=0.6153 std=0.0728 max=0.7935 predicted_0=12 predicted_1=140
2026-08-22 08:58:30 - INFO - New best model | Macro-F1: 0.349282 | Epoch: 1
2026-08-22 08:58:38 - INFO - Epoch 2/30 | Train loss: 0.676549 | Val loss: 0.736932 | LR: 2.00e-05 | Best epoch: 2 | Patience: 0 | Train: 7.15s | Validation: 0.80s | Epoch: 8.22s | Total: 16.58s
2026-08-22 08:58:38 - INFO - [Classification Report - split=train epoch=2 - threshold=0.50]
2026-08-22 08:58:38 - INFO -                 precision    recall  f1-score   support
2026-08-22 08:58:38 - INFO - 
2026-08-22 08:58:38 - INFO -       safe (0)     0.5500    0.4562    0.4987       217
2026-08-22 08:58:38 - INFO - vulnerable (1)     0.5725    0.6611    0.6136       239
2026-08-22 08:58:38 - INFO - 
2026-08-22 08:58:38 - INFO -       accuracy                         0.5636       456
2026-08-22 08:58:38 - INFO -      macro avg     0.5612    0.5587    0.5562       456
2026-08-22 08:58:38 - INFO -   weighted avg     0.5618    0.5636    0.5589       456
2026-08-22 08:58:38 - INFO - Confusion matrix - [[tn=99, fp=118], [fn=81, tp=158]]
2026-08-22 08:58:38 - INFO - probability_positive min=0.2196 mean=0.5317 std=0.1276 max=0.8228 predicted_0=180 predicted_1=276
2026-08-22 08:58:38 - INFO - [Classification Report - split=validation epoch=2 - threshold=0.50]
2026-08-22 08:58:38 - INFO -                 precision    recall  f1-score   support
2026-08-22 08:58:38 - INFO - 
2026-08-22 08:58:38 - INFO -       safe (0)     0.4545    0.1205    0.1905        83
2026-08-22 08:58:38 - INFO - vulnerable (1)     0.4385    0.8261    0.5729        69
2026-08-22 08:58:38 - INFO - 
2026-08-22 08:58:38 - INFO -       accuracy                         0.4408       152
2026-08-22 08:58:38 - INFO -      macro avg     0.4465    0.4733    0.3817       152
2026-08-22 08:58:38 - INFO -   weighted avg     0.4472    0.4408    0.3641       152
2026-08-22 08:58:38 - INFO - Confusion matrix - [[tn=10, fp=73], [fn=12, tp=57]]
2026-08-22 08:58:38 - INFO - probability_positive min=0.3582 mean=0.5937 std=0.0876 max=0.7779 predicted_0=22 predicted_1=130
2026-08-22 08:58:38 - INFO - New best model | Macro-F1: 0.381670 | Epoch: 2
2026-08-22 08:58:47 - INFO - Epoch 3/30 | Train loss: 0.591975 | Val loss: 0.537535 | LR: 2.00e-05 | Best epoch: 3 | Patience: 0 | Train: 7.15s | Validation: 0.80s | Epoch: 8.21s | Total: 24.80s
2026-08-22 08:58:47 - INFO - [Classification Report - split=train epoch=3 - threshold=0.50]
2026-08-22 08:58:47 - INFO -                 precision    recall  f1-score   support
2026-08-22 08:58:47 - INFO - 
2026-08-22 08:58:47 - INFO -       safe (0)     0.6600    0.6083    0.6331       217
2026-08-22 08:58:47 - INFO - vulnerable (1)     0.6680    0.7155    0.6909       239
2026-08-22 08:58:47 - INFO - 
2026-08-22 08:58:47 - INFO -       accuracy                         0.6645       456
2026-08-22 08:58:47 - INFO -      macro avg     0.6640    0.6619    0.6620       456
2026-08-22 08:58:47 - INFO -   weighted avg     0.6642    0.6645    0.6634       456
2026-08-22 08:58:47 - INFO - Confusion matrix - [[tn=132, fp=85], [fn=68, tp=171]]
2026-08-22 08:58:47 - INFO - probability_positive min=0.0531 mean=0.5290 std=0.1933 max=0.9807 predicted_0=200 predicted_1=256
2026-08-22 08:58:47 - INFO - [Classification Report - split=validation epoch=3 - threshold=0.50]
2026-08-22 08:58:47 - INFO -                 precision    recall  f1-score   support
2026-08-22 08:58:47 - INFO - 
2026-08-22 08:58:47 - INFO -       safe (0)     0.7128    0.8072    0.7571        83
2026-08-22 08:58:47 - INFO - vulnerable (1)     0.7241    0.6087    0.6614        69
2026-08-22 08:58:47 - INFO - 
2026-08-22 08:58:47 - INFO -       accuracy                         0.7171       152
2026-08-22 08:58:47 - INFO -      macro avg     0.7185    0.7080    0.7092       152
2026-08-22 08:58:47 - INFO -   weighted avg     0.7179    0.7171    0.7136       152
2026-08-22 08:58:47 - INFO - Confusion matrix - [[tn=67, fp=16], [fn=27, tp=42]]
2026-08-22 08:58:47 - INFO - probability_positive min=0.0837 mean=0.4778 std=0.2582 max=0.9672 predicted_0=94 predicted_1=58
2026-08-22 08:58:47 - INFO - New best model | Macro-F1: 0.709240 | Epoch: 3
2026-08-22 08:58:55 - INFO - Epoch 4/30 | Train loss: 0.373377 | Val loss: 0.432772 | LR: 2.00e-05 | Best epoch: 4 | Patience: 0 | Train: 7.15s | Validation: 0.80s | Epoch: 8.21s | Total: 33.03s
2026-08-22 08:58:55 - INFO - [Classification Report - split=train epoch=4 - threshold=0.50]
2026-08-22 08:58:55 - INFO -                 precision    recall  f1-score   support
2026-08-22 08:58:55 - INFO - 
2026-08-22 08:58:55 - INFO -       safe (0)     0.7872    0.8525    0.8186       217
2026-08-22 08:58:55 - INFO - vulnerable (1)     0.8552    0.7908    0.8217       239
2026-08-22 08:58:55 - INFO - 
2026-08-22 08:58:55 - INFO -       accuracy                         0.8202       456
2026-08-22 08:58:55 - INFO -      macro avg     0.8212    0.8217    0.8202       456
2026-08-22 08:58:55 - INFO -   weighted avg     0.8229    0.8202    0.8202       456
2026-08-22 08:58:55 - INFO - Confusion matrix - [[tn=185, fp=32], [fn=50, tp=189]]
2026-08-22 08:58:55 - INFO - probability_positive min=0.0001 mean=0.4960 std=0.3431 max=0.9999 predicted_0=235 predicted_1=221
2026-08-22 08:58:55 - INFO - [Classification Report - split=validation epoch=4 - threshold=0.50]
2026-08-22 08:58:55 - INFO -                 precision    recall  f1-score   support
2026-08-22 08:58:55 - INFO - 
2026-08-22 08:58:55 - INFO -       safe (0)     0.8313    0.8313    0.8313        83
2026-08-22 08:58:55 - INFO - vulnerable (1)     0.7971    0.7971    0.7971        69
2026-08-22 08:58:55 - INFO - 
2026-08-22 08:58:55 - INFO -       accuracy                         0.8158       152
2026-08-22 08:58:55 - INFO -      macro avg     0.8142    0.8142    0.8142       152
2026-08-22 08:58:55 - INFO -   weighted avg     0.8158    0.8158    0.8158       152
2026-08-22 08:58:55 - INFO - Confusion matrix - [[tn=69, fp=14], [fn=14, tp=55]]
2026-08-22 08:58:55 - INFO - probability_positive min=0.0001 mean=0.4741 std=0.4126 max=0.9999 predicted_0=83 predicted_1=69
2026-08-22 08:58:55 - INFO - New best model | Macro-F1: 0.814213 | Epoch: 4
2026-08-22 08:59:03 - INFO - Epoch 5/30 | Train loss: 0.246660 | Val loss: 0.442013 | LR: 2.00e-05 | Best epoch: 4 | Patience: 1 | Train: 7.15s | Validation: 0.80s | Epoch: 7.95s | Total: 40.99s
2026-08-22 08:59:03 - INFO - [Classification Report - split=train epoch=5 - threshold=0.50]
2026-08-22 08:59:03 - INFO -                 precision    recall  f1-score   support
2026-08-22 08:59:03 - INFO - 
2026-08-22 08:59:03 - INFO -       safe (0)     0.9005    0.8756    0.8879       217
2026-08-22 08:59:03 - INFO - vulnerable (1)     0.8898    0.9121    0.9008       239
2026-08-22 08:59:03 - INFO - 
2026-08-22 08:59:03 - INFO -       accuracy                         0.8947       456
2026-08-22 08:59:03 - INFO -      macro avg     0.8951    0.8939    0.8943       456
2026-08-22 08:59:03 - INFO -   weighted avg     0.8949    0.8947    0.8947       456
2026-08-22 08:59:03 - INFO - Confusion matrix - [[tn=190, fp=27], [fn=21, tp=218]]
2026-08-22 08:59:03 - INFO - probability_positive min=0.0000 mean=0.5242 std=0.4266 max=1.0000 predicted_0=211 predicted_1=245
2026-08-22 08:59:03 - INFO - [Classification Report - split=validation epoch=5 - threshold=0.50]
2026-08-22 08:59:03 - INFO -                 precision    recall  f1-score   support
2026-08-22 08:59:03 - INFO - 
2026-08-22 08:59:03 - INFO -       safe (0)     0.7976    0.8072    0.8024        83
2026-08-22 08:59:03 - INFO - vulnerable (1)     0.7647    0.7536    0.7591        69
2026-08-22 08:59:03 - INFO - 
2026-08-22 08:59:03 - INFO -       accuracy                         0.7829       152
2026-08-22 08:59:03 - INFO -      macro avg     0.7812    0.7804    0.7808       152
2026-08-22 08:59:03 - INFO -   weighted avg     0.7827    0.7829    0.7828       152
2026-08-22 08:59:03 - INFO - Confusion matrix - [[tn=67, fp=16], [fn=17, tp=52]]
2026-08-22 08:59:03 - INFO - probability_positive min=0.0000 mean=0.4590 std=0.4353 max=1.0000 predicted_0=84 predicted_1=68
2026-08-22 08:59:11 - INFO - Epoch 6/30 | Train loss: 0.227720 | Val loss: 0.632101 | LR: 2.00e-05 | Best epoch: 4 | Patience: 2 | Train: 7.16s | Validation: 0.80s | Epoch: 7.96s | Total: 48.95s
2026-08-22 08:59:11 - INFO - [Classification Report - split=train epoch=6 - threshold=0.50]
2026-08-22 08:59:11 - INFO -                 precision    recall  f1-score   support
2026-08-22 08:59:11 - INFO - 
2026-08-22 08:59:11 - INFO -       safe (0)     0.9057    0.8848    0.8951       217
2026-08-22 08:59:11 - INFO - vulnerable (1)     0.8975    0.9163    0.9068       239
2026-08-22 08:59:11 - INFO - 
2026-08-22 08:59:11 - INFO -       accuracy                         0.9013       456
2026-08-22 08:59:11 - INFO -      macro avg     0.9016    0.9006    0.9010       456
2026-08-22 08:59:11 - INFO -   weighted avg     0.9014    0.9013    0.9013       456
2026-08-22 08:59:11 - INFO - Confusion matrix - [[tn=192, fp=25], [fn=20, tp=219]]
2026-08-22 08:59:11 - INFO - probability_positive min=0.0000 mean=0.5213 std=0.4372 max=1.0000 predicted_0=212 predicted_1=244
2026-08-22 08:59:11 - INFO - [Classification Report - split=validation epoch=6 - threshold=0.50]
2026-08-22 08:59:11 - INFO -                 precision    recall  f1-score   support
2026-08-22 08:59:11 - INFO - 
2026-08-22 08:59:11 - INFO -       safe (0)     0.8714    0.7349    0.7974        83
2026-08-22 08:59:11 - INFO - vulnerable (1)     0.7317    0.8696    0.7947        69
2026-08-22 08:59:11 - INFO - 
2026-08-22 08:59:11 - INFO -       accuracy                         0.7961       152
2026-08-22 08:59:11 - INFO -      macro avg     0.8016    0.8023    0.7960       152
2026-08-22 08:59:11 - INFO -   weighted avg     0.8080    0.7961    0.7962       152
2026-08-22 08:59:11 - INFO - Confusion matrix - [[tn=61, fp=22], [fn=9, tp=60]]
2026-08-22 08:59:11 - INFO - probability_positive min=0.0001 mean=0.5470 std=0.4431 max=1.0000 predicted_0=70 predicted_1=82
2026-08-22 08:59:19 - INFO - Epoch 7/30 | Train loss: 0.173326 | Val loss: 0.732247 | LR: 2.00e-05 | Best epoch: 4 | Patience: 3 | Train: 7.16s | Validation: 0.80s | Epoch: 7.95s | Total: 56.91s
2026-08-22 08:59:19 - INFO - [Classification Report - split=train epoch=7 - threshold=0.50]
2026-08-22 08:59:19 - INFO -                 precision    recall  f1-score   support
2026-08-22 08:59:19 - INFO - 
2026-08-22 08:59:19 - INFO -       safe (0)     0.9381    0.9078    0.9227       217
2026-08-22 08:59:19 - INFO - vulnerable (1)     0.9187    0.9456    0.9320       239
2026-08-22 08:59:19 - INFO - 
2026-08-22 08:59:19 - INFO -       accuracy                         0.9276       456
2026-08-22 08:59:19 - INFO -      macro avg     0.9284    0.9267    0.9273       456
2026-08-22 08:59:19 - INFO -   weighted avg     0.9279    0.9276    0.9276       456
2026-08-22 08:59:19 - INFO - Confusion matrix - [[tn=197, fp=20], [fn=13, tp=226]]
2026-08-22 08:59:19 - INFO - probability_positive min=0.0000 mean=0.5293 std=0.4464 max=1.0000 predicted_0=210 predicted_1=246
2026-08-22 08:59:19 - INFO - [Classification Report - split=validation epoch=7 - threshold=0.50]
2026-08-22 08:59:19 - INFO -                 precision    recall  f1-score   support
2026-08-22 08:59:19 - INFO - 
2026-08-22 08:59:19 - INFO -       safe (0)     0.8611    0.7470    0.8000        83
2026-08-22 08:59:19 - INFO - vulnerable (1)     0.7375    0.8551    0.7919        69
2026-08-22 08:59:19 - INFO - 
2026-08-22 08:59:19 - INFO -       accuracy                         0.7961       152
2026-08-22 08:59:19 - INFO -      macro avg     0.7993    0.8010    0.7960       152
2026-08-22 08:59:19 - INFO -   weighted avg     0.8050    0.7961    0.7963       152
2026-08-22 08:59:19 - INFO - Confusion matrix - [[tn=62, fp=21], [fn=10, tp=59]]
2026-08-22 08:59:19 - INFO - probability_positive min=0.0000 mean=0.5263 std=0.4622 max=1.0000 predicted_0=72 predicted_1=80
2026-08-22 08:59:27 - INFO - Epoch 8/30 | Train loss: 0.125365 | Val loss: 0.848471 | LR: 2.00e-05 | Best epoch: 4 | Patience: 4 | Train: 7.15s | Validation: 0.80s | Epoch: 7.94s | Total: 64.86s
2026-08-22 08:59:27 - INFO - [Classification Report - split=train epoch=8 - threshold=0.50]
2026-08-22 08:59:27 - INFO -                 precision    recall  f1-score   support
2026-08-22 08:59:27 - INFO - 
2026-08-22 08:59:27 - INFO -       safe (0)     0.9439    0.9309    0.9374       217
2026-08-22 08:59:27 - INFO - vulnerable (1)     0.9380    0.9498    0.9439       239
2026-08-22 08:59:27 - INFO - 
2026-08-22 08:59:27 - INFO -       accuracy                         0.9408       456
2026-08-22 08:59:27 - INFO -      macro avg     0.9410    0.9403    0.9406       456
2026-08-22 08:59:27 - INFO -   weighted avg     0.9408    0.9408    0.9408       456
2026-08-22 08:59:27 - INFO - Confusion matrix - [[tn=202, fp=15], [fn=12, tp=227]]
2026-08-22 08:59:27 - INFO - probability_positive min=0.0000 mean=0.5266 std=0.4663 max=1.0000 predicted_0=214 predicted_1=242
2026-08-22 08:59:27 - INFO - [Classification Report - split=validation epoch=8 - threshold=0.50]
2026-08-22 08:59:27 - INFO -                 precision    recall  f1-score   support
2026-08-22 08:59:27 - INFO - 
2026-08-22 08:59:27 - INFO -       safe (0)     0.8333    0.7831    0.8075        83
2026-08-22 08:59:27 - INFO - vulnerable (1)     0.7568    0.8116    0.7832        69
2026-08-22 08:59:27 - INFO - 
2026-08-22 08:59:27 - INFO -       accuracy                         0.7961       152
2026-08-22 08:59:27 - INFO -      macro avg     0.7950    0.7974    0.7953       152
2026-08-22 08:59:27 - INFO -   weighted avg     0.7986    0.7961    0.7965       152
2026-08-22 08:59:27 - INFO - Confusion matrix - [[tn=65, fp=18], [fn=13, tp=56]]
2026-08-22 08:59:27 - INFO - probability_positive min=0.0000 mean=0.4982 std=0.4708 max=1.0000 predicted_0=78 predicted_1=74
2026-08-22 08:59:35 - INFO - Epoch 9/30 | Train loss: 0.104373 | Val loss: 1.183873 | LR: 2.00e-05 | Best epoch: 9 | Patience: 0 | Train: 7.15s | Validation: 0.80s | Epoch: 8.22s | Total: 73.09s
2026-08-22 08:59:35 - INFO - [Classification Report - split=train epoch=9 - threshold=0.50]
2026-08-22 08:59:35 - INFO -                 precision    recall  f1-score   support
2026-08-22 08:59:35 - INFO - 
2026-08-22 08:59:35 - INFO -       safe (0)     0.9676    0.9631    0.9654       217
2026-08-22 08:59:35 - INFO - vulnerable (1)     0.9667    0.9707    0.9687       239
2026-08-22 08:59:35 - INFO - 
2026-08-22 08:59:35 - INFO -       accuracy                         0.9671       456
2026-08-22 08:59:35 - INFO -      macro avg     0.9671    0.9669    0.9670       456
2026-08-22 08:59:35 - INFO -   weighted avg     0.9671    0.9671    0.9671       456
2026-08-22 08:59:35 - INFO - Confusion matrix - [[tn=209, fp=8], [fn=7, tp=232]]
2026-08-22 08:59:35 - INFO - probability_positive min=0.0000 mean=0.5243 std=0.4822 max=1.0000 predicted_0=216 predicted_1=240
2026-08-22 08:59:35 - INFO - [Classification Report - split=validation epoch=9 - threshold=0.50]
2026-08-22 08:59:35 - INFO -                 precision    recall  f1-score   support
2026-08-22 08:59:35 - INFO - 
2026-08-22 08:59:35 - INFO -       safe (0)     0.8767    0.7711    0.8205        83
2026-08-22 08:59:35 - INFO - vulnerable (1)     0.7595    0.8696    0.8108        69
2026-08-22 08:59:35 - INFO - 
2026-08-22 08:59:35 - INFO -       accuracy                         0.8158       152
2026-08-22 08:59:35 - INFO -      macro avg     0.8181    0.8203    0.8157       152
2026-08-22 08:59:35 - INFO -   weighted avg     0.8235    0.8158    0.8161       152
2026-08-22 08:59:35 - INFO - Confusion matrix - [[tn=64, fp=19], [fn=9, tp=60]]
2026-08-22 08:59:35 - INFO - probability_positive min=0.0000 mean=0.5229 std=0.4838 max=1.0000 predicted_0=73 predicted_1=79
2026-08-22 08:59:35 - INFO - New best model | Macro-F1: 0.815662 | Epoch: 9
2026-08-22 08:59:43 - INFO - Epoch 10/30 | Train loss: 0.178331 | Val loss: 0.960334 | LR: 2.00e-05 | Best epoch: 10 | Patience: 0 | Train: 7.15s | Validation: 0.80s | Epoch: 8.21s | Total: 81.31s
2026-08-22 08:59:43 - INFO - [Classification Report - split=train epoch=10 - threshold=0.50]
2026-08-22 08:59:43 - INFO -                 precision    recall  f1-score   support
2026-08-22 08:59:43 - INFO - 
2026-08-22 08:59:43 - INFO -       safe (0)     0.9577    0.9401    0.9488       217
2026-08-22 08:59:43 - INFO - vulnerable (1)     0.9465    0.9623    0.9544       239
2026-08-22 08:59:43 - INFO - 
2026-08-22 08:59:43 - INFO -       accuracy                         0.9518       456
2026-08-22 08:59:43 - INFO -      macro avg     0.9521    0.9512    0.9516       456
2026-08-22 08:59:43 - INFO -   weighted avg     0.9519    0.9518    0.9517       456
2026-08-22 08:59:43 - INFO - Confusion matrix - [[tn=204, fp=13], [fn=9, tp=230]]
2026-08-22 08:59:43 - INFO - probability_positive min=0.0000 mean=0.5279 std=0.4834 max=1.0000 predicted_0=213 predicted_1=243
2026-08-22 08:59:43 - INFO - [Classification Report - split=validation epoch=10 - threshold=0.50]
2026-08-22 08:59:43 - INFO -                 precision    recall  f1-score   support
2026-08-22 08:59:43 - INFO - 
2026-08-22 08:59:43 - INFO -       safe (0)     0.9254    0.7470    0.8267        83
2026-08-22 08:59:43 - INFO - vulnerable (1)     0.7529    0.9275    0.8312        69
2026-08-22 08:59:43 - INFO - 
2026-08-22 08:59:43 - INFO -       accuracy                         0.8289       152
2026-08-22 08:59:43 - INFO -      macro avg     0.8392    0.8373    0.8289       152
2026-08-22 08:59:43 - INFO -   weighted avg     0.8471    0.8289    0.8287       152
2026-08-22 08:59:43 - INFO - Confusion matrix - [[tn=62, fp=21], [fn=5, tp=64]]
2026-08-22 08:59:43 - INFO - probability_positive min=0.0000 mean=0.5494 std=0.4791 max=1.0000 predicted_0=67 predicted_1=85
2026-08-22 08:59:43 - INFO - New best model | Macro-F1: 0.828918 | Epoch: 10
2026-08-22 08:59:51 - INFO - Epoch 11/30 | Train loss: 0.066427 | Val loss: 1.057024 | LR: 2.00e-05 | Best epoch: 11 | Patience: 0 | Train: 7.15s | Validation: 0.80s | Epoch: 8.21s | Total: 89.53s
2026-08-22 08:59:51 - INFO - [Classification Report - split=train epoch=11 - threshold=0.50]
2026-08-22 08:59:51 - INFO -                 precision    recall  f1-score   support
2026-08-22 08:59:51 - INFO - 
2026-08-22 08:59:51 - INFO -       safe (0)     0.9679    0.9724    0.9701       217
2026-08-22 08:59:51 - INFO - vulnerable (1)     0.9748    0.9707    0.9727       239
2026-08-22 08:59:51 - INFO - 
2026-08-22 08:59:51 - INFO -       accuracy                         0.9715       456
2026-08-22 08:59:51 - INFO -      macro avg     0.9713    0.9715    0.9714       456
2026-08-22 08:59:51 - INFO -   weighted avg     0.9715    0.9715    0.9715       456
2026-08-22 08:59:51 - INFO - Confusion matrix - [[tn=211, fp=6], [fn=7, tp=232]]
2026-08-22 08:59:51 - INFO - probability_positive min=0.0000 mean=0.5255 std=0.4811 max=1.0000 predicted_0=218 predicted_1=238
2026-08-22 08:59:51 - INFO - [Classification Report - split=validation epoch=11 - threshold=0.50]
2026-08-22 08:59:51 - INFO -                 precision    recall  f1-score   support
2026-08-22 08:59:51 - INFO - 
2026-08-22 08:59:51 - INFO -       safe (0)     0.8861    0.8434    0.8642        83
2026-08-22 08:59:51 - INFO - vulnerable (1)     0.8219    0.8696    0.8451        69
2026-08-22 08:59:51 - INFO - 
2026-08-22 08:59:51 - INFO -       accuracy                         0.8553       152
2026-08-22 08:59:51 - INFO -      macro avg     0.8540    0.8565    0.8546       152
2026-08-22 08:59:51 - INFO -   weighted avg     0.8570    0.8553    0.8555       152
2026-08-22 08:59:51 - INFO - Confusion matrix - [[tn=70, fp=13], [fn=9, tp=60]]
2026-08-22 08:59:51 - INFO - probability_positive min=0.0000 mean=0.4872 std=0.4873 max=1.0000 predicted_0=79 predicted_1=73
2026-08-22 08:59:51 - INFO - New best model | Macro-F1: 0.854634 | Epoch: 11
2026-08-22 09:00:00 - INFO - Epoch 12/30 | Train loss: 0.049813 | Val loss: 1.192152 | LR: 2.00e-05 | Best epoch: 12 | Patience: 0 | Train: 7.15s | Validation: 0.80s | Epoch: 8.21s | Total: 97.76s
2026-08-22 09:00:00 - INFO - [Classification Report - split=train epoch=12 - threshold=0.50]
2026-08-22 09:00:00 - INFO -                 precision    recall  f1-score   support
2026-08-22 09:00:00 - INFO - 
2026-08-22 09:00:00 - INFO -       safe (0)     0.9812    0.9631    0.9721       217
2026-08-22 09:00:00 - INFO - vulnerable (1)     0.9671    0.9833    0.9751       239
2026-08-22 09:00:00 - INFO - 
2026-08-22 09:00:00 - INFO -       accuracy                         0.9737       456
2026-08-22 09:00:00 - INFO -      macro avg     0.9741    0.9732    0.9736       456
2026-08-22 09:00:00 - INFO -   weighted avg     0.9738    0.9737    0.9737       456
2026-08-22 09:00:00 - INFO - Confusion matrix - [[tn=209, fp=8], [fn=4, tp=235]]
2026-08-22 09:00:00 - INFO - probability_positive min=0.0000 mean=0.5296 std=0.4906 max=1.0000 predicted_0=213 predicted_1=243
2026-08-22 09:00:00 - INFO - [Classification Report - split=validation epoch=12 - threshold=0.50]
2026-08-22 09:00:00 - INFO -                 precision    recall  f1-score   support
2026-08-22 09:00:00 - INFO - 
2026-08-22 09:00:00 - INFO -       safe (0)     0.8875    0.8554    0.8712        83
2026-08-22 09:00:00 - INFO - vulnerable (1)     0.8333    0.8696    0.8511        69
2026-08-22 09:00:00 - INFO - 
2026-08-22 09:00:00 - INFO -       accuracy                         0.8618       152
2026-08-22 09:00:00 - INFO -      macro avg     0.8604    0.8625    0.8611       152
2026-08-22 09:00:00 - INFO -   weighted avg     0.8629    0.8618    0.8620       152
2026-08-22 09:00:00 - INFO - Confusion matrix - [[tn=71, fp=12], [fn=9, tp=60]]
2026-08-22 09:00:00 - INFO - probability_positive min=0.0000 mean=0.4863 std=0.4879 max=1.0000 predicted_0=80 predicted_1=72
2026-08-22 09:00:00 - INFO - New best model | Macro-F1: 0.861115 | Epoch: 12
2026-08-22 09:00:08 - INFO - Epoch 13/30 | Train loss: 0.073379 | Val loss: 1.164082 | LR: 2.00e-05 | Best epoch: 13 | Patience: 0 | Train: 7.16s | Validation: 0.80s | Epoch: 8.47s | Total: 106.24s
2026-08-22 09:00:08 - INFO - [Classification Report - split=train epoch=13 - threshold=0.50]
2026-08-22 09:00:08 - INFO -                 precision    recall  f1-score   support
2026-08-22 09:00:08 - INFO - 
2026-08-22 09:00:08 - INFO -       safe (0)     0.9906    0.9724    0.9814       217
2026-08-22 09:00:08 - INFO - vulnerable (1)     0.9753    0.9916    0.9834       239
2026-08-22 09:00:08 - INFO - 
2026-08-22 09:00:08 - INFO -       accuracy                         0.9825       456
2026-08-22 09:00:08 - INFO -      macro avg     0.9830    0.9820    0.9824       456
2026-08-22 09:00:08 - INFO -   weighted avg     0.9826    0.9825    0.9824       456
2026-08-22 09:00:08 - INFO - Confusion matrix - [[tn=211, fp=6], [fn=2, tp=237]]
2026-08-22 09:00:08 - INFO - probability_positive min=0.0000 mean=0.5326 std=0.4951 max=1.0000 predicted_0=213 predicted_1=243
2026-08-22 09:00:08 - INFO - [Classification Report - split=validation epoch=13 - threshold=0.50]
2026-08-22 09:00:08 - INFO -                 precision    recall  f1-score   support
2026-08-22 09:00:08 - INFO - 
2026-08-22 09:00:08 - INFO -       safe (0)     0.8974    0.8434    0.8696        83
2026-08-22 09:00:08 - INFO - vulnerable (1)     0.8243    0.8841    0.8531        69
2026-08-22 09:00:08 - INFO - 
2026-08-22 09:00:08 - INFO -       accuracy                         0.8618       152
2026-08-22 09:00:08 - INFO -      macro avg     0.8609    0.8637    0.8614       152
2026-08-22 09:00:08 - INFO -   weighted avg     0.8642    0.8618    0.8621       152
2026-08-22 09:00:08 - INFO - Confusion matrix - [[tn=70, fp=13], [fn=8, tp=61]]
2026-08-22 09:00:08 - INFO - probability_positive min=0.0000 mean=0.4955 std=0.4846 max=1.0000 predicted_0=78 predicted_1=74
2026-08-22 09:00:08 - INFO - New best model | Macro-F1: 0.861356 | Epoch: 13
2026-08-22 09:00:16 - INFO - Epoch 14/30 | Train loss: 0.036317 | Val loss: 1.454485 | LR: 2.00e-05 | Best epoch: 13 | Patience: 1 | Train: 7.15s | Validation: 0.80s | Epoch: 7.95s | Total: 114.21s
2026-08-22 09:00:16 - INFO - [Classification Report - split=train epoch=14 - threshold=0.50]
2026-08-22 09:00:16 - INFO -                 precision    recall  f1-score   support
2026-08-22 09:00:16 - INFO - 
2026-08-22 09:00:16 - INFO -       safe (0)     0.9907    0.9816    0.9861       217
2026-08-22 09:00:16 - INFO - vulnerable (1)     0.9834    0.9916    0.9875       239
2026-08-22 09:00:16 - INFO - 
2026-08-22 09:00:16 - INFO -       accuracy                         0.9868       456
2026-08-22 09:00:16 - INFO -      macro avg     0.9871    0.9866    0.9868       456
2026-08-22 09:00:16 - INFO -   weighted avg     0.9869    0.9868    0.9868       456
2026-08-22 09:00:16 - INFO - Confusion matrix - [[tn=213, fp=4], [fn=2, tp=237]]
2026-08-22 09:00:16 - INFO - probability_positive min=0.0000 mean=0.5261 std=0.4950 max=1.0000 predicted_0=215 predicted_1=241
2026-08-22 09:00:16 - INFO - [Classification Report - split=validation epoch=14 - threshold=0.50]
2026-08-22 09:00:16 - INFO -                 precision    recall  f1-score   support
2026-08-22 09:00:16 - INFO - 
2026-08-22 09:00:16 - INFO -       safe (0)     0.9167    0.7952    0.8516        83
2026-08-22 09:00:16 - INFO - vulnerable (1)     0.7875    0.9130    0.8456        69
2026-08-22 09:00:16 - INFO - 
2026-08-22 09:00:16 - INFO -       accuracy                         0.8487       152
2026-08-22 09:00:16 - INFO -      macro avg     0.8521    0.8541    0.8486       152
2026-08-22 09:00:16 - INFO -   weighted avg     0.8580    0.8487    0.8489       152
2026-08-22 09:00:16 - INFO - Confusion matrix - [[tn=66, fp=17], [fn=6, tp=63]]
2026-08-22 09:00:16 - INFO - probability_positive min=0.0000 mean=0.5288 std=0.4940 max=1.0000 predicted_0=72 predicted_1=80
2026-08-22 09:00:24 - INFO - Epoch 15/30 | Train loss: 0.035839 | Val loss: 1.218747 | LR: 2.00e-05 | Best epoch: 15 | Patience: 0 | Train: 7.15s | Validation: 0.80s | Epoch: 8.22s | Total: 122.43s
2026-08-22 09:00:24 - INFO - [Classification Report - split=train epoch=15 - threshold=0.50]
2026-08-22 09:00:24 - INFO -                 precision    recall  f1-score   support
2026-08-22 09:00:24 - INFO - 
2026-08-22 09:00:24 - INFO -       safe (0)     0.9907    0.9862    0.9885       217
2026-08-22 09:00:24 - INFO - vulnerable (1)     0.9875    0.9916    0.9896       239
2026-08-22 09:00:24 - INFO - 
2026-08-22 09:00:24 - INFO -       accuracy                         0.9890       456
2026-08-22 09:00:24 - INFO -      macro avg     0.9891    0.9889    0.9890       456
2026-08-22 09:00:24 - INFO -   weighted avg     0.9890    0.9890    0.9890       456
2026-08-22 09:00:24 - INFO - Confusion matrix - [[tn=214, fp=3], [fn=2, tp=237]]
2026-08-22 09:00:24 - INFO - probability_positive min=0.0000 mean=0.5240 std=0.4959 max=1.0000 predicted_0=216 predicted_1=240
2026-08-22 09:00:24 - INFO - [Classification Report - split=validation epoch=15 - threshold=0.50]
2026-08-22 09:00:24 - INFO -                 precision    recall  f1-score   support
2026-08-22 09:00:24 - INFO - 
2026-08-22 09:00:24 - INFO -       safe (0)     0.9091    0.8434    0.8750        83
2026-08-22 09:00:24 - INFO - vulnerable (1)     0.8267    0.8986    0.8611        69
2026-08-22 09:00:24 - INFO - 
2026-08-22 09:00:24 - INFO -       accuracy                         0.8684       152
2026-08-22 09:00:24 - INFO -      macro avg     0.8679    0.8710    0.8681       152
2026-08-22 09:00:24 - INFO -   weighted avg     0.8717    0.8684    0.8687       152
2026-08-22 09:00:24 - INFO - Confusion matrix - [[tn=70, fp=13], [fn=7, tp=62]]
2026-08-22 09:00:24 - INFO - probability_positive min=0.0000 mean=0.4904 std=0.4907 max=1.0000 predicted_0=77 predicted_1=75
2026-08-22 09:00:24 - INFO - New best model | Macro-F1: 0.868056 | Epoch: 15
2026-08-22 09:00:32 - INFO - Epoch 16/30 | Train loss: 0.028558 | Val loss: 1.496945 | LR: 2.00e-05 | Best epoch: 15 | Patience: 1 | Train: 7.15s | Validation: 0.80s | Epoch: 7.95s | Total: 130.40s
2026-08-22 09:00:32 - INFO - [Classification Report - split=train epoch=16 - threshold=0.50]
2026-08-22 09:00:32 - INFO -                 precision    recall  f1-score   support
2026-08-22 09:00:32 - INFO - 
2026-08-22 09:00:32 - INFO -       safe (0)     0.9862    0.9908    0.9885       217
2026-08-22 09:00:32 - INFO - vulnerable (1)     0.9916    0.9874    0.9895       239
2026-08-22 09:00:32 - INFO - 
2026-08-22 09:00:32 - INFO -       accuracy                         0.9890       456
2026-08-22 09:00:32 - INFO -      macro avg     0.9889    0.9891    0.9890       456
2026-08-22 09:00:32 - INFO -   weighted avg     0.9890    0.9890    0.9890       456
2026-08-22 09:00:32 - INFO - Confusion matrix - [[tn=215, fp=2], [fn=3, tp=236]]
2026-08-22 09:00:32 - INFO - probability_positive min=0.0000 mean=0.5229 std=0.4953 max=1.0000 predicted_0=218 predicted_1=238
2026-08-22 09:00:32 - INFO - [Classification Report - split=validation epoch=16 - threshold=0.50]
2026-08-22 09:00:32 - INFO -                 precision    recall  f1-score   support
2026-08-22 09:00:32 - INFO - 
2026-08-22 09:00:32 - INFO -       safe (0)     0.9296    0.7952    0.8571        83
2026-08-22 09:00:32 - INFO - vulnerable (1)     0.7901    0.9275    0.8533        69
2026-08-22 09:00:32 - INFO - 
2026-08-22 09:00:32 - INFO -       accuracy                         0.8553       152
2026-08-22 09:00:32 - INFO -      macro avg     0.8599    0.8614    0.8552       152
2026-08-22 09:00:32 - INFO -   weighted avg     0.8663    0.8553    0.8554       152
2026-08-22 09:00:32 - INFO - Confusion matrix - [[tn=66, fp=17], [fn=5, tp=64]]
2026-08-22 09:00:32 - INFO - probability_positive min=0.0000 mean=0.5272 std=0.4920 max=1.0000 predicted_0=71 predicted_1=81
2026-08-22 09:00:40 - INFO - Epoch 17/30 | Train loss: 0.021200 | Val loss: 1.208867 | LR: 2.00e-05 | Best epoch: 15 | Patience: 2 | Train: 7.15s | Validation: 0.80s | Epoch: 7.95s | Total: 138.35s
2026-08-22 09:00:40 - INFO - [Classification Report - split=train epoch=17 - threshold=0.50]
2026-08-22 09:00:40 - INFO -                 precision    recall  f1-score   support
2026-08-22 09:00:40 - INFO - 
2026-08-22 09:00:40 - INFO -       safe (0)     0.9953    0.9862    0.9907       217
2026-08-22 09:00:40 - INFO - vulnerable (1)     0.9876    0.9958    0.9917       239
2026-08-22 09:00:40 - INFO - 
2026-08-22 09:00:40 - INFO -       accuracy                         0.9912       456
2026-08-22 09:00:40 - INFO -      macro avg     0.9915    0.9910    0.9912       456
2026-08-22 09:00:40 - INFO -   weighted avg     0.9913    0.9912    0.9912       456
2026-08-22 09:00:40 - INFO - Confusion matrix - [[tn=214, fp=3], [fn=1, tp=238]]
2026-08-22 09:00:40 - INFO - probability_positive min=0.0000 mean=0.5282 std=0.4972 max=1.0000 predicted_0=215 predicted_1=241
2026-08-22 09:00:40 - INFO - [Classification Report - split=validation epoch=17 - threshold=0.50]
2026-08-22 09:00:40 - INFO -                 precision    recall  f1-score   support
2026-08-22 09:00:40 - INFO - 
2026-08-22 09:00:40 - INFO -       safe (0)     0.8947    0.8193    0.8553        83
2026-08-22 09:00:40 - INFO - vulnerable (1)     0.8026    0.8841    0.8414        69
2026-08-22 09:00:40 - INFO - 
2026-08-22 09:00:40 - INFO -       accuracy                         0.8487       152
2026-08-22 09:00:40 - INFO -      macro avg     0.8487    0.8517    0.8484       152
2026-08-22 09:00:40 - INFO -   weighted avg     0.8529    0.8487    0.8490       152
2026-08-22 09:00:40 - INFO - Confusion matrix - [[tn=68, fp=15], [fn=8, tp=61]]
2026-08-22 09:00:40 - INFO - probability_positive min=0.0000 mean=0.4913 std=0.4909 max=1.0000 predicted_0=76 predicted_1=76
2026-08-22 09:00:48 - INFO - Epoch 18/30 | Train loss: 0.010462 | Val loss: 1.407764 | LR: 2.00e-05 | Best epoch: 15 | Patience: 3 | Train: 7.15s | Validation: 0.80s | Epoch: 7.95s | Total: 146.31s
2026-08-22 09:00:48 - INFO - [Classification Report - split=train epoch=18 - threshold=0.50]
2026-08-22 09:00:48 - INFO -                 precision    recall  f1-score   support
2026-08-22 09:00:48 - INFO - 
2026-08-22 09:00:48 - INFO -       safe (0)     0.9954    0.9954    0.9954       217
2026-08-22 09:00:48 - INFO - vulnerable (1)     0.9958    0.9958    0.9958       239
2026-08-22 09:00:48 - INFO - 
2026-08-22 09:00:48 - INFO -       accuracy                         0.9956       456
2026-08-22 09:00:48 - INFO -      macro avg     0.9956    0.9956    0.9956       456
2026-08-22 09:00:48 - INFO -   weighted avg     0.9956    0.9956    0.9956       456
2026-08-22 09:00:48 - INFO - Confusion matrix - [[tn=216, fp=1], [fn=1, tp=238]]
2026-08-22 09:00:48 - INFO - probability_positive min=0.0000 mean=0.5231 std=0.4975 max=1.0000 predicted_0=217 predicted_1=239
2026-08-22 09:00:48 - INFO - [Classification Report - split=validation epoch=18 - threshold=0.50]
2026-08-22 09:00:48 - INFO -                 precision    recall  f1-score   support
2026-08-22 09:00:48 - INFO - 
2026-08-22 09:00:48 - INFO -       safe (0)     0.9054    0.8072    0.8535        83
2026-08-22 09:00:48 - INFO - vulnerable (1)     0.7949    0.8986    0.8435        69
2026-08-22 09:00:48 - INFO - 
2026-08-22 09:00:48 - INFO -       accuracy                         0.8487       152
2026-08-22 09:00:48 - INFO -      macro avg     0.8501    0.8529    0.8485       152
2026-08-22 09:00:48 - INFO -   weighted avg     0.8552    0.8487    0.8490       152
2026-08-22 09:00:48 - INFO - Confusion matrix - [[tn=67, fp=16], [fn=7, tp=62]]
2026-08-22 09:00:48 - INFO - probability_positive min=0.0000 mean=0.5156 std=0.4904 max=1.0000 predicted_0=74 predicted_1=78
2026-08-22 09:00:56 - INFO - Epoch 19/30 | Train loss: 0.011448 | Val loss: 1.340131 | LR: 2.00e-05 | Best epoch: 15 | Patience: 4 | Train: 7.15s | Validation: 0.80s | Epoch: 7.95s | Total: 154.26s
2026-08-22 09:00:56 - INFO - [Classification Report - split=train epoch=19 - threshold=0.50]
2026-08-22 09:00:56 - INFO -                 precision    recall  f1-score   support
2026-08-22 09:00:56 - INFO - 
2026-08-22 09:00:56 - INFO -       safe (0)     0.9954    0.9954    0.9954       217
2026-08-22 09:00:56 - INFO - vulnerable (1)     0.9958    0.9958    0.9958       239
2026-08-22 09:00:56 - INFO - 
2026-08-22 09:00:56 - INFO -       accuracy                         0.9956       456
2026-08-22 09:00:56 - INFO -      macro avg     0.9956    0.9956    0.9956       456
2026-08-22 09:00:56 - INFO -   weighted avg     0.9956    0.9956    0.9956       456
2026-08-22 09:00:56 - INFO - Confusion matrix - [[tn=216, fp=1], [fn=1, tp=238]]
2026-08-22 09:00:56 - INFO - probability_positive min=0.0000 mean=0.5247 std=0.4982 max=1.0000 predicted_0=217 predicted_1=239
2026-08-22 09:00:56 - INFO - [Classification Report - split=validation epoch=19 - threshold=0.50]
2026-08-22 09:00:56 - INFO -                 precision    recall  f1-score   support
2026-08-22 09:00:56 - INFO - 
2026-08-22 09:00:56 - INFO -       safe (0)     0.8765    0.8554    0.8659        83
2026-08-22 09:00:56 - INFO - vulnerable (1)     0.8310    0.8551    0.8429        69
2026-08-22 09:00:56 - INFO - 
2026-08-22 09:00:56 - INFO -       accuracy                         0.8553       152
2026-08-22 09:00:56 - INFO -      macro avg     0.8538    0.8552    0.8544       152
2026-08-22 09:00:56 - INFO -   weighted avg     0.8559    0.8553    0.8554       152
2026-08-22 09:00:56 - INFO - Confusion matrix - [[tn=71, fp=12], [fn=10, tp=59]]
2026-08-22 09:00:56 - INFO - probability_positive min=0.0000 mean=0.4699 std=0.4911 max=1.0000 predicted_0=81 predicted_1=71
2026-08-22 09:01:04 - INFO - Epoch 20/30 | Train loss: 0.004041 | Val loss: 1.461072 | LR: 2.00e-05 | Best epoch: 15 | Patience: 5 | Train: 7.15s | Validation: 0.80s | Epoch: 7.95s | Total: 162.21s
2026-08-22 09:01:04 - INFO - [Classification Report - split=train epoch=20 - threshold=0.50]
2026-08-22 09:01:04 - INFO -                 precision    recall  f1-score   support
2026-08-22 09:01:04 - INFO - 
2026-08-22 09:01:04 - INFO -       safe (0)     0.9954    1.0000    0.9977       217
2026-08-22 09:01:04 - INFO - vulnerable (1)     1.0000    0.9958    0.9979       239
2026-08-22 09:01:04 - INFO - 
2026-08-22 09:01:04 - INFO -       accuracy                         0.9978       456
2026-08-22 09:01:04 - INFO -      macro avg     0.9977    0.9979    0.9978       456
2026-08-22 09:01:04 - INFO -   weighted avg     0.9978    0.9978    0.9978       456
2026-08-22 09:01:04 - INFO - Confusion matrix - [[tn=217, fp=0], [fn=1, tp=238]]
2026-08-22 09:01:04 - INFO - probability_positive min=0.0000 mean=0.5232 std=0.4982 max=1.0000 predicted_0=218 predicted_1=238
2026-08-22 09:01:04 - INFO - [Classification Report - split=validation epoch=20 - threshold=0.50]
2026-08-22 09:01:04 - INFO -                 precision    recall  f1-score   support
2026-08-22 09:01:04 - INFO - 
2026-08-22 09:01:04 - INFO -       safe (0)     0.9079    0.8313    0.8679        83
2026-08-22 09:01:04 - INFO - vulnerable (1)     0.8158    0.8986    0.8552        69
2026-08-22 09:01:04 - INFO - 
2026-08-22 09:01:04 - INFO -       accuracy                         0.8618       152
2026-08-22 09:01:04 - INFO -      macro avg     0.8618    0.8649    0.8615       152
2026-08-22 09:01:04 - INFO -   weighted avg     0.8661    0.8618    0.8621       152
2026-08-22 09:01:04 - INFO - Confusion matrix - [[tn=69, fp=14], [fn=7, tp=62]]
2026-08-22 09:01:04 - INFO - probability_positive min=0.0000 mean=0.4962 std=0.4890 max=1.0000 predicted_0=76 predicted_1=76
2026-08-22 09:01:04 - INFO - Early stopping | Epoch: 20 | Best epoch: 15
2026-08-22 09:01:04 - INFO - Best checkpoint saved | Path: model/fam1_unixcoder/baseline/seed_7/fold3/best.pt | Epoch: 15 | Val macro_f1: 0.868056
2026-08-22 09:01:04 - INFO - Training finished | Elapsed: 162.22s
2026-08-22 09:01:04 - INFO - Run finished | Phase: baseline_train | Fold: 3 | Seed: 7 | Elapsed: 164.15s
