2026-08-21 11:45:56 - INFO - Using device: cuda
2026-08-21 11:45:56 - INFO - Run started | Run: unix_unixcoder | Method: transfer_latent_bottleneck | Phase: phase2 | Fold: 3 | Seed: 42 | Device: cuda
2026-08-21 11:45:56 - INFO - Loading Python training data: data/sven_python_folds_norm/fold3/train.jsonl
2026-08-21 11:45:56 - INFO - Loading Python validation data: data/sven_python_folds_norm/fold3/val.jsonl
2026-08-21 11:45:56 - INFO - Data split: python_train | Total: 456 | Labels: {0: 217, 1: 239} | CWEs: {'CWE-022': 40, 'CWE-078': 125, 'CWE-079': 49, 'CWE-089': 242} | Languages: {'python': 456} | Invalid CWE: 0
2026-08-21 11:45:56 - INFO - Data split: python_val | Total: 152 | Labels: {0: 83, 1: 69} | CWEs: {'CWE-022': 11, 'CWE-078': 41, 'CWE-079': 13, 'CWE-089': 87} | Languages: {'python': 152} | Invalid CWE: 0
2026-08-21 11:45:57 - INFO - Auxiliary head width taken from checkpoint: 4
2026-08-21 11:45:59 - INFO - Loaded source checkpoint: model/unix_unixcoder/transfer_latent_bottleneck/seed_42/source/best.pt | Best epoch: 12 | Best Val Macro-F1: 0.706667
2026-08-21 11:45:59 - INFO - RecAdam schedule | Total steps: 870 | Steps/epoch: 29 | Anneal t0: 43 | Weights: {1: 0.10909682119561293, 29: 0.3318122278318339, 43: 0.5, 870: 1.0}
2026-08-21 11:45:59 - INFO - Environment: {"components": {"backbone": {"frozen": 0, "total": 125929728, "trainable": 125929728}, "cwe_head": {"frozen": 36, "total": 36, "trainable": 0}, "latent_proj": {"frozen": 6152, "total": 6152, "trainable": 0}, "vul_head": {"frozen": 0, "total": 1538, "trainable": 1538}}, "cuda": "12.8", "fold": 3, "frozen_parameters": 6188, "gpu": "NVIDIA GeForce RTX 4070 Ti SUPER", "hyperparameters": {"anneal_fun": "sigmoid", "anneal_k": 0.05, "anneal_t0_ratio": 0.05, "anneal_w": 1.0, "aux_mode": "latent_bottleneck", "batch_size": 16, "checkpoint_path": "model/unix_unixcoder/transfer_latent_bottleneck/seed_42/fold3/best.pt", "cwe_vocab": "fixed4", "data_path": "data/train_ccpp_filtered.jsonl", "data_root": "data/sven_python_folds_norm", "epochs": 30, "eval_batch_size": 16, "fold": 3, "freeze_backbone_layers": 0, "freeze_prototypes_steps": 0, "lambda_cwe": 0.2, "latent_temperature": 0.1, "learning_rate": 2e-05, "lora_rank": 0, "lp_epochs": 0, "lp_learning_rate": 0.001, "max_eval_samples": null, "max_grad_norm": 1.0, "max_length": 512, "max_train_samples": null, "method_name": "transfer_latent_bottleneck", "min_epochs": 3, "model_name": "microsoft/unixcoder-base", "num_cwes": 4, "num_latent": 8, "num_workers": 0, "output_dir": "results/unix_unixcoder/transfer_latent_bottleneck", "patience": 5, "phase": "phase2", "phase2_optimizer": "recadam", "pooling": "cls", "pretrain_cof": 5000.0, "recadam_anchor": "source", "result_path": "results/unix_unixcoder/transfer_latent_bottleneck/seed_42/fold3.json", "run_name": "unix_unixcoder", "seed": 42, "selection_metric": "macro_f1", "source_checkpoint": "model/unix_unixcoder/transfer_latent_bottleneck/seed_42/source/best.pt", "source_interpolation": 1.0, "strict_determinism": false, "target_lang": "python", "test_path": null, "train_path": null, "truncation_strategy": "head_middle_tail", "val_path": null, "weight_decay": 0.01}, "mode": "phase2_train", "model_name": "microsoft/unixcoder-base", "seed": 42, "sklearn": "1.7.2", "torch": "2.11.0+cu128", "trainable_parameters": 125931266, "transformers": "4.57.1"}
2026-08-21 11:45:59 - INFO - Training started | Phase: phase2 | Epochs: 30
2026-08-21 11:45:59 - INFO - RecAdam first-step safety checks passed
2026-08-21 11:46:08 - INFO - Epoch 1/30 | Train loss: 0.989114 | Val loss: 0.615496 | LR: 2.00e-05 | Best epoch: 1 | Patience: 0 | Train: 8.23s | Validation: 0.86s | Epoch: 9.42s | Total: 9.42s
2026-08-21 11:46:08 - INFO - RecAdam target-task weight at epoch end: 0.331812
2026-08-21 11:46:08 - INFO - [Classification Report - split=train epoch=1 - threshold=0.50]
2026-08-21 11:46:08 - INFO -                 precision    recall  f1-score   support
2026-08-21 11:46:08 - INFO - 
2026-08-21 11:46:08 - INFO -       safe (0)     0.6396    0.3272    0.4329       217
2026-08-21 11:46:08 - INFO - vulnerable (1)     0.5768    0.8326    0.6815       239
2026-08-21 11:46:08 - INFO - 
2026-08-21 11:46:08 - INFO -       accuracy                         0.5921       456
2026-08-21 11:46:08 - INFO -      macro avg     0.6082    0.5799    0.5572       456
2026-08-21 11:46:08 - INFO -   weighted avg     0.6067    0.5921    0.5632       456
2026-08-21 11:46:08 - INFO - Confusion matrix - [[tn=71, fp=146], [fn=40, tp=199]]
2026-08-21 11:46:08 - INFO - probability_positive min=0.0000 mean=0.6815 std=0.2792 max=0.9999 predicted_0=111 predicted_1=345
2026-08-21 11:46:08 - INFO - [Classification Report - split=validation epoch=1 - threshold=0.50]
2026-08-21 11:46:08 - INFO -                 precision    recall  f1-score   support
2026-08-21 11:46:08 - INFO - 
2026-08-21 11:46:08 - INFO -       safe (0)     0.7463    0.6024    0.6667        83
2026-08-21 11:46:08 - INFO - vulnerable (1)     0.6118    0.7536    0.6753        69
2026-08-21 11:46:08 - INFO - 
2026-08-21 11:46:08 - INFO -       accuracy                         0.6711       152
2026-08-21 11:46:08 - INFO -      macro avg     0.6790    0.6780    0.6710       152
2026-08-21 11:46:08 - INFO -   weighted avg     0.6852    0.6711    0.6706       152
2026-08-21 11:46:08 - INFO - Confusion matrix - [[tn=50, fp=33], [fn=17, tp=52]]
2026-08-21 11:46:08 - INFO - probability_positive min=0.0000 mean=0.5355 std=0.2677 max=0.9668 predicted_0=67 predicted_1=85
2026-08-21 11:46:08 - INFO - New best model | Macro-F1: 0.670996 | Epoch: 1
2026-08-21 11:46:17 - INFO - Epoch 2/30 | Train loss: 0.687691 | Val loss: 0.633064 | LR: 2.00e-05 | Best epoch: 1 | Patience: 0 | Train: 8.03s | Validation: 0.86s | Epoch: 8.89s | Total: 18.32s
2026-08-21 11:46:17 - INFO - RecAdam target-task weight at epoch end: 0.679179
2026-08-21 11:46:17 - INFO - [Classification Report - split=train epoch=2 - threshold=0.50]
2026-08-21 11:46:17 - INFO -                 precision    recall  f1-score   support
2026-08-21 11:46:17 - INFO - 
2026-08-21 11:46:17 - INFO -       safe (0)     0.6140    0.6083    0.6111       217
2026-08-21 11:46:17 - INFO - vulnerable (1)     0.6473    0.6527    0.6500       239
2026-08-21 11:46:17 - INFO - 
2026-08-21 11:46:17 - INFO -       accuracy                         0.6316       456
2026-08-21 11:46:17 - INFO -      macro avg     0.6306    0.6305    0.6306       456
2026-08-21 11:46:17 - INFO -   weighted avg     0.6314    0.6316    0.6315       456
2026-08-21 11:46:17 - INFO - Confusion matrix - [[tn=132, fp=85], [fn=83, tp=156]]
2026-08-21 11:46:17 - INFO - probability_positive min=0.0000 mean=0.5124 std=0.2475 max=0.9920 predicted_0=215 predicted_1=241
2026-08-21 11:46:17 - INFO - [Classification Report - split=validation epoch=2 - threshold=0.50]
2026-08-21 11:46:17 - INFO -                 precision    recall  f1-score   support
2026-08-21 11:46:17 - INFO - 
2026-08-21 11:46:17 - INFO -       safe (0)     0.9412    0.3855    0.5470        83
2026-08-21 11:46:17 - INFO - vulnerable (1)     0.5678    0.9710    0.7166        69
2026-08-21 11:46:17 - INFO - 
2026-08-21 11:46:17 - INFO -       accuracy                         0.6513       152
2026-08-21 11:46:17 - INFO -      macro avg     0.7545    0.6783    0.6318       152
2026-08-21 11:46:17 - INFO -   weighted avg     0.7717    0.6513    0.6240       152
2026-08-21 11:46:17 - INFO - Confusion matrix - [[tn=32, fp=51], [fn=2, tp=67]]
2026-08-21 11:46:17 - INFO - probability_positive min=0.0032 mean=0.6460 std=0.2510 max=0.9704 predicted_0=34 predicted_1=118
2026-08-21 11:46:26 - INFO - Epoch 3/30 | Train loss: 0.515490 | Val loss: 0.372682 | LR: 2.00e-05 | Best epoch: 3 | Patience: 0 | Train: 8.05s | Validation: 0.86s | Epoch: 9.42s | Total: 27.75s
2026-08-21 11:46:26 - INFO - RecAdam target-task weight at epoch end: 0.900250
2026-08-21 11:46:26 - INFO - [Classification Report - split=train epoch=3 - threshold=0.50]
2026-08-21 11:46:26 - INFO -                 precision    recall  f1-score   support
2026-08-21 11:46:26 - INFO - 
2026-08-21 11:46:26 - INFO -       safe (0)     0.7713    0.6682    0.7160       217
2026-08-21 11:46:26 - INFO - vulnerable (1)     0.7313    0.8201    0.7732       239
2026-08-21 11:46:26 - INFO - 
2026-08-21 11:46:26 - INFO -       accuracy                         0.7478       456
2026-08-21 11:46:26 - INFO -      macro avg     0.7513    0.7441    0.7446       456
2026-08-21 11:46:26 - INFO -   weighted avg     0.7503    0.7478    0.7460       456
2026-08-21 11:46:26 - INFO - Confusion matrix - [[tn=145, fp=72], [fn=43, tp=196]]
2026-08-21 11:46:26 - INFO - probability_positive min=0.0000 mean=0.5336 std=0.2904 max=0.9986 predicted_0=188 predicted_1=268
2026-08-21 11:46:26 - INFO - [Classification Report - split=validation epoch=3 - threshold=0.50]
2026-08-21 11:46:26 - INFO -                 precision    recall  f1-score   support
2026-08-21 11:46:26 - INFO - 
2026-08-21 11:46:26 - INFO -       safe (0)     0.9155    0.7831    0.8442        83
2026-08-21 11:46:26 - INFO - vulnerable (1)     0.7778    0.9130    0.8400        69
2026-08-21 11:46:26 - INFO - 
2026-08-21 11:46:26 - INFO -       accuracy                         0.8421       152
2026-08-21 11:46:26 - INFO -      macro avg     0.8466    0.8481    0.8421       152
2026-08-21 11:46:26 - INFO -   weighted avg     0.8530    0.8421    0.8423       152
2026-08-21 11:46:26 - INFO - Confusion matrix - [[tn=65, fp=18], [fn=6, tp=63]]
2026-08-21 11:46:26 - INFO - probability_positive min=0.0003 mean=0.4623 std=0.3517 max=0.9880 predicted_0=71 predicted_1=81
2026-08-21 11:46:26 - INFO - New best model | Macro-F1: 0.842078 | Epoch: 3
2026-08-21 11:46:36 - INFO - Epoch 4/30 | Train loss: 0.265433 | Val loss: 0.343541 | LR: 2.00e-05 | Best epoch: 4 | Patience: 0 | Train: 8.05s | Validation: 0.86s | Epoch: 9.42s | Total: 37.19s
2026-08-21 11:46:36 - INFO - RecAdam target-task weight at epoch end: 0.974667
2026-08-21 11:46:36 - INFO - [Classification Report - split=train epoch=4 - threshold=0.50]
2026-08-21 11:46:36 - INFO -                 precision    recall  f1-score   support
2026-08-21 11:46:36 - INFO - 
2026-08-21 11:46:36 - INFO -       safe (0)     0.9109    0.8479    0.8783       217
2026-08-21 11:46:36 - INFO - vulnerable (1)     0.8701    0.9247    0.8966       239
2026-08-21 11:46:36 - INFO - 
2026-08-21 11:46:36 - INFO -       accuracy                         0.8882       456
2026-08-21 11:46:36 - INFO -      macro avg     0.8905    0.8863    0.8874       456
2026-08-21 11:46:36 - INFO -   weighted avg     0.8895    0.8882    0.8879       456
2026-08-21 11:46:36 - INFO - Confusion matrix - [[tn=184, fp=33], [fn=18, tp=221]]
2026-08-21 11:46:36 - INFO - probability_positive min=0.0000 mean=0.5251 std=0.4146 max=1.0000 predicted_0=202 predicted_1=254
2026-08-21 11:46:36 - INFO - [Classification Report - split=validation epoch=4 - threshold=0.50]
2026-08-21 11:46:36 - INFO -                 precision    recall  f1-score   support
2026-08-21 11:46:36 - INFO - 
2026-08-21 11:46:36 - INFO -       safe (0)     0.9714    0.8193    0.8889        83
2026-08-21 11:46:36 - INFO - vulnerable (1)     0.8171    0.9710    0.8874        69
2026-08-21 11:46:36 - INFO - 
2026-08-21 11:46:36 - INFO -       accuracy                         0.8882       152
2026-08-21 11:46:36 - INFO -      macro avg     0.8943    0.8951    0.8882       152
2026-08-21 11:46:36 - INFO -   weighted avg     0.9014    0.8882    0.8882       152
2026-08-21 11:46:36 - INFO - Confusion matrix - [[tn=68, fp=15], [fn=2, tp=67]]
2026-08-21 11:46:36 - INFO - probability_positive min=0.0000 mean=0.5160 std=0.4585 max=1.0000 predicted_0=70 predicted_1=82
2026-08-21 11:46:36 - INFO - New best model | Macro-F1: 0.888153 | Epoch: 4
2026-08-21 11:46:45 - INFO - Epoch 5/30 | Train loss: 0.189832 | Val loss: 0.401579 | LR: 2.00e-05 | Best epoch: 4 | Patience: 1 | Train: 8.04s | Validation: 0.86s | Epoch: 8.90s | Total: 46.11s
2026-08-21 11:46:45 - INFO - RecAdam target-task weight at epoch end: 0.993940
2026-08-21 11:46:45 - INFO - [Classification Report - split=train epoch=5 - threshold=0.50]
2026-08-21 11:46:45 - INFO -                 precision    recall  f1-score   support
2026-08-21 11:46:45 - INFO - 
2026-08-21 11:46:45 - INFO -       safe (0)     0.9217    0.9217    0.9217       217
2026-08-21 11:46:45 - INFO - vulnerable (1)     0.9289    0.9289    0.9289       239
2026-08-21 11:46:45 - INFO - 
2026-08-21 11:46:45 - INFO -       accuracy                         0.9254       456
2026-08-21 11:46:45 - INFO -      macro avg     0.9253    0.9253    0.9253       456
2026-08-21 11:46:45 - INFO -   weighted avg     0.9254    0.9254    0.9254       456
2026-08-21 11:46:45 - INFO - Confusion matrix - [[tn=200, fp=17], [fn=17, tp=222]]
2026-08-21 11:46:45 - INFO - probability_positive min=0.0000 mean=0.5215 std=0.4570 max=1.0000 predicted_0=217 predicted_1=239
2026-08-21 11:46:45 - INFO - [Classification Report - split=validation epoch=5 - threshold=0.50]
2026-08-21 11:46:45 - INFO -                 precision    recall  f1-score   support
2026-08-21 11:46:45 - INFO - 
2026-08-21 11:46:45 - INFO -       safe (0)     0.9231    0.8675    0.8944        83
2026-08-21 11:46:45 - INFO - vulnerable (1)     0.8514    0.9130    0.8811        69
2026-08-21 11:46:45 - INFO - 
2026-08-21 11:46:45 - INFO -       accuracy                         0.8882       152
2026-08-21 11:46:45 - INFO -      macro avg     0.8872    0.8903    0.8878       152
2026-08-21 11:46:45 - INFO -   weighted avg     0.8905    0.8882    0.8884       152
2026-08-21 11:46:45 - INFO - Confusion matrix - [[tn=72, fp=11], [fn=6, tp=63]]
2026-08-21 11:46:45 - INFO - probability_positive min=0.0000 mean=0.4800 std=0.4666 max=1.0000 predicted_0=78 predicted_1=74
2026-08-21 11:46:54 - INFO - Epoch 6/30 | Train loss: 0.115665 | Val loss: 0.612956 | LR: 2.00e-05 | Best epoch: 4 | Patience: 2 | Train: 8.04s | Validation: 0.86s | Epoch: 8.90s | Total: 55.02s
2026-08-21 11:46:54 - INFO - RecAdam target-task weight at epoch end: 0.998572
2026-08-21 11:46:54 - INFO - [Classification Report - split=train epoch=6 - threshold=0.50]
2026-08-21 11:46:54 - INFO -                 precision    recall  f1-score   support
2026-08-21 11:46:54 - INFO - 
2026-08-21 11:46:54 - INFO -       safe (0)     0.9585    0.9585    0.9585       217
2026-08-21 11:46:54 - INFO - vulnerable (1)     0.9623    0.9623    0.9623       239
2026-08-21 11:46:54 - INFO - 
2026-08-21 11:46:54 - INFO -       accuracy                         0.9605       456
2026-08-21 11:46:54 - INFO -      macro avg     0.9604    0.9604    0.9604       456
2026-08-21 11:46:54 - INFO -   weighted avg     0.9605    0.9605    0.9605       456
2026-08-21 11:46:54 - INFO - Confusion matrix - [[tn=208, fp=9], [fn=9, tp=230]]
2026-08-21 11:46:54 - INFO - probability_positive min=0.0000 mean=0.5204 std=0.4697 max=1.0000 predicted_0=217 predicted_1=239
2026-08-21 11:46:54 - INFO - [Classification Report - split=validation epoch=6 - threshold=0.50]
2026-08-21 11:46:54 - INFO -                 precision    recall  f1-score   support
2026-08-21 11:46:54 - INFO - 
2026-08-21 11:46:54 - INFO -       safe (0)     0.9452    0.8313    0.8846        83
2026-08-21 11:46:54 - INFO - vulnerable (1)     0.8228    0.9420    0.8784        69
2026-08-21 11:46:54 - INFO - 
2026-08-21 11:46:54 - INFO -       accuracy                         0.8816       152
2026-08-21 11:46:54 - INFO -      macro avg     0.8840    0.8867    0.8815       152
2026-08-21 11:46:54 - INFO -   weighted avg     0.8896    0.8816    0.8818       152
2026-08-21 11:46:54 - INFO - Confusion matrix - [[tn=69, fp=14], [fn=4, tp=65]]
2026-08-21 11:46:54 - INFO - probability_positive min=0.0000 mean=0.5077 std=0.4860 max=1.0000 predicted_0=73 predicted_1=79
2026-08-21 11:47:03 - INFO - Epoch 7/30 | Train loss: 0.097438 | Val loss: 0.696309 | LR: 2.00e-05 | Best epoch: 4 | Patience: 3 | Train: 8.05s | Validation: 0.86s | Epoch: 8.91s | Total: 63.94s
2026-08-21 11:47:03 - INFO - RecAdam target-task weight at epoch end: 0.999665
2026-08-21 11:47:03 - INFO - [Classification Report - split=train epoch=7 - threshold=0.50]
2026-08-21 11:47:03 - INFO -                 precision    recall  f1-score   support
2026-08-21 11:47:03 - INFO - 
2026-08-21 11:47:03 - INFO -       safe (0)     0.9765    0.9585    0.9674       217
2026-08-21 11:47:03 - INFO - vulnerable (1)     0.9630    0.9791    0.9710       239
2026-08-21 11:47:03 - INFO - 
2026-08-21 11:47:03 - INFO -       accuracy                         0.9693       456
2026-08-21 11:47:03 - INFO -      macro avg     0.9697    0.9688    0.9692       456
2026-08-21 11:47:03 - INFO -   weighted avg     0.9694    0.9693    0.9693       456
2026-08-21 11:47:03 - INFO - Confusion matrix - [[tn=208, fp=9], [fn=5, tp=234]]
2026-08-21 11:47:03 - INFO - probability_positive min=0.0000 mean=0.5302 std=0.4844 max=1.0000 predicted_0=213 predicted_1=243
2026-08-21 11:47:03 - INFO - [Classification Report - split=validation epoch=7 - threshold=0.50]
2026-08-21 11:47:03 - INFO -                 precision    recall  f1-score   support
2026-08-21 11:47:03 - INFO - 
2026-08-21 11:47:03 - INFO -       safe (0)     0.9459    0.8434    0.8917        83
2026-08-21 11:47:03 - INFO - vulnerable (1)     0.8333    0.9420    0.8844        69
2026-08-21 11:47:03 - INFO - 
2026-08-21 11:47:03 - INFO -       accuracy                         0.8882       152
2026-08-21 11:47:03 - INFO -      macro avg     0.8896    0.8927    0.8880       152
2026-08-21 11:47:03 - INFO -   weighted avg     0.8948    0.8882    0.8884       152
2026-08-21 11:47:03 - INFO - Confusion matrix - [[tn=70, fp=13], [fn=4, tp=65]]
2026-08-21 11:47:03 - INFO - probability_positive min=0.0000 mean=0.5145 std=0.4915 max=1.0000 predicted_0=74 predicted_1=78
2026-08-21 11:47:11 - INFO - Epoch 8/30 | Train loss: 0.073719 | Val loss: 0.643406 | LR: 2.00e-05 | Best epoch: 4 | Patience: 4 | Train: 8.06s | Validation: 0.86s | Epoch: 8.91s | Total: 72.87s
2026-08-21 11:47:11 - INFO - RecAdam target-task weight at epoch end: 0.999921
2026-08-21 11:47:11 - INFO - [Classification Report - split=train epoch=8 - threshold=0.50]
2026-08-21 11:47:11 - INFO -                 precision    recall  f1-score   support
2026-08-21 11:47:11 - INFO - 
2026-08-21 11:47:11 - INFO -       safe (0)     0.9815    0.9770    0.9792       217
2026-08-21 11:47:11 - INFO - vulnerable (1)     0.9792    0.9833    0.9812       239
2026-08-21 11:47:11 - INFO - 
2026-08-21 11:47:11 - INFO -       accuracy                         0.9803       456
2026-08-21 11:47:11 - INFO -      macro avg     0.9803    0.9801    0.9802       456
2026-08-21 11:47:11 - INFO -   weighted avg     0.9803    0.9803    0.9803       456
2026-08-21 11:47:11 - INFO - Confusion matrix - [[tn=212, fp=5], [fn=4, tp=235]]
2026-08-21 11:47:11 - INFO - probability_positive min=0.0000 mean=0.5275 std=0.4919 max=1.0000 predicted_0=216 predicted_1=240
2026-08-21 11:47:12 - INFO - [Classification Report - split=validation epoch=8 - threshold=0.50]
2026-08-21 11:47:12 - INFO -                 precision    recall  f1-score   support
2026-08-21 11:47:12 - INFO - 
2026-08-21 11:47:12 - INFO -       safe (0)     0.8987    0.8554    0.8765        83
2026-08-21 11:47:12 - INFO - vulnerable (1)     0.8356    0.8841    0.8592        69
2026-08-21 11:47:12 - INFO - 
2026-08-21 11:47:12 - INFO -       accuracy                         0.8684       152
2026-08-21 11:47:12 - INFO -      macro avg     0.8672    0.8697    0.8678       152
2026-08-21 11:47:12 - INFO -   weighted avg     0.8701    0.8684    0.8686       152
2026-08-21 11:47:12 - INFO - Confusion matrix - [[tn=71, fp=12], [fn=8, tp=61]]
2026-08-21 11:47:12 - INFO - probability_positive min=0.0000 mean=0.4742 std=0.4815 max=1.0000 predicted_0=79 predicted_1=73
2026-08-21 11:47:20 - INFO - Epoch 9/30 | Train loss: 0.073766 | Val loss: 0.824747 | LR: 2.00e-05 | Best epoch: 4 | Patience: 5 | Train: 8.04s | Validation: 0.86s | Epoch: 8.90s | Total: 81.78s
2026-08-21 11:47:20 - INFO - RecAdam target-task weight at epoch end: 0.999982
2026-08-21 11:47:20 - INFO - [Classification Report - split=train epoch=9 - threshold=0.50]
2026-08-21 11:47:20 - INFO -                 precision    recall  f1-score   support
2026-08-21 11:47:20 - INFO - 
2026-08-21 11:47:20 - INFO -       safe (0)     0.9685    0.9908    0.9795       217
2026-08-21 11:47:20 - INFO - vulnerable (1)     0.9915    0.9707    0.9810       239
2026-08-21 11:47:20 - INFO - 
2026-08-21 11:47:20 - INFO -       accuracy                         0.9803       456
2026-08-21 11:47:20 - INFO -      macro avg     0.9800    0.9807    0.9802       456
2026-08-21 11:47:20 - INFO -   weighted avg     0.9805    0.9803    0.9803       456
2026-08-21 11:47:20 - INFO - Confusion matrix - [[tn=215, fp=2], [fn=7, tp=232]]
2026-08-21 11:47:20 - INFO - probability_positive min=0.0000 mean=0.5113 std=0.4919 max=1.0000 predicted_0=222 predicted_1=234
2026-08-21 11:47:20 - INFO - [Classification Report - split=validation epoch=9 - threshold=0.50]
2026-08-21 11:47:20 - INFO -                 precision    recall  f1-score   support
2026-08-21 11:47:20 - INFO - 
2026-08-21 11:47:20 - INFO -       safe (0)     0.9342    0.8554    0.8931        83
2026-08-21 11:47:20 - INFO - vulnerable (1)     0.8421    0.9275    0.8828        69
2026-08-21 11:47:20 - INFO - 
2026-08-21 11:47:20 - INFO -       accuracy                         0.8882       152
2026-08-21 11:47:20 - INFO -      macro avg     0.8882    0.8915    0.8879       152
2026-08-21 11:47:20 - INFO -   weighted avg     0.8924    0.8882    0.8884       152
2026-08-21 11:47:20 - INFO - Confusion matrix - [[tn=71, fp=12], [fn=5, tp=64]]
2026-08-21 11:47:20 - INFO - probability_positive min=0.0000 mean=0.4968 std=0.4930 max=1.0000 predicted_0=76 predicted_1=76
2026-08-21 11:47:20 - INFO - Early stopping | Epoch: 9 | Best epoch: 4
2026-08-21 11:47:20 - INFO - Best checkpoint saved | Path: model/unix_unixcoder/transfer_latent_bottleneck/seed_42/fold3/best.pt | Epoch: 4 | Val macro_f1: 0.888153
2026-08-21 11:47:20 - INFO - Training finished | Elapsed: 81.79s
2026-08-21 11:47:20 - INFO - Run finished | Phase: phase2 | Fold: 3 | Seed: 42 | Elapsed: 84.37s
