2026-08-22 03:52:37 - INFO - Using device: cuda
2026-08-22 03:52:37 - INFO - Run started | Run: fam1_t5p | Method: transfer_cwe | Phase: phase2 | Fold: 1 | Seed: 42 | Device: cuda
2026-08-22 03:52:37 - INFO - Loading Python training data: data/sven_python_folds_norm/fold1/train.jsonl
2026-08-22 03:52:37 - INFO - Loading Python validation data: data/sven_python_folds_norm/fold1/val.jsonl
2026-08-22 03:52:37 - INFO - Data split: python_train | Total: 456 | Labels: {0: 235, 1: 221} | CWEs: {'CWE-022': 39, 'CWE-078': 123, 'CWE-079': 49, 'CWE-089': 245} | Languages: {'python': 456} | Invalid CWE: 0
2026-08-22 03:52:37 - INFO - Data split: python_val | Total: 152 | Labels: {0: 74, 1: 78} | CWEs: {'CWE-022': 8, 'CWE-078': 42, 'CWE-079': 19, 'CWE-089': 83} | Languages: {'python': 152} | Invalid CWE: 0
2026-08-22 03:52:38 - INFO - Auxiliary head width taken from checkpoint: 4
2026-08-22 03:52:40 - INFO - Loaded source checkpoint: model/fam1_t5p/transfer_cwe/seed_42/source/best.pt | Best epoch: 13 | Best Val Macro-F1: 0.707829
2026-08-22 03:52:40 - INFO - RecAdam schedule | Total steps: 870 | Steps/epoch: 29 | Anneal t0: 43 | Weights: {1: 0.10909682119561293, 29: 0.3318122278318339, 43: 0.5, 870: 1.0}
2026-08-22 03:52:40 - INFO - Environment: {"components": {"backbone": {"frozen": 0, "total": 109607040, "trainable": 109607040}, "cwe_head": {"frozen": 3076, "total": 3076, "trainable": 0}, "vul_head": {"frozen": 0, "total": 1538, "trainable": 1538}}, "cuda": "12.8", "fold": 1, "frozen_parameters": 3076, "gpu": "NVIDIA GeForce RTX 5070 Ti", "hyperparameters": {"anneal_fun": "sigmoid", "anneal_k": 0.05, "anneal_t0_ratio": 0.05, "anneal_w": 1.0, "aux_mode": "cwe", "batch_size": 16, "checkpoint_path": "model/fam1_t5p/transfer_cwe/seed_42/fold1/best.pt", "cwe_vocab": "fixed4", "data_path": "data/train_ccpp_filtered.jsonl", "data_root": "data/sven_python_folds_norm", "epochs": 30, "eval_batch_size": 16, "fold": 1, "freeze_backbone_layers": 0, "freeze_prototypes_steps": 0, "lambda_cwe": 0.2, "latent_temperature": 0.1, "learning_rate": 2e-05, "lora_rank": 0, "lp_epochs": 0, "lp_learning_rate": 0.001, "max_eval_samples": null, "max_grad_norm": 1.0, "max_length": 512, "max_train_samples": null, "method_name": "transfer_cwe", "min_epochs": 3, "model_name": "Salesforce/codet5p-220m", "num_cwes": 4, "num_latent": 8, "num_workers": 0, "output_dir": "results/fam1_t5p/transfer_cwe", "patience": 5, "phase": "phase2", "phase2_optimizer": "recadam", "pooling": "mean", "pretrain_cof": 5000.0, "recadam_anchor": "source", "result_path": "results/fam1_t5p/transfer_cwe/seed_42/fold1.json", "run_name": "fam1_t5p", "seed": 42, "selection_metric": "macro_f1", "source_checkpoint": "model/fam1_t5p/transfer_cwe/seed_42/source/best.pt", "source_interpolation": 1.0, "strict_determinism": false, "target_lang": "python", "test_path": null, "train_path": null, "truncation_strategy": "head_middle_tail", "val_path": null, "weight_decay": 0.01}, "mode": "phase2_train", "model_name": "Salesforce/codet5p-220m", "seed": 42, "sklearn": "1.9.0", "torch": "2.11.0+cu128", "trainable_parameters": 109608578, "transformers": "4.57.1"}
2026-08-22 03:52:40 - INFO - Training started | Phase: phase2 | Epochs: 30
2026-08-22 03:52:40 - INFO - RecAdam first-step safety checks passed
2026-08-22 03:52:49 - INFO - Epoch 1/30 | Train loss: 0.707270 | Val loss: 0.672194 | LR: 2.00e-05 | Best epoch: 1 | Patience: 0 | Train: 8.59s | Validation: 0.96s | Epoch: 9.71s | Total: 9.71s
2026-08-22 03:52:49 - INFO - RecAdam target-task weight at epoch end: 0.331812
2026-08-22 03:52:49 - INFO - [Classification Report - split=train epoch=1 - threshold=0.50]
2026-08-22 03:52:49 - INFO -                 precision    recall  f1-score   support
2026-08-22 03:52:49 - INFO - 
2026-08-22 03:52:49 - INFO -       safe (0)     0.7063    0.4298    0.5344       235
2026-08-22 03:52:49 - INFO - vulnerable (1)     0.5719    0.8100    0.6704       221
2026-08-22 03:52:49 - INFO - 
2026-08-22 03:52:49 - INFO -       accuracy                         0.6140       456
2026-08-22 03:52:49 - INFO -      macro avg     0.6391    0.6199    0.6024       456
2026-08-22 03:52:49 - INFO -   weighted avg     0.6412    0.6140    0.6003       456
2026-08-22 03:52:49 - INFO - Confusion matrix - [[tn=101, fp=134], [fn=42, tp=179]]
2026-08-22 03:52:49 - INFO - probability_positive min=0.0186 mean=0.5825 std=0.2095 max=0.9720 predicted_0=143 predicted_1=313
2026-08-22 03:52:49 - INFO - [Classification Report - split=validation epoch=1 - threshold=0.50]
2026-08-22 03:52:49 - INFO -                 precision    recall  f1-score   support
2026-08-22 03:52:49 - INFO - 
2026-08-22 03:52:49 - INFO -       safe (0)     0.5352    0.5135    0.5241        74
2026-08-22 03:52:49 - INFO - vulnerable (1)     0.5556    0.5769    0.5660        78
2026-08-22 03:52:49 - INFO - 
2026-08-22 03:52:49 - INFO -       accuracy                         0.5461       152
2026-08-22 03:52:49 - INFO -      macro avg     0.5454    0.5452    0.5451       152
2026-08-22 03:52:49 - INFO -   weighted avg     0.5457    0.5461    0.5456       152
2026-08-22 03:52:49 - INFO - Confusion matrix - [[tn=38, fp=36], [fn=33, tp=45]]
2026-08-22 03:52:49 - INFO - probability_positive min=0.0036 mean=0.4908 std=0.2196 max=0.9918 predicted_0=71 predicted_1=81
2026-08-22 03:52:49 - INFO - New best model | Macro-F1: 0.545088 | Epoch: 1
2026-08-22 03:52:59 - INFO - Epoch 2/30 | Train loss: 0.642488 | Val loss: 0.618359 | LR: 2.00e-05 | Best epoch: 2 | Patience: 0 | Train: 8.40s | Validation: 0.96s | Epoch: 9.58s | Total: 19.30s
2026-08-22 03:52:59 - INFO - RecAdam target-task weight at epoch end: 0.679179
2026-08-22 03:52:59 - INFO - [Classification Report - split=train epoch=2 - threshold=0.50]
2026-08-22 03:52:59 - INFO -                 precision    recall  f1-score   support
2026-08-22 03:52:59 - INFO - 
2026-08-22 03:52:59 - INFO -       safe (0)     0.6382    0.6681    0.6528       235
2026-08-22 03:52:59 - INFO - vulnerable (1)     0.6286    0.5973    0.6125       221
2026-08-22 03:52:59 - INFO - 
2026-08-22 03:52:59 - INFO -       accuracy                         0.6338       456
2026-08-22 03:52:59 - INFO -      macro avg     0.6334    0.6327    0.6327       456
2026-08-22 03:52:59 - INFO -   weighted avg     0.6335    0.6338    0.6333       456
2026-08-22 03:52:59 - INFO - Confusion matrix - [[tn=157, fp=78], [fn=89, tp=132]]
2026-08-22 03:52:59 - INFO - probability_positive min=0.0066 mean=0.4834 std=0.1829 max=0.9084 predicted_0=246 predicted_1=210
2026-08-22 03:52:59 - INFO - [Classification Report - split=validation epoch=2 - threshold=0.50]
2026-08-22 03:52:59 - INFO -                 precision    recall  f1-score   support
2026-08-22 03:52:59 - INFO - 
2026-08-22 03:52:59 - INFO -       safe (0)     0.6105    0.7838    0.6864        74
2026-08-22 03:52:59 - INFO - vulnerable (1)     0.7193    0.5256    0.6074        78
2026-08-22 03:52:59 - INFO - 
2026-08-22 03:52:59 - INFO -       accuracy                         0.6513       152
2026-08-22 03:52:59 - INFO -      macro avg     0.6649    0.6547    0.6469       152
2026-08-22 03:52:59 - INFO -   weighted avg     0.6663    0.6513    0.6459       152
2026-08-22 03:52:59 - INFO - Confusion matrix - [[tn=58, fp=16], [fn=37, tp=41]]
2026-08-22 03:52:59 - INFO - probability_positive min=0.0046 mean=0.4524 std=0.2124 max=0.9908 predicted_0=95 predicted_1=57
2026-08-22 03:52:59 - INFO - New best model | Macro-F1: 0.646899 | Epoch: 2
2026-08-22 03:53:08 - INFO - Epoch 3/30 | Train loss: 0.545151 | Val loss: 0.470234 | LR: 2.00e-05 | Best epoch: 3 | Patience: 0 | Train: 8.40s | Validation: 0.96s | Epoch: 9.59s | Total: 28.89s
2026-08-22 03:53:08 - INFO - RecAdam target-task weight at epoch end: 0.900250
2026-08-22 03:53:08 - INFO - [Classification Report - split=train epoch=3 - threshold=0.50]
2026-08-22 03:53:08 - INFO -                 precision    recall  f1-score   support
2026-08-22 03:53:08 - INFO - 
2026-08-22 03:53:08 - INFO -       safe (0)     0.7154    0.7702    0.7418       235
2026-08-22 03:53:08 - INFO - vulnerable (1)     0.7340    0.6742    0.7028       221
2026-08-22 03:53:08 - INFO - 
2026-08-22 03:53:08 - INFO -       accuracy                         0.7237       456
2026-08-22 03:53:08 - INFO -      macro avg     0.7247    0.7222    0.7223       456
2026-08-22 03:53:08 - INFO -   weighted avg     0.7244    0.7237    0.7229       456
2026-08-22 03:53:08 - INFO - Confusion matrix - [[tn=181, fp=54], [fn=72, tp=149]]
2026-08-22 03:53:08 - INFO - probability_positive min=0.0060 mean=0.4655 std=0.2455 max=0.9775 predicted_0=253 predicted_1=203
2026-08-22 03:53:08 - INFO - [Classification Report - split=validation epoch=3 - threshold=0.50]
2026-08-22 03:53:08 - INFO -                 precision    recall  f1-score   support
2026-08-22 03:53:08 - INFO - 
2026-08-22 03:53:08 - INFO -       safe (0)     0.7108    0.7973    0.7516        74
2026-08-22 03:53:08 - INFO - vulnerable (1)     0.7826    0.6923    0.7347        78
2026-08-22 03:53:08 - INFO - 
2026-08-22 03:53:08 - INFO -       accuracy                         0.7434       152
2026-08-22 03:53:08 - INFO -      macro avg     0.7467    0.7448    0.7431       152
2026-08-22 03:53:08 - INFO -   weighted avg     0.7477    0.7434    0.7429       152
2026-08-22 03:53:08 - INFO - Confusion matrix - [[tn=59, fp=15], [fn=24, tp=54]]
2026-08-22 03:53:08 - INFO - probability_positive min=0.0021 mean=0.4667 std=0.3131 max=0.9907 predicted_0=83 predicted_1=69
2026-08-22 03:53:08 - INFO - New best model | Macro-F1: 0.743143 | Epoch: 3
2026-08-22 03:53:18 - INFO - Epoch 4/30 | Train loss: 0.381915 | Val loss: 0.415305 | LR: 2.00e-05 | Best epoch: 4 | Patience: 0 | Train: 8.40s | Validation: 0.96s | Epoch: 9.58s | Total: 38.49s
2026-08-22 03:53:18 - INFO - RecAdam target-task weight at epoch end: 0.974667
2026-08-22 03:53:18 - INFO - [Classification Report - split=train epoch=4 - threshold=0.50]
2026-08-22 03:53:18 - INFO -                 precision    recall  f1-score   support
2026-08-22 03:53:18 - INFO - 
2026-08-22 03:53:18 - INFO -       safe (0)     0.8478    0.8298    0.8387       235
2026-08-22 03:53:18 - INFO - vulnerable (1)     0.8230    0.8416    0.8322       221
2026-08-22 03:53:18 - INFO - 
2026-08-22 03:53:18 - INFO -       accuracy                         0.8355       456
2026-08-22 03:53:18 - INFO -      macro avg     0.8354    0.8357    0.8355       456
2026-08-22 03:53:18 - INFO -   weighted avg     0.8358    0.8355    0.8356       456
2026-08-22 03:53:18 - INFO - Confusion matrix - [[tn=195, fp=40], [fn=35, tp=186]]
2026-08-22 03:53:18 - INFO - probability_positive min=0.0037 mean=0.5001 std=0.3383 max=0.9969 predicted_0=230 predicted_1=226
2026-08-22 03:53:18 - INFO - [Classification Report - split=validation epoch=4 - threshold=0.50]
2026-08-22 03:53:18 - INFO -                 precision    recall  f1-score   support
2026-08-22 03:53:18 - INFO - 
2026-08-22 03:53:18 - INFO -       safe (0)     0.7654    0.8378    0.8000        74
2026-08-22 03:53:18 - INFO - vulnerable (1)     0.8310    0.7564    0.7919        78
2026-08-22 03:53:18 - INFO - 
2026-08-22 03:53:18 - INFO -       accuracy                         0.7961       152
2026-08-22 03:53:18 - INFO -      macro avg     0.7982    0.7971    0.7960       152
2026-08-22 03:53:18 - INFO -   weighted avg     0.7991    0.7961    0.7959       152
2026-08-22 03:53:18 - INFO - Confusion matrix - [[tn=62, fp=12], [fn=19, tp=59]]
2026-08-22 03:53:18 - INFO - probability_positive min=0.0007 mean=0.4597 std=0.4117 max=0.9970 predicted_0=81 predicted_1=71
2026-08-22 03:53:18 - INFO - New best model | Macro-F1: 0.795973 | Epoch: 4
2026-08-22 03:53:27 - INFO - Epoch 5/30 | Train loss: 0.278069 | Val loss: 0.447418 | LR: 2.00e-05 | Best epoch: 4 | Patience: 1 | Train: 8.40s | Validation: 0.96s | Epoch: 9.36s | Total: 47.85s
2026-08-22 03:53:27 - INFO - RecAdam target-task weight at epoch end: 0.993940
2026-08-22 03:53:27 - INFO - [Classification Report - split=train epoch=5 - threshold=0.50]
2026-08-22 03:53:27 - INFO -                 precision    recall  f1-score   support
2026-08-22 03:53:27 - INFO - 
2026-08-22 03:53:27 - INFO -       safe (0)     0.8708    0.8894    0.8800       235
2026-08-22 03:53:27 - INFO - vulnerable (1)     0.8796    0.8597    0.8696       221
2026-08-22 03:53:27 - INFO - 
2026-08-22 03:53:27 - INFO -       accuracy                         0.8750       456
2026-08-22 03:53:27 - INFO -      macro avg     0.8752    0.8745    0.8748       456
2026-08-22 03:53:27 - INFO -   weighted avg     0.8751    0.8750    0.8749       456
2026-08-22 03:53:27 - INFO - Confusion matrix - [[tn=209, fp=26], [fn=31, tp=190]]
2026-08-22 03:53:27 - INFO - probability_positive min=0.0009 mean=0.4710 std=0.4265 max=0.9988 predicted_0=240 predicted_1=216
2026-08-22 03:53:27 - INFO - [Classification Report - split=validation epoch=5 - threshold=0.50]
2026-08-22 03:53:27 - INFO -                 precision    recall  f1-score   support
2026-08-22 03:53:27 - INFO - 
2026-08-22 03:53:27 - INFO -       safe (0)     0.7590    0.8514    0.8025        74
2026-08-22 03:53:27 - INFO - vulnerable (1)     0.8406    0.7436    0.7891        78
2026-08-22 03:53:27 - INFO - 
2026-08-22 03:53:27 - INFO -       accuracy                         0.7961       152
2026-08-22 03:53:27 - INFO -      macro avg     0.7998    0.7975    0.7958       152
2026-08-22 03:53:27 - INFO -   weighted avg     0.8009    0.7961    0.7957       152
2026-08-22 03:53:27 - INFO - Confusion matrix - [[tn=63, fp=11], [fn=20, tp=58]]
2026-08-22 03:53:27 - INFO - probability_positive min=0.0007 mean=0.4386 std=0.4236 max=0.9987 predicted_0=83 predicted_1=69
2026-08-22 03:53:37 - INFO - Epoch 6/30 | Train loss: 0.212193 | Val loss: 0.477962 | LR: 2.00e-05 | Best epoch: 6 | Patience: 0 | Train: 8.40s | Validation: 0.95s | Epoch: 9.58s | Total: 57.44s
2026-08-22 03:53:37 - INFO - RecAdam target-task weight at epoch end: 0.998572
2026-08-22 03:53:37 - INFO - [Classification Report - split=train epoch=6 - threshold=0.50]
2026-08-22 03:53:37 - INFO -                 precision    recall  f1-score   support
2026-08-22 03:53:37 - INFO - 
2026-08-22 03:53:37 - INFO -       safe (0)     0.9130    0.8936    0.9032       235
2026-08-22 03:53:37 - INFO - vulnerable (1)     0.8894    0.9095    0.8993       221
2026-08-22 03:53:37 - INFO - 
2026-08-22 03:53:37 - INFO -       accuracy                         0.9013       456
2026-08-22 03:53:37 - INFO -      macro avg     0.9012    0.9016    0.9013       456
2026-08-22 03:53:37 - INFO -   weighted avg     0.9016    0.9013    0.9013       456
2026-08-22 03:53:37 - INFO - Confusion matrix - [[tn=210, fp=25], [fn=20, tp=201]]
2026-08-22 03:53:37 - INFO - probability_positive min=0.0008 mean=0.4848 std=0.4308 max=0.9991 predicted_0=230 predicted_1=226
2026-08-22 03:53:37 - INFO - [Classification Report - split=validation epoch=6 - threshold=0.50]
2026-08-22 03:53:37 - INFO -                 precision    recall  f1-score   support
2026-08-22 03:53:37 - INFO - 
2026-08-22 03:53:37 - INFO -       safe (0)     0.7821    0.8243    0.8026        74
2026-08-22 03:53:37 - INFO - vulnerable (1)     0.8243    0.7821    0.8026        78
2026-08-22 03:53:37 - INFO - 
2026-08-22 03:53:37 - INFO -       accuracy                         0.8026       152
2026-08-22 03:53:37 - INFO -      macro avg     0.8032    0.8032    0.8026       152
2026-08-22 03:53:37 - INFO -   weighted avg     0.8037    0.8026    0.8026       152
2026-08-22 03:53:37 - INFO - Confusion matrix - [[tn=61, fp=13], [fn=17, tp=61]]
2026-08-22 03:53:37 - INFO - probability_positive min=0.0005 mean=0.4992 std=0.4548 max=0.9995 predicted_0=78 predicted_1=74
2026-08-22 03:53:37 - INFO - New best model | Macro-F1: 0.802632 | Epoch: 6
2026-08-22 03:53:47 - INFO - Epoch 7/30 | Train loss: 0.172940 | Val loss: 0.674809 | LR: 2.00e-05 | Best epoch: 7 | Patience: 0 | Train: 8.40s | Validation: 0.96s | Epoch: 9.58s | Total: 67.04s
2026-08-22 03:53:47 - INFO - RecAdam target-task weight at epoch end: 0.999665
2026-08-22 03:53:47 - INFO - [Classification Report - split=train epoch=7 - threshold=0.50]
2026-08-22 03:53:47 - INFO -                 precision    recall  f1-score   support
2026-08-22 03:53:47 - INFO - 
2026-08-22 03:53:47 - INFO -       safe (0)     0.9359    0.9319    0.9339       235
2026-08-22 03:53:47 - INFO - vulnerable (1)     0.9279    0.9321    0.9300       221
2026-08-22 03:53:47 - INFO - 
2026-08-22 03:53:47 - INFO -       accuracy                         0.9320       456
2026-08-22 03:53:47 - INFO -      macro avg     0.9319    0.9320    0.9320       456
2026-08-22 03:53:47 - INFO -   weighted avg     0.9320    0.9320    0.9320       456
2026-08-22 03:53:47 - INFO - Confusion matrix - [[tn=219, fp=16], [fn=15, tp=206]]
2026-08-22 03:53:47 - INFO - probability_positive min=0.0005 mean=0.4875 std=0.4639 max=0.9993 predicted_0=234 predicted_1=222
2026-08-22 03:53:47 - INFO - [Classification Report - split=validation epoch=7 - threshold=0.50]
2026-08-22 03:53:47 - INFO -                 precision    recall  f1-score   support
2026-08-22 03:53:47 - INFO - 
2026-08-22 03:53:47 - INFO -       safe (0)     0.8082    0.7973    0.8027        74
2026-08-22 03:53:47 - INFO - vulnerable (1)     0.8101    0.8205    0.8153        78
2026-08-22 03:53:47 - INFO - 
2026-08-22 03:53:47 - INFO -       accuracy                         0.8092       152
2026-08-22 03:53:47 - INFO -      macro avg     0.8092    0.8089    0.8090       152
2026-08-22 03:53:47 - INFO -   weighted avg     0.8092    0.8092    0.8092       152
2026-08-22 03:53:47 - INFO - Confusion matrix - [[tn=59, fp=15], [fn=14, tp=64]]
2026-08-22 03:53:47 - INFO - probability_positive min=0.0004 mean=0.5070 std=0.4761 max=0.9996 predicted_0=73 predicted_1=79
2026-08-22 03:53:47 - INFO - New best model | Macro-F1: 0.809004 | Epoch: 7
2026-08-22 03:53:56 - INFO - Epoch 8/30 | Train loss: 0.134549 | Val loss: 0.718906 | LR: 2.00e-05 | Best epoch: 8 | Patience: 0 | Train: 8.40s | Validation: 0.96s | Epoch: 9.58s | Total: 76.63s
2026-08-22 03:53:56 - INFO - RecAdam target-task weight at epoch end: 0.999921
2026-08-22 03:53:56 - INFO - [Classification Report - split=train epoch=8 - threshold=0.50]
2026-08-22 03:53:56 - INFO -                 precision    recall  f1-score   support
2026-08-22 03:53:56 - INFO - 
2026-08-22 03:53:56 - INFO -       safe (0)     0.9454    0.9574    0.9514       235
2026-08-22 03:53:56 - INFO - vulnerable (1)     0.9541    0.9412    0.9476       221
2026-08-22 03:53:56 - INFO - 
2026-08-22 03:53:56 - INFO -       accuracy                         0.9496       456
2026-08-22 03:53:56 - INFO -      macro avg     0.9498    0.9493    0.9495       456
2026-08-22 03:53:56 - INFO -   weighted avg     0.9496    0.9496    0.9495       456
2026-08-22 03:53:56 - INFO - Confusion matrix - [[tn=225, fp=10], [fn=13, tp=208]]
2026-08-22 03:53:56 - INFO - probability_positive min=0.0005 mean=0.4859 std=0.4713 max=0.9996 predicted_0=238 predicted_1=218
2026-08-22 03:53:56 - INFO - [Classification Report - split=validation epoch=8 - threshold=0.50]
2026-08-22 03:53:56 - INFO -                 precision    recall  f1-score   support
2026-08-22 03:53:56 - INFO - 
2026-08-22 03:53:56 - INFO -       safe (0)     0.7922    0.8243    0.8079        74
2026-08-22 03:53:56 - INFO - vulnerable (1)     0.8267    0.7949    0.8105        78
2026-08-22 03:53:56 - INFO - 
2026-08-22 03:53:56 - INFO -       accuracy                         0.8092       152
2026-08-22 03:53:56 - INFO -      macro avg     0.8094    0.8096    0.8092       152
2026-08-22 03:53:56 - INFO -   weighted avg     0.8099    0.8092    0.8092       152
2026-08-22 03:53:56 - INFO - Confusion matrix - [[tn=61, fp=13], [fn=16, tp=62]]
2026-08-22 03:53:56 - INFO - probability_positive min=0.0003 mean=0.4833 std=0.4728 max=0.9996 predicted_0=77 predicted_1=75
2026-08-22 03:53:56 - INFO - New best model | Macro-F1: 0.809202 | Epoch: 8
2026-08-22 03:54:06 - INFO - Epoch 9/30 | Train loss: 0.133082 | Val loss: 0.649642 | LR: 2.00e-05 | Best epoch: 9 | Patience: 0 | Train: 8.41s | Validation: 0.96s | Epoch: 9.58s | Total: 86.22s
2026-08-22 03:54:06 - INFO - RecAdam target-task weight at epoch end: 0.999982
2026-08-22 03:54:06 - INFO - [Classification Report - split=train epoch=9 - threshold=0.50]
2026-08-22 03:54:06 - INFO -                 precision    recall  f1-score   support
2026-08-22 03:54:06 - INFO - 
2026-08-22 03:54:06 - INFO -       safe (0)     0.9268    0.9702    0.9480       235
2026-08-22 03:54:06 - INFO - vulnerable (1)     0.9667    0.9186    0.9420       221
2026-08-22 03:54:06 - INFO - 
2026-08-22 03:54:06 - INFO -       accuracy                         0.9452       456
2026-08-22 03:54:06 - INFO -      macro avg     0.9467    0.9444    0.9450       456
2026-08-22 03:54:06 - INFO -   weighted avg     0.9461    0.9452    0.9451       456
2026-08-22 03:54:06 - INFO - Confusion matrix - [[tn=228, fp=7], [fn=18, tp=203]]
2026-08-22 03:54:06 - INFO - probability_positive min=0.0003 mean=0.4619 std=0.4677 max=0.9995 predicted_0=246 predicted_1=210
2026-08-22 03:54:06 - INFO - [Classification Report - split=validation epoch=9 - threshold=0.50]
2026-08-22 03:54:06 - INFO -                 precision    recall  f1-score   support
2026-08-22 03:54:06 - INFO - 
2026-08-22 03:54:06 - INFO -       safe (0)     0.8356    0.8243    0.8299        74
2026-08-22 03:54:06 - INFO - vulnerable (1)     0.8354    0.8462    0.8408        78
2026-08-22 03:54:06 - INFO - 
2026-08-22 03:54:06 - INFO -       accuracy                         0.8355       152
2026-08-22 03:54:06 - INFO -      macro avg     0.8355    0.8352    0.8353       152
2026-08-22 03:54:06 - INFO -   weighted avg     0.8355    0.8355    0.8355       152
2026-08-22 03:54:06 - INFO - Confusion matrix - [[tn=61, fp=13], [fn=12, tp=66]]
2026-08-22 03:54:06 - INFO - probability_positive min=0.0003 mean=0.5227 std=0.4767 max=0.9997 predicted_0=73 predicted_1=79
2026-08-22 03:54:06 - INFO - New best model | Macro-F1: 0.835348 | Epoch: 9
2026-08-22 03:54:15 - INFO - Epoch 10/30 | Train loss: 0.103449 | Val loss: 1.035649 | LR: 2.00e-05 | Best epoch: 9 | Patience: 1 | Train: 8.40s | Validation: 0.96s | Epoch: 9.36s | Total: 95.60s
2026-08-22 03:54:15 - INFO - RecAdam target-task weight at epoch end: 0.999996
2026-08-22 03:54:15 - INFO - [Classification Report - split=train epoch=10 - threshold=0.50]
2026-08-22 03:54:15 - INFO -                 precision    recall  f1-score   support
2026-08-22 03:54:15 - INFO - 
2026-08-22 03:54:15 - INFO -       safe (0)     0.9496    0.9617    0.9556       235
2026-08-22 03:54:15 - INFO - vulnerable (1)     0.9587    0.9457    0.9522       221
2026-08-22 03:54:15 - INFO - 
2026-08-22 03:54:15 - INFO -       accuracy                         0.9539       456
2026-08-22 03:54:15 - INFO -      macro avg     0.9541    0.9537    0.9539       456
2026-08-22 03:54:15 - INFO -   weighted avg     0.9540    0.9539    0.9539       456
2026-08-22 03:54:15 - INFO - Confusion matrix - [[tn=226, fp=9], [fn=12, tp=209]]
2026-08-22 03:54:15 - INFO - probability_positive min=0.0003 mean=0.4809 std=0.4794 max=0.9996 predicted_0=238 predicted_1=218
2026-08-22 03:54:15 - INFO - [Classification Report - split=validation epoch=10 - threshold=0.50]
2026-08-22 03:54:15 - INFO -                 precision    recall  f1-score   support
2026-08-22 03:54:15 - INFO - 
2026-08-22 03:54:15 - INFO -       safe (0)     0.7722    0.8243    0.7974        74
2026-08-22 03:54:15 - INFO - vulnerable (1)     0.8219    0.7692    0.7947        78
2026-08-22 03:54:15 - INFO - 
2026-08-22 03:54:15 - INFO -       accuracy                         0.7961       152
2026-08-22 03:54:15 - INFO -      macro avg     0.7970    0.7968    0.7960       152
2026-08-22 03:54:15 - INFO -   weighted avg     0.7977    0.7961    0.7960       152
2026-08-22 03:54:15 - INFO - Confusion matrix - [[tn=61, fp=13], [fn=18, tp=60]]
2026-08-22 03:54:15 - INFO - probability_positive min=0.0003 mean=0.4898 std=0.4875 max=0.9997 predicted_0=79 predicted_1=73
2026-08-22 03:54:25 - INFO - Epoch 11/30 | Train loss: 0.082445 | Val loss: 1.180166 | LR: 2.00e-05 | Best epoch: 9 | Patience: 2 | Train: 8.40s | Validation: 0.96s | Epoch: 9.36s | Total: 104.96s
2026-08-22 03:54:25 - INFO - RecAdam target-task weight at epoch end: 0.999999
2026-08-22 03:54:25 - INFO - [Classification Report - split=train epoch=11 - threshold=0.50]
2026-08-22 03:54:25 - INFO -                 precision    recall  f1-score   support
2026-08-22 03:54:25 - INFO - 
2026-08-22 03:54:25 - INFO -       safe (0)     0.9740    0.9574    0.9657       235
2026-08-22 03:54:25 - INFO - vulnerable (1)     0.9556    0.9729    0.9641       221
2026-08-22 03:54:25 - INFO - 
2026-08-22 03:54:25 - INFO -       accuracy                         0.9649       456
2026-08-22 03:54:25 - INFO -      macro avg     0.9648    0.9651    0.9649       456
2026-08-22 03:54:25 - INFO -   weighted avg     0.9651    0.9649    0.9649       456
2026-08-22 03:54:25 - INFO - Confusion matrix - [[tn=225, fp=10], [fn=6, tp=215]]
2026-08-22 03:54:25 - INFO - probability_positive min=0.0003 mean=0.4920 std=0.4881 max=0.9997 predicted_0=231 predicted_1=225
2026-08-22 03:54:25 - INFO - [Classification Report - split=validation epoch=11 - threshold=0.50]
2026-08-22 03:54:25 - INFO -                 precision    recall  f1-score   support
2026-08-22 03:54:25 - INFO - 
2026-08-22 03:54:25 - INFO -       safe (0)     0.7821    0.8243    0.8026        74
2026-08-22 03:54:25 - INFO - vulnerable (1)     0.8243    0.7821    0.8026        78
2026-08-22 03:54:25 - INFO - 
2026-08-22 03:54:25 - INFO -       accuracy                         0.8026       152
2026-08-22 03:54:25 - INFO -      macro avg     0.8032    0.8032    0.8026       152
2026-08-22 03:54:25 - INFO -   weighted avg     0.8037    0.8026    0.8026       152
2026-08-22 03:54:25 - INFO - Confusion matrix - [[tn=61, fp=13], [fn=17, tp=61]]
2026-08-22 03:54:25 - INFO - probability_positive min=0.0002 mean=0.4856 std=0.4897 max=0.9995 predicted_0=78 predicted_1=74
2026-08-22 03:54:34 - INFO - Epoch 12/30 | Train loss: 0.064009 | Val loss: 1.047771 | LR: 2.00e-05 | Best epoch: 9 | Patience: 3 | Train: 8.40s | Validation: 0.96s | Epoch: 9.36s | Total: 114.32s
2026-08-22 03:54:34 - INFO - RecAdam target-task weight at epoch end: 1.000000
2026-08-22 03:54:34 - INFO - [Classification Report - split=train epoch=12 - threshold=0.50]
2026-08-22 03:54:34 - INFO -                 precision    recall  f1-score   support
2026-08-22 03:54:34 - INFO - 
2026-08-22 03:54:34 - INFO -       safe (0)     0.9828    0.9702    0.9764       235
2026-08-22 03:54:34 - INFO - vulnerable (1)     0.9688    0.9819    0.9753       221
2026-08-22 03:54:34 - INFO - 
2026-08-22 03:54:34 - INFO -       accuracy                         0.9759       456
2026-08-22 03:54:34 - INFO -      macro avg     0.9758    0.9761    0.9759       456
2026-08-22 03:54:34 - INFO -   weighted avg     0.9760    0.9759    0.9759       456
2026-08-22 03:54:34 - INFO - Confusion matrix - [[tn=228, fp=7], [fn=4, tp=217]]
2026-08-22 03:54:34 - INFO - probability_positive min=0.0003 mean=0.4866 std=0.4913 max=0.9995 predicted_0=232 predicted_1=224
2026-08-22 03:54:34 - INFO - [Classification Report - split=validation epoch=12 - threshold=0.50]
2026-08-22 03:54:34 - INFO -                 precision    recall  f1-score   support
2026-08-22 03:54:34 - INFO - 
2026-08-22 03:54:34 - INFO -       safe (0)     0.7821    0.8243    0.8026        74
2026-08-22 03:54:34 - INFO - vulnerable (1)     0.8243    0.7821    0.8026        78
2026-08-22 03:54:34 - INFO - 
2026-08-22 03:54:34 - INFO -       accuracy                         0.8026       152
2026-08-22 03:54:34 - INFO -      macro avg     0.8032    0.8032    0.8026       152
2026-08-22 03:54:34 - INFO -   weighted avg     0.8037    0.8026    0.8026       152
2026-08-22 03:54:34 - INFO - Confusion matrix - [[tn=61, fp=13], [fn=17, tp=61]]
2026-08-22 03:54:34 - INFO - probability_positive min=0.0002 mean=0.4883 std=0.4856 max=0.9995 predicted_0=78 predicted_1=74
2026-08-22 03:54:43 - INFO - Epoch 13/30 | Train loss: 0.061304 | Val loss: 1.116638 | LR: 2.00e-05 | Best epoch: 9 | Patience: 4 | Train: 8.40s | Validation: 0.96s | Epoch: 9.36s | Total: 123.69s
2026-08-22 03:54:43 - INFO - RecAdam target-task weight at epoch end: 1.000000
2026-08-22 03:54:43 - INFO - [Classification Report - split=train epoch=13 - threshold=0.50]
2026-08-22 03:54:43 - INFO -                 precision    recall  f1-score   support
2026-08-22 03:54:43 - INFO - 
2026-08-22 03:54:43 - INFO -       safe (0)     0.9745    0.9745    0.9745       235
2026-08-22 03:54:43 - INFO - vulnerable (1)     0.9729    0.9729    0.9729       221
2026-08-22 03:54:43 - INFO - 
2026-08-22 03:54:43 - INFO -       accuracy                         0.9737       456
2026-08-22 03:54:43 - INFO -      macro avg     0.9737    0.9737    0.9737       456
2026-08-22 03:54:43 - INFO -   weighted avg     0.9737    0.9737    0.9737       456
2026-08-22 03:54:43 - INFO - Confusion matrix - [[tn=229, fp=6], [fn=6, tp=215]]
2026-08-22 03:54:43 - INFO - probability_positive min=0.0003 mean=0.4830 std=0.4886 max=0.9995 predicted_0=235 predicted_1=221
2026-08-22 03:54:43 - INFO - [Classification Report - split=validation epoch=13 - threshold=0.50]
2026-08-22 03:54:43 - INFO -                 precision    recall  f1-score   support
2026-08-22 03:54:43 - INFO - 
2026-08-22 03:54:43 - INFO -       safe (0)     0.8310    0.7973    0.8138        74
2026-08-22 03:54:43 - INFO - vulnerable (1)     0.8148    0.8462    0.8302        78
2026-08-22 03:54:43 - INFO - 
2026-08-22 03:54:43 - INFO -       accuracy                         0.8224       152
2026-08-22 03:54:43 - INFO -      macro avg     0.8229    0.8217    0.8220       152
2026-08-22 03:54:43 - INFO -   weighted avg     0.8227    0.8224    0.8222       152
2026-08-22 03:54:43 - INFO - Confusion matrix - [[tn=59, fp=15], [fn=12, tp=66]]
2026-08-22 03:54:43 - INFO - probability_positive min=0.0002 mean=0.5256 std=0.4922 max=0.9997 predicted_0=71 predicted_1=81
2026-08-22 03:54:53 - INFO - Epoch 14/30 | Train loss: 0.043069 | Val loss: 1.196999 | LR: 2.00e-05 | Best epoch: 9 | Patience: 5 | Train: 8.40s | Validation: 0.96s | Epoch: 9.36s | Total: 133.05s
2026-08-22 03:54:53 - INFO - RecAdam target-task weight at epoch end: 1.000000
2026-08-22 03:54:53 - INFO - [Classification Report - split=train epoch=14 - threshold=0.50]
2026-08-22 03:54:53 - INFO -                 precision    recall  f1-score   support
2026-08-22 03:54:53 - INFO - 
2026-08-22 03:54:53 - INFO -       safe (0)     0.9790    0.9915    0.9852       235
2026-08-22 03:54:53 - INFO - vulnerable (1)     0.9908    0.9774    0.9841       221
2026-08-22 03:54:53 - INFO - 
2026-08-22 03:54:53 - INFO -       accuracy                         0.9846       456
2026-08-22 03:54:53 - INFO -      macro avg     0.9849    0.9844    0.9846       456
2026-08-22 03:54:53 - INFO -   weighted avg     0.9847    0.9846    0.9846       456
2026-08-22 03:54:53 - INFO - Confusion matrix - [[tn=233, fp=2], [fn=5, tp=216]]
2026-08-22 03:54:53 - INFO - probability_positive min=0.0002 mean=0.4831 std=0.4922 max=0.9996 predicted_0=238 predicted_1=218
2026-08-22 03:54:53 - INFO - [Classification Report - split=validation epoch=14 - threshold=0.50]
2026-08-22 03:54:53 - INFO -                 precision    recall  f1-score   support
2026-08-22 03:54:53 - INFO - 
2026-08-22 03:54:53 - INFO -       safe (0)     0.8194    0.7973    0.8082        74
2026-08-22 03:54:53 - INFO - vulnerable (1)     0.8125    0.8333    0.8228        78
2026-08-22 03:54:53 - INFO - 
2026-08-22 03:54:53 - INFO -       accuracy                         0.8158       152
2026-08-22 03:54:53 - INFO -      macro avg     0.8160    0.8153    0.8155       152
2026-08-22 03:54:53 - INFO -   weighted avg     0.8159    0.8158    0.8157       152
2026-08-22 03:54:53 - INFO - Confusion matrix - [[tn=59, fp=15], [fn=13, tp=65]]
2026-08-22 03:54:53 - INFO - probability_positive min=0.0002 mean=0.5181 std=0.4895 max=0.9997 predicted_0=72 predicted_1=80
2026-08-22 03:54:53 - INFO - Early stopping | Epoch: 14 | Best epoch: 9
2026-08-22 03:54:53 - INFO - Best checkpoint saved | Path: model/fam1_t5p/transfer_cwe/seed_42/fold1/best.pt | Epoch: 9 | Val macro_f1: 0.835348
2026-08-22 03:54:53 - INFO - Training finished | Elapsed: 133.06s
2026-08-22 03:54:53 - INFO - Run finished | Phase: phase2 | Fold: 1 | Seed: 42 | Elapsed: 135.91s
