2026-08-22 12:00:46 - INFO - Using device: cuda
2026-08-22 12:00:46 - INFO - Run started | Run: emb2_emb | Method: transfer_latent_proto | Phase: phase1 | Fold: 1 | Seed: 42 | Device: cuda
2026-08-22 12:00:46 - INFO - Loading Phase-1 source data: data/train_ccpp_js.jsonl
2026-08-22 12:00:46 - INFO - Detected Phase-1 languages: ['ccpp', 'js']
2026-08-22 12:00:46 - INFO - Auxiliary CWE vocabulary: fixed four-way {'CWE-022': 0, 'CWE-078': 1, 'CWE-079': 2, 'CWE-089': 3}
2026-08-22 12:00:46 - INFO - Source split | Language: ccpp | Conservative pairs: 73 | Singletons: 0 | Stratified: True | Ratio: 90/10 | Seed: 42
2026-08-22 12:00:46 - INFO - Source split | Language: js | Conservative pairs: 565 | Singletons: 8 | Stratified: True | Ratio: 90/10 | Seed: 43
2026-08-22 12:00:46 - INFO - Combined source split | Languages: ['ccpp', 'js'] | Train: 1152 | Validation: 132
2026-08-22 12:00:46 - WARNING - No upstream pair/repo/commit IDs: adjacent groups are protected, but distant near-duplicate families may still cross source train/validation
2026-08-22 12:00:46 - INFO - Data split: source_train | Total: 1152 | Labels: {0: 577, 1: 575} | CWEs: {'CWE-022': 118, 'CWE-078': 168, 'CWE-079': 744, 'CWE-089': 122} | Languages: {'ccpp': 130, 'js': 1022} | Invalid CWE: 0
2026-08-22 12:00:46 - INFO - Data split: source_val | Total: 132 | Labels: {0: 66, 1: 66} | CWEs: {'CWE-022': 14, 'CWE-078': 20, 'CWE-079': 86, 'CWE-089': 12} | Languages: {'ccpp': 16, 'js': 116} | Invalid CWE: 0
2026-08-22 12:00:48 - INFO - Environment: {"components": {"backbone": {"frozen": 0, "total": 109609344, "trainable": 109609344}, "latent_proj": {"frozen": 0, "total": 596744, "trainable": 596744}, "vul_head": {"frozen": 0, "total": 1538, "trainable": 1538}}, "cuda": "12.8", "fold": 1, "frozen_parameters": 0, "gpu": "NVIDIA GeForce RTX 5070 Ti", "hyperparameters": {"anneal_fun": "sigmoid", "anneal_k": 0.05, "anneal_t0_ratio": 0.05, "anneal_w": 1.0, "aux_mode": "latent_proto", "batch_size": 16, "checkpoint_path": "model/emb2_emb/transfer_latent_proto/seed_42/source/best.pt", "cwe_vocab": "fixed4", "data_path": "data/train_ccpp_js.jsonl", "data_root": "data/sven_python_folds_norm", "epochs": 15, "eval_batch_size": 16, "fold": 1, "freeze_backbone_layers": 0, "freeze_prototypes_steps": 0, "lambda_cwe": 0.05, "latent_temperature": 0.1, "learning_rate": 2e-05, "lora_rank": 0, "lp_epochs": 0, "lp_learning_rate": 0.001, "max_eval_samples": null, "max_grad_norm": 1.0, "max_length": 512, "max_train_samples": null, "method_name": "transfer_latent_proto", "min_epochs": 3, "model_name": "Salesforce/codet5p-110m-embedding", "num_cwes": 4, "num_latent": 8, "num_workers": 0, "output_dir": "results/emb2_emb/transfer_latent_proto", "patience": 5, "phase": "phase1", "phase2_optimizer": "recadam", "pooling": "mean", "pretrain_cof": 5000.0, "recadam_anchor": "source", "result_path": "results/emb2_emb/transfer_latent_proto/seed_42/fold1.json", "run_name": "emb2_emb", "sam_rho": 0.0, "seed": 42, "selection_metric": "macro_f1", "source_checkpoint": null, "source_interpolation": 1.0, "strict_determinism": false, "target_lang": "python", "test_path": null, "train_path": null, "truncation_strategy": "head_middle_tail", "val_path": null, "weight_decay": 0.01}, "mode": "phase1_train", "model_name": "Salesforce/codet5p-110m-embedding", "seed": 42, "sklearn": "1.9.0", "torch": "2.11.0+cu128", "trainable_parameters": 110207626, "transformers": "4.57.1"}
2026-08-22 12:00:48 - INFO - Training started | Phase: phase1 | Epochs: 15
2026-08-22 12:01:11 - INFO - Epoch 1/15 | Train loss: 0.776480 | Val loss: 0.773621 | LR: 2.00e-05 | Best epoch: 1 | Patience: 0 | Train: 22.15s | Validation: 0.88s | Epoch: 23.25s | Total: 23.25s
2026-08-22 12:01:11 - INFO - Phase-1 losses | Vulnerability: 0.703200 | CWE: 1.465597 | Total: 0.776480
2026-08-22 12:01:11 - INFO - Latent structure | Slots used: 8/8 | Largest slot: 0.194 | NMI vs CWE: 0.0482 | NMI vs binary: 0.0050
2026-08-22 12:01:11 - INFO - [Classification Report - split=train epoch=1 - threshold=0.50]
2026-08-22 12:01:11 - INFO -                 precision    recall  f1-score   support
2026-08-22 12:01:11 - INFO - 
2026-08-22 12:01:11 - INFO -       safe (0)     0.4558    0.5095    0.4812       577
2026-08-22 12:01:11 - INFO - vulnerable (1)     0.4418    0.3896    0.4140       575
2026-08-22 12:01:11 - INFO - 
2026-08-22 12:01:11 - INFO -       accuracy                         0.4497      1152
2026-08-22 12:01:11 - INFO -      macro avg     0.4488    0.4495    0.4476      1152
2026-08-22 12:01:11 - INFO -   weighted avg     0.4488    0.4497    0.4477      1152
2026-08-22 12:01:11 - INFO - Confusion matrix - [[tn=294, fp=283], [fn=351, tp=224]]
2026-08-22 12:01:11 - INFO - probability_positive min=0.3940 mean=0.4927 std=0.0321 max=0.6045 predicted_0=645 predicted_1=507
2026-08-22 12:01:11 - INFO - [Classification Report - split=validation epoch=1 - threshold=0.50]
2026-08-22 12:01:11 - INFO -                 precision    recall  f1-score   support
2026-08-22 12:01:11 - INFO - 
2026-08-22 12:01:11 - INFO -       safe (0)     0.5455    0.3636    0.4364        66
2026-08-22 12:01:11 - INFO - vulnerable (1)     0.5227    0.6970    0.5974        66
2026-08-22 12:01:11 - INFO - 
2026-08-22 12:01:11 - INFO -       accuracy                         0.5303       132
2026-08-22 12:01:11 - INFO -      macro avg     0.5341    0.5303    0.5169       132
2026-08-22 12:01:11 - INFO -   weighted avg     0.5341    0.5303    0.5169       132
2026-08-22 12:01:11 - INFO - Confusion matrix - [[tn=24, fp=42], [fn=20, tp=46]]
2026-08-22 12:01:11 - INFO - probability_positive min=0.4448 mean=0.5067 std=0.0196 max=0.5506 predicted_0=44 predicted_1=88
2026-08-22 12:01:11 - INFO - New best model | Macro-F1: 0.516883 | Epoch: 1
2026-08-22 12:01:34 - INFO - Epoch 2/15 | Train loss: 0.750391 | Val loss: 0.772500 | LR: 2.00e-05 | Best epoch: 1 | Patience: 0 | Train: 21.91s | Validation: 0.87s | Epoch: 22.79s | Total: 46.04s
2026-08-22 12:01:34 - INFO - Phase-1 losses | Vulnerability: 0.696412 | CWE: 1.079576 | Total: 0.750391
2026-08-22 12:01:34 - INFO - Latent structure | Slots used: 8/8 | Largest slot: 0.188 | NMI vs CWE: 0.0840 | NMI vs binary: 0.0023
2026-08-22 12:01:34 - INFO - [Classification Report - split=train epoch=2 - threshold=0.50]
2026-08-22 12:01:34 - INFO -                 precision    recall  f1-score   support
2026-08-22 12:01:34 - INFO - 
2026-08-22 12:01:34 - INFO -       safe (0)     0.5165    0.5147    0.5156       577
2026-08-22 12:01:34 - INFO - vulnerable (1)     0.5147    0.5165    0.5156       575
2026-08-22 12:01:34 - INFO - 
2026-08-22 12:01:34 - INFO -       accuracy                         0.5156      1152
2026-08-22 12:01:34 - INFO -      macro avg     0.5156    0.5156    0.5156      1152
2026-08-22 12:01:34 - INFO -   weighted avg     0.5156    0.5156    0.5156      1152
2026-08-22 12:01:34 - INFO - Confusion matrix - [[tn=297, fp=280], [fn=278, tp=297]]
2026-08-22 12:01:34 - INFO - probability_positive min=0.3119 mean=0.4864 std=0.0620 max=0.6378 predicted_0=575 predicted_1=577
2026-08-22 12:01:34 - INFO - [Classification Report - split=validation epoch=2 - threshold=0.50]
2026-08-22 12:01:34 - INFO -                 precision    recall  f1-score   support
2026-08-22 12:01:34 - INFO - 
2026-08-22 12:01:34 - INFO -       safe (0)     0.5039    0.9697    0.6632        66
2026-08-22 12:01:34 - INFO - vulnerable (1)     0.6000    0.0455    0.0845        66
2026-08-22 12:01:34 - INFO - 
2026-08-22 12:01:34 - INFO -       accuracy                         0.5076       132
2026-08-22 12:01:34 - INFO -      macro avg     0.5520    0.5076    0.3739       132
2026-08-22 12:01:34 - INFO -   weighted avg     0.5520    0.5076    0.3739       132
2026-08-22 12:01:34 - INFO - Confusion matrix - [[tn=64, fp=2], [fn=63, tp=3]]
2026-08-22 12:01:34 - INFO - probability_positive min=0.4047 mean=0.4557 std=0.0234 max=0.5191 predicted_0=127 predicted_1=5
2026-08-22 12:01:57 - INFO - Epoch 3/15 | Train loss: 0.739768 | Val loss: 0.759497 | LR: 2.00e-05 | Best epoch: 1 | Patience: 1 | Train: 21.88s | Validation: 0.88s | Epoch: 22.76s | Total: 68.81s
2026-08-22 12:01:57 - INFO - Phase-1 losses | Vulnerability: 0.693610 | CWE: 0.923153 | Total: 0.739768
2026-08-22 12:01:57 - INFO - Latent structure | Slots used: 8/8 | Largest slot: 0.168 | NMI vs CWE: 0.1049 | NMI vs binary: 0.0014
2026-08-22 12:01:57 - INFO - [Classification Report - split=train epoch=3 - threshold=0.50]
2026-08-22 12:01:57 - INFO -                 precision    recall  f1-score   support
2026-08-22 12:01:57 - INFO - 
2026-08-22 12:01:57 - INFO -       safe (0)     0.5078    0.4506    0.4775       577
2026-08-22 12:01:57 - INFO - vulnerable (1)     0.5047    0.5617    0.5317       575
2026-08-22 12:01:57 - INFO - 
2026-08-22 12:01:57 - INFO -       accuracy                         0.5061      1152
2026-08-22 12:01:57 - INFO -      macro avg     0.5062    0.5062    0.5046      1152
2026-08-22 12:01:57 - INFO -   weighted avg     0.5063    0.5061    0.5045      1152
2026-08-22 12:01:57 - INFO - Confusion matrix - [[tn=260, fp=317], [fn=252, tp=323]]
2026-08-22 12:01:57 - INFO - probability_positive min=0.3712 mean=0.5045 std=0.0456 max=0.6130 predicted_0=512 predicted_1=640
2026-08-22 12:01:57 - INFO - [Classification Report - split=validation epoch=3 - threshold=0.50]
2026-08-22 12:01:57 - INFO -                 precision    recall  f1-score   support
2026-08-22 12:01:57 - INFO - 
2026-08-22 12:01:57 - INFO -       safe (0)     0.6190    0.1970    0.2989        66
2026-08-22 12:01:57 - INFO - vulnerable (1)     0.5225    0.8788    0.6554        66
2026-08-22 12:01:57 - INFO - 
2026-08-22 12:01:57 - INFO -       accuracy                         0.5379       132
2026-08-22 12:01:57 - INFO -      macro avg     0.5708    0.5379    0.4771       132
2026-08-22 12:01:57 - INFO -   weighted avg     0.5708    0.5379    0.4771       132
2026-08-22 12:01:57 - INFO - Confusion matrix - [[tn=13, fp=53], [fn=8, tp=58]]
2026-08-22 12:01:57 - INFO - probability_positive min=0.4430 mean=0.5312 std=0.0273 max=0.6076 predicted_0=21 predicted_1=111
2026-08-22 12:02:20 - INFO - Epoch 4/15 | Train loss: 0.729796 | Val loss: 0.748167 | LR: 2.00e-05 | Best epoch: 4 | Patience: 0 | Train: 21.86s | Validation: 0.87s | Epoch: 22.96s | Total: 91.77s
2026-08-22 12:02:20 - INFO - Phase-1 losses | Vulnerability: 0.685715 | CWE: 0.881636 | Total: 0.729796
2026-08-22 12:02:20 - INFO - Latent structure | Slots used: 8/8 | Largest slot: 0.170 | NMI vs CWE: 0.1221 | NMI vs binary: 0.0013
2026-08-22 12:02:20 - INFO - [Classification Report - split=train epoch=4 - threshold=0.50]
2026-08-22 12:02:20 - INFO -                 precision    recall  f1-score   support
2026-08-22 12:02:20 - INFO - 
2026-08-22 12:02:20 - INFO -       safe (0)     0.5703    0.4922    0.5284       577
2026-08-22 12:02:20 - INFO - vulnerable (1)     0.5520    0.6278    0.5875       575
2026-08-22 12:02:20 - INFO - 
2026-08-22 12:02:20 - INFO -       accuracy                         0.5599      1152
2026-08-22 12:02:20 - INFO -      macro avg     0.5611    0.5600    0.5579      1152
2026-08-22 12:02:20 - INFO -   weighted avg     0.5612    0.5599    0.5579      1152
2026-08-22 12:02:20 - INFO - Confusion matrix - [[tn=284, fp=293], [fn=214, tp=361]]
2026-08-22 12:02:20 - INFO - probability_positive min=0.2745 mean=0.5039 std=0.0654 max=0.6753 predicted_0=498 predicted_1=654
2026-08-22 12:02:20 - INFO - [Classification Report - split=validation epoch=4 - threshold=0.50]
2026-08-22 12:02:20 - INFO -                 precision    recall  f1-score   support
2026-08-22 12:02:20 - INFO - 
2026-08-22 12:02:20 - INFO -       safe (0)     0.6216    0.3485    0.4466        66
2026-08-22 12:02:20 - INFO - vulnerable (1)     0.5474    0.7879    0.6460        66
2026-08-22 12:02:20 - INFO - 
2026-08-22 12:02:20 - INFO -       accuracy                         0.5682       132
2026-08-22 12:02:20 - INFO -      macro avg     0.5845    0.5682    0.5463       132
2026-08-22 12:02:20 - INFO -   weighted avg     0.5845    0.5682    0.5463       132
2026-08-22 12:02:20 - INFO - Confusion matrix - [[tn=23, fp=43], [fn=14, tp=52]]
2026-08-22 12:02:20 - INFO - probability_positive min=0.2594 mean=0.5047 std=0.0605 max=0.6182 predicted_0=37 predicted_1=95
2026-08-22 12:02:20 - INFO - New best model | Macro-F1: 0.546282 | Epoch: 4
2026-08-22 12:02:43 - INFO - Epoch 5/15 | Train loss: 0.717133 | Val loss: 0.743026 | LR: 2.00e-05 | Best epoch: 5 | Patience: 0 | Train: 21.86s | Validation: 0.88s | Epoch: 22.96s | Total: 114.75s
2026-08-22 12:02:43 - INFO - Phase-1 losses | Vulnerability: 0.677321 | CWE: 0.796238 | Total: 0.717133
2026-08-22 12:02:43 - INFO - Latent structure | Slots used: 8/8 | Largest slot: 0.160 | NMI vs CWE: 0.1188 | NMI vs binary: 0.0015
2026-08-22 12:02:43 - INFO - [Classification Report - split=train epoch=5 - threshold=0.50]
2026-08-22 12:02:43 - INFO -                 precision    recall  f1-score   support
2026-08-22 12:02:43 - INFO - 
2026-08-22 12:02:43 - INFO -       safe (0)     0.5832    0.5043    0.5409       577
2026-08-22 12:02:43 - INFO - vulnerable (1)     0.5620    0.6383    0.5977       575
2026-08-22 12:02:43 - INFO - 
2026-08-22 12:02:43 - INFO -       accuracy                         0.5712      1152
2026-08-22 12:02:43 - INFO -      macro avg     0.5726    0.5713    0.5693      1152
2026-08-22 12:02:43 - INFO -   weighted avg     0.5726    0.5712    0.5693      1152
2026-08-22 12:02:43 - INFO - Confusion matrix - [[tn=291, fp=286], [fn=208, tp=367]]
2026-08-22 12:02:43 - INFO - probability_positive min=0.0970 mean=0.4983 std=0.1028 max=0.7584 predicted_0=499 predicted_1=653
2026-08-22 12:02:43 - INFO - [Classification Report - split=validation epoch=5 - threshold=0.50]
2026-08-22 12:02:43 - INFO -                 precision    recall  f1-score   support
2026-08-22 12:02:43 - INFO - 
2026-08-22 12:02:43 - INFO -       safe (0)     0.5657    0.8485    0.6788        66
2026-08-22 12:02:43 - INFO - vulnerable (1)     0.6970    0.3485    0.4646        66
2026-08-22 12:02:43 - INFO - 
2026-08-22 12:02:43 - INFO -       accuracy                         0.5985       132
2026-08-22 12:02:43 - INFO -      macro avg     0.6313    0.5985    0.5717       132
2026-08-22 12:02:43 - INFO -   weighted avg     0.6313    0.5985    0.5717       132
2026-08-22 12:02:43 - INFO - Confusion matrix - [[tn=56, fp=10], [fn=43, tp=23]]
2026-08-22 12:02:43 - INFO - probability_positive min=0.1567 mean=0.4561 std=0.0858 max=0.6947 predicted_0=99 predicted_1=33
2026-08-22 12:02:43 - INFO - New best model | Macro-F1: 0.571717 | Epoch: 5
2026-08-22 12:03:06 - INFO - Epoch 6/15 | Train loss: 0.698024 | Val loss: 0.719647 | LR: 2.00e-05 | Best epoch: 6 | Patience: 0 | Train: 21.87s | Validation: 0.87s | Epoch: 22.96s | Total: 137.72s
2026-08-22 12:03:06 - INFO - Phase-1 losses | Vulnerability: 0.656970 | CWE: 0.821090 | Total: 0.698024
2026-08-22 12:03:06 - INFO - Latent structure | Slots used: 8/8 | Largest slot: 0.172 | NMI vs CWE: 0.1049 | NMI vs binary: 0.0017
2026-08-22 12:03:06 - INFO - [Classification Report - split=train epoch=6 - threshold=0.50]
2026-08-22 12:03:06 - INFO -                 precision    recall  f1-score   support
2026-08-22 12:03:06 - INFO - 
2026-08-22 12:03:06 - INFO -       safe (0)     0.5984    0.5269    0.5604       577
2026-08-22 12:03:06 - INFO - vulnerable (1)     0.5761    0.6452    0.6087       575
2026-08-22 12:03:06 - INFO - 
2026-08-22 12:03:06 - INFO -       accuracy                         0.5859      1152
2026-08-22 12:03:06 - INFO -      macro avg     0.5873    0.5860    0.5845      1152
2026-08-22 12:03:06 - INFO -   weighted avg     0.5873    0.5859    0.5845      1152
2026-08-22 12:03:06 - INFO - Confusion matrix - [[tn=304, fp=273], [fn=204, tp=371]]
2026-08-22 12:03:06 - INFO - probability_positive min=0.0992 mean=0.5000 std=0.1031 max=0.8386 predicted_0=508 predicted_1=644
2026-08-22 12:03:06 - INFO - [Classification Report - split=validation epoch=6 - threshold=0.50]
2026-08-22 12:03:06 - INFO -                 precision    recall  f1-score   support
2026-08-22 12:03:06 - INFO - 
2026-08-22 12:03:06 - INFO -       safe (0)     0.6154    0.6061    0.6107        66
2026-08-22 12:03:06 - INFO - vulnerable (1)     0.6119    0.6212    0.6165        66
2026-08-22 12:03:06 - INFO - 
2026-08-22 12:03:06 - INFO -       accuracy                         0.6136       132
2026-08-22 12:03:06 - INFO -      macro avg     0.6137    0.6136    0.6136       132
2026-08-22 12:03:06 - INFO -   weighted avg     0.6137    0.6136    0.6136       132
2026-08-22 12:03:06 - INFO - Confusion matrix - [[tn=40, fp=26], [fn=25, tp=41]]
2026-08-22 12:03:06 - INFO - probability_positive min=0.0683 mean=0.4926 std=0.1278 max=0.8786 predicted_0=65 predicted_1=67
2026-08-22 12:03:06 - INFO - New best model | Macro-F1: 0.613614 | Epoch: 6
2026-08-22 12:03:29 - INFO - Epoch 7/15 | Train loss: 0.682204 | Val loss: 0.714311 | LR: 2.00e-05 | Best epoch: 6 | Patience: 1 | Train: 21.86s | Validation: 0.87s | Epoch: 22.74s | Total: 160.47s
2026-08-22 12:03:29 - INFO - Phase-1 losses | Vulnerability: 0.640841 | CWE: 0.827255 | Total: 0.682204
2026-08-22 12:03:29 - INFO - Latent structure | Slots used: 8/8 | Largest slot: 0.177 | NMI vs CWE: 0.1063 | NMI vs binary: 0.0072
2026-08-22 12:03:29 - INFO - [Classification Report - split=train epoch=7 - threshold=0.50]
2026-08-22 12:03:29 - INFO -                 precision    recall  f1-score   support
2026-08-22 12:03:29 - INFO - 
2026-08-22 12:03:29 - INFO -       safe (0)     0.6163    0.6291    0.6226       577
2026-08-22 12:03:29 - INFO - vulnerable (1)     0.6199    0.6070    0.6134       575
2026-08-22 12:03:29 - INFO - 
2026-08-22 12:03:29 - INFO -       accuracy                         0.6181      1152
2026-08-22 12:03:29 - INFO -      macro avg     0.6181    0.6180    0.6180      1152
2026-08-22 12:03:29 - INFO -   weighted avg     0.6181    0.6181    0.6180      1152
2026-08-22 12:03:29 - INFO - Confusion matrix - [[tn=363, fp=214], [fn=226, tp=349]]
2026-08-22 12:03:29 - INFO - probability_positive min=0.0500 mean=0.4930 std=0.1594 max=0.9569 predicted_0=589 predicted_1=563
2026-08-22 12:03:29 - INFO - [Classification Report - split=validation epoch=7 - threshold=0.50]
2026-08-22 12:03:29 - INFO -                 precision    recall  f1-score   support
2026-08-22 12:03:29 - INFO - 
2026-08-22 12:03:29 - INFO -       safe (0)     0.8000    0.2424    0.3721        66
2026-08-22 12:03:29 - INFO - vulnerable (1)     0.5536    0.9394    0.6966        66
2026-08-22 12:03:29 - INFO - 
2026-08-22 12:03:29 - INFO -       accuracy                         0.5909       132
2026-08-22 12:03:29 - INFO -      macro avg     0.6768    0.5909    0.5344       132
2026-08-22 12:03:29 - INFO -   weighted avg     0.6768    0.5909    0.5344       132
2026-08-22 12:03:29 - INFO - Confusion matrix - [[tn=16, fp=50], [fn=4, tp=62]]
2026-08-22 12:03:29 - INFO - probability_positive min=0.0676 mean=0.5931 std=0.1635 max=0.9581 predicted_0=20 predicted_1=112
2026-08-22 12:03:51 - INFO - Epoch 8/15 | Train loss: 0.649424 | Val loss: 0.679503 | LR: 2.00e-05 | Best epoch: 6 | Patience: 2 | Train: 21.86s | Validation: 0.87s | Epoch: 22.73s | Total: 183.21s
2026-08-22 12:03:51 - INFO - Phase-1 losses | Vulnerability: 0.609251 | CWE: 0.803461 | Total: 0.649424
2026-08-22 12:03:51 - INFO - Latent structure | Slots used: 8/8 | Largest slot: 0.181 | NMI vs CWE: 0.0848 | NMI vs binary: 0.0078
2026-08-22 12:03:51 - INFO - [Classification Report - split=train epoch=8 - threshold=0.50]
2026-08-22 12:03:51 - INFO -                 precision    recall  f1-score   support
2026-08-22 12:03:51 - INFO - 
2026-08-22 12:03:51 - INFO -       safe (0)     0.6345    0.5927    0.6129       577
2026-08-22 12:03:51 - INFO - vulnerable (1)     0.6166    0.6574    0.6364       575
2026-08-22 12:03:51 - INFO - 
2026-08-22 12:03:51 - INFO -       accuracy                         0.6250      1152
2026-08-22 12:03:51 - INFO -      macro avg     0.6256    0.6251    0.6246      1152
2026-08-22 12:03:51 - INFO -   weighted avg     0.6256    0.6250    0.6246      1152
2026-08-22 12:03:51 - INFO - Confusion matrix - [[tn=342, fp=235], [fn=197, tp=378]]
2026-08-22 12:03:51 - INFO - probability_positive min=0.0233 mean=0.5040 std=0.1841 max=0.9709 predicted_0=539 predicted_1=613
2026-08-22 12:03:51 - INFO - [Classification Report - split=validation epoch=8 - threshold=0.50]
2026-08-22 12:03:51 - INFO -                 precision    recall  f1-score   support
2026-08-22 12:03:51 - INFO - 
2026-08-22 12:03:51 - INFO -       safe (0)     0.5747    0.7576    0.6536        66
2026-08-22 12:03:51 - INFO - vulnerable (1)     0.6444    0.4394    0.5225        66
2026-08-22 12:03:51 - INFO - 
2026-08-22 12:03:51 - INFO -       accuracy                         0.5985       132
2026-08-22 12:03:51 - INFO -      macro avg     0.6096    0.5985    0.5881       132
2026-08-22 12:03:51 - INFO -   weighted avg     0.6096    0.5985    0.5881       132
2026-08-22 12:03:51 - INFO - Confusion matrix - [[tn=50, fp=16], [fn=37, tp=29]]
2026-08-22 12:03:51 - INFO - probability_positive min=0.0288 mean=0.4542 std=0.1567 max=0.9652 predicted_0=87 predicted_1=45
2026-08-22 12:04:14 - INFO - Epoch 9/15 | Train loss: 0.611753 | Val loss: 0.674597 | LR: 2.00e-05 | Best epoch: 9 | Patience: 0 | Train: 21.86s | Validation: 0.87s | Epoch: 22.96s | Total: 206.17s
2026-08-22 12:04:14 - INFO - Phase-1 losses | Vulnerability: 0.572170 | CWE: 0.791673 | Total: 0.611753
2026-08-22 12:04:14 - INFO - Latent structure | Slots used: 8/8 | Largest slot: 0.191 | NMI vs CWE: 0.0938 | NMI vs binary: 0.0248
2026-08-22 12:04:14 - INFO - [Classification Report - split=train epoch=9 - threshold=0.50]
2026-08-22 12:04:14 - INFO -                 precision    recall  f1-score   support
2026-08-22 12:04:14 - INFO - 
2026-08-22 12:04:14 - INFO -       safe (0)     0.6526    0.6153    0.6334       577
2026-08-22 12:04:14 - INFO - vulnerable (1)     0.6349    0.6713    0.6526       575
2026-08-22 12:04:14 - INFO - 
2026-08-22 12:04:14 - INFO -       accuracy                         0.6432      1152
2026-08-22 12:04:14 - INFO -      macro avg     0.6437    0.6433    0.6430      1152
2026-08-22 12:04:14 - INFO -   weighted avg     0.6437    0.6432    0.6430      1152
2026-08-22 12:04:14 - INFO - Confusion matrix - [[tn=355, fp=222], [fn=189, tp=386]]
2026-08-22 12:04:14 - INFO - probability_positive min=0.0143 mean=0.4958 std=0.2159 max=0.9809 predicted_0=544 predicted_1=608
2026-08-22 12:04:14 - INFO - [Classification Report - split=validation epoch=9 - threshold=0.50]
2026-08-22 12:04:14 - INFO -                 precision    recall  f1-score   support
2026-08-22 12:04:14 - INFO - 
2026-08-22 12:04:14 - INFO -       safe (0)     0.7714    0.4091    0.5347        66
2026-08-22 12:04:14 - INFO - vulnerable (1)     0.5979    0.8788    0.7117        66
2026-08-22 12:04:14 - INFO - 
2026-08-22 12:04:14 - INFO -       accuracy                         0.6439       132
2026-08-22 12:04:14 - INFO -      macro avg     0.6847    0.6439    0.6232       132
2026-08-22 12:04:14 - INFO -   weighted avg     0.6847    0.6439    0.6232       132
2026-08-22 12:04:14 - INFO - Confusion matrix - [[tn=27, fp=39], [fn=8, tp=58]]
2026-08-22 12:04:14 - INFO - probability_positive min=0.0125 mean=0.5707 std=0.2145 max=0.9864 predicted_0=35 predicted_1=97
2026-08-22 12:04:14 - INFO - New best model | Macro-F1: 0.623155 | Epoch: 9
2026-08-22 12:04:37 - INFO - Epoch 10/15 | Train loss: 0.569481 | Val loss: 0.703114 | LR: 2.00e-05 | Best epoch: 10 | Patience: 0 | Train: 21.86s | Validation: 0.87s | Epoch: 22.95s | Total: 229.14s
2026-08-22 12:04:37 - INFO - Phase-1 losses | Vulnerability: 0.528761 | CWE: 0.814412 | Total: 0.569481
2026-08-22 12:04:37 - INFO - Latent structure | Slots used: 8/8 | Largest slot: 0.188 | NMI vs CWE: 0.0769 | NMI vs binary: 0.0345
2026-08-22 12:04:37 - INFO - [Classification Report - split=train epoch=10 - threshold=0.50]
2026-08-22 12:04:37 - INFO -                 precision    recall  f1-score   support
2026-08-22 12:04:37 - INFO - 
2026-08-22 12:04:37 - INFO -       safe (0)     0.6655    0.6828    0.6741       577
2026-08-22 12:04:37 - INFO - vulnerable (1)     0.6732    0.6557    0.6643       575
2026-08-22 12:04:37 - INFO - 
2026-08-22 12:04:37 - INFO -       accuracy                         0.6693      1152
2026-08-22 12:04:37 - INFO -      macro avg     0.6694    0.6692    0.6692      1152
2026-08-22 12:04:37 - INFO -   weighted avg     0.6694    0.6693    0.6692      1152
2026-08-22 12:04:37 - INFO - Confusion matrix - [[tn=394, fp=183], [fn=198, tp=377]]
2026-08-22 12:04:37 - INFO - probability_positive min=0.0071 mean=0.4945 std=0.2601 max=0.9897 predicted_0=592 predicted_1=560
2026-08-22 12:04:37 - INFO - [Classification Report - split=validation epoch=10 - threshold=0.50]
2026-08-22 12:04:37 - INFO -                 precision    recall  f1-score   support
2026-08-22 12:04:37 - INFO - 
2026-08-22 12:04:37 - INFO -       safe (0)     0.6232    0.6515    0.6370        66
2026-08-22 12:04:37 - INFO - vulnerable (1)     0.6349    0.6061    0.6202        66
2026-08-22 12:04:37 - INFO - 
2026-08-22 12:04:37 - INFO -       accuracy                         0.6288       132
2026-08-22 12:04:37 - INFO -      macro avg     0.6291    0.6288    0.6286       132
2026-08-22 12:04:37 - INFO -   weighted avg     0.6291    0.6288    0.6286       132
2026-08-22 12:04:37 - INFO - Confusion matrix - [[tn=43, fp=23], [fn=26, tp=40]]
2026-08-22 12:04:37 - INFO - probability_positive min=0.0049 mean=0.4872 std=0.2686 max=0.9914 predicted_0=69 predicted_1=63
2026-08-22 12:04:37 - INFO - New best model | Macro-F1: 0.628596 | Epoch: 10
2026-08-22 12:05:00 - INFO - Epoch 11/15 | Train loss: 0.529348 | Val loss: 0.689976 | LR: 2.00e-05 | Best epoch: 11 | Patience: 0 | Train: 21.86s | Validation: 0.87s | Epoch: 22.96s | Total: 252.12s
2026-08-22 12:05:00 - INFO - Phase-1 losses | Vulnerability: 0.487951 | CWE: 0.827956 | Total: 0.529348
2026-08-22 12:05:00 - INFO - Latent structure | Slots used: 8/8 | Largest slot: 0.170 | NMI vs CWE: 0.0832 | NMI vs binary: 0.0394
2026-08-22 12:05:00 - INFO - [Classification Report - split=train epoch=11 - threshold=0.50]
2026-08-22 12:05:00 - INFO -                 precision    recall  f1-score   support
2026-08-22 12:05:00 - INFO - 
2026-08-22 12:05:00 - INFO -       safe (0)     0.7030    0.6932    0.6981       577
2026-08-22 12:05:00 - INFO - vulnerable (1)     0.6964    0.7061    0.7012       575
2026-08-22 12:05:00 - INFO - 
2026-08-22 12:05:00 - INFO -       accuracy                         0.6997      1152
2026-08-22 12:05:00 - INFO -      macro avg     0.6997    0.6997    0.6996      1152
2026-08-22 12:05:00 - INFO -   weighted avg     0.6997    0.6997    0.6996      1152
2026-08-22 12:05:00 - INFO - Confusion matrix - [[tn=400, fp=177], [fn=169, tp=406]]
2026-08-22 12:05:00 - INFO - probability_positive min=0.0050 mean=0.4942 std=0.2870 max=0.9939 predicted_0=569 predicted_1=583
2026-08-22 12:05:00 - INFO - [Classification Report - split=validation epoch=11 - threshold=0.50]
2026-08-22 12:05:00 - INFO -                 precision    recall  f1-score   support
2026-08-22 12:05:00 - INFO - 
2026-08-22 12:05:00 - INFO -       safe (0)     0.6375    0.7727    0.6986        66
2026-08-22 12:05:00 - INFO - vulnerable (1)     0.7115    0.5606    0.6271        66
2026-08-22 12:05:00 - INFO - 
2026-08-22 12:05:00 - INFO -       accuracy                         0.6667       132
2026-08-22 12:05:00 - INFO -      macro avg     0.6745    0.6667    0.6629       132
2026-08-22 12:05:00 - INFO -   weighted avg     0.6745    0.6667    0.6629       132
2026-08-22 12:05:00 - INFO - Confusion matrix - [[tn=51, fp=15], [fn=29, tp=37]]
2026-08-22 12:05:00 - INFO - probability_positive min=0.0047 mean=0.4658 std=0.2675 max=0.9948 predicted_0=80 predicted_1=52
2026-08-22 12:05:00 - INFO - New best model | Macro-F1: 0.662874 | Epoch: 11
2026-08-22 12:05:23 - INFO - Epoch 12/15 | Train loss: 0.504851 | Val loss: 0.774979 | LR: 2.00e-05 | Best epoch: 12 | Patience: 0 | Train: 21.88s | Validation: 0.87s | Epoch: 22.98s | Total: 275.11s
2026-08-22 12:05:23 - INFO - Phase-1 losses | Vulnerability: 0.464370 | CWE: 0.809608 | Total: 0.504851
2026-08-22 12:05:23 - INFO - Latent structure | Slots used: 8/8 | Largest slot: 0.175 | NMI vs CWE: 0.0635 | NMI vs binary: 0.0579
2026-08-22 12:05:23 - INFO - [Classification Report - split=train epoch=12 - threshold=0.50]
2026-08-22 12:05:23 - INFO -                 precision    recall  f1-score   support
2026-08-22 12:05:23 - INFO - 
2026-08-22 12:05:23 - INFO -       safe (0)     0.7171    0.6984    0.7076       577
2026-08-22 12:05:23 - INFO - vulnerable (1)     0.7051    0.7235    0.7142       575
2026-08-22 12:05:23 - INFO - 
2026-08-22 12:05:23 - INFO -       accuracy                         0.7109      1152
2026-08-22 12:05:23 - INFO -      macro avg     0.7111    0.7110    0.7109      1152
2026-08-22 12:05:23 - INFO -   weighted avg     0.7111    0.7109    0.7109      1152
2026-08-22 12:05:23 - INFO - Confusion matrix - [[tn=403, fp=174], [fn=159, tp=416]]
2026-08-22 12:05:23 - INFO - probability_positive min=0.0034 mean=0.5036 std=0.3032 max=0.9953 predicted_0=562 predicted_1=590
2026-08-22 12:05:23 - INFO - [Classification Report - split=validation epoch=12 - threshold=0.50]
2026-08-22 12:05:23 - INFO -                 precision    recall  f1-score   support
2026-08-22 12:05:23 - INFO - 
2026-08-22 12:05:23 - INFO -       safe (0)     0.6353    0.8182    0.7152        66
2026-08-22 12:05:23 - INFO - vulnerable (1)     0.7447    0.5303    0.6195        66
2026-08-22 12:05:23 - INFO - 
2026-08-22 12:05:23 - INFO -       accuracy                         0.6742       132
2026-08-22 12:05:23 - INFO -      macro avg     0.6900    0.6742    0.6674       132
2026-08-22 12:05:23 - INFO -   weighted avg     0.6900    0.6742    0.6674       132
2026-08-22 12:05:23 - INFO - Confusion matrix - [[tn=54, fp=12], [fn=31, tp=35]]
2026-08-22 12:05:23 - INFO - probability_positive min=0.0026 mean=0.4503 std=0.3109 max=0.9966 predicted_0=85 predicted_1=47
2026-08-22 12:05:23 - INFO - New best model | Macro-F1: 0.667350 | Epoch: 12
2026-08-22 12:05:46 - INFO - Epoch 13/15 | Train loss: 0.461382 | Val loss: 0.780158 | LR: 2.00e-05 | Best epoch: 12 | Patience: 1 | Train: 21.85s | Validation: 0.88s | Epoch: 22.73s | Total: 297.85s
2026-08-22 12:05:46 - INFO - Phase-1 losses | Vulnerability: 0.422065 | CWE: 0.786337 | Total: 0.461382
2026-08-22 12:05:46 - INFO - Latent structure | Slots used: 8/8 | Largest slot: 0.161 | NMI vs CWE: 0.0579 | NMI vs binary: 0.0378
2026-08-22 12:05:46 - INFO - [Classification Report - split=train epoch=13 - threshold=0.50]
2026-08-22 12:05:46 - INFO -                 precision    recall  f1-score   support
2026-08-22 12:05:46 - INFO - 
2026-08-22 12:05:46 - INFO -       safe (0)     0.7509    0.7522    0.7515       577
2026-08-22 12:05:46 - INFO - vulnerable (1)     0.7509    0.7496    0.7502       575
2026-08-22 12:05:46 - INFO - 
2026-08-22 12:05:46 - INFO -       accuracy                         0.7509      1152
2026-08-22 12:05:46 - INFO -      macro avg     0.7509    0.7509    0.7509      1152
2026-08-22 12:05:46 - INFO -   weighted avg     0.7509    0.7509    0.7509      1152
2026-08-22 12:05:46 - INFO - Confusion matrix - [[tn=434, fp=143], [fn=144, tp=431]]
2026-08-22 12:05:46 - INFO - probability_positive min=0.0022 mean=0.4968 std=0.3322 max=0.9970 predicted_0=578 predicted_1=574
2026-08-22 12:05:46 - INFO - [Classification Report - split=validation epoch=13 - threshold=0.50]
2026-08-22 12:05:46 - INFO -                 precision    recall  f1-score   support
2026-08-22 12:05:46 - INFO - 
2026-08-22 12:05:46 - INFO -       safe (0)     0.6774    0.6364    0.6562        66
2026-08-22 12:05:46 - INFO - vulnerable (1)     0.6571    0.6970    0.6765        66
2026-08-22 12:05:46 - INFO - 
2026-08-22 12:05:46 - INFO -       accuracy                         0.6667       132
2026-08-22 12:05:46 - INFO -      macro avg     0.6673    0.6667    0.6664       132
2026-08-22 12:05:46 - INFO -   weighted avg     0.6673    0.6667    0.6664       132
2026-08-22 12:05:46 - INFO - Confusion matrix - [[tn=42, fp=24], [fn=20, tp=46]]
2026-08-22 12:05:46 - INFO - probability_positive min=0.0017 mean=0.5453 std=0.3389 max=0.9978 predicted_0=62 predicted_1=70
2026-08-22 12:06:09 - INFO - Epoch 14/15 | Train loss: 0.431475 | Val loss: 0.857121 | LR: 2.00e-05 | Best epoch: 14 | Patience: 0 | Train: 21.87s | Validation: 0.88s | Epoch: 22.97s | Total: 320.82s
2026-08-22 12:06:09 - INFO - Phase-1 losses | Vulnerability: 0.391083 | CWE: 0.807840 | Total: 0.431475
2026-08-22 12:06:09 - INFO - Latent structure | Slots used: 8/8 | Largest slot: 0.164 | NMI vs CWE: 0.0634 | NMI vs binary: 0.0501
2026-08-22 12:06:09 - INFO - [Classification Report - split=train epoch=14 - threshold=0.50]
2026-08-22 12:06:09 - INFO -                 precision    recall  f1-score   support
2026-08-22 12:06:09 - INFO - 
2026-08-22 12:06:09 - INFO -       safe (0)     0.7479    0.7764    0.7619       577
2026-08-22 12:06:09 - INFO - vulnerable (1)     0.7667    0.7374    0.7518       575
2026-08-22 12:06:09 - INFO - 
2026-08-22 12:06:09 - INFO -       accuracy                         0.7569      1152
2026-08-22 12:06:09 - INFO -      macro avg     0.7573    0.7569    0.7568      1152
2026-08-22 12:06:09 - INFO -   weighted avg     0.7573    0.7569    0.7568      1152
2026-08-22 12:06:09 - INFO - Confusion matrix - [[tn=448, fp=129], [fn=151, tp=424]]
2026-08-22 12:06:09 - INFO - probability_positive min=0.0018 mean=0.4998 std=0.3430 max=0.9976 predicted_0=599 predicted_1=553
2026-08-22 12:06:09 - INFO - [Classification Report - split=validation epoch=14 - threshold=0.50]
2026-08-22 12:06:09 - INFO -                 precision    recall  f1-score   support
2026-08-22 12:06:09 - INFO - 
2026-08-22 12:06:09 - INFO -       safe (0)     0.7500    0.5909    0.6610        66
2026-08-22 12:06:09 - INFO - vulnerable (1)     0.6625    0.8030    0.7260        66
2026-08-22 12:06:09 - INFO - 
2026-08-22 12:06:09 - INFO -       accuracy                         0.6970       132
2026-08-22 12:06:09 - INFO -      macro avg     0.7063    0.6970    0.6935       132
2026-08-22 12:06:09 - INFO -   weighted avg     0.7062    0.6970    0.6935       132
2026-08-22 12:06:09 - INFO - Confusion matrix - [[tn=39, fp=27], [fn=13, tp=53]]
2026-08-22 12:06:09 - INFO - probability_positive min=0.0015 mean=0.5638 std=0.3572 max=0.9983 predicted_0=52 predicted_1=80
2026-08-22 12:06:09 - INFO - New best model | Macro-F1: 0.693522 | Epoch: 14
2026-08-22 12:06:32 - INFO - Epoch 15/15 | Train loss: 0.406514 | Val loss: 0.813877 | LR: 2.00e-05 | Best epoch: 15 | Patience: 0 | Train: 21.87s | Validation: 0.89s | Epoch: 22.98s | Total: 343.82s
2026-08-22 12:06:32 - INFO - Phase-1 losses | Vulnerability: 0.363828 | CWE: 0.853721 | Total: 0.406514
2026-08-22 12:06:32 - INFO - Latent structure | Slots used: 8/8 | Largest slot: 0.168 | NMI vs CWE: 0.0432 | NMI vs binary: 0.1552
2026-08-22 12:06:32 - INFO - [Classification Report - split=train epoch=15 - threshold=0.50]
2026-08-22 12:06:32 - INFO -                 precision    recall  f1-score   support
2026-08-22 12:06:32 - INFO - 
2026-08-22 12:06:32 - INFO -       safe (0)     0.7588    0.7851    0.7717       577
2026-08-22 12:06:32 - INFO - vulnerable (1)     0.7766    0.7496    0.7628       575
2026-08-22 12:06:32 - INFO - 
2026-08-22 12:06:32 - INFO -       accuracy                         0.7674      1152
2026-08-22 12:06:32 - INFO -      macro avg     0.7677    0.7673    0.7673      1152
2026-08-22 12:06:32 - INFO -   weighted avg     0.7677    0.7674    0.7673      1152
2026-08-22 12:06:32 - INFO - Confusion matrix - [[tn=453, fp=124], [fn=144, tp=431]]
2026-08-22 12:06:32 - INFO - probability_positive min=0.0016 mean=0.4970 std=0.3567 max=0.9978 predicted_0=597 predicted_1=555
2026-08-22 12:06:32 - INFO - [Classification Report - split=validation epoch=15 - threshold=0.50]
2026-08-22 12:06:32 - INFO -                 precision    recall  f1-score   support
2026-08-22 12:06:32 - INFO - 
2026-08-22 12:06:32 - INFO -       safe (0)     0.7083    0.7727    0.7391        66
2026-08-22 12:06:32 - INFO - vulnerable (1)     0.7500    0.6818    0.7143        66
2026-08-22 12:06:32 - INFO - 
2026-08-22 12:06:32 - INFO -       accuracy                         0.7273       132
2026-08-22 12:06:32 - INFO -      macro avg     0.7292    0.7273    0.7267       132
2026-08-22 12:06:32 - INFO -   weighted avg     0.7292    0.7273    0.7267       132
2026-08-22 12:06:32 - INFO - Confusion matrix - [[tn=51, fp=15], [fn=21, tp=45]]
2026-08-22 12:06:32 - INFO - probability_positive min=0.0013 mean=0.5043 std=0.3446 max=0.9985 predicted_0=72 predicted_1=60
2026-08-22 12:06:32 - INFO - New best model | Macro-F1: 0.726708 | Epoch: 15
2026-08-22 12:06:32 - INFO - Best checkpoint saved | Path: model/emb2_emb/transfer_latent_proto/seed_42/source/best.pt | Epoch: 15 | Val macro_f1: 0.726708
2026-08-22 12:06:32 - INFO - Training finished | Elapsed: 343.83s
2026-08-22 12:06:32 - INFO - Run finished | Phase: phase1 | Fold: 1 | Seed: 42 | Elapsed: 345.97s
