2026-08-22 15:40:09 - INFO - Using device: cuda
2026-08-22 15:40:09 - INFO - Run started | Run: same_emb | Method: transfer_cwe | Phase: phase2 | Fold: 5 | Seed: 42 | Device: cuda
2026-08-22 15:40:09 - INFO - Loading Python training data: data/sven_python_folds_norm/fold5/train.jsonl
2026-08-22 15:40:09 - INFO - Loading Python validation data: data/sven_python_folds_norm/fold5/val.jsonl
2026-08-22 15:40:09 - INFO - Data split: python_train | Total: 456 | Labels: {0: 237, 1: 219} | CWEs: {'CWE-022': 34, 'CWE-078': 121, 'CWE-079': 52, 'CWE-089': 249} | Languages: {'python': 456} | Invalid CWE: 0
2026-08-22 15:40:09 - INFO - Data split: python_val | Total: 152 | Labels: {0: 71, 1: 81} | CWEs: {'CWE-022': 19, 'CWE-078': 39, 'CWE-079': 14, 'CWE-089': 80} | Languages: {'python': 152} | Invalid CWE: 0
2026-08-22 15:40:11 - INFO - Auxiliary head width taken from checkpoint: 4
2026-08-22 15:40:13 - INFO - Loaded source checkpoint: model/same_emb/transfer_cwe/seed_42/source/best.pt | Best epoch: 14 | Best Val Macro-F1: 0.664743
2026-08-22 15:40:13 - INFO - RecAdam schedule | Total steps: 870 | Steps/epoch: 29 | Anneal t0: 43 | Weights: {1: 0.10909682119561293, 29: 0.3318122278318339, 43: 0.5, 870: 1.0}
2026-08-22 15:40:13 - INFO - Environment: {"components": {"backbone": {"frozen": 0, "total": 109609344, "trainable": 109609344}, "cwe_head": {"frozen": 3076, "total": 3076, "trainable": 0}, "vul_head": {"frozen": 0, "total": 1538, "trainable": 1538}}, "cuda": "12.8", "fold": 5, "frozen_parameters": 3076, "gpu": "NVIDIA GeForce RTX 5070 Ti", "hyperparameters": {"anneal_fun": "sigmoid", "anneal_k": 0.05, "anneal_t0_ratio": 0.05, "anneal_w": 1.0, "aux_mode": "cwe", "batch_size": 16, "checkpoint_path": "model/same_emb/transfer_cwe/seed_42/fold5/best.pt", "cwe_vocab": "fixed4", "data_path": "data/train_ccpp_filtered.jsonl", "data_root": "data/sven_python_folds_norm", "epochs": 30, "eval_batch_size": 16, "fold": 5, "freeze_backbone_layers": 0, "freeze_prototypes_steps": 0, "lambda_cwe": 0.2, "latent_temperature": 0.1, "learning_rate": 2e-05, "lora_rank": 0, "lp_epochs": 0, "lp_learning_rate": 0.001, "max_eval_samples": null, "max_grad_norm": 1.0, "max_length": 512, "max_train_samples": null, "method_name": "transfer_cwe", "min_epochs": 3, "model_name": "Salesforce/codet5p-110m-embedding", "num_cwes": 4, "num_latent": 8, "num_workers": 0, "output_dir": "results/same_emb/transfer_cwe", "patience": 5, "phase": "phase2", "phase2_optimizer": "recadam", "pooling": "mean", "pretrain_cof": 5000.0, "recadam_anchor": "source", "result_path": "results/same_emb/transfer_cwe/seed_42/fold5.json", "run_name": "same_emb", "sam_rho": 0.05, "seed": 42, "selection_metric": "macro_f1", "source_checkpoint": "model/same_emb/transfer_cwe/seed_42/source/best.pt", "source_interpolation": 1.0, "strict_determinism": false, "target_lang": "python", "test_path": null, "train_path": null, "truncation_strategy": "head_middle_tail", "val_path": null, "weight_decay": 0.01}, "mode": "phase2_train", "model_name": "Salesforce/codet5p-110m-embedding", "seed": 42, "sklearn": "1.9.0", "torch": "2.11.0+cu128", "trainable_parameters": 109610882, "transformers": "4.57.1"}
2026-08-22 15:40:13 - INFO - SAM bat | rho=0.0500 (tuyet doi, chuan L2 toan cuc) | moi buoc 2 luot forward-backward, thoi gian huan luyen ~2x
2026-08-22 15:40:13 - INFO - Training started | Phase: phase2 | Epochs: 30
2026-08-22 15:40:14 - INFO - RecAdam first-step safety checks passed
2026-08-22 15:40:31 - INFO - Epoch 1/30 | Train loss: 0.929480 | Val loss: 0.779342 | LR: 2.00e-05 | Best epoch: 1 | Patience: 0 | Train: 16.73s | Validation: 0.96s | Epoch: 17.86s | Total: 17.86s
2026-08-22 15:40:31 - INFO - RecAdam target-task weight at epoch end: 0.331812
2026-08-22 15:40:31 - INFO - [Classification Report - split=train epoch=1 - threshold=0.50]
2026-08-22 15:40:31 - INFO -                 precision    recall  f1-score   support
2026-08-22 15:40:31 - INFO - 
2026-08-22 15:40:31 - INFO -       safe (0)     0.5696    0.1899    0.2848       237
2026-08-22 15:40:31 - INFO - vulnerable (1)     0.4907    0.8447    0.6208       219
2026-08-22 15:40:31 - INFO - 
2026-08-22 15:40:31 - INFO -       accuracy                         0.5044       456
2026-08-22 15:40:31 - INFO -      macro avg     0.5302    0.5173    0.4528       456
2026-08-22 15:40:31 - INFO -   weighted avg     0.5317    0.5044    0.4462       456
2026-08-22 15:40:31 - INFO - Confusion matrix - [[tn=45, fp=192], [fn=34, tp=185]]
2026-08-22 15:40:31 - INFO - probability_positive min=0.0055 mean=0.7074 std=0.2223 max=0.9863 predicted_0=79 predicted_1=377
2026-08-22 15:40:31 - INFO - [Classification Report - split=validation epoch=1 - threshold=0.50]
2026-08-22 15:40:31 - INFO -                 precision    recall  f1-score   support
2026-08-22 15:40:31 - INFO - 
2026-08-22 15:40:31 - INFO -       safe (0)     0.5366    0.3099    0.3929        71
2026-08-22 15:40:31 - INFO - vulnerable (1)     0.5586    0.7654    0.6458        81
2026-08-22 15:40:31 - INFO - 
2026-08-22 15:40:31 - INFO -       accuracy                         0.5526       152
2026-08-22 15:40:31 - INFO -      macro avg     0.5476    0.5376    0.5193       152
2026-08-22 15:40:31 - INFO -   weighted avg     0.5483    0.5526    0.5277       152
2026-08-22 15:40:31 - INFO - Confusion matrix - [[tn=22, fp=49], [fn=19, tp=62]]
2026-08-22 15:40:31 - INFO - probability_positive min=0.0033 mean=0.6151 std=0.2121 max=0.9660 predicted_0=41 predicted_1=111
2026-08-22 15:40:31 - INFO - New best model | Macro-F1: 0.519345 | Epoch: 1
2026-08-22 15:40:49 - INFO - Epoch 2/30 | Train loss: 0.697091 | Val loss: 0.708852 | LR: 2.00e-05 | Best epoch: 2 | Patience: 0 | Train: 16.53s | Validation: 0.96s | Epoch: 17.71s | Total: 35.57s
2026-08-22 15:40:49 - INFO - RecAdam target-task weight at epoch end: 0.679179
2026-08-22 15:40:49 - INFO - [Classification Report - split=train epoch=2 - threshold=0.50]
2026-08-22 15:40:49 - INFO -                 precision    recall  f1-score   support
2026-08-22 15:40:49 - INFO - 
2026-08-22 15:40:49 - INFO -       safe (0)     0.5572    0.4726    0.5114       237
2026-08-22 15:40:49 - INFO - vulnerable (1)     0.5098    0.5936    0.5485       219
2026-08-22 15:40:49 - INFO - 
2026-08-22 15:40:49 - INFO -       accuracy                         0.5307       456
2026-08-22 15:40:49 - INFO -      macro avg     0.5335    0.5331    0.5300       456
2026-08-22 15:40:49 - INFO -   weighted avg     0.5344    0.5307    0.5292       456
2026-08-22 15:40:49 - INFO - Confusion matrix - [[tn=112, fp=125], [fn=89, tp=130]]
2026-08-22 15:40:49 - INFO - probability_positive min=0.0070 mean=0.5135 std=0.1612 max=0.8964 predicted_0=201 predicted_1=255
2026-08-22 15:40:49 - INFO - [Classification Report - split=validation epoch=2 - threshold=0.50]
2026-08-22 15:40:49 - INFO -                 precision    recall  f1-score   support
2026-08-22 15:40:49 - INFO - 
2026-08-22 15:40:49 - INFO -       safe (0)     0.5000    0.5211    0.5103        71
2026-08-22 15:40:49 - INFO - vulnerable (1)     0.5641    0.5432    0.5535        81
2026-08-22 15:40:49 - INFO - 
2026-08-22 15:40:49 - INFO -       accuracy                         0.5329       152
2026-08-22 15:40:49 - INFO -      macro avg     0.5321    0.5322    0.5319       152
2026-08-22 15:40:49 - INFO -   weighted avg     0.5342    0.5329    0.5333       152
2026-08-22 15:40:49 - INFO - Confusion matrix - [[tn=37, fp=34], [fn=37, tp=44]]
2026-08-22 15:40:49 - INFO - probability_positive min=0.0041 mean=0.4921 std=0.1405 max=0.9574 predicted_0=74 predicted_1=78
2026-08-22 15:40:49 - INFO - New best model | Macro-F1: 0.531902 | Epoch: 2
2026-08-22 15:41:07 - INFO - Epoch 3/30 | Train loss: 0.664398 | Val loss: 0.697875 | LR: 2.00e-05 | Best epoch: 2 | Patience: 1 | Train: 16.53s | Validation: 0.96s | Epoch: 17.49s | Total: 53.07s
2026-08-22 15:41:07 - INFO - RecAdam target-task weight at epoch end: 0.900250
2026-08-22 15:41:07 - INFO - [Classification Report - split=train epoch=3 - threshold=0.50]
2026-08-22 15:41:07 - INFO -                 precision    recall  f1-score   support
2026-08-22 15:41:07 - INFO - 
2026-08-22 15:41:07 - INFO -       safe (0)     0.5991    0.5612    0.5795       237
2026-08-22 15:41:07 - INFO - vulnerable (1)     0.5556    0.5936    0.5740       219
2026-08-22 15:41:07 - INFO - 
2026-08-22 15:41:07 - INFO -       accuracy                         0.5768       456
2026-08-22 15:41:07 - INFO -      macro avg     0.5773    0.5774    0.5767       456
2026-08-22 15:41:07 - INFO -   weighted avg     0.5782    0.5768    0.5768       456
2026-08-22 15:41:07 - INFO - Confusion matrix - [[tn=133, fp=104], [fn=89, tp=130]]
2026-08-22 15:41:07 - INFO - probability_positive min=0.0136 mean=0.4889 std=0.1309 max=0.8973 predicted_0=222 predicted_1=234
2026-08-22 15:41:07 - INFO - [Classification Report - split=validation epoch=3 - threshold=0.50]
2026-08-22 15:41:07 - INFO -                 precision    recall  f1-score   support
2026-08-22 15:41:07 - INFO - 
2026-08-22 15:41:07 - INFO -       safe (0)     0.5862    0.2394    0.3400        71
2026-08-22 15:41:07 - INFO - vulnerable (1)     0.5610    0.8519    0.6765        81
2026-08-22 15:41:07 - INFO - 
2026-08-22 15:41:07 - INFO -       accuracy                         0.5658       152
2026-08-22 15:41:07 - INFO -      macro avg     0.5736    0.5456    0.5082       152
2026-08-22 15:41:07 - INFO -   weighted avg     0.5728    0.5658    0.5193       152
2026-08-22 15:41:07 - INFO - Confusion matrix - [[tn=17, fp=54], [fn=12, tp=69]]
2026-08-22 15:41:07 - INFO - probability_positive min=0.0061 mean=0.5505 std=0.1188 max=0.9549 predicted_0=29 predicted_1=123
2026-08-22 15:41:24 - INFO - Epoch 4/30 | Train loss: 0.638594 | Val loss: 0.708037 | LR: 2.00e-05 | Best epoch: 2 | Patience: 2 | Train: 16.53s | Validation: 0.96s | Epoch: 17.49s | Total: 70.57s
2026-08-22 15:41:24 - INFO - RecAdam target-task weight at epoch end: 0.974667
2026-08-22 15:41:24 - INFO - [Classification Report - split=train epoch=4 - threshold=0.50]
2026-08-22 15:41:24 - INFO -                 precision    recall  f1-score   support
2026-08-22 15:41:24 - INFO - 
2026-08-22 15:41:24 - INFO -       safe (0)     0.6196    0.6667    0.6423       237
2026-08-22 15:41:24 - INFO - vulnerable (1)     0.6070    0.5571    0.5810       219
2026-08-22 15:41:24 - INFO - 
2026-08-22 15:41:24 - INFO -       accuracy                         0.6140       456
2026-08-22 15:41:24 - INFO -      macro avg     0.6133    0.6119    0.6116       456
2026-08-22 15:41:24 - INFO -   weighted avg     0.6135    0.6140    0.6128       456
2026-08-22 15:41:24 - INFO - Confusion matrix - [[tn=158, fp=79], [fn=97, tp=122]]
2026-08-22 15:41:24 - INFO - probability_positive min=0.0100 mean=0.4855 std=0.1210 max=0.8450 predicted_0=255 predicted_1=201
2026-08-22 15:41:24 - INFO - [Classification Report - split=validation epoch=4 - threshold=0.50]
2026-08-22 15:41:24 - INFO -                 precision    recall  f1-score   support
2026-08-22 15:41:24 - INFO - 
2026-08-22 15:41:24 - INFO -       safe (0)     0.6500    0.1831    0.2857        71
2026-08-22 15:41:24 - INFO - vulnerable (1)     0.5606    0.9136    0.6948        81
2026-08-22 15:41:24 - INFO - 
2026-08-22 15:41:24 - INFO -       accuracy                         0.5724       152
2026-08-22 15:41:24 - INFO -      macro avg     0.6053    0.5483    0.4903       152
2026-08-22 15:41:24 - INFO -   weighted avg     0.6024    0.5724    0.5037       152
2026-08-22 15:41:24 - INFO - Confusion matrix - [[tn=13, fp=58], [fn=7, tp=74]]
2026-08-22 15:41:24 - INFO - probability_positive min=0.0054 mean=0.5639 std=0.1324 max=0.9197 predicted_0=20 predicted_1=132
2026-08-22 15:41:42 - INFO - Epoch 5/30 | Train loss: 0.619791 | Val loss: 0.687067 | LR: 2.00e-05 | Best epoch: 5 | Patience: 0 | Train: 16.53s | Validation: 0.96s | Epoch: 17.71s | Total: 88.29s
2026-08-22 15:41:42 - INFO - RecAdam target-task weight at epoch end: 0.993940
2026-08-22 15:41:42 - INFO - [Classification Report - split=train epoch=5 - threshold=0.50]
2026-08-22 15:41:42 - INFO -                 precision    recall  f1-score   support
2026-08-22 15:41:42 - INFO - 
2026-08-22 15:41:42 - INFO -       safe (0)     0.6564    0.7173    0.6855       237
2026-08-22 15:41:42 - INFO - vulnerable (1)     0.6599    0.5936    0.6250       219
2026-08-22 15:41:42 - INFO - 
2026-08-22 15:41:42 - INFO -       accuracy                         0.6579       456
2026-08-22 15:41:42 - INFO -      macro avg     0.6581    0.6555    0.6552       456
2026-08-22 15:41:42 - INFO -   weighted avg     0.6581    0.6579    0.6564       456
2026-08-22 15:41:42 - INFO - Confusion matrix - [[tn=170, fp=67], [fn=89, tp=130]]
2026-08-22 15:41:42 - INFO - probability_positive min=0.0076 mean=0.4640 std=0.1394 max=0.8194 predicted_0=259 predicted_1=197
2026-08-22 15:41:42 - INFO - [Classification Report - split=validation epoch=5 - threshold=0.50]
2026-08-22 15:41:42 - INFO -                 precision    recall  f1-score   support
2026-08-22 15:41:42 - INFO - 
2026-08-22 15:41:42 - INFO -       safe (0)     0.6230    0.5352    0.5758        71
2026-08-22 15:41:42 - INFO - vulnerable (1)     0.6374    0.7160    0.6744        81
2026-08-22 15:41:42 - INFO - 
2026-08-22 15:41:42 - INFO -       accuracy                         0.6316       152
2026-08-22 15:41:42 - INFO -      macro avg     0.6302    0.6256    0.6251       152
2026-08-22 15:41:42 - INFO -   weighted avg     0.6306    0.6316    0.6283       152
2026-08-22 15:41:42 - INFO - Confusion matrix - [[tn=38, fp=33], [fn=23, tp=58]]
2026-08-22 15:41:42 - INFO - probability_positive min=0.0051 mean=0.4960 std=0.1450 max=0.9322 predicted_0=61 predicted_1=91
2026-08-22 15:41:42 - INFO - New best model | Macro-F1: 0.625088 | Epoch: 5
2026-08-22 15:41:59 - INFO - Epoch 6/30 | Train loss: 0.527168 | Val loss: 0.651240 | LR: 2.00e-05 | Best epoch: 6 | Patience: 0 | Train: 16.53s | Validation: 0.96s | Epoch: 17.71s | Total: 106.00s
2026-08-22 15:41:59 - INFO - RecAdam target-task weight at epoch end: 0.998572
2026-08-22 15:41:59 - INFO - [Classification Report - split=train epoch=6 - threshold=0.50]
2026-08-22 15:41:59 - INFO -                 precision    recall  f1-score   support
2026-08-22 15:41:59 - INFO - 
2026-08-22 15:41:59 - INFO -       safe (0)     0.7843    0.6751    0.7256       237
2026-08-22 15:41:59 - INFO - vulnerable (1)     0.6944    0.7991    0.7431       219
2026-08-22 15:41:59 - INFO - 
2026-08-22 15:41:59 - INFO -       accuracy                         0.7346       456
2026-08-22 15:41:59 - INFO -      macro avg     0.7394    0.7371    0.7344       456
2026-08-22 15:41:59 - INFO -   weighted avg     0.7412    0.7346    0.7340       456
2026-08-22 15:41:59 - INFO - Confusion matrix - [[tn=160, fp=77], [fn=44, tp=175]]
2026-08-22 15:41:59 - INFO - probability_positive min=0.0072 mean=0.4664 std=0.2162 max=0.9570 predicted_0=204 predicted_1=252
2026-08-22 15:41:59 - INFO - [Classification Report - split=validation epoch=6 - threshold=0.50]
2026-08-22 15:41:59 - INFO -                 precision    recall  f1-score   support
2026-08-22 15:41:59 - INFO - 
2026-08-22 15:41:59 - INFO -       safe (0)     0.7500    0.4648    0.5739        71
2026-08-22 15:41:59 - INFO - vulnerable (1)     0.6481    0.8642    0.7407        81
2026-08-22 15:41:59 - INFO - 
2026-08-22 15:41:59 - INFO -       accuracy                         0.6776       152
2026-08-22 15:41:59 - INFO -      macro avg     0.6991    0.6645    0.6573       152
2026-08-22 15:41:59 - INFO -   weighted avg     0.6957    0.6776    0.6628       152
2026-08-22 15:41:59 - INFO - Confusion matrix - [[tn=33, fp=38], [fn=11, tp=70]]
2026-08-22 15:41:59 - INFO - probability_positive min=0.0056 mean=0.6032 std=0.2662 max=0.9796 predicted_0=44 predicted_1=108
2026-08-22 15:41:59 - INFO - New best model | Macro-F1: 0.657327 | Epoch: 6
2026-08-22 15:42:17 - INFO - Epoch 7/30 | Train loss: 0.340038 | Val loss: 0.637412 | LR: 2.00e-05 | Best epoch: 7 | Patience: 0 | Train: 16.53s | Validation: 0.96s | Epoch: 17.71s | Total: 123.73s
2026-08-22 15:42:17 - INFO - RecAdam target-task weight at epoch end: 0.999665
2026-08-22 15:42:17 - INFO - [Classification Report - split=train epoch=7 - threshold=0.50]
2026-08-22 15:42:17 - INFO -                 precision    recall  f1-score   support
2026-08-22 15:42:17 - INFO - 
2026-08-22 15:42:17 - INFO -       safe (0)     0.9095    0.8059    0.8546       237
2026-08-22 15:42:17 - INFO - vulnerable (1)     0.8130    0.9132    0.8602       219
2026-08-22 15:42:17 - INFO - 
2026-08-22 15:42:17 - INFO -       accuracy                         0.8575       456
2026-08-22 15:42:17 - INFO -      macro avg     0.8613    0.8596    0.8574       456
2026-08-22 15:42:17 - INFO -   weighted avg     0.8632    0.8575    0.8573       456
2026-08-22 15:42:17 - INFO - Confusion matrix - [[tn=191, fp=46], [fn=19, tp=200]]
2026-08-22 15:42:17 - INFO - probability_positive min=0.0053 mean=0.4792 std=0.3290 max=0.9872 predicted_0=210 predicted_1=246
2026-08-22 15:42:17 - INFO - [Classification Report - split=validation epoch=7 - threshold=0.50]
2026-08-22 15:42:17 - INFO -                 precision    recall  f1-score   support
2026-08-22 15:42:17 - INFO - 
2026-08-22 15:42:17 - INFO -       safe (0)     0.6818    0.6338    0.6569        71
2026-08-22 15:42:17 - INFO - vulnerable (1)     0.6977    0.7407    0.7186        81
2026-08-22 15:42:17 - INFO - 
2026-08-22 15:42:17 - INFO -       accuracy                         0.6908       152
2026-08-22 15:42:17 - INFO -      macro avg     0.6897    0.6873    0.6877       152
2026-08-22 15:42:17 - INFO -   weighted avg     0.6903    0.6908    0.6898       152
2026-08-22 15:42:17 - INFO - Confusion matrix - [[tn=45, fp=26], [fn=21, tp=60]]
2026-08-22 15:42:17 - INFO - probability_positive min=0.0034 mean=0.5147 std=0.3576 max=0.9913 predicted_0=66 predicted_1=86
2026-08-22 15:42:17 - INFO - New best model | Macro-F1: 0.687749 | Epoch: 7
2026-08-22 15:42:35 - INFO - Epoch 8/30 | Train loss: 0.235462 | Val loss: 0.630353 | LR: 2.00e-05 | Best epoch: 8 | Patience: 0 | Train: 16.53s | Validation: 0.96s | Epoch: 17.71s | Total: 141.45s
2026-08-22 15:42:35 - INFO - RecAdam target-task weight at epoch end: 0.999921
2026-08-22 15:42:35 - INFO - [Classification Report - split=train epoch=8 - threshold=0.50]
2026-08-22 15:42:35 - INFO -                 precision    recall  f1-score   support
2026-08-22 15:42:35 - INFO - 
2026-08-22 15:42:35 - INFO -       safe (0)     0.9375    0.8861    0.9111       237
2026-08-22 15:42:35 - INFO - vulnerable (1)     0.8836    0.9361    0.9091       219
2026-08-22 15:42:35 - INFO - 
2026-08-22 15:42:35 - INFO -       accuracy                         0.9101       456
2026-08-22 15:42:35 - INFO -      macro avg     0.9106    0.9111    0.9101       456
2026-08-22 15:42:35 - INFO -   weighted avg     0.9116    0.9101    0.9101       456
2026-08-22 15:42:35 - INFO - Confusion matrix - [[tn=210, fp=27], [fn=14, tp=205]]
2026-08-22 15:42:35 - INFO - probability_positive min=0.0045 mean=0.4828 std=0.3956 max=0.9912 predicted_0=224 predicted_1=232
2026-08-22 15:42:35 - INFO - [Classification Report - split=validation epoch=8 - threshold=0.50]
2026-08-22 15:42:35 - INFO -                 precision    recall  f1-score   support
2026-08-22 15:42:35 - INFO - 
2026-08-22 15:42:35 - INFO -       safe (0)     0.7667    0.6479    0.7023        71
2026-08-22 15:42:35 - INFO - vulnerable (1)     0.7283    0.8272    0.7746        81
2026-08-22 15:42:35 - INFO - 
2026-08-22 15:42:35 - INFO -       accuracy                         0.7434       152
2026-08-22 15:42:35 - INFO -      macro avg     0.7475    0.7375    0.7384       152
2026-08-22 15:42:35 - INFO -   weighted avg     0.7462    0.7434    0.7408       152
2026-08-22 15:42:35 - INFO - Confusion matrix - [[tn=46, fp=25], [fn=14, tp=67]]
2026-08-22 15:42:35 - INFO - probability_positive min=0.0028 mean=0.5661 std=0.3998 max=0.9953 predicted_0=60 predicted_1=92
2026-08-22 15:42:35 - INFO - New best model | Macro-F1: 0.738428 | Epoch: 8
2026-08-22 15:42:53 - INFO - Epoch 9/30 | Train loss: 0.188296 | Val loss: 0.594786 | LR: 2.00e-05 | Best epoch: 9 | Patience: 0 | Train: 16.53s | Validation: 0.96s | Epoch: 17.71s | Total: 159.17s
2026-08-22 15:42:53 - INFO - RecAdam target-task weight at epoch end: 0.999982
2026-08-22 15:42:53 - INFO - [Classification Report - split=train epoch=9 - threshold=0.50]
2026-08-22 15:42:53 - INFO -                 precision    recall  f1-score   support
2026-08-22 15:42:53 - INFO - 
2026-08-22 15:42:53 - INFO -       safe (0)     0.9316    0.9198    0.9257       237
2026-08-22 15:42:53 - INFO - vulnerable (1)     0.9144    0.9269    0.9206       219
2026-08-22 15:42:53 - INFO - 
2026-08-22 15:42:53 - INFO -       accuracy                         0.9232       456
2026-08-22 15:42:53 - INFO -      macro avg     0.9230    0.9234    0.9232       456
2026-08-22 15:42:53 - INFO -   weighted avg     0.9234    0.9232    0.9233       456
2026-08-22 15:42:53 - INFO - Confusion matrix - [[tn=218, fp=19], [fn=16, tp=203]]
2026-08-22 15:42:53 - INFO - probability_positive min=0.0035 mean=0.4844 std=0.4275 max=0.9960 predicted_0=234 predicted_1=222
2026-08-22 15:42:53 - INFO - [Classification Report - split=validation epoch=9 - threshold=0.50]
2026-08-22 15:42:53 - INFO -                 precision    recall  f1-score   support
2026-08-22 15:42:53 - INFO - 
2026-08-22 15:42:53 - INFO -       safe (0)     0.7391    0.7183    0.7286        71
2026-08-22 15:42:53 - INFO - vulnerable (1)     0.7590    0.7778    0.7683        81
2026-08-22 15:42:53 - INFO - 
2026-08-22 15:42:53 - INFO -       accuracy                         0.7500       152
2026-08-22 15:42:53 - INFO -      macro avg     0.7491    0.7480    0.7484       152
2026-08-22 15:42:53 - INFO -   weighted avg     0.7497    0.7500    0.7497       152
2026-08-22 15:42:53 - INFO - Confusion matrix - [[tn=51, fp=20], [fn=18, tp=63]]
2026-08-22 15:42:53 - INFO - probability_positive min=0.0025 mean=0.5151 std=0.4016 max=0.9953 predicted_0=69 predicted_1=83
2026-08-22 15:42:53 - INFO - New best model | Macro-F1: 0.748432 | Epoch: 9
2026-08-22 15:43:10 - INFO - Epoch 10/30 | Train loss: 0.138120 | Val loss: 0.735640 | LR: 2.00e-05 | Best epoch: 10 | Patience: 1 | Train: 16.53s | Validation: 0.96s | Epoch: 17.71s | Total: 176.90s
2026-08-22 15:43:10 - INFO - RecAdam target-task weight at epoch end: 0.999996
2026-08-22 15:43:10 - INFO - [Classification Report - split=train epoch=10 - threshold=0.50]
2026-08-22 15:43:10 - INFO -                 precision    recall  f1-score   support
2026-08-22 15:43:10 - INFO - 
2026-08-22 15:43:10 - INFO -       safe (0)     0.9571    0.9409    0.9489       237
2026-08-22 15:43:10 - INFO - vulnerable (1)     0.9372    0.9543    0.9457       219
2026-08-22 15:43:10 - INFO - 
2026-08-22 15:43:10 - INFO -       accuracy                         0.9474       456
2026-08-22 15:43:10 - INFO -      macro avg     0.9472    0.9476    0.9473       456
2026-08-22 15:43:10 - INFO -   weighted avg     0.9475    0.9474    0.9474       456
2026-08-22 15:43:10 - INFO - Confusion matrix - [[tn=223, fp=14], [fn=10, tp=209]]
2026-08-22 15:43:10 - INFO - probability_positive min=0.0028 mean=0.4749 std=0.4329 max=0.9958 predicted_0=233 predicted_1=223
2026-08-22 15:43:10 - INFO - [Classification Report - split=validation epoch=10 - threshold=0.50]
2026-08-22 15:43:10 - INFO -                 precision    recall  f1-score   support
2026-08-22 15:43:10 - INFO - 
2026-08-22 15:43:10 - INFO -       safe (0)     0.7391    0.7183    0.7286        71
2026-08-22 15:43:10 - INFO - vulnerable (1)     0.7590    0.7778    0.7683        81
2026-08-22 15:43:10 - INFO - 
2026-08-22 15:43:10 - INFO -       accuracy                         0.7500       152
2026-08-22 15:43:10 - INFO -      macro avg     0.7491    0.7480    0.7484       152
2026-08-22 15:43:10 - INFO -   weighted avg     0.7497    0.7500    0.7497       152
2026-08-22 15:43:10 - INFO - Confusion matrix - [[tn=51, fp=20], [fn=18, tp=63]]
2026-08-22 15:43:10 - INFO - probability_positive min=0.0019 mean=0.5419 std=0.4381 max=0.9977 predicted_0=69 predicted_1=83
2026-08-22 15:43:10 - INFO - Latest tied-best checkpoint saved | Macro-F1: 0.748432 | Epoch: 10
2026-08-22 15:43:28 - INFO - Epoch 11/30 | Train loss: 0.104167 | Val loss: 0.756643 | LR: 2.00e-05 | Best epoch: 11 | Patience: 0 | Train: 16.53s | Validation: 0.96s | Epoch: 17.71s | Total: 194.62s
2026-08-22 15:43:28 - INFO - RecAdam target-task weight at epoch end: 0.999999
2026-08-22 15:43:28 - INFO - [Classification Report - split=train epoch=11 - threshold=0.50]
2026-08-22 15:43:28 - INFO -                 precision    recall  f1-score   support
2026-08-22 15:43:28 - INFO - 
2026-08-22 15:43:28 - INFO -       safe (0)     0.9698    0.9494    0.9595       237
2026-08-22 15:43:28 - INFO - vulnerable (1)     0.9464    0.9680    0.9571       219
2026-08-22 15:43:28 - INFO - 
2026-08-22 15:43:28 - INFO -       accuracy                         0.9583       456
2026-08-22 15:43:28 - INFO -      macro avg     0.9581    0.9587    0.9583       456
2026-08-22 15:43:28 - INFO -   weighted avg     0.9586    0.9583    0.9583       456
2026-08-22 15:43:28 - INFO - Confusion matrix - [[tn=225, fp=12], [fn=7, tp=212]]
2026-08-22 15:43:28 - INFO - probability_positive min=0.0023 mean=0.4917 std=0.4603 max=0.9975 predicted_0=232 predicted_1=224
2026-08-22 15:43:28 - INFO - [Classification Report - split=validation epoch=11 - threshold=0.50]
2026-08-22 15:43:28 - INFO -                 precision    recall  f1-score   support
2026-08-22 15:43:28 - INFO - 
2026-08-22 15:43:28 - INFO -       safe (0)     0.6977    0.8451    0.7643        71
2026-08-22 15:43:28 - INFO - vulnerable (1)     0.8333    0.6790    0.7483        81
2026-08-22 15:43:28 - INFO - 
2026-08-22 15:43:28 - INFO -       accuracy                         0.7566       152
2026-08-22 15:43:28 - INFO -      macro avg     0.7655    0.7620    0.7563       152
2026-08-22 15:43:28 - INFO -   weighted avg     0.7700    0.7566    0.7558       152
2026-08-22 15:43:28 - INFO - Confusion matrix - [[tn=60, fp=11], [fn=26, tp=55]]
2026-08-22 15:43:28 - INFO - probability_positive min=0.0014 mean=0.4350 std=0.4302 max=0.9975 predicted_0=86 predicted_1=66
2026-08-22 15:43:28 - INFO - New best model | Macro-F1: 0.756315 | Epoch: 11
2026-08-22 15:43:46 - INFO - Epoch 12/30 | Train loss: 0.081474 | Val loss: 0.746210 | LR: 2.00e-05 | Best epoch: 12 | Patience: 0 | Train: 16.53s | Validation: 0.96s | Epoch: 17.71s | Total: 212.34s
2026-08-22 15:43:46 - INFO - RecAdam target-task weight at epoch end: 1.000000
2026-08-22 15:43:46 - INFO - [Classification Report - split=train epoch=12 - threshold=0.50]
2026-08-22 15:43:46 - INFO -                 precision    recall  f1-score   support
2026-08-22 15:43:46 - INFO - 
2026-08-22 15:43:46 - INFO -       safe (0)     0.9744    0.9620    0.9682       237
2026-08-22 15:43:46 - INFO - vulnerable (1)     0.9595    0.9726    0.9660       219
2026-08-22 15:43:46 - INFO - 
2026-08-22 15:43:46 - INFO -       accuracy                         0.9671       456
2026-08-22 15:43:46 - INFO -      macro avg     0.9669    0.9673    0.9671       456
2026-08-22 15:43:46 - INFO -   weighted avg     0.9672    0.9671    0.9671       456
2026-08-22 15:43:46 - INFO - Confusion matrix - [[tn=228, fp=9], [fn=6, tp=213]]
2026-08-22 15:43:46 - INFO - probability_positive min=0.0016 mean=0.4793 std=0.4671 max=0.9971 predicted_0=234 predicted_1=222
2026-08-22 15:43:46 - INFO - [Classification Report - split=validation epoch=12 - threshold=0.50]
2026-08-22 15:43:46 - INFO -                 precision    recall  f1-score   support
2026-08-22 15:43:46 - INFO - 
2026-08-22 15:43:46 - INFO -       safe (0)     0.7534    0.7746    0.7639        71
2026-08-22 15:43:46 - INFO - vulnerable (1)     0.7975    0.7778    0.7875        81
2026-08-22 15:43:46 - INFO - 
2026-08-22 15:43:46 - INFO -       accuracy                         0.7763       152
2026-08-22 15:43:46 - INFO -      macro avg     0.7754    0.7762    0.7757       152
2026-08-22 15:43:46 - INFO -   weighted avg     0.7769    0.7763    0.7765       152
2026-08-22 15:43:46 - INFO - Confusion matrix - [[tn=55, fp=16], [fn=18, tp=63]]
2026-08-22 15:43:46 - INFO - probability_positive min=0.0012 mean=0.5029 std=0.4538 max=0.9981 predicted_0=73 predicted_1=79
2026-08-22 15:43:46 - INFO - New best model | Macro-F1: 0.775694 | Epoch: 12
2026-08-22 15:44:04 - INFO - Epoch 13/30 | Train loss: 0.067055 | Val loss: 0.820857 | LR: 2.00e-05 | Best epoch: 13 | Patience: 0 | Train: 16.53s | Validation: 0.96s | Epoch: 17.71s | Total: 230.06s
2026-08-22 15:44:04 - INFO - RecAdam target-task weight at epoch end: 1.000000
2026-08-22 15:44:04 - INFO - [Classification Report - split=train epoch=13 - threshold=0.50]
2026-08-22 15:44:04 - INFO -                 precision    recall  f1-score   support
2026-08-22 15:44:04 - INFO - 
2026-08-22 15:44:04 - INFO -       safe (0)     0.9705    0.9705    0.9705       237
2026-08-22 15:44:04 - INFO - vulnerable (1)     0.9680    0.9680    0.9680       219
2026-08-22 15:44:04 - INFO - 
2026-08-22 15:44:04 - INFO -       accuracy                         0.9693       456
2026-08-22 15:44:04 - INFO -      macro avg     0.9693    0.9693    0.9693       456
2026-08-22 15:44:04 - INFO -   weighted avg     0.9693    0.9693    0.9693       456
2026-08-22 15:44:04 - INFO - Confusion matrix - [[tn=230, fp=7], [fn=7, tp=212]]
2026-08-22 15:44:04 - INFO - probability_positive min=0.0014 mean=0.4788 std=0.4729 max=0.9980 predicted_0=237 predicted_1=219
2026-08-22 15:44:04 - INFO - [Classification Report - split=validation epoch=13 - threshold=0.50]
2026-08-22 15:44:04 - INFO -                 precision    recall  f1-score   support
2026-08-22 15:44:04 - INFO - 
2026-08-22 15:44:04 - INFO -       safe (0)     0.7632    0.8169    0.7891        71
2026-08-22 15:44:04 - INFO - vulnerable (1)     0.8289    0.7778    0.8025        81
2026-08-22 15:44:04 - INFO - 
2026-08-22 15:44:04 - INFO -       accuracy                         0.7961       152
2026-08-22 15:44:04 - INFO -      macro avg     0.7961    0.7973    0.7958       152
2026-08-22 15:44:04 - INFO -   weighted avg     0.7982    0.7961    0.7963       152
2026-08-22 15:44:04 - INFO - Confusion matrix - [[tn=58, fp=13], [fn=18, tp=63]]
2026-08-22 15:44:04 - INFO - probability_positive min=0.0009 mean=0.5022 std=0.4728 max=0.9986 predicted_0=76 predicted_1=76
2026-08-22 15:44:04 - INFO - New best model | Macro-F1: 0.795832 | Epoch: 13
2026-08-22 15:44:21 - INFO - Epoch 14/30 | Train loss: 0.067502 | Val loss: 0.869868 | LR: 2.00e-05 | Best epoch: 13 | Patience: 1 | Train: 16.53s | Validation: 0.96s | Epoch: 17.49s | Total: 247.57s
2026-08-22 15:44:21 - INFO - RecAdam target-task weight at epoch end: 1.000000
2026-08-22 15:44:21 - INFO - [Classification Report - split=train epoch=14 - threshold=0.50]
2026-08-22 15:44:21 - INFO -                 precision    recall  f1-score   support
2026-08-22 15:44:21 - INFO - 
2026-08-22 15:44:21 - INFO -       safe (0)     0.9664    0.9705    0.9684       237
2026-08-22 15:44:21 - INFO - vulnerable (1)     0.9679    0.9635    0.9657       219
2026-08-22 15:44:21 - INFO - 
2026-08-22 15:44:21 - INFO -       accuracy                         0.9671       456
2026-08-22 15:44:21 - INFO -      macro avg     0.9671    0.9670    0.9670       456
2026-08-22 15:44:21 - INFO -   weighted avg     0.9671    0.9671    0.9671       456
2026-08-22 15:44:21 - INFO - Confusion matrix - [[tn=230, fp=7], [fn=8, tp=211]]
2026-08-22 15:44:21 - INFO - probability_positive min=0.0012 mean=0.4748 std=0.4779 max=0.9983 predicted_0=238 predicted_1=218
2026-08-22 15:44:21 - INFO - [Classification Report - split=validation epoch=14 - threshold=0.50]
2026-08-22 15:44:21 - INFO -                 precision    recall  f1-score   support
2026-08-22 15:44:21 - INFO - 
2026-08-22 15:44:21 - INFO -       safe (0)     0.7403    0.8028    0.7703        71
2026-08-22 15:44:21 - INFO - vulnerable (1)     0.8133    0.7531    0.7821        81
2026-08-22 15:44:21 - INFO - 
2026-08-22 15:44:21 - INFO -       accuracy                         0.7763       152
2026-08-22 15:44:21 - INFO -      macro avg     0.7768    0.7780    0.7762       152
2026-08-22 15:44:21 - INFO -   weighted avg     0.7792    0.7763    0.7765       152
2026-08-22 15:44:21 - INFO - Confusion matrix - [[tn=57, fp=14], [fn=20, tp=61]]
2026-08-22 15:44:21 - INFO - probability_positive min=0.0010 mean=0.4978 std=0.4673 max=0.9987 predicted_0=77 predicted_1=75
2026-08-22 15:44:39 - INFO - Epoch 15/30 | Train loss: 0.054890 | Val loss: 0.959446 | LR: 2.00e-05 | Best epoch: 13 | Patience: 2 | Train: 16.53s | Validation: 0.96s | Epoch: 17.49s | Total: 265.06s
2026-08-22 15:44:39 - INFO - RecAdam target-task weight at epoch end: 1.000000
2026-08-22 15:44:39 - INFO - [Classification Report - split=train epoch=15 - threshold=0.50]
2026-08-22 15:44:39 - INFO -                 precision    recall  f1-score   support
2026-08-22 15:44:39 - INFO - 
2026-08-22 15:44:39 - INFO -       safe (0)     0.9786    0.9662    0.9724       237
2026-08-22 15:44:39 - INFO - vulnerable (1)     0.9640    0.9772    0.9705       219
2026-08-22 15:44:39 - INFO - 
2026-08-22 15:44:39 - INFO -       accuracy                         0.9715       456
2026-08-22 15:44:39 - INFO -      macro avg     0.9713    0.9717    0.9715       456
2026-08-22 15:44:39 - INFO -   weighted avg     0.9716    0.9715    0.9715       456
2026-08-22 15:44:39 - INFO - Confusion matrix - [[tn=229, fp=8], [fn=5, tp=214]]
2026-08-22 15:44:39 - INFO - probability_positive min=0.0011 mean=0.4839 std=0.4756 max=0.9986 predicted_0=234 predicted_1=222
2026-08-22 15:44:39 - INFO - [Classification Report - split=validation epoch=15 - threshold=0.50]
2026-08-22 15:44:39 - INFO -                 precision    recall  f1-score   support
2026-08-22 15:44:39 - INFO - 
2026-08-22 15:44:39 - INFO -       safe (0)     0.7778    0.7887    0.7832        71
2026-08-22 15:44:39 - INFO - vulnerable (1)     0.8125    0.8025    0.8075        81
2026-08-22 15:44:39 - INFO - 
2026-08-22 15:44:39 - INFO -       accuracy                         0.7961       152
2026-08-22 15:44:39 - INFO -      macro avg     0.7951    0.7956    0.7953       152
2026-08-22 15:44:39 - INFO -   weighted avg     0.7963    0.7961    0.7961       152
2026-08-22 15:44:39 - INFO - Confusion matrix - [[tn=56, fp=15], [fn=16, tp=65]]
2026-08-22 15:44:39 - INFO - probability_positive min=0.0008 mean=0.5229 std=0.4771 max=0.9988 predicted_0=72 predicted_1=80
2026-08-22 15:44:56 - INFO - Epoch 16/30 | Train loss: 0.050945 | Val loss: 0.909834 | LR: 2.00e-05 | Best epoch: 13 | Patience: 3 | Train: 16.53s | Validation: 0.96s | Epoch: 17.49s | Total: 282.56s
2026-08-22 15:44:56 - INFO - RecAdam target-task weight at epoch end: 1.000000
2026-08-22 15:44:56 - INFO - [Classification Report - split=train epoch=16 - threshold=0.50]
2026-08-22 15:44:56 - INFO -                 precision    recall  f1-score   support
2026-08-22 15:44:56 - INFO - 
2026-08-22 15:44:56 - INFO -       safe (0)     0.9913    0.9620    0.9764       237
2026-08-22 15:44:56 - INFO - vulnerable (1)     0.9602    0.9909    0.9753       219
2026-08-22 15:44:56 - INFO - 
2026-08-22 15:44:56 - INFO -       accuracy                         0.9759       456
2026-08-22 15:44:56 - INFO -      macro avg     0.9757    0.9764    0.9759       456
2026-08-22 15:44:56 - INFO -   weighted avg     0.9764    0.9759    0.9759       456
2026-08-22 15:44:56 - INFO - Confusion matrix - [[tn=228, fp=9], [fn=2, tp=217]]
2026-08-22 15:44:56 - INFO - probability_positive min=0.0010 mean=0.4878 std=0.4837 max=0.9989 predicted_0=230 predicted_1=226
2026-08-22 15:44:56 - INFO - [Classification Report - split=validation epoch=16 - threshold=0.50]
2026-08-22 15:44:56 - INFO -                 precision    recall  f1-score   support
2026-08-22 15:44:56 - INFO - 
2026-08-22 15:44:56 - INFO -       safe (0)     0.7407    0.8451    0.7895        71
2026-08-22 15:44:56 - INFO - vulnerable (1)     0.8451    0.7407    0.7895        81
2026-08-22 15:44:56 - INFO - 
2026-08-22 15:44:56 - INFO -       accuracy                         0.7895       152
2026-08-22 15:44:56 - INFO -      macro avg     0.7929    0.7929    0.7895       152
2026-08-22 15:44:56 - INFO -   weighted avg     0.7963    0.7895    0.7895       152
2026-08-22 15:44:56 - INFO - Confusion matrix - [[tn=60, fp=11], [fn=21, tp=60]]
2026-08-22 15:44:56 - INFO - probability_positive min=0.0007 mean=0.4534 std=0.4615 max=0.9989 predicted_0=81 predicted_1=71
2026-08-22 15:45:13 - INFO - Epoch 17/30 | Train loss: 0.046291 | Val loss: 1.004424 | LR: 2.00e-05 | Best epoch: 13 | Patience: 4 | Train: 16.53s | Validation: 0.96s | Epoch: 17.49s | Total: 300.05s
2026-08-22 15:45:13 - INFO - RecAdam target-task weight at epoch end: 1.000000
2026-08-22 15:45:14 - INFO - [Classification Report - split=train epoch=17 - threshold=0.50]
2026-08-22 15:45:14 - INFO -                 precision    recall  f1-score   support
2026-08-22 15:45:14 - INFO - 
2026-08-22 15:45:14 - INFO -       safe (0)     0.9957    0.9662    0.9807       237
2026-08-22 15:45:14 - INFO - vulnerable (1)     0.9646    0.9954    0.9798       219
2026-08-22 15:45:14 - INFO - 
2026-08-22 15:45:14 - INFO -       accuracy                         0.9803       456
2026-08-22 15:45:14 - INFO -      macro avg     0.9801    0.9808    0.9803       456
2026-08-22 15:45:14 - INFO -   weighted avg     0.9807    0.9803    0.9803       456
2026-08-22 15:45:14 - INFO - Confusion matrix - [[tn=229, fp=8], [fn=1, tp=218]]
2026-08-22 15:45:14 - INFO - probability_positive min=0.0009 mean=0.4813 std=0.4794 max=0.9989 predicted_0=230 predicted_1=226
2026-08-22 15:45:14 - INFO - [Classification Report - split=validation epoch=17 - threshold=0.50]
2026-08-22 15:45:14 - INFO -                 precision    recall  f1-score   support
2026-08-22 15:45:14 - INFO - 
2026-08-22 15:45:14 - INFO -       safe (0)     0.7746    0.7746    0.7746        71
2026-08-22 15:45:14 - INFO - vulnerable (1)     0.8025    0.8025    0.8025        81
2026-08-22 15:45:14 - INFO - 
2026-08-22 15:45:14 - INFO -       accuracy                         0.7895       152
2026-08-22 15:45:14 - INFO -      macro avg     0.7886    0.7886    0.7886       152
2026-08-22 15:45:14 - INFO -   weighted avg     0.7895    0.7895    0.7895       152
2026-08-22 15:45:14 - INFO - Confusion matrix - [[tn=55, fp=16], [fn=16, tp=65]]
2026-08-22 15:45:14 - INFO - probability_positive min=0.0007 mean=0.5219 std=0.4781 max=0.9990 predicted_0=71 predicted_1=81
2026-08-22 15:45:31 - INFO - Epoch 18/30 | Train loss: 0.038592 | Val loss: 1.032347 | LR: 2.00e-05 | Best epoch: 13 | Patience: 5 | Train: 16.53s | Validation: 0.96s | Epoch: 17.49s | Total: 317.54s
2026-08-22 15:45:31 - INFO - RecAdam target-task weight at epoch end: 1.000000
2026-08-22 15:45:31 - INFO - [Classification Report - split=train epoch=18 - threshold=0.50]
2026-08-22 15:45:31 - INFO -                 precision    recall  f1-score   support
2026-08-22 15:45:31 - INFO - 
2026-08-22 15:45:31 - INFO -       safe (0)     0.9913    0.9662    0.9786       237
2026-08-22 15:45:31 - INFO - vulnerable (1)     0.9644    0.9909    0.9775       219
2026-08-22 15:45:31 - INFO - 
2026-08-22 15:45:31 - INFO -       accuracy                         0.9781       456
2026-08-22 15:45:31 - INFO -      macro avg     0.9779    0.9786    0.9781       456
2026-08-22 15:45:31 - INFO -   weighted avg     0.9784    0.9781    0.9781       456
2026-08-22 15:45:31 - INFO - Confusion matrix - [[tn=229, fp=8], [fn=2, tp=217]]
2026-08-22 15:45:31 - INFO - probability_positive min=0.0008 mean=0.4825 std=0.4843 max=0.9990 predicted_0=231 predicted_1=225
2026-08-22 15:45:31 - INFO - [Classification Report - split=validation epoch=18 - threshold=0.50]
2026-08-22 15:45:31 - INFO -                 precision    recall  f1-score   support
2026-08-22 15:45:31 - INFO - 
2026-08-22 15:45:31 - INFO -       safe (0)     0.7532    0.8169    0.7838        71
2026-08-22 15:45:31 - INFO - vulnerable (1)     0.8267    0.7654    0.7949        81
2026-08-22 15:45:31 - INFO - 
2026-08-22 15:45:31 - INFO -       accuracy                         0.7895       152
2026-08-22 15:45:31 - INFO -      macro avg     0.7900    0.7912    0.7893       152
2026-08-22 15:45:31 - INFO -   weighted avg     0.7924    0.7895    0.7897       152
2026-08-22 15:45:31 - INFO - Confusion matrix - [[tn=58, fp=13], [fn=19, tp=62]]
2026-08-22 15:45:31 - INFO - probability_positive min=0.0006 mean=0.4809 std=0.4762 max=0.9991 predicted_0=77 predicted_1=75
2026-08-22 15:45:31 - INFO - Early stopping | Epoch: 18 | Best epoch: 13
2026-08-22 15:45:31 - INFO - Best checkpoint saved | Path: model/same_emb/transfer_cwe/seed_42/fold5/best.pt | Epoch: 13 | Val macro_f1: 0.795832
2026-08-22 15:45:31 - INFO - Training finished | Elapsed: 317.55s
2026-08-22 15:45:31 - INFO - Run finished | Phase: phase2 | Fold: 5 | Seed: 42 | Elapsed: 321.84s
