2026-08-22 15:24:27 - INFO - Using device: cuda
2026-08-22 15:24:27 - INFO - Run started | Run: same_emb | Method: transfer_cwe | Phase: phase2 | Fold: 4 | Seed: 42 | Device: cuda
2026-08-22 15:24:27 - INFO - Loading Python training data: data/sven_python_folds_norm/fold4/train.jsonl
2026-08-22 15:24:27 - INFO - Loading Python validation data: data/sven_python_folds_norm/fold4/val.jsonl
2026-08-22 15:24:27 - INFO - Data split: python_train | Total: 456 | Labels: {0: 225, 1: 231} | CWEs: {'CWE-022': 42, 'CWE-078': 119, 'CWE-079': 53, 'CWE-089': 242} | Languages: {'python': 456} | Invalid CWE: 0
2026-08-22 15:24:27 - INFO - Data split: python_val | Total: 152 | Labels: {0: 72, 1: 80} | CWEs: {'CWE-022': 13, 'CWE-078': 44, 'CWE-079': 16, 'CWE-089': 79} | Languages: {'python': 152} | Invalid CWE: 0
2026-08-22 15:24:27 - INFO - Auxiliary head width taken from checkpoint: 4
2026-08-22 15:24:29 - INFO - Loaded source checkpoint: model/same_emb/transfer_cwe/seed_42/source/best.pt | Best epoch: 14 | Best Val Macro-F1: 0.664743
2026-08-22 15:24:29 - INFO - RecAdam schedule | Total steps: 870 | Steps/epoch: 29 | Anneal t0: 43 | Weights: {1: 0.10909682119561293, 29: 0.3318122278318339, 43: 0.5, 870: 1.0}
2026-08-22 15:24:29 - INFO - Environment: {"components": {"backbone": {"frozen": 0, "total": 109609344, "trainable": 109609344}, "cwe_head": {"frozen": 3076, "total": 3076, "trainable": 0}, "vul_head": {"frozen": 0, "total": 1538, "trainable": 1538}}, "cuda": "12.8", "fold": 4, "frozen_parameters": 3076, "gpu": "NVIDIA GeForce RTX 5070 Ti", "hyperparameters": {"anneal_fun": "sigmoid", "anneal_k": 0.05, "anneal_t0_ratio": 0.05, "anneal_w": 1.0, "aux_mode": "cwe", "batch_size": 16, "checkpoint_path": "model/same_emb/transfer_cwe/seed_42/fold4/best.pt", "cwe_vocab": "fixed4", "data_path": "data/train_ccpp_filtered.jsonl", "data_root": "data/sven_python_folds_norm", "epochs": 30, "eval_batch_size": 16, "fold": 4, "freeze_backbone_layers": 0, "freeze_prototypes_steps": 0, "lambda_cwe": 0.2, "latent_temperature": 0.1, "learning_rate": 2e-05, "lora_rank": 0, "lp_epochs": 0, "lp_learning_rate": 0.001, "max_eval_samples": null, "max_grad_norm": 1.0, "max_length": 512, "max_train_samples": null, "method_name": "transfer_cwe", "min_epochs": 3, "model_name": "Salesforce/codet5p-110m-embedding", "num_cwes": 4, "num_latent": 8, "num_workers": 0, "output_dir": "results/same_emb/transfer_cwe", "patience": 5, "phase": "phase2", "phase2_optimizer": "recadam", "pooling": "mean", "pretrain_cof": 5000.0, "recadam_anchor": "source", "result_path": "results/same_emb/transfer_cwe/seed_42/fold4.json", "run_name": "same_emb", "sam_rho": 0.05, "seed": 42, "selection_metric": "macro_f1", "source_checkpoint": "model/same_emb/transfer_cwe/seed_42/source/best.pt", "source_interpolation": 1.0, "strict_determinism": false, "target_lang": "python", "test_path": null, "train_path": null, "truncation_strategy": "head_middle_tail", "val_path": null, "weight_decay": 0.01}, "mode": "phase2_train", "model_name": "Salesforce/codet5p-110m-embedding", "seed": 42, "sklearn": "1.9.0", "torch": "2.11.0+cu128", "trainable_parameters": 109610882, "transformers": "4.57.1"}
2026-08-22 15:24:29 - INFO - SAM bat | rho=0.0500 (tuyet doi, chuan L2 toan cuc) | moi buoc 2 luot forward-backward, thoi gian huan luyen ~2x
2026-08-22 15:24:29 - INFO - Training started | Phase: phase2 | Epochs: 30
2026-08-22 15:24:30 - INFO - RecAdam first-step safety checks passed
2026-08-22 15:24:47 - INFO - Epoch 1/30 | Train loss: 0.944881 | Val loss: 0.756329 | LR: 2.00e-05 | Best epoch: 1 | Patience: 0 | Train: 16.73s | Validation: 0.96s | Epoch: 17.85s | Total: 17.85s
2026-08-22 15:24:47 - INFO - RecAdam target-task weight at epoch end: 0.331812
2026-08-22 15:24:47 - INFO - [Classification Report - split=train epoch=1 - threshold=0.50]
2026-08-22 15:24:47 - INFO -                 precision    recall  f1-score   support
2026-08-22 15:24:47 - INFO - 
2026-08-22 15:24:47 - INFO -       safe (0)     0.5500    0.1956    0.2885       225
2026-08-22 15:24:47 - INFO - vulnerable (1)     0.5186    0.8442    0.6425       231
2026-08-22 15:24:47 - INFO - 
2026-08-22 15:24:47 - INFO -       accuracy                         0.5241       456
2026-08-22 15:24:47 - INFO -      macro avg     0.5343    0.5199    0.4655       456
2026-08-22 15:24:47 - INFO -   weighted avg     0.5341    0.5241    0.4678       456
2026-08-22 15:24:47 - INFO - Confusion matrix - [[tn=44, fp=181], [fn=36, tp=195]]
2026-08-22 15:24:47 - INFO - probability_positive min=0.0047 mean=0.7172 std=0.2218 max=0.9850 predicted_0=80 predicted_1=376
2026-08-22 15:24:47 - INFO - [Classification Report - split=validation epoch=1 - threshold=0.50]
2026-08-22 15:24:47 - INFO -                 precision    recall  f1-score   support
2026-08-22 15:24:47 - INFO - 
2026-08-22 15:24:47 - INFO -       safe (0)     0.6364    0.2917    0.4000        72
2026-08-22 15:24:47 - INFO - vulnerable (1)     0.5714    0.8500    0.6834        80
2026-08-22 15:24:47 - INFO - 
2026-08-22 15:24:47 - INFO -       accuracy                         0.5855       152
2026-08-22 15:24:47 - INFO -      macro avg     0.6039    0.5708    0.5417       152
2026-08-22 15:24:47 - INFO -   weighted avg     0.6022    0.5855    0.5492       152
2026-08-22 15:24:47 - INFO - Confusion matrix - [[tn=21, fp=51], [fn=12, tp=68]]
2026-08-22 15:24:47 - INFO - probability_positive min=0.0081 mean=0.6397 std=0.2124 max=0.9466 predicted_0=33 predicted_1=119
2026-08-22 15:24:47 - INFO - New best model | Macro-F1: 0.541709 | Epoch: 1
2026-08-22 15:25:05 - INFO - Epoch 2/30 | Train loss: 0.716144 | Val loss: 0.690177 | LR: 2.00e-05 | Best epoch: 1 | Patience: 0 | Train: 16.53s | Validation: 0.96s | Epoch: 17.48s | Total: 35.35s
2026-08-22 15:25:05 - INFO - RecAdam target-task weight at epoch end: 0.679179
2026-08-22 15:25:05 - INFO - [Classification Report - split=train epoch=2 - threshold=0.50]
2026-08-22 15:25:05 - INFO -                 precision    recall  f1-score   support
2026-08-22 15:25:05 - INFO - 
2026-08-22 15:25:05 - INFO -       safe (0)     0.5251    0.4178    0.4653       225
2026-08-22 15:25:05 - INFO - vulnerable (1)     0.5271    0.6320    0.5748       231
2026-08-22 15:25:05 - INFO - 
2026-08-22 15:25:05 - INFO -       accuracy                         0.5263       456
2026-08-22 15:25:05 - INFO -      macro avg     0.5261    0.5249    0.5201       456
2026-08-22 15:25:05 - INFO -   weighted avg     0.5261    0.5263    0.5208       456
2026-08-22 15:25:05 - INFO - Confusion matrix - [[tn=94, fp=131], [fn=85, tp=146]]
2026-08-22 15:25:05 - INFO - probability_positive min=0.0045 mean=0.5258 std=0.1611 max=0.9385 predicted_0=179 predicted_1=277
2026-08-22 15:25:05 - INFO - [Classification Report - split=validation epoch=2 - threshold=0.50]
2026-08-22 15:25:05 - INFO -                 precision    recall  f1-score   support
2026-08-22 15:25:05 - INFO - 
2026-08-22 15:25:05 - INFO -       safe (0)     0.6176    0.2917    0.3962        72
2026-08-22 15:25:05 - INFO - vulnerable (1)     0.5678    0.8375    0.6768        80
2026-08-22 15:25:05 - INFO - 
2026-08-22 15:25:05 - INFO -       accuracy                         0.5789       152
2026-08-22 15:25:05 - INFO -      macro avg     0.5927    0.5646    0.5365       152
2026-08-22 15:25:05 - INFO -   weighted avg     0.5914    0.5789    0.5439       152
2026-08-22 15:25:05 - INFO - Confusion matrix - [[tn=21, fp=51], [fn=13, tp=67]]
2026-08-22 15:25:05 - INFO - probability_positive min=0.0117 mean=0.5669 std=0.1355 max=0.9084 predicted_0=34 predicted_1=118
2026-08-22 15:25:22 - INFO - Epoch 3/30 | Train loss: 0.684420 | Val loss: 0.684851 | LR: 2.00e-05 | Best epoch: 3 | Patience: 0 | Train: 16.52s | Validation: 0.96s | Epoch: 17.76s | Total: 53.12s
2026-08-22 15:25:22 - INFO - RecAdam target-task weight at epoch end: 0.900250
2026-08-22 15:25:22 - INFO - [Classification Report - split=train epoch=3 - threshold=0.50]
2026-08-22 15:25:22 - INFO -                 precision    recall  f1-score   support
2026-08-22 15:25:22 - INFO - 
2026-08-22 15:25:22 - INFO -       safe (0)     0.5602    0.6000    0.5794       225
2026-08-22 15:25:22 - INFO - vulnerable (1)     0.5814    0.5411    0.5605       231
2026-08-22 15:25:22 - INFO - 
2026-08-22 15:25:22 - INFO -       accuracy                         0.5702       456
2026-08-22 15:25:22 - INFO -      macro avg     0.5708    0.5706    0.5700       456
2026-08-22 15:25:22 - INFO -   weighted avg     0.5709    0.5702    0.5698       456
2026-08-22 15:25:22 - INFO - Confusion matrix - [[tn=135, fp=90], [fn=106, tp=125]]
2026-08-22 15:25:22 - INFO - probability_positive min=0.0080 mean=0.4920 std=0.1172 max=0.9624 predicted_0=241 predicted_1=215
2026-08-22 15:25:22 - INFO - [Classification Report - split=validation epoch=3 - threshold=0.50]
2026-08-22 15:25:22 - INFO -                 precision    recall  f1-score   support
2026-08-22 15:25:22 - INFO - 
2026-08-22 15:25:22 - INFO -       safe (0)     0.5714    0.4444    0.5000        72
2026-08-22 15:25:22 - INFO - vulnerable (1)     0.5833    0.7000    0.6364        80
2026-08-22 15:25:22 - INFO - 
2026-08-22 15:25:22 - INFO -       accuracy                         0.5789       152
2026-08-22 15:25:22 - INFO -      macro avg     0.5774    0.5722    0.5682       152
2026-08-22 15:25:22 - INFO -   weighted avg     0.5777    0.5789    0.5718       152
2026-08-22 15:25:22 - INFO - Confusion matrix - [[tn=32, fp=40], [fn=24, tp=56]]
2026-08-22 15:25:22 - INFO - probability_positive min=0.0125 mean=0.5115 std=0.1104 max=0.8347 predicted_0=56 predicted_1=96
2026-08-22 15:25:22 - INFO - New best model | Macro-F1: 0.568182 | Epoch: 3
2026-08-22 15:25:40 - INFO - Epoch 4/30 | Train loss: 0.665912 | Val loss: 0.684683 | LR: 2.00e-05 | Best epoch: 3 | Patience: 1 | Train: 16.52s | Validation: 0.96s | Epoch: 17.48s | Total: 70.61s
2026-08-22 15:25:40 - INFO - RecAdam target-task weight at epoch end: 0.974667
2026-08-22 15:25:40 - INFO - [Classification Report - split=train epoch=4 - threshold=0.50]
2026-08-22 15:25:40 - INFO -                 precision    recall  f1-score   support
2026-08-22 15:25:40 - INFO - 
2026-08-22 15:25:40 - INFO -       safe (0)     0.5682    0.5556    0.5618       225
2026-08-22 15:25:40 - INFO - vulnerable (1)     0.5763    0.5887    0.5824       231
2026-08-22 15:25:40 - INFO - 
2026-08-22 15:25:40 - INFO -       accuracy                         0.5724       456
2026-08-22 15:25:40 - INFO -      macro avg     0.5722    0.5722    0.5721       456
2026-08-22 15:25:40 - INFO -   weighted avg     0.5723    0.5724    0.5723       456
2026-08-22 15:25:40 - INFO - Confusion matrix - [[tn=125, fp=100], [fn=95, tp=136]]
2026-08-22 15:25:40 - INFO - probability_positive min=0.0090 mean=0.4877 std=0.1202 max=0.8497 predicted_0=220 predicted_1=236
2026-08-22 15:25:40 - INFO - [Classification Report - split=validation epoch=4 - threshold=0.50]
2026-08-22 15:25:40 - INFO -                 precision    recall  f1-score   support
2026-08-22 15:25:40 - INFO - 
2026-08-22 15:25:40 - INFO -       safe (0)     0.7500    0.2500    0.3750        72
2026-08-22 15:25:40 - INFO - vulnerable (1)     0.5781    0.9250    0.7115        80
2026-08-22 15:25:40 - INFO - 
2026-08-22 15:25:40 - INFO -       accuracy                         0.6053       152
2026-08-22 15:25:40 - INFO -      macro avg     0.6641    0.5875    0.5433       152
2026-08-22 15:25:40 - INFO -   weighted avg     0.6595    0.6053    0.5521       152
2026-08-22 15:25:40 - INFO - Confusion matrix - [[tn=18, fp=54], [fn=6, tp=74]]
2026-08-22 15:25:40 - INFO - probability_positive min=0.0133 mean=0.5526 std=0.1270 max=0.8203 predicted_0=24 predicted_1=128
2026-08-22 15:25:58 - INFO - Epoch 5/30 | Train loss: 0.598526 | Val loss: 0.674984 | LR: 2.00e-05 | Best epoch: 5 | Patience: 0 | Train: 16.52s | Validation: 0.96s | Epoch: 17.70s | Total: 88.31s
2026-08-22 15:25:58 - INFO - RecAdam target-task weight at epoch end: 0.993940
2026-08-22 15:25:58 - INFO - [Classification Report - split=train epoch=5 - threshold=0.50]
2026-08-22 15:25:58 - INFO -                 precision    recall  f1-score   support
2026-08-22 15:25:58 - INFO - 
2026-08-22 15:25:58 - INFO -       safe (0)     0.7857    0.4400    0.5641       225
2026-08-22 15:25:58 - INFO - vulnerable (1)     0.6182    0.8831    0.7273       231
2026-08-22 15:25:58 - INFO - 
2026-08-22 15:25:58 - INFO -       accuracy                         0.6645       456
2026-08-22 15:25:58 - INFO -      macro avg     0.7019    0.6616    0.6457       456
2026-08-22 15:25:58 - INFO -   weighted avg     0.7008    0.6645    0.6468       456
2026-08-22 15:25:58 - INFO - Confusion matrix - [[tn=99, fp=126], [fn=27, tp=204]]
2026-08-22 15:25:58 - INFO - probability_positive min=0.0094 mean=0.5210 std=0.1688 max=0.8995 predicted_0=126 predicted_1=330
2026-08-22 15:25:58 - INFO - [Classification Report - split=validation epoch=5 - threshold=0.50]
2026-08-22 15:25:58 - INFO -                 precision    recall  f1-score   support
2026-08-22 15:25:58 - INFO - 
2026-08-22 15:25:58 - INFO -       safe (0)     0.7200    0.5000    0.5902        72
2026-08-22 15:25:58 - INFO - vulnerable (1)     0.6471    0.8250    0.7253        80
2026-08-22 15:25:58 - INFO - 
2026-08-22 15:25:58 - INFO -       accuracy                         0.6711       152
2026-08-22 15:25:58 - INFO -      macro avg     0.6835    0.6625    0.6577       152
2026-08-22 15:25:58 - INFO -   weighted avg     0.6816    0.6711    0.6613       152
2026-08-22 15:25:58 - INFO - Confusion matrix - [[tn=36, fp=36], [fn=14, tp=66]]
2026-08-22 15:25:58 - INFO - probability_positive min=0.0069 mean=0.4926 std=0.2087 max=0.8363 predicted_0=50 predicted_1=102
2026-08-22 15:25:58 - INFO - New best model | Macro-F1: 0.657719 | Epoch: 5
2026-08-22 15:26:15 - INFO - Epoch 6/30 | Train loss: 0.519733 | Val loss: 0.605912 | LR: 2.00e-05 | Best epoch: 6 | Patience: 0 | Train: 16.53s | Validation: 0.96s | Epoch: 17.70s | Total: 106.03s
2026-08-22 15:26:15 - INFO - RecAdam target-task weight at epoch end: 0.998572
2026-08-22 15:26:15 - INFO - [Classification Report - split=train epoch=6 - threshold=0.50]
2026-08-22 15:26:15 - INFO -                 precision    recall  f1-score   support
2026-08-22 15:26:15 - INFO - 
2026-08-22 15:26:15 - INFO -       safe (0)     0.8204    0.6089    0.6990       225
2026-08-22 15:26:15 - INFO - vulnerable (1)     0.6955    0.8701    0.7731       231
2026-08-22 15:26:15 - INFO - 
2026-08-22 15:26:15 - INFO -       accuracy                         0.7412       456
2026-08-22 15:26:15 - INFO -      macro avg     0.7579    0.7395    0.7360       456
2026-08-22 15:26:15 - INFO -   weighted avg     0.7571    0.7412    0.7365       456
2026-08-22 15:26:15 - INFO - Confusion matrix - [[tn=137, fp=88], [fn=30, tp=201]]
2026-08-22 15:26:15 - INFO - probability_positive min=0.0072 mean=0.5072 std=0.2271 max=0.9397 predicted_0=167 predicted_1=289
2026-08-22 15:26:15 - INFO - [Classification Report - split=validation epoch=6 - threshold=0.50]
2026-08-22 15:26:15 - INFO -                 precision    recall  f1-score   support
2026-08-22 15:26:15 - INFO - 
2026-08-22 15:26:15 - INFO -       safe (0)     0.6835    0.7500    0.7152        72
2026-08-22 15:26:15 - INFO - vulnerable (1)     0.7534    0.6875    0.7190        80
2026-08-22 15:26:15 - INFO - 
2026-08-22 15:26:15 - INFO -       accuracy                         0.7171       152
2026-08-22 15:26:15 - INFO -      macro avg     0.7185    0.7188    0.7171       152
2026-08-22 15:26:15 - INFO -   weighted avg     0.7203    0.7171    0.7172       152
2026-08-22 15:26:15 - INFO - Confusion matrix - [[tn=54, fp=18], [fn=25, tp=55]]
2026-08-22 15:26:15 - INFO - probability_positive min=0.0097 mean=0.4585 std=0.2454 max=0.8842 predicted_0=79 predicted_1=73
2026-08-22 15:26:15 - INFO - New best model | Macro-F1: 0.717093 | Epoch: 6
2026-08-22 15:26:33 - INFO - Epoch 7/30 | Train loss: 0.405612 | Val loss: 0.511004 | LR: 2.00e-05 | Best epoch: 7 | Patience: 0 | Train: 16.53s | Validation: 0.96s | Epoch: 17.71s | Total: 123.74s
2026-08-22 15:26:33 - INFO - RecAdam target-task weight at epoch end: 0.999665
2026-08-22 15:26:33 - INFO - [Classification Report - split=train epoch=7 - threshold=0.50]
2026-08-22 15:26:33 - INFO -                 precision    recall  f1-score   support
2026-08-22 15:26:33 - INFO - 
2026-08-22 15:26:33 - INFO -       safe (0)     0.8325    0.7733    0.8018       225
2026-08-22 15:26:33 - INFO - vulnerable (1)     0.7935    0.8485    0.8201       231
2026-08-22 15:26:33 - INFO - 
2026-08-22 15:26:33 - INFO -       accuracy                         0.8114       456
2026-08-22 15:26:33 - INFO -      macro avg     0.8130    0.8109    0.8110       456
2026-08-22 15:26:33 - INFO -   weighted avg     0.8128    0.8114    0.8111       456
2026-08-22 15:26:33 - INFO - Confusion matrix - [[tn=174, fp=51], [fn=35, tp=196]]
2026-08-22 15:26:33 - INFO - probability_positive min=0.0087 mean=0.4979 std=0.3020 max=0.9860 predicted_0=209 predicted_1=247
2026-08-22 15:26:33 - INFO - [Classification Report - split=validation epoch=7 - threshold=0.50]
2026-08-22 15:26:33 - INFO -                 precision    recall  f1-score   support
2026-08-22 15:26:33 - INFO - 
2026-08-22 15:26:33 - INFO -       safe (0)     0.8387    0.7222    0.7761        72
2026-08-22 15:26:33 - INFO - vulnerable (1)     0.7778    0.8750    0.8235        80
2026-08-22 15:26:33 - INFO - 
2026-08-22 15:26:33 - INFO -       accuracy                         0.8026       152
2026-08-22 15:26:33 - INFO -      macro avg     0.8082    0.7986    0.7998       152
2026-08-22 15:26:33 - INFO -   weighted avg     0.8066    0.8026    0.8011       152
2026-08-22 15:26:33 - INFO - Confusion matrix - [[tn=52, fp=20], [fn=10, tp=70]]
2026-08-22 15:26:33 - INFO - probability_positive min=0.0077 mean=0.5347 std=0.3474 max=0.9835 predicted_0=62 predicted_1=90
2026-08-22 15:26:33 - INFO - New best model | Macro-F1: 0.799824 | Epoch: 7
2026-08-22 15:26:51 - INFO - Epoch 8/30 | Train loss: 0.279120 | Val loss: 0.484748 | LR: 2.00e-05 | Best epoch: 8 | Patience: 0 | Train: 16.53s | Validation: 0.96s | Epoch: 17.70s | Total: 141.46s
2026-08-22 15:26:51 - INFO - RecAdam target-task weight at epoch end: 0.999921
2026-08-22 15:26:51 - INFO - [Classification Report - split=train epoch=8 - threshold=0.50]
2026-08-22 15:26:51 - INFO -                 precision    recall  f1-score   support
2026-08-22 15:26:51 - INFO - 
2026-08-22 15:26:51 - INFO -       safe (0)     0.9278    0.8000    0.8592       225
2026-08-22 15:26:51 - INFO - vulnerable (1)     0.8282    0.9394    0.8803       231
2026-08-22 15:26:51 - INFO - 
2026-08-22 15:26:51 - INFO -       accuracy                         0.8706       456
2026-08-22 15:26:51 - INFO -      macro avg     0.8780    0.8697    0.8698       456
2026-08-22 15:26:51 - INFO -   weighted avg     0.8774    0.8706    0.8699       456
2026-08-22 15:26:51 - INFO - Confusion matrix - [[tn=180, fp=45], [fn=14, tp=217]]
2026-08-22 15:26:51 - INFO - probability_positive min=0.0047 mean=0.5129 std=0.3754 max=0.9925 predicted_0=194 predicted_1=262
2026-08-22 15:26:51 - INFO - [Classification Report - split=validation epoch=8 - threshold=0.50]
2026-08-22 15:26:51 - INFO -                 precision    recall  f1-score   support
2026-08-22 15:26:51 - INFO - 
2026-08-22 15:26:51 - INFO -       safe (0)     0.8286    0.8056    0.8169        72
2026-08-22 15:26:51 - INFO - vulnerable (1)     0.8293    0.8500    0.8395        80
2026-08-22 15:26:51 - INFO - 
2026-08-22 15:26:51 - INFO -       accuracy                         0.8289       152
2026-08-22 15:26:51 - INFO -      macro avg     0.8289    0.8278    0.8282       152
2026-08-22 15:26:51 - INFO -   weighted avg     0.8289    0.8289    0.8288       152
2026-08-22 15:26:51 - INFO - Confusion matrix - [[tn=58, fp=14], [fn=12, tp=68]]
2026-08-22 15:26:51 - INFO - probability_positive min=0.0043 mean=0.5139 std=0.4072 max=0.9949 predicted_0=70 predicted_1=82
2026-08-22 15:26:51 - INFO - New best model | Macro-F1: 0.828204 | Epoch: 8
2026-08-22 15:27:08 - INFO - Epoch 9/30 | Train loss: 0.193136 | Val loss: 0.553732 | LR: 2.00e-05 | Best epoch: 8 | Patience: 1 | Train: 16.53s | Validation: 0.95s | Epoch: 17.48s | Total: 158.95s
2026-08-22 15:27:08 - INFO - RecAdam target-task weight at epoch end: 0.999982
2026-08-22 15:27:08 - INFO - [Classification Report - split=train epoch=9 - threshold=0.50]
2026-08-22 15:27:08 - INFO -                 precision    recall  f1-score   support
2026-08-22 15:27:08 - INFO - 
2026-08-22 15:27:08 - INFO -       safe (0)     0.9510    0.8622    0.9044       225
2026-08-22 15:27:08 - INFO - vulnerable (1)     0.8770    0.9567    0.9151       231
2026-08-22 15:27:08 - INFO - 
2026-08-22 15:27:08 - INFO -       accuracy                         0.9101       456
2026-08-22 15:27:08 - INFO -      macro avg     0.9140    0.9095    0.9098       456
2026-08-22 15:27:08 - INFO -   weighted avg     0.9135    0.9101    0.9098       456
2026-08-22 15:27:08 - INFO - Confusion matrix - [[tn=194, fp=31], [fn=10, tp=221]]
2026-08-22 15:27:08 - INFO - probability_positive min=0.0045 mean=0.5107 std=0.4151 max=0.9944 predicted_0=204 predicted_1=252
2026-08-22 15:27:08 - INFO - [Classification Report - split=validation epoch=9 - threshold=0.50]
2026-08-22 15:27:08 - INFO -                 precision    recall  f1-score   support
2026-08-22 15:27:08 - INFO - 
2026-08-22 15:27:08 - INFO -       safe (0)     0.7273    0.8889    0.8000        72
2026-08-22 15:27:08 - INFO - vulnerable (1)     0.8750    0.7000    0.7778        80
2026-08-22 15:27:08 - INFO - 
2026-08-22 15:27:08 - INFO -       accuracy                         0.7895       152
2026-08-22 15:27:08 - INFO -      macro avg     0.8011    0.7944    0.7889       152
2026-08-22 15:27:08 - INFO -   weighted avg     0.8050    0.7895    0.7883       152
2026-08-22 15:27:08 - INFO - Confusion matrix - [[tn=64, fp=8], [fn=24, tp=56]]
2026-08-22 15:27:08 - INFO - probability_positive min=0.0030 mean=0.3939 std=0.3830 max=0.9954 predicted_0=88 predicted_1=64
2026-08-22 15:27:26 - INFO - Epoch 10/30 | Train loss: 0.172061 | Val loss: 0.574632 | LR: 2.00e-05 | Best epoch: 8 | Patience: 2 | Train: 16.53s | Validation: 0.96s | Epoch: 17.48s | Total: 176.44s
2026-08-22 15:27:26 - INFO - RecAdam target-task weight at epoch end: 0.999996
2026-08-22 15:27:26 - INFO - [Classification Report - split=train epoch=10 - threshold=0.50]
2026-08-22 15:27:26 - INFO -                 precision    recall  f1-score   support
2026-08-22 15:27:26 - INFO - 
2026-08-22 15:27:26 - INFO -       safe (0)     0.9444    0.9067    0.9252       225
2026-08-22 15:27:26 - INFO - vulnerable (1)     0.9125    0.9481    0.9299       231
2026-08-22 15:27:26 - INFO - 
2026-08-22 15:27:26 - INFO -       accuracy                         0.9276       456
2026-08-22 15:27:26 - INFO -      macro avg     0.9285    0.9274    0.9276       456
2026-08-22 15:27:26 - INFO -   weighted avg     0.9283    0.9276    0.9276       456
2026-08-22 15:27:26 - INFO - Confusion matrix - [[tn=204, fp=21], [fn=12, tp=219]]
2026-08-22 15:27:26 - INFO - probability_positive min=0.0033 mean=0.5089 std=0.4302 max=0.9966 predicted_0=216 predicted_1=240
2026-08-22 15:27:26 - INFO - [Classification Report - split=validation epoch=10 - threshold=0.50]
2026-08-22 15:27:26 - INFO -                 precision    recall  f1-score   support
2026-08-22 15:27:26 - INFO - 
2026-08-22 15:27:26 - INFO -       safe (0)     0.7654    0.8611    0.8105        72
2026-08-22 15:27:26 - INFO - vulnerable (1)     0.8592    0.7625    0.8079        80
2026-08-22 15:27:26 - INFO - 
2026-08-22 15:27:26 - INFO -       accuracy                         0.8092       152
2026-08-22 15:27:26 - INFO -      macro avg     0.8123    0.8118    0.8092       152
2026-08-22 15:27:26 - INFO -   weighted avg     0.8148    0.8092    0.8091       152
2026-08-22 15:27:26 - INFO - Confusion matrix - [[tn=62, fp=10], [fn=19, tp=61]]
2026-08-22 15:27:26 - INFO - probability_positive min=0.0023 mean=0.4510 std=0.4211 max=0.9941 predicted_0=81 predicted_1=71
2026-08-22 15:27:43 - INFO - Epoch 11/30 | Train loss: 0.133024 | Val loss: 0.561600 | LR: 2.00e-05 | Best epoch: 8 | Patience: 3 | Train: 16.53s | Validation: 0.96s | Epoch: 17.48s | Total: 193.93s
2026-08-22 15:27:43 - INFO - RecAdam target-task weight at epoch end: 0.999999
2026-08-22 15:27:43 - INFO - [Classification Report - split=train epoch=11 - threshold=0.50]
2026-08-22 15:27:43 - INFO -                 precision    recall  f1-score   support
2026-08-22 15:27:43 - INFO - 
2026-08-22 15:27:43 - INFO -       safe (0)     0.9713    0.9022    0.9355       225
2026-08-22 15:27:43 - INFO - vulnerable (1)     0.9109    0.9740    0.9414       231
2026-08-22 15:27:43 - INFO - 
2026-08-22 15:27:43 - INFO -       accuracy                         0.9386       456
2026-08-22 15:27:43 - INFO -      macro avg     0.9411    0.9381    0.9385       456
2026-08-22 15:27:43 - INFO -   weighted avg     0.9407    0.9386    0.9385       456
2026-08-22 15:27:43 - INFO - Confusion matrix - [[tn=203, fp=22], [fn=6, tp=225]]
2026-08-22 15:27:43 - INFO - probability_positive min=0.0021 mean=0.5108 std=0.4421 max=0.9962 predicted_0=209 predicted_1=247
2026-08-22 15:27:43 - INFO - [Classification Report - split=validation epoch=11 - threshold=0.50]
2026-08-22 15:27:43 - INFO -                 precision    recall  f1-score   support
2026-08-22 15:27:43 - INFO - 
2026-08-22 15:27:43 - INFO -       safe (0)     0.8028    0.7917    0.7972        72
2026-08-22 15:27:43 - INFO - vulnerable (1)     0.8148    0.8250    0.8199        80
2026-08-22 15:27:43 - INFO - 
2026-08-22 15:27:43 - INFO -       accuracy                         0.8092       152
2026-08-22 15:27:43 - INFO -      macro avg     0.8088    0.8083    0.8085       152
2026-08-22 15:27:43 - INFO -   weighted avg     0.8091    0.8092    0.8091       152
2026-08-22 15:27:43 - INFO - Confusion matrix - [[tn=57, fp=15], [fn=14, tp=66]]
2026-08-22 15:27:43 - INFO - probability_positive min=0.0019 mean=0.5058 std=0.4501 max=0.9965 predicted_0=71 predicted_1=81
2026-08-22 15:28:01 - INFO - Epoch 12/30 | Train loss: 0.101194 | Val loss: 0.614648 | LR: 2.00e-05 | Best epoch: 8 | Patience: 4 | Train: 16.52s | Validation: 0.96s | Epoch: 17.48s | Total: 211.41s
2026-08-22 15:28:01 - INFO - RecAdam target-task weight at epoch end: 1.000000
2026-08-22 15:28:01 - INFO - [Classification Report - split=train epoch=12 - threshold=0.50]
2026-08-22 15:28:01 - INFO -                 precision    recall  f1-score   support
2026-08-22 15:28:01 - INFO - 
2026-08-22 15:28:01 - INFO -       safe (0)     0.9858    0.9289    0.9565       225
2026-08-22 15:28:01 - INFO - vulnerable (1)     0.9344    0.9870    0.9600       231
2026-08-22 15:28:01 - INFO - 
2026-08-22 15:28:01 - INFO -       accuracy                         0.9583       456
2026-08-22 15:28:01 - INFO -      macro avg     0.9601    0.9580    0.9583       456
2026-08-22 15:28:01 - INFO -   weighted avg     0.9598    0.9583    0.9583       456
2026-08-22 15:28:01 - INFO - Confusion matrix - [[tn=209, fp=16], [fn=3, tp=228]]
2026-08-22 15:28:01 - INFO - probability_positive min=0.0020 mean=0.5128 std=0.4579 max=0.9972 predicted_0=212 predicted_1=244
2026-08-22 15:28:01 - INFO - [Classification Report - split=validation epoch=12 - threshold=0.50]
2026-08-22 15:28:01 - INFO -                 precision    recall  f1-score   support
2026-08-22 15:28:01 - INFO - 
2026-08-22 15:28:01 - INFO -       safe (0)     0.8143    0.7917    0.8028        72
2026-08-22 15:28:01 - INFO - vulnerable (1)     0.8171    0.8375    0.8272        80
2026-08-22 15:28:01 - INFO - 
2026-08-22 15:28:01 - INFO -       accuracy                         0.8158       152
2026-08-22 15:28:01 - INFO -      macro avg     0.8157    0.8146    0.8150       152
2026-08-22 15:28:01 - INFO -   weighted avg     0.8158    0.8158    0.8156       152
2026-08-22 15:28:01 - INFO - Confusion matrix - [[tn=57, fp=15], [fn=13, tp=67]]
2026-08-22 15:28:01 - INFO - probability_positive min=0.0014 mean=0.5239 std=0.4668 max=0.9980 predicted_0=70 predicted_1=82
2026-08-22 15:28:18 - INFO - Epoch 13/30 | Train loss: 0.094689 | Val loss: 0.623167 | LR: 2.00e-05 | Best epoch: 8 | Patience: 5 | Train: 16.53s | Validation: 0.96s | Epoch: 17.48s | Total: 228.90s
2026-08-22 15:28:18 - INFO - RecAdam target-task weight at epoch end: 1.000000
2026-08-22 15:28:18 - INFO - [Classification Report - split=train epoch=13 - threshold=0.50]
2026-08-22 15:28:18 - INFO -                 precision    recall  f1-score   support
2026-08-22 15:28:18 - INFO - 
2026-08-22 15:28:18 - INFO -       safe (0)     0.9857    0.9200    0.9517       225
2026-08-22 15:28:18 - INFO - vulnerable (1)     0.9268    0.9870    0.9560       231
2026-08-22 15:28:18 - INFO - 
2026-08-22 15:28:18 - INFO -       accuracy                         0.9539       456
2026-08-22 15:28:18 - INFO -      macro avg     0.9563    0.9535    0.9538       456
2026-08-22 15:28:18 - INFO -   weighted avg     0.9559    0.9539    0.9539       456
2026-08-22 15:28:18 - INFO - Confusion matrix - [[tn=207, fp=18], [fn=3, tp=228]]
2026-08-22 15:28:18 - INFO - probability_positive min=0.0016 mean=0.5173 std=0.4689 max=0.9977 predicted_0=210 predicted_1=246
2026-08-22 15:28:18 - INFO - [Classification Report - split=validation epoch=13 - threshold=0.50]
2026-08-22 15:28:18 - INFO -                 precision    recall  f1-score   support
2026-08-22 15:28:18 - INFO - 
2026-08-22 15:28:18 - INFO -       safe (0)     0.8382    0.7917    0.8143        72
2026-08-22 15:28:18 - INFO - vulnerable (1)     0.8214    0.8625    0.8415        80
2026-08-22 15:28:18 - INFO - 
2026-08-22 15:28:18 - INFO -       accuracy                         0.8289       152
2026-08-22 15:28:18 - INFO -      macro avg     0.8298    0.8271    0.8279       152
2026-08-22 15:28:18 - INFO -   weighted avg     0.8294    0.8289    0.8286       152
2026-08-22 15:28:18 - INFO - Confusion matrix - [[tn=57, fp=15], [fn=11, tp=69]]
2026-08-22 15:28:18 - INFO - probability_positive min=0.0012 mean=0.5326 std=0.4658 max=0.9984 predicted_0=68 predicted_1=84
2026-08-22 15:28:18 - INFO - Early stopping | Epoch: 13 | Best epoch: 8
2026-08-22 15:28:18 - INFO - Best checkpoint saved | Path: model/same_emb/transfer_cwe/seed_42/fold4/best.pt | Epoch: 8 | Val macro_f1: 0.828204
2026-08-22 15:28:18 - INFO - Training finished | Elapsed: 228.91s
2026-08-22 15:28:18 - INFO - Run finished | Phase: phase2 | Fold: 4 | Seed: 42 | Elapsed: 231.67s
