2026-08-21 04:14:22 - INFO - Using device: cuda
2026-08-21 04:14:22 - INFO - Run started | Run: edit_ref_codebert | Method: baseline | Phase: baseline_infer | Fold: 3 | Seed: 42 | Device: cuda
2026-08-21 04:14:23 - INFO - Loading Python validation data: data/sven_python_twin/fold3/val.jsonl
2026-08-21 04:14:23 - INFO - Loading Python test data: data/sven_python_twin/fold3/test.jsonl
2026-08-21 04:14:23 - INFO - Data split: python_val | Total: 151 | Labels: {0: 70, 1: 81} | CWEs: {'CWE-022': 13, 'CWE-078': 41, 'CWE-079': 16, 'CWE-089': 81} | Languages: {'python': 151} | Invalid CWE: 0
2026-08-21 04:14:23 - INFO - Data split: python_test | Total: 152 | Labels: {0: 79, 1: 73} | CWEs: {'CWE-022': 13, 'CWE-078': 41, 'CWE-079': 16, 'CWE-089': 82} | Languages: {'python': 152} | Invalid CWE: 0
2026-08-21 04:14:25 - INFO - Environment: {"components": {"backbone": {"frozen": 0, "total": 124645632, "trainable": 124645632}, "vul_head": {"frozen": 0, "total": 1538, "trainable": 1538}}, "cuda": "12.8", "fold": 3, "frozen_parameters": 0, "gpu": "NVIDIA GeForce RTX 5060 Ti", "hyperparameters": {"batch_size": 16, "checkpoint_path": "model/edit_ref_codebert/baseline/seed_42/fold3/best.pt", "data_root": "data/sven_python_twin", "epochs": 10, "eval_batch_size": 16, "fold": 3, "learning_rate": 2e-05, "max_eval_samples": null, "max_grad_norm": 1.0, "max_length": 512, "max_train_samples": null, "method_name": "baseline", "min_epochs": 3, "model_name": "microsoft/codebert-base", "num_workers": 0, "patience": 5, "phase": "infer", "pooling": "cls", "result_path": "results/edit_ref_codebert/baseline/seed_42/fold3.json", "run_name": "edit_ref_codebert", "seed": 42, "target_lang": "python", "test_path": null, "train_path": null, "truncation_strategy": "head_middle_tail", "val_path": null, "weight_decay": 0.01}, "mode": "baseline_inference_no_optimizer", "model_name": "microsoft/codebert-base", "seed": 42, "sklearn": "1.7.2", "torch": "2.11.0+cu128", "trainable_parameters": 124647170, "transformers": "4.57.1"}
2026-08-21 04:14:27 - INFO - Evaluation time | Split: validation+threshold | Seconds: 2.06
2026-08-21 04:14:27 - INFO - [Classification Report - split=validation - threshold=0.50]
2026-08-21 04:14:27 - INFO -                 precision    recall  f1-score   support
2026-08-21 04:14:27 - INFO - 
2026-08-21 04:14:27 - INFO -       safe (0)     0.9219    0.8429    0.8806        70
2026-08-21 04:14:27 - INFO - vulnerable (1)     0.8736    0.9383    0.9048        81
2026-08-21 04:14:27 - INFO - 
2026-08-21 04:14:27 - INFO -       accuracy                         0.8940       151
2026-08-21 04:14:27 - INFO -      macro avg     0.8977    0.8906    0.8927       151
2026-08-21 04:14:27 - INFO -   weighted avg     0.8960    0.8940    0.8936       151
2026-08-21 04:14:27 - INFO - Confusion matrix - [[tn=59, fp=11], [fn=5, tp=76]]
2026-08-21 04:14:27 - INFO - probability_positive min=0.0003 mean=0.5505 std=0.4599 max=0.9995 predicted_0=64 predicted_1=87
2026-08-21 04:14:27 - INFO - [Classification Report - split=validation_calibrated - threshold=0.65]
2026-08-21 04:14:27 - INFO -                 precision    recall  f1-score   support
2026-08-21 04:14:27 - INFO - 
2026-08-21 04:14:27 - INFO -       safe (0)     0.8873    0.9000    0.8936        70
2026-08-21 04:14:27 - INFO - vulnerable (1)     0.9125    0.9012    0.9068        81
2026-08-21 04:14:27 - INFO - 
2026-08-21 04:14:27 - INFO -       accuracy                         0.9007       151
2026-08-21 04:14:27 - INFO -      macro avg     0.8999    0.9006    0.9002       151
2026-08-21 04:14:27 - INFO -   weighted avg     0.9008    0.9007    0.9007       151
2026-08-21 04:14:27 - INFO - Confusion matrix - [[tn=63, fp=7], [fn=8, tp=73]]
2026-08-21 04:14:27 - INFO - probability_positive min=0.0003 mean=0.5505 std=0.4599 max=0.9995 predicted_0=71 predicted_1=80
2026-08-21 04:14:29 - INFO - Evaluation time | Split: test | Seconds: 1.60
2026-08-21 04:14:29 - INFO - [Classification Report - split=test - threshold=0.50]
2026-08-21 04:14:29 - INFO -                 precision    recall  f1-score   support
2026-08-21 04:14:29 - INFO - 
2026-08-21 04:14:29 - INFO -       safe (0)     0.8571    0.7595    0.8054        79
2026-08-21 04:14:29 - INFO - vulnerable (1)     0.7683    0.8630    0.8129        73
2026-08-21 04:14:29 - INFO - 
2026-08-21 04:14:29 - INFO -       accuracy                         0.8092       152
2026-08-21 04:14:29 - INFO -      macro avg     0.8127    0.8113    0.8091       152
2026-08-21 04:14:29 - INFO -   weighted avg     0.8145    0.8092    0.8090       152
2026-08-21 04:14:29 - INFO - Confusion matrix - [[tn=60, fp=19], [fn=10, tp=63]]
2026-08-21 04:14:29 - INFO - probability_positive min=0.0003 mean=0.5373 std=0.4730 max=0.9996 predicted_0=70 predicted_1=82
2026-08-21 04:14:29 - INFO - [Classification Report - split=test_valcal - threshold=0.65]
2026-08-21 04:14:29 - INFO -                 precision    recall  f1-score   support
2026-08-21 04:14:29 - INFO - 
2026-08-21 04:14:29 - INFO -       safe (0)     0.8514    0.7975    0.8235        79
2026-08-21 04:14:29 - INFO - vulnerable (1)     0.7949    0.8493    0.8212        73
2026-08-21 04:14:29 - INFO - 
2026-08-21 04:14:29 - INFO -       accuracy                         0.8224       152
2026-08-21 04:14:29 - INFO -      macro avg     0.8231    0.8234    0.8224       152
2026-08-21 04:14:29 - INFO -   weighted avg     0.8242    0.8224    0.8224       152
2026-08-21 04:14:29 - INFO - Confusion matrix - [[tn=63, fp=16], [fn=11, tp=62]]
2026-08-21 04:14:29 - INFO - probability_positive min=0.0003 mean=0.5373 std=0.4730 max=0.9996 predicted_0=74 predicted_1=78
2026-08-21 04:14:29 - INFO - [Classification Report - split=test_at_0.5_CWE-022 - threshold=0.50]
2026-08-21 04:14:29 - INFO -                 precision    recall  f1-score   support
2026-08-21 04:14:29 - INFO - 
2026-08-21 04:14:29 - INFO -       safe (0)     0.5000    0.2857    0.3636         7
2026-08-21 04:14:29 - INFO - vulnerable (1)     0.4444    0.6667    0.5333         6
2026-08-21 04:14:29 - INFO - 
2026-08-21 04:14:29 - INFO -       accuracy                         0.4615        13
2026-08-21 04:14:29 - INFO -      macro avg     0.4722    0.4762    0.4485        13
2026-08-21 04:14:29 - INFO -   weighted avg     0.4744    0.4615    0.4420        13
2026-08-21 04:14:29 - INFO - Confusion matrix - [[tn=2, fp=5], [fn=2, tp=4]]
2026-08-21 04:14:29 - INFO - probability_positive min=0.0059 mean=0.7068 std=0.3817 max=0.9959 predicted_0=4 predicted_1=9
2026-08-21 04:14:29 - INFO - [Classification Report - split=test_at_0.5_CWE-078 - threshold=0.50]
2026-08-21 04:14:29 - INFO -                 precision    recall  f1-score   support
2026-08-21 04:14:29 - INFO - 
2026-08-21 04:14:29 - INFO -       safe (0)     0.7778    0.6364    0.7000        22
2026-08-21 04:14:29 - INFO - vulnerable (1)     0.6522    0.7895    0.7143        19
2026-08-21 04:14:29 - INFO - 
2026-08-21 04:14:29 - INFO -       accuracy                         0.7073        41
2026-08-21 04:14:29 - INFO -      macro avg     0.7150    0.7129    0.7071        41
2026-08-21 04:14:29 - INFO -   weighted avg     0.7196    0.7073    0.7066        41
2026-08-21 04:14:29 - INFO - Confusion matrix - [[tn=14, fp=8], [fn=4, tp=15]]
2026-08-21 04:14:29 - INFO - probability_positive min=0.0003 mean=0.5548 std=0.4729 max=0.9994 predicted_0=18 predicted_1=23
2026-08-21 04:14:29 - INFO - [Classification Report - split=test_at_0.5_CWE-079 - threshold=0.50]
2026-08-21 04:14:29 - INFO -                 precision    recall  f1-score   support
2026-08-21 04:14:29 - INFO - 
2026-08-21 04:14:29 - INFO -       safe (0)     0.6667    0.5000    0.5714         8
2026-08-21 04:14:29 - INFO - vulnerable (1)     0.6000    0.7500    0.6667         8
2026-08-21 04:14:29 - INFO - 
2026-08-21 04:14:29 - INFO -       accuracy                         0.6250        16
2026-08-21 04:14:29 - INFO -      macro avg     0.6333    0.6250    0.6190        16
2026-08-21 04:14:29 - INFO -   weighted avg     0.6333    0.6250    0.6190        16
2026-08-21 04:14:29 - INFO - Confusion matrix - [[tn=4, fp=4], [fn=2, tp=6]]
2026-08-21 04:14:29 - INFO - probability_positive min=0.0091 mean=0.5936 std=0.3744 max=0.9986 predicted_0=6 predicted_1=10
2026-08-21 04:14:29 - INFO - [Classification Report - split=test_at_0.5_CWE-089 - threshold=0.50]
2026-08-21 04:14:29 - INFO -                 precision    recall  f1-score   support
2026-08-21 04:14:29 - INFO - 
2026-08-21 04:14:29 - INFO -       safe (0)     0.9524    0.9524    0.9524        42
2026-08-21 04:14:29 - INFO - vulnerable (1)     0.9500    0.9500    0.9500        40
2026-08-21 04:14:29 - INFO - 
2026-08-21 04:14:29 - INFO -       accuracy                         0.9512        82
2026-08-21 04:14:29 - INFO -      macro avg     0.9512    0.9512    0.9512        82
2026-08-21 04:14:29 - INFO -   weighted avg     0.9512    0.9512    0.9512        82
2026-08-21 04:14:29 - INFO - Confusion matrix - [[tn=40, fp=2], [fn=2, tp=38]]
2026-08-21 04:14:29 - INFO - probability_positive min=0.0003 mean=0.4907 std=0.4950 max=0.9996 predicted_0=42 predicted_1=40
2026-08-21 04:14:29 - INFO - [Classification Report - split=test_at_valcal_CWE-022 - threshold=0.65]
2026-08-21 04:14:29 - INFO -                 precision    recall  f1-score   support
2026-08-21 04:14:29 - INFO - 
2026-08-21 04:14:29 - INFO -       safe (0)     0.6000    0.4286    0.5000         7
2026-08-21 04:14:29 - INFO - vulnerable (1)     0.5000    0.6667    0.5714         6
2026-08-21 04:14:29 - INFO - 
2026-08-21 04:14:29 - INFO -       accuracy                         0.5385        13
2026-08-21 04:14:29 - INFO -      macro avg     0.5500    0.5476    0.5357        13
2026-08-21 04:14:29 - INFO -   weighted avg     0.5538    0.5385    0.5330        13
2026-08-21 04:14:29 - INFO - Confusion matrix - [[tn=3, fp=4], [fn=2, tp=4]]
2026-08-21 04:14:29 - INFO - probability_positive min=0.0059 mean=0.7068 std=0.3817 max=0.9959 predicted_0=5 predicted_1=8
2026-08-21 04:14:29 - INFO - [Classification Report - split=test_at_valcal_CWE-078 - threshold=0.65]
2026-08-21 04:14:29 - INFO -                 precision    recall  f1-score   support
2026-08-21 04:14:29 - INFO - 
2026-08-21 04:14:29 - INFO -       safe (0)     0.7895    0.6818    0.7317        22
2026-08-21 04:14:29 - INFO - vulnerable (1)     0.6818    0.7895    0.7317        19
2026-08-21 04:14:29 - INFO - 
2026-08-21 04:14:29 - INFO -       accuracy                         0.7317        41
2026-08-21 04:14:29 - INFO -      macro avg     0.7356    0.7356    0.7317        41
2026-08-21 04:14:29 - INFO -   weighted avg     0.7396    0.7317    0.7317        41
2026-08-21 04:14:29 - INFO - Confusion matrix - [[tn=15, fp=7], [fn=4, tp=15]]
2026-08-21 04:14:29 - INFO - probability_positive min=0.0003 mean=0.5548 std=0.4729 max=0.9994 predicted_0=19 predicted_1=22
2026-08-21 04:14:29 - INFO - [Classification Report - split=test_at_valcal_CWE-079 - threshold=0.65]
2026-08-21 04:14:29 - INFO -                 precision    recall  f1-score   support
2026-08-21 04:14:29 - INFO - 
2026-08-21 04:14:29 - INFO -       safe (0)     0.6250    0.6250    0.6250         8
2026-08-21 04:14:29 - INFO - vulnerable (1)     0.6250    0.6250    0.6250         8
2026-08-21 04:14:29 - INFO - 
2026-08-21 04:14:29 - INFO -       accuracy                         0.6250        16
2026-08-21 04:14:29 - INFO -      macro avg     0.6250    0.6250    0.6250        16
2026-08-21 04:14:29 - INFO -   weighted avg     0.6250    0.6250    0.6250        16
2026-08-21 04:14:29 - INFO - Confusion matrix - [[tn=5, fp=3], [fn=3, tp=5]]
2026-08-21 04:14:29 - INFO - probability_positive min=0.0091 mean=0.5936 std=0.3744 max=0.9986 predicted_0=8 predicted_1=8
2026-08-21 04:14:29 - INFO - [Classification Report - split=test_at_valcal_CWE-089 - threshold=0.65]
2026-08-21 04:14:29 - INFO -                 precision    recall  f1-score   support
2026-08-21 04:14:29 - INFO - 
2026-08-21 04:14:29 - INFO -       safe (0)     0.9524    0.9524    0.9524        42
2026-08-21 04:14:29 - INFO - vulnerable (1)     0.9500    0.9500    0.9500        40
2026-08-21 04:14:29 - INFO - 
2026-08-21 04:14:29 - INFO -       accuracy                         0.9512        82
2026-08-21 04:14:29 - INFO -      macro avg     0.9512    0.9512    0.9512        82
2026-08-21 04:14:29 - INFO -   weighted avg     0.9512    0.9512    0.9512        82
2026-08-21 04:14:29 - INFO - Confusion matrix - [[tn=40, fp=2], [fn=2, tp=38]]
2026-08-21 04:14:29 - INFO - probability_positive min=0.0003 mean=0.4907 std=0.4950 max=0.9996 predicted_0=42 predicted_1=40
2026-08-21 04:14:29 - INFO - Baseline inference result saved: results/edit_ref_codebert/baseline/seed_42/fold3.json
2026-08-21 04:14:29 - INFO - Run finished | Phase: baseline_infer | Fold: 3 | Seed: 42 | Elapsed: 7.32s
