2026-08-21 03:52:21 - INFO - Using device: cuda
2026-08-21 03:52:21 - INFO - Run started | Run: edit_ref_codebert | Method: baseline | Phase: baseline_train | Fold: 2 | Seed: 42 | Device: cuda
2026-08-21 03:52:21 - INFO - Loading Python validation data: data/sven_python_twin/fold2/val.jsonl
2026-08-21 03:52:21 - INFO - Loading Python training data: data/sven_python_twin/fold2/train.jsonl
2026-08-21 03:52:21 - INFO - Data split: python_train | Total: 455 | Labels: {0: 224, 1: 231} | CWEs: {'CWE-022': 40, 'CWE-078': 122, 'CWE-079': 49, 'CWE-089': 244} | Languages: {'python': 455} | Invalid CWE: 0
2026-08-21 03:52:21 - INFO - Data split: python_val | Total: 152 | Labels: {0: 79, 1: 73} | CWEs: {'CWE-022': 13, 'CWE-078': 41, 'CWE-079': 16, 'CWE-089': 82} | Languages: {'python': 152} | Invalid CWE: 0
2026-08-21 03:52:23 - INFO - Environment: {"components": {"backbone": {"frozen": 0, "total": 124645632, "trainable": 124645632}, "vul_head": {"frozen": 0, "total": 1538, "trainable": 1538}}, "cuda": "12.8", "fold": 2, "frozen_parameters": 0, "gpu": "NVIDIA GeForce RTX 5060 Ti", "hyperparameters": {"batch_size": 16, "checkpoint_path": "model/edit_ref_codebert/baseline/seed_42/fold2/best.pt", "data_root": "data/sven_python_twin", "epochs": 30, "eval_batch_size": 16, "fold": 2, "learning_rate": 2e-05, "max_eval_samples": null, "max_grad_norm": 1.0, "max_length": 512, "max_train_samples": null, "method_name": "baseline", "min_epochs": 3, "model_name": "microsoft/codebert-base", "num_workers": 0, "patience": 5, "phase": "train", "pooling": "cls", "result_path": "results/edit_ref_codebert/baseline/seed_42/fold2.json", "run_name": "edit_ref_codebert", "seed": 42, "target_lang": "python", "test_path": null, "train_path": null, "truncation_strategy": "head_middle_tail", "val_path": null, "weight_decay": 0.01}, "mode": "baseline_train", "model_name": "microsoft/codebert-base", "seed": 42, "sklearn": "1.7.2", "torch": "2.11.0+cu128", "trainable_parameters": 124647170, "transformers": "4.57.1"}
2026-08-21 03:52:23 - INFO - Training started | Phase: baseline | Epochs: 30
2026-08-21 03:52:40 - INFO - Epoch 1/30 | Train loss: 0.703981 | Val loss: 0.677650 | LR: 2.00e-05 | Best epoch: 1 | Patience: 0 | Train: 15.07s | Validation: 1.60s | Epoch: 16.98s | Total: 16.98s
2026-08-21 03:52:40 - INFO - [Classification Report - split=train epoch=1 - threshold=0.50]
2026-08-21 03:52:40 - INFO -                 precision    recall  f1-score   support
2026-08-21 03:52:40 - INFO - 
2026-08-21 03:52:40 - INFO -       safe (0)     0.5149    0.5402    0.5272       224
2026-08-21 03:52:40 - INFO - vulnerable (1)     0.5318    0.5065    0.5188       231
2026-08-21 03:52:40 - INFO - 
2026-08-21 03:52:40 - INFO -       accuracy                         0.5231       455
2026-08-21 03:52:40 - INFO -      macro avg     0.5234    0.5233    0.5230       455
2026-08-21 03:52:40 - INFO -   weighted avg     0.5235    0.5231    0.5230       455
2026-08-21 03:52:40 - INFO - Confusion matrix - [[tn=121, fp=103], [fn=114, tp=117]]
2026-08-21 03:52:40 - INFO - probability_positive min=0.2702 mean=0.5069 std=0.0939 max=0.8277 predicted_0=235 predicted_1=220
2026-08-21 03:52:40 - INFO - [Classification Report - split=validation epoch=1 - threshold=0.50]
2026-08-21 03:52:40 - INFO -                 precision    recall  f1-score   support
2026-08-21 03:52:40 - INFO - 
2026-08-21 03:52:40 - INFO -       safe (0)     0.5820    0.8987    0.7065        79
2026-08-21 03:52:40 - INFO - vulnerable (1)     0.7333    0.3014    0.4272        73
2026-08-21 03:52:40 - INFO - 
2026-08-21 03:52:40 - INFO -       accuracy                         0.6118       152
2026-08-21 03:52:40 - INFO -      macro avg     0.6577    0.6001    0.5668       152
2026-08-21 03:52:40 - INFO -   weighted avg     0.6547    0.6118    0.5723       152
2026-08-21 03:52:40 - INFO - Confusion matrix - [[tn=71, fp=8], [fn=51, tp=22]]
2026-08-21 03:52:40 - INFO - probability_positive min=0.4260 mean=0.4774 std=0.0250 max=0.5360 predicted_0=122 predicted_1=30
2026-08-21 03:52:40 - INFO - New best model | Macro-F1: 0.566826 | Epoch: 1
2026-08-21 03:52:57 - INFO - Epoch 2/30 | Train loss: 0.676288 | Val loss: 0.593052 | LR: 2.00e-05 | Best epoch: 2 | Patience: 0 | Train: 14.83s | Validation: 1.60s | Epoch: 16.87s | Total: 33.86s
2026-08-21 03:52:57 - INFO - [Classification Report - split=train epoch=2 - threshold=0.50]
2026-08-21 03:52:57 - INFO -                 precision    recall  f1-score   support
2026-08-21 03:52:57 - INFO - 
2026-08-21 03:52:57 - INFO -       safe (0)     0.5789    0.5402    0.5589       224
2026-08-21 03:52:57 - INFO - vulnerable (1)     0.5813    0.6190    0.5996       231
2026-08-21 03:52:57 - INFO - 
2026-08-21 03:52:57 - INFO -       accuracy                         0.5802       455
2026-08-21 03:52:57 - INFO -      macro avg     0.5801    0.5796    0.5792       455
2026-08-21 03:52:57 - INFO -   weighted avg     0.5801    0.5802    0.5795       455
2026-08-21 03:52:57 - INFO - Confusion matrix - [[tn=121, fp=103], [fn=88, tp=143]]
2026-08-21 03:52:57 - INFO - probability_positive min=0.2865 mean=0.5176 std=0.0955 max=0.8358 predicted_0=209 predicted_1=246
2026-08-21 03:52:57 - INFO - [Classification Report - split=validation epoch=2 - threshold=0.50]
2026-08-21 03:52:57 - INFO -                 precision    recall  f1-score   support
2026-08-21 03:52:57 - INFO - 
2026-08-21 03:52:57 - INFO -       safe (0)     0.7000    0.7089    0.7044        79
2026-08-21 03:52:57 - INFO - vulnerable (1)     0.6806    0.6712    0.6759        73
2026-08-21 03:52:57 - INFO - 
2026-08-21 03:52:57 - INFO -       accuracy                         0.6908       152
2026-08-21 03:52:57 - INFO -      macro avg     0.6903    0.6900    0.6901       152
2026-08-21 03:52:57 - INFO -   weighted avg     0.6907    0.6908    0.6907       152
2026-08-21 03:52:57 - INFO - Confusion matrix - [[tn=56, fp=23], [fn=24, tp=49]]
2026-08-21 03:52:57 - INFO - probability_positive min=0.2206 mean=0.4597 std=0.1290 max=0.7106 predicted_0=80 predicted_1=72
2026-08-21 03:52:57 - INFO - New best model | Macro-F1: 0.690132 | Epoch: 2
2026-08-21 03:53:14 - INFO - Epoch 3/30 | Train loss: 0.516757 | Val loss: 0.587509 | LR: 2.00e-05 | Best epoch: 3 | Patience: 0 | Train: 14.84s | Validation: 1.60s | Epoch: 16.93s | Total: 50.81s
2026-08-21 03:53:14 - INFO - [Classification Report - split=train epoch=3 - threshold=0.50]
2026-08-21 03:53:14 - INFO -                 precision    recall  f1-score   support
2026-08-21 03:53:14 - INFO - 
2026-08-21 03:53:14 - INFO -       safe (0)     0.7703    0.7188    0.7436       224
2026-08-21 03:53:14 - INFO - vulnerable (1)     0.7439    0.7922    0.7673       231
2026-08-21 03:53:14 - INFO - 
2026-08-21 03:53:14 - INFO -       accuracy                         0.7560       455
2026-08-21 03:53:14 - INFO -      macro avg     0.7571    0.7555    0.7555       455
2026-08-21 03:53:14 - INFO -   weighted avg     0.7569    0.7560    0.7557       455
2026-08-21 03:53:14 - INFO - Confusion matrix - [[tn=161, fp=63], [fn=48, tp=183]]
2026-08-21 03:53:14 - INFO - probability_positive min=0.0255 mean=0.5065 std=0.2634 max=0.9452 predicted_0=209 predicted_1=246
2026-08-21 03:53:14 - INFO - [Classification Report - split=validation epoch=3 - threshold=0.50]
2026-08-21 03:53:14 - INFO -                 precision    recall  f1-score   support
2026-08-21 03:53:14 - INFO - 
2026-08-21 03:53:14 - INFO -       safe (0)     0.8980    0.5570    0.6875        79
2026-08-21 03:53:14 - INFO - vulnerable (1)     0.6602    0.9315    0.7727        73
2026-08-21 03:53:14 - INFO - 
2026-08-21 03:53:14 - INFO -       accuracy                         0.7368       152
2026-08-21 03:53:14 - INFO -      macro avg     0.7791    0.7442    0.7301       152
2026-08-21 03:53:14 - INFO -   weighted avg     0.7838    0.7368    0.7284       152
2026-08-21 03:53:14 - INFO - Confusion matrix - [[tn=44, fp=35], [fn=5, tp=68]]
2026-08-21 03:53:14 - INFO - probability_positive min=0.0139 mean=0.6266 std=0.3763 max=0.9690 predicted_0=49 predicted_1=103
2026-08-21 03:53:14 - INFO - New best model | Macro-F1: 0.730114 | Epoch: 3
2026-08-21 03:53:31 - INFO - Epoch 4/30 | Train loss: 0.330014 | Val loss: 0.675158 | LR: 2.00e-05 | Best epoch: 4 | Patience: 0 | Train: 14.84s | Validation: 1.60s | Epoch: 16.89s | Total: 67.71s
2026-08-21 03:53:31 - INFO - [Classification Report - split=train epoch=4 - threshold=0.50]
2026-08-21 03:53:31 - INFO -                 precision    recall  f1-score   support
2026-08-21 03:53:31 - INFO - 
2026-08-21 03:53:31 - INFO -       safe (0)     0.8867    0.8036    0.8431       224
2026-08-21 03:53:31 - INFO - vulnerable (1)     0.8254    0.9004    0.8613       231
2026-08-21 03:53:31 - INFO - 
2026-08-21 03:53:31 - INFO -       accuracy                         0.8527       455
2026-08-21 03:53:31 - INFO -      macro avg     0.8560    0.8520    0.8522       455
2026-08-21 03:53:31 - INFO -   weighted avg     0.8556    0.8527    0.8523       455
2026-08-21 03:53:31 - INFO - Confusion matrix - [[tn=180, fp=44], [fn=23, tp=208]]
2026-08-21 03:53:31 - INFO - probability_positive min=0.0054 mean=0.5117 std=0.3839 max=0.9932 predicted_0=203 predicted_1=252
2026-08-21 03:53:31 - INFO - [Classification Report - split=validation epoch=4 - threshold=0.50]
2026-08-21 03:53:31 - INFO -                 precision    recall  f1-score   support
2026-08-21 03:53:31 - INFO - 
2026-08-21 03:53:31 - INFO -       safe (0)     0.8621    0.6329    0.7299        79
2026-08-21 03:53:31 - INFO - vulnerable (1)     0.6915    0.8904    0.7784        73
2026-08-21 03:53:31 - INFO - 
2026-08-21 03:53:31 - INFO -       accuracy                         0.7566       152
2026-08-21 03:53:31 - INFO -      macro avg     0.7768    0.7617    0.7542       152
2026-08-21 03:53:31 - INFO -   weighted avg     0.7801    0.7566    0.7532       152
2026-08-21 03:53:31 - INFO - Confusion matrix - [[tn=50, fp=29], [fn=8, tp=65]]
2026-08-21 03:53:31 - INFO - probability_positive min=0.0028 mean=0.5863 std=0.4306 max=0.9951 predicted_0=58 predicted_1=94
2026-08-21 03:53:31 - INFO - New best model | Macro-F1: 0.754185 | Epoch: 4
2026-08-21 03:53:48 - INFO - Epoch 5/30 | Train loss: 0.217680 | Val loss: 0.795105 | LR: 2.00e-05 | Best epoch: 5 | Patience: 0 | Train: 14.83s | Validation: 1.60s | Epoch: 16.87s | Total: 84.60s
2026-08-21 03:53:48 - INFO - [Classification Report - split=train epoch=5 - threshold=0.50]
2026-08-21 03:53:48 - INFO -                 precision    recall  f1-score   support
2026-08-21 03:53:48 - INFO - 
2026-08-21 03:53:48 - INFO -       safe (0)     0.9155    0.8705    0.8924       224
2026-08-21 03:53:48 - INFO - vulnerable (1)     0.8802    0.9221    0.9006       231
2026-08-21 03:53:48 - INFO - 
2026-08-21 03:53:48 - INFO -       accuracy                         0.8967       455
2026-08-21 03:53:48 - INFO -      macro avg     0.8978    0.8963    0.8965       455
2026-08-21 03:53:48 - INFO -   weighted avg     0.8976    0.8967    0.8966       455
2026-08-21 03:53:48 - INFO - Confusion matrix - [[tn=195, fp=29], [fn=18, tp=213]]
2026-08-21 03:53:48 - INFO - probability_positive min=0.0021 mean=0.5215 std=0.4274 max=0.9990 predicted_0=213 predicted_1=242
2026-08-21 03:53:48 - INFO - [Classification Report - split=validation epoch=5 - threshold=0.50]
2026-08-21 03:53:48 - INFO -                 precision    recall  f1-score   support
2026-08-21 03:53:48 - INFO - 
2026-08-21 03:53:48 - INFO -       safe (0)     0.8594    0.6962    0.7692        79
2026-08-21 03:53:48 - INFO - vulnerable (1)     0.7273    0.8767    0.7950        73
2026-08-21 03:53:48 - INFO - 
2026-08-21 03:53:48 - INFO -       accuracy                         0.7829       152
2026-08-21 03:53:48 - INFO -      macro avg     0.7933    0.7865    0.7821       152
2026-08-21 03:53:48 - INFO -   weighted avg     0.7959    0.7829    0.7816       152
2026-08-21 03:53:48 - INFO - Confusion matrix - [[tn=55, fp=24], [fn=9, tp=64]]
2026-08-21 03:53:48 - INFO - probability_positive min=0.0011 mean=0.5796 std=0.4481 max=0.9992 predicted_0=64 predicted_1=88
2026-08-21 03:53:48 - INFO - New best model | Macro-F1: 0.782131 | Epoch: 5
2026-08-21 03:54:05 - INFO - Epoch 6/30 | Train loss: 0.162342 | Val loss: 0.833098 | LR: 2.00e-05 | Best epoch: 6 | Patience: 0 | Train: 14.83s | Validation: 1.60s | Epoch: 17.03s | Total: 101.64s
2026-08-21 03:54:05 - INFO - [Classification Report - split=train epoch=6 - threshold=0.50]
2026-08-21 03:54:05 - INFO -                 precision    recall  f1-score   support
2026-08-21 03:54:05 - INFO - 
2026-08-21 03:54:05 - INFO -       safe (0)     0.9358    0.9107    0.9231       224
2026-08-21 03:54:05 - INFO - vulnerable (1)     0.9156    0.9394    0.9274       231
2026-08-21 03:54:05 - INFO - 
2026-08-21 03:54:05 - INFO -       accuracy                         0.9253       455
2026-08-21 03:54:05 - INFO -      macro avg     0.9257    0.9251    0.9252       455
2026-08-21 03:54:05 - INFO -   weighted avg     0.9255    0.9253    0.9252       455
2026-08-21 03:54:05 - INFO - Confusion matrix - [[tn=204, fp=20], [fn=14, tp=217]]
2026-08-21 03:54:05 - INFO - probability_positive min=0.0007 mean=0.5094 std=0.4482 max=0.9993 predicted_0=218 predicted_1=237
2026-08-21 03:54:05 - INFO - [Classification Report - split=validation epoch=6 - threshold=0.50]
2026-08-21 03:54:05 - INFO -                 precision    recall  f1-score   support
2026-08-21 03:54:05 - INFO - 
2026-08-21 03:54:05 - INFO -       safe (0)     0.8286    0.7342    0.7785        79
2026-08-21 03:54:05 - INFO - vulnerable (1)     0.7439    0.8356    0.7871        73
2026-08-21 03:54:05 - INFO - 
2026-08-21 03:54:05 - INFO -       accuracy                         0.7829       152
2026-08-21 03:54:05 - INFO -      macro avg     0.7862    0.7849    0.7828       152
2026-08-21 03:54:05 - INFO -   weighted avg     0.7879    0.7829    0.7826       152
2026-08-21 03:54:05 - INFO - Confusion matrix - [[tn=58, fp=21], [fn=12, tp=61]]
2026-08-21 03:54:05 - INFO - probability_positive min=0.0004 mean=0.5410 std=0.4586 max=0.9996 predicted_0=70 predicted_1=82
2026-08-21 03:54:05 - INFO - New best model | Macro-F1: 0.782810 | Epoch: 6
2026-08-21 03:54:22 - INFO - Epoch 7/30 | Train loss: 0.144984 | Val loss: 0.930640 | LR: 2.00e-05 | Best epoch: 7 | Patience: 0 | Train: 14.83s | Validation: 1.60s | Epoch: 16.90s | Total: 118.56s
2026-08-21 03:54:22 - INFO - [Classification Report - split=train epoch=7 - threshold=0.50]
2026-08-21 03:54:22 - INFO -                 precision    recall  f1-score   support
2026-08-21 03:54:22 - INFO - 
2026-08-21 03:54:22 - INFO -       safe (0)     0.9635    0.9420    0.9526       224
2026-08-21 03:54:22 - INFO - vulnerable (1)     0.9449    0.9654    0.9550       231
2026-08-21 03:54:22 - INFO - 
2026-08-21 03:54:22 - INFO -       accuracy                         0.9538       455
2026-08-21 03:54:22 - INFO -      macro avg     0.9542    0.9537    0.9538       455
2026-08-21 03:54:22 - INFO -   weighted avg     0.9541    0.9538    0.9538       455
2026-08-21 03:54:22 - INFO - Confusion matrix - [[tn=211, fp=13], [fn=8, tp=223]]
2026-08-21 03:54:22 - INFO - probability_positive min=0.0002 mean=0.5139 std=0.4747 max=0.9996 predicted_0=219 predicted_1=236
2026-08-21 03:54:22 - INFO - [Classification Report - split=validation epoch=7 - threshold=0.50]
2026-08-21 03:54:22 - INFO -                 precision    recall  f1-score   support
2026-08-21 03:54:22 - INFO - 
2026-08-21 03:54:22 - INFO -       safe (0)     0.7975    0.7975    0.7975        79
2026-08-21 03:54:22 - INFO - vulnerable (1)     0.7808    0.7808    0.7808        73
2026-08-21 03:54:22 - INFO - 
2026-08-21 03:54:22 - INFO -       accuracy                         0.7895       152
2026-08-21 03:54:22 - INFO -      macro avg     0.7891    0.7891    0.7891       152
2026-08-21 03:54:22 - INFO -   weighted avg     0.7895    0.7895    0.7895       152
2026-08-21 03:54:22 - INFO - Confusion matrix - [[tn=63, fp=16], [fn=16, tp=57]]
2026-08-21 03:54:22 - INFO - probability_positive min=0.0002 mean=0.4724 std=0.4780 max=0.9997 predicted_0=79 predicted_1=73
2026-08-21 03:54:22 - INFO - New best model | Macro-F1: 0.789145 | Epoch: 7
2026-08-21 03:54:38 - INFO - Epoch 8/30 | Train loss: 0.199335 | Val loss: 0.970927 | LR: 2.00e-05 | Best epoch: 7 | Patience: 1 | Train: 14.83s | Validation: 1.60s | Epoch: 16.43s | Total: 135.01s
2026-08-21 03:54:38 - INFO - [Classification Report - split=train epoch=8 - threshold=0.50]
2026-08-21 03:54:38 - INFO -                 precision    recall  f1-score   support
2026-08-21 03:54:38 - INFO - 
2026-08-21 03:54:38 - INFO -       safe (0)     0.9238    0.9196    0.9217       224
2026-08-21 03:54:38 - INFO - vulnerable (1)     0.9224    0.9264    0.9244       231
2026-08-21 03:54:38 - INFO - 
2026-08-21 03:54:38 - INFO -       accuracy                         0.9231       455
2026-08-21 03:54:38 - INFO -      macro avg     0.9231    0.9230    0.9231       455
2026-08-21 03:54:38 - INFO -   weighted avg     0.9231    0.9231    0.9231       455
2026-08-21 03:54:38 - INFO - Confusion matrix - [[tn=206, fp=18], [fn=17, tp=214]]
2026-08-21 03:54:38 - INFO - probability_positive min=0.0003 mean=0.5070 std=0.4700 max=0.9998 predicted_0=223 predicted_1=232
2026-08-21 03:54:38 - INFO - [Classification Report - split=validation epoch=8 - threshold=0.50]
2026-08-21 03:54:38 - INFO -                 precision    recall  f1-score   support
2026-08-21 03:54:38 - INFO - 
2026-08-21 03:54:38 - INFO -       safe (0)     0.7945    0.7342    0.7632        79
2026-08-21 03:54:38 - INFO - vulnerable (1)     0.7342    0.7945    0.7632        73
2026-08-21 03:54:38 - INFO - 
2026-08-21 03:54:38 - INFO -       accuracy                         0.7632       152
2026-08-21 03:54:38 - INFO -      macro avg     0.7643    0.7643    0.7632       152
2026-08-21 03:54:38 - INFO -   weighted avg     0.7655    0.7632    0.7632       152
2026-08-21 03:54:38 - INFO - Confusion matrix - [[tn=58, fp=21], [fn=15, tp=58]]
2026-08-21 03:54:38 - INFO - probability_positive min=0.0002 mean=0.5222 std=0.4702 max=0.9998 predicted_0=73 predicted_1=79
2026-08-21 03:54:55 - INFO - Epoch 9/30 | Train loss: 0.092160 | Val loss: 1.357720 | LR: 2.00e-05 | Best epoch: 7 | Patience: 2 | Train: 14.83s | Validation: 1.60s | Epoch: 16.43s | Total: 151.45s
2026-08-21 03:54:55 - INFO - [Classification Report - split=train epoch=9 - threshold=0.50]
2026-08-21 03:54:55 - INFO -                 precision    recall  f1-score   support
2026-08-21 03:54:55 - INFO - 
2026-08-21 03:54:55 - INFO -       safe (0)     0.9688    0.9688    0.9688       224
2026-08-21 03:54:55 - INFO - vulnerable (1)     0.9697    0.9697    0.9697       231
2026-08-21 03:54:55 - INFO - 
2026-08-21 03:54:55 - INFO -       accuracy                         0.9692       455
2026-08-21 03:54:55 - INFO -      macro avg     0.9692    0.9692    0.9692       455
2026-08-21 03:54:55 - INFO -   weighted avg     0.9692    0.9692    0.9692       455
2026-08-21 03:54:55 - INFO - Confusion matrix - [[tn=217, fp=7], [fn=7, tp=224]]
2026-08-21 03:54:55 - INFO - probability_positive min=0.0002 mean=0.5071 std=0.4788 max=0.9998 predicted_0=224 predicted_1=231
2026-08-21 03:54:55 - INFO - [Classification Report - split=validation epoch=9 - threshold=0.50]
2026-08-21 03:54:55 - INFO -                 precision    recall  f1-score   support
2026-08-21 03:54:55 - INFO - 
2026-08-21 03:54:55 - INFO -       safe (0)     0.8571    0.6835    0.7606        79
2026-08-21 03:54:55 - INFO - vulnerable (1)     0.7191    0.8767    0.7901        73
2026-08-21 03:54:55 - INFO - 
2026-08-21 03:54:55 - INFO -       accuracy                         0.7763       152
2026-08-21 03:54:55 - INFO -      macro avg     0.7881    0.7801    0.7753       152
2026-08-21 03:54:55 - INFO -   weighted avg     0.7908    0.7763    0.7748       152
2026-08-21 03:54:55 - INFO - Confusion matrix - [[tn=54, fp=25], [fn=9, tp=64]]
2026-08-21 03:54:55 - INFO - probability_positive min=0.0001 mean=0.5917 std=0.4750 max=0.9999 predicted_0=63 predicted_1=89
2026-08-21 03:55:11 - INFO - Epoch 10/30 | Train loss: 0.080895 | Val loss: 1.204070 | LR: 2.00e-05 | Best epoch: 7 | Patience: 3 | Train: 14.84s | Validation: 1.60s | Epoch: 16.43s | Total: 167.89s
2026-08-21 03:55:11 - INFO - [Classification Report - split=train epoch=10 - threshold=0.50]
2026-08-21 03:55:11 - INFO -                 precision    recall  f1-score   support
2026-08-21 03:55:11 - INFO - 
2026-08-21 03:55:11 - INFO -       safe (0)     0.9730    0.9643    0.9686       224
2026-08-21 03:55:11 - INFO - vulnerable (1)     0.9657    0.9740    0.9698       231
2026-08-21 03:55:11 - INFO - 
2026-08-21 03:55:11 - INFO -       accuracy                         0.9692       455
2026-08-21 03:55:11 - INFO -      macro avg     0.9693    0.9692    0.9692       455
2026-08-21 03:55:11 - INFO -   weighted avg     0.9693    0.9692    0.9692       455
2026-08-21 03:55:11 - INFO - Confusion matrix - [[tn=216, fp=8], [fn=6, tp=225]]
2026-08-21 03:55:11 - INFO - probability_positive min=0.0001 mean=0.5104 std=0.4882 max=0.9999 predicted_0=222 predicted_1=233
2026-08-21 03:55:11 - INFO - [Classification Report - split=validation epoch=10 - threshold=0.50]
2026-08-21 03:55:11 - INFO -                 precision    recall  f1-score   support
2026-08-21 03:55:11 - INFO - 
2026-08-21 03:55:11 - INFO -       safe (0)     0.7922    0.7722    0.7821        79
2026-08-21 03:55:11 - INFO - vulnerable (1)     0.7600    0.7808    0.7703        73
2026-08-21 03:55:11 - INFO - 
2026-08-21 03:55:11 - INFO -       accuracy                         0.7763       152
2026-08-21 03:55:11 - INFO -      macro avg     0.7761    0.7765    0.7762       152
2026-08-21 03:55:11 - INFO -   weighted avg     0.7767    0.7763    0.7764       152
2026-08-21 03:55:11 - INFO - Confusion matrix - [[tn=61, fp=18], [fn=16, tp=57]]
2026-08-21 03:55:11 - INFO - probability_positive min=0.0001 mean=0.4980 std=0.4828 max=0.9999 predicted_0=77 predicted_1=75
2026-08-21 03:55:28 - INFO - Epoch 11/30 | Train loss: 0.067860 | Val loss: 1.327754 | LR: 2.00e-05 | Best epoch: 11 | Patience: 0 | Train: 14.83s | Validation: 1.60s | Epoch: 16.87s | Total: 184.76s
2026-08-21 03:55:28 - INFO - [Classification Report - split=train epoch=11 - threshold=0.50]
2026-08-21 03:55:28 - INFO -                 precision    recall  f1-score   support
2026-08-21 03:55:28 - INFO - 
2026-08-21 03:55:28 - INFO -       safe (0)     0.9736    0.9866    0.9800       224
2026-08-21 03:55:28 - INFO - vulnerable (1)     0.9868    0.9740    0.9804       231
2026-08-21 03:55:28 - INFO - 
2026-08-21 03:55:28 - INFO -       accuracy                         0.9802       455
2026-08-21 03:55:28 - INFO -      macro avg     0.9802    0.9803    0.9802       455
2026-08-21 03:55:28 - INFO -   weighted avg     0.9803    0.9802    0.9802       455
2026-08-21 03:55:28 - INFO - Confusion matrix - [[tn=221, fp=3], [fn=6, tp=225]]
2026-08-21 03:55:28 - INFO - probability_positive min=0.0001 mean=0.5017 std=0.4949 max=0.9999 predicted_0=227 predicted_1=228
2026-08-21 03:55:28 - INFO - [Classification Report - split=validation epoch=11 - threshold=0.50]
2026-08-21 03:55:28 - INFO -                 precision    recall  f1-score   support
2026-08-21 03:55:28 - INFO - 
2026-08-21 03:55:28 - INFO -       safe (0)     0.8551    0.7468    0.7973        79
2026-08-21 03:55:28 - INFO - vulnerable (1)     0.7590    0.8630    0.8077        73
2026-08-21 03:55:28 - INFO - 
2026-08-21 03:55:28 - INFO -       accuracy                         0.8026       152
2026-08-21 03:55:28 - INFO -      macro avg     0.8071    0.8049    0.8025       152
2026-08-21 03:55:28 - INFO -   weighted avg     0.8089    0.8026    0.8023       152
2026-08-21 03:55:28 - INFO - Confusion matrix - [[tn=59, fp=20], [fn=10, tp=63]]
2026-08-21 03:55:28 - INFO - probability_positive min=0.0000 mean=0.5394 std=0.4859 max=0.9999 predicted_0=69 predicted_1=83
2026-08-21 03:55:28 - INFO - New best model | Macro-F1: 0.802495 | Epoch: 11
2026-08-21 03:55:44 - INFO - Epoch 12/30 | Train loss: 0.031058 | Val loss: 1.553145 | LR: 2.00e-05 | Best epoch: 11 | Patience: 1 | Train: 14.83s | Validation: 1.60s | Epoch: 16.43s | Total: 201.21s
2026-08-21 03:55:44 - INFO - [Classification Report - split=train epoch=12 - threshold=0.50]
2026-08-21 03:55:44 - INFO -                 precision    recall  f1-score   support
2026-08-21 03:55:44 - INFO - 
2026-08-21 03:55:44 - INFO -       safe (0)     0.9824    0.9955    0.9889       224
2026-08-21 03:55:44 - INFO - vulnerable (1)     0.9956    0.9827    0.9891       231
2026-08-21 03:55:44 - INFO - 
2026-08-21 03:55:44 - INFO -       accuracy                         0.9890       455
2026-08-21 03:55:44 - INFO -      macro avg     0.9890    0.9891    0.9890       455
2026-08-21 03:55:44 - INFO -   weighted avg     0.9891    0.9890    0.9890       455
2026-08-21 03:55:44 - INFO - Confusion matrix - [[tn=223, fp=1], [fn=4, tp=227]]
2026-08-21 03:55:44 - INFO - probability_positive min=0.0001 mean=0.5025 std=0.4969 max=0.9999 predicted_0=227 predicted_1=228
2026-08-21 03:55:44 - INFO - [Classification Report - split=validation epoch=12 - threshold=0.50]
2026-08-21 03:55:44 - INFO -                 precision    recall  f1-score   support
2026-08-21 03:55:44 - INFO - 
2026-08-21 03:55:44 - INFO -       safe (0)     0.8730    0.6962    0.7746        79
2026-08-21 03:55:44 - INFO - vulnerable (1)     0.7303    0.8904    0.8025        73
2026-08-21 03:55:44 - INFO - 
2026-08-21 03:55:44 - INFO -       accuracy                         0.7895       152
2026-08-21 03:55:44 - INFO -      macro avg     0.8017    0.7933    0.7886       152
2026-08-21 03:55:44 - INFO -   weighted avg     0.8045    0.7895    0.7880       152
2026-08-21 03:55:44 - INFO - Confusion matrix - [[tn=55, fp=24], [fn=8, tp=65]]
2026-08-21 03:55:44 - INFO - probability_positive min=0.0000 mean=0.5844 std=0.4870 max=0.9999 predicted_0=63 predicted_1=89
2026-08-21 03:56:01 - INFO - Epoch 13/30 | Train loss: 0.043069 | Val loss: 1.664000 | LR: 2.00e-05 | Best epoch: 11 | Patience: 2 | Train: 14.83s | Validation: 1.60s | Epoch: 16.43s | Total: 217.64s
2026-08-21 03:56:01 - INFO - [Classification Report - split=train epoch=13 - threshold=0.50]
2026-08-21 03:56:01 - INFO -                 precision    recall  f1-score   support
2026-08-21 03:56:01 - INFO - 
2026-08-21 03:56:01 - INFO -       safe (0)     0.9955    0.9866    0.9910       224
2026-08-21 03:56:01 - INFO - vulnerable (1)     0.9871    0.9957    0.9914       231
2026-08-21 03:56:01 - INFO - 
2026-08-21 03:56:01 - INFO -       accuracy                         0.9912       455
2026-08-21 03:56:01 - INFO -      macro avg     0.9913    0.9911    0.9912       455
2026-08-21 03:56:01 - INFO -   weighted avg     0.9912    0.9912    0.9912       455
2026-08-21 03:56:01 - INFO - Confusion matrix - [[tn=221, fp=3], [fn=1, tp=230]]
2026-08-21 03:56:01 - INFO - probability_positive min=0.0000 mean=0.5107 std=0.4969 max=0.9999 predicted_0=222 predicted_1=233
2026-08-21 03:56:01 - INFO - [Classification Report - split=validation epoch=13 - threshold=0.50]
2026-08-21 03:56:01 - INFO -                 precision    recall  f1-score   support
2026-08-21 03:56:01 - INFO - 
2026-08-21 03:56:01 - INFO -       safe (0)     0.8667    0.6582    0.7482        79
2026-08-21 03:56:01 - INFO - vulnerable (1)     0.7065    0.8904    0.7879        73
2026-08-21 03:56:01 - INFO - 
2026-08-21 03:56:01 - INFO -       accuracy                         0.7697       152
2026-08-21 03:56:01 - INFO -      macro avg     0.7866    0.7743    0.7680       152
2026-08-21 03:56:01 - INFO -   weighted avg     0.7898    0.7697    0.7673       152
2026-08-21 03:56:01 - INFO - Confusion matrix - [[tn=52, fp=27], [fn=8, tp=65]]
2026-08-21 03:56:01 - INFO - probability_positive min=0.0000 mean=0.6058 std=0.4825 max=0.9999 predicted_0=60 predicted_1=92
2026-08-21 03:56:18 - INFO - Epoch 14/30 | Train loss: 0.062512 | Val loss: 1.389426 | LR: 2.00e-05 | Best epoch: 14 | Patience: 3 | Train: 14.83s | Validation: 1.60s | Epoch: 16.87s | Total: 234.52s
2026-08-21 03:56:18 - INFO - [Classification Report - split=train epoch=14 - threshold=0.50]
2026-08-21 03:56:18 - INFO -                 precision    recall  f1-score   support
2026-08-21 03:56:18 - INFO - 
2026-08-21 03:56:18 - INFO -       safe (0)     0.9910    0.9866    0.9888       224
2026-08-21 03:56:18 - INFO - vulnerable (1)     0.9871    0.9913    0.9892       231
2026-08-21 03:56:18 - INFO - 
2026-08-21 03:56:18 - INFO -       accuracy                         0.9890       455
2026-08-21 03:56:18 - INFO -      macro avg     0.9891    0.9890    0.9890       455
2026-08-21 03:56:18 - INFO -   weighted avg     0.9890    0.9890    0.9890       455
2026-08-21 03:56:18 - INFO - Confusion matrix - [[tn=221, fp=3], [fn=2, tp=229]]
2026-08-21 03:56:18 - INFO - probability_positive min=0.0000 mean=0.5107 std=0.4975 max=0.9999 predicted_0=223 predicted_1=232
2026-08-21 03:56:18 - INFO - [Classification Report - split=validation epoch=14 - threshold=0.50]
2026-08-21 03:56:18 - INFO -                 precision    recall  f1-score   support
2026-08-21 03:56:18 - INFO - 
2026-08-21 03:56:18 - INFO -       safe (0)     0.8551    0.7468    0.7973        79
2026-08-21 03:56:18 - INFO - vulnerable (1)     0.7590    0.8630    0.8077        73
2026-08-21 03:56:18 - INFO - 
2026-08-21 03:56:18 - INFO -       accuracy                         0.8026       152
2026-08-21 03:56:18 - INFO -      macro avg     0.8071    0.8049    0.8025       152
2026-08-21 03:56:18 - INFO -   weighted avg     0.8089    0.8026    0.8023       152
2026-08-21 03:56:18 - INFO - Confusion matrix - [[tn=59, fp=20], [fn=10, tp=63]]
2026-08-21 03:56:18 - INFO - probability_positive min=0.0000 mean=0.5447 std=0.4880 max=0.9999 predicted_0=69 predicted_1=83
2026-08-21 03:56:18 - INFO - Latest tied-best checkpoint saved | Macro-F1: 0.802495 | Epoch: 14
2026-08-21 03:56:34 - INFO - Epoch 15/30 | Train loss: 0.017655 | Val loss: 1.588361 | LR: 2.00e-05 | Best epoch: 14 | Patience: 4 | Train: 14.84s | Validation: 1.60s | Epoch: 16.43s | Total: 250.97s
2026-08-21 03:56:34 - INFO - [Classification Report - split=train epoch=15 - threshold=0.50]
2026-08-21 03:56:34 - INFO -                 precision    recall  f1-score   support
2026-08-21 03:56:34 - INFO - 
2026-08-21 03:56:34 - INFO -       safe (0)     0.9912    1.0000    0.9956       224
2026-08-21 03:56:34 - INFO - vulnerable (1)     1.0000    0.9913    0.9957       231
2026-08-21 03:56:34 - INFO - 
2026-08-21 03:56:34 - INFO -       accuracy                         0.9956       455
2026-08-21 03:56:34 - INFO -      macro avg     0.9956    0.9957    0.9956       455
2026-08-21 03:56:34 - INFO -   weighted avg     0.9956    0.9956    0.9956       455
2026-08-21 03:56:34 - INFO - Confusion matrix - [[tn=224, fp=0], [fn=2, tp=229]]
2026-08-21 03:56:34 - INFO - probability_positive min=0.0000 mean=0.5030 std=0.4983 max=0.9999 predicted_0=226 predicted_1=229
2026-08-21 03:56:34 - INFO - [Classification Report - split=validation epoch=15 - threshold=0.50]
2026-08-21 03:56:34 - INFO -                 precision    recall  f1-score   support
2026-08-21 03:56:34 - INFO - 
2026-08-21 03:56:34 - INFO -       safe (0)     0.8750    0.7089    0.7832        79
2026-08-21 03:56:34 - INFO - vulnerable (1)     0.7386    0.8904    0.8075        73
2026-08-21 03:56:34 - INFO - 
2026-08-21 03:56:34 - INFO -       accuracy                         0.7961       152
2026-08-21 03:56:34 - INFO -      macro avg     0.8068    0.7996    0.7953       152
2026-08-21 03:56:34 - INFO -   weighted avg     0.8095    0.7961    0.7949       152
2026-08-21 03:56:34 - INFO - Confusion matrix - [[tn=56, fp=23], [fn=8, tp=65]]
2026-08-21 03:56:34 - INFO - probability_positive min=0.0000 mean=0.5771 std=0.4838 max=1.0000 predicted_0=64 predicted_1=88
2026-08-21 03:56:50 - INFO - Epoch 16/30 | Train loss: 0.029045 | Val loss: 1.515445 | LR: 2.00e-05 | Best epoch: 14 | Patience: 5 | Train: 14.83s | Validation: 1.60s | Epoch: 16.43s | Total: 267.40s
2026-08-21 03:56:50 - INFO - [Classification Report - split=train epoch=16 - threshold=0.50]
2026-08-21 03:56:50 - INFO -                 precision    recall  f1-score   support
2026-08-21 03:56:50 - INFO - 
2026-08-21 03:56:50 - INFO -       safe (0)     0.9911    0.9955    0.9933       224
2026-08-21 03:56:50 - INFO - vulnerable (1)     0.9957    0.9913    0.9935       231
2026-08-21 03:56:50 - INFO - 
2026-08-21 03:56:50 - INFO -       accuracy                         0.9934       455
2026-08-21 03:56:50 - INFO -      macro avg     0.9934    0.9934    0.9934       455
2026-08-21 03:56:50 - INFO -   weighted avg     0.9934    0.9934    0.9934       455
2026-08-21 03:56:50 - INFO - Confusion matrix - [[tn=223, fp=1], [fn=2, tp=229]]
2026-08-21 03:56:50 - INFO - probability_positive min=0.0000 mean=0.5071 std=0.4984 max=1.0000 predicted_0=225 predicted_1=230
2026-08-21 03:56:50 - INFO - [Classification Report - split=validation epoch=16 - threshold=0.50]
2026-08-21 03:56:50 - INFO -                 precision    recall  f1-score   support
2026-08-21 03:56:50 - INFO - 
2026-08-21 03:56:50 - INFO -       safe (0)     0.8406    0.7342    0.7838        79
2026-08-21 03:56:50 - INFO - vulnerable (1)     0.7470    0.8493    0.7949        73
2026-08-21 03:56:50 - INFO - 
2026-08-21 03:56:50 - INFO -       accuracy                         0.7895       152
2026-08-21 03:56:50 - INFO -      macro avg     0.7938    0.7917    0.7893       152
2026-08-21 03:56:50 - INFO -   weighted avg     0.7956    0.7895    0.7891       152
2026-08-21 03:56:50 - INFO - Confusion matrix - [[tn=58, fp=21], [fn=11, tp=62]]
2026-08-21 03:56:50 - INFO - probability_positive min=0.0000 mean=0.5416 std=0.4889 max=1.0000 predicted_0=69 predicted_1=83
2026-08-21 03:56:50 - INFO - Early stopping | Epoch: 16 | Best epoch: 14
2026-08-21 03:56:50 - INFO - Best checkpoint saved | Path: model/edit_ref_codebert/baseline/seed_42/fold2/best.pt | Epoch: 14 | Val macro_f1: 0.802495
2026-08-21 03:56:50 - INFO - Training finished | Elapsed: 267.41s
2026-08-21 03:56:50 - INFO - Run finished | Phase: baseline_train | Fold: 2 | Seed: 42 | Elapsed: 269.94s
