2026-08-22 13:48:24 - INFO - Using device: cuda
2026-08-22 13:48:24 - INFO - Run started | Run: samu_unixcoder | Method: transfer_cwe | Phase: phase2 | Fold: 1 | Seed: 42 | Device: cuda
2026-08-22 13:48:24 - INFO - Loading Python training data: data/sven_python_folds_norm/fold1/train.jsonl
2026-08-22 13:48:24 - INFO - Loading Python validation data: data/sven_python_folds_norm/fold1/val.jsonl
2026-08-22 13:48:24 - INFO - Data split: python_train | Total: 456 | Labels: {0: 235, 1: 221} | CWEs: {'CWE-022': 39, 'CWE-078': 123, 'CWE-079': 49, 'CWE-089': 245} | Languages: {'python': 456} | Invalid CWE: 0
2026-08-22 13:48:24 - INFO - Data split: python_val | Total: 152 | Labels: {0: 74, 1: 78} | CWEs: {'CWE-022': 8, 'CWE-078': 42, 'CWE-079': 19, 'CWE-089': 83} | Languages: {'python': 152} | Invalid CWE: 0
2026-08-22 13:48:25 - INFO - Auxiliary head width taken from checkpoint: 4
2026-08-22 13:48:27 - INFO - Loaded source checkpoint: model/samu_unixcoder/transfer_cwe/seed_42/source/best.pt | Best epoch: 13 | Best Val Macro-F1: 0.666827
2026-08-22 13:48:27 - INFO - RecAdam schedule | Total steps: 870 | Steps/epoch: 29 | Anneal t0: 43 | Weights: {1: 0.10909682119561293, 29: 0.3318122278318339, 43: 0.5, 870: 1.0}
2026-08-22 13:48:27 - INFO - Environment: {"components": {"backbone": {"frozen": 0, "total": 125929728, "trainable": 125929728}, "cwe_head": {"frozen": 3076, "total": 3076, "trainable": 0}, "vul_head": {"frozen": 0, "total": 1538, "trainable": 1538}}, "cuda": "12.8", "fold": 1, "frozen_parameters": 3076, "gpu": "NVIDIA GeForce RTX 5070 Ti", "hyperparameters": {"anneal_fun": "sigmoid", "anneal_k": 0.05, "anneal_t0_ratio": 0.05, "anneal_w": 1.0, "aux_mode": "cwe", "batch_size": 16, "checkpoint_path": "model/samu_unixcoder/transfer_cwe/seed_42/fold1/best.pt", "cwe_vocab": "fixed4", "data_path": "data/train_ccpp_filtered.jsonl", "data_root": "data/sven_python_folds_norm", "epochs": 30, "eval_batch_size": 16, "fold": 1, "freeze_backbone_layers": 0, "freeze_prototypes_steps": 0, "lambda_cwe": 0.2, "latent_temperature": 0.1, "learning_rate": 2e-05, "lora_rank": 0, "lp_epochs": 0, "lp_learning_rate": 0.001, "max_eval_samples": null, "max_grad_norm": 1.0, "max_length": 512, "max_train_samples": null, "method_name": "transfer_cwe", "min_epochs": 3, "model_name": "microsoft/unixcoder-base", "num_cwes": 4, "num_latent": 8, "num_workers": 0, "output_dir": "results/samu_unixcoder/transfer_cwe", "patience": 5, "phase": "phase2", "phase2_optimizer": "recadam", "pooling": "cls", "pretrain_cof": 5000.0, "recadam_anchor": "source", "result_path": "results/samu_unixcoder/transfer_cwe/seed_42/fold1.json", "run_name": "samu_unixcoder", "sam_rho": 0.05, "seed": 42, "selection_metric": "macro_f1", "source_checkpoint": "model/samu_unixcoder/transfer_cwe/seed_42/source/best.pt", "source_interpolation": 1.0, "strict_determinism": false, "target_lang": "python", "test_path": null, "train_path": null, "truncation_strategy": "head_middle_tail", "val_path": null, "weight_decay": 0.01}, "mode": "phase2_train", "model_name": "microsoft/unixcoder-base", "seed": 42, "sklearn": "1.9.0", "torch": "2.11.0+cu128", "trainable_parameters": 125931266, "transformers": "4.57.1"}
2026-08-22 13:48:27 - INFO - SAM bat | rho=0.0500 (tuyet doi, chuan L2 toan cuc) | moi buoc 2 luot forward-backward, thoi gian huan luyen ~2x
2026-08-22 13:48:27 - INFO - Training started | Phase: phase2 | Epochs: 30
2026-08-22 13:48:27 - INFO - RecAdam first-step safety checks passed
2026-08-22 13:48:42 - INFO - Epoch 1/30 | Train loss: 0.746318 | Val loss: 0.650977 | LR: 2.00e-05 | Best epoch: 1 | Patience: 0 | Train: 14.24s | Validation: 0.79s | Epoch: 15.23s | Total: 15.23s
2026-08-22 13:48:42 - INFO - RecAdam target-task weight at epoch end: 0.331812
2026-08-22 13:48:42 - INFO - [Classification Report - split=train epoch=1 - threshold=0.50]
2026-08-22 13:48:42 - INFO -                 precision    recall  f1-score   support
2026-08-22 13:48:42 - INFO - 
2026-08-22 13:48:42 - INFO -       safe (0)     0.6892    0.4340    0.5326       235
2026-08-22 13:48:42 - INFO - vulnerable (1)     0.5682    0.7919    0.6616       221
2026-08-22 13:48:42 - INFO - 
2026-08-22 13:48:42 - INFO -       accuracy                         0.6075       456
2026-08-22 13:48:42 - INFO -      macro avg     0.6287    0.6129    0.5971       456
2026-08-22 13:48:42 - INFO -   weighted avg     0.6305    0.6075    0.5952       456
2026-08-22 13:48:42 - INFO - Confusion matrix - [[tn=102, fp=133], [fn=46, tp=175]]
2026-08-22 13:48:42 - INFO - probability_positive min=0.0001 mean=0.6009 std=0.2528 max=0.9943 predicted_0=148 predicted_1=308
2026-08-22 13:48:42 - INFO - [Classification Report - split=validation epoch=1 - threshold=0.50]
2026-08-22 13:48:42 - INFO -                 precision    recall  f1-score   support
2026-08-22 13:48:42 - INFO - 
2026-08-22 13:48:42 - INFO -       safe (0)     0.5921    0.6081    0.6000        74
2026-08-22 13:48:42 - INFO - vulnerable (1)     0.6184    0.6026    0.6104        78
2026-08-22 13:48:42 - INFO - 
2026-08-22 13:48:42 - INFO -       accuracy                         0.6053       152
2026-08-22 13:48:42 - INFO -      macro avg     0.6053    0.6053    0.6052       152
2026-08-22 13:48:42 - INFO -   weighted avg     0.6056    0.6053    0.6053       152
2026-08-22 13:48:42 - INFO - Confusion matrix - [[tn=45, fp=29], [fn=31, tp=47]]
2026-08-22 13:48:42 - INFO - probability_positive min=0.0000 mean=0.4932 std=0.2172 max=0.9343 predicted_0=76 predicted_1=76
2026-08-22 13:48:42 - INFO - New best model | Macro-F1: 0.605195 | Epoch: 1
2026-08-22 13:48:57 - INFO - Epoch 2/30 | Train loss: 0.639863 | Val loss: 0.607436 | LR: 2.00e-05 | Best epoch: 2 | Patience: 0 | Train: 14.02s | Validation: 0.79s | Epoch: 15.07s | Total: 30.31s
2026-08-22 13:48:57 - INFO - RecAdam target-task weight at epoch end: 0.679179
2026-08-22 13:48:57 - INFO - [Classification Report - split=train epoch=2 - threshold=0.50]
2026-08-22 13:48:57 - INFO -                 precision    recall  f1-score   support
2026-08-22 13:48:57 - INFO - 
2026-08-22 13:48:57 - INFO -       safe (0)     0.6696    0.6383    0.6536       235
2026-08-22 13:48:57 - INFO - vulnerable (1)     0.6336    0.6652    0.6490       221
2026-08-22 13:48:57 - INFO - 
2026-08-22 13:48:57 - INFO -       accuracy                         0.6513       456
2026-08-22 13:48:57 - INFO -      macro avg     0.6516    0.6517    0.6513       456
2026-08-22 13:48:57 - INFO -   weighted avg     0.6522    0.6513    0.6514       456
2026-08-22 13:48:57 - INFO - Confusion matrix - [[tn=150, fp=85], [fn=74, tp=147]]
2026-08-22 13:48:57 - INFO - probability_positive min=0.0013 mean=0.4951 std=0.2212 max=0.9883 predicted_0=224 predicted_1=232
2026-08-22 13:48:57 - INFO - [Classification Report - split=validation epoch=2 - threshold=0.50]
2026-08-22 13:48:57 - INFO -                 precision    recall  f1-score   support
2026-08-22 13:48:57 - INFO - 
2026-08-22 13:48:57 - INFO -       safe (0)     0.6173    0.6757    0.6452        74
2026-08-22 13:48:57 - INFO - vulnerable (1)     0.6620    0.6026    0.6309        78
2026-08-22 13:48:57 - INFO - 
2026-08-22 13:48:57 - INFO -       accuracy                         0.6382       152
2026-08-22 13:48:57 - INFO -      macro avg     0.6396    0.6391    0.6380       152
2026-08-22 13:48:57 - INFO -   weighted avg     0.6402    0.6382    0.6378       152
2026-08-22 13:48:57 - INFO - Confusion matrix - [[tn=50, fp=24], [fn=31, tp=47]]
2026-08-22 13:48:57 - INFO - probability_positive min=0.0006 mean=0.4626 std=0.1919 max=0.8463 predicted_0=81 predicted_1=71
2026-08-22 13:48:57 - INFO - New best model | Macro-F1: 0.638017 | Epoch: 2
2026-08-22 13:49:12 - INFO - Epoch 3/30 | Train loss: 0.558679 | Val loss: 0.505337 | LR: 2.00e-05 | Best epoch: 3 | Patience: 0 | Train: 14.02s | Validation: 0.79s | Epoch: 15.07s | Total: 45.39s
2026-08-22 13:49:12 - INFO - RecAdam target-task weight at epoch end: 0.900250
2026-08-22 13:49:12 - INFO - [Classification Report - split=train epoch=3 - threshold=0.50]
2026-08-22 13:49:12 - INFO -                 precision    recall  f1-score   support
2026-08-22 13:49:12 - INFO - 
2026-08-22 13:49:12 - INFO -       safe (0)     0.7236    0.7574    0.7401       235
2026-08-22 13:49:12 - INFO - vulnerable (1)     0.7286    0.6923    0.7100       221
2026-08-22 13:49:12 - INFO - 
2026-08-22 13:49:12 - INFO -       accuracy                         0.7259       456
2026-08-22 13:49:12 - INFO -      macro avg     0.7261    0.7249    0.7251       456
2026-08-22 13:49:12 - INFO -   weighted avg     0.7260    0.7259    0.7255       456
2026-08-22 13:49:12 - INFO - Confusion matrix - [[tn=178, fp=57], [fn=68, tp=153]]
2026-08-22 13:49:12 - INFO - probability_positive min=0.0042 mean=0.4718 std=0.2021 max=0.9254 predicted_0=246 predicted_1=210
2026-08-22 13:49:12 - INFO - [Classification Report - split=validation epoch=3 - threshold=0.50]
2026-08-22 13:49:12 - INFO -                 precision    recall  f1-score   support
2026-08-22 13:49:12 - INFO - 
2026-08-22 13:49:12 - INFO -       safe (0)     0.8644    0.6892    0.7669        74
2026-08-22 13:49:12 - INFO - vulnerable (1)     0.7527    0.8974    0.8187        78
2026-08-22 13:49:12 - INFO - 
2026-08-22 13:49:12 - INFO -       accuracy                         0.7961       152
2026-08-22 13:49:12 - INFO -      macro avg     0.8085    0.7933    0.7928       152
2026-08-22 13:49:12 - INFO -   weighted avg     0.8071    0.7961    0.7935       152
2026-08-22 13:49:12 - INFO - Confusion matrix - [[tn=51, fp=23], [fn=8, tp=70]]
2026-08-22 13:49:12 - INFO - probability_positive min=0.0063 mean=0.5002 std=0.2326 max=0.9284 predicted_0=59 predicted_1=93
2026-08-22 13:49:12 - INFO - New best model | Macro-F1: 0.792815 | Epoch: 3
2026-08-22 13:49:27 - INFO - Epoch 4/30 | Train loss: 0.404670 | Val loss: 0.312014 | LR: 2.00e-05 | Best epoch: 4 | Patience: 0 | Train: 14.02s | Validation: 0.79s | Epoch: 15.07s | Total: 60.48s
2026-08-22 13:49:27 - INFO - RecAdam target-task weight at epoch end: 0.974667
2026-08-22 13:49:27 - INFO - [Classification Report - split=train epoch=4 - threshold=0.50]
2026-08-22 13:49:27 - INFO -                 precision    recall  f1-score   support
2026-08-22 13:49:27 - INFO - 
2026-08-22 13:49:27 - INFO -       safe (0)     0.9110    0.7404    0.8169       235
2026-08-22 13:49:27 - INFO - vulnerable (1)     0.7698    0.9231    0.8395       221
2026-08-22 13:49:27 - INFO - 
2026-08-22 13:49:27 - INFO -       accuracy                         0.8289       456
2026-08-22 13:49:27 - INFO -      macro avg     0.8404    0.8318    0.8282       456
2026-08-22 13:49:27 - INFO -   weighted avg     0.8426    0.8289    0.8279       456
2026-08-22 13:49:27 - INFO - Confusion matrix - [[tn=174, fp=61], [fn=17, tp=204]]
2026-08-22 13:49:27 - INFO - probability_positive min=0.0033 mean=0.5037 std=0.3004 max=0.9824 predicted_0=191 predicted_1=265
2026-08-22 13:49:27 - INFO - [Classification Report - split=validation epoch=4 - threshold=0.50]
2026-08-22 13:49:27 - INFO -                 precision    recall  f1-score   support
2026-08-22 13:49:27 - INFO - 
2026-08-22 13:49:27 - INFO -       safe (0)     0.9028    0.8784    0.8904        74
2026-08-22 13:49:27 - INFO - vulnerable (1)     0.8875    0.9103    0.8987        78
2026-08-22 13:49:27 - INFO - 
2026-08-22 13:49:27 - INFO -       accuracy                         0.8947       152
2026-08-22 13:49:27 - INFO -      macro avg     0.8951    0.8943    0.8946       152
2026-08-22 13:49:27 - INFO -   weighted avg     0.8949    0.8947    0.8947       152
2026-08-22 13:49:27 - INFO - Confusion matrix - [[tn=65, fp=9], [fn=7, tp=71]]
2026-08-22 13:49:27 - INFO - probability_positive min=0.0003 mean=0.4470 std=0.3922 max=0.9938 predicted_0=72 predicted_1=80
2026-08-22 13:49:27 - INFO - New best model | Macro-F1: 0.894573 | Epoch: 4
2026-08-22 13:49:42 - INFO - Epoch 5/30 | Train loss: 0.263371 | Val loss: 0.261319 | LR: 2.00e-05 | Best epoch: 4 | Patience: 1 | Train: 14.02s | Validation: 0.79s | Epoch: 14.81s | Total: 75.30s
2026-08-22 13:49:42 - INFO - RecAdam target-task weight at epoch end: 0.993940
2026-08-22 13:49:42 - INFO - [Classification Report - split=train epoch=5 - threshold=0.50]
2026-08-22 13:49:42 - INFO -                 precision    recall  f1-score   support
2026-08-22 13:49:42 - INFO - 
2026-08-22 13:49:42 - INFO -       safe (0)     0.9259    0.8511    0.8869       235
2026-08-22 13:49:42 - INFO - vulnerable (1)     0.8542    0.9276    0.8894       221
2026-08-22 13:49:42 - INFO - 
2026-08-22 13:49:42 - INFO -       accuracy                         0.8882       456
2026-08-22 13:49:42 - INFO -      macro avg     0.8900    0.8893    0.8881       456
2026-08-22 13:49:42 - INFO -   weighted avg     0.8911    0.8882    0.8881       456
2026-08-22 13:49:42 - INFO - Confusion matrix - [[tn=200, fp=35], [fn=16, tp=205]]
2026-08-22 13:49:42 - INFO - probability_positive min=0.0000 mean=0.4721 std=0.4051 max=0.9999 predicted_0=216 predicted_1=240
2026-08-22 13:49:42 - INFO - [Classification Report - split=validation epoch=5 - threshold=0.50]
2026-08-22 13:49:42 - INFO -                 precision    recall  f1-score   support
2026-08-22 13:49:42 - INFO - 
2026-08-22 13:49:42 - INFO -       safe (0)     0.9143    0.8649    0.8889        74
2026-08-22 13:49:42 - INFO - vulnerable (1)     0.8780    0.9231    0.9000        78
2026-08-22 13:49:42 - INFO - 
2026-08-22 13:49:42 - INFO -       accuracy                         0.8947       152
2026-08-22 13:49:42 - INFO -      macro avg     0.8962    0.8940    0.8944       152
2026-08-22 13:49:42 - INFO -   weighted avg     0.8957    0.8947    0.8946       152
2026-08-22 13:49:42 - INFO - Confusion matrix - [[tn=64, fp=10], [fn=6, tp=72]]
2026-08-22 13:49:42 - INFO - probability_positive min=0.0004 mean=0.5181 std=0.4207 max=0.9996 predicted_0=70 predicted_1=82
2026-08-22 13:49:57 - INFO - Epoch 6/30 | Train loss: 0.194188 | Val loss: 0.275741 | LR: 2.00e-05 | Best epoch: 6 | Patience: 0 | Train: 14.02s | Validation: 0.79s | Epoch: 15.08s | Total: 90.39s
2026-08-22 13:49:57 - INFO - RecAdam target-task weight at epoch end: 0.998572
2026-08-22 13:49:57 - INFO - [Classification Report - split=train epoch=6 - threshold=0.50]
2026-08-22 13:49:57 - INFO -                 precision    recall  f1-score   support
2026-08-22 13:49:57 - INFO - 
2026-08-22 13:49:57 - INFO -       safe (0)     0.9333    0.8936    0.9130       235
2026-08-22 13:49:57 - INFO - vulnerable (1)     0.8918    0.9321    0.9115       221
2026-08-22 13:49:57 - INFO - 
2026-08-22 13:49:57 - INFO -       accuracy                         0.9123       456
2026-08-22 13:49:57 - INFO -      macro avg     0.9126    0.9129    0.9123       456
2026-08-22 13:49:57 - INFO -   weighted avg     0.9132    0.9123    0.9123       456
2026-08-22 13:49:57 - INFO - Confusion matrix - [[tn=210, fp=25], [fn=15, tp=206]]
2026-08-22 13:49:57 - INFO - probability_positive min=0.0000 mean=0.4800 std=0.4280 max=1.0000 predicted_0=225 predicted_1=231
2026-08-22 13:49:57 - INFO - [Classification Report - split=validation epoch=6 - threshold=0.50]
2026-08-22 13:49:57 - INFO -                 precision    recall  f1-score   support
2026-08-22 13:49:57 - INFO - 
2026-08-22 13:49:57 - INFO -       safe (0)     0.8919    0.8919    0.8919        74
2026-08-22 13:49:57 - INFO - vulnerable (1)     0.8974    0.8974    0.8974        78
2026-08-22 13:49:57 - INFO - 
2026-08-22 13:49:57 - INFO -       accuracy                         0.8947       152
2026-08-22 13:49:57 - INFO -      macro avg     0.8947    0.8947    0.8947       152
2026-08-22 13:49:57 - INFO -   weighted avg     0.8947    0.8947    0.8947       152
2026-08-22 13:49:57 - INFO - Confusion matrix - [[tn=66, fp=8], [fn=8, tp=70]]
2026-08-22 13:49:57 - INFO - probability_positive min=0.0002 mean=0.4988 std=0.4527 max=1.0000 predicted_0=74 predicted_1=78
2026-08-22 13:49:57 - INFO - New best model | Macro-F1: 0.894664 | Epoch: 6
2026-08-22 13:50:12 - INFO - Epoch 7/30 | Train loss: 0.126372 | Val loss: 0.331057 | LR: 2.00e-05 | Best epoch: 6 | Patience: 1 | Train: 14.02s | Validation: 0.79s | Epoch: 14.81s | Total: 105.21s
2026-08-22 13:50:12 - INFO - RecAdam target-task weight at epoch end: 0.999665
2026-08-22 13:50:12 - INFO - [Classification Report - split=train epoch=7 - threshold=0.50]
2026-08-22 13:50:12 - INFO -                 precision    recall  f1-score   support
2026-08-22 13:50:12 - INFO - 
2026-08-22 13:50:12 - INFO -       safe (0)     0.9773    0.9149    0.9451       235
2026-08-22 13:50:12 - INFO - vulnerable (1)     0.9153    0.9774    0.9453       221
2026-08-22 13:50:12 - INFO - 
2026-08-22 13:50:12 - INFO -       accuracy                         0.9452       456
2026-08-22 13:50:12 - INFO -      macro avg     0.9463    0.9461    0.9452       456
2026-08-22 13:50:12 - INFO -   weighted avg     0.9472    0.9452    0.9452       456
2026-08-22 13:50:12 - INFO - Confusion matrix - [[tn=215, fp=20], [fn=5, tp=216]]
2026-08-22 13:50:12 - INFO - probability_positive min=0.0000 mean=0.4922 std=0.4549 max=1.0000 predicted_0=220 predicted_1=236
2026-08-22 13:50:12 - INFO - [Classification Report - split=validation epoch=7 - threshold=0.50]
2026-08-22 13:50:12 - INFO -                 precision    recall  f1-score   support
2026-08-22 13:50:12 - INFO - 
2026-08-22 13:50:12 - INFO -       safe (0)     0.8800    0.8919    0.8859        74
2026-08-22 13:50:12 - INFO - vulnerable (1)     0.8961    0.8846    0.8903        78
2026-08-22 13:50:12 - INFO - 
2026-08-22 13:50:12 - INFO -       accuracy                         0.8882       152
2026-08-22 13:50:12 - INFO -      macro avg     0.8881    0.8883    0.8881       152
2026-08-22 13:50:12 - INFO -   weighted avg     0.8883    0.8882    0.8882       152
2026-08-22 13:50:12 - INFO - Confusion matrix - [[tn=66, fp=8], [fn=9, tp=69]]
2026-08-22 13:50:12 - INFO - probability_positive min=0.0001 mean=0.5176 std=0.4613 max=1.0000 predicted_0=75 predicted_1=77
2026-08-22 13:50:27 - INFO - Epoch 8/30 | Train loss: 0.107918 | Val loss: 0.354722 | LR: 2.00e-05 | Best epoch: 8 | Patience: 0 | Train: 14.02s | Validation: 0.79s | Epoch: 15.07s | Total: 120.28s
2026-08-22 13:50:27 - INFO - RecAdam target-task weight at epoch end: 0.999921
2026-08-22 13:50:27 - INFO - [Classification Report - split=train epoch=8 - threshold=0.50]
2026-08-22 13:50:27 - INFO -                 precision    recall  f1-score   support
2026-08-22 13:50:27 - INFO - 
2026-08-22 13:50:27 - INFO -       safe (0)     0.9775    0.9234    0.9497       235
2026-08-22 13:50:27 - INFO - vulnerable (1)     0.9231    0.9774    0.9495       221
2026-08-22 13:50:27 - INFO - 
2026-08-22 13:50:27 - INFO -       accuracy                         0.9496       456
2026-08-22 13:50:27 - INFO -      macro avg     0.9503    0.9504    0.9496       456
2026-08-22 13:50:27 - INFO -   weighted avg     0.9511    0.9496    0.9496       456
2026-08-22 13:50:27 - INFO - Confusion matrix - [[tn=217, fp=18], [fn=5, tp=216]]
2026-08-22 13:50:27 - INFO - probability_positive min=0.0000 mean=0.4974 std=0.4622 max=1.0000 predicted_0=222 predicted_1=234
2026-08-22 13:50:27 - INFO - [Classification Report - split=validation epoch=8 - threshold=0.50]
2026-08-22 13:50:27 - INFO -                 precision    recall  f1-score   support
2026-08-22 13:50:27 - INFO - 
2026-08-22 13:50:27 - INFO -       safe (0)     0.9167    0.8919    0.9041        74
2026-08-22 13:50:27 - INFO - vulnerable (1)     0.9000    0.9231    0.9114        78
2026-08-22 13:50:27 - INFO - 
2026-08-22 13:50:27 - INFO -       accuracy                         0.9079       152
2026-08-22 13:50:27 - INFO -      macro avg     0.9083    0.9075    0.9078       152
2026-08-22 13:50:27 - INFO -   weighted avg     0.9081    0.9079    0.9078       152
2026-08-22 13:50:27 - INFO - Confusion matrix - [[tn=66, fp=8], [fn=6, tp=72]]
2026-08-22 13:50:27 - INFO - probability_positive min=0.0000 mean=0.5160 std=0.4690 max=1.0000 predicted_0=72 predicted_1=80
2026-08-22 13:50:27 - INFO - New best model | Macro-F1: 0.907751 | Epoch: 8
2026-08-22 13:50:42 - INFO - Epoch 9/30 | Train loss: 0.071021 | Val loss: 0.449362 | LR: 2.00e-05 | Best epoch: 8 | Patience: 1 | Train: 14.02s | Validation: 0.79s | Epoch: 14.81s | Total: 135.10s
2026-08-22 13:50:42 - INFO - RecAdam target-task weight at epoch end: 0.999982
2026-08-22 13:50:42 - INFO - [Classification Report - split=train epoch=9 - threshold=0.50]
2026-08-22 13:50:42 - INFO -                 precision    recall  f1-score   support
2026-08-22 13:50:42 - INFO - 
2026-08-22 13:50:42 - INFO -       safe (0)     0.9867    0.9489    0.9675       235
2026-08-22 13:50:42 - INFO - vulnerable (1)     0.9478    0.9864    0.9667       221
2026-08-22 13:50:42 - INFO - 
2026-08-22 13:50:42 - INFO -       accuracy                         0.9671       456
2026-08-22 13:50:42 - INFO -      macro avg     0.9673    0.9677    0.9671       456
2026-08-22 13:50:42 - INFO -   weighted avg     0.9679    0.9671    0.9671       456
2026-08-22 13:50:42 - INFO - Confusion matrix - [[tn=223, fp=12], [fn=3, tp=218]]
2026-08-22 13:50:42 - INFO - probability_positive min=0.0000 mean=0.4865 std=0.4720 max=1.0000 predicted_0=226 predicted_1=230
2026-08-22 13:50:42 - INFO - [Classification Report - split=validation epoch=9 - threshold=0.50]
2026-08-22 13:50:42 - INFO -                 precision    recall  f1-score   support
2026-08-22 13:50:42 - INFO - 
2026-08-22 13:50:42 - INFO -       safe (0)     0.8537    0.9459    0.8974        74
2026-08-22 13:50:42 - INFO - vulnerable (1)     0.9429    0.8462    0.8919        78
2026-08-22 13:50:42 - INFO - 
2026-08-22 13:50:42 - INFO -       accuracy                         0.8947       152
2026-08-22 13:50:42 - INFO -      macro avg     0.8983    0.8960    0.8947       152
2026-08-22 13:50:42 - INFO -   weighted avg     0.8994    0.8947    0.8946       152
2026-08-22 13:50:42 - INFO - Confusion matrix - [[tn=70, fp=4], [fn=12, tp=66]]
2026-08-22 13:50:42 - INFO - probability_positive min=0.0000 mean=0.4620 std=0.4750 max=1.0000 predicted_0=82 predicted_1=70
2026-08-22 13:50:56 - INFO - Epoch 10/30 | Train loss: 0.052271 | Val loss: 0.640815 | LR: 2.00e-05 | Best epoch: 8 | Patience: 2 | Train: 14.02s | Validation: 0.79s | Epoch: 14.81s | Total: 149.91s
2026-08-22 13:50:56 - INFO - RecAdam target-task weight at epoch end: 0.999996
2026-08-22 13:50:56 - INFO - [Classification Report - split=train epoch=10 - threshold=0.50]
2026-08-22 13:50:56 - INFO -                 precision    recall  f1-score   support
2026-08-22 13:50:56 - INFO - 
2026-08-22 13:50:56 - INFO -       safe (0)     0.9956    0.9617    0.9784       235
2026-08-22 13:50:56 - INFO - vulnerable (1)     0.9607    0.9955    0.9778       221
2026-08-22 13:50:56 - INFO - 
2026-08-22 13:50:56 - INFO -       accuracy                         0.9781       456
2026-08-22 13:50:56 - INFO -      macro avg     0.9781    0.9786    0.9781       456
2026-08-22 13:50:56 - INFO -   weighted avg     0.9787    0.9781    0.9781       456
2026-08-22 13:50:56 - INFO - Confusion matrix - [[tn=226, fp=9], [fn=1, tp=220]]
2026-08-22 13:50:56 - INFO - probability_positive min=0.0000 mean=0.4926 std=0.4791 max=1.0000 predicted_0=227 predicted_1=229
2026-08-22 13:50:56 - INFO - [Classification Report - split=validation epoch=10 - threshold=0.50]
2026-08-22 13:50:56 - INFO -                 precision    recall  f1-score   support
2026-08-22 13:50:56 - INFO - 
2026-08-22 13:50:56 - INFO -       safe (0)     0.8554    0.9595    0.9045        74
2026-08-22 13:50:56 - INFO - vulnerable (1)     0.9565    0.8462    0.8980        78
2026-08-22 13:50:56 - INFO - 
2026-08-22 13:50:56 - INFO -       accuracy                         0.9013       152
2026-08-22 13:50:56 - INFO -      macro avg     0.9060    0.9028    0.9012       152
2026-08-22 13:50:56 - INFO -   weighted avg     0.9073    0.9013    0.9011       152
2026-08-22 13:50:56 - INFO - Confusion matrix - [[tn=71, fp=3], [fn=12, tp=66]]
2026-08-22 13:50:56 - INFO - probability_positive min=0.0000 mean=0.4593 std=0.4845 max=1.0000 predicted_0=83 predicted_1=69
2026-08-22 13:51:11 - INFO - Epoch 11/30 | Train loss: 0.031470 | Val loss: 0.639099 | LR: 2.00e-05 | Best epoch: 8 | Patience: 3 | Train: 14.02s | Validation: 0.79s | Epoch: 14.81s | Total: 164.73s
2026-08-22 13:51:11 - INFO - RecAdam target-task weight at epoch end: 0.999999
2026-08-22 13:51:11 - INFO - [Classification Report - split=train epoch=11 - threshold=0.50]
2026-08-22 13:51:11 - INFO -                 precision    recall  f1-score   support
2026-08-22 13:51:11 - INFO - 
2026-08-22 13:51:11 - INFO -       safe (0)     1.0000    0.9787    0.9892       235
2026-08-22 13:51:11 - INFO - vulnerable (1)     0.9779    1.0000    0.9888       221
2026-08-22 13:51:11 - INFO - 
2026-08-22 13:51:11 - INFO -       accuracy                         0.9890       456
2026-08-22 13:51:11 - INFO -      macro avg     0.9889    0.9894    0.9890       456
2026-08-22 13:51:11 - INFO -   weighted avg     0.9893    0.9890    0.9890       456
2026-08-22 13:51:11 - INFO - Confusion matrix - [[tn=230, fp=5], [fn=0, tp=221]]
2026-08-22 13:51:11 - INFO - probability_positive min=0.0000 mean=0.4897 std=0.4910 max=1.0000 predicted_0=230 predicted_1=226
2026-08-22 13:51:11 - INFO - [Classification Report - split=validation epoch=11 - threshold=0.50]
2026-08-22 13:51:11 - INFO -                 precision    recall  f1-score   support
2026-08-22 13:51:11 - INFO - 
2026-08-22 13:51:11 - INFO -       safe (0)     0.8519    0.9324    0.8903        74
2026-08-22 13:51:11 - INFO - vulnerable (1)     0.9296    0.8462    0.8859        78
2026-08-22 13:51:11 - INFO - 
2026-08-22 13:51:11 - INFO -       accuracy                         0.8882       152
2026-08-22 13:51:11 - INFO -      macro avg     0.8907    0.8893    0.8881       152
2026-08-22 13:51:11 - INFO -   weighted avg     0.8917    0.8882    0.8881       152
2026-08-22 13:51:11 - INFO - Confusion matrix - [[tn=69, fp=5], [fn=12, tp=66]]
2026-08-22 13:51:11 - INFO - probability_positive min=0.0000 mean=0.4730 std=0.4844 max=1.0000 predicted_0=81 predicted_1=71
2026-08-22 13:51:26 - INFO - Epoch 12/30 | Train loss: 0.023545 | Val loss: 0.949358 | LR: 2.00e-05 | Best epoch: 8 | Patience: 4 | Train: 14.03s | Validation: 0.79s | Epoch: 14.82s | Total: 179.56s
2026-08-22 13:51:26 - INFO - RecAdam target-task weight at epoch end: 1.000000
2026-08-22 13:51:26 - INFO - [Classification Report - split=train epoch=12 - threshold=0.50]
2026-08-22 13:51:26 - INFO -                 precision    recall  f1-score   support
2026-08-22 13:51:26 - INFO - 
2026-08-22 13:51:26 - INFO -       safe (0)     0.9957    0.9830    0.9893       235
2026-08-22 13:51:26 - INFO - vulnerable (1)     0.9821    0.9955    0.9888       221
2026-08-22 13:51:26 - INFO - 
2026-08-22 13:51:26 - INFO -       accuracy                         0.9890       456
2026-08-22 13:51:26 - INFO -      macro avg     0.9889    0.9892    0.9890       456
2026-08-22 13:51:26 - INFO -   weighted avg     0.9891    0.9890    0.9890       456
2026-08-22 13:51:26 - INFO - Confusion matrix - [[tn=231, fp=4], [fn=1, tp=220]]
2026-08-22 13:51:26 - INFO - probability_positive min=0.0000 mean=0.4881 std=0.4927 max=1.0000 predicted_0=232 predicted_1=224
2026-08-22 13:51:26 - INFO - [Classification Report - split=validation epoch=12 - threshold=0.50]
2026-08-22 13:51:26 - INFO -                 precision    recall  f1-score   support
2026-08-22 13:51:26 - INFO - 
2026-08-22 13:51:26 - INFO -       safe (0)     0.8537    0.9459    0.8974        74
2026-08-22 13:51:26 - INFO - vulnerable (1)     0.9429    0.8462    0.8919        78
2026-08-22 13:51:26 - INFO - 
2026-08-22 13:51:26 - INFO -       accuracy                         0.8947       152
2026-08-22 13:51:26 - INFO -      macro avg     0.8983    0.8960    0.8947       152
2026-08-22 13:51:26 - INFO -   weighted avg     0.8994    0.8947    0.8946       152
2026-08-22 13:51:26 - INFO - Confusion matrix - [[tn=70, fp=4], [fn=12, tp=66]]
2026-08-22 13:51:26 - INFO - probability_positive min=0.0000 mean=0.4644 std=0.4925 max=1.0000 predicted_0=82 predicted_1=70
2026-08-22 13:51:41 - INFO - Epoch 13/30 | Train loss: 0.014445 | Val loss: 1.054010 | LR: 2.00e-05 | Best epoch: 8 | Patience: 5 | Train: 14.02s | Validation: 0.79s | Epoch: 14.81s | Total: 194.37s
2026-08-22 13:51:41 - INFO - RecAdam target-task weight at epoch end: 1.000000
2026-08-22 13:51:41 - INFO - [Classification Report - split=train epoch=13 - threshold=0.50]
2026-08-22 13:51:41 - INFO -                 precision    recall  f1-score   support
2026-08-22 13:51:41 - INFO - 
2026-08-22 13:51:41 - INFO -       safe (0)     0.9957    0.9872    0.9915       235
2026-08-22 13:51:41 - INFO - vulnerable (1)     0.9865    0.9955    0.9910       221
2026-08-22 13:51:41 - INFO - 
2026-08-22 13:51:41 - INFO -       accuracy                         0.9912       456
2026-08-22 13:51:41 - INFO -      macro avg     0.9911    0.9914    0.9912       456
2026-08-22 13:51:41 - INFO -   weighted avg     0.9913    0.9912    0.9912       456
2026-08-22 13:51:41 - INFO - Confusion matrix - [[tn=232, fp=3], [fn=1, tp=220]]
2026-08-22 13:51:41 - INFO - probability_positive min=0.0000 mean=0.4867 std=0.4957 max=1.0000 predicted_0=233 predicted_1=223
2026-08-22 13:51:41 - INFO - [Classification Report - split=validation epoch=13 - threshold=0.50]
2026-08-22 13:51:41 - INFO -                 precision    recall  f1-score   support
2026-08-22 13:51:41 - INFO - 
2026-08-22 13:51:41 - INFO -       safe (0)     0.8701    0.9054    0.8874        74
2026-08-22 13:51:41 - INFO - vulnerable (1)     0.9067    0.8718    0.8889        78
2026-08-22 13:51:41 - INFO - 
2026-08-22 13:51:41 - INFO -       accuracy                         0.8882       152
2026-08-22 13:51:41 - INFO -      macro avg     0.8884    0.8886    0.8882       152
2026-08-22 13:51:41 - INFO -   weighted avg     0.8889    0.8882    0.8882       152
2026-08-22 13:51:41 - INFO - Confusion matrix - [[tn=67, fp=7], [fn=10, tp=68]]
2026-08-22 13:51:41 - INFO - probability_positive min=0.0000 mean=0.4976 std=0.4945 max=1.0000 predicted_0=77 predicted_1=75
2026-08-22 13:51:41 - INFO - Early stopping | Epoch: 13 | Best epoch: 8
2026-08-22 13:51:41 - INFO - Best checkpoint saved | Path: model/samu_unixcoder/transfer_cwe/seed_42/fold1/best.pt | Epoch: 8 | Val macro_f1: 0.907751
2026-08-22 13:51:41 - INFO - Training finished | Elapsed: 194.38s
2026-08-22 13:51:41 - INFO - Run finished | Phase: phase2 | Fold: 1 | Seed: 42 | Elapsed: 196.77s
