2026-09-13 10:39:26 - INFO - Using device: cuda
2026-09-13 10:39:26 - INFO - Run started | Run: fus1_codebert | Method: transfer_latent_bottleneck_com_l0p05_ad48_fusft_adamw | Phase: phase2 | Fold: 4 | Seed: 42 | Device: cuda
2026-09-13 10:39:26 - INFO - Loading Python training data: data/sven_python_folds_norm/fold4/train.jsonl
2026-09-13 10:39:26 - INFO - Loading Python validation data: data/sven_python_folds_norm/fold4/val.jsonl
2026-09-13 10:39:26 - INFO - Data split: python_train | Total: 456 | Labels: {0: 225, 1: 231} | CWEs: {'CWE-022': 42, 'CWE-078': 119, 'CWE-079': 53, 'CWE-089': 242} | Languages: {'python': 456} | Invalid CWE: 0
2026-09-13 10:39:26 - INFO - Data split: python_val | Total: 152 | Labels: {0: 72, 1: 80} | CWEs: {'CWE-022': 13, 'CWE-078': 44, 'CWE-079': 16, 'CWE-089': 79} | Languages: {'python': 152} | Invalid CWE: 0
2026-09-13 10:39:26 - INFO - Auxiliary head width taken from checkpoint: 10
2026-09-13 10:39:27 - INFO - Gradient checkpointing BAT tren RobertaModel
2026-09-13 10:39:28 - INFO - Dung lai adapter tu checkpoint | ten=['src'] | dim=48 | fusion=False
2026-09-13 10:39:28 - INFO - Loaded source checkpoint: model/fus1/phase1/codebert__latent_bottleneck_com_l0p05_ad48/seed_42/best.pt | Best epoch: 11 | Best Val Macro-F1: 0.558316
2026-09-13 10:39:28 - INFO - ADAPTER FUSION BAT | che do=ft | 12 lop | dim=48 | mo 146793794 tham so, khoa 900770 | adapter nguon DONG BANG (0 tham so mo)
2026-09-13 10:39:28 - INFO - lambda_cwe: CLI Pha 2 = 0.2 (khong dung o Pha 2) | Pha 1 that = 0.05 — ghi theo Pha 1
2026-09-13 10:39:28 - INFO - Phase 2 optimizer: AdamW | nhom ADAPTER rieng: 22146624 tham so o lr 0.0001 (backbone/head o 2e-05)
2026-09-13 10:39:28 - INFO - Environment: {"components": {"backbone": {"frozen": 894528, "total": 147686784, "trainable": 146792256}, "cwe_head": {"frozen": 90, "total": 90, "trainable": 0}, "latent_proj": {"frozen": 6152, "total": 6152, "trainable": 0}, "vul_head": {"frozen": 0, "total": 1538, "trainable": 1538}}, "cuda": "12.8", "fold": 4, "frozen_parameters": 900770, "gpu": "NVIDIA GeForce RTX 5060 Ti", "hyperparameters": {"adamw_anneal_lr": false, "adapter_dim": 0, "adapter_lr": 0.0001, "anneal_fun": "sigmoid", "anneal_k": 0.05, "anneal_t0_ratio": 0.05, "anneal_t0_steps": 43, "anneal_w": 1.0, "asam_eta": 0.01, "aux_class_balanced": false, "aux_mode": "latent_bottleneck", "aux_weight_lr": 0.01, "aux_weight_mode": "fixed", "batch_size": 16, "checkpoint_path": "model/fus1_codebert/transfer_latent_bottleneck_com_l0p05_ad48_fusft_adamw/seed_42/fold4/best.pt", "cwe_vocab": "precomputed", "data_path": "data/train_ccpp_filtered.jsonl", "data_root": "data/sven_python_folds_norm", "epochs": 30, "eval_batch_size": 16, "feat_distill_beta": 0.0, "feat_distill_mode": "cos", "fisher_path": null, "fold": 4, "freeze_backbone_layers": 0, "freeze_prototypes_steps": 0, "fusion_frozen_params": 900770, "fusion_trainable_params": 146793794, "grad_checkpointing": true, "lambda_cwe": 0.05, "lambda_cwe_phase2_cli": 0.2, "latent_temperature": 0.1, "learning_rate": 2e-05, "lora_rank": 0, "lp_epochs": 0, "lp_learning_rate": 0.001, "max_eval_samples": null, "max_grad_norm": 1.0, "max_length": 512, "max_train_samples": null, "method_name": "transfer_latent_bottleneck_com_l0p05_ad48_fusft_adamw", "min_epochs": 3, "model_name": "microsoft/codebert-base", "num_cwes": 10, "num_latent": 8, "num_workers": 0, "output_dir": "results/fus1_codebert/transfer_latent_bottleneck_com_l0p05_ad48_fusft_adamw", "patience": 5, "phase": "phase2", "phase2_fusion": "ft", "phase2_gate": "off", "phase2_gate_alpha": 0.3, "phase2_gate_init": 0.0, "phase2_gate_lr": 0.01, "phase2_gate_proj": "learned", "phase2_lambda_cwe": 0.0, "phase2_optimizer": "adamw", "phase2_reinit_head": false, "phase2_steps_per_epoch": 29, "phase2_total_steps": 870, "pooling": "cls", "pretrain_cof": 5000.0, "recadam_anchor": "source", "recadam_anchor_head": "source", "replay_batch_size": 0, "replay_cwe_vocab": "fixed4", "replay_data": null, "replay_epochs": 0, "replay_lambda_cwe": 0.0, "replay_mu": 0.0, "replay_stratify": false, "result_path": "results/fus1_codebert/transfer_latent_bottleneck_com_l0p05_ad48_fusft_adamw/seed_42/fold4.json", "run_name": "fus1_codebert", "sam_rho": 0.0, "sam_variant": "sam", "seed": 42, "selection_metric": "macro_f1", "source_best_epoch": 11, "source_best_val_macro_f1": 0.5583160800552105, "source_checkpoint": "model/fus1/phase1/codebert__latent_bottleneck_com_l0p05_ad48/seed_42/best.pt", "source_eval_data": null, "source_interp_grid": null, "source_interpolation": 1.0, "source_lambda_cwe": 0.05, "source_sam_rho": 0.0, "spd_lambda": 1.0, "spd_replace_wd": false, "strict_determinism": false, "target_lang": "python", "test_path": null, "train_path": null, "truncation_strategy": "head_middle_tail", "val_path": null, "weight_decay": 0.01}, "mode": "phase2_train", "model_name": "microsoft/codebert-base", "seed": 42, "sklearn": "1.7.2", "torch": "2.11.0+cu128", "trainable_parameters": 146793794, "transformers": "4.57.1"}
2026-09-13 10:39:28 - INFO - Training started | Phase: phase2 | Epochs: 30
2026-09-13 10:39:29 - INFO - RecAdam first-step safety checks passed
2026-09-13 10:39:55 - INFO - Epoch 1/30 | Train loss: 0.604598 | Val loss: 0.587124 | LR: 2.00e-05 | Best epoch: 1 | Patience: 0 | Train: 24.22s | Validation: 2.15s | Epoch: 26.86s | Total: 26.86s
2026-09-13 10:39:55 - INFO - [Classification Report - split=train epoch=1 - threshold=0.50]
2026-09-13 10:39:55 - INFO -                 precision    recall  f1-score   support
2026-09-13 10:39:55 - INFO - 
2026-09-13 10:39:55 - INFO -       safe (0)     0.7245    0.6311    0.6746       225
2026-09-13 10:39:55 - INFO - vulnerable (1)     0.6808    0.7662    0.7210       231
2026-09-13 10:39:55 - INFO - 
2026-09-13 10:39:55 - INFO -       accuracy                         0.6996       456
2026-09-13 10:39:55 - INFO -      macro avg     0.7026    0.6987    0.6978       456
2026-09-13 10:39:55 - INFO -   weighted avg     0.7023    0.6996    0.6981       456
2026-09-13 10:39:55 - INFO - Confusion matrix - [[tn=142, fp=83], [fn=54, tp=177]]
2026-09-13 10:39:55 - INFO - probability_positive min=0.0041 mean=0.4874 std=0.2678 max=0.9979 predicted_0=196 predicted_1=260
2026-09-13 10:39:55 - INFO - [Classification Report - split=validation epoch=1 - threshold=0.50]
2026-09-13 10:39:55 - INFO -                 precision    recall  f1-score   support
2026-09-13 10:39:55 - INFO - 
2026-09-13 10:39:55 - INFO -       safe (0)     0.7377    0.6250    0.6767        72
2026-09-13 10:39:55 - INFO - vulnerable (1)     0.7033    0.8000    0.7485        80
2026-09-13 10:39:55 - INFO - 
2026-09-13 10:39:55 - INFO -       accuracy                         0.7171       152
2026-09-13 10:39:55 - INFO -      macro avg     0.7205    0.7125    0.7126       152
2026-09-13 10:39:55 - INFO -   weighted avg     0.7196    0.7171    0.7145       152
2026-09-13 10:39:55 - INFO - Confusion matrix - [[tn=45, fp=27], [fn=16, tp=64]]
2026-09-13 10:39:55 - INFO - probability_positive min=0.0225 mean=0.5105 std=0.3511 max=0.9918 predicted_0=61 predicted_1=91
2026-09-13 10:39:55 - INFO - New best model | Macro-F1: 0.712615 | Epoch: 1
2026-09-13 10:40:22 - INFO - Epoch 2/30 | Train loss: 0.449597 | Val loss: 0.532166 | LR: 2.00e-05 | Best epoch: 2 | Patience: 0 | Train: 23.76s | Validation: 2.14s | Epoch: 26.77s | Total: 53.65s
2026-09-13 10:40:22 - INFO - [Classification Report - split=train epoch=2 - threshold=0.50]
2026-09-13 10:40:22 - INFO -                 precision    recall  f1-score   support
2026-09-13 10:40:22 - INFO - 
2026-09-13 10:40:22 - INFO -       safe (0)     0.8164    0.7511    0.7824       225
2026-09-13 10:40:22 - INFO - vulnerable (1)     0.7751    0.8355    0.8042       231
2026-09-13 10:40:22 - INFO - 
2026-09-13 10:40:22 - INFO -       accuracy                         0.7939       456
2026-09-13 10:40:22 - INFO -      macro avg     0.7958    0.7933    0.7933       456
2026-09-13 10:40:22 - INFO -   weighted avg     0.7955    0.7939    0.7934       456
2026-09-13 10:40:22 - INFO - Confusion matrix - [[tn=169, fp=56], [fn=38, tp=193]]
2026-09-13 10:40:22 - INFO - probability_positive min=0.0045 mean=0.4957 std=0.3554 max=0.9941 predicted_0=207 predicted_1=249
2026-09-13 10:40:22 - INFO - [Classification Report - split=validation epoch=2 - threshold=0.50]
2026-09-13 10:40:22 - INFO -                 precision    recall  f1-score   support
2026-09-13 10:40:22 - INFO - 
2026-09-13 10:40:22 - INFO -       safe (0)     0.8214    0.6389    0.7188        72
2026-09-13 10:40:22 - INFO - vulnerable (1)     0.7292    0.8750    0.7955        80
2026-09-13 10:40:22 - INFO - 
2026-09-13 10:40:22 - INFO -       accuracy                         0.7632       152
2026-09-13 10:40:22 - INFO -      macro avg     0.7753    0.7569    0.7571       152
2026-09-13 10:40:22 - INFO -   weighted avg     0.7729    0.7632    0.7591       152
2026-09-13 10:40:22 - INFO - Confusion matrix - [[tn=46, fp=26], [fn=10, tp=70]]
2026-09-13 10:40:22 - INFO - probability_positive min=0.0346 mean=0.5775 std=0.3593 max=0.9983 predicted_0=56 predicted_1=96
2026-09-13 10:40:22 - INFO - New best model | Macro-F1: 0.757102 | Epoch: 2
2026-09-13 10:40:49 - INFO - Epoch 3/30 | Train loss: 0.340516 | Val loss: 0.748814 | LR: 2.00e-05 | Best epoch: 3 | Patience: 0 | Train: 23.81s | Validation: 2.15s | Epoch: 26.88s | Total: 80.55s
2026-09-13 10:40:49 - INFO - [Classification Report - split=train epoch=3 - threshold=0.50]
2026-09-13 10:40:49 - INFO -                 precision    recall  f1-score   support
2026-09-13 10:40:49 - INFO - 
2026-09-13 10:40:49 - INFO -       safe (0)     0.8824    0.8000    0.8392       225
2026-09-13 10:40:49 - INFO - vulnerable (1)     0.8214    0.8961    0.8571       231
2026-09-13 10:40:49 - INFO - 
2026-09-13 10:40:49 - INFO -       accuracy                         0.8487       456
2026-09-13 10:40:49 - INFO -      macro avg     0.8519    0.8481    0.8482       456
2026-09-13 10:40:49 - INFO -   weighted avg     0.8515    0.8487    0.8483       456
2026-09-13 10:40:49 - INFO - Confusion matrix - [[tn=180, fp=45], [fn=24, tp=207]]
2026-09-13 10:40:49 - INFO - probability_positive min=0.0013 mean=0.5162 std=0.3886 max=0.9998 predicted_0=204 predicted_1=252
2026-09-13 10:40:49 - INFO - [Classification Report - split=validation epoch=3 - threshold=0.50]
2026-09-13 10:40:49 - INFO -                 precision    recall  f1-score   support
2026-09-13 10:40:49 - INFO - 
2026-09-13 10:40:49 - INFO -       safe (0)     0.7746    0.7639    0.7692        72
2026-09-13 10:40:49 - INFO - vulnerable (1)     0.7901    0.8000    0.7950        80
2026-09-13 10:40:49 - INFO - 
2026-09-13 10:40:49 - INFO -       accuracy                         0.7829       152
2026-09-13 10:40:49 - INFO -      macro avg     0.7824    0.7819    0.7821       152
2026-09-13 10:40:49 - INFO -   weighted avg     0.7828    0.7829    0.7828       152
2026-09-13 10:40:49 - INFO - Confusion matrix - [[tn=55, fp=17], [fn=16, tp=64]]
2026-09-13 10:40:49 - INFO - probability_positive min=0.0008 mean=0.5289 std=0.4575 max=0.9999 predicted_0=71 predicted_1=81
2026-09-13 10:40:49 - INFO - New best model | Macro-F1: 0.782131 | Epoch: 3
2026-09-13 10:41:15 - INFO - Epoch 4/30 | Train loss: 0.272110 | Val loss: 0.672690 | LR: 2.00e-05 | Best epoch: 4 | Patience: 0 | Train: 23.80s | Validation: 2.14s | Epoch: 26.82s | Total: 107.39s
2026-09-13 10:41:16 - INFO - [Classification Report - split=train epoch=4 - threshold=0.50]
2026-09-13 10:41:16 - INFO -                 precision    recall  f1-score   support
2026-09-13 10:41:16 - INFO - 
2026-09-13 10:41:16 - INFO -       safe (0)     0.9198    0.8667    0.8924       225
2026-09-13 10:41:16 - INFO - vulnerable (1)     0.8770    0.9264    0.9011       231
2026-09-13 10:41:16 - INFO - 
2026-09-13 10:41:16 - INFO -       accuracy                         0.8969       456
2026-09-13 10:41:16 - INFO -      macro avg     0.8984    0.8965    0.8968       456
2026-09-13 10:41:16 - INFO -   weighted avg     0.8981    0.8969    0.8968       456
2026-09-13 10:41:16 - INFO - Confusion matrix - [[tn=195, fp=30], [fn=17, tp=214]]
2026-09-13 10:41:16 - INFO - probability_positive min=0.0008 mean=0.5068 std=0.4354 max=0.9997 predicted_0=212 predicted_1=244
2026-09-13 10:41:16 - INFO - [Classification Report - split=validation epoch=4 - threshold=0.50]
2026-09-13 10:41:16 - INFO -                 precision    recall  f1-score   support
2026-09-13 10:41:16 - INFO - 
2026-09-13 10:41:16 - INFO -       safe (0)     0.8254    0.7222    0.7704        72
2026-09-13 10:41:16 - INFO - vulnerable (1)     0.7753    0.8625    0.8166        80
2026-09-13 10:41:16 - INFO - 
2026-09-13 10:41:16 - INFO -       accuracy                         0.7961       152
2026-09-13 10:41:16 - INFO -      macro avg     0.8003    0.7924    0.7935       152
2026-09-13 10:41:16 - INFO -   weighted avg     0.7990    0.7961    0.7947       152
2026-09-13 10:41:16 - INFO - Confusion matrix - [[tn=52, fp=20], [fn=11, tp=69]]
2026-09-13 10:41:16 - INFO - probability_positive min=0.0009 mean=0.5709 std=0.4586 max=0.9998 predicted_0=63 predicted_1=89
2026-09-13 10:41:16 - INFO - New best model | Macro-F1: 0.793469 | Epoch: 4
2026-09-13 10:41:43 - INFO - Epoch 5/30 | Train loss: 0.178657 | Val loss: 0.537589 | LR: 2.00e-05 | Best epoch: 5 | Patience: 0 | Train: 23.98s | Validation: 2.15s | Epoch: 27.05s | Total: 134.47s
2026-09-13 10:41:43 - INFO - [Classification Report - split=train epoch=5 - threshold=0.50]
2026-09-13 10:41:43 - INFO -                 precision    recall  f1-score   support
2026-09-13 10:41:43 - INFO - 
2026-09-13 10:41:43 - INFO -       safe (0)     0.9531    0.9022    0.9269       225
2026-09-13 10:41:43 - INFO - vulnerable (1)     0.9095    0.9567    0.9325       231
2026-09-13 10:41:43 - INFO - 
2026-09-13 10:41:43 - INFO -       accuracy                         0.9298       456
2026-09-13 10:41:43 - INFO -      macro avg     0.9313    0.9295    0.9297       456
2026-09-13 10:41:43 - INFO -   weighted avg     0.9310    0.9298    0.9298       456
2026-09-13 10:41:43 - INFO - Confusion matrix - [[tn=203, fp=22], [fn=10, tp=221]]
2026-09-13 10:41:43 - INFO - probability_positive min=0.0001 mean=0.5172 std=0.4655 max=0.9999 predicted_0=213 predicted_1=243
2026-09-13 10:41:43 - INFO - [Classification Report - split=validation epoch=5 - threshold=0.50]
2026-09-13 10:41:43 - INFO -                 precision    recall  f1-score   support
2026-09-13 10:41:43 - INFO - 
2026-09-13 10:41:43 - INFO -       safe (0)     0.8310    0.8194    0.8252        72
2026-09-13 10:41:43 - INFO - vulnerable (1)     0.8395    0.8500    0.8447        80
2026-09-13 10:41:43 - INFO - 
2026-09-13 10:41:43 - INFO -       accuracy                         0.8355       152
2026-09-13 10:41:43 - INFO -      macro avg     0.8352    0.8347    0.8349       152
2026-09-13 10:41:43 - INFO -   weighted avg     0.8355    0.8355    0.8355       152
2026-09-13 10:41:43 - INFO - Confusion matrix - [[tn=59, fp=13], [fn=12, tp=68]]
2026-09-13 10:41:43 - INFO - probability_positive min=0.0003 mean=0.4989 std=0.4475 max=0.9999 predicted_0=71 predicted_1=81
2026-09-13 10:41:43 - INFO - New best model | Macro-F1: 0.834948 | Epoch: 5
2026-09-13 10:42:09 - INFO - Epoch 6/30 | Train loss: 0.172592 | Val loss: 0.761449 | LR: 2.00e-05 | Best epoch: 5 | Patience: 1 | Train: 23.81s | Validation: 2.14s | Epoch: 25.95s | Total: 160.44s
2026-09-13 10:42:09 - INFO - [Classification Report - split=train epoch=6 - threshold=0.50]
2026-09-13 10:42:09 - INFO -                 precision    recall  f1-score   support
2026-09-13 10:42:09 - INFO - 
2026-09-13 10:42:09 - INFO -       safe (0)     0.9378    0.9378    0.9378       225
2026-09-13 10:42:09 - INFO - vulnerable (1)     0.9394    0.9394    0.9394       231
2026-09-13 10:42:09 - INFO - 
2026-09-13 10:42:09 - INFO -       accuracy                         0.9386       456
2026-09-13 10:42:09 - INFO -      macro avg     0.9386    0.9386    0.9386       456
2026-09-13 10:42:09 - INFO -   weighted avg     0.9386    0.9386    0.9386       456
2026-09-13 10:42:09 - INFO - Confusion matrix - [[tn=211, fp=14], [fn=14, tp=217]]
2026-09-13 10:42:09 - INFO - probability_positive min=0.0002 mean=0.5038 std=0.4731 max=0.9999 predicted_0=225 predicted_1=231
2026-09-13 10:42:09 - INFO - [Classification Report - split=validation epoch=6 - threshold=0.50]
2026-09-13 10:42:09 - INFO -                 precision    recall  f1-score   support
2026-09-13 10:42:09 - INFO - 
2026-09-13 10:42:09 - INFO -       safe (0)     0.8571    0.7500    0.8000        72
2026-09-13 10:42:09 - INFO - vulnerable (1)     0.7978    0.8875    0.8402        80
2026-09-13 10:42:09 - INFO - 
2026-09-13 10:42:09 - INFO -       accuracy                         0.8224       152
2026-09-13 10:42:09 - INFO -      macro avg     0.8274    0.8187    0.8201       152
2026-09-13 10:42:09 - INFO -   weighted avg     0.8259    0.8224    0.8212       152
2026-09-13 10:42:09 - INFO - Confusion matrix - [[tn=54, fp=18], [fn=9, tp=71]]
2026-09-13 10:42:09 - INFO - probability_positive min=0.0005 mean=0.5737 std=0.4794 max=0.9998 predicted_0=63 predicted_1=89
2026-09-13 10:42:34 - INFO - Epoch 7/30 | Train loss: 0.214821 | Val loss: 0.593995 | LR: 2.00e-05 | Best epoch: 5 | Patience: 2 | Train: 23.81s | Validation: 2.14s | Epoch: 25.95s | Total: 186.40s
2026-09-13 10:42:35 - INFO - [Classification Report - split=train epoch=7 - threshold=0.50]
2026-09-13 10:42:35 - INFO -                 precision    recall  f1-score   support
2026-09-13 10:42:35 - INFO - 
2026-09-13 10:42:35 - INFO -       safe (0)     0.9431    0.8844    0.9128       225
2026-09-13 10:42:35 - INFO - vulnerable (1)     0.8939    0.9481    0.9202       231
2026-09-13 10:42:35 - INFO - 
2026-09-13 10:42:35 - INFO -       accuracy                         0.9167       456
2026-09-13 10:42:35 - INFO -      macro avg     0.9185    0.9162    0.9165       456
2026-09-13 10:42:35 - INFO -   weighted avg     0.9182    0.9167    0.9166       456
2026-09-13 10:42:35 - INFO - Confusion matrix - [[tn=199, fp=26], [fn=12, tp=219]]
2026-09-13 10:42:35 - INFO - probability_positive min=0.0001 mean=0.5228 std=0.4650 max=0.9999 predicted_0=211 predicted_1=245
2026-09-13 10:42:35 - INFO - [Classification Report - split=validation epoch=7 - threshold=0.50]
2026-09-13 10:42:35 - INFO -                 precision    recall  f1-score   support
2026-09-13 10:42:35 - INFO - 
2026-09-13 10:42:35 - INFO -       safe (0)     0.8689    0.7361    0.7970        72
2026-09-13 10:42:35 - INFO - vulnerable (1)     0.7912    0.9000    0.8421        80
2026-09-13 10:42:35 - INFO - 
2026-09-13 10:42:35 - INFO -       accuracy                         0.8224       152
2026-09-13 10:42:35 - INFO -      macro avg     0.8300    0.8181    0.8195       152
2026-09-13 10:42:35 - INFO -   weighted avg     0.8280    0.8224    0.8207       152
2026-09-13 10:42:35 - INFO - Confusion matrix - [[tn=53, fp=19], [fn=8, tp=72]]
2026-09-13 10:42:35 - INFO - probability_positive min=0.0002 mean=0.5635 std=0.4604 max=0.9999 predicted_0=61 predicted_1=91
2026-09-13 10:43:00 - INFO - Epoch 8/30 | Train loss: 0.121102 | Val loss: 1.311627 | LR: 2.00e-05 | Best epoch: 5 | Patience: 3 | Train: 23.82s | Validation: 2.15s | Epoch: 25.97s | Total: 212.39s
2026-09-13 10:43:00 - INFO - [Classification Report - split=train epoch=8 - threshold=0.50]
2026-09-13 10:43:00 - INFO -                 precision    recall  f1-score   support
2026-09-13 10:43:00 - INFO - 
2026-09-13 10:43:00 - INFO -       safe (0)     0.9767    0.9333    0.9545       225
2026-09-13 10:43:00 - INFO - vulnerable (1)     0.9378    0.9784    0.9576       231
2026-09-13 10:43:00 - INFO - 
2026-09-13 10:43:00 - INFO -       accuracy                         0.9561       456
2026-09-13 10:43:00 - INFO -      macro avg     0.9573    0.9558    0.9561       456
2026-09-13 10:43:00 - INFO -   weighted avg     0.9570    0.9561    0.9561       456
2026-09-13 10:43:00 - INFO - Confusion matrix - [[tn=210, fp=15], [fn=5, tp=226]]
2026-09-13 10:43:00 - INFO - probability_positive min=0.0000 mean=0.5232 std=0.4875 max=1.0000 predicted_0=215 predicted_1=241
2026-09-13 10:43:01 - INFO - [Classification Report - split=validation epoch=8 - threshold=0.50]
2026-09-13 10:43:01 - INFO -                 precision    recall  f1-score   support
2026-09-13 10:43:01 - INFO - 
2026-09-13 10:43:01 - INFO -       safe (0)     0.8000    0.8333    0.8163        72
2026-09-13 10:43:01 - INFO - vulnerable (1)     0.8442    0.8125    0.8280        80
2026-09-13 10:43:01 - INFO - 
2026-09-13 10:43:01 - INFO -       accuracy                         0.8224       152
2026-09-13 10:43:01 - INFO -      macro avg     0.8221    0.8229    0.8222       152
2026-09-13 10:43:01 - INFO -   weighted avg     0.8232    0.8224    0.8225       152
2026-09-13 10:43:01 - INFO - Confusion matrix - [[tn=60, fp=12], [fn=15, tp=65]]
2026-09-13 10:43:01 - INFO - probability_positive min=0.0000 mean=0.5103 std=0.4905 max=1.0000 predicted_0=75 predicted_1=77
2026-09-13 10:43:26 - INFO - Epoch 9/30 | Train loss: 0.245254 | Val loss: 0.982818 | LR: 2.00e-05 | Best epoch: 5 | Patience: 4 | Train: 23.82s | Validation: 2.15s | Epoch: 25.97s | Total: 238.38s
2026-09-13 10:43:26 - INFO - [Classification Report - split=train epoch=9 - threshold=0.50]
2026-09-13 10:43:26 - INFO -                 precision    recall  f1-score   support
2026-09-13 10:43:26 - INFO - 
2026-09-13 10:43:26 - INFO -       safe (0)     0.9682    0.9467    0.9573       225
2026-09-13 10:43:26 - INFO - vulnerable (1)     0.9492    0.9697    0.9593       231
2026-09-13 10:43:26 - INFO - 
2026-09-13 10:43:26 - INFO -       accuracy                         0.9583       456
2026-09-13 10:43:26 - INFO -      macro avg     0.9587    0.9582    0.9583       456
2026-09-13 10:43:26 - INFO -   weighted avg     0.9585    0.9583    0.9583       456
2026-09-13 10:43:26 - INFO - Confusion matrix - [[tn=213, fp=12], [fn=7, tp=224]]
2026-09-13 10:43:26 - INFO - probability_positive min=0.0000 mean=0.5174 std=0.4947 max=1.0000 predicted_0=220 predicted_1=236
2026-09-13 10:43:26 - INFO - [Classification Report - split=validation epoch=9 - threshold=0.50]
2026-09-13 10:43:26 - INFO -                 precision    recall  f1-score   support
2026-09-13 10:43:26 - INFO - 
2026-09-13 10:43:26 - INFO -       safe (0)     0.8571    0.7500    0.8000        72
2026-09-13 10:43:26 - INFO - vulnerable (1)     0.7978    0.8875    0.8402        80
2026-09-13 10:43:26 - INFO - 
2026-09-13 10:43:26 - INFO -       accuracy                         0.8224       152
2026-09-13 10:43:26 - INFO -      macro avg     0.8274    0.8187    0.8201       152
2026-09-13 10:43:26 - INFO -   weighted avg     0.8259    0.8224    0.8212       152
2026-09-13 10:43:26 - INFO - Confusion matrix - [[tn=54, fp=18], [fn=9, tp=71]]
2026-09-13 10:43:26 - INFO - probability_positive min=0.0000 mean=0.5812 std=0.4787 max=0.9999 predicted_0=63 predicted_1=89
2026-09-13 10:43:52 - INFO - Epoch 10/30 | Train loss: 0.170501 | Val loss: 1.203737 | LR: 2.00e-05 | Best epoch: 5 | Patience: 5 | Train: 23.82s | Validation: 2.14s | Epoch: 25.96s | Total: 264.35s
2026-09-13 10:43:52 - INFO - [Classification Report - split=train epoch=10 - threshold=0.50]
2026-09-13 10:43:52 - INFO -                 precision    recall  f1-score   support
2026-09-13 10:43:52 - INFO - 
2026-09-13 10:43:52 - INFO -       safe (0)     0.9595    0.9467    0.9530       225
2026-09-13 10:43:52 - INFO - vulnerable (1)     0.9487    0.9610    0.9548       231
2026-09-13 10:43:52 - INFO - 
2026-09-13 10:43:52 - INFO -       accuracy                         0.9539       456
2026-09-13 10:43:52 - INFO -      macro avg     0.9541    0.9539    0.9539       456
2026-09-13 10:43:52 - INFO -   weighted avg     0.9540    0.9539    0.9539       456
2026-09-13 10:43:52 - INFO - Confusion matrix - [[tn=213, fp=12], [fn=9, tp=222]]
2026-09-13 10:43:52 - INFO - probability_positive min=0.0000 mean=0.5090 std=0.4874 max=0.9999 predicted_0=222 predicted_1=234
2026-09-13 10:43:52 - INFO - [Classification Report - split=validation epoch=10 - threshold=0.50]
2026-09-13 10:43:52 - INFO -                 precision    recall  f1-score   support
2026-09-13 10:43:52 - INFO - 
2026-09-13 10:43:52 - INFO -       safe (0)     0.7778    0.8750    0.8235        72
2026-09-13 10:43:52 - INFO - vulnerable (1)     0.8732    0.7750    0.8212        80
2026-09-13 10:43:52 - INFO - 
2026-09-13 10:43:52 - INFO -       accuracy                         0.8224       152
2026-09-13 10:43:52 - INFO -      macro avg     0.8255    0.8250    0.8224       152
2026-09-13 10:43:52 - INFO -   weighted avg     0.8280    0.8224    0.8223       152
2026-09-13 10:43:52 - INFO - Confusion matrix - [[tn=63, fp=9], [fn=18, tp=62]]
2026-09-13 10:43:52 - INFO - probability_positive min=0.0000 mean=0.4568 std=0.4880 max=0.9999 predicted_0=81 predicted_1=71
2026-09-13 10:43:52 - INFO - Early stopping | Epoch: 10 | Best epoch: 5
2026-09-13 10:43:52 - INFO - Best checkpoint saved | Path: model/fus1_codebert/transfer_latent_bottleneck_com_l0p05_ad48_fusft_adamw/seed_42/fold4/best.pt | Epoch: 5 | Val macro_f1: 0.834948
2026-09-13 10:43:52 - INFO - Training finished | Elapsed: 264.36s
2026-09-13 10:43:53 - INFO - Runtime ghi lai | model/fus1_codebert/transfer_latent_bottleneck_com_l0p05_ad48_fusft_adamw/seed_42/fold4/best.pt.runtime.json | 10 epoch | 26.4s/epoch | NVIDIA GeForce RTX 5060 Ti
2026-09-13 10:43:53 - INFO - Run finished | Phase: phase2 | Fold: 4 | Seed: 42 | Elapsed: 266.93s
2026-09-13 10:43:59 - INFO - Using device: cuda
2026-09-13 10:43:59 - INFO - Run started | Run: fus1_codebert | Method: transfer_latent_bottleneck_com_l0p05_ad48_fusft_adamw | Phase: test | Fold: 4 | Seed: 42 | Device: cuda
2026-09-13 10:43:59 - INFO - Loading Python validation data: data/sven_python_folds_norm/fold4/val.jsonl
2026-09-13 10:43:59 - INFO - Loading Python test data: data/sven_python_folds_norm/fold4/test.jsonl
2026-09-13 10:43:59 - INFO - Data split: python_val | Total: 152 | Labels: {0: 72, 1: 80} | CWEs: {'CWE-022': 13, 'CWE-078': 44, 'CWE-079': 16, 'CWE-089': 79} | Languages: {'python': 152} | Invalid CWE: 0
2026-09-13 10:43:59 - INFO - Data split: python_test | Total: 152 | Labels: {0: 83, 1: 69} | CWEs: {'CWE-022': 11, 'CWE-078': 41, 'CWE-079': 13, 'CWE-089': 87} | Languages: {'python': 152} | Invalid CWE: 0
2026-09-13 10:44:00 - INFO - Auxiliary head width taken from checkpoint: 10
2026-09-13 10:44:02 - INFO - Dung lai adapter tu checkpoint | ten=['src', 'tgt'] | dim=48 | fusion=True
2026-09-13 10:44:02 - INFO - Environment: {"components": {"backbone": {"frozen": 0, "total": 147686784, "trainable": 147686784}, "cwe_head": {"frozen": 90, "total": 90, "trainable": 0}, "latent_proj": {"frozen": 6152, "total": 6152, "trainable": 0}, "vul_head": {"frozen": 0, "total": 1538, "trainable": 1538}}, "cuda": "12.8", "fold": 4, "frozen_parameters": 6242, "gpu": "NVIDIA GeForce RTX 5060 Ti", "hyperparameters": {"adamw_anneal_lr": false, "adapter_dim": 0, "adapter_lr": 0.0001, "anneal_fun": "sigmoid", "anneal_k": 0.05, "anneal_t0_ratio": 0.05, "anneal_w": 1.0, "asam_eta": 0.01, "aux_class_balanced": false, "aux_mode": "latent_bottleneck", "aux_weight_lr": 0.01, "aux_weight_mode": "fixed", "batch_size": 16, "checkpoint_path": "model/fus1_codebert/transfer_latent_bottleneck_com_l0p05_ad48_fusft_adamw/seed_42/fold4/best.pt", "cwe_vocab": "precomputed", "data_path": "data/train_ccpp_filtered.jsonl", "data_root": "data/sven_python_folds_norm", "epochs": 10, "eval_batch_size": 16, "feat_distill_beta": 0.0, "feat_distill_mode": "cos", "fisher_path": null, "fold": 4, "freeze_backbone_layers": 0, "freeze_prototypes_steps": 0, "grad_checkpointing": false, "lambda_cwe": 0.2, "latent_temperature": 0.1, "learning_rate": 2e-05, "lora_rank": 0, "lp_epochs": 0, "lp_learning_rate": 0.001, "max_eval_samples": null, "max_grad_norm": 1.0, "max_length": 512, "max_train_samples": null, "method_name": "transfer_latent_bottleneck_com_l0p05_ad48_fusft_adamw", "min_epochs": 3, "model_name": "microsoft/codebert-base", "num_cwes": 10, "num_latent": 8, "num_workers": 0, "output_dir": "results/fus1_codebert/transfer_latent_bottleneck_com_l0p05_ad48_fusft_adamw", "patience": 5, "phase": "test", "phase2_fusion": "off", "phase2_gate": "off", "phase2_gate_alpha": 0.3, "phase2_gate_init": 0.0, "phase2_gate_lr": 0.01, "phase2_gate_proj": "learned", "phase2_lambda_cwe": 0.0, "phase2_optimizer": "recadam", "phase2_reinit_head": false, "pooling": "cls", "pretrain_cof": 5000.0, "recadam_anchor": "source", "recadam_anchor_head": "source", "replay_batch_size": 0, "replay_cwe_vocab": "fixed4", "replay_data": null, "replay_epochs": 0, "replay_lambda_cwe": 0.0, "replay_mu": 0.0, "replay_stratify": false, "result_path": "results/fus1_codebert/transfer_latent_bottleneck_com_l0p05_ad48_fusft_adamw/seed_42/fold4.json", "run_name": "fus1_codebert", "sam_rho": 0.0, "sam_variant": "sam", "seed": 42, "selection_metric": "macro_f1", "source_checkpoint": null, "source_eval_data": null, "source_interp_grid": null, "source_interpolation": 1.0, "spd_lambda": 1.0, "spd_replace_wd": false, "strict_determinism": false, "target_lang": "python", "test_path": null, "train_path": null, "truncation_strategy": "head_middle_tail", "val_path": null, "weight_decay": 0.01}, "mode": "test_inference_no_optimizer", "model_name": "microsoft/codebert-base", "seed": 42, "sklearn": "1.7.2", "torch": "2.11.0+cu128", "trainable_parameters": 147688322, "transformers": "4.57.1"}
2026-09-13 10:44:05 - INFO - Evaluation time | Split: validation+threshold | Seconds: 2.93
2026-09-13 10:44:05 - INFO - [Classification Report - split=validation - threshold=0.50]
2026-09-13 10:44:05 - INFO -                 precision    recall  f1-score   support
2026-09-13 10:44:05 - INFO - 
2026-09-13 10:44:05 - INFO -       safe (0)     0.8310    0.8194    0.8252        72
2026-09-13 10:44:05 - INFO - vulnerable (1)     0.8395    0.8500    0.8447        80
2026-09-13 10:44:05 - INFO - 
2026-09-13 10:44:05 - INFO -       accuracy                         0.8355       152
2026-09-13 10:44:05 - INFO -      macro avg     0.8352    0.8347    0.8349       152
2026-09-13 10:44:05 - INFO -   weighted avg     0.8355    0.8355    0.8355       152
2026-09-13 10:44:05 - INFO - Confusion matrix - [[tn=59, fp=13], [fn=12, tp=68]]
2026-09-13 10:44:05 - INFO - probability_positive min=0.0003 mean=0.4989 std=0.4475 max=0.9999 predicted_0=71 predicted_1=81
2026-09-13 10:44:05 - INFO - [Classification Report - split=validation_calibrated - threshold=0.81]
2026-09-13 10:44:05 - INFO -                 precision    recall  f1-score   support
2026-09-13 10:44:05 - INFO - 
2026-09-13 10:44:05 - INFO -       safe (0)     0.7952    0.9167    0.8516        72
2026-09-13 10:44:05 - INFO - vulnerable (1)     0.9130    0.7875    0.8456        80
2026-09-13 10:44:05 - INFO - 
2026-09-13 10:44:05 - INFO -       accuracy                         0.8487       152
2026-09-13 10:44:05 - INFO -      macro avg     0.8541    0.8521    0.8486       152
2026-09-13 10:44:05 - INFO -   weighted avg     0.8572    0.8487    0.8485       152
2026-09-13 10:44:05 - INFO - Confusion matrix - [[tn=66, fp=6], [fn=17, tp=63]]
2026-09-13 10:44:05 - INFO - probability_positive min=0.0003 mean=0.4989 std=0.4475 max=0.9999 predicted_0=83 predicted_1=69
2026-09-13 10:44:07 - INFO - Evaluation time | Split: test | Seconds: 2.15
2026-09-13 10:44:07 - INFO - [Classification Report - split=test - threshold=0.50]
2026-09-13 10:44:07 - INFO -                 precision    recall  f1-score   support
2026-09-13 10:44:07 - INFO - 
2026-09-13 10:44:07 - INFO -       safe (0)     0.9254    0.7470    0.8267        83
2026-09-13 10:44:07 - INFO - vulnerable (1)     0.7529    0.9275    0.8312        69
2026-09-13 10:44:07 - INFO - 
2026-09-13 10:44:07 - INFO -       accuracy                         0.8289       152
2026-09-13 10:44:07 - INFO -      macro avg     0.8392    0.8373    0.8289       152
2026-09-13 10:44:07 - INFO -   weighted avg     0.8471    0.8289    0.8287       152
2026-09-13 10:44:07 - INFO - Confusion matrix - [[tn=62, fp=21], [fn=5, tp=64]]
2026-09-13 10:44:07 - INFO - probability_positive min=0.0003 mean=0.5105 std=0.4459 max=0.9999 predicted_0=67 predicted_1=85
2026-09-13 10:44:07 - INFO - [Classification Report - split=test_valcal - threshold=0.81]
2026-09-13 10:44:07 - INFO -                 precision    recall  f1-score   support
2026-09-13 10:44:07 - INFO - 
2026-09-13 10:44:07 - INFO -       safe (0)     0.8471    0.8675    0.8571        83
2026-09-13 10:44:07 - INFO - vulnerable (1)     0.8358    0.8116    0.8235        69
2026-09-13 10:44:07 - INFO - 
2026-09-13 10:44:07 - INFO -       accuracy                         0.8421       152
2026-09-13 10:44:07 - INFO -      macro avg     0.8414    0.8395    0.8403       152
2026-09-13 10:44:07 - INFO -   weighted avg     0.8420    0.8421    0.8419       152
2026-09-13 10:44:07 - INFO - Confusion matrix - [[tn=72, fp=11], [fn=13, tp=56]]
2026-09-13 10:44:07 - INFO - probability_positive min=0.0003 mean=0.5105 std=0.4459 max=0.9999 predicted_0=85 predicted_1=67
2026-09-13 10:44:07 - INFO - [Classification Report - split=test_at_0.5_CWE-022 - threshold=0.50]
2026-09-13 10:44:07 - INFO -                 precision    recall  f1-score   support
2026-09-13 10:44:07 - INFO - 
2026-09-13 10:44:07 - INFO -       safe (0)     0.8000    0.5000    0.6154         8
2026-09-13 10:44:07 - INFO - vulnerable (1)     0.3333    0.6667    0.4444         3
2026-09-13 10:44:07 - INFO - 
2026-09-13 10:44:07 - INFO -       accuracy                         0.5455        11
2026-09-13 10:44:07 - INFO -      macro avg     0.5667    0.5833    0.5299        11
2026-09-13 10:44:07 - INFO -   weighted avg     0.6727    0.5455    0.5688        11
2026-09-13 10:44:07 - INFO - Confusion matrix - [[tn=4, fp=4], [fn=1, tp=2]]
2026-09-13 10:44:07 - INFO - probability_positive min=0.0003 mean=0.5187 std=0.4019 max=0.9488 predicted_0=5 predicted_1=6
2026-09-13 10:44:07 - INFO - [Classification Report - split=test_at_0.5_CWE-078 - threshold=0.50]
2026-09-13 10:44:07 - INFO -                 precision    recall  f1-score   support
2026-09-13 10:44:07 - INFO - 
2026-09-13 10:44:07 - INFO -       safe (0)     0.8947    0.6800    0.7727        25
2026-09-13 10:44:07 - INFO - vulnerable (1)     0.6364    0.8750    0.7368        16
2026-09-13 10:44:07 - INFO - 
2026-09-13 10:44:07 - INFO -       accuracy                         0.7561        41
2026-09-13 10:44:07 - INFO -      macro avg     0.7656    0.7775    0.7548        41
2026-09-13 10:44:07 - INFO -   weighted avg     0.7939    0.7561    0.7587        41
2026-09-13 10:44:07 - INFO - Confusion matrix - [[tn=17, fp=8], [fn=2, tp=14]]
2026-09-13 10:44:07 - INFO - probability_positive min=0.0003 mean=0.4296 std=0.3908 max=0.9997 predicted_0=19 predicted_1=22
2026-09-13 10:44:07 - INFO - [Classification Report - split=test_at_0.5_CWE-079 - threshold=0.50]
2026-09-13 10:44:07 - INFO -                 precision    recall  f1-score   support
2026-09-13 10:44:07 - INFO - 
2026-09-13 10:44:07 - INFO -       safe (0)     1.0000    0.7778    0.8750         9
2026-09-13 10:44:07 - INFO - vulnerable (1)     0.6667    1.0000    0.8000         4
2026-09-13 10:44:07 - INFO - 
2026-09-13 10:44:07 - INFO -       accuracy                         0.8462        13
2026-09-13 10:44:07 - INFO -      macro avg     0.8333    0.8889    0.8375        13
2026-09-13 10:44:07 - INFO -   weighted avg     0.8974    0.8462    0.8519        13
2026-09-13 10:44:07 - INFO - Confusion matrix - [[tn=7, fp=2], [fn=0, tp=4]]
2026-09-13 10:44:07 - INFO - probability_positive min=0.0003 mean=0.4130 std=0.4445 max=0.9997 predicted_0=7 predicted_1=6
2026-09-13 10:44:07 - INFO - [Classification Report - split=test_at_0.5_CWE-089 - threshold=0.50]
2026-09-13 10:44:07 - INFO -                 precision    recall  f1-score   support
2026-09-13 10:44:07 - INFO - 
2026-09-13 10:44:07 - INFO -       safe (0)     0.9444    0.8293    0.8831        41
2026-09-13 10:44:07 - INFO - vulnerable (1)     0.8627    0.9565    0.9072        46
2026-09-13 10:44:07 - INFO - 
2026-09-13 10:44:07 - INFO -       accuracy                         0.8966        87
2026-09-13 10:44:07 - INFO -      macro avg     0.9036    0.8929    0.8952        87
2026-09-13 10:44:07 - INFO -   weighted avg     0.9012    0.8966    0.8959        87
2026-09-13 10:44:07 - INFO - Confusion matrix - [[tn=34, fp=7], [fn=2, tp=44]]
2026-09-13 10:44:07 - INFO - probability_positive min=0.0003 mean=0.5621 std=0.4671 max=0.9999 predicted_0=36 predicted_1=51
2026-09-13 10:44:07 - INFO - [Classification Report - split=test_at_valcal_CWE-022 - threshold=0.81]
2026-09-13 10:44:07 - INFO -                 precision    recall  f1-score   support
2026-09-13 10:44:07 - INFO - 
2026-09-13 10:44:07 - INFO -       safe (0)     0.8571    0.7500    0.8000         8
2026-09-13 10:44:07 - INFO - vulnerable (1)     0.5000    0.6667    0.5714         3
2026-09-13 10:44:07 - INFO - 
2026-09-13 10:44:07 - INFO -       accuracy                         0.7273        11
2026-09-13 10:44:07 - INFO -      macro avg     0.6786    0.7083    0.6857        11
2026-09-13 10:44:07 - INFO -   weighted avg     0.7597    0.7273    0.7377        11
2026-09-13 10:44:07 - INFO - Confusion matrix - [[tn=6, fp=2], [fn=1, tp=2]]
2026-09-13 10:44:07 - INFO - probability_positive min=0.0003 mean=0.5187 std=0.4019 max=0.9488 predicted_0=7 predicted_1=4
2026-09-13 10:44:07 - INFO - [Classification Report - split=test_at_valcal_CWE-078 - threshold=0.81]
2026-09-13 10:44:07 - INFO -                 precision    recall  f1-score   support
2026-09-13 10:44:07 - INFO - 
2026-09-13 10:44:07 - INFO -       safe (0)     0.7241    0.8400    0.7778        25
2026-09-13 10:44:07 - INFO - vulnerable (1)     0.6667    0.5000    0.5714        16
2026-09-13 10:44:07 - INFO - 
2026-09-13 10:44:07 - INFO -       accuracy                         0.7073        41
2026-09-13 10:44:07 - INFO -      macro avg     0.6954    0.6700    0.6746        41
2026-09-13 10:44:07 - INFO -   weighted avg     0.7017    0.7073    0.6973        41
2026-09-13 10:44:07 - INFO - Confusion matrix - [[tn=21, fp=4], [fn=8, tp=8]]
2026-09-13 10:44:07 - INFO - probability_positive min=0.0003 mean=0.4296 std=0.3908 max=0.9997 predicted_0=29 predicted_1=12
2026-09-13 10:44:07 - INFO - [Classification Report - split=test_at_valcal_CWE-079 - threshold=0.81]
2026-09-13 10:44:07 - INFO -                 precision    recall  f1-score   support
2026-09-13 10:44:07 - INFO - 
2026-09-13 10:44:07 - INFO -       safe (0)     1.0000    0.8889    0.9412         9
2026-09-13 10:44:07 - INFO - vulnerable (1)     0.8000    1.0000    0.8889         4
2026-09-13 10:44:07 - INFO - 
2026-09-13 10:44:07 - INFO -       accuracy                         0.9231        13
2026-09-13 10:44:07 - INFO -      macro avg     0.9000    0.9444    0.9150        13
2026-09-13 10:44:07 - INFO -   weighted avg     0.9385    0.9231    0.9251        13
2026-09-13 10:44:07 - INFO - Confusion matrix - [[tn=8, fp=1], [fn=0, tp=4]]
2026-09-13 10:44:07 - INFO - probability_positive min=0.0003 mean=0.4130 std=0.4445 max=0.9997 predicted_0=8 predicted_1=5
2026-09-13 10:44:07 - INFO - [Classification Report - split=test_at_valcal_CWE-089 - threshold=0.81]
2026-09-13 10:44:07 - INFO -                 precision    recall  f1-score   support
2026-09-13 10:44:07 - INFO - 
2026-09-13 10:44:07 - INFO -       safe (0)     0.9024    0.9024    0.9024        41
2026-09-13 10:44:07 - INFO - vulnerable (1)     0.9130    0.9130    0.9130        46
2026-09-13 10:44:07 - INFO - 
2026-09-13 10:44:07 - INFO -       accuracy                         0.9080        87
2026-09-13 10:44:07 - INFO -      macro avg     0.9077    0.9077    0.9077        87
2026-09-13 10:44:07 - INFO -   weighted avg     0.9080    0.9080    0.9080        87
2026-09-13 10:44:07 - INFO - Confusion matrix - [[tn=37, fp=4], [fn=4, tp=42]]
2026-09-13 10:44:07 - INFO - probability_positive min=0.0003 mean=0.5621 std=0.4671 max=0.9999 predicted_0=41 predicted_1=46
2026-09-13 10:44:07 - INFO - Test result saved: results/fus1_codebert/transfer_latent_bottleneck_com_l0p05_ad48_fusft_adamw/seed_42/fold4.json
2026-09-13 10:44:07 - INFO - Run finished | Phase: test | Fold: 4 | Seed: 42 | Elapsed: 7.73s
