2026-09-13 08:59:05 - INFO - Using device: cuda
2026-09-13 08:59:05 - INFO - Run started | Run: fus1_codebert | Method: transfer_latent_bottleneck_com_l0p05_ad48_fusfrz_adamw | Phase: phase2 | Fold: 1 | Seed: 42 | Device: cuda
2026-09-13 08:59:05 - INFO - Loading Python training data: data/sven_python_folds_norm/fold1/train.jsonl
2026-09-13 08:59:05 - INFO - Loading Python validation data: data/sven_python_folds_norm/fold1/val.jsonl
2026-09-13 08:59:05 - INFO - Data split: python_train | Total: 456 | Labels: {0: 235, 1: 221} | CWEs: {'CWE-022': 39, 'CWE-078': 123, 'CWE-079': 49, 'CWE-089': 245} | Languages: {'python': 456} | Invalid CWE: 0
2026-09-13 08:59:05 - INFO - Data split: python_val | Total: 152 | Labels: {0: 74, 1: 78} | CWEs: {'CWE-022': 8, 'CWE-078': 42, 'CWE-079': 19, 'CWE-089': 83} | Languages: {'python': 152} | Invalid CWE: 0
2026-09-13 08:59:06 - INFO - Auxiliary head width taken from checkpoint: 10
2026-09-13 08:59:08 - INFO - Dung lai adapter tu checkpoint | ten=['src'] | dim=48 | fusion=False
2026-09-13 08:59:08 - INFO - Loaded source checkpoint: model/fus1/phase1/codebert__latent_bottleneck_com_l0p05_ad48/seed_42/best.pt | Best epoch: 11 | Best Val Macro-F1: 0.558316
2026-09-13 08:59:08 - INFO - ADAPTER FUSION BAT | che do=frozen | 12 lop | dim=48 | mo 22148162 tham so, khoa 125546402 | adapter nguon DONG BANG (0 tham so mo)
2026-09-13 08:59:08 - INFO - lambda_cwe: CLI Pha 2 = 0.2 (khong dung o Pha 2) | Pha 1 that = 0.05 — ghi theo Pha 1
2026-09-13 08:59:08 - INFO - Phase 2 optimizer: AdamW | nhom ADAPTER rieng: 22146624 tham so o lr 0.0001 (backbone/head o 2e-05)
2026-09-13 08:59:08 - INFO - Environment: {"components": {"backbone": {"frozen": 125540160, "total": 147686784, "trainable": 22146624}, "cwe_head": {"frozen": 90, "total": 90, "trainable": 0}, "latent_proj": {"frozen": 6152, "total": 6152, "trainable": 0}, "vul_head": {"frozen": 0, "total": 1538, "trainable": 1538}}, "cuda": "12.8", "fold": 1, "frozen_parameters": 125546402, "gpu": "NVIDIA GeForce RTX 5060 Ti", "hyperparameters": {"adamw_anneal_lr": false, "adapter_dim": 0, "adapter_lr": 0.0001, "anneal_fun": "sigmoid", "anneal_k": 0.05, "anneal_t0_ratio": 0.05, "anneal_t0_steps": 43, "anneal_w": 1.0, "asam_eta": 0.01, "aux_class_balanced": false, "aux_mode": "latent_bottleneck", "aux_weight_lr": 0.01, "aux_weight_mode": "fixed", "batch_size": 16, "checkpoint_path": "model/fus1_codebert/transfer_latent_bottleneck_com_l0p05_ad48_fusfrz_adamw/seed_42/fold1/best.pt", "cwe_vocab": "precomputed", "data_path": "data/train_ccpp_filtered.jsonl", "data_root": "data/sven_python_folds_norm", "epochs": 30, "eval_batch_size": 16, "feat_distill_beta": 0.0, "feat_distill_mode": "cos", "fisher_path": null, "fold": 1, "freeze_backbone_layers": 0, "freeze_prototypes_steps": 0, "fusion_frozen_params": 125546402, "fusion_trainable_params": 22148162, "lambda_cwe": 0.05, "lambda_cwe_phase2_cli": 0.2, "latent_temperature": 0.1, "learning_rate": 2e-05, "lora_rank": 0, "lp_epochs": 0, "lp_learning_rate": 0.001, "max_eval_samples": null, "max_grad_norm": 1.0, "max_length": 512, "max_train_samples": null, "method_name": "transfer_latent_bottleneck_com_l0p05_ad48_fusfrz_adamw", "min_epochs": 3, "model_name": "microsoft/codebert-base", "num_cwes": 10, "num_latent": 8, "num_workers": 0, "output_dir": "results/fus1_codebert/transfer_latent_bottleneck_com_l0p05_ad48_fusfrz_adamw", "patience": 5, "phase": "phase2", "phase2_fusion": "frozen", "phase2_gate": "off", "phase2_gate_alpha": 0.3, "phase2_gate_init": 0.0, "phase2_gate_lr": 0.01, "phase2_gate_proj": "learned", "phase2_lambda_cwe": 0.0, "phase2_optimizer": "adamw", "phase2_reinit_head": false, "phase2_steps_per_epoch": 29, "phase2_total_steps": 870, "pooling": "cls", "pretrain_cof": 5000.0, "recadam_anchor": "source", "recadam_anchor_head": "source", "replay_batch_size": 0, "replay_cwe_vocab": "fixed4", "replay_data": null, "replay_epochs": 0, "replay_lambda_cwe": 0.0, "replay_mu": 0.0, "replay_stratify": false, "result_path": "results/fus1_codebert/transfer_latent_bottleneck_com_l0p05_ad48_fusfrz_adamw/seed_42/fold1.json", "run_name": "fus1_codebert", "sam_rho": 0.0, "sam_variant": "sam", "seed": 42, "selection_metric": "macro_f1", "source_best_epoch": 11, "source_best_val_macro_f1": 0.5583160800552105, "source_checkpoint": "model/fus1/phase1/codebert__latent_bottleneck_com_l0p05_ad48/seed_42/best.pt", "source_eval_data": null, "source_interp_grid": null, "source_interpolation": 1.0, "source_lambda_cwe": 0.05, "source_sam_rho": 0.0, "spd_lambda": 1.0, "spd_replace_wd": false, "strict_determinism": false, "target_lang": "python", "test_path": null, "train_path": null, "truncation_strategy": "head_middle_tail", "val_path": null, "weight_decay": 0.01}, "mode": "phase2_train", "model_name": "microsoft/codebert-base", "seed": 42, "sklearn": "1.7.2", "torch": "2.11.0+cu128", "trainable_parameters": 22148162, "transformers": "4.57.1"}
2026-09-13 08:59:08 - INFO - Training started | Phase: phase2 | Epochs: 30
2026-09-13 08:59:09 - INFO - RecAdam first-step safety checks passed
2026-09-13 08:59:27 - INFO - Epoch 1/30 | Train loss: 0.602319 | Val loss: 0.487541 | LR: 2.00e-05 | Best epoch: 1 | Patience: 0 | Train: 15.98s | Validation: 2.25s | Epoch: 18.72s | Total: 18.72s
2026-09-13 08:59:27 - INFO - [Classification Report - split=train epoch=1 - threshold=0.50]
2026-09-13 08:59:27 - INFO -                 precision    recall  f1-score   support
2026-09-13 08:59:27 - INFO - 
2026-09-13 08:59:27 - INFO -       safe (0)     0.6835    0.6894    0.6864       235
2026-09-13 08:59:27 - INFO - vulnerable (1)     0.6667    0.6606    0.6636       221
2026-09-13 08:59:27 - INFO - 
2026-09-13 08:59:27 - INFO -       accuracy                         0.6754       456
2026-09-13 08:59:27 - INFO -      macro avg     0.6751    0.6750    0.6750       456
2026-09-13 08:59:27 - INFO -   weighted avg     0.6754    0.6754    0.6754       456
2026-09-13 08:59:27 - INFO - Confusion matrix - [[tn=162, fp=73], [fn=75, tp=146]]
2026-09-13 08:59:27 - INFO - probability_positive min=0.0028 mean=0.4958 std=0.2844 max=0.9986 predicted_0=237 predicted_1=219
2026-09-13 08:59:27 - INFO - [Classification Report - split=validation epoch=1 - threshold=0.50]
2026-09-13 08:59:27 - INFO -                 precision    recall  f1-score   support
2026-09-13 08:59:27 - INFO - 
2026-09-13 08:59:27 - INFO -       safe (0)     0.6914    0.7568    0.7226        74
2026-09-13 08:59:27 - INFO - vulnerable (1)     0.7465    0.6795    0.7114        78
2026-09-13 08:59:27 - INFO - 
2026-09-13 08:59:27 - INFO -       accuracy                         0.7171       152
2026-09-13 08:59:27 - INFO -      macro avg     0.7189    0.7181    0.7170       152
2026-09-13 08:59:27 - INFO -   weighted avg     0.7196    0.7171    0.7168       152
2026-09-13 08:59:27 - INFO - Confusion matrix - [[tn=56, fp=18], [fn=25, tp=53]]
2026-09-13 08:59:27 - INFO - probability_positive min=0.0026 mean=0.4359 std=0.3644 max=0.9988 predicted_0=81 predicted_1=71
2026-09-13 08:59:27 - INFO - New best model | Macro-F1: 0.716995 | Epoch: 1
2026-09-13 08:59:45 - INFO - Epoch 2/30 | Train loss: 0.435968 | Val loss: 0.445274 | LR: 2.00e-05 | Best epoch: 2 | Patience: 0 | Train: 15.61s | Validation: 2.26s | Epoch: 18.77s | Total: 37.51s
2026-09-13 08:59:45 - INFO - [Classification Report - split=train epoch=2 - threshold=0.50]
2026-09-13 08:59:45 - INFO -                 precision    recall  f1-score   support
2026-09-13 08:59:45 - INFO - 
2026-09-13 08:59:45 - INFO -       safe (0)     0.8201    0.8340    0.8270       235
2026-09-13 08:59:45 - INFO - vulnerable (1)     0.8203    0.8054    0.8128       221
2026-09-13 08:59:45 - INFO - 
2026-09-13 08:59:45 - INFO -       accuracy                         0.8202       456
2026-09-13 08:59:45 - INFO -      macro avg     0.8202    0.8197    0.8199       456
2026-09-13 08:59:45 - INFO -   weighted avg     0.8202    0.8202    0.8201       456
2026-09-13 08:59:45 - INFO - Confusion matrix - [[tn=196, fp=39], [fn=43, tp=178]]
2026-09-13 08:59:45 - INFO - probability_positive min=0.0048 mean=0.4920 std=0.3676 max=0.9990 predicted_0=239 predicted_1=217
2026-09-13 08:59:45 - INFO - [Classification Report - split=validation epoch=2 - threshold=0.50]
2026-09-13 08:59:45 - INFO -                 precision    recall  f1-score   support
2026-09-13 08:59:45 - INFO - 
2026-09-13 08:59:45 - INFO -       safe (0)     0.7303    0.8784    0.7975        74
2026-09-13 08:59:45 - INFO - vulnerable (1)     0.8571    0.6923    0.7660        78
2026-09-13 08:59:45 - INFO - 
2026-09-13 08:59:45 - INFO -       accuracy                         0.7829       152
2026-09-13 08:59:45 - INFO -      macro avg     0.7937    0.7853    0.7818       152
2026-09-13 08:59:45 - INFO -   weighted avg     0.7954    0.7829    0.7813       152
2026-09-13 08:59:45 - INFO - Confusion matrix - [[tn=65, fp=9], [fn=24, tp=54]]
2026-09-13 08:59:45 - INFO - probability_positive min=0.0021 mean=0.4081 std=0.3774 max=0.9982 predicted_0=89 predicted_1=63
2026-09-13 08:59:45 - INFO - New best model | Macro-F1: 0.781752 | Epoch: 2
2026-09-13 09:00:04 - INFO - Epoch 3/30 | Train loss: 0.263514 | Val loss: 0.429468 | LR: 2.00e-05 | Best epoch: 3 | Patience: 0 | Train: 15.60s | Validation: 2.27s | Epoch: 18.72s | Total: 56.25s
2026-09-13 09:00:04 - INFO - [Classification Report - split=train epoch=3 - threshold=0.50]
2026-09-13 09:00:04 - INFO -                 precision    recall  f1-score   support
2026-09-13 09:00:04 - INFO - 
2026-09-13 09:00:04 - INFO -       safe (0)     0.9075    0.8766    0.8918       235
2026-09-13 09:00:04 - INFO - vulnerable (1)     0.8734    0.9050    0.8889       221
2026-09-13 09:00:04 - INFO - 
2026-09-13 09:00:04 - INFO -       accuracy                         0.8904       456
2026-09-13 09:00:04 - INFO -      macro avg     0.8904    0.8908    0.8903       456
2026-09-13 09:00:04 - INFO -   weighted avg     0.8909    0.8904    0.8904       456
2026-09-13 09:00:04 - INFO - Confusion matrix - [[tn=206, fp=29], [fn=21, tp=200]]
2026-09-13 09:00:04 - INFO - probability_positive min=0.0013 mean=0.4851 std=0.4250 max=0.9991 predicted_0=227 predicted_1=229
2026-09-13 09:00:04 - INFO - [Classification Report - split=validation epoch=3 - threshold=0.50]
2026-09-13 09:00:04 - INFO -                 precision    recall  f1-score   support
2026-09-13 09:00:04 - INFO - 
2026-09-13 09:00:04 - INFO -       safe (0)     0.8649    0.8649    0.8649        74
2026-09-13 09:00:04 - INFO - vulnerable (1)     0.8718    0.8718    0.8718        78
2026-09-13 09:00:04 - INFO - 
2026-09-13 09:00:04 - INFO -       accuracy                         0.8684       152
2026-09-13 09:00:04 - INFO -      macro avg     0.8683    0.8683    0.8683       152
2026-09-13 09:00:04 - INFO -   weighted avg     0.8684    0.8684    0.8684       152
2026-09-13 09:00:04 - INFO - Confusion matrix - [[tn=64, fp=10], [fn=10, tp=68]]
2026-09-13 09:00:04 - INFO - probability_positive min=0.0077 mean=0.5075 std=0.4385 max=0.9995 predicted_0=74 predicted_1=78
2026-09-13 09:00:04 - INFO - New best model | Macro-F1: 0.868330 | Epoch: 3
2026-09-13 09:00:22 - INFO - Epoch 4/30 | Train loss: 0.192795 | Val loss: 0.647290 | LR: 2.00e-05 | Best epoch: 3 | Patience: 1 | Train: 15.60s | Validation: 2.26s | Epoch: 17.87s | Total: 74.15s
2026-09-13 09:00:22 - INFO - [Classification Report - split=train epoch=4 - threshold=0.50]
2026-09-13 09:00:22 - INFO -                 precision    recall  f1-score   support
2026-09-13 09:00:22 - INFO - 
2026-09-13 09:00:22 - INFO -       safe (0)     0.9353    0.9234    0.9293       235
2026-09-13 09:00:22 - INFO - vulnerable (1)     0.9196    0.9321    0.9258       221
2026-09-13 09:00:22 - INFO - 
2026-09-13 09:00:22 - INFO -       accuracy                         0.9276       456
2026-09-13 09:00:22 - INFO -      macro avg     0.9275    0.9278    0.9276       456
2026-09-13 09:00:22 - INFO -   weighted avg     0.9277    0.9276    0.9276       456
2026-09-13 09:00:22 - INFO - Confusion matrix - [[tn=217, fp=18], [fn=15, tp=206]]
2026-09-13 09:00:22 - INFO - probability_positive min=0.0009 mean=0.4944 std=0.4481 max=0.9998 predicted_0=232 predicted_1=224
2026-09-13 09:00:22 - INFO - [Classification Report - split=validation epoch=4 - threshold=0.50]
2026-09-13 09:00:22 - INFO -                 precision    recall  f1-score   support
2026-09-13 09:00:22 - INFO - 
2026-09-13 09:00:22 - INFO -       safe (0)     0.7791    0.9054    0.8375        74
2026-09-13 09:00:22 - INFO - vulnerable (1)     0.8939    0.7564    0.8194        78
2026-09-13 09:00:22 - INFO - 
2026-09-13 09:00:22 - INFO -       accuracy                         0.8289       152
2026-09-13 09:00:22 - INFO -      macro avg     0.8365    0.8309    0.8285       152
2026-09-13 09:00:22 - INFO -   weighted avg     0.8380    0.8289    0.8282       152
2026-09-13 09:00:22 - INFO - Confusion matrix - [[tn=67, fp=7], [fn=19, tp=59]]
2026-09-13 09:00:22 - INFO - probability_positive min=0.0012 mean=0.4215 std=0.4393 max=0.9998 predicted_0=86 predicted_1=66
2026-09-13 09:00:40 - INFO - Epoch 5/30 | Train loss: 0.182016 | Val loss: 0.782714 | LR: 2.00e-05 | Best epoch: 3 | Patience: 2 | Train: 15.60s | Validation: 2.26s | Epoch: 17.86s | Total: 92.02s
2026-09-13 09:00:40 - INFO - [Classification Report - split=train epoch=5 - threshold=0.50]
2026-09-13 09:00:40 - INFO -                 precision    recall  f1-score   support
2026-09-13 09:00:40 - INFO - 
2026-09-13 09:00:40 - INFO -       safe (0)     0.9487    0.9447    0.9467       235
2026-09-13 09:00:40 - INFO - vulnerable (1)     0.9414    0.9457    0.9436       221
2026-09-13 09:00:40 - INFO - 
2026-09-13 09:00:40 - INFO -       accuracy                         0.9452       456
2026-09-13 09:00:40 - INFO -      macro avg     0.9451    0.9452    0.9451       456
2026-09-13 09:00:40 - INFO -   weighted avg     0.9452    0.9452    0.9452       456
2026-09-13 09:00:40 - INFO - Confusion matrix - [[tn=222, fp=13], [fn=12, tp=209]]
2026-09-13 09:00:40 - INFO - probability_positive min=0.0003 mean=0.4754 std=0.4662 max=0.9999 predicted_0=234 predicted_1=222
2026-09-13 09:00:40 - INFO - [Classification Report - split=validation epoch=5 - threshold=0.50]
2026-09-13 09:00:40 - INFO -                 precision    recall  f1-score   support
2026-09-13 09:00:40 - INFO - 
2026-09-13 09:00:40 - INFO -       safe (0)     0.8406    0.7838    0.8112        74
2026-09-13 09:00:40 - INFO - vulnerable (1)     0.8072    0.8590    0.8323        78
2026-09-13 09:00:40 - INFO - 
2026-09-13 09:00:40 - INFO -       accuracy                         0.8224       152
2026-09-13 09:00:40 - INFO -      macro avg     0.8239    0.8214    0.8217       152
2026-09-13 09:00:40 - INFO -   weighted avg     0.8235    0.8224    0.8220       152
2026-09-13 09:00:40 - INFO - Confusion matrix - [[tn=58, fp=16], [fn=11, tp=67]]
2026-09-13 09:00:40 - INFO - probability_positive min=0.0005 mean=0.5455 std=0.4713 max=0.9999 predicted_0=69 predicted_1=83
2026-09-13 09:00:58 - INFO - Epoch 6/30 | Train loss: 0.132996 | Val loss: 0.757835 | LR: 2.00e-05 | Best epoch: 3 | Patience: 3 | Train: 15.60s | Validation: 2.26s | Epoch: 17.86s | Total: 109.89s
2026-09-13 09:00:58 - INFO - [Classification Report - split=train epoch=6 - threshold=0.50]
2026-09-13 09:00:58 - INFO -                 precision    recall  f1-score   support
2026-09-13 09:00:58 - INFO - 
2026-09-13 09:00:58 - INFO -       safe (0)     0.9489    0.9489    0.9489       235
2026-09-13 09:00:58 - INFO - vulnerable (1)     0.9457    0.9457    0.9457       221
2026-09-13 09:00:58 - INFO - 
2026-09-13 09:00:58 - INFO -       accuracy                         0.9474       456
2026-09-13 09:00:58 - INFO -      macro avg     0.9473    0.9473    0.9473       456
2026-09-13 09:00:58 - INFO -   weighted avg     0.9474    0.9474    0.9474       456
2026-09-13 09:00:58 - INFO - Confusion matrix - [[tn=223, fp=12], [fn=12, tp=209]]
2026-09-13 09:00:58 - INFO - probability_positive min=0.0004 mean=0.4807 std=0.4734 max=0.9999 predicted_0=235 predicted_1=221
2026-09-13 09:00:58 - INFO - [Classification Report - split=validation epoch=6 - threshold=0.50]
2026-09-13 09:00:58 - INFO -                 precision    recall  f1-score   support
2026-09-13 09:00:58 - INFO - 
2026-09-13 09:00:58 - INFO -       safe (0)     0.8421    0.8649    0.8533        74
2026-09-13 09:00:58 - INFO - vulnerable (1)     0.8684    0.8462    0.8571        78
2026-09-13 09:00:58 - INFO - 
2026-09-13 09:00:58 - INFO -       accuracy                         0.8553       152
2026-09-13 09:00:58 - INFO -      macro avg     0.8553    0.8555    0.8552       152
2026-09-13 09:00:58 - INFO -   weighted avg     0.8556    0.8553    0.8553       152
2026-09-13 09:00:58 - INFO - Confusion matrix - [[tn=64, fp=10], [fn=12, tp=66]]
2026-09-13 09:00:58 - INFO - probability_positive min=0.0003 mean=0.4937 std=0.4791 max=0.9999 predicted_0=76 predicted_1=76
2026-09-13 09:01:16 - INFO - Epoch 7/30 | Train loss: 0.224324 | Val loss: 0.740103 | LR: 2.00e-05 | Best epoch: 3 | Patience: 4 | Train: 15.60s | Validation: 2.26s | Epoch: 17.86s | Total: 127.77s
2026-09-13 09:01:16 - INFO - [Classification Report - split=train epoch=7 - threshold=0.50]
2026-09-13 09:01:16 - INFO -                 precision    recall  f1-score   support
2026-09-13 09:01:16 - INFO - 
2026-09-13 09:01:16 - INFO -       safe (0)     0.9414    0.9574    0.9494       235
2026-09-13 09:01:16 - INFO - vulnerable (1)     0.9539    0.9367    0.9452       221
2026-09-13 09:01:16 - INFO - 
2026-09-13 09:01:16 - INFO -       accuracy                         0.9474       456
2026-09-13 09:01:16 - INFO -      macro avg     0.9477    0.9470    0.9473       456
2026-09-13 09:01:16 - INFO -   weighted avg     0.9475    0.9474    0.9474       456
2026-09-13 09:01:16 - INFO - Confusion matrix - [[tn=225, fp=10], [fn=14, tp=207]]
2026-09-13 09:01:16 - INFO - probability_positive min=0.0001 mean=0.4794 std=0.4876 max=0.9999 predicted_0=239 predicted_1=217
2026-09-13 09:01:16 - INFO - [Classification Report - split=validation epoch=7 - threshold=0.50]
2026-09-13 09:01:16 - INFO -                 precision    recall  f1-score   support
2026-09-13 09:01:16 - INFO - 
2026-09-13 09:01:16 - INFO -       safe (0)     0.8400    0.8514    0.8456        74
2026-09-13 09:01:16 - INFO - vulnerable (1)     0.8571    0.8462    0.8516        78
2026-09-13 09:01:16 - INFO - 
2026-09-13 09:01:16 - INFO -       accuracy                         0.8487       152
2026-09-13 09:01:16 - INFO -      macro avg     0.8486    0.8488    0.8486       152
2026-09-13 09:01:16 - INFO -   weighted avg     0.8488    0.8487    0.8487       152
2026-09-13 09:01:16 - INFO - Confusion matrix - [[tn=63, fp=11], [fn=12, tp=66]]
2026-09-13 09:01:16 - INFO - probability_positive min=0.0001 mean=0.5074 std=0.4791 max=1.0000 predicted_0=75 predicted_1=77
2026-09-13 09:01:34 - INFO - Epoch 8/30 | Train loss: 0.190333 | Val loss: 1.020845 | LR: 2.00e-05 | Best epoch: 3 | Patience: 5 | Train: 15.61s | Validation: 2.26s | Epoch: 17.88s | Total: 145.66s
2026-09-13 09:01:34 - INFO - [Classification Report - split=train epoch=8 - threshold=0.50]
2026-09-13 09:01:34 - INFO -                 precision    recall  f1-score   support
2026-09-13 09:01:34 - INFO - 
2026-09-13 09:01:34 - INFO -       safe (0)     0.9437    0.9277    0.9356       235
2026-09-13 09:01:34 - INFO - vulnerable (1)     0.9244    0.9412    0.9327       221
2026-09-13 09:01:34 - INFO - 
2026-09-13 09:01:34 - INFO -       accuracy                         0.9342       456
2026-09-13 09:01:34 - INFO -      macro avg     0.9341    0.9344    0.9342       456
2026-09-13 09:01:34 - INFO -   weighted avg     0.9344    0.9342    0.9342       456
2026-09-13 09:01:34 - INFO - Confusion matrix - [[tn=218, fp=17], [fn=13, tp=208]]
2026-09-13 09:01:34 - INFO - probability_positive min=0.0001 mean=0.4955 std=0.4827 max=1.0000 predicted_0=231 predicted_1=225
2026-09-13 09:01:34 - INFO - [Classification Report - split=validation epoch=8 - threshold=0.50]
2026-09-13 09:01:34 - INFO -                 precision    recall  f1-score   support
2026-09-13 09:01:34 - INFO - 
2026-09-13 09:01:34 - INFO -       safe (0)     0.7500    0.9730    0.8471        74
2026-09-13 09:01:34 - INFO - vulnerable (1)     0.9643    0.6923    0.8060        78
2026-09-13 09:01:34 - INFO - 
2026-09-13 09:01:34 - INFO -       accuracy                         0.8289       152
2026-09-13 09:01:34 - INFO -      macro avg     0.8571    0.8326    0.8265       152
2026-09-13 09:01:34 - INFO -   weighted avg     0.8600    0.8289    0.8260       152
2026-09-13 09:01:34 - INFO - Confusion matrix - [[tn=72, fp=2], [fn=24, tp=54]]
2026-09-13 09:01:34 - INFO - probability_positive min=0.0001 mean=0.3662 std=0.4650 max=1.0000 predicted_0=96 predicted_1=56
2026-09-13 09:01:34 - INFO - Early stopping | Epoch: 8 | Best epoch: 3
2026-09-13 09:01:34 - INFO - Best checkpoint saved | Path: model/fus1_codebert/transfer_latent_bottleneck_com_l0p05_ad48_fusfrz_adamw/seed_42/fold1/best.pt | Epoch: 3 | Val macro_f1: 0.868330
2026-09-13 09:01:34 - INFO - Training finished | Elapsed: 145.67s
2026-09-13 09:01:34 - INFO - Runtime ghi lai | model/fus1_codebert/transfer_latent_bottleneck_com_l0p05_ad48_fusfrz_adamw/seed_42/fold1/best.pt.runtime.json | 8 epoch | 18.2s/epoch | NVIDIA GeForce RTX 5060 Ti
2026-09-13 09:01:34 - INFO - Run finished | Phase: phase2 | Fold: 1 | Seed: 42 | Elapsed: 148.22s
2026-09-13 09:01:40 - INFO - Using device: cuda
2026-09-13 09:01:40 - INFO - Run started | Run: fus1_codebert | Method: transfer_latent_bottleneck_com_l0p05_ad48_fusfrz_adamw | Phase: test | Fold: 1 | Seed: 42 | Device: cuda
2026-09-13 09:01:40 - INFO - Loading Python validation data: data/sven_python_folds_norm/fold1/val.jsonl
2026-09-13 09:01:40 - INFO - Loading Python test data: data/sven_python_folds_norm/fold1/test.jsonl
2026-09-13 09:01:40 - INFO - Data split: python_val | Total: 152 | Labels: {0: 74, 1: 78} | CWEs: {'CWE-022': 8, 'CWE-078': 42, 'CWE-079': 19, 'CWE-089': 83} | Languages: {'python': 152} | Invalid CWE: 0
2026-09-13 09:01:40 - INFO - Data split: python_test | Total: 152 | Labels: {0: 71, 1: 81} | CWEs: {'CWE-022': 19, 'CWE-078': 39, 'CWE-079': 14, 'CWE-089': 80} | Languages: {'python': 152} | Invalid CWE: 0
2026-09-13 09:01:41 - INFO - Auxiliary head width taken from checkpoint: 10
2026-09-13 09:01:43 - INFO - Dung lai adapter tu checkpoint | ten=['src', 'tgt'] | dim=48 | fusion=True
2026-09-13 09:01:43 - INFO - Environment: {"components": {"backbone": {"frozen": 0, "total": 147686784, "trainable": 147686784}, "cwe_head": {"frozen": 90, "total": 90, "trainable": 0}, "latent_proj": {"frozen": 6152, "total": 6152, "trainable": 0}, "vul_head": {"frozen": 0, "total": 1538, "trainable": 1538}}, "cuda": "12.8", "fold": 1, "frozen_parameters": 6242, "gpu": "NVIDIA GeForce RTX 5060 Ti", "hyperparameters": {"adamw_anneal_lr": false, "adapter_dim": 0, "adapter_lr": 0.0001, "anneal_fun": "sigmoid", "anneal_k": 0.05, "anneal_t0_ratio": 0.05, "anneal_w": 1.0, "asam_eta": 0.01, "aux_class_balanced": false, "aux_mode": "latent_bottleneck", "aux_weight_lr": 0.01, "aux_weight_mode": "fixed", "batch_size": 16, "checkpoint_path": "model/fus1_codebert/transfer_latent_bottleneck_com_l0p05_ad48_fusfrz_adamw/seed_42/fold1/best.pt", "cwe_vocab": "precomputed", "data_path": "data/train_ccpp_filtered.jsonl", "data_root": "data/sven_python_folds_norm", "epochs": 10, "eval_batch_size": 16, "feat_distill_beta": 0.0, "feat_distill_mode": "cos", "fisher_path": null, "fold": 1, "freeze_backbone_layers": 0, "freeze_prototypes_steps": 0, "lambda_cwe": 0.2, "latent_temperature": 0.1, "learning_rate": 2e-05, "lora_rank": 0, "lp_epochs": 0, "lp_learning_rate": 0.001, "max_eval_samples": null, "max_grad_norm": 1.0, "max_length": 512, "max_train_samples": null, "method_name": "transfer_latent_bottleneck_com_l0p05_ad48_fusfrz_adamw", "min_epochs": 3, "model_name": "microsoft/codebert-base", "num_cwes": 10, "num_latent": 8, "num_workers": 0, "output_dir": "results/fus1_codebert/transfer_latent_bottleneck_com_l0p05_ad48_fusfrz_adamw", "patience": 5, "phase": "test", "phase2_fusion": "off", "phase2_gate": "off", "phase2_gate_alpha": 0.3, "phase2_gate_init": 0.0, "phase2_gate_lr": 0.01, "phase2_gate_proj": "learned", "phase2_lambda_cwe": 0.0, "phase2_optimizer": "recadam", "phase2_reinit_head": false, "pooling": "cls", "pretrain_cof": 5000.0, "recadam_anchor": "source", "recadam_anchor_head": "source", "replay_batch_size": 0, "replay_cwe_vocab": "fixed4", "replay_data": null, "replay_epochs": 0, "replay_lambda_cwe": 0.0, "replay_mu": 0.0, "replay_stratify": false, "result_path": "results/fus1_codebert/transfer_latent_bottleneck_com_l0p05_ad48_fusfrz_adamw/seed_42/fold1.json", "run_name": "fus1_codebert", "sam_rho": 0.0, "sam_variant": "sam", "seed": 42, "selection_metric": "macro_f1", "source_checkpoint": null, "source_eval_data": null, "source_interp_grid": null, "source_interpolation": 1.0, "spd_lambda": 1.0, "spd_replace_wd": false, "strict_determinism": false, "target_lang": "python", "test_path": null, "train_path": null, "truncation_strategy": "head_middle_tail", "val_path": null, "weight_decay": 0.01}, "mode": "test_inference_no_optimizer", "model_name": "microsoft/codebert-base", "seed": 42, "sklearn": "1.7.2", "torch": "2.11.0+cu128", "trainable_parameters": 147688322, "transformers": "4.57.1"}
2026-09-13 09:01:46 - INFO - Evaluation time | Split: validation+threshold | Seconds: 3.05
2026-09-13 09:01:46 - INFO - [Classification Report - split=validation - threshold=0.50]
2026-09-13 09:01:46 - INFO -                 precision    recall  f1-score   support
2026-09-13 09:01:46 - INFO - 
2026-09-13 09:01:46 - INFO -       safe (0)     0.8649    0.8649    0.8649        74
2026-09-13 09:01:46 - INFO - vulnerable (1)     0.8718    0.8718    0.8718        78
2026-09-13 09:01:46 - INFO - 
2026-09-13 09:01:46 - INFO -       accuracy                         0.8684       152
2026-09-13 09:01:46 - INFO -      macro avg     0.8683    0.8683    0.8683       152
2026-09-13 09:01:46 - INFO -   weighted avg     0.8684    0.8684    0.8684       152
2026-09-13 09:01:46 - INFO - Confusion matrix - [[tn=64, fp=10], [fn=10, tp=68]]
2026-09-13 09:01:46 - INFO - probability_positive min=0.0077 mean=0.5075 std=0.4385 max=0.9995 predicted_0=74 predicted_1=78
2026-09-13 09:01:46 - INFO - [Classification Report - split=validation_calibrated - threshold=0.63]
2026-09-13 09:01:46 - INFO -                 precision    recall  f1-score   support
2026-09-13 09:01:46 - INFO - 
2026-09-13 09:01:46 - INFO -       safe (0)     0.8590    0.9054    0.8816        74
2026-09-13 09:01:46 - INFO - vulnerable (1)     0.9054    0.8590    0.8816        78
2026-09-13 09:01:46 - INFO - 
2026-09-13 09:01:46 - INFO -       accuracy                         0.8816       152
2026-09-13 09:01:46 - INFO -      macro avg     0.8822    0.8822    0.8816       152
2026-09-13 09:01:46 - INFO -   weighted avg     0.8828    0.8816    0.8816       152
2026-09-13 09:01:46 - INFO - Confusion matrix - [[tn=67, fp=7], [fn=11, tp=67]]
2026-09-13 09:01:46 - INFO - probability_positive min=0.0077 mean=0.5075 std=0.4385 max=0.9995 predicted_0=78 predicted_1=74
2026-09-13 09:01:48 - INFO - Evaluation time | Split: test | Seconds: 2.27
2026-09-13 09:01:48 - INFO - [Classification Report - split=test - threshold=0.50]
2026-09-13 09:01:48 - INFO -                 precision    recall  f1-score   support
2026-09-13 09:01:48 - INFO - 
2026-09-13 09:01:48 - INFO -       safe (0)     0.8551    0.8310    0.8429        71
2026-09-13 09:01:48 - INFO - vulnerable (1)     0.8554    0.8765    0.8659        81
2026-09-13 09:01:48 - INFO - 
2026-09-13 09:01:48 - INFO -       accuracy                         0.8553       152
2026-09-13 09:01:48 - INFO -      macro avg     0.8552    0.8538    0.8544       152
2026-09-13 09:01:48 - INFO -   weighted avg     0.8553    0.8553    0.8551       152
2026-09-13 09:01:48 - INFO - Confusion matrix - [[tn=59, fp=12], [fn=10, tp=71]]
2026-09-13 09:01:48 - INFO - probability_positive min=0.0070 mean=0.5377 std=0.4430 max=0.9996 predicted_0=69 predicted_1=83
2026-09-13 09:01:48 - INFO - [Classification Report - split=test_valcal - threshold=0.63]
2026-09-13 09:01:48 - INFO -                 precision    recall  f1-score   support
2026-09-13 09:01:48 - INFO - 
2026-09-13 09:01:48 - INFO -       safe (0)     0.8451    0.8451    0.8451        71
2026-09-13 09:01:48 - INFO - vulnerable (1)     0.8642    0.8642    0.8642        81
2026-09-13 09:01:48 - INFO - 
2026-09-13 09:01:48 - INFO -       accuracy                         0.8553       152
2026-09-13 09:01:48 - INFO -      macro avg     0.8546    0.8546    0.8546       152
2026-09-13 09:01:48 - INFO -   weighted avg     0.8553    0.8553    0.8553       152
2026-09-13 09:01:48 - INFO - Confusion matrix - [[tn=60, fp=11], [fn=11, tp=70]]
2026-09-13 09:01:48 - INFO - probability_positive min=0.0070 mean=0.5377 std=0.4430 max=0.9996 predicted_0=71 predicted_1=81
2026-09-13 09:01:48 - INFO - [Classification Report - split=test_at_0.5_CWE-022 - threshold=0.50]
2026-09-13 09:01:48 - INFO -                 precision    recall  f1-score   support
2026-09-13 09:01:48 - INFO - 
2026-09-13 09:01:48 - INFO -       safe (0)     0.6667    0.8000    0.7273        10
2026-09-13 09:01:48 - INFO - vulnerable (1)     0.7143    0.5556    0.6250         9
2026-09-13 09:01:48 - INFO - 
2026-09-13 09:01:48 - INFO -       accuracy                         0.6842        19
2026-09-13 09:01:48 - INFO -      macro avg     0.6905    0.6778    0.6761        19
2026-09-13 09:01:48 - INFO -   weighted avg     0.6892    0.6842    0.6788        19
2026-09-13 09:01:48 - INFO - Confusion matrix - [[tn=8, fp=2], [fn=4, tp=5]]
2026-09-13 09:01:48 - INFO - probability_positive min=0.0070 mean=0.3838 std=0.4048 max=0.9891 predicted_0=12 predicted_1=7
2026-09-13 09:01:48 - INFO - [Classification Report - split=test_at_0.5_CWE-078 - threshold=0.50]
2026-09-13 09:01:48 - INFO -                 precision    recall  f1-score   support
2026-09-13 09:01:48 - INFO - 
2026-09-13 09:01:48 - INFO -       safe (0)     0.9167    0.7333    0.8148        15
2026-09-13 09:01:48 - INFO - vulnerable (1)     0.8519    0.9583    0.9020        24
2026-09-13 09:01:48 - INFO - 
2026-09-13 09:01:48 - INFO -       accuracy                         0.8718        39
2026-09-13 09:01:48 - INFO -      macro avg     0.8843    0.8458    0.8584        39
2026-09-13 09:01:48 - INFO -   weighted avg     0.8768    0.8718    0.8684        39
2026-09-13 09:01:48 - INFO - Confusion matrix - [[tn=11, fp=4], [fn=1, tp=23]]
2026-09-13 09:01:48 - INFO - probability_positive min=0.0130 mean=0.6729 std=0.4173 max=0.9995 predicted_0=12 predicted_1=27
2026-09-13 09:01:48 - INFO - [Classification Report - split=test_at_0.5_CWE-079 - threshold=0.50]
2026-09-13 09:01:48 - INFO -                 precision    recall  f1-score   support
2026-09-13 09:01:48 - INFO - 
2026-09-13 09:01:48 - INFO -       safe (0)     0.6667    0.5714    0.6154         7
2026-09-13 09:01:48 - INFO - vulnerable (1)     0.6250    0.7143    0.6667         7
2026-09-13 09:01:48 - INFO - 
2026-09-13 09:01:48 - INFO -       accuracy                         0.6429        14
2026-09-13 09:01:48 - INFO -      macro avg     0.6458    0.6429    0.6410        14
2026-09-13 09:01:48 - INFO -   weighted avg     0.6458    0.6429    0.6410        14
2026-09-13 09:01:48 - INFO - Confusion matrix - [[tn=4, fp=3], [fn=2, tp=5]]
2026-09-13 09:01:48 - INFO - probability_positive min=0.0164 mean=0.5016 std=0.3800 max=0.9958 predicted_0=6 predicted_1=8
2026-09-13 09:01:48 - INFO - [Classification Report - split=test_at_0.5_CWE-089 - threshold=0.50]
2026-09-13 09:01:48 - INFO -                 precision    recall  f1-score   support
2026-09-13 09:01:48 - INFO - 
2026-09-13 09:01:48 - INFO -       safe (0)     0.9231    0.9231    0.9231        39
2026-09-13 09:01:48 - INFO - vulnerable (1)     0.9268    0.9268    0.9268        41
2026-09-13 09:01:48 - INFO - 
2026-09-13 09:01:48 - INFO -       accuracy                         0.9250        80
2026-09-13 09:01:48 - INFO -      macro avg     0.9250    0.9250    0.9250        80
2026-09-13 09:01:48 - INFO -   weighted avg     0.9250    0.9250    0.9250        80
2026-09-13 09:01:48 - INFO - Confusion matrix - [[tn=36, fp=3], [fn=3, tp=38]]
2026-09-13 09:01:48 - INFO - probability_positive min=0.0124 mean=0.5146 std=0.4567 max=0.9996 predicted_0=39 predicted_1=41
2026-09-13 09:01:48 - INFO - [Classification Report - split=test_at_valcal_CWE-022 - threshold=0.63]
2026-09-13 09:01:48 - INFO -                 precision    recall  f1-score   support
2026-09-13 09:01:48 - INFO - 
2026-09-13 09:01:48 - INFO -       safe (0)     0.6667    0.8000    0.7273        10
2026-09-13 09:01:48 - INFO - vulnerable (1)     0.7143    0.5556    0.6250         9
2026-09-13 09:01:48 - INFO - 
2026-09-13 09:01:48 - INFO -       accuracy                         0.6842        19
2026-09-13 09:01:48 - INFO -      macro avg     0.6905    0.6778    0.6761        19
2026-09-13 09:01:48 - INFO -   weighted avg     0.6892    0.6842    0.6788        19
2026-09-13 09:01:48 - INFO - Confusion matrix - [[tn=8, fp=2], [fn=4, tp=5]]
2026-09-13 09:01:48 - INFO - probability_positive min=0.0070 mean=0.3838 std=0.4048 max=0.9891 predicted_0=12 predicted_1=7
2026-09-13 09:01:48 - INFO - [Classification Report - split=test_at_valcal_CWE-078 - threshold=0.63]
2026-09-13 09:01:48 - INFO -                 precision    recall  f1-score   support
2026-09-13 09:01:48 - INFO - 
2026-09-13 09:01:48 - INFO -       safe (0)     0.8462    0.7333    0.7857        15
2026-09-13 09:01:48 - INFO - vulnerable (1)     0.8462    0.9167    0.8800        24
2026-09-13 09:01:48 - INFO - 
2026-09-13 09:01:48 - INFO -       accuracy                         0.8462        39
2026-09-13 09:01:48 - INFO -      macro avg     0.8462    0.8250    0.8329        39
2026-09-13 09:01:48 - INFO -   weighted avg     0.8462    0.8462    0.8437        39
2026-09-13 09:01:48 - INFO - Confusion matrix - [[tn=11, fp=4], [fn=2, tp=22]]
2026-09-13 09:01:48 - INFO - probability_positive min=0.0130 mean=0.6729 std=0.4173 max=0.9995 predicted_0=13 predicted_1=26
2026-09-13 09:01:48 - INFO - [Classification Report - split=test_at_valcal_CWE-079 - threshold=0.63]
2026-09-13 09:01:48 - INFO -                 precision    recall  f1-score   support
2026-09-13 09:01:48 - INFO - 
2026-09-13 09:01:48 - INFO -       safe (0)     0.6667    0.5714    0.6154         7
2026-09-13 09:01:48 - INFO - vulnerable (1)     0.6250    0.7143    0.6667         7
2026-09-13 09:01:48 - INFO - 
2026-09-13 09:01:48 - INFO -       accuracy                         0.6429        14
2026-09-13 09:01:48 - INFO -      macro avg     0.6458    0.6429    0.6410        14
2026-09-13 09:01:48 - INFO -   weighted avg     0.6458    0.6429    0.6410        14
2026-09-13 09:01:48 - INFO - Confusion matrix - [[tn=4, fp=3], [fn=2, tp=5]]
2026-09-13 09:01:48 - INFO - probability_positive min=0.0164 mean=0.5016 std=0.3800 max=0.9958 predicted_0=6 predicted_1=8
2026-09-13 09:01:48 - INFO - [Classification Report - split=test_at_valcal_CWE-089 - threshold=0.63]
2026-09-13 09:01:48 - INFO -                 precision    recall  f1-score   support
2026-09-13 09:01:48 - INFO - 
2026-09-13 09:01:48 - INFO -       safe (0)     0.9250    0.9487    0.9367        39
2026-09-13 09:01:48 - INFO - vulnerable (1)     0.9500    0.9268    0.9383        41
2026-09-13 09:01:48 - INFO - 
2026-09-13 09:01:48 - INFO -       accuracy                         0.9375        80
2026-09-13 09:01:48 - INFO -      macro avg     0.9375    0.9378    0.9375        80
2026-09-13 09:01:48 - INFO -   weighted avg     0.9378    0.9375    0.9375        80
2026-09-13 09:01:48 - INFO - Confusion matrix - [[tn=37, fp=2], [fn=3, tp=38]]
2026-09-13 09:01:48 - INFO - probability_positive min=0.0124 mean=0.5146 std=0.4567 max=0.9996 predicted_0=40 predicted_1=40
2026-09-13 09:01:48 - INFO - Test result saved: results/fus1_codebert/transfer_latent_bottleneck_com_l0p05_ad48_fusfrz_adamw/seed_42/fold1.json
2026-09-13 09:01:48 - INFO - Run finished | Phase: test | Fold: 1 | Seed: 42 | Elapsed: 7.85s
2026-09-13 09:07:03 - INFO - Using device: cuda
2026-09-13 09:07:03 - INFO - Run started | Run: fus1_codebert | Method: transfer_latent_bottleneck_com_l0p05_ad48_fusfrz_adamw | Phase: phase2 | Fold: 1 | Seed: 42 | Device: cuda
2026-09-13 09:07:03 - INFO - Loading Python training data: data/sven_python_folds_norm/fold1/train.jsonl
2026-09-13 09:07:03 - INFO - Loading Python validation data: data/sven_python_folds_norm/fold1/val.jsonl
2026-09-13 09:07:03 - INFO - Data split: python_train | Total: 456 | Labels: {0: 235, 1: 221} | CWEs: {'CWE-022': 39, 'CWE-078': 123, 'CWE-079': 49, 'CWE-089': 245} | Languages: {'python': 456} | Invalid CWE: 0
2026-09-13 09:07:03 - INFO - Data split: python_val | Total: 152 | Labels: {0: 74, 1: 78} | CWEs: {'CWE-022': 8, 'CWE-078': 42, 'CWE-079': 19, 'CWE-089': 83} | Languages: {'python': 152} | Invalid CWE: 0
2026-09-13 09:07:04 - INFO - Auxiliary head width taken from checkpoint: 10
2026-09-13 09:07:05 - INFO - Dung lai adapter tu checkpoint | ten=['src'] | dim=48 | fusion=False
2026-09-13 09:07:05 - INFO - Loaded source checkpoint: model/fus1/phase1/codebert__latent_bottleneck_com_l0p05_ad48/seed_42/best.pt | Best epoch: 11 | Best Val Macro-F1: 0.558316
2026-09-13 09:07:05 - INFO - ADAPTER FUSION BAT | che do=frozen | 12 lop | dim=48 | mo 22148162 tham so, khoa 125546402 | adapter nguon DONG BANG (0 tham so mo)
2026-09-13 09:07:05 - INFO - lambda_cwe: CLI Pha 2 = 0.2 (khong dung o Pha 2) | Pha 1 that = 0.05 — ghi theo Pha 1
2026-09-13 09:07:05 - INFO - Phase 2 optimizer: AdamW | nhom ADAPTER rieng: 22146624 tham so o lr 0.0001 (backbone/head o 2e-05)
2026-09-13 09:07:05 - INFO - Environment: {"components": {"backbone": {"frozen": 125540160, "total": 147686784, "trainable": 22146624}, "cwe_head": {"frozen": 90, "total": 90, "trainable": 0}, "latent_proj": {"frozen": 6152, "total": 6152, "trainable": 0}, "vul_head": {"frozen": 0, "total": 1538, "trainable": 1538}}, "cuda": "12.8", "fold": 1, "frozen_parameters": 125546402, "gpu": "NVIDIA GeForce RTX 5060 Ti", "hyperparameters": {"adamw_anneal_lr": false, "adapter_dim": 0, "adapter_lr": 0.0001, "anneal_fun": "sigmoid", "anneal_k": 0.05, "anneal_t0_ratio": 0.05, "anneal_t0_steps": 43, "anneal_w": 1.0, "asam_eta": 0.01, "aux_class_balanced": false, "aux_mode": "latent_bottleneck", "aux_weight_lr": 0.01, "aux_weight_mode": "fixed", "batch_size": 16, "checkpoint_path": "model/fus1_codebert/transfer_latent_bottleneck_com_l0p05_ad48_fusfrz_adamw/seed_42/fold1/best.pt", "cwe_vocab": "precomputed", "data_path": "data/train_ccpp_filtered.jsonl", "data_root": "data/sven_python_folds_norm", "epochs": 30, "eval_batch_size": 16, "feat_distill_beta": 0.0, "feat_distill_mode": "cos", "fisher_path": null, "fold": 1, "freeze_backbone_layers": 0, "freeze_prototypes_steps": 0, "fusion_frozen_params": 125546402, "fusion_trainable_params": 22148162, "lambda_cwe": 0.05, "lambda_cwe_phase2_cli": 0.2, "latent_temperature": 0.1, "learning_rate": 2e-05, "lora_rank": 0, "lp_epochs": 0, "lp_learning_rate": 0.001, "max_eval_samples": null, "max_grad_norm": 1.0, "max_length": 512, "max_train_samples": null, "method_name": "transfer_latent_bottleneck_com_l0p05_ad48_fusfrz_adamw", "min_epochs": 3, "model_name": "microsoft/codebert-base", "num_cwes": 10, "num_latent": 8, "num_workers": 0, "output_dir": "results/fus1_codebert/transfer_latent_bottleneck_com_l0p05_ad48_fusfrz_adamw", "patience": 5, "phase": "phase2", "phase2_fusion": "frozen", "phase2_gate": "off", "phase2_gate_alpha": 0.3, "phase2_gate_init": 0.0, "phase2_gate_lr": 0.01, "phase2_gate_proj": "learned", "phase2_lambda_cwe": 0.0, "phase2_optimizer": "adamw", "phase2_reinit_head": false, "phase2_steps_per_epoch": 29, "phase2_total_steps": 870, "pooling": "cls", "pretrain_cof": 5000.0, "recadam_anchor": "source", "recadam_anchor_head": "source", "replay_batch_size": 0, "replay_cwe_vocab": "fixed4", "replay_data": null, "replay_epochs": 0, "replay_lambda_cwe": 0.0, "replay_mu": 0.0, "replay_stratify": false, "result_path": "results/fus1_codebert/transfer_latent_bottleneck_com_l0p05_ad48_fusfrz_adamw/seed_42/fold1.json", "run_name": "fus1_codebert", "sam_rho": 0.0, "sam_variant": "sam", "seed": 42, "selection_metric": "macro_f1", "source_best_epoch": 11, "source_best_val_macro_f1": 0.5583160800552105, "source_checkpoint": "model/fus1/phase1/codebert__latent_bottleneck_com_l0p05_ad48/seed_42/best.pt", "source_eval_data": null, "source_interp_grid": null, "source_interpolation": 1.0, "source_lambda_cwe": 0.05, "source_sam_rho": 0.0, "spd_lambda": 1.0, "spd_replace_wd": false, "strict_determinism": false, "target_lang": "python", "test_path": null, "train_path": null, "truncation_strategy": "head_middle_tail", "val_path": null, "weight_decay": 0.01}, "mode": "phase2_train", "model_name": "microsoft/codebert-base", "seed": 42, "sklearn": "1.7.2", "torch": "2.11.0+cu128", "trainable_parameters": 22148162, "transformers": "4.57.1"}
2026-09-13 09:07:05 - INFO - Training started | Phase: phase2 | Epochs: 30
2026-09-13 09:07:06 - INFO - RecAdam first-step safety checks passed
2026-09-13 09:07:23 - INFO - Epoch 1/30 | Train loss: 0.602347 | Val loss: 0.487280 | LR: 2.00e-05 | Best epoch: 1 | Patience: 0 | Train: 15.49s | Validation: 2.13s | Epoch: 18.10s | Total: 18.10s
2026-09-13 09:07:23 - INFO - [Classification Report - split=train epoch=1 - threshold=0.50]
2026-09-13 09:07:23 - INFO -                 precision    recall  f1-score   support
2026-09-13 09:07:23 - INFO - 
2026-09-13 09:07:23 - INFO -       safe (0)     0.6835    0.6894    0.6864       235
2026-09-13 09:07:23 - INFO - vulnerable (1)     0.6667    0.6606    0.6636       221
2026-09-13 09:07:23 - INFO - 
2026-09-13 09:07:23 - INFO -       accuracy                         0.6754       456
2026-09-13 09:07:23 - INFO -      macro avg     0.6751    0.6750    0.6750       456
2026-09-13 09:07:23 - INFO -   weighted avg     0.6754    0.6754    0.6754       456
2026-09-13 09:07:23 - INFO - Confusion matrix - [[tn=162, fp=73], [fn=75, tp=146]]
2026-09-13 09:07:23 - INFO - probability_positive min=0.0028 mean=0.4957 std=0.2843 max=0.9986 predicted_0=237 predicted_1=219
2026-09-13 09:07:23 - INFO - [Classification Report - split=validation epoch=1 - threshold=0.50]
2026-09-13 09:07:23 - INFO -                 precision    recall  f1-score   support
2026-09-13 09:07:23 - INFO - 
2026-09-13 09:07:23 - INFO -       safe (0)     0.6914    0.7568    0.7226        74
2026-09-13 09:07:23 - INFO - vulnerable (1)     0.7465    0.6795    0.7114        78
2026-09-13 09:07:23 - INFO - 
2026-09-13 09:07:23 - INFO -       accuracy                         0.7171       152
2026-09-13 09:07:23 - INFO -      macro avg     0.7189    0.7181    0.7170       152
2026-09-13 09:07:23 - INFO -   weighted avg     0.7196    0.7171    0.7168       152
2026-09-13 09:07:23 - INFO - Confusion matrix - [[tn=56, fp=18], [fn=25, tp=53]]
2026-09-13 09:07:23 - INFO - probability_positive min=0.0027 mean=0.4362 std=0.3645 max=0.9988 predicted_0=81 predicted_1=71
2026-09-13 09:07:23 - INFO - New best model | Macro-F1: 0.716995 | Epoch: 1
2026-09-13 09:07:42 - INFO - Epoch 2/30 | Train loss: 0.435041 | Val loss: 0.445196 | LR: 2.00e-05 | Best epoch: 2 | Patience: 0 | Train: 15.05s | Validation: 2.14s | Epoch: 18.06s | Total: 36.18s
2026-09-13 09:07:42 - INFO - [Classification Report - split=train epoch=2 - threshold=0.50]
2026-09-13 09:07:42 - INFO -                 precision    recall  f1-score   support
2026-09-13 09:07:42 - INFO - 
2026-09-13 09:07:42 - INFO -       safe (0)     0.8201    0.8340    0.8270       235
2026-09-13 09:07:42 - INFO - vulnerable (1)     0.8203    0.8054    0.8128       221
2026-09-13 09:07:42 - INFO - 
2026-09-13 09:07:42 - INFO -       accuracy                         0.8202       456
2026-09-13 09:07:42 - INFO -      macro avg     0.8202    0.8197    0.8199       456
2026-09-13 09:07:42 - INFO -   weighted avg     0.8202    0.8202    0.8201       456
2026-09-13 09:07:42 - INFO - Confusion matrix - [[tn=196, fp=39], [fn=43, tp=178]]
2026-09-13 09:07:42 - INFO - probability_positive min=0.0048 mean=0.4921 std=0.3680 max=0.9990 predicted_0=239 predicted_1=217
2026-09-13 09:07:42 - INFO - [Classification Report - split=validation epoch=2 - threshold=0.50]
2026-09-13 09:07:42 - INFO -                 precision    recall  f1-score   support
2026-09-13 09:07:42 - INFO - 
2026-09-13 09:07:42 - INFO -       safe (0)     0.7303    0.8784    0.7975        74
2026-09-13 09:07:42 - INFO - vulnerable (1)     0.8571    0.6923    0.7660        78
2026-09-13 09:07:42 - INFO - 
2026-09-13 09:07:42 - INFO -       accuracy                         0.7829       152
2026-09-13 09:07:42 - INFO -      macro avg     0.7937    0.7853    0.7818       152
2026-09-13 09:07:42 - INFO -   weighted avg     0.7954    0.7829    0.7813       152
2026-09-13 09:07:42 - INFO - Confusion matrix - [[tn=65, fp=9], [fn=24, tp=54]]
2026-09-13 09:07:42 - INFO - probability_positive min=0.0021 mean=0.4085 std=0.3779 max=0.9982 predicted_0=89 predicted_1=63
2026-09-13 09:07:42 - INFO - New best model | Macro-F1: 0.781752 | Epoch: 2
2026-09-13 09:08:00 - INFO - Epoch 3/30 | Train loss: 0.262471 | Val loss: 0.413967 | LR: 2.00e-05 | Best epoch: 3 | Patience: 0 | Train: 15.07s | Validation: 2.13s | Epoch: 18.08s | Total: 54.28s
2026-09-13 09:08:00 - INFO - [Classification Report - split=train epoch=3 - threshold=0.50]
2026-09-13 09:08:00 - INFO -                 precision    recall  f1-score   support
2026-09-13 09:08:00 - INFO - 
2026-09-13 09:08:00 - INFO -       safe (0)     0.9039    0.8809    0.8922       235
2026-09-13 09:08:00 - INFO - vulnerable (1)     0.8767    0.9005    0.8884       221
2026-09-13 09:08:00 - INFO - 
2026-09-13 09:08:00 - INFO -       accuracy                         0.8904       456
2026-09-13 09:08:00 - INFO -      macro avg     0.8903    0.8907    0.8903       456
2026-09-13 09:08:00 - INFO -   weighted avg     0.8907    0.8904    0.8904       456
2026-09-13 09:08:00 - INFO - Confusion matrix - [[tn=207, fp=28], [fn=22, tp=199]]
2026-09-13 09:08:00 - INFO - probability_positive min=0.0013 mean=0.4825 std=0.4240 max=0.9990 predicted_0=229 predicted_1=227
2026-09-13 09:08:00 - INFO - [Classification Report - split=validation epoch=3 - threshold=0.50]
2026-09-13 09:08:00 - INFO -                 precision    recall  f1-score   support
2026-09-13 09:08:00 - INFO - 
2026-09-13 09:08:00 - INFO -       safe (0)     0.8553    0.8784    0.8667        74
2026-09-13 09:08:00 - INFO - vulnerable (1)     0.8816    0.8590    0.8701        78
2026-09-13 09:08:00 - INFO - 
2026-09-13 09:08:00 - INFO -       accuracy                         0.8684       152
2026-09-13 09:08:00 - INFO -      macro avg     0.8684    0.8687    0.8684       152
2026-09-13 09:08:00 - INFO -   weighted avg     0.8688    0.8684    0.8684       152
2026-09-13 09:08:00 - INFO - Confusion matrix - [[tn=65, fp=9], [fn=11, tp=67]]
2026-09-13 09:08:00 - INFO - probability_positive min=0.0067 mean=0.5012 std=0.4367 max=0.9995 predicted_0=76 predicted_1=76
2026-09-13 09:08:00 - INFO - New best model | Macro-F1: 0.868398 | Epoch: 3
2026-09-13 09:08:17 - INFO - Epoch 4/30 | Train loss: 0.187346 | Val loss: 0.545670 | LR: 2.00e-05 | Best epoch: 3 | Patience: 1 | Train: 15.10s | Validation: 2.14s | Epoch: 17.23s | Total: 71.54s
2026-09-13 09:08:17 - INFO - [Classification Report - split=train epoch=4 - threshold=0.50]
2026-09-13 09:08:17 - INFO -                 precision    recall  f1-score   support
2026-09-13 09:08:17 - INFO - 
2026-09-13 09:08:17 - INFO -       safe (0)     0.9397    0.9277    0.9336       235
2026-09-13 09:08:17 - INFO - vulnerable (1)     0.9241    0.9367    0.9303       221
2026-09-13 09:08:17 - INFO - 
2026-09-13 09:08:17 - INFO -       accuracy                         0.9320       456
2026-09-13 09:08:17 - INFO -      macro avg     0.9319    0.9322    0.9320       456
2026-09-13 09:08:17 - INFO -   weighted avg     0.9321    0.9320    0.9320       456
2026-09-13 09:08:17 - INFO - Confusion matrix - [[tn=218, fp=17], [fn=14, tp=207]]
2026-09-13 09:08:17 - INFO - probability_positive min=0.0008 mean=0.4913 std=0.4500 max=0.9999 predicted_0=232 predicted_1=224
2026-09-13 09:08:17 - INFO - [Classification Report - split=validation epoch=4 - threshold=0.50]
2026-09-13 09:08:17 - INFO -                 precision    recall  f1-score   support
2026-09-13 09:08:17 - INFO - 
2026-09-13 09:08:17 - INFO -       safe (0)     0.8333    0.8784    0.8553        74
2026-09-13 09:08:17 - INFO - vulnerable (1)     0.8784    0.8333    0.8553        78
2026-09-13 09:08:17 - INFO - 
2026-09-13 09:08:17 - INFO -       accuracy                         0.8553       152
2026-09-13 09:08:17 - INFO -      macro avg     0.8559    0.8559    0.8553       152
2026-09-13 09:08:17 - INFO -   weighted avg     0.8564    0.8553    0.8553       152
2026-09-13 09:08:17 - INFO - Confusion matrix - [[tn=65, fp=9], [fn=13, tp=65]]
2026-09-13 09:08:17 - INFO - probability_positive min=0.0018 mean=0.4748 std=0.4513 max=0.9998 predicted_0=78 predicted_1=74
2026-09-13 09:08:34 - INFO - Epoch 5/30 | Train loss: 0.204258 | Val loss: 0.670710 | LR: 2.00e-05 | Best epoch: 3 | Patience: 2 | Train: 15.08s | Validation: 2.14s | Epoch: 17.22s | Total: 88.77s
2026-09-13 09:08:34 - INFO - [Classification Report - split=train epoch=5 - threshold=0.50]
2026-09-13 09:08:34 - INFO -                 precision    recall  f1-score   support
2026-09-13 09:08:34 - INFO - 
2026-09-13 09:08:34 - INFO -       safe (0)     0.9399    0.9319    0.9359       235
2026-09-13 09:08:34 - INFO - vulnerable (1)     0.9283    0.9367    0.9324       221
2026-09-13 09:08:34 - INFO - 
2026-09-13 09:08:34 - INFO -       accuracy                         0.9342       456
2026-09-13 09:08:34 - INFO -      macro avg     0.9341    0.9343    0.9342       456
2026-09-13 09:08:34 - INFO -   weighted avg     0.9343    0.9342    0.9342       456
2026-09-13 09:08:34 - INFO - Confusion matrix - [[tn=219, fp=16], [fn=14, tp=207]]
2026-09-13 09:08:34 - INFO - probability_positive min=0.0012 mean=0.4910 std=0.4608 max=0.9999 predicted_0=233 predicted_1=223
2026-09-13 09:08:34 - INFO - [Classification Report - split=validation epoch=5 - threshold=0.50]
2026-09-13 09:08:34 - INFO -                 precision    recall  f1-score   support
2026-09-13 09:08:34 - INFO - 
2026-09-13 09:08:34 - INFO -       safe (0)     0.7952    0.8919    0.8408        74
2026-09-13 09:08:34 - INFO - vulnerable (1)     0.8841    0.7821    0.8299        78
2026-09-13 09:08:34 - INFO - 
2026-09-13 09:08:34 - INFO -       accuracy                         0.8355       152
2026-09-13 09:08:34 - INFO -      macro avg     0.8396    0.8370    0.8353       152
2026-09-13 09:08:34 - INFO -   weighted avg     0.8408    0.8355    0.8352       152
2026-09-13 09:08:34 - INFO - Confusion matrix - [[tn=66, fp=8], [fn=17, tp=61]]
2026-09-13 09:08:34 - INFO - probability_positive min=0.0004 mean=0.4466 std=0.4603 max=0.9999 predicted_0=83 predicted_1=69
2026-09-13 09:08:51 - INFO - Epoch 6/30 | Train loss: 0.161018 | Val loss: 0.888307 | LR: 2.00e-05 | Best epoch: 3 | Patience: 3 | Train: 15.09s | Validation: 2.14s | Epoch: 17.23s | Total: 106.01s
2026-09-13 09:08:51 - INFO - [Classification Report - split=train epoch=6 - threshold=0.50]
2026-09-13 09:08:51 - INFO -                 precision    recall  f1-score   support
2026-09-13 09:08:51 - INFO - 
2026-09-13 09:08:51 - INFO -       safe (0)     0.9492    0.9532    0.9512       235
2026-09-13 09:08:51 - INFO - vulnerable (1)     0.9500    0.9457    0.9478       221
2026-09-13 09:08:51 - INFO - 
2026-09-13 09:08:51 - INFO -       accuracy                         0.9496       456
2026-09-13 09:08:51 - INFO -      macro avg     0.9496    0.9494    0.9495       456
2026-09-13 09:08:51 - INFO -   weighted avg     0.9496    0.9496    0.9496       456
2026-09-13 09:08:51 - INFO - Confusion matrix - [[tn=224, fp=11], [fn=12, tp=209]]
2026-09-13 09:08:51 - INFO - probability_positive min=0.0001 mean=0.4784 std=0.4823 max=1.0000 predicted_0=236 predicted_1=220
2026-09-13 09:08:51 - INFO - [Classification Report - split=validation epoch=6 - threshold=0.50]
2026-09-13 09:08:51 - INFO -                 precision    recall  f1-score   support
2026-09-13 09:08:51 - INFO - 
2026-09-13 09:08:51 - INFO -       safe (0)     0.7882    0.9054    0.8428        74
2026-09-13 09:08:51 - INFO - vulnerable (1)     0.8955    0.7692    0.8276        78
2026-09-13 09:08:51 - INFO - 
2026-09-13 09:08:51 - INFO -       accuracy                         0.8355       152
2026-09-13 09:08:51 - INFO -      macro avg     0.8419    0.8373    0.8352       152
2026-09-13 09:08:51 - INFO -   weighted avg     0.8433    0.8355    0.8350       152
2026-09-13 09:08:51 - INFO - Confusion matrix - [[tn=67, fp=7], [fn=18, tp=60]]
2026-09-13 09:08:51 - INFO - probability_positive min=0.0001 mean=0.4455 std=0.4791 max=1.0000 predicted_0=85 predicted_1=67
2026-09-13 09:09:09 - INFO - Epoch 7/30 | Train loss: 0.158703 | Val loss: 0.936354 | LR: 2.00e-05 | Best epoch: 3 | Patience: 4 | Train: 15.10s | Validation: 2.15s | Epoch: 17.25s | Total: 123.27s
2026-09-13 09:09:09 - INFO - [Classification Report - split=train epoch=7 - threshold=0.50]
2026-09-13 09:09:09 - INFO -                 precision    recall  f1-score   support
2026-09-13 09:09:09 - INFO - 
2026-09-13 09:09:09 - INFO -       safe (0)     0.9496    0.9617    0.9556       235
2026-09-13 09:09:09 - INFO - vulnerable (1)     0.9587    0.9457    0.9522       221
2026-09-13 09:09:09 - INFO - 
2026-09-13 09:09:09 - INFO -       accuracy                         0.9539       456
2026-09-13 09:09:09 - INFO -      macro avg     0.9541    0.9537    0.9539       456
2026-09-13 09:09:09 - INFO -   weighted avg     0.9540    0.9539    0.9539       456
2026-09-13 09:09:09 - INFO - Confusion matrix - [[tn=226, fp=9], [fn=12, tp=209]]
2026-09-13 09:09:09 - INFO - probability_positive min=0.0001 mean=0.4779 std=0.4878 max=1.0000 predicted_0=238 predicted_1=218
2026-09-13 09:09:09 - INFO - [Classification Report - split=validation epoch=7 - threshold=0.50]
2026-09-13 09:09:09 - INFO -                 precision    recall  f1-score   support
2026-09-13 09:09:09 - INFO - 
2026-09-13 09:09:09 - INFO -       safe (0)     0.7586    0.8919    0.8199        74
2026-09-13 09:09:09 - INFO - vulnerable (1)     0.8769    0.7308    0.7972        78
2026-09-13 09:09:09 - INFO - 
2026-09-13 09:09:09 - INFO -       accuracy                         0.8092       152
2026-09-13 09:09:09 - INFO -      macro avg     0.8178    0.8113    0.8085       152
2026-09-13 09:09:09 - INFO -   weighted avg     0.8193    0.8092    0.8082       152
2026-09-13 09:09:09 - INFO - Confusion matrix - [[tn=66, fp=8], [fn=21, tp=57]]
2026-09-13 09:09:09 - INFO - probability_positive min=0.0004 mean=0.4375 std=0.4786 max=1.0000 predicted_0=87 predicted_1=65
2026-09-13 09:09:26 - INFO - Epoch 8/30 | Train loss: 0.159214 | Val loss: 1.294839 | LR: 2.00e-05 | Best epoch: 3 | Patience: 5 | Train: 15.09s | Validation: 2.15s | Epoch: 17.24s | Total: 140.51s
2026-09-13 09:09:26 - INFO - [Classification Report - split=train epoch=8 - threshold=0.50]
2026-09-13 09:09:26 - INFO -                 precision    recall  f1-score   support
2026-09-13 09:09:26 - INFO - 
2026-09-13 09:09:26 - INFO -       safe (0)     0.9576    0.9617    0.9597       235
2026-09-13 09:09:26 - INFO - vulnerable (1)     0.9591    0.9548    0.9569       221
2026-09-13 09:09:26 - INFO - 
2026-09-13 09:09:26 - INFO -       accuracy                         0.9583       456
2026-09-13 09:09:26 - INFO -      macro avg     0.9584    0.9582    0.9583       456
2026-09-13 09:09:26 - INFO -   weighted avg     0.9583    0.9583    0.9583       456
2026-09-13 09:09:26 - INFO - Confusion matrix - [[tn=226, fp=9], [fn=10, tp=211]]
2026-09-13 09:09:26 - INFO - probability_positive min=0.0000 mean=0.4823 std=0.4910 max=1.0000 predicted_0=236 predicted_1=220
2026-09-13 09:09:26 - INFO - [Classification Report - split=validation epoch=8 - threshold=0.50]
2026-09-13 09:09:26 - INFO -                 precision    recall  f1-score   support
2026-09-13 09:09:26 - INFO - 
2026-09-13 09:09:26 - INFO -       safe (0)     0.7363    0.9054    0.8121        74
2026-09-13 09:09:26 - INFO - vulnerable (1)     0.8852    0.6923    0.7770        78
2026-09-13 09:09:26 - INFO - 
2026-09-13 09:09:26 - INFO -       accuracy                         0.7961       152
2026-09-13 09:09:26 - INFO -      macro avg     0.8108    0.7989    0.7945       152
2026-09-13 09:09:26 - INFO -   weighted avg     0.8127    0.7961    0.7941       152
2026-09-13 09:09:26 - INFO - Confusion matrix - [[tn=67, fp=7], [fn=24, tp=54]]
2026-09-13 09:09:26 - INFO - probability_positive min=0.0000 mean=0.3977 std=0.4788 max=1.0000 predicted_0=91 predicted_1=61
2026-09-13 09:09:26 - INFO - Early stopping | Epoch: 8 | Best epoch: 3
2026-09-13 09:09:26 - INFO - Best checkpoint saved | Path: model/fus1_codebert/transfer_latent_bottleneck_com_l0p05_ad48_fusfrz_adamw/seed_42/fold1/best.pt | Epoch: 3 | Val macro_f1: 0.868398
2026-09-13 09:09:26 - INFO - Training finished | Elapsed: 140.53s
2026-09-13 09:09:26 - INFO - Runtime ghi lai | model/fus1_codebert/transfer_latent_bottleneck_com_l0p05_ad48_fusfrz_adamw/seed_42/fold1/best.pt.runtime.json | 8 epoch | 17.6s/epoch | NVIDIA GeForce RTX 5060 Ti
2026-09-13 09:09:26 - INFO - Run finished | Phase: phase2 | Fold: 1 | Seed: 42 | Elapsed: 143.11s
2026-09-13 09:09:33 - INFO - Using device: cuda
2026-09-13 09:09:33 - INFO - Run started | Run: fus1_codebert | Method: transfer_latent_bottleneck_com_l0p05_ad48_fusfrz_adamw | Phase: test | Fold: 1 | Seed: 42 | Device: cuda
2026-09-13 09:09:33 - INFO - Loading Python validation data: data/sven_python_folds_norm/fold1/val.jsonl
2026-09-13 09:09:33 - INFO - Loading Python test data: data/sven_python_folds_norm/fold1/test.jsonl
2026-09-13 09:09:33 - INFO - Data split: python_val | Total: 152 | Labels: {0: 74, 1: 78} | CWEs: {'CWE-022': 8, 'CWE-078': 42, 'CWE-079': 19, 'CWE-089': 83} | Languages: {'python': 152} | Invalid CWE: 0
2026-09-13 09:09:33 - INFO - Data split: python_test | Total: 152 | Labels: {0: 71, 1: 81} | CWEs: {'CWE-022': 19, 'CWE-078': 39, 'CWE-079': 14, 'CWE-089': 80} | Languages: {'python': 152} | Invalid CWE: 0
2026-09-13 09:09:33 - INFO - Auxiliary head width taken from checkpoint: 10
2026-09-13 09:09:35 - INFO - Dung lai adapter tu checkpoint | ten=['src', 'tgt'] | dim=48 | fusion=True
2026-09-13 09:09:35 - INFO - Environment: {"components": {"backbone": {"frozen": 0, "total": 147686784, "trainable": 147686784}, "cwe_head": {"frozen": 90, "total": 90, "trainable": 0}, "latent_proj": {"frozen": 6152, "total": 6152, "trainable": 0}, "vul_head": {"frozen": 0, "total": 1538, "trainable": 1538}}, "cuda": "12.8", "fold": 1, "frozen_parameters": 6242, "gpu": "NVIDIA GeForce RTX 5060 Ti", "hyperparameters": {"adamw_anneal_lr": false, "adapter_dim": 0, "adapter_lr": 0.0001, "anneal_fun": "sigmoid", "anneal_k": 0.05, "anneal_t0_ratio": 0.05, "anneal_w": 1.0, "asam_eta": 0.01, "aux_class_balanced": false, "aux_mode": "latent_bottleneck", "aux_weight_lr": 0.01, "aux_weight_mode": "fixed", "batch_size": 16, "checkpoint_path": "model/fus1_codebert/transfer_latent_bottleneck_com_l0p05_ad48_fusfrz_adamw/seed_42/fold1/best.pt", "cwe_vocab": "precomputed", "data_path": "data/train_ccpp_filtered.jsonl", "data_root": "data/sven_python_folds_norm", "epochs": 10, "eval_batch_size": 16, "feat_distill_beta": 0.0, "feat_distill_mode": "cos", "fisher_path": null, "fold": 1, "freeze_backbone_layers": 0, "freeze_prototypes_steps": 0, "lambda_cwe": 0.2, "latent_temperature": 0.1, "learning_rate": 2e-05, "lora_rank": 0, "lp_epochs": 0, "lp_learning_rate": 0.001, "max_eval_samples": null, "max_grad_norm": 1.0, "max_length": 512, "max_train_samples": null, "method_name": "transfer_latent_bottleneck_com_l0p05_ad48_fusfrz_adamw", "min_epochs": 3, "model_name": "microsoft/codebert-base", "num_cwes": 10, "num_latent": 8, "num_workers": 0, "output_dir": "results/fus1_codebert/transfer_latent_bottleneck_com_l0p05_ad48_fusfrz_adamw", "patience": 5, "phase": "test", "phase2_fusion": "off", "phase2_gate": "off", "phase2_gate_alpha": 0.3, "phase2_gate_init": 0.0, "phase2_gate_lr": 0.01, "phase2_gate_proj": "learned", "phase2_lambda_cwe": 0.0, "phase2_optimizer": "recadam", "phase2_reinit_head": false, "pooling": "cls", "pretrain_cof": 5000.0, "recadam_anchor": "source", "recadam_anchor_head": "source", "replay_batch_size": 0, "replay_cwe_vocab": "fixed4", "replay_data": null, "replay_epochs": 0, "replay_lambda_cwe": 0.0, "replay_mu": 0.0, "replay_stratify": false, "result_path": "results/fus1_codebert/transfer_latent_bottleneck_com_l0p05_ad48_fusfrz_adamw/seed_42/fold1.json", "run_name": "fus1_codebert", "sam_rho": 0.0, "sam_variant": "sam", "seed": 42, "selection_metric": "macro_f1", "source_checkpoint": null, "source_eval_data": null, "source_interp_grid": null, "source_interpolation": 1.0, "spd_lambda": 1.0, "spd_replace_wd": false, "strict_determinism": false, "target_lang": "python", "test_path": null, "train_path": null, "truncation_strategy": "head_middle_tail", "val_path": null, "weight_decay": 0.01}, "mode": "test_inference_no_optimizer", "model_name": "microsoft/codebert-base", "seed": 42, "sklearn": "1.7.2", "torch": "2.11.0+cu128", "trainable_parameters": 147688322, "transformers": "4.57.1"}
2026-09-13 09:09:38 - INFO - Evaluation time | Split: validation+threshold | Seconds: 2.96
2026-09-13 09:09:38 - INFO - [Classification Report - split=validation - threshold=0.50]
2026-09-13 09:09:38 - INFO -                 precision    recall  f1-score   support
2026-09-13 09:09:38 - INFO - 
2026-09-13 09:09:38 - INFO -       safe (0)     0.8553    0.8784    0.8667        74
2026-09-13 09:09:38 - INFO - vulnerable (1)     0.8816    0.8590    0.8701        78
2026-09-13 09:09:38 - INFO - 
2026-09-13 09:09:38 - INFO -       accuracy                         0.8684       152
2026-09-13 09:09:38 - INFO -      macro avg     0.8684    0.8687    0.8684       152
2026-09-13 09:09:38 - INFO -   weighted avg     0.8688    0.8684    0.8684       152
2026-09-13 09:09:38 - INFO - Confusion matrix - [[tn=65, fp=9], [fn=11, tp=67]]
2026-09-13 09:09:38 - INFO - probability_positive min=0.0067 mean=0.5012 std=0.4367 max=0.9995 predicted_0=76 predicted_1=76
2026-09-13 09:09:38 - INFO - [Classification Report - split=validation_calibrated - threshold=0.43]
2026-09-13 09:09:38 - INFO -                 precision    recall  f1-score   support
2026-09-13 09:09:38 - INFO - 
2026-09-13 09:09:38 - INFO -       safe (0)     0.8904    0.8784    0.8844        74
2026-09-13 09:09:38 - INFO - vulnerable (1)     0.8861    0.8974    0.8917        78
2026-09-13 09:09:38 - INFO - 
2026-09-13 09:09:38 - INFO -       accuracy                         0.8882       152
2026-09-13 09:09:38 - INFO -      macro avg     0.8882    0.8879    0.8880       152
2026-09-13 09:09:38 - INFO -   weighted avg     0.8882    0.8882    0.8881       152
2026-09-13 09:09:38 - INFO - Confusion matrix - [[tn=65, fp=9], [fn=8, tp=70]]
2026-09-13 09:09:38 - INFO - probability_positive min=0.0067 mean=0.5012 std=0.4367 max=0.9995 predicted_0=73 predicted_1=79
2026-09-13 09:09:40 - INFO - Evaluation time | Split: test | Seconds: 2.14
2026-09-13 09:09:40 - INFO - [Classification Report - split=test - threshold=0.50]
2026-09-13 09:09:40 - INFO -                 precision    recall  f1-score   support
2026-09-13 09:09:40 - INFO - 
2026-09-13 09:09:40 - INFO -       safe (0)     0.8429    0.8310    0.8369        71
2026-09-13 09:09:40 - INFO - vulnerable (1)     0.8537    0.8642    0.8589        81
2026-09-13 09:09:40 - INFO - 
2026-09-13 09:09:40 - INFO -       accuracy                         0.8487       152
2026-09-13 09:09:40 - INFO -      macro avg     0.8483    0.8476    0.8479       152
2026-09-13 09:09:40 - INFO -   weighted avg     0.8486    0.8487    0.8486       152
2026-09-13 09:09:40 - INFO - Confusion matrix - [[tn=59, fp=12], [fn=11, tp=70]]
2026-09-13 09:09:40 - INFO - probability_positive min=0.0065 mean=0.5323 std=0.4422 max=0.9995 predicted_0=70 predicted_1=82
2026-09-13 09:09:40 - INFO - [Classification Report - split=test_valcal - threshold=0.43]
2026-09-13 09:09:40 - INFO -                 precision    recall  f1-score   support
2026-09-13 09:09:40 - INFO - 
2026-09-13 09:09:40 - INFO -       safe (0)     0.8529    0.8169    0.8345        71
2026-09-13 09:09:40 - INFO - vulnerable (1)     0.8452    0.8765    0.8606        81
2026-09-13 09:09:40 - INFO - 
2026-09-13 09:09:40 - INFO -       accuracy                         0.8487       152
2026-09-13 09:09:40 - INFO -      macro avg     0.8491    0.8467    0.8476       152
2026-09-13 09:09:40 - INFO -   weighted avg     0.8488    0.8487    0.8484       152
2026-09-13 09:09:40 - INFO - Confusion matrix - [[tn=58, fp=13], [fn=10, tp=71]]
2026-09-13 09:09:40 - INFO - probability_positive min=0.0065 mean=0.5323 std=0.4422 max=0.9995 predicted_0=68 predicted_1=84
2026-09-13 09:09:40 - INFO - [Classification Report - split=test_at_0.5_CWE-022 - threshold=0.50]
2026-09-13 09:09:40 - INFO -                 precision    recall  f1-score   support
2026-09-13 09:09:40 - INFO - 
2026-09-13 09:09:40 - INFO -       safe (0)     0.6667    0.8000    0.7273        10
2026-09-13 09:09:40 - INFO - vulnerable (1)     0.7143    0.5556    0.6250         9
2026-09-13 09:09:40 - INFO - 
2026-09-13 09:09:40 - INFO -       accuracy                         0.6842        19
2026-09-13 09:09:40 - INFO -      macro avg     0.6905    0.6778    0.6761        19
2026-09-13 09:09:40 - INFO -   weighted avg     0.6892    0.6842    0.6788        19
2026-09-13 09:09:40 - INFO - Confusion matrix - [[tn=8, fp=2], [fn=4, tp=5]]
2026-09-13 09:09:40 - INFO - probability_positive min=0.0065 mean=0.3837 std=0.4033 max=0.9835 predicted_0=12 predicted_1=7
2026-09-13 09:09:40 - INFO - [Classification Report - split=test_at_0.5_CWE-078 - threshold=0.50]
2026-09-13 09:09:40 - INFO -                 precision    recall  f1-score   support
2026-09-13 09:09:40 - INFO - 
2026-09-13 09:09:40 - INFO -       safe (0)     0.8462    0.7333    0.7857        15
2026-09-13 09:09:40 - INFO - vulnerable (1)     0.8462    0.9167    0.8800        24
2026-09-13 09:09:40 - INFO - 
2026-09-13 09:09:40 - INFO -       accuracy                         0.8462        39
2026-09-13 09:09:40 - INFO -      macro avg     0.8462    0.8250    0.8329        39
2026-09-13 09:09:40 - INFO -   weighted avg     0.8462    0.8462    0.8437        39
2026-09-13 09:09:40 - INFO - Confusion matrix - [[tn=11, fp=4], [fn=2, tp=22]]
2026-09-13 09:09:40 - INFO - probability_positive min=0.0126 mean=0.6638 std=0.4193 max=0.9994 predicted_0=13 predicted_1=26
2026-09-13 09:09:40 - INFO - [Classification Report - split=test_at_0.5_CWE-079 - threshold=0.50]
2026-09-13 09:09:40 - INFO -                 precision    recall  f1-score   support
2026-09-13 09:09:40 - INFO - 
2026-09-13 09:09:40 - INFO -       safe (0)     0.6667    0.5714    0.6154         7
2026-09-13 09:09:40 - INFO - vulnerable (1)     0.6250    0.7143    0.6667         7
2026-09-13 09:09:40 - INFO - 
2026-09-13 09:09:40 - INFO -       accuracy                         0.6429        14
2026-09-13 09:09:40 - INFO -      macro avg     0.6458    0.6429    0.6410        14
2026-09-13 09:09:40 - INFO -   weighted avg     0.6458    0.6429    0.6410        14
2026-09-13 09:09:40 - INFO - Confusion matrix - [[tn=4, fp=3], [fn=2, tp=5]]
2026-09-13 09:09:40 - INFO - probability_positive min=0.0144 mean=0.4938 std=0.3806 max=0.9951 predicted_0=6 predicted_1=8
2026-09-13 09:09:40 - INFO - [Classification Report - split=test_at_0.5_CWE-089 - threshold=0.50]
2026-09-13 09:09:40 - INFO -                 precision    recall  f1-score   support
2026-09-13 09:09:40 - INFO - 
2026-09-13 09:09:40 - INFO -       safe (0)     0.9231    0.9231    0.9231        39
2026-09-13 09:09:40 - INFO - vulnerable (1)     0.9268    0.9268    0.9268        41
2026-09-13 09:09:40 - INFO - 
2026-09-13 09:09:40 - INFO -       accuracy                         0.9250        80
2026-09-13 09:09:40 - INFO -      macro avg     0.9250    0.9250    0.9250        80
2026-09-13 09:09:40 - INFO -   weighted avg     0.9250    0.9250    0.9250        80
2026-09-13 09:09:40 - INFO - Confusion matrix - [[tn=36, fp=3], [fn=3, tp=38]]
2026-09-13 09:09:40 - INFO - probability_positive min=0.0114 mean=0.5103 std=0.4554 max=0.9995 predicted_0=39 predicted_1=41
2026-09-13 09:09:40 - INFO - [Classification Report - split=test_at_valcal_CWE-022 - threshold=0.43]
2026-09-13 09:09:40 - INFO -                 precision    recall  f1-score   support
2026-09-13 09:09:40 - INFO - 
2026-09-13 09:09:40 - INFO -       safe (0)     0.6364    0.7000    0.6667        10
2026-09-13 09:09:40 - INFO - vulnerable (1)     0.6250    0.5556    0.5882         9
2026-09-13 09:09:40 - INFO - 
2026-09-13 09:09:40 - INFO -       accuracy                         0.6316        19
2026-09-13 09:09:40 - INFO -      macro avg     0.6307    0.6278    0.6275        19
2026-09-13 09:09:40 - INFO -   weighted avg     0.6310    0.6316    0.6295        19
2026-09-13 09:09:40 - INFO - Confusion matrix - [[tn=7, fp=3], [fn=4, tp=5]]
2026-09-13 09:09:40 - INFO - probability_positive min=0.0065 mean=0.3837 std=0.4033 max=0.9835 predicted_0=11 predicted_1=8
2026-09-13 09:09:40 - INFO - [Classification Report - split=test_at_valcal_CWE-078 - threshold=0.43]
2026-09-13 09:09:40 - INFO -                 precision    recall  f1-score   support
2026-09-13 09:09:40 - INFO - 
2026-09-13 09:09:40 - INFO -       safe (0)     0.9167    0.7333    0.8148        15
2026-09-13 09:09:40 - INFO - vulnerable (1)     0.8519    0.9583    0.9020        24
2026-09-13 09:09:40 - INFO - 
2026-09-13 09:09:40 - INFO -       accuracy                         0.8718        39
2026-09-13 09:09:40 - INFO -      macro avg     0.8843    0.8458    0.8584        39
2026-09-13 09:09:40 - INFO -   weighted avg     0.8768    0.8718    0.8684        39
2026-09-13 09:09:40 - INFO - Confusion matrix - [[tn=11, fp=4], [fn=1, tp=23]]
2026-09-13 09:09:40 - INFO - probability_positive min=0.0126 mean=0.6638 std=0.4193 max=0.9994 predicted_0=12 predicted_1=27
2026-09-13 09:09:40 - INFO - [Classification Report - split=test_at_valcal_CWE-079 - threshold=0.43]
2026-09-13 09:09:40 - INFO -                 precision    recall  f1-score   support
2026-09-13 09:09:40 - INFO - 
2026-09-13 09:09:40 - INFO -       safe (0)     0.6667    0.5714    0.6154         7
2026-09-13 09:09:40 - INFO - vulnerable (1)     0.6250    0.7143    0.6667         7
2026-09-13 09:09:40 - INFO - 
2026-09-13 09:09:40 - INFO -       accuracy                         0.6429        14
2026-09-13 09:09:40 - INFO -      macro avg     0.6458    0.6429    0.6410        14
2026-09-13 09:09:40 - INFO -   weighted avg     0.6458    0.6429    0.6410        14
2026-09-13 09:09:40 - INFO - Confusion matrix - [[tn=4, fp=3], [fn=2, tp=5]]
2026-09-13 09:09:40 - INFO - probability_positive min=0.0144 mean=0.4938 std=0.3806 max=0.9951 predicted_0=6 predicted_1=8
2026-09-13 09:09:40 - INFO - [Classification Report - split=test_at_valcal_CWE-089 - threshold=0.43]
2026-09-13 09:09:40 - INFO -                 precision    recall  f1-score   support
2026-09-13 09:09:40 - INFO - 
2026-09-13 09:09:40 - INFO -       safe (0)     0.9231    0.9231    0.9231        39
2026-09-13 09:09:40 - INFO - vulnerable (1)     0.9268    0.9268    0.9268        41
2026-09-13 09:09:40 - INFO - 
2026-09-13 09:09:40 - INFO -       accuracy                         0.9250        80
2026-09-13 09:09:40 - INFO -      macro avg     0.9250    0.9250    0.9250        80
2026-09-13 09:09:40 - INFO -   weighted avg     0.9250    0.9250    0.9250        80
2026-09-13 09:09:40 - INFO - Confusion matrix - [[tn=36, fp=3], [fn=3, tp=38]]
2026-09-13 09:09:40 - INFO - probability_positive min=0.0114 mean=0.5103 std=0.4554 max=0.9995 predicted_0=39 predicted_1=41
2026-09-13 09:09:40 - INFO - Test result saved: results/fus1_codebert/transfer_latent_bottleneck_com_l0p05_ad48_fusfrz_adamw/seed_42/fold1.json
2026-09-13 09:09:40 - INFO - Run finished | Phase: test | Fold: 1 | Seed: 42 | Elapsed: 7.62s
