2026-09-13 07:38:05 - INFO - Using device: cuda
2026-09-13 07:38:05 - INFO - Run started | Run: fus1_t5p | Method: transfer_latent_bottleneck_com_l0p05_adamw | Phase: phase2 | Fold: 2 | Seed: 42 | Device: cuda
2026-09-13 07:38:05 - INFO - Loading Python training data: data/sven_python_folds_norm/fold2/train.jsonl
2026-09-13 07:38:05 - INFO - Loading Python validation data: data/sven_python_folds_norm/fold2/val.jsonl
2026-09-13 07:38:05 - INFO - Data split: python_train | Total: 456 | Labels: {0: 226, 1: 230} | CWEs: {'CWE-022': 43, 'CWE-078': 124, 'CWE-079': 43, 'CWE-089': 246} | Languages: {'python': 456} | Invalid CWE: 0
2026-09-13 07:38:05 - INFO - Data split: python_val | Total: 152 | Labels: {0: 80, 1: 72} | CWEs: {'CWE-022': 15, 'CWE-078': 38, 'CWE-079': 20, 'CWE-089': 79} | Languages: {'python': 152} | Invalid CWE: 0
2026-09-13 07:38:07 - INFO - Auxiliary head width taken from checkpoint: 10
2026-09-13 07:38:10 - INFO - Loaded source checkpoint: model/n48/phase1/t5p__latent_bottleneck_com_l0p05/seed_42/best.pt | Best epoch: 11 | Best Val Macro-F1: 0.589664
2026-09-13 07:38:10 - INFO - lambda_cwe: CLI Pha 2 = 0.2 (khong dung o Pha 2) | Pha 1 that = 0.05 — ghi theo Pha 1
2026-09-13 07:38:10 - INFO - Phase 2 optimizer: AdamW (RecAdam anchoring disabled)
2026-09-13 07:38:10 - INFO - Environment: {"components": {"backbone": {"frozen": 0, "total": 109609344, "trainable": 109609344}, "cwe_head": {"frozen": 90, "total": 90, "trainable": 0}, "latent_proj": {"frozen": 6152, "total": 6152, "trainable": 0}, "vul_head": {"frozen": 0, "total": 1538, "trainable": 1538}}, "cuda": "12.8", "fold": 2, "frozen_parameters": 6242, "gpu": "NVIDIA GeForce RTX 5060 Ti", "hyperparameters": {"adamw_anneal_lr": false, "adapter_dim": 0, "adapter_lr": 0.0001, "anneal_fun": "sigmoid", "anneal_k": 0.05, "anneal_t0_ratio": 0.05, "anneal_t0_steps": 43, "anneal_w": 1.0, "asam_eta": 0.01, "aux_class_balanced": false, "aux_mode": "latent_bottleneck", "aux_weight_lr": 0.01, "aux_weight_mode": "fixed", "batch_size": 16, "checkpoint_path": "model/fus1_t5p/transfer_latent_bottleneck_com_l0p05_adamw/seed_42/fold2/best.pt", "cwe_vocab": "precomputed", "data_path": "data/train_ccpp_filtered.jsonl", "data_root": "data/sven_python_folds_norm", "epochs": 30, "eval_batch_size": 16, "feat_distill_beta": 0.0, "feat_distill_mode": "cos", "fisher_path": null, "fold": 2, "freeze_backbone_layers": 0, "freeze_prototypes_steps": 0, "lambda_cwe": 0.05, "lambda_cwe_phase2_cli": 0.2, "latent_temperature": 0.1, "learning_rate": 2e-05, "lora_rank": 0, "lp_epochs": 0, "lp_learning_rate": 0.001, "max_eval_samples": null, "max_grad_norm": 1.0, "max_length": 512, "max_train_samples": null, "method_name": "transfer_latent_bottleneck_com_l0p05_adamw", "min_epochs": 3, "model_name": "Salesforce/codet5p-220m-bimodal", "num_cwes": 10, "num_latent": 8, "num_workers": 0, "output_dir": "results/fus1_t5p/transfer_latent_bottleneck_com_l0p05_adamw", "patience": 5, "phase": "phase2", "phase2_fusion": "off", "phase2_gate": "off", "phase2_gate_alpha": 0.3, "phase2_gate_init": 0.0, "phase2_gate_lr": 0.01, "phase2_gate_proj": "learned", "phase2_lambda_cwe": 0.0, "phase2_optimizer": "adamw", "phase2_reinit_head": false, "phase2_steps_per_epoch": 29, "phase2_total_steps": 870, "pooling": "mean", "pretrain_cof": 5000.0, "recadam_anchor": "source", "recadam_anchor_head": "source", "replay_batch_size": 0, "replay_cwe_vocab": "fixed4", "replay_data": null, "replay_epochs": 0, "replay_lambda_cwe": 0.0, "replay_mu": 0.0, "replay_stratify": false, "result_path": "results/fus1_t5p/transfer_latent_bottleneck_com_l0p05_adamw/seed_42/fold2.json", "run_name": "fus1_t5p", "sam_rho": 0.0, "sam_variant": "sam", "seed": 42, "selection_metric": "macro_f1", "source_best_epoch": 11, "source_best_val_macro_f1": 0.5896642978204633, "source_checkpoint": "model/n48/phase1/t5p__latent_bottleneck_com_l0p05/seed_42/best.pt", "source_eval_data": null, "source_interp_grid": null, "source_interpolation": 1.0, "source_lambda_cwe": 0.05, "source_sam_rho": 0.0, "spd_lambda": 1.0, "spd_replace_wd": false, "strict_determinism": false, "target_lang": "python", "test_path": null, "train_path": null, "truncation_strategy": "head_middle_tail", "val_path": null, "weight_decay": 0.01}, "mode": "phase2_train", "model_name": "Salesforce/codet5p-220m-bimodal", "seed": 42, "sklearn": "1.7.2", "torch": "2.11.0+cu128", "trainable_parameters": 109610882, "transformers": "4.57.1"}
2026-09-13 07:38:10 - INFO - Training started | Phase: phase2 | Epochs: 30
2026-09-13 07:38:13 - INFO - RecAdam first-step safety checks passed
2026-09-13 07:38:33 - INFO - Epoch 1/30 | Train loss: 0.696322 | Val loss: 0.551528 | LR: 2.00e-05 | Best epoch: 1 | Patience: 0 | Train: 19.81s | Validation: 2.10s | Epoch: 23.21s | Total: 23.21s
2026-09-13 07:38:33 - INFO - [Classification Report - split=train epoch=1 - threshold=0.50]
2026-09-13 07:38:33 - INFO -                 precision    recall  f1-score   support
2026-09-13 07:38:33 - INFO - 
2026-09-13 07:38:33 - INFO -       safe (0)     0.6174    0.6283    0.6228       226
2026-09-13 07:38:33 - INFO - vulnerable (1)     0.6283    0.6174    0.6228       230
2026-09-13 07:38:33 - INFO - 
2026-09-13 07:38:33 - INFO -       accuracy                         0.6228       456
2026-09-13 07:38:33 - INFO -      macro avg     0.6229    0.6229    0.6228       456
2026-09-13 07:38:33 - INFO -   weighted avg     0.6229    0.6228    0.6228       456
2026-09-13 07:38:33 - INFO - Confusion matrix - [[tn=142, fp=84], [fn=88, tp=142]]
2026-09-13 07:38:33 - INFO - probability_positive min=0.0192 mean=0.5058 std=0.1787 max=0.9945 predicted_0=230 predicted_1=226
2026-09-13 07:38:33 - INFO - [Classification Report - split=validation epoch=1 - threshold=0.50]
2026-09-13 07:38:33 - INFO -                 precision    recall  f1-score   support
2026-09-13 07:38:33 - INFO - 
2026-09-13 07:38:33 - INFO -       safe (0)     0.6957    0.8000    0.7442        80
2026-09-13 07:38:33 - INFO - vulnerable (1)     0.7333    0.6111    0.6667        72
2026-09-13 07:38:33 - INFO - 
2026-09-13 07:38:33 - INFO -       accuracy                         0.7105       152
2026-09-13 07:38:33 - INFO -      macro avg     0.7145    0.7056    0.7054       152
2026-09-13 07:38:33 - INFO -   weighted avg     0.7135    0.7105    0.7075       152
2026-09-13 07:38:33 - INFO - Confusion matrix - [[tn=64, fp=16], [fn=28, tp=44]]
2026-09-13 07:38:33 - INFO - probability_positive min=0.0189 mean=0.4269 std=0.2405 max=0.8998 predicted_0=92 predicted_1=60
2026-09-13 07:38:33 - INFO - New best model | Macro-F1: 0.705426 | Epoch: 1
2026-09-13 07:38:54 - INFO - Epoch 2/30 | Train loss: 0.473208 | Val loss: 0.434293 | LR: 2.00e-05 | Best epoch: 2 | Patience: 0 | Train: 17.58s | Validation: 2.20s | Epoch: 20.69s | Total: 43.92s
2026-09-13 07:38:54 - INFO - [Classification Report - split=train epoch=2 - threshold=0.50]
2026-09-13 07:38:54 - INFO -                 precision    recall  f1-score   support
2026-09-13 07:38:54 - INFO - 
2026-09-13 07:38:54 - INFO -       safe (0)     0.7944    0.7522    0.7727       226
2026-09-13 07:38:54 - INFO - vulnerable (1)     0.7686    0.8087    0.7881       230
2026-09-13 07:38:54 - INFO - 
2026-09-13 07:38:54 - INFO -       accuracy                         0.7807       456
2026-09-13 07:38:54 - INFO -      macro avg     0.7815    0.7805    0.7804       456
2026-09-13 07:38:54 - INFO -   weighted avg     0.7814    0.7807    0.7805       456
2026-09-13 07:38:54 - INFO - Confusion matrix - [[tn=170, fp=56], [fn=44, tp=186]]
2026-09-13 07:38:54 - INFO - probability_positive min=0.0073 mean=0.5086 std=0.3130 max=0.9871 predicted_0=214 predicted_1=242
2026-09-13 07:38:54 - INFO - [Classification Report - split=validation epoch=2 - threshold=0.50]
2026-09-13 07:38:54 - INFO -                 precision    recall  f1-score   support
2026-09-13 07:38:54 - INFO - 
2026-09-13 07:38:54 - INFO -       safe (0)     0.7528    0.8375    0.7929        80
2026-09-13 07:38:54 - INFO - vulnerable (1)     0.7937    0.6944    0.7407        72
2026-09-13 07:38:54 - INFO - 
2026-09-13 07:38:54 - INFO -       accuracy                         0.7697       152
2026-09-13 07:38:54 - INFO -      macro avg     0.7732    0.7660    0.7668       152
2026-09-13 07:38:54 - INFO -   weighted avg     0.7722    0.7697    0.7682       152
2026-09-13 07:38:54 - INFO - Confusion matrix - [[tn=67, fp=13], [fn=22, tp=50]]
2026-09-13 07:38:54 - INFO - probability_positive min=0.0051 mean=0.4434 std=0.3697 max=0.9884 predicted_0=89 predicted_1=63
2026-09-13 07:38:54 - INFO - New best model | Macro-F1: 0.766820 | Epoch: 2
2026-09-13 07:39:14 - INFO - Epoch 3/30 | Train loss: 0.304017 | Val loss: 0.406725 | LR: 2.00e-05 | Best epoch: 3 | Patience: 0 | Train: 17.21s | Validation: 1.95s | Epoch: 19.83s | Total: 63.77s
2026-09-13 07:39:14 - INFO - [Classification Report - split=train epoch=3 - threshold=0.50]
2026-09-13 07:39:14 - INFO -                 precision    recall  f1-score   support
2026-09-13 07:39:14 - INFO - 
2026-09-13 07:39:14 - INFO -       safe (0)     0.8636    0.8407    0.8520       226
2026-09-13 07:39:14 - INFO - vulnerable (1)     0.8475    0.8696    0.8584       230
2026-09-13 07:39:14 - INFO - 
2026-09-13 07:39:14 - INFO -       accuracy                         0.8553       456
2026-09-13 07:39:14 - INFO -      macro avg     0.8555    0.8551    0.8552       456
2026-09-13 07:39:14 - INFO -   weighted avg     0.8555    0.8553    0.8552       456
2026-09-13 07:39:14 - INFO - Confusion matrix - [[tn=190, fp=36], [fn=30, tp=200]]
2026-09-13 07:39:14 - INFO - probability_positive min=0.0045 mean=0.5038 std=0.3925 max=0.9920 predicted_0=220 predicted_1=236
2026-09-13 07:39:14 - INFO - [Classification Report - split=validation epoch=3 - threshold=0.50]
2026-09-13 07:39:14 - INFO -                 precision    recall  f1-score   support
2026-09-13 07:39:14 - INFO - 
2026-09-13 07:39:14 - INFO -       safe (0)     0.7614    0.8375    0.7976        80
2026-09-13 07:39:14 - INFO - vulnerable (1)     0.7969    0.7083    0.7500        72
2026-09-13 07:39:14 - INFO - 
2026-09-13 07:39:14 - INFO -       accuracy                         0.7763       152
2026-09-13 07:39:14 - INFO -      macro avg     0.7791    0.7729    0.7738       152
2026-09-13 07:39:14 - INFO -   weighted avg     0.7782    0.7763    0.7751       152
2026-09-13 07:39:14 - INFO - Confusion matrix - [[tn=67, fp=13], [fn=21, tp=51]]
2026-09-13 07:39:14 - INFO - probability_positive min=0.0029 mean=0.4276 std=0.3986 max=0.9943 predicted_0=88 predicted_1=64
2026-09-13 07:39:14 - INFO - New best model | Macro-F1: 0.773810 | Epoch: 3
2026-09-13 07:39:34 - INFO - Epoch 4/30 | Train loss: 0.181427 | Val loss: 0.545314 | LR: 2.00e-05 | Best epoch: 4 | Patience: 0 | Train: 17.20s | Validation: 1.96s | Epoch: 19.87s | Total: 83.66s
2026-09-13 07:39:34 - INFO - [Classification Report - split=train epoch=4 - threshold=0.50]
2026-09-13 07:39:34 - INFO -                 precision    recall  f1-score   support
2026-09-13 07:39:34 - INFO - 
2026-09-13 07:39:34 - INFO -       safe (0)     0.9283    0.9159    0.9220       226
2026-09-13 07:39:34 - INFO - vulnerable (1)     0.9185    0.9304    0.9244       230
2026-09-13 07:39:34 - INFO - 
2026-09-13 07:39:34 - INFO -       accuracy                         0.9232       456
2026-09-13 07:39:34 - INFO -      macro avg     0.9234    0.9232    0.9232       456
2026-09-13 07:39:34 - INFO -   weighted avg     0.9233    0.9232    0.9232       456
2026-09-13 07:39:34 - INFO - Confusion matrix - [[tn=207, fp=19], [fn=16, tp=214]]
2026-09-13 07:39:34 - INFO - probability_positive min=0.0026 mean=0.5101 std=0.4361 max=0.9968 predicted_0=223 predicted_1=233
2026-09-13 07:39:34 - INFO - [Classification Report - split=validation epoch=4 - threshold=0.50]
2026-09-13 07:39:34 - INFO -                 precision    recall  f1-score   support
2026-09-13 07:39:34 - INFO - 
2026-09-13 07:39:34 - INFO -       safe (0)     0.7976    0.8375    0.8171        80
2026-09-13 07:39:34 - INFO - vulnerable (1)     0.8088    0.7639    0.7857        72
2026-09-13 07:39:34 - INFO - 
2026-09-13 07:39:34 - INFO -       accuracy                         0.8026       152
2026-09-13 07:39:34 - INFO -      macro avg     0.8032    0.8007    0.8014       152
2026-09-13 07:39:34 - INFO -   weighted avg     0.8029    0.8026    0.8022       152
2026-09-13 07:39:34 - INFO - Confusion matrix - [[tn=67, fp=13], [fn=17, tp=55]]
2026-09-13 07:39:34 - INFO - probability_positive min=0.0017 mean=0.4336 std=0.4435 max=0.9973 predicted_0=84 predicted_1=68
2026-09-13 07:39:34 - INFO - New best model | Macro-F1: 0.801394 | Epoch: 4
2026-09-13 07:39:53 - INFO - Epoch 5/30 | Train loss: 0.106473 | Val loss: 0.667482 | LR: 2.00e-05 | Best epoch: 4 | Patience: 1 | Train: 17.22s | Validation: 1.95s | Epoch: 19.17s | Total: 102.86s
2026-09-13 07:39:53 - INFO - [Classification Report - split=train epoch=5 - threshold=0.50]
2026-09-13 07:39:53 - INFO -                 precision    recall  f1-score   support
2026-09-13 07:39:53 - INFO - 
2026-09-13 07:39:53 - INFO -       safe (0)     0.9478    0.9646    0.9561       226
2026-09-13 07:39:53 - INFO - vulnerable (1)     0.9646    0.9478    0.9561       230
2026-09-13 07:39:53 - INFO - 
2026-09-13 07:39:53 - INFO -       accuracy                         0.9561       456
2026-09-13 07:39:53 - INFO -      macro avg     0.9562    0.9562    0.9561       456
2026-09-13 07:39:53 - INFO -   weighted avg     0.9563    0.9561    0.9561       456
2026-09-13 07:39:53 - INFO - Confusion matrix - [[tn=218, fp=8], [fn=12, tp=218]]
2026-09-13 07:39:53 - INFO - probability_positive min=0.0015 mean=0.4958 std=0.4644 max=0.9977 predicted_0=230 predicted_1=226
2026-09-13 07:39:53 - INFO - [Classification Report - split=validation epoch=5 - threshold=0.50]
2026-09-13 07:39:53 - INFO -                 precision    recall  f1-score   support
2026-09-13 07:39:53 - INFO - 
2026-09-13 07:39:53 - INFO -       safe (0)     0.7553    0.8875    0.8161        80
2026-09-13 07:39:53 - INFO - vulnerable (1)     0.8448    0.6806    0.7538        72
2026-09-13 07:39:53 - INFO - 
2026-09-13 07:39:53 - INFO -       accuracy                         0.7895       152
2026-09-13 07:39:53 - INFO -      macro avg     0.8001    0.7840    0.7850       152
2026-09-13 07:39:53 - INFO -   weighted avg     0.7977    0.7895    0.7866       152
2026-09-13 07:39:53 - INFO - Confusion matrix - [[tn=71, fp=9], [fn=23, tp=49]]
2026-09-13 07:39:53 - INFO - probability_positive min=0.0012 mean=0.3839 std=0.4440 max=0.9984 predicted_0=94 predicted_1=58
2026-09-13 07:40:13 - INFO - Epoch 6/30 | Train loss: 0.077167 | Val loss: 0.759623 | LR: 2.00e-05 | Best epoch: 6 | Patience: 0 | Train: 17.21s | Validation: 1.95s | Epoch: 19.81s | Total: 122.68s
2026-09-13 07:40:13 - INFO - [Classification Report - split=train epoch=6 - threshold=0.50]
2026-09-13 07:40:13 - INFO -                 precision    recall  f1-score   support
2026-09-13 07:40:13 - INFO - 
2026-09-13 07:40:13 - INFO -       safe (0)     0.9600    0.9558    0.9579       226
2026-09-13 07:40:13 - INFO - vulnerable (1)     0.9567    0.9609    0.9588       230
2026-09-13 07:40:13 - INFO - 
2026-09-13 07:40:13 - INFO -       accuracy                         0.9583       456
2026-09-13 07:40:13 - INFO -      macro avg     0.9584    0.9583    0.9583       456
2026-09-13 07:40:13 - INFO -   weighted avg     0.9583    0.9583    0.9583       456
2026-09-13 07:40:13 - INFO - Confusion matrix - [[tn=216, fp=10], [fn=9, tp=221]]
2026-09-13 07:40:13 - INFO - probability_positive min=0.0014 mean=0.5010 std=0.4742 max=0.9985 predicted_0=225 predicted_1=231
2026-09-13 07:40:13 - INFO - [Classification Report - split=validation epoch=6 - threshold=0.50]
2026-09-13 07:40:13 - INFO -                 precision    recall  f1-score   support
2026-09-13 07:40:13 - INFO - 
2026-09-13 07:40:13 - INFO -       safe (0)     0.7931    0.8625    0.8263        80
2026-09-13 07:40:13 - INFO - vulnerable (1)     0.8308    0.7500    0.7883        72
2026-09-13 07:40:13 - INFO - 
2026-09-13 07:40:13 - INFO -       accuracy                         0.8092       152
2026-09-13 07:40:13 - INFO -      macro avg     0.8119    0.8063    0.8073       152
2026-09-13 07:40:13 - INFO -   weighted avg     0.8109    0.8092    0.8083       152
2026-09-13 07:40:13 - INFO - Confusion matrix - [[tn=69, fp=11], [fn=18, tp=54]]
2026-09-13 07:40:13 - INFO - probability_positive min=0.0010 mean=0.4336 std=0.4666 max=0.9990 predicted_0=87 predicted_1=65
2026-09-13 07:40:13 - INFO - New best model | Macro-F1: 0.807334 | Epoch: 6
2026-09-13 07:40:33 - INFO - Epoch 7/30 | Train loss: 0.062738 | Val loss: 0.777616 | LR: 2.00e-05 | Best epoch: 7 | Patience: 0 | Train: 17.20s | Validation: 1.97s | Epoch: 19.84s | Total: 142.55s
2026-09-13 07:40:33 - INFO - [Classification Report - split=train epoch=7 - threshold=0.50]
2026-09-13 07:40:33 - INFO -                 precision    recall  f1-score   support
2026-09-13 07:40:33 - INFO - 
2026-09-13 07:40:33 - INFO -       safe (0)     0.9569    0.9823    0.9694       226
2026-09-13 07:40:33 - INFO - vulnerable (1)     0.9821    0.9565    0.9692       230
2026-09-13 07:40:33 - INFO - 
2026-09-13 07:40:33 - INFO -       accuracy                         0.9693       456
2026-09-13 07:40:33 - INFO -      macro avg     0.9695    0.9694    0.9693       456
2026-09-13 07:40:33 - INFO -   weighted avg     0.9696    0.9693    0.9693       456
2026-09-13 07:40:33 - INFO - Confusion matrix - [[tn=222, fp=4], [fn=10, tp=220]]
2026-09-13 07:40:33 - INFO - probability_positive min=0.0011 mean=0.4989 std=0.4832 max=0.9991 predicted_0=232 predicted_1=224
2026-09-13 07:40:33 - INFO - [Classification Report - split=validation epoch=7 - threshold=0.50]
2026-09-13 07:40:33 - INFO -                 precision    recall  f1-score   support
2026-09-13 07:40:33 - INFO - 
2026-09-13 07:40:33 - INFO -       safe (0)     0.8462    0.8250    0.8354        80
2026-09-13 07:40:33 - INFO - vulnerable (1)     0.8108    0.8333    0.8219        72
2026-09-13 07:40:33 - INFO - 
2026-09-13 07:40:33 - INFO -       accuracy                         0.8289       152
2026-09-13 07:40:33 - INFO -      macro avg     0.8285    0.8292    0.8287       152
2026-09-13 07:40:33 - INFO -   weighted avg     0.8294    0.8289    0.8290       152
2026-09-13 07:40:33 - INFO - Confusion matrix - [[tn=66, fp=14], [fn=12, tp=60]]
2026-09-13 07:40:33 - INFO - probability_positive min=0.0009 mean=0.4983 std=0.4803 max=0.9992 predicted_0=78 predicted_1=74
2026-09-13 07:40:33 - INFO - New best model | Macro-F1: 0.828680 | Epoch: 7
2026-09-13 07:40:52 - INFO - Epoch 8/30 | Train loss: 0.083606 | Val loss: 0.692200 | LR: 2.00e-05 | Best epoch: 7 | Patience: 1 | Train: 17.21s | Validation: 1.95s | Epoch: 19.16s | Total: 161.73s
2026-09-13 07:40:52 - INFO - [Classification Report - split=train epoch=8 - threshold=0.50]
2026-09-13 07:40:52 - INFO -                 precision    recall  f1-score   support
2026-09-13 07:40:52 - INFO - 
2026-09-13 07:40:52 - INFO -       safe (0)     0.9730    0.9558    0.9643       226
2026-09-13 07:40:52 - INFO - vulnerable (1)     0.9573    0.9739    0.9655       230
2026-09-13 07:40:52 - INFO - 
2026-09-13 07:40:52 - INFO -       accuracy                         0.9649       456
2026-09-13 07:40:52 - INFO -      macro avg     0.9651    0.9648    0.9649       456
2026-09-13 07:40:52 - INFO -   weighted avg     0.9651    0.9649    0.9649       456
2026-09-13 07:40:52 - INFO - Confusion matrix - [[tn=216, fp=10], [fn=6, tp=224]]
2026-09-13 07:40:52 - INFO - probability_positive min=0.0009 mean=0.5113 std=0.4860 max=0.9991 predicted_0=222 predicted_1=234
2026-09-13 07:40:52 - INFO - [Classification Report - split=validation epoch=8 - threshold=0.50]
2026-09-13 07:40:52 - INFO -                 precision    recall  f1-score   support
2026-09-13 07:40:52 - INFO - 
2026-09-13 07:40:52 - INFO -       safe (0)     0.8293    0.8500    0.8395        80
2026-09-13 07:40:52 - INFO - vulnerable (1)     0.8286    0.8056    0.8169        72
2026-09-13 07:40:52 - INFO - 
2026-09-13 07:40:52 - INFO -       accuracy                         0.8289       152
2026-09-13 07:40:52 - INFO -      macro avg     0.8289    0.8278    0.8282       152
2026-09-13 07:40:52 - INFO -   weighted avg     0.8289    0.8289    0.8288       152
2026-09-13 07:40:52 - INFO - Confusion matrix - [[tn=68, fp=12], [fn=14, tp=58]]
2026-09-13 07:40:52 - INFO - probability_positive min=0.0007 mean=0.4669 std=0.4759 max=0.9993 predicted_0=82 predicted_1=70
2026-09-13 07:41:11 - INFO - Epoch 9/30 | Train loss: 0.042812 | Val loss: 0.845261 | LR: 2.00e-05 | Best epoch: 7 | Patience: 2 | Train: 17.21s | Validation: 1.97s | Epoch: 19.18s | Total: 180.92s
2026-09-13 07:41:11 - INFO - [Classification Report - split=train epoch=9 - threshold=0.50]
2026-09-13 07:41:11 - INFO -                 precision    recall  f1-score   support
2026-09-13 07:41:11 - INFO - 
2026-09-13 07:41:11 - INFO -       safe (0)     0.9821    0.9690    0.9755       226
2026-09-13 07:41:11 - INFO - vulnerable (1)     0.9700    0.9826    0.9762       230
2026-09-13 07:41:11 - INFO - 
2026-09-13 07:41:11 - INFO -       accuracy                         0.9759       456
2026-09-13 07:41:11 - INFO -      macro avg     0.9760    0.9758    0.9759       456
2026-09-13 07:41:11 - INFO -   weighted avg     0.9760    0.9759    0.9759       456
2026-09-13 07:41:11 - INFO - Confusion matrix - [[tn=219, fp=7], [fn=4, tp=226]]
2026-09-13 07:41:11 - INFO - probability_positive min=0.0008 mean=0.5047 std=0.4835 max=0.9991 predicted_0=223 predicted_1=233
2026-09-13 07:41:11 - INFO - [Classification Report - split=validation epoch=9 - threshold=0.50]
2026-09-13 07:41:11 - INFO -                 precision    recall  f1-score   support
2026-09-13 07:41:11 - INFO - 
2026-09-13 07:41:11 - INFO -       safe (0)     0.8118    0.8625    0.8364        80
2026-09-13 07:41:11 - INFO - vulnerable (1)     0.8358    0.7778    0.8058        72
2026-09-13 07:41:11 - INFO - 
2026-09-13 07:41:11 - INFO -       accuracy                         0.8224       152
2026-09-13 07:41:11 - INFO -      macro avg     0.8238    0.8201    0.8211       152
2026-09-13 07:41:11 - INFO -   weighted avg     0.8232    0.8224    0.8219       152
2026-09-13 07:41:11 - INFO - Confusion matrix - [[tn=69, fp=11], [fn=16, tp=56]]
2026-09-13 07:41:11 - INFO - probability_positive min=0.0006 mean=0.4422 std=0.4783 max=0.9994 predicted_0=85 predicted_1=67
2026-09-13 07:41:30 - INFO - Epoch 10/30 | Train loss: 0.063128 | Val loss: 0.985831 | LR: 2.00e-05 | Best epoch: 7 | Patience: 3 | Train: 17.21s | Validation: 1.96s | Epoch: 19.18s | Total: 200.11s
2026-09-13 07:41:30 - INFO - [Classification Report - split=train epoch=10 - threshold=0.50]
2026-09-13 07:41:30 - INFO -                 precision    recall  f1-score   support
2026-09-13 07:41:30 - INFO - 
2026-09-13 07:41:30 - INFO -       safe (0)     0.9735    0.9735    0.9735       226
2026-09-13 07:41:30 - INFO - vulnerable (1)     0.9739    0.9739    0.9739       230
2026-09-13 07:41:30 - INFO - 
2026-09-13 07:41:30 - INFO -       accuracy                         0.9737       456
2026-09-13 07:41:30 - INFO -      macro avg     0.9737    0.9737    0.9737       456
2026-09-13 07:41:30 - INFO -   weighted avg     0.9737    0.9737    0.9737       456
2026-09-13 07:41:30 - INFO - Confusion matrix - [[tn=220, fp=6], [fn=6, tp=224]]
2026-09-13 07:41:30 - INFO - probability_positive min=0.0007 mean=0.5033 std=0.4888 max=0.9993 predicted_0=226 predicted_1=230
2026-09-13 07:41:30 - INFO - [Classification Report - split=validation epoch=10 - threshold=0.50]
2026-09-13 07:41:30 - INFO -                 precision    recall  f1-score   support
2026-09-13 07:41:30 - INFO - 
2026-09-13 07:41:30 - INFO -       safe (0)     0.7396    0.8875    0.8068        80
2026-09-13 07:41:30 - INFO - vulnerable (1)     0.8393    0.6528    0.7344        72
2026-09-13 07:41:30 - INFO - 
2026-09-13 07:41:30 - INFO -       accuracy                         0.7763       152
2026-09-13 07:41:30 - INFO -      macro avg     0.7894    0.7701    0.7706       152
2026-09-13 07:41:30 - INFO -   weighted avg     0.7868    0.7763    0.7725       152
2026-09-13 07:41:30 - INFO - Confusion matrix - [[tn=71, fp=9], [fn=25, tp=47]]
2026-09-13 07:41:30 - INFO - probability_positive min=0.0006 mean=0.3873 std=0.4667 max=0.9994 predicted_0=96 predicted_1=56
2026-09-13 07:41:49 - INFO - Epoch 11/30 | Train loss: 0.042783 | Val loss: 0.927966 | LR: 2.00e-05 | Best epoch: 7 | Patience: 4 | Train: 17.21s | Validation: 1.97s | Epoch: 19.18s | Total: 219.30s
2026-09-13 07:41:49 - INFO - [Classification Report - split=train epoch=11 - threshold=0.50]
2026-09-13 07:41:49 - INFO -                 precision    recall  f1-score   support
2026-09-13 07:41:49 - INFO - 
2026-09-13 07:41:49 - INFO -       safe (0)     0.9822    0.9779    0.9800       226
2026-09-13 07:41:49 - INFO - vulnerable (1)     0.9784    0.9826    0.9805       230
2026-09-13 07:41:49 - INFO - 
2026-09-13 07:41:49 - INFO -       accuracy                         0.9803       456
2026-09-13 07:41:49 - INFO -      macro avg     0.9803    0.9802    0.9803       456
2026-09-13 07:41:49 - INFO -   weighted avg     0.9803    0.9803    0.9803       456
2026-09-13 07:41:49 - INFO - Confusion matrix - [[tn=221, fp=5], [fn=4, tp=226]]
2026-09-13 07:41:49 - INFO - probability_positive min=0.0006 mean=0.5065 std=0.4874 max=0.9993 predicted_0=225 predicted_1=231
2026-09-13 07:41:49 - INFO - [Classification Report - split=validation epoch=11 - threshold=0.50]
2026-09-13 07:41:49 - INFO -                 precision    recall  f1-score   support
2026-09-13 07:41:49 - INFO - 
2026-09-13 07:41:49 - INFO -       safe (0)     0.7841    0.8625    0.8214        80
2026-09-13 07:41:49 - INFO - vulnerable (1)     0.8281    0.7361    0.7794        72
2026-09-13 07:41:49 - INFO - 
2026-09-13 07:41:49 - INFO -       accuracy                         0.8026       152
2026-09-13 07:41:49 - INFO -      macro avg     0.8061    0.7993    0.8004       152
2026-09-13 07:41:49 - INFO -   weighted avg     0.8049    0.8026    0.8015       152
2026-09-13 07:41:49 - INFO - Confusion matrix - [[tn=69, fp=11], [fn=19, tp=53]]
2026-09-13 07:41:49 - INFO - probability_positive min=0.0005 mean=0.4190 std=0.4718 max=0.9995 predicted_0=88 predicted_1=64
2026-09-13 07:42:09 - INFO - Epoch 12/30 | Train loss: 0.030793 | Val loss: 0.867046 | LR: 2.00e-05 | Best epoch: 7 | Patience: 5 | Train: 17.22s | Validation: 1.97s | Epoch: 19.18s | Total: 238.49s
2026-09-13 07:42:09 - INFO - [Classification Report - split=train epoch=12 - threshold=0.50]
2026-09-13 07:42:09 - INFO -                 precision    recall  f1-score   support
2026-09-13 07:42:09 - INFO - 
2026-09-13 07:42:09 - INFO -       safe (0)     0.9910    0.9779    0.9844       226
2026-09-13 07:42:09 - INFO - vulnerable (1)     0.9785    0.9913    0.9849       230
2026-09-13 07:42:09 - INFO - 
2026-09-13 07:42:09 - INFO -       accuracy                         0.9846       456
2026-09-13 07:42:09 - INFO -      macro avg     0.9848    0.9846    0.9846       456
2026-09-13 07:42:09 - INFO -   weighted avg     0.9847    0.9846    0.9846       456
2026-09-13 07:42:09 - INFO - Confusion matrix - [[tn=221, fp=5], [fn=2, tp=228]]
2026-09-13 07:42:09 - INFO - probability_positive min=0.0006 mean=0.5031 std=0.4896 max=0.9994 predicted_0=223 predicted_1=233
2026-09-13 07:42:09 - INFO - [Classification Report - split=validation epoch=12 - threshold=0.50]
2026-09-13 07:42:09 - INFO -                 precision    recall  f1-score   support
2026-09-13 07:42:09 - INFO - 
2026-09-13 07:42:09 - INFO -       safe (0)     0.8375    0.8375    0.8375        80
2026-09-13 07:42:09 - INFO - vulnerable (1)     0.8194    0.8194    0.8194        72
2026-09-13 07:42:09 - INFO - 
2026-09-13 07:42:09 - INFO -       accuracy                         0.8289       152
2026-09-13 07:42:09 - INFO -      macro avg     0.8285    0.8285    0.8285       152
2026-09-13 07:42:09 - INFO -   weighted avg     0.8289    0.8289    0.8289       152
2026-09-13 07:42:09 - INFO - Confusion matrix - [[tn=67, fp=13], [fn=13, tp=59]]
2026-09-13 07:42:09 - INFO - probability_positive min=0.0005 mean=0.4696 std=0.4847 max=0.9995 predicted_0=80 predicted_1=72
2026-09-13 07:42:09 - INFO - Early stopping | Epoch: 12 | Best epoch: 7
2026-09-13 07:42:09 - INFO - Best checkpoint saved | Path: model/fus1_t5p/transfer_latent_bottleneck_com_l0p05_adamw/seed_42/fold2/best.pt | Epoch: 7 | Val macro_f1: 0.828680
2026-09-13 07:42:09 - INFO - Training finished | Elapsed: 238.51s
2026-09-13 07:42:09 - INFO - Runtime ghi lai | model/fus1_t5p/transfer_latent_bottleneck_com_l0p05_adamw/seed_42/fold2/best.pt.runtime.json | 12 epoch | 19.9s/epoch | NVIDIA GeForce RTX 5060 Ti
2026-09-13 07:42:09 - INFO - Run finished | Phase: phase2 | Fold: 2 | Seed: 42 | Elapsed: 243.40s
2026-09-13 07:42:16 - INFO - Using device: cuda
2026-09-13 07:42:16 - INFO - Run started | Run: fus1_t5p | Method: transfer_latent_bottleneck_com_l0p05_adamw | Phase: test | Fold: 2 | Seed: 42 | Device: cuda
2026-09-13 07:42:16 - INFO - Loading Python validation data: data/sven_python_folds_norm/fold2/val.jsonl
2026-09-13 07:42:16 - INFO - Loading Python test data: data/sven_python_folds_norm/fold2/test.jsonl
2026-09-13 07:42:16 - INFO - Data split: python_val | Total: 152 | Labels: {0: 80, 1: 72} | CWEs: {'CWE-022': 15, 'CWE-078': 38, 'CWE-079': 20, 'CWE-089': 79} | Languages: {'python': 152} | Invalid CWE: 0
2026-09-13 07:42:16 - INFO - Data split: python_test | Total: 152 | Labels: {0: 74, 1: 78} | CWEs: {'CWE-022': 8, 'CWE-078': 42, 'CWE-079': 19, 'CWE-089': 83} | Languages: {'python': 152} | Invalid CWE: 0
2026-09-13 07:42:16 - INFO - Auxiliary head width taken from checkpoint: 10
2026-09-13 07:42:17 - INFO - Environment: {"components": {"backbone": {"frozen": 0, "total": 109609344, "trainable": 109609344}, "cwe_head": {"frozen": 90, "total": 90, "trainable": 0}, "latent_proj": {"frozen": 6152, "total": 6152, "trainable": 0}, "vul_head": {"frozen": 0, "total": 1538, "trainable": 1538}}, "cuda": "12.8", "fold": 2, "frozen_parameters": 6242, "gpu": "NVIDIA GeForce RTX 5060 Ti", "hyperparameters": {"adamw_anneal_lr": false, "adapter_dim": 0, "adapter_lr": 0.0001, "anneal_fun": "sigmoid", "anneal_k": 0.05, "anneal_t0_ratio": 0.05, "anneal_w": 1.0, "asam_eta": 0.01, "aux_class_balanced": false, "aux_mode": "latent_bottleneck", "aux_weight_lr": 0.01, "aux_weight_mode": "fixed", "batch_size": 16, "checkpoint_path": "model/fus1_t5p/transfer_latent_bottleneck_com_l0p05_adamw/seed_42/fold2/best.pt", "cwe_vocab": "precomputed", "data_path": "data/train_ccpp_filtered.jsonl", "data_root": "data/sven_python_folds_norm", "epochs": 10, "eval_batch_size": 16, "feat_distill_beta": 0.0, "feat_distill_mode": "cos", "fisher_path": null, "fold": 2, "freeze_backbone_layers": 0, "freeze_prototypes_steps": 0, "lambda_cwe": 0.2, "latent_temperature": 0.1, "learning_rate": 2e-05, "lora_rank": 0, "lp_epochs": 0, "lp_learning_rate": 0.001, "max_eval_samples": null, "max_grad_norm": 1.0, "max_length": 512, "max_train_samples": null, "method_name": "transfer_latent_bottleneck_com_l0p05_adamw", "min_epochs": 3, "model_name": "Salesforce/codet5p-220m-bimodal", "num_cwes": 10, "num_latent": 8, "num_workers": 0, "output_dir": "results/fus1_t5p/transfer_latent_bottleneck_com_l0p05_adamw", "patience": 5, "phase": "test", "phase2_fusion": "off", "phase2_gate": "off", "phase2_gate_alpha": 0.3, "phase2_gate_init": 0.0, "phase2_gate_lr": 0.01, "phase2_gate_proj": "learned", "phase2_lambda_cwe": 0.0, "phase2_optimizer": "recadam", "phase2_reinit_head": false, "pooling": "mean", "pretrain_cof": 5000.0, "recadam_anchor": "source", "recadam_anchor_head": "source", "replay_batch_size": 0, "replay_cwe_vocab": "fixed4", "replay_data": null, "replay_epochs": 0, "replay_lambda_cwe": 0.0, "replay_mu": 0.0, "replay_stratify": false, "result_path": "results/fus1_t5p/transfer_latent_bottleneck_com_l0p05_adamw/seed_42/fold2.json", "run_name": "fus1_t5p", "sam_rho": 0.0, "sam_variant": "sam", "seed": 42, "selection_metric": "macro_f1", "source_checkpoint": null, "source_eval_data": null, "source_interp_grid": null, "source_interpolation": 1.0, "spd_lambda": 1.0, "spd_replace_wd": false, "strict_determinism": false, "target_lang": "python", "test_path": null, "train_path": null, "truncation_strategy": "head_middle_tail", "val_path": null, "weight_decay": 0.01}, "mode": "test_inference_no_optimizer", "model_name": "Salesforce/codet5p-220m-bimodal", "seed": 42, "sklearn": "1.7.2", "torch": "2.11.0+cu128", "trainable_parameters": 109610882, "transformers": "4.57.1"}
2026-09-13 07:42:20 - INFO - Evaluation time | Split: validation+threshold | Seconds: 2.96
2026-09-13 07:42:20 - INFO - [Classification Report - split=validation - threshold=0.50]
2026-09-13 07:42:20 - INFO -                 precision    recall  f1-score   support
2026-09-13 07:42:20 - INFO - 
2026-09-13 07:42:20 - INFO -       safe (0)     0.8462    0.8250    0.8354        80
2026-09-13 07:42:20 - INFO - vulnerable (1)     0.8108    0.8333    0.8219        72
2026-09-13 07:42:20 - INFO - 
2026-09-13 07:42:20 - INFO -       accuracy                         0.8289       152
2026-09-13 07:42:20 - INFO -      macro avg     0.8285    0.8292    0.8287       152
2026-09-13 07:42:20 - INFO -   weighted avg     0.8294    0.8289    0.8290       152
2026-09-13 07:42:20 - INFO - Confusion matrix - [[tn=66, fp=14], [fn=12, tp=60]]
2026-09-13 07:42:20 - INFO - probability_positive min=0.0009 mean=0.4983 std=0.4803 max=0.9992 predicted_0=78 predicted_1=74
2026-09-13 07:42:20 - INFO - [Classification Report - split=validation_calibrated - threshold=0.08]
2026-09-13 07:42:20 - INFO -                 precision    recall  f1-score   support
2026-09-13 07:42:20 - INFO - 
2026-09-13 07:42:20 - INFO -       safe (0)     0.9130    0.7875    0.8456        80
2026-09-13 07:42:20 - INFO - vulnerable (1)     0.7952    0.9167    0.8516        72
2026-09-13 07:42:20 - INFO - 
2026-09-13 07:42:20 - INFO -       accuracy                         0.8487       152
2026-09-13 07:42:20 - INFO -      macro avg     0.8541    0.8521    0.8486       152
2026-09-13 07:42:20 - INFO -   weighted avg     0.8572    0.8487    0.8485       152
2026-09-13 07:42:20 - INFO - Confusion matrix - [[tn=63, fp=17], [fn=6, tp=66]]
2026-09-13 07:42:20 - INFO - probability_positive min=0.0009 mean=0.4983 std=0.4803 max=0.9992 predicted_0=69 predicted_1=83
2026-09-13 07:42:22 - INFO - Evaluation time | Split: test | Seconds: 1.94
2026-09-13 07:42:22 - INFO - [Classification Report - split=test - threshold=0.50]
2026-09-13 07:42:22 - INFO -                 precision    recall  f1-score   support
2026-09-13 07:42:22 - INFO - 
2026-09-13 07:42:22 - INFO -       safe (0)     0.7973    0.7973    0.7973        74
2026-09-13 07:42:22 - INFO - vulnerable (1)     0.8077    0.8077    0.8077        78
2026-09-13 07:42:22 - INFO - 
2026-09-13 07:42:22 - INFO -       accuracy                         0.8026       152
2026-09-13 07:42:22 - INFO -      macro avg     0.8025    0.8025    0.8025       152
2026-09-13 07:42:22 - INFO -   weighted avg     0.8026    0.8026    0.8026       152
2026-09-13 07:42:22 - INFO - Confusion matrix - [[tn=59, fp=15], [fn=15, tp=63]]
2026-09-13 07:42:22 - INFO - probability_positive min=0.0009 mean=0.5070 std=0.4898 max=0.9992 predicted_0=74 predicted_1=78
2026-09-13 07:42:22 - INFO - [Classification Report - split=test_valcal - threshold=0.08]
2026-09-13 07:42:22 - INFO -                 precision    recall  f1-score   support
2026-09-13 07:42:22 - INFO - 
2026-09-13 07:42:22 - INFO -       safe (0)     0.7973    0.7973    0.7973        74
2026-09-13 07:42:22 - INFO - vulnerable (1)     0.8077    0.8077    0.8077        78
2026-09-13 07:42:22 - INFO - 
2026-09-13 07:42:22 - INFO -       accuracy                         0.8026       152
2026-09-13 07:42:22 - INFO -      macro avg     0.8025    0.8025    0.8025       152
2026-09-13 07:42:22 - INFO -   weighted avg     0.8026    0.8026    0.8026       152
2026-09-13 07:42:22 - INFO - Confusion matrix - [[tn=59, fp=15], [fn=15, tp=63]]
2026-09-13 07:42:22 - INFO - probability_positive min=0.0009 mean=0.5070 std=0.4898 max=0.9992 predicted_0=74 predicted_1=78
2026-09-13 07:42:22 - INFO - [Classification Report - split=test_at_0.5_CWE-022 - threshold=0.50]
2026-09-13 07:42:22 - INFO -                 precision    recall  f1-score   support
2026-09-13 07:42:22 - INFO - 
2026-09-13 07:42:22 - INFO -       safe (0)     0.4000    0.5000    0.4444         4
2026-09-13 07:42:22 - INFO - vulnerable (1)     0.3333    0.2500    0.2857         4
2026-09-13 07:42:22 - INFO - 
2026-09-13 07:42:22 - INFO -       accuracy                         0.3750         8
2026-09-13 07:42:22 - INFO -      macro avg     0.3667    0.3750    0.3651         8
2026-09-13 07:42:22 - INFO -   weighted avg     0.3667    0.3750    0.3651         8
2026-09-13 07:42:22 - INFO - Confusion matrix - [[tn=2, fp=2], [fn=3, tp=1]]
2026-09-13 07:42:22 - INFO - probability_positive min=0.0011 mean=0.3743 std=0.4642 max=0.9815 predicted_0=5 predicted_1=3
2026-09-13 07:42:22 - INFO - [Classification Report - split=test_at_0.5_CWE-078 - threshold=0.50]
2026-09-13 07:42:22 - INFO -                 precision    recall  f1-score   support
2026-09-13 07:42:22 - INFO - 
2026-09-13 07:42:22 - INFO -       safe (0)     0.7647    0.6500    0.7027        20
2026-09-13 07:42:22 - INFO - vulnerable (1)     0.7200    0.8182    0.7660        22
2026-09-13 07:42:22 - INFO - 
2026-09-13 07:42:22 - INFO -       accuracy                         0.7381        42
2026-09-13 07:42:22 - INFO -      macro avg     0.7424    0.7341    0.7343        42
2026-09-13 07:42:22 - INFO -   weighted avg     0.7413    0.7381    0.7358        42
2026-09-13 07:42:22 - INFO - Confusion matrix - [[tn=13, fp=7], [fn=4, tp=18]]
2026-09-13 07:42:22 - INFO - probability_positive min=0.0009 mean=0.5757 std=0.4772 max=0.9990 predicted_0=17 predicted_1=25
2026-09-13 07:42:22 - INFO - [Classification Report - split=test_at_0.5_CWE-079 - threshold=0.50]
2026-09-13 07:42:22 - INFO -                 precision    recall  f1-score   support
2026-09-13 07:42:22 - INFO - 
2026-09-13 07:42:22 - INFO -       safe (0)     0.5833    0.7778    0.6667         9
2026-09-13 07:42:22 - INFO - vulnerable (1)     0.7143    0.5000    0.5882        10
2026-09-13 07:42:22 - INFO - 
2026-09-13 07:42:22 - INFO -       accuracy                         0.6316        19
2026-09-13 07:42:22 - INFO -      macro avg     0.6488    0.6389    0.6275        19
2026-09-13 07:42:22 - INFO -   weighted avg     0.6523    0.6316    0.6254        19
2026-09-13 07:42:22 - INFO - Confusion matrix - [[tn=7, fp=2], [fn=5, tp=5]]
2026-09-13 07:42:22 - INFO - probability_positive min=0.0009 mean=0.3617 std=0.4632 max=0.9992 predicted_0=12 predicted_1=7
2026-09-13 07:42:22 - INFO - [Classification Report - split=test_at_0.5_CWE-089 - threshold=0.50]
2026-09-13 07:42:22 - INFO -                 precision    recall  f1-score   support
2026-09-13 07:42:22 - INFO - 
2026-09-13 07:42:22 - INFO -       safe (0)     0.9250    0.9024    0.9136        41
2026-09-13 07:42:22 - INFO - vulnerable (1)     0.9070    0.9286    0.9176        42
2026-09-13 07:42:22 - INFO - 
2026-09-13 07:42:22 - INFO -       accuracy                         0.9157        83
2026-09-13 07:42:22 - INFO -      macro avg     0.9160    0.9155    0.9156        83
2026-09-13 07:42:22 - INFO -   weighted avg     0.9159    0.9157    0.9156        83
2026-09-13 07:42:22 - INFO - Confusion matrix - [[tn=37, fp=4], [fn=3, tp=39]]
2026-09-13 07:42:22 - INFO - probability_positive min=0.0009 mean=0.5183 std=0.4951 max=0.9992 predicted_0=40 predicted_1=43
2026-09-13 07:42:22 - INFO - [Classification Report - split=test_at_valcal_CWE-022 - threshold=0.08]
2026-09-13 07:42:22 - INFO -                 precision    recall  f1-score   support
2026-09-13 07:42:22 - INFO - 
2026-09-13 07:42:22 - INFO -       safe (0)     0.4000    0.5000    0.4444         4
2026-09-13 07:42:22 - INFO - vulnerable (1)     0.3333    0.2500    0.2857         4
2026-09-13 07:42:22 - INFO - 
2026-09-13 07:42:22 - INFO -       accuracy                         0.3750         8
2026-09-13 07:42:22 - INFO -      macro avg     0.3667    0.3750    0.3651         8
2026-09-13 07:42:22 - INFO -   weighted avg     0.3667    0.3750    0.3651         8
2026-09-13 07:42:22 - INFO - Confusion matrix - [[tn=2, fp=2], [fn=3, tp=1]]
2026-09-13 07:42:22 - INFO - probability_positive min=0.0011 mean=0.3743 std=0.4642 max=0.9815 predicted_0=5 predicted_1=3
2026-09-13 07:42:22 - INFO - [Classification Report - split=test_at_valcal_CWE-078 - threshold=0.08]
2026-09-13 07:42:22 - INFO -                 precision    recall  f1-score   support
2026-09-13 07:42:22 - INFO - 
2026-09-13 07:42:22 - INFO -       safe (0)     0.7647    0.6500    0.7027        20
2026-09-13 07:42:22 - INFO - vulnerable (1)     0.7200    0.8182    0.7660        22
2026-09-13 07:42:22 - INFO - 
2026-09-13 07:42:22 - INFO -       accuracy                         0.7381        42
2026-09-13 07:42:22 - INFO -      macro avg     0.7424    0.7341    0.7343        42
2026-09-13 07:42:22 - INFO -   weighted avg     0.7413    0.7381    0.7358        42
2026-09-13 07:42:22 - INFO - Confusion matrix - [[tn=13, fp=7], [fn=4, tp=18]]
2026-09-13 07:42:22 - INFO - probability_positive min=0.0009 mean=0.5757 std=0.4772 max=0.9990 predicted_0=17 predicted_1=25
2026-09-13 07:42:22 - INFO - [Classification Report - split=test_at_valcal_CWE-079 - threshold=0.08]
2026-09-13 07:42:22 - INFO -                 precision    recall  f1-score   support
2026-09-13 07:42:22 - INFO - 
2026-09-13 07:42:22 - INFO -       safe (0)     0.5833    0.7778    0.6667         9
2026-09-13 07:42:22 - INFO - vulnerable (1)     0.7143    0.5000    0.5882        10
2026-09-13 07:42:22 - INFO - 
2026-09-13 07:42:22 - INFO -       accuracy                         0.6316        19
2026-09-13 07:42:22 - INFO -      macro avg     0.6488    0.6389    0.6275        19
2026-09-13 07:42:22 - INFO -   weighted avg     0.6523    0.6316    0.6254        19
2026-09-13 07:42:22 - INFO - Confusion matrix - [[tn=7, fp=2], [fn=5, tp=5]]
2026-09-13 07:42:22 - INFO - probability_positive min=0.0009 mean=0.3617 std=0.4632 max=0.9992 predicted_0=12 predicted_1=7
2026-09-13 07:42:22 - INFO - [Classification Report - split=test_at_valcal_CWE-089 - threshold=0.08]
2026-09-13 07:42:22 - INFO -                 precision    recall  f1-score   support
2026-09-13 07:42:22 - INFO - 
2026-09-13 07:42:22 - INFO -       safe (0)     0.9250    0.9024    0.9136        41
2026-09-13 07:42:22 - INFO - vulnerable (1)     0.9070    0.9286    0.9176        42
2026-09-13 07:42:22 - INFO - 
2026-09-13 07:42:22 - INFO -       accuracy                         0.9157        83
2026-09-13 07:42:22 - INFO -      macro avg     0.9160    0.9155    0.9156        83
2026-09-13 07:42:22 - INFO -   weighted avg     0.9159    0.9157    0.9156        83
2026-09-13 07:42:22 - INFO - Confusion matrix - [[tn=37, fp=4], [fn=3, tp=39]]
2026-09-13 07:42:22 - INFO - probability_positive min=0.0009 mean=0.5183 std=0.4951 max=0.9992 predicted_0=40 predicted_1=43
2026-09-13 07:42:22 - INFO - Test result saved: results/fus1_t5p/transfer_latent_bottleneck_com_l0p05_adamw/seed_42/fold2.json
2026-09-13 07:42:22 - INFO - Run finished | Phase: test | Fold: 2 | Seed: 42 | Elapsed: 6.52s
